[0.006s][info][gc] Using Concurrent Mark Sweep
[0.006s][info][gc,heap,coops] Heap address: 0x0000000700000000, size: 4096 MB, Compressed Oops mode: Zero based, Oop shift amount: 3
[0.051s][info][safepoint    ] Entering safepoint region: EnableBiasedLocking
[0.052s][info][safepoint    ] Leaving safepoint region
[0.052s][info][safepoint    ] Total time for which application threads were stopped: 0.0000914 seconds, Stopping threads took: 0.0000366 seconds
[0.056s][info][safepoint    ] Application time: 0.0038817 seconds
[0.056s][info][safepoint    ] Entering safepoint region: RevokeBias
[0.056s][info][safepoint    ] Leaving safepoint region
[0.056s][info][safepoint    ] Total time for which application threads were stopped: 0.0001500 seconds, Stopping threads took: 0.0000672 seconds
[0.135s][info][safepoint    ] Application time: 0.0791675 seconds
[0.135s][info][safepoint    ] Entering safepoint region: Deoptimize
[0.135s][info][safepoint    ] Leaving safepoint region
[0.135s][info][safepoint    ] Total time for which application threads were stopped: 0.0000690 seconds, Stopping threads took: 0.0000088 seconds
[1.135s][info][safepoint    ] Application time: 1.0001109 seconds
[1.135s][info][safepoint    ] Entering safepoint region: Cleanup
[1.135s][info][safepoint    ] Leaving safepoint region
[1.135s][info][safepoint    ] Total time for which application threads were stopped: 0.0001572 seconds, Stopping threads took: 0.0000349 seconds
[1.319s][info][safepoint    ] Application time: 0.1838987 seconds
[1.319s][info][safepoint    ] Entering safepoint region: Deoptimize
[1.319s][info][safepoint    ] Leaving safepoint region
[1.319s][info][safepoint    ] Total time for which application threads were stopped: 0.0001628 seconds, Stopping threads took: 0.0000068 seconds
[1.359s][info][safepoint    ] Application time: 0.0397993 seconds
[1.359s][info][safepoint    ] Entering safepoint region: Deoptimize
[1.359s][info][safepoint    ] Leaving safepoint region
[1.359s][info][safepoint    ] Total time for which application threads were stopped: 0.0001679 seconds, Stopping threads took: 0.0000065 seconds
[1.400s][info][safepoint    ] Application time: 0.0407863 seconds
[1.400s][info][safepoint    ] Entering safepoint region: Deoptimize
[1.400s][info][safepoint    ] Leaving safepoint region
[1.400s][info][safepoint    ] Total time for which application threads were stopped: 0.0001604 seconds, Stopping threads took: 0.0000072 seconds
[2.286s][info][safepoint    ] Application time: 0.8859761 seconds
[2.286s][info][safepoint    ] Entering safepoint region: Deoptimize
[2.287s][info][safepoint    ] Leaving safepoint region
[2.287s][info][safepoint    ] Total time for which application threads were stopped: 0.0001912 seconds, Stopping threads took: 0.0000159 seconds
[2.420s][info][safepoint    ] Application time: 0.1333217 seconds
[2.420s][info][safepoint    ] Entering safepoint region: Deoptimize
[2.420s][info][safepoint    ] Leaving safepoint region
[2.420s][info][safepoint    ] Total time for which application threads were stopped: 0.0002741 seconds, Stopping threads took: 0.0000161 seconds
[2.656s][info][safepoint    ] Application time: 0.2359307 seconds
[2.656s][info][safepoint    ] Entering safepoint region: ICBufferFull
[2.656s][info][safepoint    ] Leaving safepoint region
[2.656s][info][safepoint    ] Total time for which application threads were stopped: 0.0001673 seconds, Stopping threads took: 0.0000540 seconds
[2.758s][info][safepoint    ] Application time: 0.1019915 seconds
[2.758s][info][safepoint    ] Entering safepoint region: Deoptimize
[2.759s][info][safepoint    ] Leaving safepoint region
[2.759s][info][safepoint    ] Total time for which application threads were stopped: 0.0003530 seconds, Stopping threads took: 0.0000071 seconds
[2.765s][info][safepoint    ] Application time: 0.0066889 seconds
[2.766s][info][safepoint    ] Entering safepoint region: Deoptimize
[2.766s][info][safepoint    ] Leaving safepoint region
[2.766s][info][safepoint    ] Total time for which application threads were stopped: 0.0002812 seconds, Stopping threads took: 0.0000066 seconds
[2.873s][info][safepoint    ] Application time: 0.1075941 seconds
[2.873s][info][safepoint    ] Entering safepoint region: Deoptimize
[2.874s][info][safepoint    ] Leaving safepoint region
[2.874s][info][safepoint    ] Total time for which application threads were stopped: 0.0003282 seconds, Stopping threads took: 0.0000067 seconds
[2.997s][info][safepoint    ] Application time: 0.1233364 seconds
[2.997s][info][safepoint    ] Entering safepoint region: ICBufferFull
[2.997s][info][safepoint    ] Leaving safepoint region
[2.997s][info][safepoint    ] Total time for which application threads were stopped: 0.0001959 seconds, Stopping threads took: 0.0000516 seconds
[3.210s][info][safepoint    ] Application time: 0.2127123 seconds
[3.210s][info][safepoint    ] Entering safepoint region: Deoptimize
[3.210s][info][safepoint    ] Leaving safepoint region
[3.210s][info][safepoint    ] Total time for which application threads were stopped: 0.0003842 seconds, Stopping threads took: 0.0000071 seconds
[3.292s][info][safepoint    ] Application time: 0.0812379 seconds
[3.292s][info][safepoint    ] Entering safepoint region: CollectForMetadataAllocation
[3.292s][info][safepoint    ] Leaving safepoint region
[3.292s][info][safepoint    ] Total time for which application threads were stopped: 0.0002030 seconds, Stopping threads took: 0.0000603 seconds
[3.355s][info][safepoint    ] Application time: 0.0635625 seconds
[3.356s][info][safepoint    ] Entering safepoint region: GenCollectForAllocation
[3.356s][info][gc,start     ] GC(0) Pause Young (Allocation Failure)
[3.360s][info][gc,task      ] GC(0) Using 4 workers of 4 for evacuation
[3.413s][debug][gc,ref       ] GC(0) Skipped phase1 of Reference Processing due to unavailable references
[3.413s][debug][gc,ref       ] GC(0) Skipped phase3 of Reference Processing due to unavailable references
[3.414s][debug][gc,age       ] GC(0) Desired survivor size 15400960 bytes, new threshold 1 (max threshold 6)
[3.414s][info ][gc,heap      ] GC(0) ParNew: 240896K->30079K(270976K)
[3.414s][info ][gc,heap      ] GC(0) CMS: 0K->2938K(602112K)
[3.414s][info ][gc,metaspace ] GC(0) Metaspace: 20583K->20583K(1069056K)
[3.414s][info ][gc           ] GC(0) Pause Young (Allocation Failure) 235M->32M(852M) 57.947ms
[3.414s][info ][gc,cpu       ] GC(0) User=0.18s Sys=0.01s Real=0.05s
[3.414s][info ][safepoint    ] Leaving safepoint region
[3.414s][info ][safepoint    ] Total time for which application threads were stopped: 0.0580803 seconds, Stopping threads took: 0.0000068 seconds
[3.414s][info ][safepoint    ] Application time: 0.0001199 seconds
[3.414s][info ][safepoint    ] Entering safepoint region: CMS_Initial_Mark
[3.414s][info ][gc,start     ] GC(1) Pause Initial Mark
[3.421s][info ][gc           ] GC(1) Pause Initial Mark 36M->36M(852M) 7.427ms
[3.421s][info ][gc,cpu       ] GC(1) User=0.03s Sys=0.00s Real=0.01s
[3.421s][info ][safepoint    ] Leaving safepoint region
[3.421s][info ][safepoint    ] Total time for which application threads were stopped: 0.0075337 seconds, Stopping threads took: 0.0000286 seconds
[3.421s][info ][gc           ] GC(1) Concurrent Mark
[3.422s][info ][safepoint    ] Application time: 0.0012161 seconds
[3.423s][info ][safepoint    ] Entering safepoint region: RevokeBias
[3.423s][info ][safepoint    ] Leaving safepoint region
[3.423s][info ][safepoint    ] Total time for which application threads were stopped: 0.0001564 seconds, Stopping threads took: 0.0000989 seconds
[3.423s][info ][safepoint    ] Application time: 0.0000709 seconds
[3.423s][info ][safepoint    ] Entering safepoint region: RevokeBias
[3.423s][info ][safepoint    ] Leaving safepoint region
[3.423s][info ][safepoint    ] Total time for which application threads were stopped: 0.0000607 seconds, Stopping threads took: 0.0000248 seconds
[3.423s][info ][safepoint    ] Application time: 0.0000807 seconds
[3.423s][info ][safepoint    ] Entering safepoint region: RevokeBias
[3.423s][info ][safepoint    ] Leaving safepoint region
[3.423s][info ][safepoint    ] Total time for which application threads were stopped: 0.0000550 seconds, Stopping threads took: 0.0000228 seconds
[3.445s][info ][gc           ] GC(1) Concurrent Mark 23.845ms
[3.445s][info ][gc,cpu       ] GC(1) User=0.07s Sys=0.00s Real=0.03s
[3.445s][info ][gc           ] GC(1) Concurrent Preclean
[3.445s][debug][gc,ref       ] GC(1) Preclean SoftReferences 0.001ms
[3.445s][debug][gc,ref       ] GC(1) Preclean WeakReferences 0.000ms
[3.445s][debug][gc,ref       ] GC(1) Preclean FinalReferences 0.000ms
[3.445s][debug][gc,ref       ] GC(1) Preclean PhantomReferences 0.000ms
[3.447s][info ][gc           ] GC(1) Concurrent Preclean 1.444ms
[3.447s][info ][gc,cpu       ] GC(1) User=0.01s Sys=0.00s Real=0.00s
[3.447s][info ][gc           ] GC(1) Concurrent Abortable Preclean
[3.468s][info ][safepoint    ] Application time: 0.0446606 seconds
[3.468s][info ][safepoint    ] Entering safepoint region: CollectForMetadataAllocation
[3.468s][info ][safepoint    ] Leaving safepoint region
[3.468s][info ][safepoint    ] Total time for which application threads were stopped: 0.0001485 seconds, Stopping threads took: 0.0000891 seconds
[3.483s][info ][safepoint    ] Application time: 0.0154991 seconds
[3.483s][info ][safepoint    ] Entering safepoint region: CollectForMetadataAllocation
[3.483s][info ][safepoint    ] Leaving safepoint region
[3.483s][info ][safepoint    ] Total time for which application threads were stopped: 0.0001363 seconds, Stopping threads took: 0.0000073 seconds
[3.497s][info ][safepoint    ] Application time: 0.0136196 seconds
[3.497s][info ][safepoint    ] Entering safepoint region: CollectForMetadataAllocation
[3.497s][info ][safepoint    ] Leaving safepoint region
[3.497s][info ][safepoint    ] Total time for which application threads were stopped: 0.0001246 seconds, Stopping threads took: 0.0000365 seconds
[3.528s][info ][safepoint    ] Application time: 0.0305600 seconds
[3.528s][info ][safepoint    ] Entering safepoint region: CollectForMetadataAllocation
[3.528s][info ][safepoint    ] Leaving safepoint region
[3.528s][info ][safepoint    ] Total time for which application threads were stopped: 0.0001395 seconds, Stopping threads took: 0.0000075 seconds
[3.547s][info ][safepoint    ] Application time: 0.0192247 seconds
[3.547s][info ][safepoint    ] Entering safepoint region: RevokeBias
[3.547s][info ][safepoint    ] Leaving safepoint region
[3.547s][info ][safepoint    ] Total time for which application threads were stopped: 0.0001057 seconds, Stopping threads took: 0.0000314 seconds
[3.548s][info ][safepoint    ] Application time: 0.0004024 seconds
[3.548s][info ][safepoint    ] Entering safepoint region: RevokeBias
[3.548s][info ][safepoint    ] Leaving safepoint region
[3.548s][info ][safepoint    ] Total time for which application threads were stopped: 0.0000888 seconds, Stopping threads took: 0.0000350 seconds
[3.554s][info ][safepoint    ] Application time: 0.0057697 seconds
[3.554s][info ][safepoint    ] Entering safepoint region: RevokeBias
[3.554s][info ][safepoint    ] Leaving safepoint region
[3.554s][info ][safepoint    ] Total time for which application threads were stopped: 0.0000961 seconds, Stopping threads took: 0.0000206 seconds
[3.555s][info ][safepoint    ] Application time: 0.0014332 seconds
[3.555s][info ][safepoint    ] Entering safepoint region: RevokeBias
[3.555s][info ][safepoint    ] Leaving safepoint region
[3.555s][info ][safepoint    ] Total time for which application threads were stopped: 0.0001908 seconds, Stopping threads took: 0.0001177 seconds
[3.556s][info ][safepoint    ] Application time: 0.0002479 seconds
[3.556s][info ][safepoint    ] Entering safepoint region: RevokeBias
[3.556s][info ][safepoint    ] Leaving safepoint region
[3.556s][info ][safepoint    ] Total time for which application threads were stopped: 0.0001432 seconds, Stopping threads took: 0.0000916 seconds
[3.556s][info ][safepoint    ] Application time: 0.0004864 seconds
[3.556s][info ][safepoint    ] Entering safepoint region: RevokeBias
[3.557s][info ][safepoint    ] Leaving safepoint region
[3.557s][info ][safepoint    ] Total time for which application threads were stopped: 0.0002664 seconds, Stopping threads took: 0.0002056 seconds
[3.557s][info ][safepoint    ] Application time: 0.0002144 seconds
[3.557s][info ][safepoint    ] Entering safepoint region: RevokeBias
[3.557s][info ][safepoint    ] Leaving safepoint region
[3.557s][info ][safepoint    ] Total time for which application threads were stopped: 0.0001605 seconds, Stopping threads took: 0.0001077 seconds
[3.557s][info ][safepoint    ] Application time: 0.0002567 seconds
[3.557s][info ][safepoint    ] Entering safepoint region: RevokeBias
[3.557s][info ][safepoint    ] Leaving safepoint region
[3.557s][info ][safepoint    ] Total time for which application threads were stopped: 0.0001455 seconds, Stopping threads took: 0.0000901 seconds
[3.558s][info ][safepoint    ] Application time: 0.0001562 seconds
[3.558s][info ][safepoint    ] Entering safepoint region: RevokeBias
[3.558s][info ][safepoint    ] Leaving safepoint region
[3.558s][info ][safepoint    ] Total time for which application threads were stopped: 0.0001977 seconds, Stopping threads took: 0.0001072 seconds
[3.561s][info ][safepoint    ] Application time: 0.0033999 seconds
[3.561s][info ][safepoint    ] Entering safepoint region: RevokeBias
[3.561s][info ][safepoint    ] Leaving safepoint region
[3.561s][info ][safepoint    ] Total time for which application threads were stopped: 0.0001644 seconds, Stopping threads took: 0.0000667 seconds
[3.562s][info ][safepoint    ] Application time: 0.0002707 seconds
[3.562s][info ][safepoint    ] Entering safepoint region: RevokeBias
[3.562s][info ][safepoint    ] Leaving safepoint region
[3.562s][info ][safepoint    ] Total time for which application threads were stopped: 0.0001350 seconds, Stopping threads took: 0.0000718 seconds
[3.562s][info ][safepoint    ] Application time: 0.0003797 seconds
[3.562s][info ][safepoint    ] Entering safepoint region: RevokeBias
[3.562s][info ][safepoint    ] Leaving safepoint region
[3.562s][info ][safepoint    ] Total time for which application threads were stopped: 0.0002222 seconds, Stopping threads took: 0.0001082 seconds
[3.563s][info ][safepoint    ] Application time: 0.0001639 seconds
[3.563s][info ][safepoint    ] Entering safepoint region: RevokeBias
[3.563s][info ][safepoint    ] Leaving safepoint region
[3.563s][info ][safepoint    ] Total time for which application threads were stopped: 0.0001686 seconds, Stopping threads took: 0.0001145 seconds
[3.563s][info ][safepoint    ] Application time: 0.0002811 seconds
[3.563s][info ][safepoint    ] Entering safepoint region: RevokeBias
[3.563s][info ][safepoint    ] Leaving safepoint region
[3.563s][info ][safepoint    ] Total time for which application threads were stopped: 0.0001076 seconds, Stopping threads took: 0.0000520 seconds
[3.564s][info ][safepoint    ] Application time: 0.0005222 seconds
[3.564s][info ][safepoint    ] Entering safepoint region: RevokeBias
[3.564s][info ][safepoint    ] Leaving safepoint region
[3.564s][info ][safepoint    ] Total time for which application threads were stopped: 0.0001184 seconds, Stopping threads took: 0.0000315 seconds
[3.564s][info ][safepoint    ] Application time: 0.0002070 seconds
[3.564s][info ][safepoint    ] Entering safepoint region: RevokeBias
[3.564s][info ][safepoint    ] Leaving safepoint region
[3.564s][info ][safepoint    ] Total time for which application threads were stopped: 0.0001942 seconds, Stopping threads took: 0.0001246 seconds
[3.565s][info ][safepoint    ] Application time: 0.0005886 seconds
[3.565s][info ][safepoint    ] Entering safepoint region: RevokeBias
[3.565s][info ][safepoint    ] Leaving safepoint region
[3.565s][info ][safepoint    ] Total time for which application threads were stopped: 0.0001688 seconds, Stopping threads took: 0.0001058 seconds
[3.565s][info ][safepoint    ] Application time: 0.0003194 seconds
[3.565s][info ][safepoint    ] Entering safepoint region: CollectForMetadataAllocation
[3.565s][info ][safepoint    ] Leaving safepoint region
[3.565s][info ][safepoint    ] Total time for which application threads were stopped: 0.0001512 seconds, Stopping threads took: 0.0000382 seconds
[3.566s][info ][safepoint    ] Application time: 0.0005552 seconds
[3.566s][info ][safepoint    ] Entering safepoint region: RevokeBias
[3.566s][info ][safepoint    ] Leaving safepoint region
[3.566s][info ][safepoint    ] Total time for which application threads were stopped: 0.0001108 seconds, Stopping threads took: 0.0000569 seconds
[3.566s][info ][safepoint    ] Application time: 0.0000621 seconds
[3.566s][info ][safepoint    ] Entering safepoint region: RevokeBias
[3.566s][info ][safepoint    ] Leaving safepoint region
[3.566s][info ][safepoint    ] Total time for which application threads were stopped: 0.0001203 seconds, Stopping threads took: 0.0000695 seconds
[3.568s][info ][safepoint    ] Application time: 0.0013285 seconds
[3.568s][info ][safepoint    ] Entering safepoint region: RevokeBias
[3.568s][info ][safepoint    ] Leaving safepoint region
[3.568s][info ][safepoint    ] Total time for which application threads were stopped: 0.0001737 seconds, Stopping threads took: 0.0001200 seconds
[3.568s][info ][safepoint    ] Application time: 0.0000839 seconds
[3.568s][info ][safepoint    ] Entering safepoint region: RevokeBias
[3.568s][info ][safepoint    ] Leaving safepoint region
[3.568s][info ][safepoint    ] Total time for which application threads were stopped: 0.0001068 seconds, Stopping threads took: 0.0000628 seconds
[3.569s][info ][safepoint    ] Application time: 0.0005384 seconds
[3.569s][info ][safepoint    ] Entering safepoint region: RevokeBias
[3.569s][info ][safepoint    ] Leaving safepoint region
[3.569s][info ][safepoint    ] Total time for which application threads were stopped: 0.0001082 seconds, Stopping threads took: 0.0000504 seconds
[3.569s][info ][safepoint    ] Application time: 0.0002542 seconds
[3.569s][info ][safepoint    ] Entering safepoint region: RevokeBias
[3.569s][info ][safepoint    ] Leaving safepoint region
[3.569s][info ][safepoint    ] Total time for which application threads were stopped: 0.0001320 seconds, Stopping threads took: 0.0000607 seconds
[3.571s][info ][safepoint    ] Application time: 0.0014337 seconds
[3.571s][info ][safepoint    ] Entering safepoint region: BulkRevokeBias
[3.571s][info ][safepoint    ] Leaving safepoint region
[3.571s][info ][safepoint    ] Total time for which application threads were stopped: 0.0002100 seconds, Stopping threads took: 0.0000387 seconds
[3.573s][info ][safepoint    ] Application time: 0.0023749 seconds
[3.573s][info ][safepoint    ] Entering safepoint region: RevokeBias
[3.573s][info ][safepoint    ] Leaving safepoint region
[3.573s][info ][safepoint    ] Total time for which application threads were stopped: 0.0001596 seconds, Stopping threads took: 0.0000955 seconds
[3.574s][info ][safepoint    ] Application time: 0.0010263 seconds
[3.574s][info ][safepoint    ] Entering safepoint region: CollectForMetadataAllocation
[3.574s][info ][safepoint    ] Leaving safepoint region
[3.574s][info ][safepoint    ] Total time for which application threads were stopped: 0.0001246 seconds, Stopping threads took: 0.0000559 seconds
[3.575s][info ][safepoint    ] Application time: 0.0002070 seconds
[3.575s][info ][safepoint    ] Entering safepoint region: RevokeBias
[3.575s][info ][safepoint    ] Leaving safepoint region
[3.575s][info ][safepoint    ] Total time for which application threads were stopped: 0.0002263 seconds, Stopping threads took: 0.0001878 seconds
[3.575s][info ][safepoint    ] Application time: 0.0005106 seconds
[3.576s][info ][safepoint    ] Entering safepoint region: RevokeBias
[3.576s][info ][safepoint    ] Leaving safepoint region
[3.576s][info ][safepoint    ] Total time for which application threads were stopped: 0.0001671 seconds, Stopping threads took: 0.0001139 seconds
[3.577s][info ][safepoint    ] Application time: 0.0012304 seconds
[3.577s][info ][safepoint    ] Entering safepoint region: RevokeBias
[3.577s][info ][safepoint    ] Leaving safepoint region
[3.577s][info ][safepoint    ] Total time for which application threads were stopped: 0.0002347 seconds, Stopping threads took: 0.0001952 seconds
[3.577s][info ][safepoint    ] Application time: 0.0002508 seconds
[3.577s][info ][safepoint    ] Entering safepoint region: RevokeBias
[3.577s][info ][safepoint    ] Leaving safepoint region
[3.577s][info ][safepoint    ] Total time for which application threads were stopped: 0.0000746 seconds, Stopping threads took: 0.0000345 seconds
[3.578s][info ][safepoint    ] Application time: 0.0004110 seconds
[3.578s][info ][safepoint    ] Entering safepoint region: RevokeBias
[3.578s][info ][safepoint    ] Leaving safepoint region
[3.578s][info ][safepoint    ] Total time for which application threads were stopped: 0.0001084 seconds, Stopping threads took: 0.0000643 seconds
[3.581s][info ][safepoint    ] Application time: 0.0032707 seconds
[3.581s][info ][safepoint    ] Entering safepoint region: RevokeBias
[3.581s][info ][safepoint    ] Leaving safepoint region
[3.581s][info ][safepoint    ] Total time for which application threads were stopped: 0.0000660 seconds, Stopping threads took: 0.0000066 seconds
[3.582s][info ][safepoint    ] Application time: 0.0011440 seconds
[3.583s][info ][safepoint    ] Entering safepoint region: RevokeBias
[3.583s][info ][safepoint    ] Leaving safepoint region
[3.583s][info ][safepoint    ] Total time for which application threads were stopped: 0.0000986 seconds, Stopping threads took: 0.0000355 seconds
[3.590s][info ][safepoint    ] Application time: 0.0074622 seconds
[3.590s][info ][safepoint    ] Entering safepoint region: CollectForMetadataAllocation
[3.590s][info ][safepoint    ] Leaving safepoint region
[3.590s][info ][safepoint    ] Total time for which application threads were stopped: 0.0001119 seconds, Stopping threads took: 0.0000065 seconds
[3.602s][info ][safepoint    ] Application time: 0.0114218 seconds
[3.602s][info ][safepoint    ] Entering safepoint region: RevokeBias
[3.602s][info ][safepoint    ] Leaving safepoint region
[3.602s][info ][safepoint    ] Total time for which application threads were stopped: 0.0001630 seconds, Stopping threads took: 0.0001036 seconds
[3.604s][info ][safepoint    ] Application time: 0.0020171 seconds
[3.604s][info ][safepoint    ] Entering safepoint region: CollectForMetadataAllocation
[3.604s][info ][safepoint    ] Leaving safepoint region
[3.604s][info ][safepoint    ] Total time for which application threads were stopped: 0.0001415 seconds, Stopping threads took: 0.0000733 seconds
[3.605s][info ][safepoint    ] Application time: 0.0009315 seconds
[3.605s][info ][safepoint    ] Entering safepoint region: RevokeBias
[3.605s][info ][safepoint    ] Leaving safepoint region
[3.605s][info ][safepoint    ] Total time for which application threads were stopped: 0.0000849 seconds, Stopping threads took: 0.0000375 seconds
[3.607s][info ][safepoint    ] Application time: 0.0022948 seconds
[3.607s][info ][safepoint    ] Entering safepoint region: RevokeBias
[3.607s][info ][safepoint    ] Leaving safepoint region
[3.607s][info ][safepoint    ] Total time for which application threads were stopped: 0.0000633 seconds, Stopping threads took: 0.0000062 seconds
[3.609s][info ][safepoint    ] Application time: 0.0019669 seconds
[3.609s][info ][safepoint    ] Entering safepoint region: RevokeBias
[3.610s][info ][safepoint    ] Leaving safepoint region
[3.610s][info ][safepoint    ] Total time for which application threads were stopped: 0.0001361 seconds, Stopping threads took: 0.0000660 seconds
[3.611s][info ][safepoint    ] Application time: 0.0011065 seconds
[3.611s][info ][safepoint    ] Entering safepoint region: RevokeBias
[3.611s][info ][safepoint    ] Leaving safepoint region
[3.611s][info ][safepoint    ] Total time for which application threads were stopped: 0.0001261 seconds, Stopping threads took: 0.0000722 seconds
[3.612s][info ][safepoint    ] Application time: 0.0008391 seconds
[3.612s][info ][safepoint    ] Entering safepoint region: RevokeBias
[3.612s][info ][safepoint    ] Leaving safepoint region
[3.612s][info ][safepoint    ] Total time for which application threads were stopped: 0.0000986 seconds, Stopping threads took: 0.0000441 seconds
[3.614s][info ][safepoint    ] Application time: 0.0018112 seconds
[3.614s][info ][safepoint    ] Entering safepoint region: CollectForMetadataAllocation
[3.614s][info ][safepoint    ] Leaving safepoint region
[3.614s][info ][safepoint    ] Total time for which application threads were stopped: 0.0001401 seconds, Stopping threads took: 0.0000960 seconds
[3.616s][info ][safepoint    ] Application time: 0.0024461 seconds
[3.616s][info ][safepoint    ] Entering safepoint region: RevokeBias
[3.616s][info ][safepoint    ] Leaving safepoint region
[3.616s][info ][safepoint    ] Total time for which application threads were stopped: 0.0002462 seconds, Stopping threads took: 0.0001709 seconds
[3.621s][info ][safepoint    ] Application time: 0.0049664 seconds
[3.621s][info ][safepoint    ] Entering safepoint region: RevokeBias
[3.622s][info ][safepoint    ] Leaving safepoint region
[3.622s][info ][safepoint    ] Total time for which application threads were stopped: 0.0001088 seconds, Stopping threads took: 0.0000426 seconds
[3.622s][info ][safepoint    ] Application time: 0.0008716 seconds
[3.622s][info ][safepoint    ] Entering safepoint region: RevokeBias
[3.623s][info ][safepoint    ] Leaving safepoint region
[3.623s][info ][safepoint    ] Total time for which application threads were stopped: 0.0001693 seconds, Stopping threads took: 0.0001058 seconds
[3.624s][info ][safepoint    ] Application time: 0.0014711 seconds
[3.624s][info ][safepoint    ] Entering safepoint region: CollectForMetadataAllocation
[3.624s][info ][safepoint    ] Leaving safepoint region
[3.624s][info ][safepoint    ] Total time for which application threads were stopped: 0.0000968 seconds, Stopping threads took: 0.0000455 seconds
[3.625s][info ][safepoint    ] Application time: 0.0008031 seconds
[3.625s][info ][safepoint    ] Entering safepoint region: RevokeBias
[3.625s][info ][safepoint    ] Leaving safepoint region
[3.625s][info ][safepoint    ] Total time for which application threads were stopped: 0.0002874 seconds, Stopping threads took: 0.0002371 seconds
[3.627s][info ][safepoint    ] Application time: 0.0019483 seconds
[3.627s][info ][safepoint    ] Entering safepoint region: RevokeBias
[3.627s][info ][safepoint    ] Leaving safepoint region
[3.627s][info ][safepoint    ] Total time for which application threads were stopped: 0.0002522 seconds, Stopping threads took: 0.0001644 seconds
[3.628s][info ][safepoint    ] Application time: 0.0005451 seconds
[3.628s][info ][safepoint    ] Entering safepoint region: BulkRevokeBias
[3.628s][info ][safepoint    ] Leaving safepoint region
[3.628s][info ][safepoint    ] Total time for which application threads were stopped: 0.0001888 seconds, Stopping threads took: 0.0000055 seconds
[3.632s][info ][safepoint    ] Application time: 0.0041871 seconds
[3.632s][info ][safepoint    ] Entering safepoint region: CollectForMetadataAllocation
[3.633s][info ][safepoint    ] Leaving safepoint region
[3.633s][info ][safepoint    ] Total time for which application threads were stopped: 0.0000980 seconds, Stopping threads took: 0.0000238 seconds
[3.644s][info ][safepoint    ] Application time: 0.0111439 seconds
[3.644s][info ][safepoint    ] Entering safepoint region: CollectForMetadataAllocation
[3.644s][info ][safepoint    ] Leaving safepoint region
[3.644s][info ][safepoint    ] Total time for which application threads were stopped: 0.0001097 seconds, Stopping threads took: 0.0000460 seconds
[3.653s][info ][safepoint    ] Application time: 0.0088815 seconds
[3.653s][info ][safepoint    ] Entering safepoint region: CollectForMetadataAllocation
[3.653s][info ][safepoint    ] Leaving safepoint region
[3.653s][info ][safepoint    ] Total time for which application threads were stopped: 0.0001398 seconds, Stopping threads took: 0.0000463 seconds
[3.665s][info ][safepoint    ] Application time: 0.0122545 seconds
[3.665s][info ][safepoint    ] Entering safepoint region: CollectForMetadataAllocation
[3.665s][info ][safepoint    ] Leaving safepoint region
[3.665s][info ][safepoint    ] Total time for which application threads were stopped: 0.0001194 seconds, Stopping threads took: 0.0000380 seconds
[3.674s][info ][safepoint    ] Application time: 0.0090878 seconds
[3.674s][info ][safepoint    ] Entering safepoint region: RevokeBias
[3.675s][info ][safepoint    ] Leaving safepoint region
[3.675s][info ][safepoint    ] Total time for which application threads were stopped: 0.0001614 seconds, Stopping threads took: 0.0000303 seconds
[3.677s][info ][safepoint    ] Application time: 0.0024462 seconds
[3.677s][info ][safepoint    ] Entering safepoint region: Deoptimize
[3.677s][info ][safepoint    ] Leaving safepoint region
[3.677s][info ][safepoint    ] Total time for which application threads were stopped: 0.0004448 seconds, Stopping threads took: 0.0000660 seconds
[3.695s][info ][safepoint    ] Application time: 0.0170781 seconds
[3.695s][info ][safepoint    ] Entering safepoint region: CollectForMetadataAllocation
[3.695s][info ][safepoint    ] Leaving safepoint region
[3.695s][info ][safepoint    ] Total time for which application threads were stopped: 0.0001509 seconds, Stopping threads took: 0.0000519 seconds
[3.714s][info ][safepoint    ] Application time: 0.0193390 seconds
[3.714s][info ][safepoint    ] Entering safepoint region: RevokeBias
[3.714s][info ][safepoint    ] Leaving safepoint region
[3.714s][info ][safepoint    ] Total time for which application threads were stopped: 0.0002219 seconds, Stopping threads took: 0.0000809 seconds
[3.716s][info ][safepoint    ] Application time: 0.0017146 seconds
[3.716s][info ][safepoint    ] Entering safepoint region: RevokeBias
[3.716s][info ][safepoint    ] Leaving safepoint region
[3.716s][info ][safepoint    ] Total time for which application threads were stopped: 0.0001569 seconds, Stopping threads took: 0.0000389 seconds
[3.718s][info ][safepoint    ] Application time: 0.0017382 seconds
[3.718s][info ][safepoint    ] Entering safepoint region: Deoptimize
[3.718s][info ][safepoint    ] Leaving safepoint region
[3.718s][info ][safepoint    ] Total time for which application threads were stopped: 0.0004027 seconds, Stopping threads took: 0.0000202 seconds
[3.723s][info ][safepoint    ] Application time: 0.0043202 seconds
[3.723s][info ][safepoint    ] Entering safepoint region: RevokeBias
[3.723s][info ][safepoint    ] Leaving safepoint region
[3.723s][info ][safepoint    ] Total time for which application threads were stopped: 0.0001667 seconds, Stopping threads took: 0.0000691 seconds
[3.723s][info ][safepoint    ] Application time: 0.0001826 seconds
[3.723s][info ][safepoint    ] Entering safepoint region: RevokeBias
[3.723s][info ][safepoint    ] Leaving safepoint region
[3.723s][info ][safepoint    ] Total time for which application threads were stopped: 0.0001173 seconds, Stopping threads took: 0.0000430 seconds
[3.724s][info ][safepoint    ] Application time: 0.0007268 seconds
[3.725s][info ][safepoint    ] Entering safepoint region: RevokeBias
[3.725s][info ][safepoint    ] Leaving safepoint region
[3.725s][info ][safepoint    ] Total time for which application threads were stopped: 0.0008446 seconds, Stopping threads took: 0.0007599 seconds
[3.725s][info ][safepoint    ] Application time: 0.0000945 seconds
[3.725s][info ][safepoint    ] Entering safepoint region: RevokeBias
[3.725s][info ][safepoint    ] Leaving safepoint region
[3.725s][info ][safepoint    ] Total time for which application threads were stopped: 0.0001316 seconds, Stopping threads took: 0.0000897 seconds
[3.725s][info ][safepoint    ] Application time: 0.0002413 seconds
[3.725s][info ][safepoint    ] Entering safepoint region: RevokeBias
[3.725s][info ][safepoint    ] Leaving safepoint region
[3.725s][info ][safepoint    ] Total time for which application threads were stopped: 0.0001109 seconds, Stopping threads took: 0.0000588 seconds
[3.726s][info ][safepoint    ] Application time: 0.0001844 seconds
[3.726s][info ][safepoint    ] Entering safepoint region: RevokeBias
[3.726s][info ][safepoint    ] Leaving safepoint region
[3.726s][info ][safepoint    ] Total time for which application threads were stopped: 0.0002567 seconds, Stopping threads took: 0.0000791 seconds
[3.727s][info ][safepoint    ] Application time: 0.0008301 seconds
[3.727s][info ][safepoint    ] Entering safepoint region: RevokeBias
[3.727s][info ][safepoint    ] Leaving safepoint region
[3.727s][info ][safepoint    ] Total time for which application threads were stopped: 0.0003591 seconds, Stopping threads took: 0.0001526 seconds
[3.727s][info ][safepoint    ] Application time: 0.0002724 seconds
[3.727s][info ][safepoint    ] Entering safepoint region: RevokeBias
[3.728s][info ][safepoint    ] Leaving safepoint region
[3.728s][info ][safepoint    ] Total time for which application threads were stopped: 0.0002383 seconds, Stopping threads took: 0.0001074 seconds
[3.728s][info ][safepoint    ] Application time: 0.0002553 seconds
[3.728s][info ][safepoint    ] Entering safepoint region: RevokeBias
[3.728s][info ][safepoint    ] Leaving safepoint region
[3.728s][info ][safepoint    ] Total time for which application threads were stopped: 0.0000743 seconds, Stopping threads took: 0.0000052 seconds
[3.728s][info ][safepoint    ] Application time: 0.0001513 seconds
[3.728s][info ][safepoint    ] Entering safepoint region: RevokeBias
[3.728s][info ][safepoint    ] Leaving safepoint region
[3.728s][info ][safepoint    ] Total time for which application threads were stopped: 0.0001833 seconds, Stopping threads took: 0.0001259 seconds
[3.728s][info ][safepoint    ] Application time: 0.0000881 seconds
[3.728s][info ][safepoint    ] Entering safepoint region: RevokeBias
[3.728s][info ][safepoint    ] Leaving safepoint region
[3.728s][info ][safepoint    ] Total time for which application threads were stopped: 0.0001122 seconds, Stopping threads took: 0.0000681 seconds
[3.729s][info ][safepoint    ] Application time: 0.0001187 seconds
[3.729s][info ][safepoint    ] Entering safepoint region: RevokeBias
[3.729s][info ][safepoint    ] Leaving safepoint region
[3.729s][info ][safepoint    ] Total time for which application threads were stopped: 0.0002138 seconds, Stopping threads took: 0.0001277 seconds
[3.729s][info ][safepoint    ] Application time: 0.0000622 seconds
[3.729s][info ][safepoint    ] Entering safepoint region: RevokeBias
[3.729s][info ][safepoint    ] Leaving safepoint region
[3.729s][info ][safepoint    ] Total time for which application threads were stopped: 0.0000727 seconds, Stopping threads took: 0.0000136 seconds
[3.729s][info ][safepoint    ] Application time: 0.0002637 seconds
[3.729s][info ][safepoint    ] Entering safepoint region: RevokeBias
[3.729s][info ][safepoint    ] Leaving safepoint region
[3.729s][info ][safepoint    ] Total time for which application threads were stopped: 0.0002100 seconds, Stopping threads took: 0.0000557 seconds
[3.730s][info ][safepoint    ] Application time: 0.0001137 seconds
[3.730s][info ][safepoint    ] Entering safepoint region: RevokeBias
[3.730s][info ][safepoint    ] Leaving safepoint region
[3.730s][info ][safepoint    ] Total time for which application threads were stopped: 0.0001681 seconds, Stopping threads took: 0.0000302 seconds
[3.730s][info ][safepoint    ] Application time: 0.0000649 seconds
[3.730s][info ][safepoint    ] Entering safepoint region: RevokeBias
[3.730s][info ][safepoint    ] Leaving safepoint region
[3.730s][info ][safepoint    ] Total time for which application threads were stopped: 0.0001691 seconds, Stopping threads took: 0.0000445 seconds
[3.730s][info ][safepoint    ] Application time: 0.0000912 seconds
[3.730s][info ][safepoint    ] Entering safepoint region: RevokeBias
[3.730s][info ][safepoint    ] Leaving safepoint region
[3.730s][info ][safepoint    ] Total time for which application threads were stopped: 0.0001446 seconds, Stopping threads took: 0.0000416 seconds
[3.730s][info ][safepoint    ] Application time: 0.0000870 seconds
[3.730s][info ][safepoint    ] Entering safepoint region: RevokeBias
[3.730s][info ][safepoint    ] Leaving safepoint region
[3.730s][info ][safepoint    ] Total time for which application threads were stopped: 0.0001570 seconds, Stopping threads took: 0.0000583 seconds
[3.731s][info ][safepoint    ] Application time: 0.0000460 seconds
[3.731s][info ][safepoint    ] Entering safepoint region: BulkRevokeBias
[3.731s][info ][safepoint    ] Leaving safepoint region
[3.731s][info ][safepoint    ] Total time for which application threads were stopped: 0.0003640 seconds, Stopping threads took: 0.0000134 seconds
[3.743s][info ][safepoint    ] Application time: 0.0124799 seconds
[3.744s][info ][safepoint    ] Entering safepoint region: RevokeBias
[3.744s][info ][safepoint    ] Leaving safepoint region
[3.744s][info ][safepoint    ] Total time for which application threads were stopped: 0.0003949 seconds, Stopping threads took: 0.0001167 seconds
[3.744s][info ][safepoint    ] Application time: 0.0001843 seconds
[3.744s][info ][safepoint    ] Entering safepoint region: CollectForMetadataAllocation
[3.744s][info ][safepoint    ] Leaving safepoint region
[3.744s][info ][safepoint    ] Total time for which application threads were stopped: 0.0001740 seconds, Stopping threads took: 0.0001235 seconds
[3.745s][info ][safepoint    ] Application time: 0.0009321 seconds
[3.745s][info ][safepoint    ] Entering safepoint region: RevokeBias
[3.745s][info ][safepoint    ] Leaving safepoint region
[3.745s][info ][safepoint    ] Total time for which application threads were stopped: 0.0001826 seconds, Stopping threads took: 0.0000597 seconds
[3.745s][info ][safepoint    ] Application time: 0.0000789 seconds
[3.745s][info ][safepoint    ] Entering safepoint region: RevokeBias
[3.745s][info ][safepoint    ] Leaving safepoint region
[3.745s][info ][safepoint    ] Total time for which application threads were stopped: 0.0001052 seconds, Stopping threads took: 0.0000354 seconds
[3.751s][info ][safepoint    ] Application time: 0.0056644 seconds
[3.751s][info ][safepoint    ] Entering safepoint region: RevokeBias
[3.752s][info ][safepoint    ] Leaving safepoint region
[3.752s][info ][safepoint    ] Total time for which application threads were stopped: 0.0006688 seconds, Stopping threads took: 0.0001669 seconds
[3.752s][info ][safepoint    ] Application time: 0.0002410 seconds
[3.752s][info ][safepoint    ] Entering safepoint region: RevokeBias
[3.752s][info ][safepoint    ] Leaving safepoint region
[3.752s][info ][safepoint    ] Total time for which application threads were stopped: 0.0001889 seconds, Stopping threads took: 0.0000791 seconds
[3.758s][info ][safepoint    ] Application time: 0.0060556 seconds
[3.759s][info ][safepoint    ] Entering safepoint region: RevokeBias
[3.759s][info ][safepoint    ] Leaving safepoint region
[3.759s][info ][safepoint    ] Total time for which application threads were stopped: 0.0002847 seconds, Stopping threads took: 0.0001486 seconds
[3.760s][info ][safepoint    ] Application time: 0.0008452 seconds
[3.760s][info ][safepoint    ] Entering safepoint region: RevokeBias
[3.760s][info ][safepoint    ] Leaving safepoint region
[3.760s][info ][safepoint    ] Total time for which application threads were stopped: 0.0002705 seconds, Stopping threads took: 0.0001304 seconds
[3.761s][info ][safepoint    ] Application time: 0.0008619 seconds
[3.764s][info ][safepoint    ] Entering safepoint region: RevokeBias
[3.764s][info ][safepoint    ] Leaving safepoint region
[3.764s][info ][safepoint    ] Total time for which application threads were stopped: 0.0031660 seconds, Stopping threads took: 0.0029231 seconds
[3.766s][info ][safepoint    ] Application time: 0.0021894 seconds
[3.766s][info ][safepoint    ] Entering safepoint region: RevokeBias
[3.766s][info ][safepoint    ] Leaving safepoint region
[3.766s][info ][safepoint    ] Total time for which application threads were stopped: 0.0003516 seconds, Stopping threads took: 0.0001710 seconds
[3.768s][info ][safepoint    ] Application time: 0.0010959 seconds
[3.768s][info ][safepoint    ] Entering safepoint region: RevokeBias
[3.768s][info ][safepoint    ] Leaving safepoint region
[3.768s][info ][safepoint    ] Total time for which application threads were stopped: 0.0003420 seconds, Stopping threads took: 0.0001686 seconds
[3.771s][info ][safepoint    ] Application time: 0.0028341 seconds
[3.771s][info ][safepoint    ] Entering safepoint region: RevokeBias
[3.771s][info ][safepoint    ] Leaving safepoint region
[3.771s][info ][safepoint    ] Total time for which application threads were stopped: 0.0003038 seconds, Stopping threads took: 0.0001975 seconds
[3.778s][info ][safepoint    ] Application time: 0.0065576 seconds
[3.780s][info ][safepoint    ] Entering safepoint region: RevokeBias
[3.781s][info ][safepoint    ] Leaving safepoint region
[3.781s][info ][safepoint    ] Total time for which application threads were stopped: 0.0028987 seconds, Stopping threads took: 0.0027507 seconds
[3.783s][info ][safepoint    ] Application time: 0.0027273 seconds
[3.783s][info ][safepoint    ] Entering safepoint region: RevokeBias
[3.784s][info ][safepoint    ] Leaving safepoint region
[3.784s][info ][safepoint    ] Total time for which application threads were stopped: 0.0003397 seconds, Stopping threads took: 0.0001052 seconds
[3.791s][info ][safepoint    ] Application time: 0.0071760 seconds
[3.795s][info ][safepoint    ] Entering safepoint region: RevokeBias
[3.795s][info ][safepoint    ] Leaving safepoint region
[3.795s][info ][safepoint    ] Total time for which application threads were stopped: 0.0039178 seconds, Stopping threads took: 0.0037022 seconds
[3.798s][info ][safepoint    ] Application time: 0.0030905 seconds
[3.798s][info ][safepoint    ] Entering safepoint region: RevokeBias
[3.799s][info ][safepoint    ] Leaving safepoint region
[3.799s][info ][safepoint    ] Total time for which application threads were stopped: 0.0006636 seconds, Stopping threads took: 0.0004272 seconds
[3.800s][info ][safepoint    ] Application time: 0.0018230 seconds
[3.801s][info ][safepoint    ] Entering safepoint region: RevokeBias
[3.801s][info ][safepoint    ] Leaving safepoint region
[3.801s][info ][safepoint    ] Total time for which application threads were stopped: 0.0004627 seconds, Stopping threads took: 0.0002312 seconds
[3.812s][info ][safepoint    ] Application time: 0.0112379 seconds
[3.812s][info ][safepoint    ] Entering safepoint region: RevokeBias
[3.812s][info ][safepoint    ] Leaving safepoint region
[3.813s][info ][safepoint    ] Total time for which application threads were stopped: 0.0004224 seconds, Stopping threads took: 0.0001600 seconds
[3.816s][info ][safepoint    ] Application time: 0.0030798 seconds
[3.816s][info ][safepoint    ] Entering safepoint region: RevokeBias
[3.816s][info ][safepoint    ] Leaving safepoint region
[3.816s][info ][safepoint    ] Total time for which application threads were stopped: 0.0003751 seconds, Stopping threads took: 0.0001567 seconds
[3.816s][info ][safepoint    ] Application time: 0.0002776 seconds
[3.817s][info ][safepoint    ] Entering safepoint region: RevokeBias
[3.817s][info ][safepoint    ] Leaving safepoint region
[3.817s][info ][safepoint    ] Total time for which application threads were stopped: 0.0011147 seconds, Stopping threads took: 0.0002206 seconds
[3.819s][info ][safepoint    ] Application time: 0.0013209 seconds
[3.819s][info ][safepoint    ] Entering safepoint region: RevokeBias
[3.819s][info ][safepoint    ] Leaving safepoint region
[3.819s][info ][safepoint    ] Total time for which application threads were stopped: 0.0003507 seconds, Stopping threads took: 0.0001260 seconds
[3.839s][info ][safepoint    ] Application time: 0.0202608 seconds
[3.841s][info ][safepoint    ] Entering safepoint region: RevokeBias
[3.841s][info ][safepoint    ] Leaving safepoint region
[3.841s][info ][safepoint    ] Total time for which application threads were stopped: 0.0014302 seconds, Stopping threads took: 0.0012017 seconds
[3.849s][info ][safepoint    ] Application time: 0.0083702 seconds
[3.849s][info ][safepoint    ] Entering safepoint region: RevokeBias
[3.850s][info ][safepoint    ] Leaving safepoint region
[3.850s][info ][safepoint    ] Total time for which application threads were stopped: 0.0004211 seconds, Stopping threads took: 0.0001985 seconds
[3.856s][info ][safepoint    ] Application time: 0.0067412 seconds
[3.857s][info ][safepoint    ] Entering safepoint region: RevokeBias
[3.857s][info ][safepoint    ] Leaving safepoint region
[3.857s][info ][safepoint    ] Total time for which application threads were stopped: 0.0006241 seconds, Stopping threads took: 0.0003984 seconds
[3.860s][info ][safepoint    ] Application time: 0.0027170 seconds
[3.860s][info ][safepoint    ] Entering safepoint region: RevokeBias
[3.860s][info ][safepoint    ] Leaving safepoint region
[3.860s][info ][safepoint    ] Total time for which application threads were stopped: 0.0004288 seconds, Stopping threads took: 0.0002113 seconds
[3.906s][info ][safepoint    ] Application time: 0.0457659 seconds
[3.906s][info ][safepoint    ] Entering safepoint region: RevokeBias
[3.907s][info ][safepoint    ] Leaving safepoint region
[3.907s][info ][safepoint    ] Total time for which application threads were stopped: 0.0005184 seconds, Stopping threads took: 0.0002551 seconds
[3.910s][info ][safepoint    ] Application time: 0.0031466 seconds
[3.912s][info ][safepoint    ] Entering safepoint region: RevokeBias
[3.912s][info ][safepoint    ] Leaving safepoint region
[3.912s][info ][safepoint    ] Total time for which application threads were stopped: 0.0021705 seconds, Stopping threads took: 0.0019530 seconds
[3.912s][info ][safepoint    ] Application time: 0.0003794 seconds
[3.912s][info ][safepoint    ] Entering safepoint region: RevokeBias
[3.913s][info ][safepoint    ] Leaving safepoint region
[3.913s][info ][safepoint    ] Total time for which application threads were stopped: 0.0003083 seconds, Stopping threads took: 0.0001292 seconds
[3.916s][info ][safepoint    ] Application time: 0.0034980 seconds
[3.916s][info ][safepoint    ] Entering safepoint region: RevokeBias
[3.916s][info ][safepoint    ] Leaving safepoint region
[3.916s][info ][safepoint    ] Total time for which application threads were stopped: 0.0003361 seconds, Stopping threads took: 0.0001440 seconds
[3.918s][info ][safepoint    ] Application time: 0.0012808 seconds
[3.918s][info ][safepoint    ] Entering safepoint region: RevokeBias
[3.918s][info ][safepoint    ] Leaving safepoint region
[3.918s][info ][safepoint    ] Total time for which application threads were stopped: 0.0003084 seconds, Stopping threads took: 0.0001187 seconds
[3.918s][info ][gc           ] GC(1) Concurrent Abortable Preclean 471.405ms
[3.918s][info ][gc,cpu       ] GC(1) User=2.30s Sys=0.12s Real=0.47s
[3.918s][info ][safepoint    ] Application time: 0.0001870 seconds
[3.918s][info ][safepoint    ] Entering safepoint region: CMS_Final_Remark
[3.919s][info ][gc,start     ] GC(1) Pause Remark
[3.948s][debug][gc,phases    ] GC(1) Rescan (parallel) 29.010ms
[3.948s][debug][gc,ref       ] GC(1) Skipped phase1 of Reference Processing due to unavailable references
[3.948s][debug][gc,ref       ] GC(1) Skipped phase2 of Reference Processing due to unavailable references
[3.948s][debug][gc,ref       ] GC(1) Skipped phase3 of Reference Processing due to unavailable references
[3.948s][debug][gc,ref       ] GC(1) Skipped phase4 of Reference Processing due to unavailable references
[3.948s][debug][gc,phases    ] GC(1) Reference Processing 0.029ms
[3.948s][debug][gc,phases    ] GC(1) Weak Processing 0.029ms
[3.948s][debug][gc,phases    ] GC(1) ClassLoaderData 0.355ms
[3.948s][debug][gc,phases    ] GC(1) ProtectionDomainCacheTable 0.004ms
[3.948s][debug][gc,phases    ] GC(1) ResolvedMethodTable 0.045ms
[3.950s][debug][gc,phases    ] GC(1) Class Unloading 1.871ms
[3.952s][debug][gc,phases    ] GC(1) Scrub Symbol Table 2.032ms
[3.952s][debug][gc,phases    ] GC(1) Scrub String Table 0.225ms
[3.953s][info ][gc           ] GC(1) Pause Remark 151M->151M(852M) 34.300ms
[3.953s][info ][gc,cpu       ] GC(1) User=0.12s Sys=0.00s Real=0.03s
[3.953s][info ][safepoint    ] Leaving safepoint region
[3.953s][info ][safepoint    ] Total time for which application threads were stopped: 0.0346083 seconds, Stopping threads took: 0.0001517 seconds
[3.953s][info ][gc           ] GC(1) Concurrent Sweep
[3.954s][info ][safepoint    ] Application time: 0.0011680 seconds
[3.954s][info ][safepoint    ] Entering safepoint region: RevokeBias
[3.954s][info ][safepoint    ] Leaving safepoint region
[3.954s][info ][safepoint    ] Total time for which application threads were stopped: 0.0003930 seconds, Stopping threads took: 0.0001883 seconds
[3.955s][info ][gc           ] GC(1) Concurrent Sweep 2.207ms
[3.955s][info ][gc,cpu       ] GC(1) User=0.01s Sys=0.00s Real=0.00s
[3.955s][info ][gc           ] GC(1) Concurrent Reset
[3.956s][info ][safepoint    ] Application time: 0.0018389 seconds
[3.956s][info ][safepoint    ] Entering safepoint region: RevokeBias
[3.957s][info ][safepoint    ] Leaving safepoint region
[3.957s][info ][safepoint    ] Total time for which application threads were stopped: 0.0002928 seconds, Stopping threads took: 0.0001013 seconds
[3.958s][info ][safepoint    ] Application time: 0.0010960 seconds
[3.958s][info ][safepoint    ] Entering safepoint region: BulkRevokeBias
[3.959s][info ][safepoint    ] Leaving safepoint region
[3.959s][info ][safepoint    ] Total time for which application threads were stopped: 0.0008395 seconds, Stopping threads took: 0.0001643 seconds
[3.972s][info ][gc           ] GC(1) Concurrent Reset 17.156ms
[3.973s][info ][gc,cpu       ] GC(1) User=0.08s Sys=0.02s Real=0.02s
[3.973s][info ][gc,heap      ] GC(1) Old: 2938K->2938K(602112K)
[4.006s][info ][safepoint    ] Application time: 0.0477512 seconds
[4.006s][info ][safepoint    ] Entering safepoint region: RevokeBias
[4.007s][info ][safepoint    ] Leaving safepoint region
[4.007s][info ][safepoint    ] Total time for which application threads were stopped: 0.0003474 seconds, Stopping threads took: 0.0001569 seconds
[4.020s][info ][safepoint    ] Application time: 0.0137215 seconds
[4.021s][info ][safepoint    ] Entering safepoint region: RevokeBias
[4.021s][info ][safepoint    ] Leaving safepoint region
[4.021s][info ][safepoint    ] Total time for which application threads were stopped: 0.0002925 seconds, Stopping threads took: 0.0001423 seconds
[4.060s][info ][safepoint    ] Application time: 0.0395234 seconds
[4.061s][info ][safepoint    ] Entering safepoint region: Deoptimize
[4.062s][info ][safepoint    ] Leaving safepoint region
[4.062s][info ][safepoint    ] Total time for which application threads were stopped: 0.0015982 seconds, Stopping threads took: 0.0009890 seconds
[4.093s][info ][safepoint    ] Application time: 0.0309226 seconds
[4.098s][info ][safepoint    ] Entering safepoint region: RevokeBias
[4.098s][info ][safepoint    ] Leaving safepoint region
[4.098s][info ][safepoint    ] Total time for which application threads were stopped: 0.0051452 seconds, Stopping threads took: 0.0049251 seconds
[4.102s][info ][safepoint    ] Application time: 0.0044933 seconds
[4.104s][info ][safepoint    ] Entering safepoint region: RevokeBias
[4.104s][info ][safepoint    ] Leaving safepoint region
[4.104s][info ][safepoint    ] Total time for which application threads were stopped: 0.0012070 seconds, Stopping threads took: 0.0010365 seconds
[4.131s][info ][safepoint    ] Application time: 0.0269877 seconds
[4.131s][info ][safepoint    ] Entering safepoint region: RevokeBias
[4.131s][info ][safepoint    ] Leaving safepoint region
[4.131s][info ][safepoint    ] Total time for which application threads were stopped: 0.0003839 seconds, Stopping threads took: 0.0001724 seconds
[4.135s][info ][safepoint    ] Application time: 0.0037196 seconds
[4.144s][info ][safepoint    ] Entering safepoint region: RevokeBias
[4.144s][info ][safepoint    ] Leaving safepoint region
[4.144s][info ][safepoint    ] Total time for which application threads were stopped: 0.0094120 seconds, Stopping threads took: 0.0091596 seconds
[4.154s][info ][safepoint    ] Application time: 0.0094261 seconds
[4.154s][info ][safepoint    ] Entering safepoint region: RevokeBias
[4.154s][info ][safepoint    ] Leaving safepoint region
[4.154s][info ][safepoint    ] Total time for which application threads were stopped: 0.0003790 seconds, Stopping threads took: 0.0001490 seconds
[4.183s][info ][safepoint    ] Application time: 0.0288321 seconds
[4.188s][info ][safepoint    ] Entering safepoint region: RevokeBias
[4.188s][info ][safepoint    ] Leaving safepoint region
[4.188s][info ][safepoint    ] Total time for which application threads were stopped: 0.0050839 seconds, Stopping threads took: 0.0048102 seconds
[4.200s][info ][safepoint    ] Application time: 0.0116555 seconds
[4.208s][info ][safepoint    ] Entering safepoint region: RevokeBias
[4.208s][info ][safepoint    ] Leaving safepoint region
[4.208s][info ][safepoint    ] Total time for which application threads were stopped: 0.0081916 seconds, Stopping threads took: 0.0079331 seconds
[4.214s][info ][safepoint    ] Application time: 0.0058694 seconds
[4.214s][info ][safepoint    ] Entering safepoint region: RevokeBias
[4.214s][info ][safepoint    ] Leaving safepoint region
[4.214s][info ][safepoint    ] Total time for which application threads were stopped: 0.0003034 seconds, Stopping threads took: 0.0000805 seconds
[4.219s][info ][safepoint    ] Application time: 0.0047676 seconds
[4.219s][info ][safepoint    ] Entering safepoint region: RevokeBias
[4.219s][info ][safepoint    ] Leaving safepoint region
[4.219s][info ][safepoint    ] Total time for which application threads were stopped: 0.0003746 seconds, Stopping threads took: 0.0001827 seconds
[4.240s][info ][safepoint    ] Application time: 0.0205899 seconds
[4.240s][info ][safepoint    ] Entering safepoint region: RevokeBias
[4.240s][info ][safepoint    ] Leaving safepoint region
[4.240s][info ][safepoint    ] Total time for which application threads were stopped: 0.0003952 seconds, Stopping threads took: 0.0001994 seconds
[4.256s][info ][safepoint    ] Application time: 0.0158286 seconds
[4.259s][info ][safepoint    ] Entering safepoint region: RevokeBias
[4.259s][info ][safepoint    ] Leaving safepoint region
[4.259s][info ][safepoint    ] Total time for which application threads were stopped: 0.0027732 seconds, Stopping threads took: 0.0026185 seconds
[4.271s][info ][safepoint    ] Application time: 0.0123844 seconds
[4.271s][info ][safepoint    ] Entering safepoint region: RevokeBias
[4.272s][info ][safepoint    ] Leaving safepoint region
[4.272s][info ][safepoint    ] Total time for which application threads were stopped: 0.0003313 seconds, Stopping threads took: 0.0001444 seconds
[4.278s][info ][safepoint    ] Application time: 0.0063351 seconds
[4.278s][info ][safepoint    ] Entering safepoint region: RevokeBias
[4.278s][info ][safepoint    ] Leaving safepoint region
[4.278s][info ][safepoint    ] Total time for which application threads were stopped: 0.0002603 seconds, Stopping threads took: 0.0001041 seconds
[4.281s][info ][safepoint    ] Application time: 0.0023349 seconds
[4.281s][info ][safepoint    ] Entering safepoint region: RevokeBias
[4.281s][info ][safepoint    ] Leaving safepoint region
[4.281s][info ][safepoint    ] Total time for which application threads were stopped: 0.0003317 seconds, Stopping threads took: 0.0001878 seconds
[4.284s][info ][safepoint    ] Application time: 0.0030526 seconds
[4.287s][info ][safepoint    ] Entering safepoint region: RevokeBias
[4.287s][info ][safepoint    ] Leaving safepoint region
[4.287s][info ][safepoint    ] Total time for which application threads were stopped: 0.0029996 seconds, Stopping threads took: 0.0028033 seconds
[4.311s][info ][safepoint    ] Application time: 0.0240318 seconds
[4.311s][info ][safepoint    ] Entering safepoint region: Deoptimize
[4.312s][info ][safepoint    ] Leaving safepoint region
[4.312s][info ][safepoint    ] Total time for which application threads were stopped: 0.0008205 seconds, Stopping threads took: 0.0001680 seconds
[4.328s][info ][safepoint    ] Application time: 0.0159907 seconds
[4.335s][info ][safepoint    ] Entering safepoint region: Deoptimize
[4.336s][info ][safepoint    ] Leaving safepoint region
[4.336s][info ][safepoint    ] Total time for which application threads were stopped: 0.0076639 seconds, Stopping threads took: 0.0069829 seconds
[4.349s][info ][safepoint    ] Application time: 0.0134530 seconds
[4.349s][info ][safepoint    ] Entering safepoint region: RevokeBias
[4.349s][info ][safepoint    ] Leaving safepoint region
[4.349s][info ][safepoint    ] Total time for which application threads were stopped: 0.0004099 seconds, Stopping threads took: 0.0002335 seconds
[4.351s][info ][safepoint    ] Application time: 0.0010894 seconds
[4.351s][info ][safepoint    ] Entering safepoint region: BulkRevokeBias
[4.351s][info ][safepoint    ] Leaving safepoint region
[4.351s][info ][safepoint    ] Total time for which application threads were stopped: 0.0007594 seconds, Stopping threads took: 0.0000779 seconds
[4.393s][info ][safepoint    ] Application time: 0.0416672 seconds
[4.393s][info ][safepoint    ] Entering safepoint region: GenCollectForAllocation
[4.393s][info ][gc,start     ] GC(2) Pause Young (Allocation Failure)
[4.393s][info ][gc,task      ] GC(2) Using 4 workers of 4 for evacuation
[4.471s][debug][gc,ref       ] GC(2) Skipped phase1 of Reference Processing due to unavailable references
[4.471s][debug][gc,ref       ] GC(2) Skipped phase3 of Reference Processing due to unavailable references
[4.472s][debug][gc,age       ] GC(2) Desired survivor size 15400960 bytes, new threshold 1 (max threshold 6)
[4.472s][info ][gc,heap      ] GC(2) ParNew: 270975K->30080K(270976K)
[4.472s][info ][gc,heap      ] GC(2) CMS: 2938K->41597K(602112K)
[4.472s][info ][gc,metaspace ] GC(2) Metaspace: 31793K->31793K(1077248K)
[4.472s][info ][gc           ] GC(2) Pause Young (Allocation Failure) 267M->69M(852M) 78.204ms
[4.472s][info ][gc,cpu       ] GC(2) User=0.27s Sys=0.01s Real=0.08s
[4.472s][info ][safepoint    ] Leaving safepoint region
[4.472s][info ][safepoint    ] Total time for which application threads were stopped: 0.0786352 seconds, Stopping threads took: 0.0001920 seconds
[4.473s][info ][safepoint    ] Application time: 0.0011587 seconds
[4.477s][info ][safepoint    ] Entering safepoint region: RevokeBias
[4.477s][info ][safepoint    ] Leaving safepoint region
[4.477s][info ][safepoint    ] Total time for which application threads were stopped: 0.0041905 seconds, Stopping threads took: 0.0040157 seconds
[4.477s][info ][safepoint    ] Application time: 0.0000713 seconds
[4.477s][info ][safepoint    ] Entering safepoint region: RevokeBias
[4.477s][info ][safepoint    ] Leaving safepoint region
[4.477s][info ][safepoint    ] Total time for which application threads were stopped: 0.0001001 seconds, Stopping threads took: 0.0000290 seconds
[4.568s][info ][safepoint    ] Application time: 0.0906970 seconds
[4.571s][info ][safepoint    ] Entering safepoint region: Deoptimize
[4.571s][info ][safepoint    ] Leaving safepoint region
[4.571s][info ][safepoint    ] Total time for which application threads were stopped: 0.0033831 seconds, Stopping threads took: 0.0026873 seconds
[4.610s][info ][safepoint    ] Application time: 0.0384721 seconds
[4.610s][info ][safepoint    ] Entering safepoint region: RevokeBias
[4.610s][info ][safepoint    ] Leaving safepoint region
[4.610s][info ][safepoint    ] Total time for which application threads were stopped: 0.0002021 seconds, Stopping threads took: 0.0000879 seconds
[4.610s][info ][safepoint    ] Application time: 0.0001292 seconds
[4.610s][info ][safepoint    ] Entering safepoint region: RevokeBias
[4.610s][info ][safepoint    ] Leaving safepoint region
[4.610s][info ][safepoint    ] Total time for which application threads were stopped: 0.0002185 seconds, Stopping threads took: 0.0001229 seconds
[4.621s][info ][safepoint    ] Application time: 0.0101132 seconds
[4.621s][info ][safepoint    ] Entering safepoint region: RevokeBias
[4.621s][info ][safepoint    ] Leaving safepoint region
[4.621s][info ][safepoint    ] Total time for which application threads were stopped: 0.0002778 seconds, Stopping threads took: 0.0001646 seconds
[4.621s][info ][safepoint    ] Application time: 0.0000581 seconds
[4.621s][info ][safepoint    ] Entering safepoint region: RevokeBias
[4.621s][info ][safepoint    ] Leaving safepoint region
[4.621s][info ][safepoint    ] Total time for which application threads were stopped: 0.0001725 seconds, Stopping threads took: 0.0000774 seconds
[4.621s][info ][safepoint    ] Application time: 0.0000833 seconds
[4.624s][info ][safepoint    ] Entering safepoint region: RevokeBias
[4.624s][info ][safepoint    ] Leaving safepoint region
[4.624s][info ][safepoint    ] Total time for which application threads were stopped: 0.0026179 seconds, Stopping threads took: 0.0025459 seconds
[4.624s][info ][safepoint    ] Application time: 0.0000772 seconds
[4.624s][info ][safepoint    ] Entering safepoint region: RevokeBias
[4.624s][info ][safepoint    ] Leaving safepoint region
[4.624s][info ][safepoint    ] Total time for which application threads were stopped: 0.0000527 seconds, Stopping threads took: 0.0000045 seconds
[4.625s][info ][safepoint    ] Application time: 0.0008749 seconds
[4.625s][info ][safepoint    ] Entering safepoint region: RevokeBias
[4.625s][info ][safepoint    ] Leaving safepoint region
[4.625s][info ][safepoint    ] Total time for which application threads were stopped: 0.0002764 seconds, Stopping threads took: 0.0001982 seconds
[4.625s][info ][safepoint    ] Application time: 0.0001159 seconds
[4.625s][info ][safepoint    ] Entering safepoint region: RevokeBias
[4.625s][info ][safepoint    ] Leaving safepoint region
[4.625s][info ][safepoint    ] Total time for which application threads were stopped: 0.0001927 seconds, Stopping threads took: 0.0001193 seconds
[4.712s][info ][safepoint    ] Application time: 0.0870016 seconds
[4.713s][info ][safepoint    ] Entering safepoint region: ICBufferFull
[4.713s][info ][safepoint    ] Leaving safepoint region
[4.713s][info ][safepoint    ] Total time for which application threads were stopped: 0.0003158 seconds, Stopping threads took: 0.0001180 seconds
[4.881s][info ][safepoint    ] Application time: 0.1687407 seconds
[4.882s][info ][safepoint    ] Entering safepoint region: Deoptimize
[4.882s][info ][safepoint    ] Leaving safepoint region
[4.882s][info ][safepoint    ] Total time for which application threads were stopped: 0.0008460 seconds, Stopping threads took: 0.0001302 seconds
[4.891s][info ][safepoint    ] Application time: 0.0082496 seconds
[4.891s][info ][safepoint    ] Entering safepoint region: Deoptimize
[4.891s][info ][safepoint    ] Leaving safepoint region
[4.891s][info ][safepoint    ] Total time for which application threads were stopped: 0.0007680 seconds, Stopping threads took: 0.0001184 seconds
[4.894s][info ][safepoint    ] Application time: 0.0024211 seconds
[4.894s][info ][safepoint    ] Entering safepoint region: RevokeBias
[4.894s][info ][safepoint    ] Leaving safepoint region
[4.894s][info ][safepoint    ] Total time for which application threads were stopped: 0.0002643 seconds, Stopping threads took: 0.0001242 seconds
[4.900s][info ][safepoint    ] Application time: 0.0058017 seconds
[4.900s][info ][safepoint    ] Entering safepoint region: RevokeBias
[4.901s][info ][safepoint    ] Leaving safepoint region
[4.901s][info ][safepoint    ] Total time for which application threads were stopped: 0.0006763 seconds, Stopping threads took: 0.0005573 seconds
[4.902s][info ][safepoint    ] Application time: 0.0017380 seconds
[4.902s][info ][safepoint    ] Entering safepoint region: GenCollectForAllocation
[4.903s][info ][gc,start     ] GC(3) Pause Young (Allocation Failure)
[4.903s][info ][gc,task      ] GC(3) Using 4 workers of 4 for evacuation
[4.977s][debug][gc,ref       ] GC(3) Skipped phase1 of Reference Processing due to unavailable references
[4.977s][debug][gc,ref       ] GC(3) Skipped phase3 of Reference Processing due to unavailable references
[4.977s][debug][gc,age       ] GC(3) Desired survivor size 15400960 bytes, new threshold 1 (max threshold 6)
[4.977s][info ][gc,heap      ] GC(3) ParNew: 270976K->30080K(270976K)
[4.977s][info ][gc,heap      ] GC(3) CMS: 41597K->72045K(602112K)
[4.977s][info ][gc,metaspace ] GC(3) Metaspace: 33878K->33878K(1079296K)
[4.977s][info ][gc           ] GC(3) Pause Young (Allocation Failure) 305M->99M(852M) 74.531ms
[4.977s][info ][gc,cpu       ] GC(3) User=0.25s Sys=0.00s Real=0.08s
[4.977s][info ][safepoint    ] Leaving safepoint region
[4.977s][info ][safepoint    ] Total time for which application threads were stopped: 0.0748354 seconds, Stopping threads took: 0.0001224 seconds
[4.979s][info ][safepoint    ] Application time: 0.0016104 seconds
[4.979s][info ][safepoint    ] Entering safepoint region: RevokeBias
[4.979s][info ][safepoint    ] Leaving safepoint region
[4.979s][info ][safepoint    ] Total time for which application threads were stopped: 0.0002497 seconds, Stopping threads took: 0.0001145 seconds
[4.979s][info ][safepoint    ] Application time: 0.0000725 seconds
[4.979s][info ][safepoint    ] Entering safepoint region: RevokeBias
[4.979s][info ][safepoint    ] Leaving safepoint region
[4.979s][info ][safepoint    ] Total time for which application threads were stopped: 0.0000600 seconds, Stopping threads took: 0.0000043 seconds
[4.979s][info ][safepoint    ] Application time: 0.0000276 seconds
[4.979s][info ][safepoint    ] Entering safepoint region: RevokeBias
[4.979s][info ][safepoint    ] Leaving safepoint region
[4.979s][info ][safepoint    ] Total time for which application threads were stopped: 0.0000632 seconds, Stopping threads took: 0.0000105 seconds
[4.980s][info ][safepoint    ] Application time: 0.0008212 seconds
[4.980s][info ][safepoint    ] Entering safepoint region: RevokeBias
[4.981s][info ][safepoint    ] Leaving safepoint region
[4.981s][info ][safepoint    ] Total time for which application threads were stopped: 0.0003512 seconds, Stopping threads took: 0.0002321 seconds
[4.982s][info ][safepoint    ] Application time: 0.0010900 seconds
[4.982s][info ][safepoint    ] Entering safepoint region: RevokeBias
[4.982s][info ][safepoint    ] Leaving safepoint region
[4.982s][info ][safepoint    ] Total time for which application threads were stopped: 0.0001553 seconds, Stopping threads took: 0.0000611 seconds
[5.016s][info ][safepoint    ] Application time: 0.0344226 seconds
[5.017s][info ][safepoint    ] Entering safepoint region: RevokeBias
[5.017s][info ][safepoint    ] Leaving safepoint region
[5.017s][info ][safepoint    ] Total time for which application threads were stopped: 0.0005417 seconds, Stopping threads took: 0.0003546 seconds
[5.059s][info ][safepoint    ] Application time: 0.0421090 seconds
[5.059s][info ][safepoint    ] Entering safepoint region: RevokeBias
[5.059s][info ][safepoint    ] Leaving safepoint region
[5.059s][info ][safepoint    ] Total time for which application threads were stopped: 0.0002406 seconds, Stopping threads took: 0.0000806 seconds
[5.060s][info ][safepoint    ] Application time: 0.0004379 seconds
[5.060s][info ][safepoint    ] Entering safepoint region: RevokeBias
[5.060s][info ][safepoint    ] Leaving safepoint region
[5.060s][info ][safepoint    ] Total time for which application threads were stopped: 0.0001330 seconds, Stopping threads took: 0.0000569 seconds
[5.068s][info ][safepoint    ] Application time: 0.0079391 seconds
[5.068s][info ][safepoint    ] Entering safepoint region: RevokeBias
[5.068s][info ][safepoint    ] Leaving safepoint region
[5.068s][info ][safepoint    ] Total time for which application threads were stopped: 0.0003707 seconds, Stopping threads took: 0.0002281 seconds
[5.076s][info ][safepoint    ] Application time: 0.0081515 seconds
[5.076s][info ][safepoint    ] Entering safepoint region: RevokeBias
[5.077s][info ][safepoint    ] Leaving safepoint region
[5.077s][info ][safepoint    ] Total time for which application threads were stopped: 0.0003115 seconds, Stopping threads took: 0.0001325 seconds
[5.097s][info ][safepoint    ] Application time: 0.0199921 seconds
[5.100s][info ][safepoint    ] Entering safepoint region: RevokeBias
[5.101s][info ][safepoint    ] Leaving safepoint region
[5.101s][info ][safepoint    ] Total time for which application threads were stopped: 0.0040244 seconds, Stopping threads took: 0.0038750 seconds
[5.104s][info ][safepoint    ] Application time: 0.0038291 seconds
[5.116s][info ][safepoint    ] Entering safepoint region: RevokeBias
[5.116s][info ][safepoint    ] Leaving safepoint region
[5.116s][info ][safepoint    ] Total time for which application threads were stopped: 0.0113943 seconds, Stopping threads took: 0.0112490 seconds
[5.158s][info ][safepoint    ] Application time: 0.0423511 seconds
[5.160s][info ][safepoint    ] Entering safepoint region: Deoptimize
[5.160s][info ][safepoint    ] Leaving safepoint region
[5.160s][info ][safepoint    ] Total time for which application threads were stopped: 0.0021020 seconds, Stopping threads took: 0.0013763 seconds
[5.175s][info ][safepoint    ] Application time: 0.0150708 seconds
[5.176s][info ][safepoint    ] Entering safepoint region: RevokeBias
[5.176s][info ][safepoint    ] Leaving safepoint region
[5.176s][info ][safepoint    ] Total time for which application threads were stopped: 0.0008822 seconds, Stopping threads took: 0.0007518 seconds
[5.178s][info ][safepoint    ] Application time: 0.0011502 seconds
[5.178s][info ][safepoint    ] Entering safepoint region: RevokeBias
[5.178s][info ][safepoint    ] Leaving safepoint region
[5.178s][info ][safepoint    ] Total time for which application threads were stopped: 0.0002710 seconds, Stopping threads took: 0.0001696 seconds
[5.180s][info ][safepoint    ] Application time: 0.0023285 seconds
[5.181s][info ][safepoint    ] Entering safepoint region: Deoptimize
[5.181s][info ][safepoint    ] Leaving safepoint region
[5.181s][info ][safepoint    ] Total time for which application threads were stopped: 0.0011326 seconds, Stopping threads took: 0.0003796 seconds
[5.197s][info ][safepoint    ] Application time: 0.0157877 seconds
[5.197s][info ][safepoint    ] Entering safepoint region: RevokeBias
[5.197s][info ][safepoint    ] Leaving safepoint region
[5.197s][info ][safepoint    ] Total time for which application threads were stopped: 0.0003653 seconds, Stopping threads took: 0.0002422 seconds
[5.200s][info ][safepoint    ] Application time: 0.0028818 seconds
[5.201s][info ][safepoint    ] Entering safepoint region: RevokeBias
[5.201s][info ][safepoint    ] Leaving safepoint region
[5.201s][info ][safepoint    ] Total time for which application threads were stopped: 0.0003526 seconds, Stopping threads took: 0.0002229 seconds
[5.203s][info ][safepoint    ] Application time: 0.0020473 seconds
[5.203s][info ][safepoint    ] Entering safepoint region: RevokeBias
[5.203s][info ][safepoint    ] Leaving safepoint region
[5.203s][info ][safepoint    ] Total time for which application threads were stopped: 0.0001835 seconds, Stopping threads took: 0.0000577 seconds
[5.314s][info ][safepoint    ] Application time: 0.1109955 seconds
[5.314s][info ][safepoint    ] Entering safepoint region: GenCollectForAllocation
[5.314s][info ][gc,start     ] GC(4) Pause Young (Allocation Failure)
[5.314s][info ][gc,task      ] GC(4) Using 4 workers of 4 for evacuation
[5.372s][debug][gc,ref       ] GC(4) Skipped phase1 of Reference Processing due to unavailable references
[5.372s][debug][gc,ref       ] GC(4) Skipped phase3 of Reference Processing due to unavailable references
[5.372s][debug][gc,age       ] GC(4) Desired survivor size 15400960 bytes, new threshold 1 (max threshold 6)
[5.372s][info ][gc,heap      ] GC(4) ParNew: 270976K->30080K(270976K)
[5.372s][info ][gc,heap      ] GC(4) CMS: 72045K->97824K(602112K)
[5.372s][info ][gc,metaspace ] GC(4) Metaspace: 36596K->36596K(1083392K)
[5.372s][info ][gc           ] GC(4) Pause Young (Allocation Failure) 334M->124M(852M) 57.884ms
[5.372s][info ][gc,cpu       ] GC(4) User=0.22s Sys=0.01s Real=0.06s
[5.372s][info ][safepoint    ] Leaving safepoint region
[5.372s][info ][safepoint    ] Total time for which application threads were stopped: 0.0582774 seconds, Stopping threads took: 0.0002002 seconds
[5.531s][info ][safepoint    ] Application time: 0.1587829 seconds
[5.531s][info ][safepoint    ] Entering safepoint region: GenCollectForAllocation
[5.532s][info ][gc,start     ] GC(5) Pause Young (Allocation Failure)
[5.532s][info ][gc,task      ] GC(5) Using 4 workers of 4 for evacuation
[5.557s][debug][gc,ref       ] GC(5) Skipped phase1 of Reference Processing due to unavailable references
[5.557s][debug][gc,ref       ] GC(5) Skipped phase3 of Reference Processing due to unavailable references
[5.557s][debug][gc,age       ] GC(5) Desired survivor size 15400960 bytes, new threshold 6 (max threshold 6)
[5.557s][info ][gc,heap      ] GC(5) ParNew: 270976K->21023K(270976K)
[5.557s][info ][gc,heap      ] GC(5) CMS: 97824K->117642K(602112K)
[5.557s][info ][gc,metaspace ] GC(5) Metaspace: 36633K->36633K(1083392K)
[5.557s][info ][gc           ] GC(5) Pause Young (Allocation Failure) 360M->135M(852M) 25.467ms
[5.557s][info ][gc,cpu       ] GC(5) User=0.09s Sys=0.00s Real=0.03s
[5.557s][info ][safepoint    ] Leaving safepoint region
[5.557s][info ][safepoint    ] Total time for which application threads were stopped: 0.0259561 seconds, Stopping threads took: 0.0002127 seconds
[5.726s][info ][safepoint    ] Application time: 0.1690205 seconds
[5.726s][info ][safepoint    ] Entering safepoint region: GenCollectForAllocation
[5.727s][info ][gc,start     ] GC(6) Pause Young (Allocation Failure)
[5.727s][info ][gc,task      ] GC(6) Using 4 workers of 4 for evacuation
[5.730s][debug][gc,ref       ] GC(6) Skipped phase1 of Reference Processing due to unavailable references
[5.730s][debug][gc,ref       ] GC(6) Skipped phase2 of Reference Processing due to unavailable references
[5.730s][debug][gc,ref       ] GC(6) Skipped phase3 of Reference Processing due to unavailable references
[5.730s][debug][gc,ref       ] GC(6) Skipped phase4 of Reference Processing due to unavailable references
[5.730s][debug][gc,age       ] GC(6) Desired survivor size 15400960 bytes, new threshold 6 (max threshold 6)
[5.730s][info ][gc,heap      ] GC(6) ParNew: 261919K->5547K(270976K)
[5.730s][info ][gc,heap      ] GC(6) CMS: 117642K->117642K(602112K)
[5.730s][info ][gc,metaspace ] GC(6) Metaspace: 36634K->36634K(1083392K)
[5.730s][info ][gc           ] GC(6) Pause Young (Allocation Failure) 370M->120M(852M) 3.714ms
[5.730s][info ][gc,cpu       ] GC(6) User=0.01s Sys=0.00s Real=0.00s
[5.730s][info ][safepoint    ] Leaving safepoint region
[5.730s][info ][safepoint    ] Total time for which application threads were stopped: 0.0041551 seconds, Stopping threads took: 0.0001838 seconds
[5.847s][info ][safepoint    ] Application time: 0.1171600 seconds
[5.848s][info ][safepoint    ] Entering safepoint region: GenCollectForAllocation
[5.848s][info ][gc,start     ] GC(7) Pause Young (Allocation Failure)
[5.848s][info ][gc,task      ] GC(7) Using 4 workers of 4 for evacuation
[5.851s][debug][gc,ref       ] GC(7) Skipped phase1 of Reference Processing due to unavailable references
[5.851s][debug][gc,ref       ] GC(7) Skipped phase2 of Reference Processing due to unavailable references
[5.851s][debug][gc,ref       ] GC(7) Skipped phase3 of Reference Processing due to unavailable references
[5.851s][debug][gc,ref       ] GC(7) Skipped phase4 of Reference Processing due to unavailable references
[5.851s][debug][gc,age       ] GC(7) Desired survivor size 15400960 bytes, new threshold 6 (max threshold 6)
[5.851s][info ][gc,heap      ] GC(7) ParNew: 246443K->3240K(270976K)
[5.851s][info ][gc,heap      ] GC(7) CMS: 117642K->117642K(602112K)
[5.851s][info ][gc,metaspace ] GC(7) Metaspace: 36634K->36634K(1083392K)
[5.851s][info ][gc           ] GC(7) Pause Young (Allocation Failure) 355M->118M(852M) 3.398ms
[5.851s][info ][gc,cpu       ] GC(7) User=0.01s Sys=0.00s Real=0.00s
[5.851s][info ][safepoint    ] Leaving safepoint region
[5.851s][info ][safepoint    ] Total time for which application threads were stopped: 0.0037913 seconds, Stopping threads took: 0.0001981 seconds
[5.918s][info ][safepoint    ] Application time: 0.0666169 seconds
[5.918s][info ][safepoint    ] Entering safepoint region: GenCollectForAllocation
[5.918s][info ][gc,start     ] GC(8) Pause Young (Allocation Failure)
[5.918s][info ][gc,task      ] GC(8) Using 4 workers of 4 for evacuation
[5.922s][debug][gc,ref       ] GC(8) Skipped phase1 of Reference Processing due to unavailable references
[5.922s][debug][gc,ref       ] GC(8) Skipped phase2 of Reference Processing due to unavailable references
[5.922s][debug][gc,ref       ] GC(8) Skipped phase3 of Reference Processing due to unavailable references
[5.922s][debug][gc,ref       ] GC(8) Skipped phase4 of Reference Processing due to unavailable references
[5.922s][debug][gc,age       ] GC(8) Desired survivor size 15400960 bytes, new threshold 6 (max threshold 6)
[5.922s][info ][gc,heap      ] GC(8) ParNew: 244136K->2366K(270976K)
[5.922s][info ][gc,heap      ] GC(8) CMS: 117642K->117642K(602112K)
[5.922s][info ][gc,metaspace ] GC(8) Metaspace: 36634K->36634K(1083392K)
[5.922s][info ][gc           ] GC(8) Pause Young (Allocation Failure) 353M->117M(852M) 3.683ms
[5.922s][info ][gc,cpu       ] GC(8) User=0.01s Sys=0.00s Real=0.00s
[5.922s][info ][safepoint    ] Leaving safepoint region
[5.922s][info ][safepoint    ] Total time for which application threads were stopped: 0.0042412 seconds, Stopping threads took: 0.0003857 seconds
[6.007s][info ][safepoint    ] Application time: 0.0849456 seconds
[6.007s][info ][safepoint    ] Entering safepoint region: GenCollectForAllocation
[6.007s][info ][gc,start     ] GC(9) Pause Young (Allocation Failure)
[6.007s][info ][gc,task      ] GC(9) Using 4 workers of 4 for evacuation
[6.011s][debug][gc,ref       ] GC(9) Skipped phase1 of Reference Processing due to unavailable references
[6.011s][debug][gc,ref       ] GC(9) Skipped phase2 of Reference Processing due to unavailable references
[6.011s][debug][gc,ref       ] GC(9) Skipped phase3 of Reference Processing due to unavailable references
[6.011s][debug][gc,ref       ] GC(9) Skipped phase4 of Reference Processing due to unavailable references
[6.011s][debug][gc,age       ] GC(9) Desired survivor size 15400960 bytes, new threshold 6 (max threshold 6)
[6.011s][info ][gc,heap      ] GC(9) ParNew: 243262K->3510K(270976K)
[6.011s][info ][gc,heap      ] GC(9) CMS: 117642K->117642K(602112K)
[6.011s][info ][gc,metaspace ] GC(9) Metaspace: 36635K->36635K(1083392K)
[6.011s][info ][gc           ] GC(9) Pause Young (Allocation Failure) 352M->118M(852M) 3.575ms
[6.011s][info ][gc,cpu       ] GC(9) User=0.01s Sys=0.00s Real=0.00s
[6.011s][info ][safepoint    ] Leaving safepoint region
[6.011s][info ][safepoint    ] Total time for which application threads were stopped: 0.0038753 seconds, Stopping threads took: 0.0001299 seconds
[6.056s][info ][safepoint    ] Application time: 0.0449865 seconds
[6.056s][info ][safepoint    ] Entering safepoint region: GenCollectForAllocation
[6.056s][info ][gc,start     ] GC(10) Pause Young (Allocation Failure)
[6.056s][info ][gc,task      ] GC(10) Using 4 workers of 4 for evacuation
[6.060s][debug][gc,ref       ] GC(10) Skipped phase1 of Reference Processing due to unavailable references
[6.060s][debug][gc,ref       ] GC(10) Skipped phase2 of Reference Processing due to unavailable references
[6.060s][debug][gc,ref       ] GC(10) Skipped phase3 of Reference Processing due to unavailable references
[6.060s][debug][gc,ref       ] GC(10) Skipped phase4 of Reference Processing due to unavailable references
[6.060s][debug][gc,age       ] GC(10) Desired survivor size 15400960 bytes, new threshold 6 (max threshold 6)
[6.060s][info ][gc,heap      ] GC(10) ParNew: 244406K->2380K(270976K)
[6.060s][info ][gc,heap      ] GC(10) CMS: 117642K->117642K(602112K)
[6.060s][info ][gc,metaspace ] GC(10) Metaspace: 36635K->36635K(1083392K)
[6.060s][info ][gc           ] GC(10) Pause Young (Allocation Failure) 353M->117M(852M) 3.603ms
[6.060s][info ][gc,cpu       ] GC(10) User=0.02s Sys=0.00s Real=0.00s
[6.060s][info ][safepoint    ] Leaving safepoint region
[6.060s][info ][safepoint    ] Total time for which application threads were stopped: 0.0039256 seconds, Stopping threads took: 0.0001441 seconds
[6.136s][info ][safepoint    ] Application time: 0.0759689 seconds
[6.136s][info ][safepoint    ] Entering safepoint region: GenCollectForAllocation
[6.136s][info ][gc,start     ] GC(11) Pause Young (Allocation Failure)
[6.136s][info ][gc,task      ] GC(11) Using 4 workers of 4 for evacuation
[6.141s][debug][gc,ref       ] GC(11) Skipped phase1 of Reference Processing due to unavailable references
[6.141s][debug][gc,ref       ] GC(11) Skipped phase2 of Reference Processing due to unavailable references
[6.141s][debug][gc,ref       ] GC(11) Skipped phase3 of Reference Processing due to unavailable references
[6.141s][debug][gc,ref       ] GC(11) Skipped phase4 of Reference Processing due to unavailable references
[6.141s][debug][gc,age       ] GC(11) Desired survivor size 15400960 bytes, new threshold 6 (max threshold 6)
[6.141s][info ][gc,heap      ] GC(11) ParNew: 243276K->1808K(270976K)
[6.141s][info ][gc,heap      ] GC(11) CMS: 117642K->119180K(602112K)
[6.141s][info ][gc,metaspace ] GC(11) Metaspace: 36635K->36635K(1083392K)
[6.141s][info ][gc           ] GC(11) Pause Young (Allocation Failure) 352M->118M(852M) 4.929ms
[6.141s][info ][gc,cpu       ] GC(11) User=0.02s Sys=0.00s Real=0.00s
[6.141s][info ][safepoint    ] Leaving safepoint region
[6.141s][info ][safepoint    ] Total time for which application threads were stopped: 0.0053734 seconds, Stopping threads took: 0.0002730 seconds
[6.197s][info ][safepoint    ] Application time: 0.0554677 seconds
[6.197s][info ][safepoint    ] Entering safepoint region: GenCollectForAllocation
[6.197s][info ][gc,start     ] GC(12) Pause Young (Allocation Failure)
[6.197s][info ][gc,task      ] GC(12) Using 4 workers of 4 for evacuation
[6.199s][debug][gc,ref       ] GC(12) Skipped phase1 of Reference Processing due to unavailable references
[6.199s][debug][gc,ref       ] GC(12) Skipped phase2 of Reference Processing due to unavailable references
[6.199s][debug][gc,ref       ] GC(12) Skipped phase3 of Reference Processing due to unavailable references
[6.199s][debug][gc,ref       ] GC(12) Skipped phase4 of Reference Processing due to unavailable references
[6.200s][debug][gc,age       ] GC(12) Desired survivor size 15400960 bytes, new threshold 6 (max threshold 6)
[6.200s][info ][gc,heap      ] GC(12) ParNew: 242704K->602K(270976K)
[6.200s][info ][gc,heap      ] GC(12) CMS: 119180K->119487K(602112K)
[6.200s][info ][gc,metaspace ] GC(12) Metaspace: 36635K->36635K(1083392K)
[6.200s][info ][gc           ] GC(12) Pause Young (Allocation Failure) 353M->117M(852M) 2.395ms
[6.200s][info ][gc,cpu       ] GC(12) User=0.00s Sys=0.00s Real=0.00s
[6.200s][info ][safepoint    ] Leaving safepoint region
[6.200s][info ][safepoint    ] Total time for which application threads were stopped: 0.0027945 seconds, Stopping threads took: 0.0002410 seconds
[6.265s][info ][safepoint    ] Application time: 0.0656798 seconds
[6.265s][info ][safepoint    ] Entering safepoint region: GenCollectForAllocation
[6.266s][info ][gc,start     ] GC(13) Pause Young (Allocation Failure)
[6.266s][info ][gc,task      ] GC(13) Using 4 workers of 4 for evacuation
[6.267s][debug][gc,ref       ] GC(13) Skipped phase1 of Reference Processing due to unavailable references
[6.267s][debug][gc,ref       ] GC(13) Skipped phase2 of Reference Processing due to unavailable references
[6.267s][debug][gc,ref       ] GC(13) Skipped phase3 of Reference Processing due to unavailable references
[6.267s][debug][gc,ref       ] GC(13) Skipped phase4 of Reference Processing due to unavailable references
[6.267s][debug][gc,age       ] GC(13) Desired survivor size 15400960 bytes, new threshold 6 (max threshold 6)
[6.267s][info ][gc,heap      ] GC(13) ParNew: 241498K->500K(270976K)
[6.267s][info ][gc,heap      ] GC(13) CMS: 119487K->119536K(602112K)
[6.267s][info ][gc,metaspace ] GC(13) Metaspace: 36635K->36635K(1083392K)
[6.267s][info ][gc           ] GC(13) Pause Young (Allocation Failure) 352M->117M(852M) 1.856ms
[6.267s][info ][gc,cpu       ] GC(13) User=0.01s Sys=0.00s Real=0.00s
[6.267s][info ][safepoint    ] Leaving safepoint region
[6.267s][info ][safepoint    ] Total time for which application threads were stopped: 0.0021785 seconds, Stopping threads took: 0.0001863 seconds
[6.318s][info ][safepoint    ] Application time: 0.0508479 seconds
[6.320s][info ][safepoint    ] Entering safepoint region: GenCollectForAllocation
[6.320s][info ][gc,start     ] GC(14) Pause Young (Allocation Failure)
[6.320s][info ][gc,task      ] GC(14) Using 4 workers of 4 for evacuation
[6.322s][debug][gc,ref       ] GC(14) Skipped phase1 of Reference Processing due to unavailable references
[6.322s][debug][gc,ref       ] GC(14) Skipped phase2 of Reference Processing due to unavailable references
[6.322s][debug][gc,ref       ] GC(14) Skipped phase3 of Reference Processing due to unavailable references
[6.322s][debug][gc,ref       ] GC(14) Skipped phase4 of Reference Processing due to unavailable references
[6.322s][debug][gc,age       ] GC(14) Desired survivor size 15400960 bytes, new threshold 6 (max threshold 6)
[6.322s][info ][gc,heap      ] GC(14) ParNew: 241396K->569K(270976K)
[6.322s][info ][gc,heap      ] GC(14) CMS: 119536K->119575K(602112K)
[6.322s][info ][gc,metaspace ] GC(14) Metaspace: 36635K->36635K(1083392K)
[6.322s][info ][gc           ] GC(14) Pause Young (Allocation Failure) 352M->117M(852M) 2.009ms
[6.322s][info ][gc,cpu       ] GC(14) User=0.01s Sys=0.00s Real=0.00s
[6.322s][info ][safepoint    ] Leaving safepoint region
[6.322s][info ][safepoint    ] Total time for which application threads were stopped: 0.0035461 seconds, Stopping threads took: 0.0013930 seconds
[6.380s][info ][safepoint    ] Application time: 0.0577899 seconds
[6.381s][info ][safepoint    ] Entering safepoint region: GenCollectForAllocation
[6.381s][info ][gc,start     ] GC(15) Pause Young (Allocation Failure)
[6.381s][info ][gc,task      ] GC(15) Using 4 workers of 4 for evacuation
[6.383s][debug][gc,ref       ] GC(15) Skipped phase1 of Reference Processing due to unavailable references
[6.383s][debug][gc,ref       ] GC(15) Skipped phase2 of Reference Processing due to unavailable references
[6.383s][debug][gc,ref       ] GC(15) Skipped phase3 of Reference Processing due to unavailable references
[6.383s][debug][gc,ref       ] GC(15) Skipped phase4 of Reference Processing due to unavailable references
[6.383s][debug][gc,age       ] GC(15) Desired survivor size 15400960 bytes, new threshold 6 (max threshold 6)
[6.383s][info ][gc,heap      ] GC(15) ParNew: 241465K->525K(270976K)
[6.383s][info ][gc,heap      ] GC(15) CMS: 119575K->119620K(602112K)
[6.383s][info ][gc,metaspace ] GC(15) Metaspace: 36635K->36635K(1083392K)
[6.383s][info ][gc           ] GC(15) Pause Young (Allocation Failure) 352M->117M(852M) 1.869ms
[6.383s][info ][gc,cpu       ] GC(15) User=0.00s Sys=0.00s Real=0.00s
[6.383s][info ][safepoint    ] Leaving safepoint region
[6.383s][info ][safepoint    ] Total time for which application threads were stopped: 0.0036597 seconds, Stopping threads took: 0.0016461 seconds
[6.428s][info ][safepoint    ] Application time: 0.0451085 seconds
[6.429s][info ][safepoint    ] Entering safepoint region: GenCollectForAllocation
[6.429s][info ][gc,start     ] GC(16) Pause Young (Allocation Failure)
[6.429s][info ][gc,task      ] GC(16) Using 4 workers of 4 for evacuation
[6.431s][debug][gc,ref       ] GC(16) Skipped phase1 of Reference Processing due to unavailable references
[6.431s][debug][gc,ref       ] GC(16) Skipped phase2 of Reference Processing due to unavailable references
[6.431s][debug][gc,ref       ] GC(16) Skipped phase3 of Reference Processing due to unavailable references
[6.431s][debug][gc,ref       ] GC(16) Skipped phase4 of Reference Processing due to unavailable references
[6.431s][debug][gc,age       ] GC(16) Desired survivor size 15400960 bytes, new threshold 6 (max threshold 6)
[6.431s][info ][gc,heap      ] GC(16) ParNew: 241421K->510K(270976K)
[6.431s][info ][gc,heap      ] GC(16) CMS: 119620K->119640K(602112K)
[6.431s][info ][gc,metaspace ] GC(16) Metaspace: 36635K->36635K(1083392K)
[6.431s][info ][gc           ] GC(16) Pause Young (Allocation Failure) 352M->117M(852M) 1.954ms
[6.431s][info ][gc,cpu       ] GC(16) User=0.01s Sys=0.00s Real=0.00s
[6.431s][info ][safepoint    ] Leaving safepoint region
[6.431s][info ][safepoint    ] Total time for which application threads were stopped: 0.0022545 seconds, Stopping threads took: 0.0001738 seconds
[6.486s][info ][safepoint    ] Application time: 0.0553294 seconds
[6.486s][info ][safepoint    ] Entering safepoint region: GenCollectForAllocation
[6.486s][info ][gc,start     ] GC(17) Pause Young (Allocation Failure)
[6.486s][info ][gc,task      ] GC(17) Using 4 workers of 4 for evacuation
[6.488s][debug][gc,ref       ] GC(17) Skipped phase1 of Reference Processing due to unavailable references
[6.488s][debug][gc,ref       ] GC(17) Skipped phase2 of Reference Processing due to unavailable references
[6.488s][debug][gc,ref       ] GC(17) Skipped phase3 of Reference Processing due to unavailable references
[6.488s][debug][gc,ref       ] GC(17) Skipped phase4 of Reference Processing due to unavailable references
[6.488s][debug][gc,age       ] GC(17) Desired survivor size 15400960 bytes, new threshold 6 (max threshold 6)
[6.488s][info ][gc,heap      ] GC(17) ParNew: 241406K->459K(270976K)
[6.488s][info ][gc,heap      ] GC(17) CMS: 119640K->119713K(602112K)
[6.488s][info ][gc,metaspace ] GC(17) Metaspace: 36635K->36635K(1083392K)
[6.488s][info ][gc           ] GC(17) Pause Young (Allocation Failure) 352M->117M(852M) 1.784ms
[6.488s][info ][gc,cpu       ] GC(17) User=0.01s Sys=0.00s Real=0.00s
[6.488s][info ][safepoint    ] Leaving safepoint region
[6.488s][info ][safepoint    ] Total time for which application threads were stopped: 0.0020056 seconds, Stopping threads took: 0.0000807 seconds
[6.536s][info ][safepoint    ] Application time: 0.0474900 seconds
[6.536s][info ][safepoint    ] Entering safepoint region: GenCollectForAllocation
[6.536s][info ][gc,start     ] GC(18) Pause Young (Allocation Failure)
[6.536s][info ][gc,task      ] GC(18) Using 4 workers of 4 for evacuation
[6.537s][debug][gc,ref       ] GC(18) Skipped phase1 of Reference Processing due to unavailable references
[6.537s][debug][gc,ref       ] GC(18) Skipped phase2 of Reference Processing due to unavailable references
[6.537s][debug][gc,ref       ] GC(18) Skipped phase3 of Reference Processing due to unavailable references
[6.537s][debug][gc,ref       ] GC(18) Skipped phase4 of Reference Processing due to unavailable references
[6.538s][debug][gc,age       ] GC(18) Desired survivor size 15400960 bytes, new threshold 6 (max threshold 6)
[6.538s][info ][gc,heap      ] GC(18) ParNew: 241355K->514K(270976K)
[6.538s][info ][gc,heap      ] GC(18) CMS: 119713K->119757K(602112K)
[6.538s][info ][gc,metaspace ] GC(18) Metaspace: 36635K->36635K(1083392K)
[6.538s][info ][gc           ] GC(18) Pause Young (Allocation Failure) 352M->117M(852M) 1.731ms
[6.538s][info ][gc,cpu       ] GC(18) User=0.01s Sys=0.00s Real=0.00s
[6.538s][info ][safepoint    ] Leaving safepoint region
[6.538s][info ][safepoint    ] Total time for which application threads were stopped: 0.0019338 seconds, Stopping threads took: 0.0000721 seconds
[6.591s][info ][safepoint    ] Application time: 0.0532746 seconds
[6.591s][info ][safepoint    ] Entering safepoint region: GenCollectForAllocation
[6.591s][info ][gc,start     ] GC(19) Pause Young (Allocation Failure)
[6.591s][info ][gc,task      ] GC(19) Using 4 workers of 4 for evacuation
[6.593s][debug][gc,ref       ] GC(19) Skipped phase1 of Reference Processing due to unavailable references
[6.593s][debug][gc,ref       ] GC(19) Skipped phase2 of Reference Processing due to unavailable references
[6.593s][debug][gc,ref       ] GC(19) Skipped phase3 of Reference Processing due to unavailable references
[6.593s][debug][gc,ref       ] GC(19) Skipped phase4 of Reference Processing due to unavailable references
[6.593s][debug][gc,age       ] GC(19) Desired survivor size 15400960 bytes, new threshold 6 (max threshold 6)
[6.593s][info ][gc,heap      ] GC(19) ParNew: 241410K->497K(270976K)
[6.593s][info ][gc,heap      ] GC(19) CMS: 119757K->119799K(602112K)
[6.593s][info ][gc,metaspace ] GC(19) Metaspace: 36636K->36636K(1083392K)
[6.593s][info ][gc           ] GC(19) Pause Young (Allocation Failure) 352M->117M(852M) 1.871ms
[6.593s][info ][gc,cpu       ] GC(19) User=0.00s Sys=0.00s Real=0.00s
[6.593s][info ][safepoint    ] Leaving safepoint region
[6.593s][info ][safepoint    ] Total time for which application threads were stopped: 0.0021457 seconds, Stopping threads took: 0.0001126 seconds
[6.648s][info ][safepoint    ] Application time: 0.0553515 seconds
[6.649s][info ][safepoint    ] Entering safepoint region: GenCollectForAllocation
[6.649s][info ][gc,start     ] GC(20) Pause Young (Allocation Failure)
[6.649s][info ][gc,task      ] GC(20) Using 4 workers of 4 for evacuation
[6.650s][debug][gc,ref       ] GC(20) Skipped phase1 of Reference Processing due to unavailable references
[6.650s][debug][gc,ref       ] GC(20) Skipped phase2 of Reference Processing due to unavailable references
[6.650s][debug][gc,ref       ] GC(20) Skipped phase3 of Reference Processing due to unavailable references
[6.650s][debug][gc,ref       ] GC(20) Skipped phase4 of Reference Processing due to unavailable references
[6.650s][debug][gc,age       ] GC(20) Desired survivor size 15400960 bytes, new threshold 6 (max threshold 6)
[6.650s][info ][gc,heap      ] GC(20) ParNew: 241393K->512K(270976K)
[6.650s][info ][gc,heap      ] GC(20) CMS: 119799K->119848K(602112K)
[6.651s][info ][gc,metaspace ] GC(20) Metaspace: 36636K->36636K(1083392K)
[6.651s][info ][gc           ] GC(20) Pause Young (Allocation Failure) 352M->117M(852M) 1.838ms
[6.651s][info ][gc,cpu       ] GC(20) User=0.00s Sys=0.00s Real=0.00s
[6.651s][info ][safepoint    ] Leaving safepoint region
[6.651s][info ][safepoint    ] Total time for which application threads were stopped: 0.0020998 seconds, Stopping threads took: 0.0001195 seconds
[6.702s][info ][safepoint    ] Application time: 0.0510096 seconds
[6.702s][info ][safepoint    ] Entering safepoint region: GenCollectForAllocation
[6.702s][info ][gc,start     ] GC(21) Pause Young (Allocation Failure)
[6.702s][info ][gc,task      ] GC(21) Using 4 workers of 4 for evacuation
[6.703s][debug][gc,ref       ] GC(21) Skipped phase1 of Reference Processing due to unavailable references
[6.703s][debug][gc,ref       ] GC(21) Skipped phase2 of Reference Processing due to unavailable references
[6.703s][debug][gc,ref       ] GC(21) Skipped phase3 of Reference Processing due to unavailable references
[6.703s][debug][gc,ref       ] GC(21) Skipped phase4 of Reference Processing due to unavailable references
[6.704s][debug][gc,age       ] GC(21) Desired survivor size 15400960 bytes, new threshold 6 (max threshold 6)
[6.704s][info ][gc,heap      ] GC(21) ParNew: 241408K->516K(270976K)
[6.704s][info ][gc,heap      ] GC(21) CMS: 119848K->119874K(602112K)
[6.704s][info ][gc,metaspace ] GC(21) Metaspace: 36636K->36636K(1083392K)
[6.704s][info ][gc           ] GC(21) Pause Young (Allocation Failure) 352M->117M(852M) 1.764ms
[6.704s][info ][gc,cpu       ] GC(21) User=0.01s Sys=0.01s Real=0.01s
[6.704s][info ][safepoint    ] Leaving safepoint region
[6.704s][info ][safepoint    ] Total time for which application threads were stopped: 0.0020054 seconds, Stopping threads took: 0.0001025 seconds
[6.759s][info ][safepoint    ] Application time: 0.0550715 seconds
[6.760s][info ][safepoint    ] Entering safepoint region: GenCollectForAllocation
[6.760s][info ][gc,start     ] GC(22) Pause Young (Allocation Failure)
[6.760s][info ][gc,task      ] GC(22) Using 4 workers of 4 for evacuation
[6.762s][debug][gc,ref       ] GC(22) Skipped phase1 of Reference Processing due to unavailable references
[6.762s][debug][gc,ref       ] GC(22) Skipped phase2 of Reference Processing due to unavailable references
[6.762s][debug][gc,ref       ] GC(22) Skipped phase3 of Reference Processing due to unavailable references
[6.762s][debug][gc,ref       ] GC(22) Skipped phase4 of Reference Processing due to unavailable references
[6.762s][debug][gc,age       ] GC(22) Desired survivor size 15400960 bytes, new threshold 6 (max threshold 6)
[6.762s][info ][gc,heap      ] GC(22) ParNew: 241412K->526K(270976K)
[6.762s][info ][gc,heap      ] GC(22) CMS: 119874K->119929K(602112K)
[6.762s][info ][gc,metaspace ] GC(22) Metaspace: 36636K->36636K(1083392K)
[6.762s][info ][gc           ] GC(22) Pause Young (Allocation Failure) 352M->117M(852M) 2.012ms
[6.762s][info ][gc,cpu       ] GC(22) User=0.01s Sys=0.00s Real=0.00s
[6.762s][info ][safepoint    ] Leaving safepoint region
[6.762s][info ][safepoint    ] Total time for which application threads were stopped: 0.0031362 seconds, Stopping threads took: 0.0009430 seconds
[6.798s][info ][safepoint    ] Application time: 0.0357641 seconds
[6.798s][info ][safepoint    ] Entering safepoint region: GenCollectForAllocation
[6.798s][info ][gc,start     ] GC(23) Pause Young (Allocation Failure)
[6.798s][info ][gc,task      ] GC(23) Using 4 workers of 4 for evacuation
[6.800s][debug][gc,ref       ] GC(23) Skipped phase1 of Reference Processing due to unavailable references
[6.800s][debug][gc,ref       ] GC(23) Skipped phase2 of Reference Processing due to unavailable references
[6.800s][debug][gc,ref       ] GC(23) Skipped phase3 of Reference Processing due to unavailable references
[6.800s][debug][gc,ref       ] GC(23) Skipped phase4 of Reference Processing due to unavailable references
[6.800s][debug][gc,age       ] GC(23) Desired survivor size 15400960 bytes, new threshold 6 (max threshold 6)
[6.800s][info ][gc,heap      ] GC(23) ParNew: 241422K->457K(270976K)
[6.800s][info ][gc,heap      ] GC(23) CMS: 119929K->119961K(602112K)
[6.800s][info ][gc,metaspace ] GC(23) Metaspace: 36636K->36636K(1083392K)
[6.800s][info ][gc           ] GC(23) Pause Young (Allocation Failure) 352M->117M(852M) 1.995ms
[6.800s][info ][gc,cpu       ] GC(23) User=0.01s Sys=0.00s Real=0.00s
[6.800s][info ][safepoint    ] Leaving safepoint region
[6.800s][info ][safepoint    ] Total time for which application threads were stopped: 0.0022253 seconds, Stopping threads took: 0.0000865 seconds
[6.855s][info ][safepoint    ] Application time: 0.0553223 seconds
[6.855s][info ][safepoint    ] Entering safepoint region: GenCollectForAllocation
[6.856s][info ][gc,start     ] GC(24) Pause Young (Allocation Failure)
[6.856s][info ][gc,task      ] GC(24) Using 4 workers of 4 for evacuation
[6.857s][debug][gc,ref       ] GC(24) Skipped phase1 of Reference Processing due to unavailable references
[6.857s][debug][gc,ref       ] GC(24) Skipped phase2 of Reference Processing due to unavailable references
[6.857s][debug][gc,ref       ] GC(24) Skipped phase3 of Reference Processing due to unavailable references
[6.857s][debug][gc,ref       ] GC(24) Skipped phase4 of Reference Processing due to unavailable references
[6.857s][debug][gc,age       ] GC(24) Desired survivor size 15400960 bytes, new threshold 6 (max threshold 6)
[6.857s][info ][gc,heap      ] GC(24) ParNew: 241353K->621K(270976K)
[6.857s][info ][gc,heap      ] GC(24) CMS: 119961K->120000K(602112K)
[6.857s][info ][gc,metaspace ] GC(24) Metaspace: 36636K->36636K(1083392K)
[6.857s][info ][gc           ] GC(24) Pause Young (Allocation Failure) 352M->117M(852M) 1.913ms
[6.857s][info ][gc,cpu       ] GC(24) User=0.01s Sys=0.00s Real=0.00s
[6.857s][info ][safepoint    ] Leaving safepoint region
[6.857s][info ][safepoint    ] Total time for which application threads were stopped: 0.0022532 seconds, Stopping threads took: 0.0001680 seconds
[6.916s][info ][safepoint    ] Application time: 0.0582096 seconds
[6.916s][info ][safepoint    ] Entering safepoint region: GenCollectForAllocation
[6.916s][info ][gc,start     ] GC(25) Pause Young (Allocation Failure)
[6.916s][info ][gc,task      ] GC(25) Using 4 workers of 4 for evacuation
[6.918s][debug][gc,ref       ] GC(25) Skipped phase1 of Reference Processing due to unavailable references
[6.918s][debug][gc,ref       ] GC(25) Skipped phase2 of Reference Processing due to unavailable references
[6.918s][debug][gc,ref       ] GC(25) Skipped phase3 of Reference Processing due to unavailable references
[6.918s][debug][gc,ref       ] GC(25) Skipped phase4 of Reference Processing due to unavailable references
[6.918s][debug][gc,age       ] GC(25) Desired survivor size 15400960 bytes, new threshold 6 (max threshold 6)
[6.918s][info ][gc,heap      ] GC(25) ParNew: 241517K->397K(270976K)
[6.918s][info ][gc,heap      ] GC(25) CMS: 120000K->120067K(602112K)
[6.918s][info ][gc,metaspace ] GC(25) Metaspace: 36636K->36636K(1083392K)
[6.918s][info ][gc           ] GC(25) Pause Young (Allocation Failure) 353M->117M(852M) 2.445ms
[6.918s][info ][gc,cpu       ] GC(25) User=0.01s Sys=0.00s Real=0.00s
[6.918s][info ][safepoint    ] Leaving safepoint region
[6.918s][info ][safepoint    ] Total time for which application threads were stopped: 0.0027659 seconds, Stopping threads took: 0.0001560 seconds
[6.962s][info ][safepoint    ] Application time: 0.0434230 seconds
[6.962s][info ][safepoint    ] Entering safepoint region: GenCollectForAllocation
[6.962s][info ][gc,start     ] GC(26) Pause Young (Allocation Failure)
[6.962s][info ][gc,task      ] GC(26) Using 4 workers of 4 for evacuation
[6.965s][debug][gc,ref       ] GC(26) Skipped phase1 of Reference Processing due to unavailable references
[6.965s][debug][gc,ref       ] GC(26) Skipped phase2 of Reference Processing due to unavailable references
[6.965s][debug][gc,ref       ] GC(26) Skipped phase3 of Reference Processing due to unavailable references
[6.965s][debug][gc,ref       ] GC(26) Skipped phase4 of Reference Processing due to unavailable references
[6.965s][debug][gc,age       ] GC(26) Desired survivor size 15400960 bytes, new threshold 6 (max threshold 6)
[6.965s][info ][gc,heap      ] GC(26) ParNew: 241293K->469K(270976K)
[6.965s][info ][gc,heap      ] GC(26) CMS: 120067K->120108K(602112K)
[6.965s][info ][gc,metaspace ] GC(26) Metaspace: 36636K->36636K(1083392K)
[6.965s][info ][gc           ] GC(26) Pause Young (Allocation Failure) 352M->117M(852M) 2.473ms
[6.965s][info ][gc,cpu       ] GC(26) User=0.01s Sys=0.00s Real=0.01s
[6.965s][info ][safepoint    ] Leaving safepoint region
[6.965s][info ][safepoint    ] Total time for which application threads were stopped: 0.0028471 seconds, Stopping threads took: 0.0001938 seconds
[7.022s][info ][safepoint    ] Application time: 0.0568796 seconds
[7.022s][info ][safepoint    ] Entering safepoint region: GenCollectForAllocation
[7.022s][info ][gc,start     ] GC(27) Pause Young (Allocation Failure)
[7.022s][info ][gc,task      ] GC(27) Using 4 workers of 4 for evacuation
[7.024s][debug][gc,ref       ] GC(27) Skipped phase1 of Reference Processing due to unavailable references
[7.024s][debug][gc,ref       ] GC(27) Skipped phase2 of Reference Processing due to unavailable references
[7.024s][debug][gc,ref       ] GC(27) Skipped phase3 of Reference Processing due to unavailable references
[7.024s][debug][gc,ref       ] GC(27) Skipped phase4 of Reference Processing due to unavailable references
[7.024s][debug][gc,age       ] GC(27) Desired survivor size 15400960 bytes, new threshold 6 (max threshold 6)
[7.024s][info ][gc,heap      ] GC(27) ParNew: 241365K->527K(270976K)
[7.024s][info ][gc,heap      ] GC(27) CMS: 120108K->120157K(602112K)
[7.024s][info ][gc,metaspace ] GC(27) Metaspace: 36636K->36636K(1083392K)
[7.024s][info ][gc           ] GC(27) Pause Young (Allocation Failure) 353M->117M(852M) 2.328ms
[7.024s][info ][gc,cpu       ] GC(27) User=0.01s Sys=0.00s Real=0.01s
[7.024s][info ][safepoint    ] Leaving safepoint region
[7.024s][info ][safepoint    ] Total time for which application threads were stopped: 0.0027018 seconds, Stopping threads took: 0.0001886 seconds
[7.064s][info ][safepoint    ] Application time: 0.0399367 seconds
[7.064s][info ][safepoint    ] Entering safepoint region: GenCollectForAllocation
[7.065s][info ][gc,start     ] GC(28) Pause Young (Allocation Failure)
[7.065s][info ][gc,task      ] GC(28) Using 4 workers of 4 for evacuation
[7.066s][debug][gc,ref       ] GC(28) Skipped phase1 of Reference Processing due to unavailable references
[7.066s][debug][gc,ref       ] GC(28) Skipped phase2 of Reference Processing due to unavailable references
[7.066s][debug][gc,ref       ] GC(28) Skipped phase3 of Reference Processing due to unavailable references
[7.066s][debug][gc,ref       ] GC(28) Skipped phase4 of Reference Processing due to unavailable references
[7.066s][debug][gc,age       ] GC(28) Desired survivor size 15400960 bytes, new threshold 6 (max threshold 6)
[7.066s][info ][gc,heap      ] GC(28) ParNew: 241423K->565K(270976K)
[7.066s][info ][gc,heap      ] GC(28) CMS: 120157K->120207K(602112K)
[7.066s][info ][gc,metaspace ] GC(28) Metaspace: 36636K->36636K(1083392K)
[7.066s][info ][gc           ] GC(28) Pause Young (Allocation Failure) 353M->117M(852M) 1.789ms
[7.066s][info ][gc,cpu       ] GC(28) User=0.00s Sys=0.00s Real=0.00s
[7.066s][info ][safepoint    ] Leaving safepoint region
[7.066s][info ][safepoint    ] Total time for which application threads were stopped: 0.0020675 seconds, Stopping threads took: 0.0001102 seconds
[7.122s][info ][safepoint    ] Application time: 0.0550787 seconds
[7.122s][info ][safepoint    ] Entering safepoint region: GenCollectForAllocation
[7.122s][info ][gc,start     ] GC(29) Pause Young (Allocation Failure)
[7.122s][info ][gc,task      ] GC(29) Using 4 workers of 4 for evacuation
[7.124s][debug][gc,ref       ] GC(29) Skipped phase1 of Reference Processing due to unavailable references
[7.124s][debug][gc,ref       ] GC(29) Skipped phase2 of Reference Processing due to unavailable references
[7.124s][debug][gc,ref       ] GC(29) Skipped phase3 of Reference Processing due to unavailable references
[7.124s][debug][gc,ref       ] GC(29) Skipped phase4 of Reference Processing due to unavailable references
[7.124s][debug][gc,age       ] GC(29) Desired survivor size 15400960 bytes, new threshold 6 (max threshold 6)
[7.124s][info ][gc,heap      ] GC(29) ParNew: 241461K->636K(270976K)
[7.124s][info ][gc,heap      ] GC(29) CMS: 120207K->120230K(602112K)
[7.124s][info ][gc,metaspace ] GC(29) Metaspace: 36636K->36636K(1083392K)
[7.124s][info ][gc           ] GC(29) Pause Young (Allocation Failure) 353M->118M(852M) 1.856ms
[7.124s][info ][gc,cpu       ] GC(29) User=0.00s Sys=0.00s Real=0.01s
[7.124s][info ][safepoint    ] Leaving safepoint region
[7.124s][info ][safepoint    ] Total time for which application threads were stopped: 0.0022104 seconds, Stopping threads took: 0.0002032 seconds
[7.172s][info ][safepoint    ] Application time: 0.0477759 seconds
[7.172s][info ][safepoint    ] Entering safepoint region: GenCollectForAllocation
[7.172s][info ][gc,start     ] GC(30) Pause Young (Allocation Failure)
[7.172s][info ][gc,task      ] GC(30) Using 4 workers of 4 for evacuation
[7.174s][debug][gc,ref       ] GC(30) Skipped phase1 of Reference Processing due to unavailable references
[7.174s][debug][gc,ref       ] GC(30) Skipped phase2 of Reference Processing due to unavailable references
[7.174s][debug][gc,ref       ] GC(30) Skipped phase3 of Reference Processing due to unavailable references
[7.174s][debug][gc,ref       ] GC(30) Skipped phase4 of Reference Processing due to unavailable references
[7.174s][debug][gc,age       ] GC(30) Desired survivor size 15400960 bytes, new threshold 6 (max threshold 6)
[7.174s][info ][gc,heap      ] GC(30) ParNew: 241532K->676K(270976K)
[7.174s][info ][gc,heap      ] GC(30) CMS: 120230K->120289K(602112K)
[7.174s][info ][gc,metaspace ] GC(30) Metaspace: 36637K->36637K(1083392K)
[7.174s][info ][gc           ] GC(30) Pause Young (Allocation Failure) 353M->118M(852M) 2.067ms
[7.174s][info ][gc,cpu       ] GC(30) User=0.01s Sys=0.00s Real=0.00s
[7.174s][info ][safepoint    ] Leaving safepoint region
[7.174s][info ][safepoint    ] Total time for which application threads were stopped: 0.0028683 seconds, Stopping threads took: 0.0006485 seconds
[7.218s][info ][safepoint    ] Application time: 0.0431192 seconds
[7.218s][info ][safepoint    ] Entering safepoint region: GenCollectForAllocation
[7.218s][info ][gc,start     ] GC(31) Pause Young (Allocation Failure)
[7.218s][info ][gc,task      ] GC(31) Using 4 workers of 4 for evacuation
[7.220s][debug][gc,ref       ] GC(31) Skipped phase1 of Reference Processing due to unavailable references
[7.220s][debug][gc,ref       ] GC(31) Skipped phase2 of Reference Processing due to unavailable references
[7.220s][debug][gc,ref       ] GC(31) Skipped phase3 of Reference Processing due to unavailable references
[7.220s][debug][gc,ref       ] GC(31) Skipped phase4 of Reference Processing due to unavailable references
[7.220s][debug][gc,age       ] GC(31) Desired survivor size 15400960 bytes, new threshold 6 (max threshold 6)
[7.220s][info ][gc,heap      ] GC(31) ParNew: 241572K->477K(270976K)
[7.220s][info ][gc,heap      ] GC(31) CMS: 120289K->120340K(602112K)
[7.220s][info ][gc,metaspace ] GC(31) Metaspace: 36637K->36637K(1083392K)
[7.220s][info ][gc           ] GC(31) Pause Young (Allocation Failure) 353M->117M(852M) 1.954ms
[7.220s][info ][gc,cpu       ] GC(31) User=0.01s Sys=0.00s Real=0.00s
[7.220s][info ][safepoint    ] Leaving safepoint region
[7.220s][info ][safepoint    ] Total time for which application threads were stopped: 0.0023651 seconds, Stopping threads took: 0.0002384 seconds
[7.284s][info ][safepoint    ] Application time: 0.0642281 seconds
[7.287s][info ][safepoint    ] Entering safepoint region: GenCollectForAllocation
[7.288s][info ][gc,start     ] GC(32) Pause Young (Allocation Failure)
[7.288s][info ][gc,task      ] GC(32) Using 4 workers of 4 for evacuation
[7.289s][debug][gc,ref       ] GC(32) Skipped phase1 of Reference Processing due to unavailable references
[7.289s][debug][gc,ref       ] GC(32) Skipped phase2 of Reference Processing due to unavailable references
[7.289s][debug][gc,ref       ] GC(32) Skipped phase3 of Reference Processing due to unavailable references
[7.289s][debug][gc,ref       ] GC(32) Skipped phase4 of Reference Processing due to unavailable references
[7.290s][debug][gc,age       ] GC(32) Desired survivor size 15400960 bytes, new threshold 6 (max threshold 6)
[7.290s][info ][gc,heap      ] GC(32) ParNew: 241373K->577K(270976K)
[7.290s][info ][gc,heap      ] GC(32) CMS: 120340K->120379K(602112K)
[7.290s][info ][gc,metaspace ] GC(32) Metaspace: 36637K->36637K(1083392K)
[7.290s][info ][gc           ] GC(32) Pause Young (Allocation Failure) 353M->118M(852M) 1.941ms
[7.290s][info ][gc,cpu       ] GC(32) User=0.01s Sys=0.00s Real=0.00s
[7.290s][info ][safepoint    ] Leaving safepoint region
[7.290s][info ][safepoint    ] Total time for which application threads were stopped: 0.0053567 seconds, Stopping threads took: 0.0032677 seconds
[7.334s][info ][safepoint    ] Application time: 0.0440225 seconds
[7.334s][info ][safepoint    ] Entering safepoint region: GenCollectForAllocation
[7.334s][info ][gc,start     ] GC(33) Pause Young (Allocation Failure)
[7.334s][info ][gc,task      ] GC(33) Using 4 workers of 4 for evacuation
[7.336s][debug][gc,ref       ] GC(33) Skipped phase1 of Reference Processing due to unavailable references
[7.336s][debug][gc,ref       ] GC(33) Skipped phase2 of Reference Processing due to unavailable references
[7.336s][debug][gc,ref       ] GC(33) Skipped phase3 of Reference Processing due to unavailable references
[7.336s][debug][gc,ref       ] GC(33) Skipped phase4 of Reference Processing due to unavailable references
[7.336s][debug][gc,age       ] GC(33) Desired survivor size 15400960 bytes, new threshold 6 (max threshold 6)
[7.336s][info ][gc,heap      ] GC(33) ParNew: 241473K->540K(270976K)
[7.336s][info ][gc,heap      ] GC(33) CMS: 120379K->120443K(602112K)
[7.336s][info ][gc,metaspace ] GC(33) Metaspace: 36637K->36637K(1083392K)
[7.336s][info ][gc           ] GC(33) Pause Young (Allocation Failure) 353M->118M(852M) 1.959ms
[7.336s][info ][gc,cpu       ] GC(33) User=0.01s Sys=0.00s Real=0.01s
[7.336s][info ][safepoint    ] Leaving safepoint region
[7.336s][info ][safepoint    ] Total time for which application threads were stopped: 0.0021889 seconds, Stopping threads took: 0.0000828 seconds
[7.404s][info ][safepoint    ] Application time: 0.0678486 seconds
[7.404s][info ][safepoint    ] Entering safepoint region: GenCollectForAllocation
[7.404s][info ][gc,start     ] GC(34) Pause Young (Allocation Failure)
[7.404s][info ][gc,task      ] GC(34) Using 4 workers of 4 for evacuation
[7.406s][debug][gc,ref       ] GC(34) Skipped phase1 of Reference Processing due to unavailable references
[7.406s][debug][gc,ref       ] GC(34) Skipped phase2 of Reference Processing due to unavailable references
[7.406s][debug][gc,ref       ] GC(34) Skipped phase3 of Reference Processing due to unavailable references
[7.406s][debug][gc,ref       ] GC(34) Skipped phase4 of Reference Processing due to unavailable references
[7.406s][debug][gc,age       ] GC(34) Desired survivor size 15400960 bytes, new threshold 6 (max threshold 6)
[7.406s][info ][gc,heap      ] GC(34) ParNew: 241436K->541K(270976K)
[7.406s][info ][gc,heap      ] GC(34) CMS: 120443K->120472K(602112K)
[7.406s][info ][gc,metaspace ] GC(34) Metaspace: 36637K->36637K(1083392K)
[7.406s][info ][gc           ] GC(34) Pause Young (Allocation Failure) 353M->118M(852M) 1.886ms
[7.406s][info ][gc,cpu       ] GC(34) User=0.00s Sys=0.00s Real=0.00s
[7.406s][info ][safepoint    ] Leaving safepoint region
[7.406s][info ][safepoint    ] Total time for which application threads were stopped: 0.0022547 seconds, Stopping threads took: 0.0002170 seconds
[7.458s][info ][safepoint    ] Application time: 0.0520838 seconds
[7.471s][info ][safepoint    ] Entering safepoint region: GenCollectForAllocation
[7.471s][info ][gc,start     ] GC(35) Pause Young (Allocation Failure)
[7.471s][info ][gc,task      ] GC(35) Using 4 workers of 4 for evacuation
[7.472s][debug][gc,ref       ] GC(35) Skipped phase1 of Reference Processing due to unavailable references
[7.472s][debug][gc,ref       ] GC(35) Skipped phase2 of Reference Processing due to unavailable references
[7.472s][debug][gc,ref       ] GC(35) Skipped phase3 of Reference Processing due to unavailable references
[7.472s][debug][gc,ref       ] GC(35) Skipped phase4 of Reference Processing due to unavailable references
[7.473s][debug][gc,age       ] GC(35) Desired survivor size 15400960 bytes, new threshold 6 (max threshold 6)
[7.473s][info ][gc,heap      ] GC(35) ParNew: 241437K->556K(270976K)
[7.473s][info ][gc,heap      ] GC(35) CMS: 120472K->120544K(602112K)
[7.473s][info ][gc,metaspace ] GC(35) Metaspace: 36637K->36637K(1083392K)
[7.473s][info ][gc           ] GC(35) Pause Young (Allocation Failure) 353M->118M(852M) 1.977ms
[7.473s][info ][gc,cpu       ] GC(35) User=0.00s Sys=0.00s Real=0.00s
[7.473s][info ][safepoint    ] Leaving safepoint region
[7.473s][info ][safepoint    ] Total time for which application threads were stopped: 0.0145872 seconds, Stopping threads took: 0.0124593 seconds
[7.515s][info ][safepoint    ] Application time: 0.0419080 seconds
[7.515s][info ][safepoint    ] Entering safepoint region: GenCollectForAllocation
[7.515s][info ][gc,start     ] GC(36) Pause Young (Allocation Failure)
[7.515s][info ][gc,task      ] GC(36) Using 4 workers of 4 for evacuation
[7.517s][debug][gc,ref       ] GC(36) Skipped phase1 of Reference Processing due to unavailable references
[7.517s][debug][gc,ref       ] GC(36) Skipped phase2 of Reference Processing due to unavailable references
[7.517s][debug][gc,ref       ] GC(36) Skipped phase3 of Reference Processing due to unavailable references
[7.517s][debug][gc,ref       ] GC(36) Skipped phase4 of Reference Processing due to unavailable references
[7.517s][debug][gc,age       ] GC(36) Desired survivor size 15400960 bytes, new threshold 6 (max threshold 6)
[7.517s][info ][gc,heap      ] GC(36) ParNew: 241452K->443K(270976K)
[7.517s][info ][gc,heap      ] GC(36) CMS: 120544K->120580K(602112K)
[7.517s][info ][gc,metaspace ] GC(36) Metaspace: 36646K->36646K(1083392K)
[7.517s][info ][gc           ] GC(36) Pause Young (Allocation Failure) 353M->118M(852M) 1.812ms
[7.517s][info ][gc,cpu       ] GC(36) User=0.01s Sys=0.00s Real=0.01s
[7.517s][info ][safepoint    ] Leaving safepoint region
[7.517s][info ][safepoint    ] Total time for which application threads were stopped: 0.0021260 seconds, Stopping threads took: 0.0001571 seconds
[7.573s][info ][safepoint    ] Application time: 0.0559181 seconds
[7.573s][info ][safepoint    ] Entering safepoint region: GenCollectForAllocation
[7.573s][info ][gc,start     ] GC(37) Pause Young (Allocation Failure)
[7.573s][info ][gc,task      ] GC(37) Using 4 workers of 4 for evacuation
[7.575s][debug][gc,ref       ] GC(37) Skipped phase1 of Reference Processing due to unavailable references
[7.575s][debug][gc,ref       ] GC(37) Skipped phase2 of Reference Processing due to unavailable references
[7.575s][debug][gc,ref       ] GC(37) Skipped phase3 of Reference Processing due to unavailable references
[7.575s][debug][gc,ref       ] GC(37) Skipped phase4 of Reference Processing due to unavailable references
[7.575s][debug][gc,age       ] GC(37) Desired survivor size 15400960 bytes, new threshold 6 (max threshold 6)
[7.575s][info ][gc,heap      ] GC(37) ParNew: 241339K->539K(270976K)
[7.575s][info ][gc,heap      ] GC(37) CMS: 120580K->120625K(602112K)
[7.575s][info ][gc,metaspace ] GC(37) Metaspace: 36648K->36648K(1083392K)
[7.575s][info ][gc           ] GC(37) Pause Young (Allocation Failure) 353M->118M(852M) 1.789ms
[7.575s][info ][gc,cpu       ] GC(37) User=0.01s Sys=0.00s Real=0.00s
[7.575s][info ][safepoint    ] Leaving safepoint region
[7.575s][info ][safepoint    ] Total time for which application threads were stopped: 0.0020968 seconds, Stopping threads took: 0.0001724 seconds
[7.622s][info ][safepoint    ] Application time: 0.0467529 seconds
[7.624s][info ][safepoint    ] Entering safepoint region: GenCollectForAllocation
[7.624s][info ][gc,start     ] GC(38) Pause Young (Allocation Failure)
[7.624s][info ][gc,task      ] GC(38) Using 4 workers of 4 for evacuation
[7.626s][debug][gc,ref       ] GC(38) Skipped phase1 of Reference Processing due to unavailable references
[7.626s][debug][gc,ref       ] GC(38) Skipped phase2 of Reference Processing due to unavailable references
[7.626s][debug][gc,ref       ] GC(38) Skipped phase3 of Reference Processing due to unavailable references
[7.626s][debug][gc,ref       ] GC(38) Skipped phase4 of Reference Processing due to unavailable references
[7.626s][debug][gc,age       ] GC(38) Desired survivor size 15400960 bytes, new threshold 6 (max threshold 6)
[7.626s][info ][gc,heap      ] GC(38) ParNew: 241435K->654K(270976K)
[7.626s][info ][gc,heap      ] GC(38) CMS: 120625K->120674K(602112K)
[7.626s][info ][gc,metaspace ] GC(38) Metaspace: 36648K->36648K(1083392K)
[7.626s][info ][gc           ] GC(38) Pause Young (Allocation Failure) 353M->118M(852M) 1.877ms
[7.626s][info ][gc,cpu       ] GC(38) User=0.01s Sys=0.00s Real=0.00s
[7.626s][info ][safepoint    ] Leaving safepoint region
[7.626s][info ][safepoint    ] Total time for which application threads were stopped: 0.0046950 seconds, Stopping threads took: 0.0026795 seconds
[7.671s][info ][safepoint    ] Application time: 0.0451031 seconds
[7.672s][info ][safepoint    ] Entering safepoint region: GenCollectForAllocation
[7.672s][info ][gc,start     ] GC(39) Pause Young (Allocation Failure)
[7.672s][info ][gc,task      ] GC(39) Using 4 workers of 4 for evacuation
[7.673s][debug][gc,ref       ] GC(39) Skipped phase1 of Reference Processing due to unavailable references
[7.673s][debug][gc,ref       ] GC(39) Skipped phase2 of Reference Processing due to unavailable references
[7.673s][debug][gc,ref       ] GC(39) Skipped phase3 of Reference Processing due to unavailable references
[7.673s][debug][gc,ref       ] GC(39) Skipped phase4 of Reference Processing due to unavailable references
[7.673s][debug][gc,age       ] GC(39) Desired survivor size 15400960 bytes, new threshold 6 (max threshold 6)
[7.673s][info ][gc,heap      ] GC(39) ParNew: 241550K->455K(270976K)
[7.673s][info ][gc,heap      ] GC(39) CMS: 120674K->120716K(602112K)
[7.674s][info ][gc,metaspace ] GC(39) Metaspace: 36648K->36648K(1083392K)
[7.674s][info ][gc           ] GC(39) Pause Young (Allocation Failure) 353M->118M(852M) 1.800ms
[7.674s][info ][gc,cpu       ] GC(39) User=0.01s Sys=0.00s Real=0.00s
[7.674s][info ][safepoint    ] Leaving safepoint region
[7.674s][info ][safepoint    ] Total time for which application threads were stopped: 0.0021456 seconds, Stopping threads took: 0.0001805 seconds
[7.719s][info ][safepoint    ] Application time: 0.0455125 seconds
[7.722s][info ][safepoint    ] Entering safepoint region: GenCollectForAllocation
[7.722s][info ][gc,start     ] GC(40) Pause Young (Allocation Failure)
[7.722s][info ][gc,task      ] GC(40) Using 4 workers of 4 for evacuation
[7.724s][debug][gc,ref       ] GC(40) Skipped phase1 of Reference Processing due to unavailable references
[7.724s][debug][gc,ref       ] GC(40) Skipped phase2 of Reference Processing due to unavailable references
[7.724s][debug][gc,ref       ] GC(40) Skipped phase3 of Reference Processing due to unavailable references
[7.724s][debug][gc,ref       ] GC(40) Skipped phase4 of Reference Processing due to unavailable references
[7.724s][debug][gc,age       ] GC(40) Desired survivor size 15400960 bytes, new threshold 6 (max threshold 6)
[7.724s][info ][gc,heap      ] GC(40) ParNew: 241351K->516K(270976K)
[7.724s][info ][gc,heap      ] GC(40) CMS: 120716K->120765K(602112K)
[7.724s][info ][gc,metaspace ] GC(40) Metaspace: 36648K->36648K(1083392K)
[7.724s][info ][gc           ] GC(40) Pause Young (Allocation Failure) 353M->118M(852M) 1.954ms
[7.724s][info ][gc,cpu       ] GC(40) User=0.00s Sys=0.00s Real=0.01s
[7.724s][info ][safepoint    ] Leaving safepoint region
[7.724s][info ][safepoint    ] Total time for which application threads were stopped: 0.0048172 seconds, Stopping threads took: 0.0027064 seconds
[7.785s][info ][safepoint    ] Application time: 0.0607662 seconds
[7.785s][info ][safepoint    ] Entering safepoint region: GenCollectForAllocation
[7.785s][info ][gc,start     ] GC(41) Pause Young (Allocation Failure)
[7.785s][info ][gc,task      ] GC(41) Using 4 workers of 4 for evacuation
[7.787s][debug][gc,ref       ] GC(41) Skipped phase1 of Reference Processing due to unavailable references
[7.787s][debug][gc,ref       ] GC(41) Skipped phase2 of Reference Processing due to unavailable references
[7.787s][debug][gc,ref       ] GC(41) Skipped phase3 of Reference Processing due to unavailable references
[7.787s][debug][gc,ref       ] GC(41) Skipped phase4 of Reference Processing due to unavailable references
[7.787s][debug][gc,age       ] GC(41) Desired survivor size 15400960 bytes, new threshold 6 (max threshold 6)
[7.787s][info ][gc,heap      ] GC(41) ParNew: 241412K->555K(270976K)
[7.787s][info ][gc,heap      ] GC(41) CMS: 120765K->120815K(602112K)
[7.787s][info ][gc,metaspace ] GC(41) Metaspace: 36648K->36648K(1083392K)
[7.787s][info ][gc           ] GC(41) Pause Young (Allocation Failure) 353M->118M(852M) 1.907ms
[7.787s][info ][gc,cpu       ] GC(41) User=0.01s Sys=0.00s Real=0.00s
[7.787s][info ][safepoint    ] Leaving safepoint region
[7.787s][info ][safepoint    ] Total time for which application threads were stopped: 0.0022621 seconds, Stopping threads took: 0.0002130 seconds
[7.829s][info ][safepoint    ] Application time: 0.0421872 seconds
[7.829s][info ][safepoint    ] Entering safepoint region: GenCollectForAllocation
[7.829s][info ][gc,start     ] GC(42) Pause Young (Allocation Failure)
[7.829s][info ][gc,task      ] GC(42) Using 4 workers of 4 for evacuation
[7.831s][debug][gc,ref       ] GC(42) Skipped phase1 of Reference Processing due to unavailable references
[7.831s][debug][gc,ref       ] GC(42) Skipped phase2 of Reference Processing due to unavailable references
[7.831s][debug][gc,ref       ] GC(42) Skipped phase3 of Reference Processing due to unavailable references
[7.831s][debug][gc,ref       ] GC(42) Skipped phase4 of Reference Processing due to unavailable references
[7.831s][debug][gc,age       ] GC(42) Desired survivor size 15400960 bytes, new threshold 6 (max threshold 6)
[7.831s][info ][gc,heap      ] GC(42) ParNew: 241451K->568K(270976K)
[7.831s][info ][gc,heap      ] GC(42) CMS: 120815K->120858K(602112K)
[7.831s][info ][gc,metaspace ] GC(42) Metaspace: 36648K->36648K(1083392K)
[7.831s][info ][gc           ] GC(42) Pause Young (Allocation Failure) 353M->118M(852M) 2.010ms
[7.831s][info ][gc,cpu       ] GC(42) User=0.01s Sys=0.00s Real=0.00s
[7.831s][info ][safepoint    ] Leaving safepoint region
[7.831s][info ][safepoint    ] Total time for which application threads were stopped: 0.0022910 seconds, Stopping threads took: 0.0001252 seconds
[7.888s][info ][safepoint    ] Application time: 0.0564696 seconds
[7.888s][info ][safepoint    ] Entering safepoint region: GenCollectForAllocation
[7.888s][info ][gc,start     ] GC(43) Pause Young (Allocation Failure)
[7.888s][info ][gc,task      ] GC(43) Using 4 workers of 4 for evacuation
[7.890s][debug][gc,ref       ] GC(43) Skipped phase1 of Reference Processing due to unavailable references
[7.890s][debug][gc,ref       ] GC(43) Skipped phase2 of Reference Processing due to unavailable references
[7.890s][debug][gc,ref       ] GC(43) Skipped phase3 of Reference Processing due to unavailable references
[7.890s][debug][gc,ref       ] GC(43) Skipped phase4 of Reference Processing due to unavailable references
[7.890s][debug][gc,age       ] GC(43) Desired survivor size 15400960 bytes, new threshold 6 (max threshold 6)
[7.890s][info ][gc,heap      ] GC(43) ParNew: 241464K->686K(270976K)
[7.890s][info ][gc,heap      ] GC(43) CMS: 120858K->120918K(602112K)
[7.890s][info ][gc,metaspace ] GC(43) Metaspace: 36648K->36648K(1083392K)
[7.890s][info ][gc           ] GC(43) Pause Young (Allocation Failure) 353M->118M(852M) 1.930ms
[7.890s][info ][gc,cpu       ] GC(43) User=0.01s Sys=0.00s Real=0.00s
[7.890s][info ][safepoint    ] Leaving safepoint region
[7.890s][info ][safepoint    ] Total time for which application threads were stopped: 0.0021944 seconds, Stopping threads took: 0.0001163 seconds
[7.926s][info ][safepoint    ] Application time: 0.0361601 seconds
[7.926s][info ][safepoint    ] Entering safepoint region: GenCollectForAllocation
[7.927s][info ][gc,start     ] GC(44) Pause Young (Allocation Failure)
[7.927s][info ][gc,task      ] GC(44) Using 4 workers of 4 for evacuation
[7.928s][debug][gc,ref       ] GC(44) Skipped phase1 of Reference Processing due to unavailable references
[7.928s][debug][gc,ref       ] GC(44) Skipped phase2 of Reference Processing due to unavailable references
[7.928s][debug][gc,ref       ] GC(44) Skipped phase3 of Reference Processing due to unavailable references
[7.928s][debug][gc,ref       ] GC(44) Skipped phase4 of Reference Processing due to unavailable references
[7.928s][debug][gc,age       ] GC(44) Desired survivor size 15400960 bytes, new threshold 6 (max threshold 6)
[7.928s][info ][gc,heap      ] GC(44) ParNew: 241582K->473K(270976K)
[7.928s][info ][gc,heap      ] GC(44) CMS: 120918K->120966K(602112K)
[7.928s][info ][gc,metaspace ] GC(44) Metaspace: 36648K->36648K(1083392K)
[7.929s][info ][gc           ] GC(44) Pause Young (Allocation Failure) 354M->118M(852M) 1.949ms
[7.929s][info ][gc,cpu       ] GC(44) User=0.01s Sys=0.00s Real=0.00s
[7.929s][info ][safepoint    ] Leaving safepoint region
[7.929s][info ][safepoint    ] Total time for which application threads were stopped: 0.0021728 seconds, Stopping threads took: 0.0000717 seconds
[7.985s][info ][safepoint    ] Application time: 0.0569064 seconds
[7.986s][info ][safepoint    ] Entering safepoint region: GenCollectForAllocation
[7.986s][info ][gc,start     ] GC(45) Pause Young (Allocation Failure)
[7.986s][info ][gc,task      ] GC(45) Using 4 workers of 4 for evacuation
[7.988s][debug][gc,ref       ] GC(45) Skipped phase1 of Reference Processing due to unavailable references
[7.988s][debug][gc,ref       ] GC(45) Skipped phase2 of Reference Processing due to unavailable references
[7.988s][debug][gc,ref       ] GC(45) Skipped phase3 of Reference Processing due to unavailable references
[7.988s][debug][gc,ref       ] GC(45) Skipped phase4 of Reference Processing due to unavailable references
[7.988s][debug][gc,age       ] GC(45) Desired survivor size 15400960 bytes, new threshold 6 (max threshold 6)
[7.988s][info ][gc,heap      ] GC(45) ParNew: 241369K->695K(270976K)
[7.988s][info ][gc,heap      ] GC(45) CMS: 120966K->121005K(602112K)
[7.988s][info ][gc,metaspace ] GC(45) Metaspace: 36648K->36648K(1083392K)
[7.988s][info ][gc           ] GC(45) Pause Young (Allocation Failure) 353M->118M(852M) 2.608ms
[7.988s][info ][gc,cpu       ] GC(45) User=0.01s Sys=0.00s Real=0.00s
[7.988s][info ][safepoint    ] Leaving safepoint region
[7.988s][info ][safepoint    ] Total time for which application threads were stopped: 0.0029141 seconds, Stopping threads took: 0.0001515 seconds
[8.039s][info ][safepoint    ] Application time: 0.0507561 seconds
[8.040s][info ][safepoint    ] Entering safepoint region: GenCollectForAllocation
[8.040s][info ][gc,start     ] GC(46) Pause Young (Allocation Failure)
[8.040s][info ][gc,task      ] GC(46) Using 4 workers of 4 for evacuation
[8.041s][debug][gc,ref       ] GC(46) Skipped phase1 of Reference Processing due to unavailable references
[8.041s][debug][gc,ref       ] GC(46) Skipped phase2 of Reference Processing due to unavailable references
[8.041s][debug][gc,ref       ] GC(46) Skipped phase3 of Reference Processing due to unavailable references
[8.041s][debug][gc,ref       ] GC(46) Skipped phase4 of Reference Processing due to unavailable references
[8.042s][debug][gc,age       ] GC(46) Desired survivor size 15400960 bytes, new threshold 6 (max threshold 6)
[8.042s][info ][gc,heap      ] GC(46) ParNew: 241591K->483K(270976K)
[8.042s][info ][gc,heap      ] GC(46) CMS: 121005K->121059K(602112K)
[8.042s][info ][gc,metaspace ] GC(46) Metaspace: 36648K->36648K(1083392K)
[8.042s][info ][gc           ] GC(46) Pause Young (Allocation Failure) 354M->118M(852M) 1.914ms
[8.042s][info ][gc,cpu       ] GC(46) User=0.01s Sys=0.00s Real=0.00s
[8.042s][info ][safepoint    ] Leaving safepoint region
[8.042s][info ][safepoint    ] Total time for which application threads were stopped: 0.0024442 seconds, Stopping threads took: 0.0003728 seconds
[8.102s][info ][safepoint    ] Application time: 0.0598385 seconds
[8.104s][info ][safepoint    ] Entering safepoint region: GenCollectForAllocation
[8.105s][info ][gc,start     ] GC(47) Pause Young (Allocation Failure)
[8.105s][info ][gc,task      ] GC(47) Using 4 workers of 4 for evacuation
[8.106s][debug][gc,ref       ] GC(47) Skipped phase1 of Reference Processing due to unavailable references
[8.106s][debug][gc,ref       ] GC(47) Skipped phase2 of Reference Processing due to unavailable references
[8.106s][debug][gc,ref       ] GC(47) Skipped phase3 of Reference Processing due to unavailable references
[8.106s][debug][gc,ref       ] GC(47) Skipped phase4 of Reference Processing due to unavailable references
[8.107s][debug][gc,age       ] GC(47) Desired survivor size 15400960 bytes, new threshold 6 (max threshold 6)
[8.107s][info ][gc,heap      ] GC(47) ParNew: 241379K->706K(270976K)
[8.107s][info ][gc,heap      ] GC(47) CMS: 121059K->121127K(602112K)
[8.107s][info ][gc,metaspace ] GC(47) Metaspace: 36649K->36649K(1083392K)
[8.107s][info ][gc           ] GC(47) Pause Young (Allocation Failure) 353M->118M(852M) 2.037ms
[8.107s][info ][gc,cpu       ] GC(47) User=0.01s Sys=0.00s Real=0.00s
[8.107s][info ][safepoint    ] Leaving safepoint region
[8.107s][info ][safepoint    ] Total time for which application threads were stopped: 0.0051887 seconds, Stopping threads took: 0.0029002 seconds
[8.143s][info ][safepoint    ] Application time: 0.0363805 seconds
[8.143s][info ][safepoint    ] Entering safepoint region: GenCollectForAllocation
[8.143s][info ][gc,start     ] GC(48) Pause Young (Allocation Failure)
[8.143s][info ][gc,task      ] GC(48) Using 4 workers of 4 for evacuation
[8.146s][debug][gc,ref       ] GC(48) Skipped phase1 of Reference Processing due to unavailable references
[8.146s][debug][gc,ref       ] GC(48) Skipped phase2 of Reference Processing due to unavailable references
[8.146s][debug][gc,ref       ] GC(48) Skipped phase3 of Reference Processing due to unavailable references
[8.146s][debug][gc,ref       ] GC(48) Skipped phase4 of Reference Processing due to unavailable references
[8.146s][debug][gc,age       ] GC(48) Desired survivor size 15400960 bytes, new threshold 6 (max threshold 6)
[8.146s][info ][gc,heap      ] GC(48) ParNew: 241602K->477K(270976K)
[8.146s][info ][gc,heap      ] GC(48) CMS: 121127K->121161K(602112K)
[8.146s][info ][gc,metaspace ] GC(48) Metaspace: 36649K->36649K(1083392K)
[8.146s][info ][gc           ] GC(48) Pause Young (Allocation Failure) 354M->118M(852M) 2.574ms
[8.146s][info ][gc,cpu       ] GC(48) User=0.00s Sys=0.01s Real=0.01s
[8.146s][info ][safepoint    ] Leaving safepoint region
[8.146s][info ][safepoint    ] Total time for which application threads were stopped: 0.0028356 seconds, Stopping threads took: 0.0001231 seconds
[8.202s][info ][safepoint    ] Application time: 0.0559821 seconds
[8.202s][info ][safepoint    ] Entering safepoint region: GenCollectForAllocation
[8.202s][info ][gc,start     ] GC(49) Pause Young (Allocation Failure)
[8.202s][info ][gc,task      ] GC(49) Using 4 workers of 4 for evacuation
[8.204s][debug][gc,ref       ] GC(49) Skipped phase1 of Reference Processing due to unavailable references
[8.204s][debug][gc,ref       ] GC(49) Skipped phase2 of Reference Processing due to unavailable references
[8.204s][debug][gc,ref       ] GC(49) Skipped phase3 of Reference Processing due to unavailable references
[8.204s][debug][gc,ref       ] GC(49) Skipped phase4 of Reference Processing due to unavailable references
[8.204s][debug][gc,age       ] GC(49) Desired survivor size 15400960 bytes, new threshold 6 (max threshold 6)
[8.204s][info ][gc,heap      ] GC(49) ParNew: 241373K->648K(270976K)
[8.204s][info ][gc,heap      ] GC(49) CMS: 121161K->121224K(602112K)
[8.204s][info ][gc,metaspace ] GC(49) Metaspace: 36656K->36656K(1083392K)
[8.204s][info ][gc           ] GC(49) Pause Young (Allocation Failure) 354M->119M(852M) 1.899ms
[8.204s][info ][gc,cpu       ] GC(49) User=0.01s Sys=0.00s Real=0.01s
[8.204s][info ][safepoint    ] Leaving safepoint region
[8.204s][info ][safepoint    ] Total time for which application threads were stopped: 0.0022944 seconds, Stopping threads took: 0.0002553 seconds
[8.247s][info ][safepoint    ] Application time: 0.0431513 seconds
[8.248s][info ][safepoint    ] Entering safepoint region: GenCollectForAllocation
[8.248s][info ][gc,start     ] GC(50) Pause Young (Allocation Failure)
[8.248s][info ][gc,task      ] GC(50) Using 4 workers of 4 for evacuation
[8.249s][debug][gc,ref       ] GC(50) Skipped phase1 of Reference Processing due to unavailable references
[8.249s][debug][gc,ref       ] GC(50) Skipped phase2 of Reference Processing due to unavailable references
[8.249s][debug][gc,ref       ] GC(50) Skipped phase3 of Reference Processing due to unavailable references
[8.249s][debug][gc,ref       ] GC(50) Skipped phase4 of Reference Processing due to unavailable references
[8.249s][debug][gc,age       ] GC(50) Desired survivor size 15400960 bytes, new threshold 6 (max threshold 6)
[8.249s][info ][gc,heap      ] GC(50) ParNew: 241544K->491K(270976K)
[8.249s][info ][gc,heap      ] GC(50) CMS: 121224K->121253K(602112K)
[8.249s][info ][gc,metaspace ] GC(50) Metaspace: 36662K->36662K(1083392K)
[8.249s][info ][gc           ] GC(50) Pause Young (Allocation Failure) 354M->118M(852M) 1.752ms
[8.249s][info ][gc,cpu       ] GC(50) User=0.01s Sys=0.00s Real=0.00s
[8.250s][info ][safepoint    ] Leaving safepoint region
[8.250s][info ][safepoint    ] Total time for which application threads were stopped: 0.0020301 seconds, Stopping threads took: 0.0001066 seconds
[8.295s][info ][safepoint    ] Application time: 0.0456418 seconds
[8.308s][info ][safepoint    ] Entering safepoint region: GenCollectForAllocation
[8.308s][info ][gc,start     ] GC(51) Pause Young (Allocation Failure)
[8.308s][info ][gc,task      ] GC(51) Using 4 workers of 4 for evacuation
[8.312s][debug][gc,ref       ] GC(51) Skipped phase1 of Reference Processing due to unavailable references
[8.312s][debug][gc,ref       ] GC(51) Skipped phase2 of Reference Processing due to unavailable references
[8.312s][debug][gc,ref       ] GC(51) Skipped phase3 of Reference Processing due to unavailable references
[8.312s][debug][gc,ref       ] GC(51) Skipped phase4 of Reference Processing due to unavailable references
[8.312s][debug][gc,age       ] GC(51) Desired survivor size 15400960 bytes, new threshold 6 (max threshold 6)
[8.312s][info ][gc,heap      ] GC(51) ParNew: 241387K->513K(270976K)
[8.312s][info ][gc,heap      ] GC(51) CMS: 121253K->121334K(602112K)
[8.312s][info ][gc,metaspace ] GC(51) Metaspace: 36662K->36662K(1083392K)
[8.312s][info ][gc           ] GC(51) Pause Young (Allocation Failure) 354M->118M(852M) 3.987ms
[8.312s][info ][gc,cpu       ] GC(51) User=0.00s Sys=0.00s Real=0.00s
[8.312s][info ][safepoint    ] Leaving safepoint region
[8.312s][info ][safepoint    ] Total time for which application threads were stopped: 0.0168195 seconds, Stopping threads took: 0.0126193 seconds
[8.358s][info ][safepoint    ] Application time: 0.0463727 seconds
[8.359s][info ][safepoint    ] Entering safepoint region: GenCollectForAllocation
[8.359s][info ][gc,start     ] GC(52) Pause Young (Allocation Failure)
[8.359s][info ][gc,task      ] GC(52) Using 4 workers of 4 for evacuation
[8.361s][debug][gc,ref       ] GC(52) Skipped phase1 of Reference Processing due to unavailable references
[8.361s][debug][gc,ref       ] GC(52) Skipped phase2 of Reference Processing due to unavailable references
[8.361s][debug][gc,ref       ] GC(52) Skipped phase3 of Reference Processing due to unavailable references
[8.361s][debug][gc,ref       ] GC(52) Skipped phase4 of Reference Processing due to unavailable references
[8.361s][debug][gc,age       ] GC(52) Desired survivor size 15400960 bytes, new threshold 6 (max threshold 6)
[8.361s][info ][gc,heap      ] GC(52) ParNew: 241409K->602K(270976K)
[8.361s][info ][gc,heap      ] GC(52) CMS: 121334K->121371K(602112K)
[8.361s][info ][gc,metaspace ] GC(52) Metaspace: 36662K->36662K(1083392K)
[8.361s][info ][gc           ] GC(52) Pause Young (Allocation Failure) 354M->119M(852M) 2.290ms
[8.361s][info ][gc,cpu       ] GC(52) User=0.00s Sys=0.00s Real=0.00s
[8.361s][info ][safepoint    ] Leaving safepoint region
[8.361s][info ][safepoint    ] Total time for which application threads were stopped: 0.0026185 seconds, Stopping threads took: 0.0001623 seconds
[8.417s][info ][safepoint    ] Application time: 0.0555565 seconds
[8.417s][info ][safepoint    ] Entering safepoint region: GenCollectForAllocation
[8.417s][info ][gc,start     ] GC(53) Pause Young (Allocation Failure)
[8.417s][info ][gc,task      ] GC(53) Using 4 workers of 4 for evacuation
[8.419s][debug][gc,ref       ] GC(53) Skipped phase1 of Reference Processing due to unavailable references
[8.419s][debug][gc,ref       ] GC(53) Skipped phase2 of Reference Processing due to unavailable references
[8.419s][debug][gc,ref       ] GC(53) Skipped phase3 of Reference Processing due to unavailable references
[8.419s][debug][gc,ref       ] GC(53) Skipped phase4 of Reference Processing due to unavailable references
[8.419s][debug][gc,age       ] GC(53) Desired survivor size 15400960 bytes, new threshold 6 (max threshold 6)
[8.419s][info ][gc,heap      ] GC(53) ParNew: 241498K->627K(270976K)
[8.419s][info ][gc,heap      ] GC(53) CMS: 121371K->121455K(602112K)
[8.419s][info ][gc,metaspace ] GC(53) Metaspace: 36662K->36662K(1083392K)
[8.419s][info ][gc           ] GC(53) Pause Young (Allocation Failure) 354M->119M(852M) 2.289ms
[8.419s][info ][gc,cpu       ] GC(53) User=0.01s Sys=0.00s Real=0.00s
[8.419s][info ][safepoint    ] Leaving safepoint region
[8.419s][info ][safepoint    ] Total time for which application threads were stopped: 0.0026446 seconds, Stopping threads took: 0.0002018 seconds
[8.481s][info ][safepoint    ] Application time: 0.0614348 seconds
[8.481s][info ][safepoint    ] Entering safepoint region: GenCollectForAllocation
[8.482s][info ][gc,start     ] GC(54) Pause Young (Allocation Failure)
[8.482s][info ][gc,task      ] GC(54) Using 4 workers of 4 for evacuation
[8.483s][debug][gc,ref       ] GC(54) Skipped phase1 of Reference Processing due to unavailable references
[8.483s][debug][gc,ref       ] GC(54) Skipped phase2 of Reference Processing due to unavailable references
[8.483s][debug][gc,ref       ] GC(54) Skipped phase3 of Reference Processing due to unavailable references
[8.483s][debug][gc,ref       ] GC(54) Skipped phase4 of Reference Processing due to unavailable references
[8.483s][debug][gc,age       ] GC(54) Desired survivor size 15400960 bytes, new threshold 6 (max threshold 6)
[8.483s][info ][gc,heap      ] GC(54) ParNew: 241523K->580K(270976K)
[8.483s][info ][gc,heap      ] GC(54) CMS: 121455K->121486K(602112K)
[8.483s][info ][gc,metaspace ] GC(54) Metaspace: 36662K->36662K(1083392K)
[8.483s][info ][gc           ] GC(54) Pause Young (Allocation Failure) 354M->119M(852M) 1.785ms
[8.483s][info ][gc,cpu       ] GC(54) User=0.00s Sys=0.00s Real=0.00s
[8.483s][info ][safepoint    ] Leaving safepoint region
[8.483s][info ][safepoint    ] Total time for which application threads were stopped: 0.0025746 seconds, Stopping threads took: 0.0006610 seconds
[8.519s][info ][safepoint    ] Application time: 0.0358490 seconds
[8.519s][info ][safepoint    ] Entering safepoint region: GenCollectForAllocation
[8.520s][info ][gc,start     ] GC(55) Pause Young (Allocation Failure)
[8.520s][info ][gc,task      ] GC(55) Using 4 workers of 4 for evacuation
[8.521s][debug][gc,ref       ] GC(55) Skipped phase1 of Reference Processing due to unavailable references
[8.521s][debug][gc,ref       ] GC(55) Skipped phase2 of Reference Processing due to unavailable references
[8.521s][debug][gc,ref       ] GC(55) Skipped phase3 of Reference Processing due to unavailable references
[8.521s][debug][gc,ref       ] GC(55) Skipped phase4 of Reference Processing due to unavailable references
[8.521s][debug][gc,age       ] GC(55) Desired survivor size 15400960 bytes, new threshold 6 (max threshold 6)
[8.521s][info ][gc,heap      ] GC(55) ParNew: 241476K->609K(270976K)
[8.521s][info ][gc,heap      ] GC(55) CMS: 121486K->121556K(602112K)
[8.521s][info ][gc,metaspace ] GC(55) Metaspace: 36662K->36662K(1083392K)
[8.522s][info ][gc           ] GC(55) Pause Young (Allocation Failure) 354M->119M(852M) 1.889ms
[8.522s][info ][gc,cpu       ] GC(55) User=0.01s Sys=0.00s Real=0.00s
[8.522s][info ][safepoint    ] Leaving safepoint region
[8.522s][info ][safepoint    ] Total time for which application threads were stopped: 0.0023345 seconds, Stopping threads took: 0.0002878 seconds
[8.600s][info ][safepoint    ] Application time: 0.0787769 seconds
[8.600s][info ][safepoint    ] Entering safepoint region: GenCollectForAllocation
[8.601s][info ][gc,start     ] GC(56) Pause Young (Allocation Failure)
[8.601s][info ][gc,task      ] GC(56) Using 4 workers of 4 for evacuation
[8.602s][debug][gc,ref       ] GC(56) Skipped phase1 of Reference Processing due to unavailable references
[8.603s][debug][gc,ref       ] GC(56) Skipped phase2 of Reference Processing due to unavailable references
[8.603s][debug][gc,ref       ] GC(56) Skipped phase3 of Reference Processing due to unavailable references
[8.603s][debug][gc,ref       ] GC(56) Skipped phase4 of Reference Processing due to unavailable references
[8.603s][debug][gc,age       ] GC(56) Desired survivor size 15400960 bytes, new threshold 6 (max threshold 6)
[8.603s][info ][gc,heap      ] GC(56) ParNew: 241505K->495K(270976K)
[8.603s][info ][gc,heap      ] GC(56) CMS: 121556K->121607K(602112K)
[8.603s][info ][gc,metaspace ] GC(56) Metaspace: 36662K->36662K(1083392K)
[8.603s][info ][gc           ] GC(56) Pause Young (Allocation Failure) 354M->119M(852M) 2.049ms
[8.603s][info ][gc,cpu       ] GC(56) User=0.01s Sys=0.00s Real=0.00s
[8.603s][info ][safepoint    ] Leaving safepoint region
[8.603s][info ][safepoint    ] Total time for which application threads were stopped: 0.0023401 seconds, Stopping threads took: 0.0001273 seconds
[8.659s][info ][safepoint    ] Application time: 0.0560851 seconds
[8.659s][info ][safepoint    ] Entering safepoint region: GenCollectForAllocation
[8.659s][info ][gc,start     ] GC(57) Pause Young (Allocation Failure)
[8.659s][info ][gc,task      ] GC(57) Using 4 workers of 4 for evacuation
[8.661s][debug][gc,ref       ] GC(57) Skipped phase1 of Reference Processing due to unavailable references
[8.661s][debug][gc,ref       ] GC(57) Skipped phase2 of Reference Processing due to unavailable references
[8.661s][debug][gc,ref       ] GC(57) Skipped phase3 of Reference Processing due to unavailable references
[8.661s][debug][gc,ref       ] GC(57) Skipped phase4 of Reference Processing due to unavailable references
[8.661s][debug][gc,age       ] GC(57) Desired survivor size 15400960 bytes, new threshold 6 (max threshold 6)
[8.661s][info ][gc,heap      ] GC(57) ParNew: 241391K->694K(270976K)
[8.661s][info ][gc,heap      ] GC(57) CMS: 121607K->121645K(602112K)
[8.661s][info ][gc,metaspace ] GC(57) Metaspace: 36662K->36662K(1083392K)
[8.661s][info ][gc           ] GC(57) Pause Young (Allocation Failure) 354M->119M(852M) 2.255ms
[8.661s][info ][gc,cpu       ] GC(57) User=0.01s Sys=0.00s Real=0.00s
[8.661s][info ][safepoint    ] Leaving safepoint region
[8.661s][info ][safepoint    ] Total time for which application threads were stopped: 0.0025420 seconds, Stopping threads took: 0.0001371 seconds
[8.707s][info ][safepoint    ] Application time: 0.0453936 seconds
[8.710s][info ][safepoint    ] Entering safepoint region: GenCollectForAllocation
[8.710s][info ][gc,start     ] GC(58) Pause Young (Allocation Failure)
[8.710s][info ][gc,task      ] GC(58) Using 4 workers of 4 for evacuation
[8.712s][debug][gc,ref       ] GC(58) Skipped phase1 of Reference Processing due to unavailable references
[8.712s][debug][gc,ref       ] GC(58) Skipped phase2 of Reference Processing due to unavailable references
[8.712s][debug][gc,ref       ] GC(58) Skipped phase3 of Reference Processing due to unavailable references
[8.712s][debug][gc,ref       ] GC(58) Skipped phase4 of Reference Processing due to unavailable references
[8.713s][debug][gc,age       ] GC(58) Desired survivor size 15400960 bytes, new threshold 6 (max threshold 6)
[8.713s][info ][gc,heap      ] GC(58) ParNew: 241590K->629K(270976K)
[8.713s][info ][gc,heap      ] GC(58) CMS: 121645K->121704K(602112K)
[8.713s][info ][gc,metaspace ] GC(58) Metaspace: 36662K->36662K(1083392K)
[8.713s][info ][gc           ] GC(58) Pause Young (Allocation Failure) 354M->119M(852M) 2.809ms
[8.713s][info ][gc,cpu       ] GC(58) User=0.01s Sys=0.00s Real=0.00s
[8.713s][info ][safepoint    ] Leaving safepoint region
[8.713s][info ][safepoint    ] Total time for which application threads were stopped: 0.0058710 seconds, Stopping threads took: 0.0028998 seconds
[8.759s][info ][safepoint    ] Application time: 0.0462703 seconds
[8.759s][info ][safepoint    ] Entering safepoint region: GenCollectForAllocation
[8.760s][info ][gc,start     ] GC(59) Pause Young (Allocation Failure)
[8.760s][info ][gc,task      ] GC(59) Using 4 workers of 4 for evacuation
[8.762s][debug][gc,ref       ] GC(59) Skipped phase1 of Reference Processing due to unavailable references
[8.762s][debug][gc,ref       ] GC(59) Skipped phase2 of Reference Processing due to unavailable references
[8.762s][debug][gc,ref       ] GC(59) Skipped phase3 of Reference Processing due to unavailable references
[8.762s][debug][gc,ref       ] GC(59) Skipped phase4 of Reference Processing due to unavailable references
[8.762s][debug][gc,age       ] GC(59) Desired survivor size 15400960 bytes, new threshold 6 (max threshold 6)
[8.762s][info ][gc,heap      ] GC(59) ParNew: 241525K->652K(270976K)
[8.762s][info ][gc,heap      ] GC(59) CMS: 121704K->121761K(602112K)
[8.762s][info ][gc,metaspace ] GC(59) Metaspace: 36662K->36662K(1083392K)
[8.762s][info ][gc           ] GC(59) Pause Young (Allocation Failure) 354M->119M(852M) 2.109ms
[8.762s][info ][gc,cpu       ] GC(59) User=0.01s Sys=0.00s Real=0.00s
[8.762s][info ][safepoint    ] Leaving safepoint region
[8.762s][info ][safepoint    ] Total time for which application threads were stopped: 0.0027869 seconds, Stopping threads took: 0.0005177 seconds
[8.808s][info ][safepoint    ] Application time: 0.0466760 seconds
[8.811s][info ][safepoint    ] Entering safepoint region: GenCollectForAllocation
[8.811s][info ][gc,start     ] GC(60) Pause Young (Allocation Failure)
[8.811s][info ][gc,task      ] GC(60) Using 4 workers of 4 for evacuation
[8.814s][debug][gc,ref       ] GC(60) Skipped phase1 of Reference Processing due to unavailable references
[8.814s][debug][gc,ref       ] GC(60) Skipped phase2 of Reference Processing due to unavailable references
[8.814s][debug][gc,ref       ] GC(60) Skipped phase3 of Reference Processing due to unavailable references
[8.814s][debug][gc,ref       ] GC(60) Skipped phase4 of Reference Processing due to unavailable references
[8.814s][debug][gc,age       ] GC(60) Desired survivor size 15400960 bytes, new threshold 6 (max threshold 6)
[8.814s][info ][gc,heap      ] GC(60) ParNew: 241548K->660K(270976K)
[8.814s][info ][gc,heap      ] GC(60) CMS: 121761K->121836K(602112K)
[8.814s][info ][gc,metaspace ] GC(60) Metaspace: 36668K->36668K(1083392K)
[8.814s][info ][gc           ] GC(60) Pause Young (Allocation Failure) 354M->119M(852M) 3.151ms
[8.814s][info ][gc,cpu       ] GC(60) User=0.01s Sys=0.00s Real=0.00s
[8.814s][info ][safepoint    ] Leaving safepoint region
[8.814s][info ][safepoint    ] Total time for which application threads were stopped: 0.0060489 seconds, Stopping threads took: 0.0027269 seconds
[8.878s][info ][safepoint    ] Application time: 0.0634010 seconds
[8.878s][info ][safepoint    ] Entering safepoint region: GenCollectForAllocation
[8.878s][info ][gc,start     ] GC(61) Pause Young (Allocation Failure)
[8.878s][info ][gc,task      ] GC(61) Using 4 workers of 4 for evacuation
[8.880s][debug][gc,ref       ] GC(61) Skipped phase1 of Reference Processing due to unavailable references
[8.880s][debug][gc,ref       ] GC(61) Skipped phase2 of Reference Processing due to unavailable references
[8.880s][debug][gc,ref       ] GC(61) Skipped phase3 of Reference Processing due to unavailable references
[8.880s][debug][gc,ref       ] GC(61) Skipped phase4 of Reference Processing due to unavailable references
[8.880s][debug][gc,age       ] GC(61) Desired survivor size 15400960 bytes, new threshold 6 (max threshold 6)
[8.880s][info ][gc,heap      ] GC(61) ParNew: 241556K->745K(270976K)
[8.880s][info ][gc,heap      ] GC(61) CMS: 121836K->121863K(602112K)
[8.880s][info ][gc,metaspace ] GC(61) Metaspace: 36668K->36668K(1083392K)
[8.880s][info ][gc           ] GC(61) Pause Young (Allocation Failure) 354M->119M(852M) 2.032ms
[8.880s][info ][gc,cpu       ] GC(61) User=0.01s Sys=0.00s Real=0.00s
[8.880s][info ][safepoint    ] Leaving safepoint region
[8.880s][info ][safepoint    ] Total time for which application threads were stopped: 0.0023322 seconds, Stopping threads took: 0.0001607 seconds
[8.946s][info ][safepoint    ] Application time: 0.0659125 seconds
[8.948s][info ][safepoint    ] Entering safepoint region: GenCollectForAllocation
[8.948s][info ][gc,start     ] GC(62) Pause Young (Allocation Failure)
[8.948s][info ][gc,task      ] GC(62) Using 4 workers of 4 for evacuation
[8.950s][debug][gc,ref       ] GC(62) Skipped phase1 of Reference Processing due to unavailable references
[8.950s][debug][gc,ref       ] GC(62) Skipped phase2 of Reference Processing due to unavailable references
[8.950s][debug][gc,ref       ] GC(62) Skipped phase3 of Reference Processing due to unavailable references
[8.950s][debug][gc,ref       ] GC(62) Skipped phase4 of Reference Processing due to unavailable references
[8.950s][debug][gc,age       ] GC(62) Desired survivor size 15400960 bytes, new threshold 6 (max threshold 6)
[8.950s][info ][gc,heap      ] GC(62) ParNew: 241641K->683K(270976K)
[8.950s][info ][gc,heap      ] GC(62) CMS: 121863K->121948K(602112K)
[8.950s][info ][gc,metaspace ] GC(62) Metaspace: 36668K->36668K(1083392K)
[8.950s][info ][gc           ] GC(62) Pause Young (Allocation Failure) 354M->119M(852M) 2.154ms
[8.950s][info ][gc,cpu       ] GC(62) User=0.00s Sys=0.00s Real=0.00s
[8.950s][info ][safepoint    ] Leaving safepoint region
[8.950s][info ][safepoint    ] Total time for which application threads were stopped: 0.0036806 seconds, Stopping threads took: 0.0013784 seconds
[9.002s][info ][safepoint    ] Application time: 0.0518249 seconds
[9.002s][info ][safepoint    ] Entering safepoint region: GenCollectForAllocation
[9.002s][info ][gc,start     ] GC(63) Pause Young (Allocation Failure)
[9.002s][info ][gc,task      ] GC(63) Using 4 workers of 4 for evacuation
[9.004s][debug][gc,ref       ] GC(63) Skipped phase1 of Reference Processing due to unavailable references
[9.004s][debug][gc,ref       ] GC(63) Skipped phase2 of Reference Processing due to unavailable references
[9.004s][debug][gc,ref       ] GC(63) Skipped phase3 of Reference Processing due to unavailable references
[9.004s][debug][gc,ref       ] GC(63) Skipped phase4 of Reference Processing due to unavailable references
[9.004s][debug][gc,age       ] GC(63) Desired survivor size 15400960 bytes, new threshold 6 (max threshold 6)
[9.004s][info ][gc,heap      ] GC(63) ParNew: 241579K->670K(270976K)
[9.004s][info ][gc,heap      ] GC(63) CMS: 121948K->122019K(602112K)
[9.004s][info ][gc,metaspace ] GC(63) Metaspace: 36668K->36668K(1083392K)
[9.004s][info ][gc           ] GC(63) Pause Young (Allocation Failure) 355M->119M(852M) 1.984ms
[9.004s][info ][gc,cpu       ] GC(63) User=0.00s Sys=0.00s Real=0.01s
[9.004s][info ][safepoint    ] Leaving safepoint region
[9.004s][info ][safepoint    ] Total time for which application threads were stopped: 0.0022300 seconds, Stopping threads took: 0.0000999 seconds
[9.063s][info ][safepoint    ] Application time: 0.0590866 seconds
[9.063s][info ][safepoint    ] Entering safepoint region: GenCollectForAllocation
[9.063s][info ][gc,start     ] GC(64) Pause Young (Allocation Failure)
[9.064s][info ][gc,task      ] GC(64) Using 4 workers of 4 for evacuation
[9.065s][debug][gc,ref       ] GC(64) Skipped phase1 of Reference Processing due to unavailable references
[9.065s][debug][gc,ref       ] GC(64) Skipped phase2 of Reference Processing due to unavailable references
[9.065s][debug][gc,ref       ] GC(64) Skipped phase3 of Reference Processing due to unavailable references
[9.065s][debug][gc,ref       ] GC(64) Skipped phase4 of Reference Processing due to unavailable references
[9.065s][debug][gc,age       ] GC(64) Desired survivor size 15400960 bytes, new threshold 6 (max threshold 6)
[9.065s][info ][gc,heap      ] GC(64) ParNew: 241566K->660K(270976K)
[9.065s][info ][gc,heap      ] GC(64) CMS: 122019K->122054K(602112K)
[9.065s][info ][gc,metaspace ] GC(64) Metaspace: 36668K->36668K(1083392K)
[9.065s][info ][gc           ] GC(64) Pause Young (Allocation Failure) 355M->119M(852M) 1.806ms
[9.065s][info ][gc,cpu       ] GC(64) User=0.01s Sys=0.00s Real=0.00s
[9.065s][info ][safepoint    ] Leaving safepoint region
[9.065s][info ][safepoint    ] Total time for which application threads were stopped: 0.0022252 seconds, Stopping threads took: 0.0002513 seconds
[9.118s][info ][safepoint    ] Application time: 0.0530551 seconds
[9.122s][info ][safepoint    ] Entering safepoint region: GenCollectForAllocation
[9.122s][info ][gc,start     ] GC(65) Pause Young (Allocation Failure)
[9.122s][info ][gc,task      ] GC(65) Using 4 workers of 4 for evacuation
[9.124s][debug][gc,ref       ] GC(65) Skipped phase1 of Reference Processing due to unavailable references
[9.124s][debug][gc,ref       ] GC(65) Skipped phase2 of Reference Processing due to unavailable references
[9.124s][debug][gc,ref       ] GC(65) Skipped phase3 of Reference Processing due to unavailable references
[9.124s][debug][gc,ref       ] GC(65) Skipped phase4 of Reference Processing due to unavailable references
[9.124s][debug][gc,age       ] GC(65) Desired survivor size 15400960 bytes, new threshold 6 (max threshold 6)
[9.124s][info ][gc,heap      ] GC(65) ParNew: 241556K->684K(270976K)
[9.124s][info ][gc,heap      ] GC(65) CMS: 122054K->122128K(602112K)
[9.124s][info ][gc,metaspace ] GC(65) Metaspace: 36668K->36668K(1083392K)
[9.124s][info ][gc           ] GC(65) Pause Young (Allocation Failure) 355M->119M(852M) 2.059ms
[9.125s][info ][gc,cpu       ] GC(65) User=0.01s Sys=0.00s Real=0.01s
[9.125s][info ][safepoint    ] Leaving safepoint region
[9.125s][info ][safepoint    ] Total time for which application threads were stopped: 0.0061043 seconds, Stopping threads took: 0.0038910 seconds
[9.179s][info ][safepoint    ] Application time: 0.0546123 seconds
[9.179s][info ][safepoint    ] Entering safepoint region: GenCollectForAllocation
[9.179s][info ][gc,start     ] GC(66) Pause Young (Allocation Failure)
[9.180s][info ][gc,task      ] GC(66) Using 4 workers of 4 for evacuation
[9.181s][debug][gc,ref       ] GC(66) Skipped phase1 of Reference Processing due to unavailable references
[9.182s][debug][gc,ref       ] GC(66) Skipped phase2 of Reference Processing due to unavailable references
[9.182s][debug][gc,ref       ] GC(66) Skipped phase3 of Reference Processing due to unavailable references
[9.182s][debug][gc,ref       ] GC(66) Skipped phase4 of Reference Processing due to unavailable references
[9.182s][debug][gc,age       ] GC(66) Desired survivor size 15400960 bytes, new threshold 6 (max threshold 6)
[9.182s][info ][gc,heap      ] GC(66) ParNew: 241580K->809K(270976K)
[9.182s][info ][gc,heap      ] GC(66) CMS: 122128K->122179K(602112K)
[9.182s][info ][gc,metaspace ] GC(66) Metaspace: 36668K->36668K(1083392K)
[9.182s][info ][gc           ] GC(66) Pause Young (Allocation Failure) 355M->120M(852M) 2.171ms
[9.182s][info ][gc,cpu       ] GC(66) User=0.00s Sys=0.00s Real=0.00s
[9.182s][info ][safepoint    ] Leaving safepoint region
[9.182s][info ][safepoint    ] Total time for which application threads were stopped: 0.0024965 seconds, Stopping threads took: 0.0001715 seconds
[9.224s][info ][safepoint    ] Application time: 0.0420624 seconds
[9.228s][info ][safepoint    ] Entering safepoint region: GenCollectForAllocation
[9.228s][info ][gc,start     ] GC(67) Pause Young (Allocation Failure)
[9.228s][info ][gc,task      ] GC(67) Using 4 workers of 4 for evacuation
[9.232s][debug][gc,ref       ] GC(67) Skipped phase1 of Reference Processing due to unavailable references
[9.232s][debug][gc,ref       ] GC(67) Skipped phase2 of Reference Processing due to unavailable references
[9.232s][debug][gc,ref       ] GC(67) Skipped phase3 of Reference Processing due to unavailable references
[9.232s][debug][gc,ref       ] GC(67) Skipped phase4 of Reference Processing due to unavailable references
[9.232s][debug][gc,age       ] GC(67) Desired survivor size 15400960 bytes, new threshold 6 (max threshold 6)
[9.232s][info ][gc,heap      ] GC(67) ParNew: 241705K->861K(270976K)
[9.232s][info ][gc,heap      ] GC(67) CMS: 122179K->122262K(602112K)
[9.232s][info ][gc,metaspace ] GC(67) Metaspace: 36672K->36672K(1083392K)
[9.232s][info ][gc           ] GC(67) Pause Young (Allocation Failure) 355M->120M(852M) 3.630ms
[9.232s][info ][gc,cpu       ] GC(67) User=0.01s Sys=0.00s Real=0.00s
[9.232s][info ][safepoint    ] Leaving safepoint region
[9.232s][info ][safepoint    ] Total time for which application threads were stopped: 0.0080888 seconds, Stopping threads took: 0.0043080 seconds
[9.281s][info ][safepoint    ] Application time: 0.0488187 seconds
[9.281s][info ][safepoint    ] Entering safepoint region: GenCollectForAllocation
[9.281s][info ][gc,start     ] GC(68) Pause Young (Allocation Failure)
[9.281s][info ][gc,task      ] GC(68) Using 4 workers of 4 for evacuation
[9.283s][debug][gc,ref       ] GC(68) Skipped phase1 of Reference Processing due to unavailable references
[9.283s][debug][gc,ref       ] GC(68) Skipped phase2 of Reference Processing due to unavailable references
[9.283s][debug][gc,ref       ] GC(68) Skipped phase3 of Reference Processing due to unavailable references
[9.283s][debug][gc,ref       ] GC(68) Skipped phase4 of Reference Processing due to unavailable references
[9.283s][debug][gc,age       ] GC(68) Desired survivor size 15400960 bytes, new threshold 6 (max threshold 6)
[9.283s][info ][gc,heap      ] GC(68) ParNew: 241757K->1098K(270976K)
[9.283s][info ][gc,heap      ] GC(68) CMS: 122262K->122336K(602112K)
[9.283s][info ][gc,metaspace ] GC(68) Metaspace: 36672K->36672K(1083392K)
[9.283s][info ][gc           ] GC(68) Pause Young (Allocation Failure) 355M->120M(852M) 2.169ms
[9.283s][info ][gc,cpu       ] GC(68) User=0.01s Sys=0.00s Real=0.00s
[9.283s][info ][safepoint    ] Leaving safepoint region
[9.283s][info ][safepoint    ] Total time for which application threads were stopped: 0.0025347 seconds, Stopping threads took: 0.0001891 seconds
[9.342s][info ][safepoint    ] Application time: 0.0589620 seconds
[9.342s][info ][safepoint    ] Entering safepoint region: GenCollectForAllocation
[9.342s][info ][gc,start     ] GC(69) Pause Young (Allocation Failure)
[9.343s][info ][gc,task      ] GC(69) Using 4 workers of 4 for evacuation
[9.346s][debug][gc,ref       ] GC(69) Skipped phase1 of Reference Processing due to unavailable references
[9.346s][debug][gc,ref       ] GC(69) Skipped phase2 of Reference Processing due to unavailable references
[9.346s][debug][gc,ref       ] GC(69) Skipped phase3 of Reference Processing due to unavailable references
[9.346s][debug][gc,ref       ] GC(69) Skipped phase4 of Reference Processing due to unavailable references
[9.346s][debug][gc,age       ] GC(69) Desired survivor size 15400960 bytes, new threshold 6 (max threshold 6)
[9.346s][info ][gc,heap      ] GC(69) ParNew: 241994K->1959K(270976K)
[9.346s][info ][gc,heap      ] GC(69) CMS: 122336K->122390K(602112K)
[9.346s][info ][gc,metaspace ] GC(69) Metaspace: 36672K->36672K(1083392K)
[9.346s][info ][gc           ] GC(69) Pause Young (Allocation Failure) 355M->121M(852M) 3.736ms
[9.346s][info ][gc,cpu       ] GC(69) User=0.01s Sys=0.00s Real=0.01s
[9.346s][info ][safepoint    ] Leaving safepoint region
[9.346s][info ][safepoint    ] Total time for which application threads were stopped: 0.0040309 seconds, Stopping threads took: 0.0001422 seconds
[9.387s][info ][safepoint    ] Application time: 0.0409879 seconds
[9.388s][info ][safepoint    ] Entering safepoint region: GenCollectForAllocation
[9.388s][info ][gc,start     ] GC(70) Pause Young (Allocation Failure)
[9.388s][info ][gc,task      ] GC(70) Using 4 workers of 4 for evacuation
[9.391s][debug][gc,ref       ] GC(70) Skipped phase1 of Reference Processing due to unavailable references
[9.391s][debug][gc,ref       ] GC(70) Skipped phase2 of Reference Processing due to unavailable references
[9.391s][debug][gc,ref       ] GC(70) Skipped phase3 of Reference Processing due to unavailable references
[9.391s][debug][gc,ref       ] GC(70) Skipped phase4 of Reference Processing due to unavailable references
[9.391s][debug][gc,age       ] GC(70) Desired survivor size 15400960 bytes, new threshold 6 (max threshold 6)
[9.391s][info ][gc,heap      ] GC(70) ParNew: 242855K->2645K(270976K)
[9.391s][info ][gc,heap      ] GC(70) CMS: 122390K->122456K(602112K)
[9.391s][info ][gc,metaspace ] GC(70) Metaspace: 36672K->36672K(1083392K)
[9.391s][info ][gc           ] GC(70) Pause Young (Allocation Failure) 356M->122M(852M) 3.335ms
[9.391s][info ][gc,cpu       ] GC(70) User=0.01s Sys=0.00s Real=0.00s
[9.391s][info ][safepoint    ] Leaving safepoint region
[9.391s][info ][safepoint    ] Total time for which application threads were stopped: 0.0038947 seconds, Stopping threads took: 0.0003975 seconds
[9.436s][info ][safepoint    ] Application time: 0.0446583 seconds
[9.436s][info ][safepoint    ] Entering safepoint region: GenCollectForAllocation
[9.436s][info ][gc,start     ] GC(71) Pause Young (Allocation Failure)
[9.436s][info ][gc,task      ] GC(71) Using 4 workers of 4 for evacuation
[9.439s][debug][gc,ref       ] GC(71) Skipped phase1 of Reference Processing due to unavailable references
[9.439s][debug][gc,ref       ] GC(71) Skipped phase2 of Reference Processing due to unavailable references
[9.439s][debug][gc,ref       ] GC(71) Skipped phase3 of Reference Processing due to unavailable references
[9.439s][debug][gc,ref       ] GC(71) Skipped phase4 of Reference Processing due to unavailable references
[9.439s][debug][gc,age       ] GC(71) Desired survivor size 15400960 bytes, new threshold 6 (max threshold 6)
[9.439s][info ][gc,heap      ] GC(71) ParNew: 243541K->1839K(270976K)
[9.439s][info ][gc,heap      ] GC(71) CMS: 122456K->122531K(602112K)
[9.439s][info ][gc,metaspace ] GC(71) Metaspace: 36672K->36672K(1083392K)
[9.439s][info ][gc           ] GC(71) Pause Young (Allocation Failure) 357M->121M(852M) 3.282ms
[9.439s][info ][gc,cpu       ] GC(71) User=0.01s Sys=0.00s Real=0.00s
[9.439s][info ][safepoint    ] Leaving safepoint region
[9.439s][info ][safepoint    ] Total time for which application threads were stopped: 0.0035163 seconds, Stopping threads took: 0.0000905 seconds
[9.500s][info ][safepoint    ] Application time: 0.0607062 seconds
[9.504s][info ][safepoint    ] Entering safepoint region: GenCollectForAllocation
[9.504s][info ][gc,start     ] GC(72) Pause Young (Allocation Failure)
[9.504s][info ][gc,task      ] GC(72) Using 4 workers of 4 for evacuation
[9.516s][debug][gc,ref       ] GC(72) Skipped phase1 of Reference Processing due to unavailable references
[9.516s][debug][gc,ref       ] GC(72) Skipped phase2 of Reference Processing due to unavailable references
[9.516s][debug][gc,ref       ] GC(72) Skipped phase3 of Reference Processing due to unavailable references
[9.516s][debug][gc,ref       ] GC(72) Skipped phase4 of Reference Processing due to unavailable references
[9.516s][debug][gc,age       ] GC(72) Desired survivor size 15400960 bytes, new threshold 6 (max threshold 6)
[9.516s][info ][gc,heap      ] GC(72) ParNew: 242735K->2470K(270976K)
[9.516s][info ][gc,heap      ] GC(72) CMS: 122531K->122619K(602112K)
[9.516s][info ][gc,metaspace ] GC(72) Metaspace: 36672K->36672K(1083392K)
[9.516s][info ][gc           ] GC(72) Pause Young (Allocation Failure) 356M->122M(852M) 12.068ms
[9.516s][info ][gc,cpu       ] GC(72) User=0.03s Sys=0.00s Real=0.01s
[9.516s][info ][safepoint    ] Leaving safepoint region
[9.516s][info ][safepoint    ] Total time for which application threads were stopped: 0.0156682 seconds, Stopping threads took: 0.0034325 seconds
[9.579s][info ][safepoint    ] Application time: 0.0635216 seconds
[9.588s][info ][safepoint    ] Entering safepoint region: GenCollectForAllocation
[9.588s][info ][gc,start     ] GC(73) Pause Young (Allocation Failure)
[9.588s][info ][gc,task      ] GC(73) Using 4 workers of 4 for evacuation
[9.592s][debug][gc,ref       ] GC(73) Skipped phase1 of Reference Processing due to unavailable references
[9.592s][debug][gc,ref       ] GC(73) Skipped phase2 of Reference Processing due to unavailable references
[9.592s][debug][gc,ref       ] GC(73) Skipped phase3 of Reference Processing due to unavailable references
[9.592s][debug][gc,ref       ] GC(73) Skipped phase4 of Reference Processing due to unavailable references
[9.592s][debug][gc,age       ] GC(73) Desired survivor size 15400960 bytes, new threshold 6 (max threshold 6)
[9.592s][info ][gc,heap      ] GC(73) ParNew: 243366K->1523K(270976K)
[9.592s][info ][gc,heap      ] GC(73) CMS: 122619K->122879K(602112K)
[9.592s][info ][gc,metaspace ] GC(73) Metaspace: 36672K->36672K(1083392K)
[9.592s][info ][gc           ] GC(73) Pause Young (Allocation Failure) 357M->121M(852M) 3.928ms
[9.592s][info ][gc,cpu       ] GC(73) User=0.02s Sys=0.00s Real=0.00s
[9.592s][info ][safepoint    ] Leaving safepoint region
[9.592s][info ][safepoint    ] Total time for which application threads were stopped: 0.0126267 seconds, Stopping threads took: 0.0085499 seconds
[9.650s][info ][safepoint    ] Application time: 0.0578496 seconds
[9.650s][info ][safepoint    ] Entering safepoint region: GenCollectForAllocation
[9.650s][info ][gc,start     ] GC(74) Pause Young (Allocation Failure)
[9.650s][info ][gc,task      ] GC(74) Using 4 workers of 4 for evacuation
[9.653s][debug][gc,ref       ] GC(74) Skipped phase1 of Reference Processing due to unavailable references
[9.653s][debug][gc,ref       ] GC(74) Skipped phase2 of Reference Processing due to unavailable references
[9.653s][debug][gc,ref       ] GC(74) Skipped phase3 of Reference Processing due to unavailable references
[9.653s][debug][gc,ref       ] GC(74) Skipped phase4 of Reference Processing due to unavailable references
[9.653s][debug][gc,age       ] GC(74) Desired survivor size 15400960 bytes, new threshold 6 (max threshold 6)
[9.653s][info ][gc,heap      ] GC(74) ParNew: 242419K->2128K(270976K)
[9.653s][info ][gc,heap      ] GC(74) CMS: 122879K->122949K(602112K)
[9.653s][info ][gc,metaspace ] GC(74) Metaspace: 36672K->36672K(1083392K)
[9.653s][info ][gc           ] GC(74) Pause Young (Allocation Failure) 356M->122M(852M) 3.180ms
[9.653s][info ][gc,cpu       ] GC(74) User=0.01s Sys=0.00s Real=0.00s
[9.653s][info ][safepoint    ] Leaving safepoint region
[9.653s][info ][safepoint    ] Total time for which application threads were stopped: 0.0035719 seconds, Stopping threads took: 0.0002229 seconds
[9.725s][info ][safepoint    ] Application time: 0.0711135 seconds
[9.725s][info ][safepoint    ] Entering safepoint region: GenCollectForAllocation
[9.725s][info ][gc,start     ] GC(75) Pause Young (Allocation Failure)
[9.725s][info ][gc,task      ] GC(75) Using 4 workers of 4 for evacuation
[9.737s][debug][gc,ref       ] GC(75) Skipped phase1 of Reference Processing due to unavailable references
[9.737s][debug][gc,ref       ] GC(75) Skipped phase2 of Reference Processing due to unavailable references
[9.737s][debug][gc,ref       ] GC(75) Skipped phase3 of Reference Processing due to unavailable references
[9.737s][debug][gc,ref       ] GC(75) Skipped phase4 of Reference Processing due to unavailable references
[9.737s][debug][gc,age       ] GC(75) Desired survivor size 15400960 bytes, new threshold 6 (max threshold 6)
[9.737s][info ][gc,heap      ] GC(75) ParNew: 243024K->1408K(270976K)
[9.737s][info ][gc,heap      ] GC(75) CMS: 122949K->123935K(602112K)
[9.737s][info ][gc,metaspace ] GC(75) Metaspace: 36672K->36672K(1083392K)
[9.737s][info ][gc           ] GC(75) Pause Young (Allocation Failure) 357M->122M(852M) 12.530ms
[9.737s][info ][gc,cpu       ] GC(75) User=0.04s Sys=0.00s Real=0.01s
[9.737s][info ][safepoint    ] Leaving safepoint region
[9.737s][info ][safepoint    ] Total time for which application threads were stopped: 0.0127433 seconds, Stopping threads took: 0.0000635 seconds
[9.803s][info ][safepoint    ] Application time: 0.0653576 seconds
[9.803s][info ][safepoint    ] Entering safepoint region: GenCollectForAllocation
[9.803s][info ][gc,start     ] GC(76) Pause Young (Allocation Failure)
[9.803s][info ][gc,task      ] GC(76) Using 4 workers of 4 for evacuation
[9.806s][debug][gc,ref       ] GC(76) Skipped phase1 of Reference Processing due to unavailable references
[9.806s][debug][gc,ref       ] GC(76) Skipped phase2 of Reference Processing due to unavailable references
[9.806s][debug][gc,ref       ] GC(76) Skipped phase3 of Reference Processing due to unavailable references
[9.806s][debug][gc,ref       ] GC(76) Skipped phase4 of Reference Processing due to unavailable references
[9.806s][debug][gc,age       ] GC(76) Desired survivor size 15400960 bytes, new threshold 6 (max threshold 6)
[9.806s][info ][gc,heap      ] GC(76) ParNew: 242304K->1023K(270976K)
[9.806s][info ][gc,heap      ] GC(76) CMS: 123935K->124013K(602112K)
[9.806s][info ][gc,metaspace ] GC(76) Metaspace: 36672K->36672K(1083392K)
[9.807s][info ][gc           ] GC(76) Pause Young (Allocation Failure) 357M->122M(852M) 3.349ms
[9.807s][info ][gc,cpu       ] GC(76) User=0.01s Sys=0.00s Real=0.01s
[9.807s][info ][safepoint    ] Leaving safepoint region
[9.807s][info ][safepoint    ] Total time for which application threads were stopped: 0.0038114 seconds, Stopping threads took: 0.0003094 seconds
[9.861s][info ][safepoint    ] Application time: 0.0540340 seconds
[9.861s][info ][safepoint    ] Entering safepoint region: GenCollectForAllocation
[9.861s][info ][gc,start     ] GC(77) Pause Young (Allocation Failure)
[9.861s][info ][gc,task      ] GC(77) Using 4 workers of 4 for evacuation
[9.864s][debug][gc,ref       ] GC(77) Skipped phase1 of Reference Processing due to unavailable references
[9.864s][debug][gc,ref       ] GC(77) Skipped phase2 of Reference Processing due to unavailable references
[9.864s][debug][gc,ref       ] GC(77) Skipped phase3 of Reference Processing due to unavailable references
[9.864s][debug][gc,ref       ] GC(77) Skipped phase4 of Reference Processing due to unavailable references
[9.865s][debug][gc,age       ] GC(77) Desired survivor size 15400960 bytes, new threshold 6 (max threshold 6)
[9.865s][info ][gc,heap      ] GC(77) ParNew: 241919K->1614K(270976K)
[9.865s][info ][gc,heap      ] GC(77) CMS: 124013K->124092K(602112K)
[9.865s][info ][gc,metaspace ] GC(77) Metaspace: 36672K->36672K(1083392K)
[9.865s][info ][gc           ] GC(77) Pause Young (Allocation Failure) 357M->122M(852M) 3.627ms
[9.865s][info ][gc,cpu       ] GC(77) User=0.01s Sys=0.00s Real=0.01s
[9.865s][info ][safepoint    ] Leaving safepoint region
[9.865s][info ][safepoint    ] Total time for which application threads were stopped: 0.0040335 seconds, Stopping threads took: 0.0002461 seconds
[9.920s][info ][safepoint    ] Application time: 0.0556502 seconds
[9.921s][info ][safepoint    ] Entering safepoint region: GenCollectForAllocation
[9.921s][info ][gc,start     ] GC(78) Pause Young (Allocation Failure)
[9.921s][info ][gc,task      ] GC(78) Using 4 workers of 4 for evacuation
[9.925s][debug][gc,ref       ] GC(78) Skipped phase1 of Reference Processing due to unavailable references
[9.925s][debug][gc,ref       ] GC(78) Skipped phase2 of Reference Processing due to unavailable references
[9.925s][debug][gc,ref       ] GC(78) Skipped phase3 of Reference Processing due to unavailable references
[9.925s][debug][gc,ref       ] GC(78) Skipped phase4 of Reference Processing due to unavailable references
[9.925s][debug][gc,age       ] GC(78) Desired survivor size 15400960 bytes, new threshold 6 (max threshold 6)
[9.925s][info ][gc,heap      ] GC(78) ParNew: 242510K->2551K(270976K)
[9.925s][info ][gc,heap      ] GC(78) CMS: 124092K->124167K(602112K)
[9.925s][info ][gc,metaspace ] GC(78) Metaspace: 36672K->36672K(1083392K)
[9.925s][info ][gc           ] GC(78) Pause Young (Allocation Failure) 358M->123M(852M) 4.262ms
[9.925s][info ][gc,cpu       ] GC(78) User=0.02s Sys=0.00s Real=0.01s
[9.925s][info ][safepoint    ] Leaving safepoint region
[9.925s][info ][safepoint    ] Total time for which application threads were stopped: 0.0046430 seconds, Stopping threads took: 0.0001354 seconds
[9.971s][info ][safepoint    ] Application time: 0.0460568 seconds
[9.971s][info ][safepoint    ] Entering safepoint region: GenCollectForAllocation
[9.971s][info ][gc,start     ] GC(79) Pause Young (Allocation Failure)
[9.971s][info ][gc,task      ] GC(79) Using 4 workers of 4 for evacuation
[9.975s][debug][gc,ref       ] GC(79) Skipped phase1 of Reference Processing due to unavailable references
[9.975s][debug][gc,ref       ] GC(79) Skipped phase2 of Reference Processing due to unavailable references
[9.975s][debug][gc,ref       ] GC(79) Skipped phase3 of Reference Processing due to unavailable references
[9.975s][debug][gc,ref       ] GC(79) Skipped phase4 of Reference Processing due to unavailable references
[9.976s][debug][gc,age       ] GC(79) Desired survivor size 15400960 bytes, new threshold 6 (max threshold 6)
[9.976s][info ][gc,heap      ] GC(79) ParNew: 243447K->3786K(270976K)
[9.976s][info ][gc,heap      ] GC(79) CMS: 124167K->124245K(602112K)
[9.976s][info ][gc,metaspace ] GC(79) Metaspace: 36672K->36672K(1083392K)
[9.976s][info ][gc           ] GC(79) Pause Young (Allocation Failure) 358M->125M(852M) 4.232ms
[9.976s][info ][gc,cpu       ] GC(79) User=0.01s Sys=0.01s Real=0.01s
[9.976s][info ][safepoint    ] Leaving safepoint region
[9.976s][info ][safepoint    ] Total time for which application threads were stopped: 0.0045158 seconds, Stopping threads took: 0.0001258 seconds
[10.048s][info ][safepoint    ] Application time: 0.0722776 seconds
[10.048s][info ][safepoint    ] Entering safepoint region: GenCollectForAllocation
[10.048s][info ][gc,start     ] GC(80) Pause Young (Allocation Failure)
[10.048s][info ][gc,task      ] GC(80) Using 4 workers of 4 for evacuation
[10.055s][debug][gc,ref       ] GC(80) Skipped phase1 of Reference Processing due to unavailable references
[10.055s][debug][gc,ref       ] GC(80) Skipped phase2 of Reference Processing due to unavailable references
[10.055s][debug][gc,ref       ] GC(80) Skipped phase3 of Reference Processing due to unavailable references
[10.055s][debug][gc,ref       ] GC(80) Skipped phase4 of Reference Processing due to unavailable references
[10.055s][debug][gc,age       ] GC(80) Desired survivor size 15400960 bytes, new threshold 6 (max threshold 6)
[10.055s][info ][gc,heap      ] GC(80) ParNew: 244682K->3368K(270976K)
[10.055s][info ][gc,heap      ] GC(80) CMS: 124245K->124326K(602112K)
[10.055s][info ][gc,metaspace ] GC(80) Metaspace: 36672K->36672K(1083392K)
[10.055s][info ][gc           ] GC(80) Pause Young (Allocation Failure) 360M->124M(852M) 6.853ms
[10.055s][info ][gc,cpu       ] GC(80) User=0.02s Sys=0.00s Real=0.00s
[10.055s][info ][safepoint    ] Leaving safepoint region
[10.055s][info ][safepoint    ] Total time for which application threads were stopped: 0.0071257 seconds, Stopping threads took: 0.0000775 seconds
[10.107s][info ][safepoint    ] Application time: 0.0518873 seconds
[10.113s][info ][safepoint    ] Entering safepoint region: GenCollectForAllocation
[10.113s][info ][gc,start     ] GC(81) Pause Young (Allocation Failure)
[10.113s][info ][gc,task      ] GC(81) Using 4 workers of 4 for evacuation
[10.120s][debug][gc,ref       ] GC(81) Skipped phase1 of Reference Processing due to unavailable references
[10.120s][debug][gc,ref       ] GC(81) Skipped phase2 of Reference Processing due to unavailable references
[10.120s][debug][gc,ref       ] GC(81) Skipped phase3 of Reference Processing due to unavailable references
[10.120s][debug][gc,ref       ] GC(81) Skipped phase4 of Reference Processing due to unavailable references
[10.120s][debug][gc,age       ] GC(81) Desired survivor size 15400960 bytes, new threshold 6 (max threshold 6)
[10.120s][info ][gc,heap      ] GC(81) ParNew: 244264K->4022K(270976K)
[10.120s][info ][gc,heap      ] GC(81) CMS: 124326K->124507K(602112K)
[10.120s][info ][gc,metaspace ] GC(81) Metaspace: 36672K->36672K(1083392K)
[10.120s][info ][gc           ] GC(81) Pause Young (Allocation Failure) 359M->125M(852M) 6.652ms
[10.120s][info ][gc,cpu       ] GC(81) User=0.02s Sys=0.00s Real=0.01s
[10.120s][info ][safepoint    ] Leaving safepoint region
[10.120s][info ][safepoint    ] Total time for which application threads were stopped: 0.0128826 seconds, Stopping threads took: 0.0060839 seconds
[10.194s][info ][safepoint    ] Application time: 0.0744653 seconds
[10.196s][info ][safepoint    ] Entering safepoint region: GenCollectForAllocation
[10.196s][info ][gc,start     ] GC(82) Pause Young (Allocation Failure)
[10.196s][info ][gc,task      ] GC(82) Using 4 workers of 4 for evacuation
[10.205s][debug][gc,ref       ] GC(82) Skipped phase1 of Reference Processing due to unavailable references
[10.205s][debug][gc,ref       ] GC(82) Skipped phase2 of Reference Processing due to unavailable references
[10.205s][debug][gc,ref       ] GC(82) Skipped phase3 of Reference Processing due to unavailable references
[10.205s][debug][gc,ref       ] GC(82) Skipped phase4 of Reference Processing due to unavailable references
[10.205s][debug][gc,age       ] GC(82) Desired survivor size 15400960 bytes, new threshold 6 (max threshold 6)
[10.205s][info ][gc,heap      ] GC(82) ParNew: 244918K->7575K(270976K)
[10.205s][info ][gc,heap      ] GC(82) CMS: 124507K->124858K(602112K)
[10.205s][info ][gc,metaspace ] GC(82) Metaspace: 36672K->36672K(1083392K)
[10.205s][info ][gc           ] GC(82) Pause Young (Allocation Failure) 360M->129M(852M) 9.459ms
[10.205s][info ][gc,cpu       ] GC(82) User=0.04s Sys=0.00s Real=0.01s
[10.205s][info ][safepoint    ] Leaving safepoint region
[10.205s][info ][safepoint    ] Total time for which application threads were stopped: 0.0108030 seconds, Stopping threads took: 0.0011298 seconds
[10.274s][info ][safepoint    ] Application time: 0.0692936 seconds
[10.275s][info ][safepoint    ] Entering safepoint region: GenCollectForAllocation
[10.275s][info ][gc,start     ] GC(83) Pause Young (Allocation Failure)
[10.275s][info ][gc,task      ] GC(83) Using 4 workers of 4 for evacuation
[10.285s][debug][gc,ref       ] GC(83) Skipped phase1 of Reference Processing due to unavailable references
[10.285s][debug][gc,ref       ] GC(83) Skipped phase2 of Reference Processing due to unavailable references
[10.285s][debug][gc,ref       ] GC(83) Skipped phase3 of Reference Processing due to unavailable references
[10.285s][debug][gc,ref       ] GC(83) Skipped phase4 of Reference Processing due to unavailable references
[10.285s][debug][gc,age       ] GC(83) Desired survivor size 15400960 bytes, new threshold 6 (max threshold 6)
[10.285s][info ][gc,heap      ] GC(83) ParNew: 248471K->10006K(270976K)
[10.285s][info ][gc,heap      ] GC(83) CMS: 124858K->125502K(602112K)
[10.285s][info ][gc,metaspace ] GC(83) Metaspace: 36672K->36672K(1083392K)
[10.285s][info ][gc           ] GC(83) Pause Young (Allocation Failure) 364M->132M(852M) 10.233ms
[10.285s][info ][gc,cpu       ] GC(83) User=0.03s Sys=0.00s Real=0.02s
[10.285s][info ][safepoint    ] Leaving safepoint region
[10.285s][info ][safepoint    ] Total time for which application threads were stopped: 0.0106139 seconds, Stopping threads took: 0.0002073 seconds
[10.335s][info ][safepoint    ] Application time: 0.0497779 seconds
[10.335s][info ][safepoint    ] Entering safepoint region: GenCollectForAllocation
[10.335s][info ][gc,start     ] GC(84) Pause Young (Allocation Failure)
[10.335s][info ][gc,task      ] GC(84) Using 4 workers of 4 for evacuation
[10.343s][debug][gc,ref       ] GC(84) Skipped phase1 of Reference Processing due to unavailable references
[10.343s][debug][gc,ref       ] GC(84) Skipped phase2 of Reference Processing due to unavailable references
[10.343s][debug][gc,ref       ] GC(84) Skipped phase3 of Reference Processing due to unavailable references
[10.343s][debug][gc,ref       ] GC(84) Skipped phase4 of Reference Processing due to unavailable references
[10.343s][debug][gc,age       ] GC(84) Desired survivor size 15400960 bytes, new threshold 6 (max threshold 6)
[10.343s][info ][gc,heap      ] GC(84) ParNew: 250902K->9659K(270976K)
[10.343s][info ][gc,heap      ] GC(84) CMS: 125502K->126279K(602112K)
[10.343s][info ][gc,metaspace ] GC(84) Metaspace: 36672K->36672K(1083392K)
[10.344s][info ][gc           ] GC(84) Pause Young (Allocation Failure) 367M->132M(852M) 8.296ms
[10.344s][info ][gc,cpu       ] GC(84) User=0.03s Sys=0.00s Real=0.02s
[10.344s][info ][safepoint    ] Leaving safepoint region
[10.344s][info ][safepoint    ] Total time for which application threads were stopped: 0.0086028 seconds, Stopping threads took: 0.0001535 seconds
[10.413s][info ][safepoint    ] Application time: 0.0696211 seconds
[10.413s][info ][safepoint    ] Entering safepoint region: GenCollectForAllocation
[10.414s][info ][gc,start     ] GC(85) Pause Young (Allocation Failure)
[10.414s][info ][gc,task      ] GC(85) Using 4 workers of 4 for evacuation
[10.421s][debug][gc,ref       ] GC(85) Skipped phase1 of Reference Processing due to unavailable references
[10.421s][debug][gc,ref       ] GC(85) Skipped phase2 of Reference Processing due to unavailable references
[10.421s][debug][gc,ref       ] GC(85) Skipped phase3 of Reference Processing due to unavailable references
[10.421s][debug][gc,ref       ] GC(85) Skipped phase4 of Reference Processing due to unavailable references
[10.421s][debug][gc,age       ] GC(85) Desired survivor size 15400960 bytes, new threshold 6 (max threshold 6)
[10.421s][info ][gc,heap      ] GC(85) ParNew: 250555K->9457K(270976K)
[10.421s][info ][gc,heap      ] GC(85) CMS: 126279K->126649K(602112K)
[10.421s][info ][gc,metaspace ] GC(85) Metaspace: 36672K->36672K(1083392K)
[10.421s][info ][gc           ] GC(85) Pause Young (Allocation Failure) 368M->132M(852M) 7.414ms
[10.421s][info ][gc,cpu       ] GC(85) User=0.03s Sys=0.00s Real=0.01s
[10.421s][info ][safepoint    ] Leaving safepoint region
[10.421s][info ][safepoint    ] Total time for which application threads were stopped: 0.0077473 seconds, Stopping threads took: 0.0001753 seconds
[10.482s][info ][safepoint    ] Application time: 0.0604884 seconds
[10.482s][info ][safepoint    ] Entering safepoint region: GenCollectForAllocation
[10.482s][info ][gc,start     ] GC(86) Pause Young (Allocation Failure)
[10.482s][info ][gc,task      ] GC(86) Using 4 workers of 4 for evacuation
[10.489s][debug][gc,ref       ] GC(86) Skipped phase1 of Reference Processing due to unavailable references
[10.489s][debug][gc,ref       ] GC(86) Skipped phase2 of Reference Processing due to unavailable references
[10.489s][debug][gc,ref       ] GC(86) Skipped phase3 of Reference Processing due to unavailable references
[10.489s][debug][gc,ref       ] GC(86) Skipped phase4 of Reference Processing due to unavailable references
[10.489s][debug][gc,age       ] GC(86) Desired survivor size 15400960 bytes, new threshold 6 (max threshold 6)
[10.489s][info ][gc,heap      ] GC(86) ParNew: 250353K->7647K(270976K)
[10.489s][info ][gc,heap      ] GC(86) CMS: 126649K->127227K(602112K)
[10.489s][info ][gc,metaspace ] GC(86) Metaspace: 36672K->36672K(1083392K)
[10.489s][info ][gc           ] GC(86) Pause Young (Allocation Failure) 368M->131M(852M) 7.456ms
[10.489s][info ][gc,cpu       ] GC(86) User=0.03s Sys=0.00s Real=0.01s
[10.489s][info ][safepoint    ] Leaving safepoint region
[10.489s][info ][safepoint    ] Total time for which application threads were stopped: 0.0077514 seconds, Stopping threads took: 0.0001553 seconds
[10.550s][info ][safepoint    ] Application time: 0.0605876 seconds
[10.550s][info ][safepoint    ] Entering safepoint region: GenCollectForAllocation
[10.550s][info ][gc,start     ] GC(87) Pause Young (Allocation Failure)
[10.550s][info ][gc,task      ] GC(87) Using 4 workers of 4 for evacuation
[10.557s][debug][gc,ref       ] GC(87) Skipped phase1 of Reference Processing due to unavailable references
[10.557s][debug][gc,ref       ] GC(87) Skipped phase2 of Reference Processing due to unavailable references
[10.557s][debug][gc,ref       ] GC(87) Skipped phase3 of Reference Processing due to unavailable references
[10.557s][debug][gc,ref       ] GC(87) Skipped phase4 of Reference Processing due to unavailable references
[10.557s][debug][gc,age       ] GC(87) Desired survivor size 15400960 bytes, new threshold 6 (max threshold 6)
[10.557s][info ][gc,heap      ] GC(87) ParNew: 248543K->7192K(270976K)
[10.557s][info ][gc,heap      ] GC(87) CMS: 127227K->127348K(602112K)
[10.557s][info ][gc,metaspace ] GC(87) Metaspace: 36672K->36672K(1083392K)
[10.557s][info ][gc           ] GC(87) Pause Young (Allocation Failure) 366M->131M(852M) 6.710ms
[10.557s][info ][gc,cpu       ] GC(87) User=0.03s Sys=0.00s Real=0.01s
[10.557s][info ][safepoint    ] Leaving safepoint region
[10.557s][info ][safepoint    ] Total time for which application threads were stopped: 0.0069596 seconds, Stopping threads took: 0.0001052 seconds
[10.638s][info ][safepoint    ] Application time: 0.0810363 seconds
[10.640s][info ][safepoint    ] Entering safepoint region: GenCollectForAllocation
[10.640s][info ][gc,start     ] GC(88) Pause Young (Allocation Failure)
[10.640s][info ][gc,task      ] GC(88) Using 4 workers of 4 for evacuation
[10.652s][debug][gc,ref       ] GC(88) Skipped phase1 of Reference Processing due to unavailable references
[10.652s][debug][gc,ref       ] GC(88) Skipped phase2 of Reference Processing due to unavailable references
[10.652s][debug][gc,ref       ] GC(88) Skipped phase3 of Reference Processing due to unavailable references
[10.652s][debug][gc,ref       ] GC(88) Skipped phase4 of Reference Processing due to unavailable references
[10.652s][debug][gc,age       ] GC(88) Desired survivor size 15400960 bytes, new threshold 6 (max threshold 6)
[10.652s][info ][gc,heap      ] GC(88) ParNew: 248088K->5688K(270976K)
[10.652s][info ][gc,heap      ] GC(88) CMS: 127348K->130800K(602112K)
[10.652s][info ][gc,metaspace ] GC(88) Metaspace: 36672K->36672K(1083392K)
[10.652s][info ][gc           ] GC(88) Pause Young (Allocation Failure) 366M->133M(852M) 12.031ms
[10.652s][info ][gc,cpu       ] GC(88) User=0.04s Sys=0.01s Real=0.01s
[10.652s][info ][safepoint    ] Leaving safepoint region
[10.652s][info ][safepoint    ] Total time for which application threads were stopped: 0.0138669 seconds, Stopping threads took: 0.0016773 seconds
[10.768s][info ][safepoint    ] Application time: 0.1159175 seconds
[10.769s][info ][safepoint    ] Entering safepoint region: GenCollectForAllocation
[10.769s][info ][gc,start     ] GC(89) Pause Young (Allocation Failure)
[10.769s][info ][gc,task      ] GC(89) Using 4 workers of 4 for evacuation
[10.774s][debug][gc,ref       ] GC(89) Skipped phase1 of Reference Processing due to unavailable references
[10.774s][debug][gc,ref       ] GC(89) Skipped phase2 of Reference Processing due to unavailable references
[10.774s][debug][gc,ref       ] GC(89) Skipped phase3 of Reference Processing due to unavailable references
[10.774s][debug][gc,ref       ] GC(89) Skipped phase4 of Reference Processing due to unavailable references
[10.774s][debug][gc,age       ] GC(89) Desired survivor size 15400960 bytes, new threshold 6 (max threshold 6)
[10.775s][info ][gc,heap      ] GC(89) ParNew: 246584K->2402K(270976K)
[10.775s][info ][gc,heap      ] GC(89) CMS: 130800K->132609K(602112K)
[10.775s][info ][gc,metaspace ] GC(89) Metaspace: 36672K->36672K(1083392K)
[10.775s][info ][gc           ] GC(89) Pause Young (Allocation Failure) 368M->131M(852M) 5.802ms
[10.775s][info ][gc,cpu       ] GC(89) User=0.03s Sys=0.00s Real=0.00s
[10.775s][info ][safepoint    ] Leaving safepoint region
[10.775s][info ][safepoint    ] Total time for which application threads were stopped: 0.0067844 seconds, Stopping threads took: 0.0008497 seconds
[10.867s][info ][safepoint    ] Application time: 0.0927310 seconds
[10.867s][info ][safepoint    ] Entering safepoint region: RevokeBias
[10.868s][info ][safepoint    ] Leaving safepoint region
[10.868s][info ][safepoint    ] Total time for which application threads were stopped: 0.0002757 seconds, Stopping threads took: 0.0001717 seconds
[10.868s][info ][safepoint    ] Application time: 0.0002091 seconds
[10.868s][info ][safepoint    ] Entering safepoint region: RevokeBias
[10.868s][info ][safepoint    ] Leaving safepoint region
[10.868s][info ][safepoint    ] Total time for which application threads were stopped: 0.0002078 seconds, Stopping threads took: 0.0000877 seconds
[10.869s][info ][safepoint    ] Application time: 0.0005434 seconds
[10.869s][info ][safepoint    ] Entering safepoint region: RevokeBias
[10.869s][info ][safepoint    ] Leaving safepoint region
[10.869s][info ][safepoint    ] Total time for which application threads were stopped: 0.0002132 seconds, Stopping threads took: 0.0001322 seconds
[10.871s][info ][safepoint    ] Application time: 0.0025269 seconds
[10.871s][info ][safepoint    ] Entering safepoint region: RevokeBias
[10.872s][info ][safepoint    ] Leaving safepoint region
[10.872s][info ][safepoint    ] Total time for which application threads were stopped: 0.0001465 seconds, Stopping threads took: 0.0000730 seconds
[10.878s][info ][safepoint    ] Application time: 0.0069053 seconds
[10.881s][info ][safepoint    ] Entering safepoint region: RevokeBias
[10.881s][info ][safepoint    ] Leaving safepoint region
[10.881s][info ][safepoint    ] Total time for which application threads were stopped: 0.0028587 seconds, Stopping threads took: 0.0027532 seconds
[10.882s][info ][safepoint    ] Application time: 0.0006479 seconds
[10.882s][info ][safepoint    ] Entering safepoint region: RevokeBias
[10.882s][info ][safepoint    ] Leaving safepoint region
[10.882s][info ][safepoint    ] Total time for which application threads were stopped: 0.0002436 seconds, Stopping threads took: 0.0001086 seconds
[10.887s][info ][safepoint    ] Application time: 0.0051385 seconds
[10.888s][info ][safepoint    ] Entering safepoint region: RevokeBias
[10.888s][info ][safepoint    ] Leaving safepoint region
[10.888s][info ][safepoint    ] Total time for which application threads were stopped: 0.0002521 seconds, Stopping threads took: 0.0001707 seconds
[10.888s][info ][safepoint    ] Application time: 0.0004674 seconds
[10.888s][info ][safepoint    ] Entering safepoint region: RevokeBias
[10.888s][info ][safepoint    ] Leaving safepoint region
[10.888s][info ][safepoint    ] Total time for which application threads were stopped: 0.0002054 seconds, Stopping threads took: 0.0001373 seconds
[10.894s][info ][safepoint    ] Application time: 0.0061514 seconds
[10.895s][info ][safepoint    ] Entering safepoint region: RevokeBias
[10.895s][info ][safepoint    ] Leaving safepoint region
[10.895s][info ][safepoint    ] Total time for which application threads were stopped: 0.0001882 seconds, Stopping threads took: 0.0001008 seconds
[11.087s][info ][safepoint    ] Application time: 0.1918242 seconds
[11.088s][info ][safepoint    ] Entering safepoint region: GenCollectForAllocation
[11.088s][info ][gc,start     ] GC(90) Pause Young (Allocation Failure)
[11.088s][info ][gc,task      ] GC(90) Using 4 workers of 4 for evacuation
[11.093s][debug][gc,ref       ] GC(90) Skipped phase1 of Reference Processing due to unavailable references
[11.093s][debug][gc,ref       ] GC(90) Skipped phase3 of Reference Processing due to unavailable references
[11.093s][debug][gc,age       ] GC(90) Desired survivor size 15400960 bytes, new threshold 6 (max threshold 6)
[11.093s][info ][gc,heap      ] GC(90) ParNew: 243298K->5025K(270976K)
[11.093s][info ][gc,heap      ] GC(90) CMS: 132609K->132713K(602112K)
[11.093s][info ][gc,metaspace ] GC(90) Metaspace: 37202K->37202K(1083392K)
[11.093s][info ][gc           ] GC(90) Pause Young (Allocation Failure) 367M->134M(852M) 5.301ms
[11.093s][info ][gc,cpu       ] GC(90) User=0.02s Sys=0.00s Real=0.00s
[11.093s][info ][safepoint    ] Leaving safepoint region
[11.093s][info ][safepoint    ] Total time for which application threads were stopped: 0.0065882 seconds, Stopping threads took: 0.0011389 seconds
[11.348s][info ][safepoint    ] Application time: 0.2547350 seconds
[11.348s][info ][safepoint    ] Entering safepoint region: RevokeBias
[11.348s][info ][safepoint    ] Leaving safepoint region
[11.348s][info ][safepoint    ] Total time for which application threads were stopped: 0.0001294 seconds, Stopping threads took: 0.0000117 seconds
[11.625s][info ][safepoint    ] Application time: 0.2772861 seconds
[11.625s][info ][safepoint    ] Entering safepoint region: RevokeBias
[11.626s][info ][safepoint    ] Leaving safepoint region
[11.626s][info ][safepoint    ] Total time for which application threads were stopped: 0.0001627 seconds, Stopping threads took: 0.0000113 seconds
[11.638s][info ][safepoint    ] Application time: 0.0123121 seconds
[11.638s][info ][safepoint    ] Entering safepoint region: RevokeBias
[11.638s][info ][safepoint    ] Leaving safepoint region
[11.638s][info ][safepoint    ] Total time for which application threads were stopped: 0.0000581 seconds, Stopping threads took: 0.0000115 seconds
[11.652s][info ][safepoint    ] Application time: 0.0137493 seconds
[11.652s][info ][safepoint    ] Entering safepoint region: Deoptimize
[11.652s][info ][safepoint    ] Leaving safepoint region
[11.652s][info ][safepoint    ] Total time for which application threads were stopped: 0.0007311 seconds, Stopping threads took: 0.0000106 seconds
[11.662s][info ][safepoint    ] Application time: 0.0095076 seconds
[11.662s][info ][safepoint    ] Entering safepoint region: RevokeBias
[11.662s][info ][safepoint    ] Leaving safepoint region
[11.662s][info ][safepoint    ] Total time for which application threads were stopped: 0.0000560 seconds, Stopping threads took: 0.0000102 seconds
[11.663s][info ][safepoint    ] Application time: 0.0008257 seconds
[11.663s][info ][safepoint    ] Entering safepoint region: RevokeBias
[11.663s][info ][safepoint    ] Leaving safepoint region
[11.663s][info ][safepoint    ] Total time for which application threads were stopped: 0.0000271 seconds, Stopping threads took: 0.0000061 seconds
[11.663s][info ][safepoint    ] Application time: 0.0000562 seconds
[11.663s][info ][safepoint    ] Entering safepoint region: BulkRevokeBias
[11.663s][info ][safepoint    ] Leaving safepoint region
[11.663s][info ][safepoint    ] Total time for which application threads were stopped: 0.0000966 seconds, Stopping threads took: 0.0000043 seconds
[11.664s][info ][safepoint    ] Application time: 0.0005911 seconds
[11.664s][info ][safepoint    ] Entering safepoint region: Deoptimize
[11.664s][info ][safepoint    ] Leaving safepoint region
[11.664s][info ][safepoint    ] Total time for which application threads were stopped: 0.0007450 seconds, Stopping threads took: 0.0000103 seconds
[11.666s][info ][safepoint    ] Application time: 0.0014235 seconds
[11.666s][info ][safepoint    ] Entering safepoint region: RevokeBias
[11.666s][info ][safepoint    ] Leaving safepoint region
[11.666s][info ][safepoint    ] Total time for which application threads were stopped: 0.0000372 seconds, Stopping threads took: 0.0000084 seconds
[11.695s][info ][safepoint    ] Application time: 0.0287708 seconds
[11.695s][info ][safepoint    ] Entering safepoint region: Deoptimize
[11.696s][info ][safepoint    ] Leaving safepoint region
[11.696s][info ][safepoint    ] Total time for which application threads were stopped: 0.0009041 seconds, Stopping threads took: 0.0000117 seconds
[11.759s][info ][safepoint    ] Application time: 0.0630231 seconds
[11.759s][info ][safepoint    ] Entering safepoint region: Deoptimize
[11.760s][info ][safepoint    ] Leaving safepoint region
[11.760s][info ][safepoint    ] Total time for which application threads were stopped: 0.0008615 seconds, Stopping threads took: 0.0000622 seconds
[11.801s][info ][safepoint    ] Application time: 0.0414693 seconds
[11.801s][info ][safepoint    ] Entering safepoint region: RevokeBias
[11.801s][info ][safepoint    ] Leaving safepoint region
[11.801s][info ][safepoint    ] Total time for which application threads were stopped: 0.0001887 seconds, Stopping threads took: 0.0001060 seconds
[11.801s][info ][safepoint    ] Application time: 0.0000643 seconds
[11.801s][info ][safepoint    ] Entering safepoint region: RevokeBias
[11.801s][info ][safepoint    ] Leaving safepoint region
[11.801s][info ][safepoint    ] Total time for which application threads were stopped: 0.0000374 seconds, Stopping threads took: 0.0000139 seconds
[12.190s][info ][safepoint    ] Application time: 0.3884055 seconds
[12.190s][info ][safepoint    ] Entering safepoint region: ICBufferFull
[12.190s][info ][safepoint    ] Leaving safepoint region
[12.190s][info ][safepoint    ] Total time for which application threads were stopped: 0.0001914 seconds, Stopping threads took: 0.0000109 seconds
[12.241s][info ][safepoint    ] Application time: 0.0510720 seconds
[12.241s][info ][safepoint    ] Entering safepoint region: GenCollectForAllocation
[12.241s][info ][gc,start     ] GC(91) Pause Young (Allocation Failure)
[12.241s][info ][gc,task      ] GC(91) Using 4 workers of 4 for evacuation
[12.291s][debug][gc,ref       ] GC(91) Skipped phase1 of Reference Processing due to unavailable references
[12.291s][debug][gc,ref       ] GC(91) Skipped phase3 of Reference Processing due to unavailable references
[12.291s][debug][gc,age       ] GC(91) Desired survivor size 15400960 bytes, new threshold 1 (max threshold 6)
[12.291s][info ][gc,heap      ] GC(91) ParNew: 245921K->30080K(270976K)
[12.291s][info ][gc,heap      ] GC(91) CMS: 132713K->146947K(602112K)
[12.291s][info ][gc,metaspace ] GC(91) Metaspace: 41876K->41876K(1087488K)
[12.291s][info ][gc           ] GC(91) Pause Young (Allocation Failure) 369M->172M(852M) 49.815ms
[12.291s][info ][gc,cpu       ] GC(91) User=0.17s Sys=0.01s Real=0.05s
[12.291s][info ][safepoint    ] Leaving safepoint region
[12.291s][info ][safepoint    ] Total time for which application threads were stopped: 0.0499649 seconds, Stopping threads took: 0.0000122 seconds
[12.605s][info ][safepoint    ] Application time: 0.3138369 seconds
[12.605s][info ][safepoint    ] Entering safepoint region: ICBufferFull
[12.605s][info ][safepoint    ] Leaving safepoint region
[12.605s][info ][safepoint    ] Total time for which application threads were stopped: 0.0001703 seconds, Stopping threads took: 0.0000235 seconds
[12.657s][info ][safepoint    ] Application time: 0.0518765 seconds
[12.657s][info ][safepoint    ] Entering safepoint region: RevokeBias
[12.657s][info ][safepoint    ] Leaving safepoint region
[12.657s][info ][safepoint    ] Total time for which application threads were stopped: 0.0001683 seconds, Stopping threads took: 0.0000736 seconds
[12.686s][info ][safepoint    ] Application time: 0.0292396 seconds
[12.686s][info ][safepoint    ] Entering safepoint region: RevokeBias
[12.687s][info ][safepoint    ] Leaving safepoint region
[12.687s][info ][safepoint    ] Total time for which application threads were stopped: 0.0002404 seconds, Stopping threads took: 0.0001136 seconds
[12.844s][info ][safepoint    ] Application time: 0.1570833 seconds
[12.844s][info ][safepoint    ] Entering safepoint region: CollectForMetadataAllocation
[12.844s][info ][safepoint    ] Leaving safepoint region
[12.844s][info ][safepoint    ] Total time for which application threads were stopped: 0.0004213 seconds, Stopping threads took: 0.0002500 seconds
[12.860s][info ][safepoint    ] Application time: 0.0159533 seconds
[12.860s][info ][safepoint    ] Entering safepoint region: CollectForMetadataAllocation
[12.860s][info ][safepoint    ] Leaving safepoint region
[12.860s][info ][safepoint    ] Total time for which application threads were stopped: 0.0001568 seconds, Stopping threads took: 0.0000487 seconds
[13.004s][info ][safepoint    ] Application time: 0.1431821 seconds
[13.004s][info ][safepoint    ] Entering safepoint region: CollectForMetadataAllocation
[13.004s][info ][safepoint    ] Leaving safepoint region
[13.004s][info ][safepoint    ] Total time for which application threads were stopped: 0.0002207 seconds, Stopping threads took: 0.0000478 seconds
[13.004s][info ][safepoint    ] Application time: 0.0001153 seconds
[13.004s][info ][safepoint    ] Entering safepoint region: CollectForMetadataAllocation
[13.004s][info ][safepoint    ] Leaving safepoint region
[13.004s][info ][safepoint    ] Total time for which application threads were stopped: 0.0000453 seconds, Stopping threads took: 0.0000207 seconds
[13.014s][info ][safepoint    ] Application time: 0.0101964 seconds
[13.014s][info ][safepoint    ] Entering safepoint region: CollectForMetadataAllocation
[13.014s][info ][safepoint    ] Leaving safepoint region
[13.014s][info ][safepoint    ] Total time for which application threads were stopped: 0.0000865 seconds, Stopping threads took: 0.0000125 seconds
[13.022s][info ][safepoint    ] Application time: 0.0073183 seconds
[13.022s][info ][safepoint    ] Entering safepoint region: Deoptimize
[13.022s][info ][safepoint    ] Leaving safepoint region
[13.022s][info ][safepoint    ] Total time for which application threads were stopped: 0.0009164 seconds, Stopping threads took: 0.0000097 seconds
[13.025s][info ][safepoint    ] Application time: 0.0023878 seconds
[13.025s][info ][safepoint    ] Entering safepoint region: RevokeBias
[13.025s][info ][safepoint    ] Leaving safepoint region
[13.025s][info ][safepoint    ] Total time for which application threads were stopped: 0.0000700 seconds, Stopping threads took: 0.0000109 seconds
[13.039s][info ][safepoint    ] Application time: 0.0143395 seconds
[13.039s][info ][safepoint    ] Entering safepoint region: CollectForMetadataAllocation
[13.039s][info ][safepoint    ] Leaving safepoint region
[13.039s][info ][safepoint    ] Total time for which application threads were stopped: 0.0001078 seconds, Stopping threads took: 0.0000196 seconds
[13.126s][info ][safepoint    ] Application time: 0.0864464 seconds
[13.126s][info ][safepoint    ] Entering safepoint region: CollectForMetadataAllocation
[13.126s][info ][safepoint    ] Leaving safepoint region
[13.126s][info ][safepoint    ] Total time for which application threads were stopped: 0.0001577 seconds, Stopping threads took: 0.0000127 seconds
[13.156s][info ][safepoint    ] Application time: 0.0296005 seconds
[13.156s][info ][safepoint    ] Entering safepoint region: CollectForMetadataAllocation
[13.156s][info ][safepoint    ] Leaving safepoint region
[13.156s][info ][safepoint    ] Total time for which application threads were stopped: 0.0001597 seconds, Stopping threads took: 0.0000123 seconds
[13.161s][info ][safepoint    ] Application time: 0.0051637 seconds
[13.161s][info ][safepoint    ] Entering safepoint region: Deoptimize
[13.162s][info ][safepoint    ] Leaving safepoint region
[13.162s][info ][safepoint    ] Total time for which application threads were stopped: 0.0010501 seconds, Stopping threads took: 0.0000108 seconds
[13.404s][info ][safepoint    ] Application time: 0.2415065 seconds
[13.404s][info ][safepoint    ] Entering safepoint region: ICBufferFull
[13.404s][info ][safepoint    ] Leaving safepoint region
[13.404s][info ][safepoint    ] Total time for which application threads were stopped: 0.0001823 seconds, Stopping threads took: 0.0000133 seconds
[13.509s][info ][safepoint    ] Application time: 0.1049047 seconds
[13.509s][info ][safepoint    ] Entering safepoint region: CollectForMetadataAllocation
[13.509s][info ][safepoint    ] Leaving safepoint region
[13.509s][info ][safepoint    ] Total time for which application threads were stopped: 0.0001915 seconds, Stopping threads took: 0.0000583 seconds
[13.808s][info ][safepoint    ] Application time: 0.2987327 seconds
[13.808s][info ][safepoint    ] Entering safepoint region: ICBufferFull
[13.808s][info ][safepoint    ] Leaving safepoint region
[13.808s][info ][safepoint    ] Total time for which application threads were stopped: 0.0001938 seconds, Stopping threads took: 0.0000130 seconds
[13.963s][info ][safepoint    ] Application time: 0.1547832 seconds
[13.963s][info ][safepoint    ] Entering safepoint region: Deoptimize
[13.964s][info ][safepoint    ] Leaving safepoint region
[13.964s][info ][safepoint    ] Total time for which application threads were stopped: 0.0010911 seconds, Stopping threads took: 0.0000123 seconds
[14.003s][info ][safepoint    ] Application time: 0.0388478 seconds
[14.003s][info ][safepoint    ] Entering safepoint region: CollectForMetadataAllocation
[14.003s][info ][safepoint    ] Leaving safepoint region
[14.003s][info ][safepoint    ] Total time for which application threads were stopped: 0.0001680 seconds, Stopping threads took: 0.0000699 seconds
[14.291s][info ][safepoint    ] Application time: 0.2881677 seconds
[14.291s][info ][safepoint    ] Entering safepoint region: CMS_Initial_Mark
[14.291s][info ][gc,start     ] GC(92) Pause Initial Mark
[14.318s][info ][gc           ] GC(92) Pause Initial Mark 315M->315M(852M) 26.288ms
[14.318s][info ][gc,cpu       ] GC(92) User=0.11s Sys=0.00s Real=0.03s
[14.318s][info ][safepoint    ] Leaving safepoint region
[14.318s][info ][safepoint    ] Total time for which application threads were stopped: 0.0265233 seconds, Stopping threads took: 0.0000147 seconds
[14.318s][info ][gc           ] GC(92) Concurrent Mark
[14.531s][info ][gc           ] GC(92) Concurrent Mark 213.747ms
[14.532s][info ][gc,cpu       ] GC(92) User=0.32s Sys=0.01s Real=0.21s
[14.532s][info ][gc           ] GC(92) Concurrent Preclean
[14.532s][debug][gc,ref       ] GC(92) Preclean SoftReferences 0.001ms
[14.532s][debug][gc,ref       ] GC(92) Preclean WeakReferences 0.017ms
[14.532s][debug][gc,ref       ] GC(92) Preclean FinalReferences 0.000ms
[14.532s][debug][gc,ref       ] GC(92) Preclean PhantomReferences 0.001ms
[14.535s][info ][gc           ] GC(92) Concurrent Preclean 3.861ms
[14.535s][info ][gc,cpu       ] GC(92) User=0.00s Sys=0.00s Real=0.00s
[14.535s][info ][gc           ] GC(92) Concurrent Abortable Preclean
[15.103s][info ][safepoint    ] Application time: 0.7853485 seconds
[15.103s][info ][safepoint    ] Entering safepoint region: ICBufferFull
[15.103s][info ][safepoint    ] Leaving safepoint region
[15.103s][info ][safepoint    ] Total time for which application threads were stopped: 0.0002427 seconds, Stopping threads took: 0.0000155 seconds
[16.103s][info ][safepoint    ] Application time: 1.0001538 seconds
[16.104s][info ][safepoint    ] Entering safepoint region: Cleanup
[16.104s][info ][safepoint    ] Leaving safepoint region
[16.104s][info ][safepoint    ] Total time for which application threads were stopped: 0.0002141 seconds, Stopping threads took: 0.0000676 seconds
[17.104s][info ][safepoint    ] Application time: 1.0000869 seconds
[17.104s][info ][safepoint    ] Entering safepoint region: Cleanup
[17.104s][info ][safepoint    ] Leaving safepoint region
[17.104s][info ][safepoint    ] Total time for which application threads were stopped: 0.0002145 seconds, Stopping threads took: 0.0000692 seconds
[18.104s][info ][safepoint    ] Application time: 1.0001302 seconds
[18.104s][info ][safepoint    ] Entering safepoint region: Cleanup
[18.104s][info ][safepoint    ] Leaving safepoint region
[18.104s][info ][safepoint    ] Total time for which application threads were stopped: 0.0001775 seconds, Stopping threads took: 0.0000662 seconds
[19.105s][info ][safepoint    ] Application time: 1.0001175 seconds
[19.105s][info ][safepoint    ] Entering safepoint region: Cleanup
[19.106s][info ][safepoint    ] Leaving safepoint region
[19.106s][info ][safepoint    ] Total time for which application threads were stopped: 0.0010093 seconds, Stopping threads took: 0.0008899 seconds
[19.602s][info ][gc           ] GC(92) Concurrent Abortable Preclean 5066.182ms
[19.602s][info ][gc,cpu       ] GC(92) User=5.86s Sys=0.15s Real=5.07s
[19.602s][info ][safepoint    ] Application time: 0.4960914 seconds
[19.602s][info ][safepoint    ] Entering safepoint region: CMS_Final_Remark
[19.602s][info ][gc,start     ] GC(92) Pause Remark
[19.636s][debug][gc,phases    ] GC(92) Rescan (parallel) 34.535ms
[19.636s][debug][gc,ref       ] GC(92) Skipped phase1 of Reference Processing due to unavailable references
[19.636s][debug][gc,ref       ] GC(92) Skipped phase2 of Reference Processing due to unavailable references
[19.636s][debug][gc,ref       ] GC(92) Skipped phase3 of Reference Processing due to unavailable references
[19.636s][debug][gc,ref       ] GC(92) Skipped phase4 of Reference Processing due to unavailable references
[19.636s][debug][gc,phases    ] GC(92) Reference Processing 0.029ms
[19.637s][debug][gc,phases    ] GC(92) Weak Processing 0.097ms
[19.637s][debug][gc,phases    ] GC(92) ClassLoaderData 0.866ms
[19.637s][debug][gc,phases    ] GC(92) Dictionary 0.017ms
[19.637s][debug][gc,phases    ] GC(92) ProtectionDomainCacheTable 0.003ms
[19.638s][debug][gc,phases    ] GC(92) ResolvedMethodTable 0.133ms
[19.657s][debug][gc,phases    ] GC(92) Class Unloading 20.803ms
[19.661s][debug][gc,phases    ] GC(92) Scrub Symbol Table 3.121ms
[19.661s][debug][gc,phases    ] GC(92) Scrub String Table 0.374ms
[19.662s][info ][gc           ] GC(92) Pause Remark 359M->359M(852M) 59.751ms
[19.662s][info ][gc,cpu       ] GC(92) User=0.16s Sys=0.00s Real=0.06s
[19.662s][info ][safepoint    ] Leaving safepoint region
[19.662s][info ][safepoint    ] Total time for which application threads were stopped: 0.0599483 seconds, Stopping threads took: 0.0000651 seconds
[19.662s][info ][gc           ] GC(92) Concurrent Sweep
[19.666s][info ][safepoint    ] Application time: 0.0043410 seconds
[19.666s][info ][safepoint    ] Entering safepoint region: ICBufferFull
[19.666s][info ][safepoint    ] Leaving safepoint region
[19.666s][info ][safepoint    ] Total time for which application threads were stopped: 0.0002237 seconds, Stopping threads took: 0.0000097 seconds
[19.737s][info ][gc           ] GC(92) Concurrent Sweep 75.021ms
[19.737s][info ][gc,cpu       ] GC(92) User=0.14s Sys=0.01s Real=0.08s
[19.737s][info ][gc           ] GC(92) Concurrent Reset
[19.746s][info ][gc           ] GC(92) Concurrent Reset 9.241ms
[19.746s][info ][gc,cpu       ] GC(92) User=0.01s Sys=0.00s Real=0.01s
[19.746s][info ][gc,heap      ] GC(92) Old: 146947K->135181K(602112K)
[20.666s][info ][safepoint    ] Application time: 1.0001042 seconds
[20.666s][info ][safepoint    ] Entering safepoint region: Cleanup
[20.667s][info ][safepoint    ] Leaving safepoint region
[20.667s][info ][safepoint    ] Total time for which application threads were stopped: 0.0002269 seconds, Stopping threads took: 0.0000140 seconds
[21.667s][info ][safepoint    ] Application time: 1.0000531 seconds
[21.667s][info ][safepoint    ] Entering safepoint region: Cleanup
[21.667s][info ][safepoint    ] Leaving safepoint region
[21.667s][info ][safepoint    ] Total time for which application threads were stopped: 0.0001037 seconds, Stopping threads took: 0.0000264 seconds
[22.667s][info ][safepoint    ] Application time: 1.0001231 seconds
[22.667s][info ][safepoint    ] Entering safepoint region: Cleanup
[22.667s][info ][safepoint    ] Leaving safepoint region
[22.667s][info ][safepoint    ] Total time for which application threads were stopped: 0.0001400 seconds, Stopping threads took: 0.0000138 seconds
[23.125s][info ][safepoint    ] Application time: 0.4578312 seconds
[23.125s][info ][safepoint    ] Entering safepoint region: RevokeBias
[23.125s][info ][safepoint    ] Leaving safepoint region
[23.125s][info ][safepoint    ] Total time for which application threads were stopped: 0.0001097 seconds, Stopping threads took: 0.0000219 seconds
[24.125s][info ][safepoint    ] Application time: 1.0001128 seconds
[24.125s][info ][safepoint    ] Entering safepoint region: Cleanup
[24.125s][info ][safepoint    ] Leaving safepoint region
[24.125s][info ][safepoint    ] Total time for which application threads were stopped: 0.0001110 seconds, Stopping threads took: 0.0000162 seconds
[24.225s][info ][safepoint    ] Application time: 0.1000273 seconds
[24.225s][info ][safepoint    ] Entering safepoint region: RevokeBias
[24.225s][info ][safepoint    ] Leaving safepoint region
[24.225s][info ][safepoint    ] Total time for which application threads were stopped: 0.0000895 seconds, Stopping threads took: 0.0000118 seconds
[24.227s][info ][safepoint    ] Application time: 0.0020557 seconds
[24.228s][info ][safepoint    ] Entering safepoint region: RevokeBias
[24.228s][info ][safepoint    ] Leaving safepoint region
[24.228s][info ][safepoint    ] Total time for which application threads were stopped: 0.0001038 seconds, Stopping threads took: 0.0000393 seconds
[24.236s][info ][safepoint    ] Application time: 0.0084819 seconds
[24.236s][info ][safepoint    ] Entering safepoint region: RevokeBias
[24.236s][info ][safepoint    ] Leaving safepoint region
[24.236s][info ][safepoint    ] Total time for which application threads were stopped: 0.0000727 seconds, Stopping threads took: 0.0000125 seconds
[24.252s][info ][safepoint    ] Application time: 0.0156797 seconds
[24.252s][info ][safepoint    ] Entering safepoint region: RevokeBias
[24.252s][info ][safepoint    ] Leaving safepoint region
[24.252s][info ][safepoint    ] Total time for which application threads were stopped: 0.0001105 seconds, Stopping threads took: 0.0000508 seconds
[24.286s][info ][safepoint    ] Application time: 0.0341948 seconds
[24.286s][info ][safepoint    ] Entering safepoint region: Deoptimize
[24.287s][info ][safepoint    ] Leaving safepoint region
[24.287s][info ][safepoint    ] Total time for which application threads were stopped: 0.0011977 seconds, Stopping threads took: 0.0000155 seconds
[24.320s][info ][safepoint    ] Application time: 0.0322514 seconds
[24.320s][info ][safepoint    ] Entering safepoint region: RevokeBias
[24.320s][info ][safepoint    ] Leaving safepoint region
[24.320s][info ][safepoint    ] Total time for which application threads were stopped: 0.0000743 seconds, Stopping threads took: 0.0000133 seconds
[24.341s][info ][safepoint    ] Application time: 0.0209141 seconds
[24.341s][info ][safepoint    ] Entering safepoint region: BulkRevokeBias
[24.341s][info ][safepoint    ] Leaving safepoint region
[24.341s][info ][safepoint    ] Total time for which application threads were stopped: 0.0006078 seconds, Stopping threads took: 0.0000133 seconds
[24.343s][info ][safepoint    ] Application time: 0.0017428 seconds
[24.343s][info ][safepoint    ] Entering safepoint region: RevokeBias
[24.343s][info ][safepoint    ] Leaving safepoint region
[24.343s][info ][safepoint    ] Total time for which application threads were stopped: 0.0000480 seconds, Stopping threads took: 0.0000080 seconds
[25.253s][info ][safepoint    ] Application time: 0.9093637 seconds
[25.253s][info ][safepoint    ] Entering safepoint region: GenCollectForAllocation
[25.253s][info ][gc,start     ] GC(93) Pause Young (Allocation Failure)
[25.253s][info ][gc,task      ] GC(93) Using 4 workers of 4 for evacuation
[25.278s][debug][gc,ref       ] GC(93) Skipped phase1 of Reference Processing due to unavailable references
[25.278s][debug][gc,ref       ] GC(93) Skipped phase3 of Reference Processing due to unavailable references
[25.278s][debug][gc,age       ] GC(93) Desired survivor size 15400960 bytes, new threshold 1 (max threshold 6)
[25.278s][info ][gc,heap      ] GC(93) ParNew: 270976K->29200K(270976K)
[25.278s][info ][gc,heap      ] GC(93) CMS: 135181K->151296K(602112K)
[25.278s][info ][gc,metaspace ] GC(93) Metaspace: 46718K->46718K(1091584K)
[25.278s][info ][gc           ] GC(93) Pause Young (Allocation Failure) 396M->176M(852M) 25.431ms
[25.278s][info ][gc,cpu       ] GC(93) User=0.09s Sys=0.00s Real=0.03s
[25.278s][info ][safepoint    ] Leaving safepoint region
[25.278s][info ][safepoint    ] Total time for which application threads were stopped: 0.0255917 seconds, Stopping threads took: 0.0000135 seconds
[25.651s][info ][safepoint    ] Application time: 0.3732499 seconds
[25.652s][info ][safepoint    ] Entering safepoint region: RevokeBias
[25.652s][info ][safepoint    ] Leaving safepoint region
[25.652s][info ][safepoint    ] Total time for which application threads were stopped: 0.0002800 seconds, Stopping threads took: 0.0001059 seconds
[25.653s][info ][safepoint    ] Application time: 0.0009935 seconds
[25.653s][info ][safepoint    ] Entering safepoint region: RevokeBias
[25.653s][info ][safepoint    ] Leaving safepoint region
[25.653s][info ][safepoint    ] Total time for which application threads were stopped: 0.0001516 seconds, Stopping threads took: 0.0000571 seconds
[25.671s][info ][safepoint    ] Application time: 0.0179160 seconds
[25.671s][info ][safepoint    ] Entering safepoint region: Deoptimize
[25.672s][info ][safepoint    ] Leaving safepoint region
[25.672s][info ][safepoint    ] Total time for which application threads were stopped: 0.0011989 seconds, Stopping threads took: 0.0000108 seconds
[25.673s][info ][safepoint    ] Application time: 0.0007031 seconds
[25.673s][info ][safepoint    ] Entering safepoint region: RevokeBias
[25.673s][info ][safepoint    ] Leaving safepoint region
[25.673s][info ][safepoint    ] Total time for which application threads were stopped: 0.0000525 seconds, Stopping threads took: 0.0000084 seconds
[25.673s][info ][safepoint    ] Application time: 0.0000540 seconds
[25.673s][info ][safepoint    ] Entering safepoint region: RevokeBias
[25.673s][info ][safepoint    ] Leaving safepoint region
[25.673s][info ][safepoint    ] Total time for which application threads were stopped: 0.0000218 seconds, Stopping threads took: 0.0000044 seconds
[25.673s][info ][safepoint    ] Application time: 0.0000463 seconds
[25.673s][info ][safepoint    ] Entering safepoint region: RevokeBias
[25.673s][info ][safepoint    ] Leaving safepoint region
[25.673s][info ][safepoint    ] Total time for which application threads were stopped: 0.0000211 seconds, Stopping threads took: 0.0000044 seconds
[25.673s][info ][safepoint    ] Application time: 0.0000461 seconds
[25.673s][info ][safepoint    ] Entering safepoint region: RevokeBias
[25.673s][info ][safepoint    ] Leaving safepoint region
[25.673s][info ][safepoint    ] Total time for which application threads were stopped: 0.0000210 seconds, Stopping threads took: 0.0000043 seconds
[25.678s][info ][safepoint    ] Application time: 0.0051859 seconds
[25.678s][info ][safepoint    ] Entering safepoint region: RevokeBias
[25.678s][info ][safepoint    ] Leaving safepoint region
[25.678s][info ][safepoint    ] Total time for which application threads were stopped: 0.0000589 seconds, Stopping threads took: 0.0000110 seconds
[25.684s][info ][safepoint    ] Application time: 0.0054027 seconds
[25.684s][info ][safepoint    ] Entering safepoint region: RevokeBias
[25.684s][info ][safepoint    ] Leaving safepoint region
[25.684s][info ][safepoint    ] Total time for which application threads were stopped: 0.0000538 seconds, Stopping threads took: 0.0000099 seconds
[25.702s][info ][safepoint    ] Application time: 0.0176933 seconds
[25.702s][info ][safepoint    ] Entering safepoint region: RevokeBias
[25.702s][info ][safepoint    ] Leaving safepoint region
[25.702s][info ][safepoint    ] Total time for which application threads were stopped: 0.0000696 seconds, Stopping threads took: 0.0000109 seconds
[25.702s][info ][safepoint    ] Application time: 0.0000932 seconds
[25.702s][info ][safepoint    ] Entering safepoint region: RevokeBias
[25.702s][info ][safepoint    ] Leaving safepoint region
[25.702s][info ][safepoint    ] Total time for which application threads were stopped: 0.0000581 seconds, Stopping threads took: 0.0000333 seconds
[25.746s][info ][safepoint    ] Application time: 0.0443646 seconds
[25.746s][info ][safepoint    ] Entering safepoint region: Deoptimize
[25.747s][info ][safepoint    ] Leaving safepoint region
[25.747s][info ][safepoint    ] Total time for which application threads were stopped: 0.0012092 seconds, Stopping threads took: 0.0000158 seconds
[25.782s][info ][safepoint    ] Application time: 0.0350064 seconds
[25.782s][info ][safepoint    ] Entering safepoint region: Deoptimize
[25.784s][info ][safepoint    ] Leaving safepoint region
[25.784s][info ][safepoint    ] Total time for which application threads were stopped: 0.0012282 seconds, Stopping threads took: 0.0000125 seconds
[25.804s][info ][safepoint    ] Application time: 0.0202553 seconds
[25.804s][info ][safepoint    ] Entering safepoint region: RevokeBias
[25.804s][info ][safepoint    ] Leaving safepoint region
[25.804s][info ][safepoint    ] Total time for which application threads were stopped: 0.0001092 seconds, Stopping threads took: 0.0000135 seconds
[25.881s][info ][safepoint    ] Application time: 0.0764631 seconds
[25.881s][info ][safepoint    ] Entering safepoint region: RevokeBias
[25.881s][info ][safepoint    ] Leaving safepoint region
[25.881s][info ][safepoint    ] Total time for which application threads were stopped: 0.0001771 seconds, Stopping threads took: 0.0000721 seconds
[26.054s][info ][safepoint    ] Application time: 0.1728840 seconds
[26.054s][info ][safepoint    ] Entering safepoint region: Deoptimize
[26.055s][info ][safepoint    ] Leaving safepoint region
[26.055s][info ][safepoint    ] Total time for which application threads were stopped: 0.0012925 seconds, Stopping threads took: 0.0000136 seconds
[26.055s][info ][safepoint    ] Application time: 0.0003426 seconds
[26.055s][info ][safepoint    ] Entering safepoint region: Deoptimize
[26.056s][info ][safepoint    ] Leaving safepoint region
[26.056s][info ][safepoint    ] Total time for which application threads were stopped: 0.0009199 seconds, Stopping threads took: 0.0000073 seconds
[26.057s][info ][safepoint    ] Application time: 0.0009959 seconds
[26.057s][info ][safepoint    ] Entering safepoint region: RevokeBias
[26.057s][info ][safepoint    ] Leaving safepoint region
[26.057s][info ][safepoint    ] Total time for which application threads were stopped: 0.0000448 seconds, Stopping threads took: 0.0000074 seconds
[26.058s][info ][safepoint    ] Application time: 0.0004687 seconds
[26.064s][info ][safepoint    ] Entering safepoint region: Deoptimize
[26.064s][info ][safepoint    ] Leaving safepoint region
[26.064s][info ][safepoint    ] Total time for which application threads were stopped: 0.0066787 seconds, Stopping threads took: 0.0058886 seconds
[26.068s][info ][safepoint    ] Application time: 0.0036332 seconds
[26.068s][info ][safepoint    ] Entering safepoint region: RevokeBias
[26.068s][info ][safepoint    ] Leaving safepoint region
[26.068s][info ][safepoint    ] Total time for which application threads were stopped: 0.0000668 seconds, Stopping threads took: 0.0000103 seconds
[26.104s][info ][safepoint    ] Application time: 0.0357188 seconds
[26.104s][info ][safepoint    ] Entering safepoint region: RevokeBias
[26.104s][info ][safepoint    ] Leaving safepoint region
[26.104s][info ][safepoint    ] Total time for which application threads were stopped: 0.0000732 seconds, Stopping threads took: 0.0000135 seconds
[26.110s][info ][safepoint    ] Application time: 0.0059434 seconds
[26.110s][info ][safepoint    ] Entering safepoint region: Deoptimize
[26.111s][info ][safepoint    ] Leaving safepoint region
[26.112s][info ][safepoint    ] Total time for which application threads were stopped: 0.0015816 seconds, Stopping threads took: 0.0000130 seconds
[26.348s][info ][safepoint    ] Application time: 0.2365388 seconds
[26.348s][info ][safepoint    ] Entering safepoint region: Deoptimize
[26.349s][info ][safepoint    ] Leaving safepoint region
[26.349s][info ][safepoint    ] Total time for which application threads were stopped: 0.0013448 seconds, Stopping threads took: 0.0000125 seconds
[26.352s][info ][safepoint    ] Application time: 0.0023101 seconds
[26.352s][info ][safepoint    ] Entering safepoint region: RevokeBias
[26.352s][info ][safepoint    ] Leaving safepoint region
[26.352s][info ][safepoint    ] Total time for which application threads were stopped: 0.0001501 seconds, Stopping threads took: 0.0000541 seconds
[26.353s][info ][safepoint    ] Application time: 0.0008892 seconds
[26.353s][info ][safepoint    ] Entering safepoint region: RevokeBias
[26.353s][info ][safepoint    ] Leaving safepoint region
[26.353s][info ][safepoint    ] Total time for which application threads were stopped: 0.0000986 seconds, Stopping threads took: 0.0000530 seconds
[26.411s][info ][safepoint    ] Application time: 0.0578203 seconds
[26.411s][info ][safepoint    ] Entering safepoint region: Deoptimize
[26.412s][info ][safepoint    ] Leaving safepoint region
[26.412s][info ][safepoint    ] Total time for which application threads were stopped: 0.0013882 seconds, Stopping threads took: 0.0000213 seconds
[26.413s][info ][safepoint    ] Application time: 0.0004983 seconds
[26.413s][info ][safepoint    ] Entering safepoint region: Deoptimize
[26.414s][info ][safepoint    ] Leaving safepoint region
[26.414s][info ][safepoint    ] Total time for which application threads were stopped: 0.0011091 seconds, Stopping threads took: 0.0000131 seconds
[26.456s][info ][safepoint    ] Application time: 0.0426559 seconds
[26.457s][info ][safepoint    ] Entering safepoint region: RevokeBias
[26.457s][info ][safepoint    ] Leaving safepoint region
[26.457s][info ][safepoint    ] Total time for which application threads were stopped: 0.0002334 seconds, Stopping threads took: 0.0000623 seconds
[26.457s][info ][safepoint    ] Application time: 0.0004611 seconds
[26.457s][info ][safepoint    ] Entering safepoint region: RevokeBias
[26.457s][info ][safepoint    ] Leaving safepoint region
[26.457s][info ][safepoint    ] Total time for which application threads were stopped: 0.0000650 seconds, Stopping threads took: 0.0000101 seconds
[26.600s][info ][safepoint    ] Application time: 0.1427923 seconds
[26.600s][info ][safepoint    ] Entering safepoint region: Deoptimize
[26.601s][info ][safepoint    ] Leaving safepoint region
[26.601s][info ][safepoint    ] Total time for which application threads were stopped: 0.0013206 seconds, Stopping threads took: 0.0000120 seconds
[26.602s][info ][safepoint    ] Application time: 0.0004015 seconds
[26.602s][info ][safepoint    ] Entering safepoint region: Deoptimize
[26.603s][info ][safepoint    ] Leaving safepoint region
[26.603s][info ][safepoint    ] Total time for which application threads were stopped: 0.0010457 seconds, Stopping threads took: 0.0000104 seconds
[26.734s][info ][safepoint    ] Application time: 0.1314437 seconds
[26.734s][info ][safepoint    ] Entering safepoint region: ICBufferFull
[26.735s][info ][safepoint    ] Leaving safepoint region
[26.735s][info ][safepoint    ] Total time for which application threads were stopped: 0.0003010 seconds, Stopping threads took: 0.0000788 seconds
[26.918s][info ][safepoint    ] Application time: 0.1833333 seconds
[26.918s][info ][safepoint    ] Entering safepoint region: ICBufferFull
[26.918s][info ][safepoint    ] Leaving safepoint region
[26.918s][info ][safepoint    ] Total time for which application threads were stopped: 0.0002884 seconds, Stopping threads took: 0.0000783 seconds
[27.153s][info ][safepoint    ] Application time: 0.2345480 seconds
[27.153s][info ][safepoint    ] Entering safepoint region: ICBufferFull
[27.153s][info ][safepoint    ] Leaving safepoint region
[27.153s][info ][safepoint    ] Total time for which application threads were stopped: 0.0002046 seconds, Stopping threads took: 0.0000141 seconds
[27.311s][info ][safepoint    ] Application time: 0.1580152 seconds
[27.311s][info ][safepoint    ] Entering safepoint region: GenCollectForAllocation
[27.311s][info ][gc,start     ] GC(94) Pause Young (Allocation Failure)
[27.311s][info ][gc,task      ] GC(94) Using 4 workers of 4 for evacuation
[27.346s][debug][gc,ref       ] GC(94) Skipped phase1 of Reference Processing due to unavailable references
[27.347s][debug][gc,age       ] GC(94) Desired survivor size 15400960 bytes, new threshold 1 (max threshold 6)
[27.347s][info ][gc,heap      ] GC(94) ParNew: 270096K->30080K(270976K)
[27.347s][info ][gc,heap      ] GC(94) CMS: 151296K->192897K(602112K)
[27.347s][info ][gc,metaspace ] GC(94) Metaspace: 54259K->54259K(1097728K)
[27.347s][info ][gc           ] GC(94) Pause Young (Allocation Failure) 411M->217M(852M) 35.223ms
[27.347s][info ][gc,cpu       ] GC(94) User=0.14s Sys=0.02s Real=0.04s
[27.347s][info ][safepoint    ] Leaving safepoint region
[27.347s][info ][safepoint    ] Total time for which application threads were stopped: 0.0354747 seconds, Stopping threads took: 0.0000482 seconds
[28.136s][info ][safepoint    ] Application time: 0.7892951 seconds
[28.136s][info ][safepoint    ] Entering safepoint region: ICBufferFull
[28.136s][info ][safepoint    ] Leaving safepoint region
[28.136s][info ][safepoint    ] Total time for which application threads were stopped: 0.0003026 seconds, Stopping threads took: 0.0000992 seconds
[28.453s][info ][safepoint    ] Application time: 0.3163258 seconds
[28.453s][info ][safepoint    ] Entering safepoint region: ICBufferFull
[28.453s][info ][safepoint    ] Leaving safepoint region
[28.453s][info ][safepoint    ] Total time for which application threads were stopped: 0.0002005 seconds, Stopping threads took: 0.0000119 seconds
[28.767s][info ][safepoint    ] Application time: 0.3138221 seconds
[28.767s][info ][safepoint    ] Entering safepoint region: GenCollectForAllocation
[28.767s][info ][gc,start     ] GC(95) Pause Young (Allocation Failure)
[28.767s][info ][gc,task      ] GC(95) Using 4 workers of 4 for evacuation
[28.811s][debug][gc,ref       ] GC(95) Skipped phase1 of Reference Processing due to unavailable references
[28.811s][debug][gc,ref       ] GC(95) Skipped phase3 of Reference Processing due to unavailable references
[28.811s][debug][gc,age       ] GC(95) Desired survivor size 15400960 bytes, new threshold 1 (max threshold 6)
[28.812s][info ][gc,heap      ] GC(95) ParNew: 270976K->30080K(270976K)
[28.812s][info ][gc,heap      ] GC(95) CMS: 192897K->212710K(602112K)
[28.812s][info ][gc,metaspace ] GC(95) Metaspace: 54652K->54652K(1099776K)
[28.812s][info ][gc           ] GC(95) Pause Young (Allocation Failure) 453M->237M(852M) 44.730ms
[28.812s][info ][gc,cpu       ] GC(95) User=0.09s Sys=0.01s Real=0.04s
[28.812s][info ][safepoint    ] Leaving safepoint region
[28.812s][info ][safepoint    ] Total time for which application threads were stopped: 0.0449323 seconds, Stopping threads took: 0.0000130 seconds
[29.061s][info ][safepoint    ] Application time: 0.2496326 seconds
[29.061s][info ][safepoint    ] Entering safepoint region: ICBufferFull
[29.062s][info ][safepoint    ] Leaving safepoint region
[29.062s][info ][safepoint    ] Total time for which application threads were stopped: 0.0002559 seconds, Stopping threads took: 0.0000625 seconds
[29.479s][info ][safepoint    ] Application time: 0.4177853 seconds
[29.479s][info ][safepoint    ] Entering safepoint region: ICBufferFull
[29.480s][info ][safepoint    ] Leaving safepoint region
[29.480s][info ][safepoint    ] Total time for which application threads were stopped: 0.0002436 seconds, Stopping threads took: 0.0000257 seconds
[29.872s][info ][safepoint    ] Application time: 0.3922672 seconds
[29.872s][info ][safepoint    ] Entering safepoint region: GenCollectForAllocation
[29.872s][info ][gc,start     ] GC(96) Pause Young (Allocation Failure)
[29.872s][info ][gc,task      ] GC(96) Using 4 workers of 4 for evacuation
[29.889s][debug][gc,ref       ] GC(96) Skipped phase1 of Reference Processing due to unavailable references
[29.889s][debug][gc,ref       ] GC(96) Skipped phase3 of Reference Processing due to unavailable references
[29.889s][debug][gc,age       ] GC(96) Desired survivor size 15400960 bytes, new threshold 1 (max threshold 6)
[29.889s][info ][gc,heap      ] GC(96) ParNew: 270976K->25970K(270976K)
[29.889s][info ][gc,heap      ] GC(96) CMS: 212710K->220595K(602112K)
[29.889s][info ][gc,metaspace ] GC(96) Metaspace: 54911K->54911K(1099776K)
[29.890s][info ][gc           ] GC(96) Pause Young (Allocation Failure) 472M->240M(852M) 17.439ms
[29.890s][info ][gc,cpu       ] GC(96) User=0.07s Sys=0.00s Real=0.02s
[29.890s][info ][safepoint    ] Leaving safepoint region
[29.890s][info ][safepoint    ] Total time for which application threads were stopped: 0.0176813 seconds, Stopping threads took: 0.0000141 seconds
[30.286s][info ][safepoint    ] Application time: 0.3961051 seconds
[30.286s][info ][safepoint    ] Entering safepoint region: RevokeBias
[30.286s][info ][safepoint    ] Leaving safepoint region
[30.286s][info ][safepoint    ] Total time for which application threads were stopped: 0.0002466 seconds, Stopping threads took: 0.0000254 seconds
[30.639s][info ][safepoint    ] Application time: 0.3530485 seconds
[30.639s][info ][safepoint    ] Entering safepoint region: ICBufferFull
[30.639s][info ][safepoint    ] Leaving safepoint region
[30.639s][info ][safepoint    ] Total time for which application threads were stopped: 0.0002394 seconds, Stopping threads took: 0.0000144 seconds
[30.826s][info ][safepoint    ] Application time: 0.1869675 seconds
[30.826s][info ][safepoint    ] Entering safepoint region: ICBufferFull
[30.827s][info ][safepoint    ] Leaving safepoint region
[30.827s][info ][safepoint    ] Total time for which application threads were stopped: 0.0002388 seconds, Stopping threads took: 0.0000131 seconds
[30.887s][info ][safepoint    ] Application time: 0.0600237 seconds
[30.887s][info ][safepoint    ] Entering safepoint region: GenCollectForAllocation
[30.887s][info ][gc,start     ] GC(97) Pause Young (Allocation Failure)
[30.887s][info ][gc,task      ] GC(97) Using 4 workers of 4 for evacuation
[30.906s][debug][gc,ref       ] GC(97) Skipped phase1 of Reference Processing due to unavailable references
[30.906s][debug][gc,ref       ] GC(97) Skipped phase3 of Reference Processing due to unavailable references
[30.907s][debug][gc,age       ] GC(97) Desired survivor size 15400960 bytes, new threshold 6 (max threshold 6)
[30.907s][info ][gc,heap      ] GC(97) ParNew: 266866K->17972K(270976K)
[30.907s][info ][gc,heap      ] GC(97) CMS: 220595K->231970K(602112K)
[30.907s][info ][gc,metaspace ] GC(97) Metaspace: 55092K->55092K(1099776K)
[30.907s][info ][gc           ] GC(97) Pause Young (Allocation Failure) 476M->244M(852M) 19.685ms
[30.907s][info ][gc,cpu       ] GC(97) User=0.06s Sys=0.00s Real=0.02s
[30.907s][info ][safepoint    ] Leaving safepoint region
[30.907s][info ][safepoint    ] Total time for which application threads were stopped: 0.0200676 seconds, Stopping threads took: 0.0002084 seconds
[31.065s][info ][safepoint    ] Application time: 0.1579921 seconds
[31.065s][info ][safepoint    ] Entering safepoint region: RevokeBias
[31.065s][info ][safepoint    ] Leaving safepoint region
[31.065s][info ][safepoint    ] Total time for which application threads were stopped: 0.0002330 seconds, Stopping threads took: 0.0000938 seconds
[31.065s][info ][safepoint    ] Application time: 0.0000997 seconds
[31.065s][info ][safepoint    ] Entering safepoint region: RevokeBias
[31.065s][info ][safepoint    ] Leaving safepoint region
[31.065s][info ][safepoint    ] Total time for which application threads were stopped: 0.0000849 seconds, Stopping threads took: 0.0000563 seconds
[31.428s][info ][safepoint    ] Application time: 0.3624307 seconds
[31.428s][info ][safepoint    ] Entering safepoint region: Deoptimize
[31.429s][info ][safepoint    ] Leaving safepoint region
[31.429s][info ][safepoint    ] Total time for which application threads were stopped: 0.0017101 seconds, Stopping threads took: 0.0000134 seconds
[31.814s][info ][safepoint    ] Application time: 0.3848030 seconds
[31.814s][info ][safepoint    ] Entering safepoint region: GenCollectForAllocation
[31.814s][info ][gc,start     ] GC(98) Pause Young (Allocation Failure)
[31.814s][info ][gc,task      ] GC(98) Using 4 workers of 4 for evacuation
[31.832s][debug][gc,ref       ] GC(98) Skipped phase1 of Reference Processing due to unavailable references
[31.833s][debug][gc,ref       ] GC(98) Skipped phase3 of Reference Processing due to unavailable references
[31.833s][debug][gc,age       ] GC(98) Desired survivor size 15400960 bytes, new threshold 2 (max threshold 6)
[31.833s][info ][gc,heap      ] GC(98) ParNew: 258868K->19011K(270976K)
[31.833s][info ][gc,heap      ] GC(98) CMS: 231970K->231970K(602112K)
[31.833s][info ][gc,metaspace ] GC(98) Metaspace: 55240K->55240K(1099776K)
[31.833s][info ][gc           ] GC(98) Pause Young (Allocation Failure) 479M->245M(852M) 18.393ms
[31.833s][info ][gc,cpu       ] GC(98) User=0.07s Sys=0.00s Real=0.02s
[31.833s][info ][safepoint    ] Leaving safepoint region
[31.833s][info ][safepoint    ] Total time for which application threads were stopped: 0.0186387 seconds, Stopping threads took: 0.0000266 seconds
[32.833s][info ][safepoint    ] Application time: 1.0000978 seconds
[32.833s][info ][safepoint    ] Entering safepoint region: Cleanup
[32.833s][info ][safepoint    ] Leaving safepoint region
[32.833s][info ][safepoint    ] Total time for which application threads were stopped: 0.0002690 seconds, Stopping threads took: 0.0000645 seconds
[32.971s][info ][safepoint    ] Application time: 0.1378297 seconds
[32.971s][info ][safepoint    ] Entering safepoint region: GenCollectForAllocation
[32.971s][info ][gc,start     ] GC(99) Pause Young (Allocation Failure)
[32.971s][info ][gc,task      ] GC(99) Using 4 workers of 4 for evacuation
[32.985s][debug][gc,ref       ] GC(99) Skipped phase1 of Reference Processing due to unavailable references
[32.985s][debug][gc,ref       ] GC(99) Skipped phase3 of Reference Processing due to unavailable references
[32.985s][debug][gc,ref       ] GC(99) Skipped phase4 of Reference Processing due to unavailable references
[32.986s][debug][gc,age       ] GC(99) Desired survivor size 15400960 bytes, new threshold 6 (max threshold 6)
[32.986s][info ][gc,heap      ] GC(99) ParNew: 259907K->16093K(270976K)
[32.986s][info ][gc,heap      ] GC(99) CMS: 231970K->243443K(602112K)
[32.986s][info ][gc,metaspace ] GC(99) Metaspace: 55338K->55338K(1099776K)
[32.986s][info ][gc           ] GC(99) Pause Young (Allocation Failure) 480M->253M(852M) 14.436ms
[32.986s][info ][gc,cpu       ] GC(99) User=0.06s Sys=0.00s Real=0.02s
[32.986s][info ][safepoint    ] Leaving safepoint region
[32.986s][info ][safepoint    ] Total time for which application threads were stopped: 0.0146338 seconds, Stopping threads took: 0.0000143 seconds
[33.552s][info ][safepoint    ] Application time: 0.5664807 seconds
[33.552s][info ][safepoint    ] Entering safepoint region: ICBufferFull
[33.552s][info ][safepoint    ] Leaving safepoint region
[33.552s][info ][safepoint    ] Total time for which application threads were stopped: 0.0002767 seconds, Stopping threads took: 0.0000863 seconds
[33.903s][info ][safepoint    ] Application time: 0.3510010 seconds
[33.904s][info ][safepoint    ] Entering safepoint region: ICBufferFull
[33.904s][info ][safepoint    ] Leaving safepoint region
[33.904s][info ][safepoint    ] Total time for which application threads were stopped: 0.0002849 seconds, Stopping threads took: 0.0000780 seconds
[34.169s][info ][safepoint    ] Application time: 0.2649990 seconds
[34.169s][info ][safepoint    ] Entering safepoint region: GenCollectForAllocation
[34.169s][info ][gc,start     ] GC(100) Pause Young (Allocation Failure)
[34.169s][info ][gc,task      ] GC(100) Using 4 workers of 4 for evacuation
[34.174s][debug][gc,ref       ] GC(100) Skipped phase1 of Reference Processing due to unavailable references
[34.175s][debug][gc,ref       ] GC(100) Skipped phase3 of Reference Processing due to unavailable references
[34.175s][debug][gc,ref       ] GC(100) Skipped phase4 of Reference Processing due to unavailable references
[34.175s][debug][gc,age       ] GC(100) Desired survivor size 15400960 bytes, new threshold 6 (max threshold 6)
[34.175s][info ][gc,heap      ] GC(100) ParNew: 256989K->9455K(270976K)
[34.175s][info ][gc,heap      ] GC(100) CMS: 243443K->243443K(602112K)
[34.175s][info ][gc,metaspace ] GC(100) Metaspace: 55420K->55420K(1099776K)
[34.175s][info ][gc           ] GC(100) Pause Young (Allocation Failure) 488M->246M(852M) 5.746ms
[34.175s][info ][gc,cpu       ] GC(100) User=0.02s Sys=0.00s Real=0.00s
[34.175s][info ][safepoint    ] Leaving safepoint region
[34.175s][info ][safepoint    ] Total time for which application threads were stopped: 0.0059472 seconds, Stopping threads took: 0.0000151 seconds
[35.175s][info ][safepoint    ] Application time: 1.0001765 seconds
[35.175s][info ][safepoint    ] Entering safepoint region: Cleanup
[35.175s][info ][safepoint    ] Leaving safepoint region
[35.175s][info ][safepoint    ] Total time for which application threads were stopped: 0.0002675 seconds, Stopping threads took: 0.0000508 seconds
[35.479s][info ][safepoint    ] Application time: 0.3034698 seconds
[35.479s][info ][safepoint    ] Entering safepoint region: GenCollectForAllocation
[35.479s][info ][gc,start     ] GC(101) Pause Young (Allocation Failure)
[35.479s][info ][gc,task      ] GC(101) Using 4 workers of 4 for evacuation
[35.484s][debug][gc,ref       ] GC(101) Skipped phase1 of Reference Processing due to unavailable references
[35.484s][debug][gc,ref       ] GC(101) Skipped phase3 of Reference Processing due to unavailable references
[35.484s][debug][gc,ref       ] GC(101) Skipped phase4 of Reference Processing due to unavailable references
[35.484s][debug][gc,age       ] GC(101) Desired survivor size 15400960 bytes, new threshold 6 (max threshold 6)
[35.484s][info ][gc,heap      ] GC(101) ParNew: 250351K->6899K(270976K)
[35.484s][info ][gc,heap      ] GC(101) CMS: 243443K->243443K(602112K)
[35.484s][info ][gc,metaspace ] GC(101) Metaspace: 55501K->55501K(1099776K)
[35.484s][info ][gc           ] GC(101) Pause Young (Allocation Failure) 482M->244M(852M) 5.459ms
[35.484s][info ][gc,cpu       ] GC(101) User=0.02s Sys=0.00s Real=0.01s
[35.484s][info ][safepoint    ] Leaving safepoint region
[35.484s][info ][safepoint    ] Total time for which application threads were stopped: 0.0056511 seconds, Stopping threads took: 0.0000150 seconds
[35.977s][info ][safepoint    ] Application time: 0.4929740 seconds
[35.977s][info ][safepoint    ] Entering safepoint region: ICBufferFull
[35.978s][info ][safepoint    ] Leaving safepoint region
[35.978s][info ][safepoint    ] Total time for which application threads were stopped: 0.0002956 seconds, Stopping threads took: 0.0000400 seconds
[36.065s][info ][safepoint    ] Application time: 0.0877116 seconds
[36.065s][info ][safepoint    ] Entering safepoint region: RevokeBias
[36.066s][info ][safepoint    ] Leaving safepoint region
[36.066s][info ][safepoint    ] Total time for which application threads were stopped: 0.0002667 seconds, Stopping threads took: 0.0000342 seconds
[36.067s][info ][safepoint    ] Application time: 0.0009728 seconds
[36.067s][info ][safepoint    ] Entering safepoint region: RevokeBias
[36.067s][info ][safepoint    ] Leaving safepoint region
[36.067s][info ][safepoint    ] Total time for which application threads were stopped: 0.0001065 seconds, Stopping threads took: 0.0000481 seconds
[36.067s][info ][safepoint    ] Application time: 0.0000844 seconds
[36.067s][info ][safepoint    ] Entering safepoint region: RevokeBias
[36.067s][info ][safepoint    ] Leaving safepoint region
[36.067s][info ][safepoint    ] Total time for which application threads were stopped: 0.0000573 seconds, Stopping threads took: 0.0000354 seconds
[36.067s][info ][safepoint    ] Application time: 0.0001313 seconds
[36.067s][info ][safepoint    ] Entering safepoint region: RevokeBias
[36.067s][info ][safepoint    ] Leaving safepoint region
[36.067s][info ][safepoint    ] Total time for which application threads were stopped: 0.0000613 seconds, Stopping threads took: 0.0000392 seconds
[36.067s][info ][safepoint    ] Application time: 0.0001742 seconds
[36.067s][info ][safepoint    ] Entering safepoint region: RevokeBias
[36.068s][info ][safepoint    ] Leaving safepoint region
[36.068s][info ][safepoint    ] Total time for which application threads were stopped: 0.0002406 seconds, Stopping threads took: 0.0001654 seconds
[36.678s][info ][safepoint    ] Application time: 0.6100684 seconds
[36.678s][info ][safepoint    ] Entering safepoint region: GenCollectForAllocation
[36.678s][info ][gc,start     ] GC(102) Pause Young (Allocation Failure)
[36.678s][info ][gc,task      ] GC(102) Using 4 workers of 4 for evacuation
[36.683s][debug][gc,ref       ] GC(102) Skipped phase1 of Reference Processing due to unavailable references
[36.683s][debug][gc,ref       ] GC(102) Skipped phase3 of Reference Processing due to unavailable references
[36.683s][debug][gc,ref       ] GC(102) Skipped phase4 of Reference Processing due to unavailable references
[36.683s][debug][gc,age       ] GC(102) Desired survivor size 15400960 bytes, new threshold 6 (max threshold 6)
[36.683s][info ][gc,heap      ] GC(102) ParNew: 247795K->7679K(270976K)
[36.683s][info ][gc,heap      ] GC(102) CMS: 243443K->243443K(602112K)
[36.683s][info ][gc,metaspace ] GC(102) Metaspace: 55566K->55566K(1099776K)
[36.683s][info ][gc           ] GC(102) Pause Young (Allocation Failure) 479M->245M(852M) 5.068ms
[36.683s][info ][gc,cpu       ] GC(102) User=0.02s Sys=0.00s Real=0.00s
[36.683s][info ][safepoint    ] Leaving safepoint region
[36.683s][info ][safepoint    ] Total time for which application threads were stopped: 0.0052816 seconds, Stopping threads took: 0.0000133 seconds
[37.683s][info ][safepoint    ] Application time: 1.0000967 seconds
[37.683s][info ][safepoint    ] Entering safepoint region: Cleanup
[37.683s][info ][safepoint    ] Leaving safepoint region
[37.683s][info ][safepoint    ] Total time for which application threads were stopped: 0.0002515 seconds, Stopping threads took: 0.0000793 seconds
[38.020s][info ][safepoint    ] Application time: 0.3365386 seconds
[38.020s][info ][safepoint    ] Entering safepoint region: GenCollectForAllocation
[38.020s][info ][gc,start     ] GC(103) Pause Young (Allocation Failure)
[38.020s][info ][gc,task      ] GC(103) Using 4 workers of 4 for evacuation
[38.025s][debug][gc,ref       ] GC(103) Skipped phase1 of Reference Processing due to unavailable references
[38.025s][debug][gc,ref       ] GC(103) Skipped phase3 of Reference Processing due to unavailable references
[38.025s][debug][gc,ref       ] GC(103) Skipped phase4 of Reference Processing due to unavailable references
[38.025s][debug][gc,age       ] GC(103) Desired survivor size 15400960 bytes, new threshold 6 (max threshold 6)
[38.025s][info ][gc,heap      ] GC(103) ParNew: 248575K->8405K(270976K)
[38.025s][info ][gc,heap      ] GC(103) CMS: 243443K->243443K(602112K)
[38.025s][info ][gc,metaspace ] GC(103) Metaspace: 55612K->55612K(1099776K)
[38.025s][info ][gc           ] GC(103) Pause Young (Allocation Failure) 480M->245M(852M) 5.358ms
[38.025s][info ][gc,cpu       ] GC(103) User=0.02s Sys=0.00s Real=0.01s
[38.025s][info ][safepoint    ] Leaving safepoint region
[38.025s][info ][safepoint    ] Total time for which application threads were stopped: 0.0055403 seconds, Stopping threads took: 0.0000143 seconds
[39.026s][info ][safepoint    ] Application time: 1.0000957 seconds
[39.026s][info ][safepoint    ] Entering safepoint region: Cleanup
[39.026s][info ][safepoint    ] Leaving safepoint region
[39.026s][info ][safepoint    ] Total time for which application threads were stopped: 0.0002102 seconds, Stopping threads took: 0.0000798 seconds
[39.330s][info ][safepoint    ] Application time: 0.3037408 seconds
[39.330s][info ][safepoint    ] Entering safepoint region: GenCollectForAllocation
[39.330s][info ][gc,start     ] GC(104) Pause Young (Allocation Failure)
[39.330s][info ][gc,task      ] GC(104) Using 4 workers of 4 for evacuation
[39.337s][debug][gc,ref       ] GC(104) Skipped phase1 of Reference Processing due to unavailable references
[39.337s][debug][gc,ref       ] GC(104) Skipped phase2 of Reference Processing due to unavailable references
[39.337s][debug][gc,ref       ] GC(104) Skipped phase3 of Reference Processing due to unavailable references
[39.337s][debug][gc,ref       ] GC(104) Skipped phase4 of Reference Processing due to unavailable references
[39.337s][debug][gc,age       ] GC(104) Desired survivor size 15400960 bytes, new threshold 6 (max threshold 6)
[39.337s][info ][gc,heap      ] GC(104) ParNew: 249301K->5735K(270976K)
[39.337s][info ][gc,heap      ] GC(104) CMS: 243443K->248290K(602112K)
[39.337s][info ][gc,metaspace ] GC(104) Metaspace: 55653K->55653K(1099776K)
[39.337s][info ][gc           ] GC(104) Pause Young (Allocation Failure) 481M->248M(852M) 7.728ms
[39.337s][info ][gc,cpu       ] GC(104) User=0.02s Sys=0.01s Real=0.01s
[39.337s][info ][safepoint    ] Leaving safepoint region
[39.337s][info ][safepoint    ] Total time for which application threads were stopped: 0.0079189 seconds, Stopping threads took: 0.0000171 seconds
[40.338s][info ][safepoint    ] Application time: 1.0001007 seconds
[40.338s][info ][safepoint    ] Entering safepoint region: Cleanup
[40.338s][info ][safepoint    ] Leaving safepoint region
[40.338s][info ][safepoint    ] Total time for which application threads were stopped: 0.0001911 seconds, Stopping threads took: 0.0000910 seconds
[40.673s][info ][safepoint    ] Application time: 0.3347039 seconds
[40.673s][info ][safepoint    ] Entering safepoint region: GenCollectForAllocation
[40.673s][info ][gc,start     ] GC(105) Pause Young (Allocation Failure)
[40.673s][info ][gc,task      ] GC(105) Using 4 workers of 4 for evacuation
[40.676s][debug][gc,ref       ] GC(105) Skipped phase1 of Reference Processing due to unavailable references
[40.676s][debug][gc,ref       ] GC(105) Skipped phase2 of Reference Processing due to unavailable references
[40.676s][debug][gc,ref       ] GC(105) Skipped phase3 of Reference Processing due to unavailable references
[40.676s][debug][gc,ref       ] GC(105) Skipped phase4 of Reference Processing due to unavailable references
[40.676s][debug][gc,age       ] GC(105) Desired survivor size 15400960 bytes, new threshold 6 (max threshold 6)
[40.676s][info ][gc,heap      ] GC(105) ParNew: 246631K->1643K(270976K)
[40.676s][info ][gc,heap      ] GC(105) CMS: 248290K->248480K(602112K)
[40.676s][info ][gc,metaspace ] GC(105) Metaspace: 55713K->55713K(1099776K)
[40.677s][info ][gc           ] GC(105) Pause Young (Allocation Failure) 483M->244M(852M) 3.816ms
[40.677s][info ][gc,cpu       ] GC(105) User=0.01s Sys=0.00s Real=0.01s
[40.677s][info ][safepoint    ] Leaving safepoint region
[40.677s][info ][safepoint    ] Total time for which application threads were stopped: 0.0040138 seconds, Stopping threads took: 0.0000130 seconds
[41.677s][info ][safepoint    ] Application time: 1.0001071 seconds
[41.677s][info ][safepoint    ] Entering safepoint region: Cleanup
[41.677s][info ][safepoint    ] Leaving safepoint region
[41.677s][info ][safepoint    ] Total time for which application threads were stopped: 0.0001815 seconds, Stopping threads took: 0.0000706 seconds
[42.027s][info ][safepoint    ] Application time: 0.3505487 seconds
[42.027s][info ][safepoint    ] Entering safepoint region: GenCollectForAllocation
[42.028s][info ][gc,start     ] GC(106) Pause Young (Allocation Failure)
[42.028s][info ][gc,task      ] GC(106) Using 4 workers of 4 for evacuation
[42.031s][debug][gc,ref       ] GC(106) Skipped phase1 of Reference Processing due to unavailable references
[42.031s][debug][gc,ref       ] GC(106) Skipped phase2 of Reference Processing due to unavailable references
[42.031s][debug][gc,ref       ] GC(106) Skipped phase3 of Reference Processing due to unavailable references
[42.031s][debug][gc,ref       ] GC(106) Skipped phase4 of Reference Processing due to unavailable references
[42.031s][debug][gc,age       ] GC(106) Desired survivor size 15400960 bytes, new threshold 6 (max threshold 6)
[42.031s][info ][gc,heap      ] GC(106) ParNew: 242539K->1352K(270976K)
[42.031s][info ][gc,heap      ] GC(106) CMS: 248480K->248579K(602112K)
[42.031s][info ][gc,metaspace ] GC(106) Metaspace: 55722K->55722K(1099776K)
[42.031s][info ][gc           ] GC(106) Pause Young (Allocation Failure) 479M->244M(852M) 3.202ms
[42.031s][info ][gc,cpu       ] GC(106) User=0.01s Sys=0.00s Real=0.00s
[42.031s][info ][safepoint    ] Leaving safepoint region
[42.031s][info ][safepoint    ] Total time for which application threads were stopped: 0.0034130 seconds, Stopping threads took: 0.0000133 seconds
[43.031s][info ][safepoint    ] Application time: 1.0001004 seconds
[43.031s][info ][safepoint    ] Entering safepoint region: Cleanup
[43.031s][info ][safepoint    ] Leaving safepoint region
[43.031s][info ][safepoint    ] Total time for which application threads were stopped: 0.0001571 seconds, Stopping threads took: 0.0000140 seconds
[43.431s][info ][safepoint    ] Application time: 0.3996598 seconds
[43.431s][info ][safepoint    ] Entering safepoint region: GenCollectForAllocation
[43.431s][info ][gc,start     ] GC(107) Pause Young (Allocation Failure)
[43.431s][info ][gc,task      ] GC(107) Using 4 workers of 4 for evacuation
[43.434s][debug][gc,ref       ] GC(107) Skipped phase1 of Reference Processing due to unavailable references
[43.434s][debug][gc,ref       ] GC(107) Skipped phase2 of Reference Processing due to unavailable references
[43.434s][debug][gc,ref       ] GC(107) Skipped phase3 of Reference Processing due to unavailable references
[43.434s][debug][gc,ref       ] GC(107) Skipped phase4 of Reference Processing due to unavailable references
[43.434s][debug][gc,age       ] GC(107) Desired survivor size 15400960 bytes, new threshold 6 (max threshold 6)
[43.434s][info ][gc,heap      ] GC(107) ParNew: 242248K->1068K(270976K)
[43.434s][info ][gc,heap      ] GC(107) CMS: 248579K->248629K(602112K)
[43.434s][info ][gc,metaspace ] GC(107) Metaspace: 55763K->55763K(1099776K)
[43.434s][info ][gc           ] GC(107) Pause Young (Allocation Failure) 479M->243M(852M) 3.166ms
[43.434s][info ][gc,cpu       ] GC(107) User=0.02s Sys=0.00s Real=0.00s
[43.434s][info ][safepoint    ] Leaving safepoint region
[43.434s][info ][safepoint    ] Total time for which application threads were stopped: 0.0033750 seconds, Stopping threads took: 0.0000144 seconds
[43.861s][info ][safepoint    ] Application time: 0.4263186 seconds
[43.861s][info ][safepoint    ] Entering safepoint region: ICBufferFull
[43.861s][info ][safepoint    ] Leaving safepoint region
[43.861s][info ][safepoint    ] Total time for which application threads were stopped: 0.0004165 seconds, Stopping threads took: 0.0001814 seconds
[44.712s][info ][safepoint    ] Application time: 0.8510469 seconds
[44.712s][info ][safepoint    ] Entering safepoint region: GenCollectForAllocation
[44.712s][info ][gc,start     ] GC(108) Pause Young (Allocation Failure)
[44.712s][info ][gc,task      ] GC(108) Using 4 workers of 4 for evacuation
[44.717s][debug][gc,ref       ] GC(108) Skipped phase1 of Reference Processing due to unavailable references
[44.717s][debug][gc,ref       ] GC(108) Skipped phase3 of Reference Processing due to unavailable references
[44.718s][debug][gc,age       ] GC(108) Desired survivor size 15400960 bytes, new threshold 6 (max threshold 6)
[44.718s][info ][gc,heap      ] GC(108) ParNew: 241964K->5080K(270976K)
[44.718s][info ][gc,heap      ] GC(108) CMS: 248629K->248677K(602112K)
[44.718s][info ][gc,metaspace ] GC(108) Metaspace: 55809K->55809K(1099776K)
[44.718s][info ][gc           ] GC(108) Pause Young (Allocation Failure) 479M->247M(852M) 5.290ms
[44.718s][info ][gc,cpu       ] GC(108) User=0.02s Sys=0.00s Real=0.01s
[44.718s][info ][safepoint    ] Leaving safepoint region
[44.718s][info ][safepoint    ] Total time for which application threads were stopped: 0.0055217 seconds, Stopping threads took: 0.0000137 seconds
[45.718s][info ][safepoint    ] Application time: 1.0001081 seconds
[45.718s][info ][safepoint    ] Entering safepoint region: Cleanup
[45.718s][info ][safepoint    ] Leaving safepoint region
[45.718s][info ][safepoint    ] Total time for which application threads were stopped: 0.0001807 seconds, Stopping threads took: 0.0000711 seconds
[46.219s][info ][safepoint    ] Application time: 0.5010326 seconds
[46.219s][info ][safepoint    ] Entering safepoint region: GenCollectForAllocation
[46.219s][info ][gc,start     ] GC(109) Pause Young (Allocation Failure)
[46.219s][info ][gc,task      ] GC(109) Using 4 workers of 4 for evacuation
[46.224s][debug][gc,ref       ] GC(109) Skipped phase1 of Reference Processing due to unavailable references
[46.224s][debug][gc,ref       ] GC(109) Skipped phase3 of Reference Processing due to unavailable references
[46.224s][debug][gc,ref       ] GC(109) Skipped phase4 of Reference Processing due to unavailable references
[46.224s][debug][gc,age       ] GC(109) Desired survivor size 15400960 bytes, new threshold 6 (max threshold 6)
[46.224s][info ][gc,heap      ] GC(109) ParNew: 245976K->6427K(270976K)
[46.224s][info ][gc,heap      ] GC(109) CMS: 248677K->248708K(602112K)
[46.224s][info ][gc,metaspace ] GC(109) Metaspace: 55839K->55839K(1099776K)
[46.224s][info ][gc           ] GC(109) Pause Young (Allocation Failure) 483M->249M(852M) 4.509ms
[46.224s][info ][gc,cpu       ] GC(109) User=0.02s Sys=0.00s Real=0.01s
[46.224s][info ][safepoint    ] Leaving safepoint region
[46.224s][info ][safepoint    ] Total time for which application threads were stopped: 0.0047156 seconds, Stopping threads took: 0.0000389 seconds
[47.224s][info ][safepoint    ] Application time: 1.0001081 seconds
[47.224s][info ][safepoint    ] Entering safepoint region: Cleanup
[47.224s][info ][safepoint    ] Leaving safepoint region
[47.224s][info ][safepoint    ] Total time for which application threads were stopped: 0.0002850 seconds, Stopping threads took: 0.0000787 seconds
[47.697s][info ][safepoint    ] Application time: 0.4727004 seconds
[47.697s][info ][safepoint    ] Entering safepoint region: GenCollectForAllocation
[47.697s][info ][gc,start     ] GC(110) Pause Young (Allocation Failure)
[47.697s][info ][gc,task      ] GC(110) Using 4 workers of 4 for evacuation
[47.702s][debug][gc,ref       ] GC(110) Skipped phase1 of Reference Processing due to unavailable references
[47.702s][debug][gc,ref       ] GC(110) Skipped phase3 of Reference Processing due to unavailable references
[47.702s][debug][gc,ref       ] GC(110) Skipped phase4 of Reference Processing due to unavailable references
[47.702s][debug][gc,age       ] GC(110) Desired survivor size 15400960 bytes, new threshold 6 (max threshold 6)
[47.702s][info ][gc,heap      ] GC(110) ParNew: 247323K->7912K(270976K)
[47.702s][info ][gc,heap      ] GC(110) CMS: 248708K->248776K(602112K)
[47.702s][info ][gc,metaspace ] GC(110) Metaspace: 55868K->55868K(1099776K)
[47.702s][info ][gc           ] GC(110) Pause Young (Allocation Failure) 484M->250M(852M) 5.367ms
[47.702s][info ][gc,cpu       ] GC(110) User=0.02s Sys=0.00s Real=0.00s
[47.703s][info ][safepoint    ] Leaving safepoint region
[47.703s][info ][safepoint    ] Total time for which application threads were stopped: 0.0056164 seconds, Stopping threads took: 0.0000123 seconds
[48.703s][info ][safepoint    ] Application time: 1.0001025 seconds
[48.703s][info ][safepoint    ] Entering safepoint region: Cleanup
[48.703s][info ][safepoint    ] Leaving safepoint region
[48.703s][info ][safepoint    ] Total time for which application threads were stopped: 0.0001945 seconds, Stopping threads took: 0.0000907 seconds
[49.219s][info ][safepoint    ] Application time: 0.5164770 seconds
[49.219s][info ][safepoint    ] Entering safepoint region: GenCollectForAllocation
[49.220s][info ][gc,start     ] GC(111) Pause Young (Allocation Failure)
[49.220s][info ][gc,task      ] GC(111) Using 4 workers of 4 for evacuation
[49.224s][debug][gc,ref       ] GC(111) Skipped phase1 of Reference Processing due to unavailable references
[49.224s][debug][gc,ref       ] GC(111) Skipped phase3 of Reference Processing due to unavailable references
[49.224s][debug][gc,ref       ] GC(111) Skipped phase4 of Reference Processing due to unavailable references
[49.224s][debug][gc,age       ] GC(111) Desired survivor size 15400960 bytes, new threshold 6 (max threshold 6)
[49.224s][info ][gc,heap      ] GC(111) ParNew: 248808K->8022K(270976K)
[49.224s][info ][gc,heap      ] GC(111) CMS: 248776K->248821K(602112K)
[49.224s][info ][gc,metaspace ] GC(111) Metaspace: 55882K->55882K(1099776K)
[49.224s][info ][gc           ] GC(111) Pause Young (Allocation Failure) 485M->250M(852M) 4.955ms
[49.224s][info ][gc,cpu       ] GC(111) User=0.02s Sys=0.01s Real=0.01s
[49.224s][info ][safepoint    ] Leaving safepoint region
[49.224s][info ][safepoint    ] Total time for which application threads were stopped: 0.0051327 seconds, Stopping threads took: 0.0000139 seconds
[50.225s][info ][safepoint    ] Application time: 1.0001131 seconds
[50.225s][info ][safepoint    ] Entering safepoint region: Cleanup
[50.225s][info ][safepoint    ] Leaving safepoint region
[50.225s][info ][safepoint    ] Total time for which application threads were stopped: 0.0001605 seconds, Stopping threads took: 0.0000489 seconds
[50.732s][info ][safepoint    ] Application time: 0.5072768 seconds
[50.732s][info ][safepoint    ] Entering safepoint region: GenCollectForAllocation
[50.732s][info ][gc,start     ] GC(112) Pause Young (Allocation Failure)
[50.732s][info ][gc,task      ] GC(112) Using 4 workers of 4 for evacuation
[50.737s][debug][gc,ref       ] GC(112) Skipped phase1 of Reference Processing due to unavailable references
[50.737s][debug][gc,ref       ] GC(112) Skipped phase3 of Reference Processing due to unavailable references
[50.737s][debug][gc,ref       ] GC(112) Skipped phase4 of Reference Processing due to unavailable references
[50.737s][debug][gc,age       ] GC(112) Desired survivor size 15400960 bytes, new threshold 6 (max threshold 6)
[50.737s][info ][gc,heap      ] GC(112) ParNew: 248918K->6918K(270976K)
[50.737s][info ][gc,heap      ] GC(112) CMS: 248821K->248878K(602112K)
[50.737s][info ][gc,metaspace ] GC(112) Metaspace: 55886K->55886K(1099776K)
[50.737s][info ][gc           ] GC(112) Pause Young (Allocation Failure) 486M->249M(852M) 5.171ms
[50.737s][info ][gc,cpu       ] GC(112) User=0.02s Sys=0.00s Real=0.01s
[50.737s][info ][safepoint    ] Leaving safepoint region
[50.737s][info ][safepoint    ] Total time for which application threads were stopped: 0.0053454 seconds, Stopping threads took: 0.0000378 seconds
[51.738s][info ][safepoint    ] Application time: 1.0000955 seconds
[51.738s][info ][safepoint    ] Entering safepoint region: Cleanup
[51.738s][info ][safepoint    ] Leaving safepoint region
[51.738s][info ][safepoint    ] Total time for which application threads were stopped: 0.0000848 seconds, Stopping threads took: 0.0000142 seconds
[52.353s][info ][safepoint    ] Application time: 0.6155938 seconds
[52.353s][info ][safepoint    ] Entering safepoint region: GenCollectForAllocation
[52.353s][info ][gc,start     ] GC(113) Pause Young (Allocation Failure)
[52.353s][info ][gc,task      ] GC(113) Using 4 workers of 4 for evacuation
[52.358s][debug][gc,ref       ] GC(113) Skipped phase1 of Reference Processing due to unavailable references
[52.358s][debug][gc,ref       ] GC(113) Skipped phase3 of Reference Processing due to unavailable references
[52.358s][debug][gc,ref       ] GC(113) Skipped phase4 of Reference Processing due to unavailable references
[52.358s][debug][gc,age       ] GC(113) Desired survivor size 15400960 bytes, new threshold 6 (max threshold 6)
[52.358s][info ][gc,heap      ] GC(113) ParNew: 247814K->6934K(270976K)
[52.358s][info ][gc,heap      ] GC(113) CMS: 248878K->249004K(602112K)
[52.358s][info ][gc,metaspace ] GC(113) Metaspace: 55890K->55890K(1099776K)
[52.358s][info ][gc           ] GC(113) Pause Young (Allocation Failure) 485M->249M(852M) 4.820ms
[52.358s][info ][gc,cpu       ] GC(113) User=0.02s Sys=0.00s Real=0.01s
[52.358s][info ][safepoint    ] Leaving safepoint region
[52.358s][info ][safepoint    ] Total time for which application threads were stopped: 0.0050381 seconds, Stopping threads took: 0.0000441 seconds
[53.358s][info ][safepoint    ] Application time: 1.0001040 seconds
[53.359s][info ][safepoint    ] Entering safepoint region: Cleanup
[53.359s][info ][safepoint    ] Leaving safepoint region
[53.359s][info ][safepoint    ] Total time for which application threads were stopped: 0.0001399 seconds, Stopping threads took: 0.0000570 seconds
[53.953s][info ][safepoint    ] Application time: 0.5947920 seconds
[53.953s][info ][safepoint    ] Entering safepoint region: GenCollectForAllocation
[53.954s][info ][gc,start     ] GC(114) Pause Young (Allocation Failure)
[53.954s][info ][gc,task      ] GC(114) Using 4 workers of 4 for evacuation
[53.959s][debug][gc,ref       ] GC(114) Skipped phase1 of Reference Processing due to unavailable references
[53.959s][debug][gc,ref       ] GC(114) Skipped phase3 of Reference Processing due to unavailable references
[53.959s][debug][gc,ref       ] GC(114) Skipped phase4 of Reference Processing due to unavailable references
[53.959s][debug][gc,age       ] GC(114) Desired survivor size 15400960 bytes, new threshold 6 (max threshold 6)
[53.960s][info ][gc,heap      ] GC(114) ParNew: 247830K->6822K(270976K)
[53.960s][info ][gc,heap      ] GC(114) CMS: 249004K->250312K(602112K)
[53.960s][info ][gc,metaspace ] GC(114) Metaspace: 55917K->55917K(1099776K)
[53.960s][info ][gc           ] GC(114) Pause Young (Allocation Failure) 485M->251M(852M) 5.937ms
[53.960s][info ][gc,cpu       ] GC(114) User=0.01s Sys=0.00s Real=0.01s
[53.960s][info ][safepoint    ] Leaving safepoint region
[53.960s][info ][safepoint    ] Total time for which application threads were stopped: 0.0061252 seconds, Stopping threads took: 0.0000401 seconds
[54.960s][info ][safepoint    ] Application time: 1.0001187 seconds
[54.960s][info ][safepoint    ] Entering safepoint region: Cleanup
[54.960s][info ][safepoint    ] Leaving safepoint region
[54.960s][info ][safepoint    ] Total time for which application threads were stopped: 0.0001600 seconds, Stopping threads took: 0.0000595 seconds
[55.519s][info ][safepoint    ] Application time: 0.5592903 seconds
[55.519s][info ][safepoint    ] Entering safepoint region: GenCollectForAllocation
[55.519s][info ][gc,start     ] GC(115) Pause Young (Allocation Failure)
[55.519s][info ][gc,task      ] GC(115) Using 4 workers of 4 for evacuation
[55.524s][debug][gc,ref       ] GC(115) Skipped phase1 of Reference Processing due to unavailable references
[55.524s][debug][gc,ref       ] GC(115) Skipped phase3 of Reference Processing due to unavailable references
[55.524s][debug][gc,ref       ] GC(115) Skipped phase4 of Reference Processing due to unavailable references
[55.524s][debug][gc,age       ] GC(115) Desired survivor size 15400960 bytes, new threshold 6 (max threshold 6)
[55.524s][info ][gc,heap      ] GC(115) ParNew: 247718K->5637K(270976K)
[55.524s][info ][gc,heap      ] GC(115) CMS: 250312K->250401K(602112K)
[55.524s][info ][gc,metaspace ] GC(115) Metaspace: 55926K->55926K(1099776K)
[55.524s][info ][gc           ] GC(115) Pause Young (Allocation Failure) 486M->250M(852M) 4.368ms
[55.524s][info ][gc,cpu       ] GC(115) User=0.01s Sys=0.01s Real=0.01s
[55.524s][info ][safepoint    ] Leaving safepoint region
[55.524s][info ][safepoint    ] Total time for which application threads were stopped: 0.0045440 seconds, Stopping threads took: 0.0000229 seconds
[56.524s][info ][safepoint    ] Application time: 1.0000955 seconds
[56.524s][info ][safepoint    ] Entering safepoint region: Cleanup
[56.524s][info ][safepoint    ] Leaving safepoint region
[56.524s][info ][safepoint    ] Total time for which application threads were stopped: 0.0001478 seconds, Stopping threads took: 0.0000659 seconds
[57.066s][info ][safepoint    ] Application time: 0.5419734 seconds
[57.066s][info ][safepoint    ] Entering safepoint region: GenCollectForAllocation
[57.066s][info ][gc,start     ] GC(116) Pause Young (Allocation Failure)
[57.066s][info ][gc,task      ] GC(116) Using 4 workers of 4 for evacuation
[57.073s][debug][gc,ref       ] GC(116) Skipped phase1 of Reference Processing due to unavailable references
[57.073s][debug][gc,ref       ] GC(116) Skipped phase3 of Reference Processing due to unavailable references
[57.073s][debug][gc,ref       ] GC(116) Skipped phase4 of Reference Processing due to unavailable references
[57.073s][debug][gc,age       ] GC(116) Desired survivor size 15400960 bytes, new threshold 6 (max threshold 6)
[57.073s][info ][gc,heap      ] GC(116) ParNew: 246533K->4145K(270976K)
[57.073s][info ][gc,heap      ] GC(116) CMS: 250401K->253983K(602112K)
[57.073s][info ][gc,metaspace ] GC(116) Metaspace: 55929K->55929K(1099776K)
[57.073s][info ][gc           ] GC(116) Pause Young (Allocation Failure) 485M->252M(852M) 6.959ms
[57.073s][info ][gc,cpu       ] GC(116) User=0.02s Sys=0.01s Real=0.00s
[57.073s][info ][safepoint    ] Leaving safepoint region
[57.073s][info ][safepoint    ] Total time for which application threads were stopped: 0.0071472 seconds, Stopping threads took: 0.0000269 seconds
[58.073s][info ][safepoint    ] Application time: 1.0001049 seconds
[58.073s][info ][safepoint    ] Entering safepoint region: Cleanup
[58.073s][info ][safepoint    ] Leaving safepoint region
[58.073s][info ][safepoint    ] Total time for which application threads were stopped: 0.0001521 seconds, Stopping threads took: 0.0000649 seconds
[58.674s][info ][safepoint    ] Application time: 0.6001296 seconds
[58.674s][info ][safepoint    ] Entering safepoint region: GenCollectForAllocation
[58.674s][info ][gc,start     ] GC(117) Pause Young (Allocation Failure)
[58.674s][info ][gc,task      ] GC(117) Using 4 workers of 4 for evacuation
[58.677s][debug][gc,ref       ] GC(117) Skipped phase1 of Reference Processing due to unavailable references
[58.677s][debug][gc,ref       ] GC(117) Skipped phase2 of Reference Processing due to unavailable references
[58.677s][debug][gc,ref       ] GC(117) Skipped phase3 of Reference Processing due to unavailable references
[58.677s][debug][gc,ref       ] GC(117) Skipped phase4 of Reference Processing due to unavailable references
[58.677s][debug][gc,age       ] GC(117) Desired survivor size 15400960 bytes, new threshold 6 (max threshold 6)
[58.677s][info ][gc,heap      ] GC(117) ParNew: 245041K->1144K(270976K)
[58.677s][info ][gc,heap      ] GC(117) CMS: 253983K->254017K(602112K)
[58.677s][info ][gc,metaspace ] GC(117) Metaspace: 55930K->55930K(1099776K)
[58.677s][info ][gc           ] GC(117) Pause Young (Allocation Failure) 487M->249M(852M) 3.172ms
[58.677s][info ][gc,cpu       ] GC(117) User=0.01s Sys=0.00s Real=0.01s
[58.677s][info ][safepoint    ] Leaving safepoint region
[58.677s][info ][safepoint    ] Total time for which application threads were stopped: 0.0033250 seconds, Stopping threads took: 0.0000135 seconds
[59.677s][info ][safepoint    ] Application time: 1.0001040 seconds
[59.677s][info ][safepoint    ] Entering safepoint region: Cleanup
[59.677s][info ][safepoint    ] Leaving safepoint region
[59.677s][info ][safepoint    ] Total time for which application threads were stopped: 0.0002201 seconds, Stopping threads took: 0.0000825 seconds
[60.087s][info ][safepoint    ] Application time: 0.4101064 seconds
[60.087s][info ][safepoint    ] Entering safepoint region: GenCollectForAllocation
[60.088s][info ][gc,start     ] GC(118) Pause Young (Allocation Failure)
[60.088s][info ][gc,task      ] GC(118) Using 4 workers of 4 for evacuation
[60.094s][debug][gc,ref       ] GC(118) Skipped phase1 of Reference Processing due to unavailable references
[60.094s][debug][gc,ref       ] GC(118) Skipped phase2 of Reference Processing due to unavailable references
[60.094s][debug][gc,ref       ] GC(118) Skipped phase3 of Reference Processing due to unavailable references
[60.094s][debug][gc,ref       ] GC(118) Skipped phase4 of Reference Processing due to unavailable references
[60.094s][debug][gc,age       ] GC(118) Desired survivor size 15400960 bytes, new threshold 6 (max threshold 6)
[60.094s][info ][gc,heap      ] GC(118) ParNew: 242040K->6599K(270976K)
[60.094s][info ][gc,heap      ] GC(118) CMS: 254017K->254063K(602112K)
[60.094s][info ][gc,metaspace ] GC(118) Metaspace: 55947K->55947K(1099776K)
[60.094s][info ][gc           ] GC(118) Pause Young (Allocation Failure) 484M->254M(852M) 6.682ms
[60.094s][info ][gc,cpu       ] GC(118) User=0.02s Sys=0.00s Real=0.00s
[60.094s][info ][safepoint    ] Leaving safepoint region
[60.094s][info ][safepoint    ] Total time for which application threads were stopped: 0.0068789 seconds, Stopping threads took: 0.0000244 seconds
[61.095s][info ][safepoint    ] Application time: 1.0001392 seconds
[61.095s][info ][safepoint    ] Entering safepoint region: Cleanup
[61.095s][info ][safepoint    ] Leaving safepoint region
[61.095s][info ][safepoint    ] Total time for which application threads were stopped: 0.0001128 seconds, Stopping threads took: 0.0000142 seconds
[61.516s][info ][safepoint    ] Application time: 0.4208513 seconds
[61.516s][info ][safepoint    ] Entering safepoint region: GenCollectForAllocation
[61.516s][info ][gc,start     ] GC(119) Pause Young (Allocation Failure)
[61.516s][info ][gc,task      ] GC(119) Using 4 workers of 4 for evacuation
[61.520s][debug][gc,ref       ] GC(119) Skipped phase1 of Reference Processing due to unavailable references
[61.520s][debug][gc,ref       ] GC(119) Skipped phase2 of Reference Processing due to unavailable references
[61.520s][debug][gc,ref       ] GC(119) Skipped phase3 of Reference Processing due to unavailable references
[61.520s][debug][gc,ref       ] GC(119) Skipped phase4 of Reference Processing due to unavailable references
[61.520s][debug][gc,age       ] GC(119) Desired survivor size 15400960 bytes, new threshold 6 (max threshold 6)
[61.520s][info ][gc,heap      ] GC(119) ParNew: 247495K->8692K(270976K)
[61.520s][info ][gc,heap      ] GC(119) CMS: 254063K->254077K(602112K)
[61.520s][info ][gc,metaspace ] GC(119) Metaspace: 55964K->55964K(1099776K)
[61.520s][info ][gc           ] GC(119) Pause Young (Allocation Failure) 489M->256M(852M) 4.805ms
[61.520s][info ][gc,cpu       ] GC(119) User=0.02s Sys=0.00s Real=0.00s
[61.520s][info ][safepoint    ] Leaving safepoint region
[61.520s][info ][safepoint    ] Total time for which application threads were stopped: 0.0049554 seconds, Stopping threads took: 0.0000144 seconds
[62.521s][info ][safepoint    ] Application time: 1.0001003 seconds
[62.521s][info ][safepoint    ] Entering safepoint region: Cleanup
[62.521s][info ][safepoint    ] Leaving safepoint region
[62.521s][info ][safepoint    ] Total time for which application threads were stopped: 0.0001754 seconds, Stopping threads took: 0.0000785 seconds
[62.924s][info ][safepoint    ] Application time: 0.4033366 seconds
[62.924s][info ][safepoint    ] Entering safepoint region: GenCollectForAllocation
[62.924s][info ][gc,start     ] GC(120) Pause Young (Allocation Failure)
[62.924s][info ][gc,task      ] GC(120) Using 4 workers of 4 for evacuation
[62.929s][debug][gc,ref       ] GC(120) Skipped phase1 of Reference Processing due to unavailable references
[62.929s][debug][gc,ref       ] GC(120) Skipped phase2 of Reference Processing due to unavailable references
[62.929s][debug][gc,ref       ] GC(120) Skipped phase3 of Reference Processing due to unavailable references
[62.929s][debug][gc,ref       ] GC(120) Skipped phase4 of Reference Processing due to unavailable references
[62.929s][debug][gc,age       ] GC(120) Desired survivor size 15400960 bytes, new threshold 6 (max threshold 6)
[62.929s][info ][gc,heap      ] GC(120) ParNew: 249588K->10408K(270976K)
[62.929s][info ][gc,heap      ] GC(120) CMS: 254077K->254098K(602112K)
[62.929s][info ][gc,metaspace ] GC(120) Metaspace: 55967K->55967K(1099776K)
[62.929s][info ][gc           ] GC(120) Pause Young (Allocation Failure) 491M->258M(852M) 5.024ms
[62.929s][info ][gc,cpu       ] GC(120) User=0.02s Sys=0.00s Real=0.00s
[62.929s][info ][safepoint    ] Leaving safepoint region
[62.929s][info ][safepoint    ] Total time for which application threads were stopped: 0.0051955 seconds, Stopping threads took: 0.0000147 seconds
[63.929s][info ][safepoint    ] Application time: 1.0000934 seconds
[63.930s][info ][safepoint    ] Entering safepoint region: Cleanup
[63.930s][info ][safepoint    ] Leaving safepoint region
[63.930s][info ][safepoint    ] Total time for which application threads were stopped: 0.0002312 seconds, Stopping threads took: 0.0000767 seconds
[64.362s][info ][safepoint    ] Application time: 0.4325426 seconds
[64.362s][info ][safepoint    ] Entering safepoint region: GenCollectForAllocation
[64.362s][info ][gc,start     ] GC(121) Pause Young (Allocation Failure)
[64.362s][info ][gc,task      ] GC(121) Using 4 workers of 4 for evacuation
[64.367s][debug][gc,ref       ] GC(121) Skipped phase1 of Reference Processing due to unavailable references
[64.367s][debug][gc,ref       ] GC(121) Skipped phase3 of Reference Processing due to unavailable references
[64.368s][debug][gc,age       ] GC(121) Desired survivor size 15400960 bytes, new threshold 6 (max threshold 6)
[64.368s][info ][gc,heap      ] GC(121) ParNew: 251304K->11121K(270976K)
[64.368s][info ][gc,heap      ] GC(121) CMS: 254098K->254120K(602112K)
[64.368s][info ][gc,metaspace ] GC(121) Metaspace: 56024K->56024K(1099776K)
[64.368s][info ][gc           ] GC(121) Pause Young (Allocation Failure) 493M->259M(852M) 5.084ms
[64.368s][info ][gc,cpu       ] GC(121) User=0.03s Sys=0.00s Real=0.01s
[64.368s][info ][safepoint    ] Leaving safepoint region
[64.368s][info ][safepoint    ] Total time for which application threads were stopped: 0.0052740 seconds, Stopping threads took: 0.0000271 seconds
[65.368s][info ][safepoint    ] Application time: 1.0000949 seconds
[65.368s][info ][safepoint    ] Entering safepoint region: Cleanup
[65.368s][info ][safepoint    ] Leaving safepoint region
[65.368s][info ][safepoint    ] Total time for which application threads were stopped: 0.0001479 seconds, Stopping threads took: 0.0000624 seconds
[65.818s][info ][safepoint    ] Application time: 0.4499536 seconds
[65.818s][info ][safepoint    ] Entering safepoint region: GenCollectForAllocation
[65.818s][info ][gc,start     ] GC(122) Pause Young (Allocation Failure)
[65.818s][info ][gc,task      ] GC(122) Using 4 workers of 4 for evacuation
[65.823s][debug][gc,ref       ] GC(122) Skipped phase1 of Reference Processing due to unavailable references
[65.823s][debug][gc,ref       ] GC(122) Skipped phase3 of Reference Processing due to unavailable references
[65.823s][debug][gc,ref       ] GC(122) Skipped phase4 of Reference Processing due to unavailable references
[65.824s][debug][gc,age       ] GC(122) Desired survivor size 15400960 bytes, new threshold 6 (max threshold 6)
[65.824s][info ][gc,heap      ] GC(122) ParNew: 252017K->9912K(270976K)
[65.824s][info ][gc,heap      ] GC(122) CMS: 254120K->254182K(602112K)
[65.824s][info ][gc,metaspace ] GC(122) Metaspace: 56025K->56025K(1099776K)
[65.824s][info ][gc           ] GC(122) Pause Young (Allocation Failure) 494M->257M(852M) 5.594ms
[65.824s][info ][gc,cpu       ] GC(122) User=0.03s Sys=0.00s Real=0.01s
[65.824s][info ][safepoint    ] Leaving safepoint region
[65.824s][info ][safepoint    ] Total time for which application threads were stopped: 0.0057511 seconds, Stopping threads took: 0.0000156 seconds
[66.824s][info ][safepoint    ] Application time: 1.0000882 seconds
[66.824s][info ][safepoint    ] Entering safepoint region: Cleanup
[66.824s][info ][safepoint    ] Leaving safepoint region
[66.824s][info ][safepoint    ] Total time for which application threads were stopped: 0.0001499 seconds, Stopping threads took: 0.0000778 seconds
[67.304s][info ][safepoint    ] Application time: 0.4804302 seconds
[67.304s][info ][safepoint    ] Entering safepoint region: GenCollectForAllocation
[67.305s][info ][gc,start     ] GC(123) Pause Young (Allocation Failure)
[67.305s][info ][gc,task      ] GC(123) Using 4 workers of 4 for evacuation
[67.310s][debug][gc,ref       ] GC(123) Skipped phase1 of Reference Processing due to unavailable references
[67.310s][debug][gc,ref       ] GC(123) Skipped phase3 of Reference Processing due to unavailable references
[67.310s][debug][gc,age       ] GC(123) Desired survivor size 15400960 bytes, new threshold 6 (max threshold 6)
[67.310s][info ][gc,heap      ] GC(123) ParNew: 250808K->10158K(270976K)
[67.310s][info ][gc,heap      ] GC(123) CMS: 254182K->254194K(602112K)
[67.310s][info ][gc,metaspace ] GC(123) Metaspace: 56075K->56075K(1099776K)
[67.310s][info ][gc           ] GC(123) Pause Young (Allocation Failure) 493M->258M(852M) 5.469ms
[67.310s][info ][gc,cpu       ] GC(123) User=0.02s Sys=0.00s Real=0.00s
[67.310s][info ][safepoint    ] Leaving safepoint region
[67.310s][info ][safepoint    ] Total time for which application threads were stopped: 0.0057974 seconds, Stopping threads took: 0.0000139 seconds
[68.310s][info ][safepoint    ] Application time: 1.0001042 seconds
[68.310s][info ][safepoint    ] Entering safepoint region: Cleanup
[68.311s][info ][safepoint    ] Leaving safepoint region
[68.311s][info ][safepoint    ] Total time for which application threads were stopped: 0.0002176 seconds, Stopping threads took: 0.0000685 seconds
[68.788s][info ][safepoint    ] Application time: 0.4774935 seconds
[68.788s][info ][safepoint    ] Entering safepoint region: GenCollectForAllocation
[68.788s][info ][gc,start     ] GC(124) Pause Young (Allocation Failure)
[68.788s][info ][gc,task      ] GC(124) Using 4 workers of 4 for evacuation
[68.809s][debug][gc,ref       ] GC(124) Skipped phase1 of Reference Processing due to unavailable references
[68.809s][debug][gc,ref       ] GC(124) Skipped phase3 of Reference Processing due to unavailable references
[68.809s][debug][gc,age       ] GC(124) Desired survivor size 15400960 bytes, new threshold 6 (max threshold 6)
[68.809s][info ][gc,heap      ] GC(124) ParNew: 251054K->6910K(270976K)
[68.809s][info ][gc,heap      ] GC(124) CMS: 254194K->259906K(602112K)
[68.809s][info ][gc,metaspace ] GC(124) Metaspace: 56090K->56090K(1099776K)
[68.809s][info ][gc           ] GC(124) Pause Young (Allocation Failure) 493M->260M(852M) 20.676ms
[68.809s][info ][gc,cpu       ] GC(124) User=0.08s Sys=0.00s Real=0.02s
[68.809s][info ][safepoint    ] Leaving safepoint region
[68.809s][info ][safepoint    ] Total time for which application threads were stopped: 0.0208488 seconds, Stopping threads took: 0.0000155 seconds
[69.809s][info ][safepoint    ] Application time: 1.0001090 seconds
[69.809s][info ][safepoint    ] Entering safepoint region: Cleanup
[69.809s][info ][safepoint    ] Leaving safepoint region
[69.809s][info ][safepoint    ] Total time for which application threads were stopped: 0.0002057 seconds, Stopping threads took: 0.0000642 seconds
[70.277s][info ][safepoint    ] Application time: 0.4675222 seconds
[70.277s][info ][safepoint    ] Entering safepoint region: GenCollectForAllocation
[70.277s][info ][gc,start     ] GC(125) Pause Young (Allocation Failure)
[70.277s][info ][gc,task      ] GC(125) Using 4 workers of 4 for evacuation
[70.280s][debug][gc,ref       ] GC(125) Skipped phase1 of Reference Processing due to unavailable references
[70.280s][debug][gc,ref       ] GC(125) Skipped phase3 of Reference Processing due to unavailable references
[70.280s][debug][gc,age       ] GC(125) Desired survivor size 15400960 bytes, new threshold 6 (max threshold 6)
[70.280s][info ][gc,heap      ] GC(125) ParNew: 247806K->2085K(270976K)
[70.280s][info ][gc,heap      ] GC(125) CMS: 259906K->259994K(602112K)
[70.280s][info ][gc,metaspace ] GC(125) Metaspace: 56106K->56106K(1099776K)
[70.280s][info ][gc           ] GC(125) Pause Young (Allocation Failure) 495M->255M(852M) 3.333ms
[70.280s][info ][gc,cpu       ] GC(125) User=0.01s Sys=0.00s Real=0.00s
[70.280s][info ][safepoint    ] Leaving safepoint region
[70.280s][info ][safepoint    ] Total time for which application threads were stopped: 0.0035424 seconds, Stopping threads took: 0.0000140 seconds
[71.280s][info ][safepoint    ] Application time: 1.0000466 seconds
[71.281s][info ][safepoint    ] Entering safepoint region: Cleanup
[71.281s][info ][safepoint    ] Leaving safepoint region
[71.281s][info ][safepoint    ] Total time for which application threads were stopped: 0.0002264 seconds, Stopping threads took: 0.0001364 seconds
[71.767s][info ][safepoint    ] Application time: 0.4861321 seconds
[71.767s][info ][safepoint    ] Entering safepoint region: GenCollectForAllocation
[71.767s][info ][gc,start     ] GC(126) Pause Young (Allocation Failure)
[71.767s][info ][gc,task      ] GC(126) Using 4 workers of 4 for evacuation
[71.770s][debug][gc,ref       ] GC(126) Skipped phase1 of Reference Processing due to unavailable references
[71.770s][debug][gc,ref       ] GC(126) Skipped phase3 of Reference Processing due to unavailable references
[71.770s][debug][gc,ref       ] GC(126) Skipped phase4 of Reference Processing due to unavailable references
[71.770s][debug][gc,age       ] GC(126) Desired survivor size 15400960 bytes, new threshold 6 (max threshold 6)
[71.770s][info ][gc,heap      ] GC(126) ParNew: 242981K->1647K(270976K)
[71.770s][info ][gc,heap      ] GC(126) CMS: 259994K->260265K(602112K)
[71.770s][info ][gc,metaspace ] GC(126) Metaspace: 56108K->56108K(1099776K)
[71.770s][info ][gc           ] GC(126) Pause Young (Allocation Failure) 491M->255M(852M) 3.415ms
[71.770s][info ][gc,cpu       ] GC(126) User=0.01s Sys=0.00s Real=0.00s
[71.770s][info ][safepoint    ] Leaving safepoint region
[71.770s][info ][safepoint    ] Total time for which application threads were stopped: 0.0035662 seconds, Stopping threads took: 0.0000143 seconds
[72.770s][info ][safepoint    ] Application time: 1.0000993 seconds
[72.771s][info ][safepoint    ] Entering safepoint region: Cleanup
[72.771s][info ][safepoint    ] Leaving safepoint region
[72.771s][info ][safepoint    ] Total time for which application threads were stopped: 0.0001316 seconds, Stopping threads took: 0.0000463 seconds
[73.199s][info ][safepoint    ] Application time: 0.4287491 seconds
[73.199s][info ][safepoint    ] Entering safepoint region: GenCollectForAllocation
[73.200s][info ][gc,start     ] GC(127) Pause Young (Allocation Failure)
[73.200s][info ][gc,task      ] GC(127) Using 4 workers of 4 for evacuation
[73.203s][debug][gc,ref       ] GC(127) Skipped phase1 of Reference Processing due to unavailable references
[73.203s][debug][gc,ref       ] GC(127) Skipped phase3 of Reference Processing due to unavailable references
[73.203s][debug][gc,age       ] GC(127) Desired survivor size 15400960 bytes, new threshold 6 (max threshold 6)
[73.203s][info ][gc,heap      ] GC(127) ParNew: 242543K->1795K(270976K)
[73.203s][info ][gc,heap      ] GC(127) CMS: 260265K->260463K(602112K)
[73.203s][info ][gc,metaspace ] GC(127) Metaspace: 56148K->56148K(1099776K)
[73.203s][info ][gc           ] GC(127) Pause Young (Allocation Failure) 491M->256M(852M) 3.300ms
[73.203s][info ][gc,cpu       ] GC(127) User=0.01s Sys=0.00s Real=0.00s
[73.203s][info ][safepoint    ] Leaving safepoint region
[73.203s][info ][safepoint    ] Total time for which application threads were stopped: 0.0034805 seconds, Stopping threads took: 0.0000291 seconds
[74.203s][info ][safepoint    ] Application time: 1.0001041 seconds
[74.203s][info ][safepoint    ] Entering safepoint region: Cleanup
[74.203s][info ][safepoint    ] Leaving safepoint region
[74.203s][info ][safepoint    ] Total time for which application threads were stopped: 0.0002009 seconds, Stopping threads took: 0.0000134 seconds
[74.285s][info ][safepoint    ] Application time: 0.0817042 seconds
[74.285s][info ][safepoint    ] Entering safepoint region: ICBufferFull
[74.285s][info ][safepoint    ] Leaving safepoint region
[74.285s][info ][safepoint    ] Total time for which application threads were stopped: 0.0002714 seconds, Stopping threads took: 0.0000351 seconds
[74.556s][info ][safepoint    ] Application time: 0.2704064 seconds
[74.556s][info ][safepoint    ] Entering safepoint region: GenCollectForAllocation
[74.556s][info ][gc,start     ] GC(128) Pause Young (Allocation Failure)
[74.556s][info ][gc,task      ] GC(128) Using 4 workers of 4 for evacuation
[74.562s][debug][gc,ref       ] GC(128) Skipped phase1 of Reference Processing due to unavailable references
[74.562s][debug][gc,ref       ] GC(128) Skipped phase3 of Reference Processing due to unavailable references
[74.562s][debug][gc,age       ] GC(128) Desired survivor size 15400960 bytes, new threshold 6 (max threshold 6)
[74.562s][info ][gc,heap      ] GC(128) ParNew: 242691K->2261K(270976K)
[74.562s][info ][gc,heap      ] GC(128) CMS: 260463K->260636K(602112K)
[74.562s][info ][gc,metaspace ] GC(128) Metaspace: 56554K->56554K(1101824K)
[74.562s][info ][gc           ] GC(128) Pause Young (Allocation Failure) 491M->256M(852M) 5.858ms
[74.562s][info ][gc,cpu       ] GC(128) User=0.02s Sys=0.00s Real=0.00s
[74.562s][info ][safepoint    ] Leaving safepoint region
[74.562s][info ][safepoint    ] Total time for which application threads were stopped: 0.0060862 seconds, Stopping threads took: 0.0000138 seconds
[75.487s][info ][safepoint    ] Application time: 0.9255924 seconds
[75.487s][info ][safepoint    ] Entering safepoint region: GenCollectForAllocation
[75.488s][info ][gc,start     ] GC(129) Pause Young (Allocation Failure)
[75.488s][info ][gc,task      ] GC(129) Using 4 workers of 4 for evacuation
[75.520s][debug][gc,ref       ] GC(129) Skipped phase1 of Reference Processing due to unavailable references
[75.520s][debug][gc,ref       ] GC(129) Skipped phase3 of Reference Processing due to unavailable references
[75.520s][debug][gc,ref       ] GC(129) Skipped phase4 of Reference Processing due to unavailable references
[75.520s][debug][gc,age       ] GC(129) Desired survivor size 15400960 bytes, new threshold 6 (max threshold 6)
[75.520s][info ][gc,heap      ] GC(129) ParNew: 243157K->4278K(270976K)
[75.520s][info ][gc,heap      ] GC(129) CMS: 260636K->260762K(602112K)
[75.520s][info ][gc,metaspace ] GC(129) Metaspace: 56556K->56556K(1101824K)
[75.520s][info ][gc           ] GC(129) Pause Young (Allocation Failure) 491M->258M(852M) 32.172ms
[75.520s][info ][gc,cpu       ] GC(129) User=0.03s Sys=0.00s Real=0.03s
[75.520s][info ][safepoint    ] Leaving safepoint region
[75.520s][info ][safepoint    ] Total time for which application threads were stopped: 0.0323903 seconds, Stopping threads took: 0.0000356 seconds
[76.458s][info ][safepoint    ] Application time: 0.9383561 seconds
[76.458s][info ][safepoint    ] Entering safepoint region: GenCollectForAllocation
[76.458s][info ][gc,start     ] GC(130) Pause Young (Allocation Failure)
[76.458s][info ][gc,task      ] GC(130) Using 4 workers of 4 for evacuation
[76.478s][debug][gc,ref       ] GC(130) Skipped phase1 of Reference Processing due to unavailable references
[76.478s][debug][gc,ref       ] GC(130) Skipped phase3 of Reference Processing due to unavailable references
[76.478s][debug][gc,ref       ] GC(130) Skipped phase4 of Reference Processing due to unavailable references
[76.478s][debug][gc,age       ] GC(130) Desired survivor size 15400960 bytes, new threshold 6 (max threshold 6)
[76.478s][info ][gc,heap      ] GC(130) ParNew: 245174K->5727K(270976K)
[76.478s][info ][gc,heap      ] GC(130) CMS: 260762K->260803K(602112K)
[76.478s][info ][gc,metaspace ] GC(130) Metaspace: 56559K->56559K(1101824K)
[76.478s][info ][gc           ] GC(130) Pause Young (Allocation Failure) 494M->260M(852M) 19.762ms
[76.478s][info ][gc,cpu       ] GC(130) User=0.02s Sys=0.00s Real=0.02s
[76.478s][info ][safepoint    ] Leaving safepoint region
[76.478s][info ][safepoint    ] Total time for which application threads were stopped: 0.0199529 seconds, Stopping threads took: 0.0000264 seconds
[77.421s][info ][safepoint    ] Application time: 0.9430509 seconds
[77.421s][info ][safepoint    ] Entering safepoint region: GenCollectForAllocation
[77.421s][info ][gc,start     ] GC(131) Pause Young (Allocation Failure)
[77.421s][info ][gc,task      ] GC(131) Using 4 workers of 4 for evacuation
[77.428s][debug][gc,ref       ] GC(131) Skipped phase1 of Reference Processing due to unavailable references
[77.428s][debug][gc,ref       ] GC(131) Skipped phase3 of Reference Processing due to unavailable references
[77.429s][debug][gc,age       ] GC(131) Desired survivor size 15400960 bytes, new threshold 6 (max threshold 6)
[77.429s][info ][gc,heap      ] GC(131) ParNew: 246623K->6523K(270976K)
[77.429s][info ][gc,heap      ] GC(131) CMS: 260803K->260985K(602112K)
[77.429s][info ][gc,metaspace ] GC(131) Metaspace: 56572K->56572K(1101824K)
[77.429s][info ][gc           ] GC(131) Pause Young (Allocation Failure) 495M->261M(852M) 7.380ms
[77.429s][info ][gc,cpu       ] GC(131) User=0.03s Sys=0.00s Real=0.01s
[77.429s][info ][safepoint    ] Leaving safepoint region
[77.429s][info ][safepoint    ] Total time for which application threads were stopped: 0.0075898 seconds, Stopping threads took: 0.0000142 seconds
[78.429s][info ][safepoint    ] Application time: 1.0001044 seconds
[78.429s][info ][safepoint    ] Entering safepoint region: Cleanup
[78.429s][info ][safepoint    ] Leaving safepoint region
[78.429s][info ][safepoint    ] Total time for which application threads were stopped: 0.0002113 seconds, Stopping threads took: 0.0000857 seconds
[78.761s][info ][safepoint    ] Application time: 0.3316808 seconds
[78.761s][info ][safepoint    ] Entering safepoint region: GenCollectForAllocation
[78.761s][info ][gc,start     ] GC(132) Pause Young (Allocation Failure)
[78.761s][info ][gc,task      ] GC(132) Using 4 workers of 4 for evacuation
[78.767s][debug][gc,ref       ] GC(132) Skipped phase1 of Reference Processing due to unavailable references
[78.767s][debug][gc,ref       ] GC(132) Skipped phase3 of Reference Processing due to unavailable references
[78.767s][debug][gc,age       ] GC(132) Desired survivor size 15400960 bytes, new threshold 6 (max threshold 6)
[78.767s][info ][gc,heap      ] GC(132) ParNew: 247419K->6811K(270976K)
[78.767s][info ][gc,heap      ] GC(132) CMS: 260985K->261013K(602112K)
[78.767s][info ][gc,metaspace ] GC(132) Metaspace: 56574K->56574K(1101824K)
[78.767s][info ][gc           ] GC(132) Pause Young (Allocation Failure) 496M->261M(852M) 5.654ms
[78.767s][info ][gc,cpu       ] GC(132) User=0.02s Sys=0.00s Real=0.01s
[78.767s][info ][safepoint    ] Leaving safepoint region
[78.767s][info ][safepoint    ] Total time for which application threads were stopped: 0.0058123 seconds, Stopping threads took: 0.0000237 seconds
[79.767s][info ][safepoint    ] Application time: 1.0001216 seconds
[79.767s][info ][safepoint    ] Entering safepoint region: Cleanup
[79.767s][info ][safepoint    ] Leaving safepoint region
[79.767s][info ][safepoint    ] Total time for which application threads were stopped: 0.0001524 seconds, Stopping threads took: 0.0000540 seconds
[80.116s][info ][safepoint    ] Application time: 0.3488421 seconds
[80.116s][info ][safepoint    ] Entering safepoint region: GenCollectForAllocation
[80.116s][info ][gc,start     ] GC(133) Pause Young (Allocation Failure)
[80.116s][info ][gc,task      ] GC(133) Using 4 workers of 4 for evacuation
[80.122s][debug][gc,ref       ] GC(133) Skipped phase1 of Reference Processing due to unavailable references
[80.122s][debug][gc,ref       ] GC(133) Skipped phase3 of Reference Processing due to unavailable references
[80.122s][debug][gc,age       ] GC(133) Desired survivor size 15400960 bytes, new threshold 6 (max threshold 6)
[80.122s][info ][gc,heap      ] GC(133) ParNew: 247707K->8523K(270976K)
[80.122s][info ][gc,heap      ] GC(133) CMS: 261013K->261070K(602112K)
[80.122s][info ][gc,metaspace ] GC(133) Metaspace: 56590K->56590K(1101824K)
[80.122s][info ][gc           ] GC(133) Pause Young (Allocation Failure) 496M->263M(852M) 5.890ms
[80.122s][info ][gc,cpu       ] GC(133) User=0.02s Sys=0.00s Real=0.00s
[80.122s][info ][safepoint    ] Leaving safepoint region
[80.122s][info ][safepoint    ] Total time for which application threads were stopped: 0.0060584 seconds, Stopping threads took: 0.0000140 seconds
[81.122s][info ][safepoint    ] Application time: 1.0000781 seconds
[81.122s][info ][safepoint    ] Entering safepoint region: Cleanup
[81.122s][info ][safepoint    ] Leaving safepoint region
[81.122s][info ][safepoint    ] Total time for which application threads were stopped: 0.0002080 seconds, Stopping threads took: 0.0000763 seconds
[81.198s][info ][safepoint    ] Application time: 0.0756766 seconds
[81.198s][info ][safepoint    ] Entering safepoint region: GenCollectForAllocation
[81.198s][info ][gc,start     ] GC(134) Pause Young (Allocation Failure)
[81.198s][info ][gc,task      ] GC(134) Using 4 workers of 4 for evacuation
[81.206s][debug][gc,ref       ] GC(134) Skipped phase1 of Reference Processing due to unavailable references
[81.206s][debug][gc,ref       ] GC(134) Skipped phase3 of Reference Processing due to unavailable references
[81.206s][debug][gc,age       ] GC(134) Desired survivor size 15400960 bytes, new threshold 6 (max threshold 6)
[81.206s][info ][gc,heap      ] GC(134) ParNew: 249419K->9914K(270976K)
[81.206s][info ][gc,heap      ] GC(134) CMS: 261070K->261541K(602112K)
[81.206s][info ][gc,metaspace ] GC(134) Metaspace: 56607K->56607K(1101824K)
[81.207s][info ][gc           ] GC(134) Pause Young (Allocation Failure) 498M->265M(852M) 8.300ms
[81.207s][info ][gc,cpu       ] GC(134) User=0.04s Sys=0.00s Real=0.01s
[81.207s][info ][safepoint    ] Leaving safepoint region
[81.207s][info ][safepoint    ] Total time for which application threads were stopped: 0.0085260 seconds, Stopping threads took: 0.0000565 seconds
[81.962s][info ][safepoint    ] Application time: 0.7552147 seconds
[81.962s][info ][safepoint    ] Entering safepoint region: GenCollectForAllocation
[81.962s][info ][gc,start     ] GC(135) Pause Young (Allocation Failure)
[81.962s][info ][gc,task      ] GC(135) Using 4 workers of 4 for evacuation
[81.969s][debug][gc,ref       ] GC(135) Skipped phase1 of Reference Processing due to unavailable references
[81.969s][debug][gc,ref       ] GC(135) Skipped phase3 of Reference Processing due to unavailable references
[81.969s][debug][gc,age       ] GC(135) Desired survivor size 15400960 bytes, new threshold 6 (max threshold 6)
[81.969s][info ][gc,heap      ] GC(135) ParNew: 250810K->12089K(270976K)
[81.969s][info ][gc,heap      ] GC(135) CMS: 261541K->262122K(602112K)
[81.969s][info ][gc,metaspace ] GC(135) Metaspace: 56608K->56608K(1101824K)
[81.969s][info ][gc           ] GC(135) Pause Young (Allocation Failure) 500M->267M(852M) 6.924ms
[81.969s][info ][gc,cpu       ] GC(135) User=0.02s Sys=0.00s Real=0.01s
[81.969s][info ][safepoint    ] Leaving safepoint region
[81.969s][info ][safepoint    ] Total time for which application threads were stopped: 0.0071385 seconds, Stopping threads took: 0.0000144 seconds
[82.112s][info ][safepoint    ] Application time: 0.1433691 seconds
[82.112s][info ][safepoint    ] Entering safepoint region: Deoptimize
[82.114s][info ][safepoint    ] Leaving safepoint region
[82.114s][info ][safepoint    ] Total time for which application threads were stopped: 0.0016546 seconds, Stopping threads took: 0.0000134 seconds
[82.878s][info ][safepoint    ] Application time: 0.7644683 seconds
[82.879s][info ][safepoint    ] Entering safepoint region: GenCollectForAllocation
[82.879s][info ][gc,start     ] GC(136) Pause Young (Allocation Failure)
[82.879s][info ][gc,task      ] GC(136) Using 4 workers of 4 for evacuation
[82.887s][debug][gc,ref       ] GC(136) Skipped phase1 of Reference Processing due to unavailable references
[82.887s][debug][gc,ref       ] GC(136) Skipped phase3 of Reference Processing due to unavailable references
[82.888s][debug][gc,age       ] GC(136) Desired survivor size 15400960 bytes, new threshold 6 (max threshold 6)
[82.888s][info ][gc,heap      ] GC(136) ParNew: 252985K->11916K(270976K)
[82.888s][info ][gc,heap      ] GC(136) CMS: 262122K->262373K(602112K)
[82.888s][info ][gc,metaspace ] GC(136) Metaspace: 56628K->56628K(1101824K)
[82.888s][info ][gc           ] GC(136) Pause Young (Allocation Failure) 503M->267M(852M) 8.980ms
[82.888s][info ][gc,cpu       ] GC(136) User=0.03s Sys=0.00s Real=0.01s
[82.888s][info ][safepoint    ] Leaving safepoint region
[82.888s][info ][safepoint    ] Total time for which application threads were stopped: 0.0091921 seconds, Stopping threads took: 0.0000137 seconds
[83.754s][info ][safepoint    ] Application time: 0.8659640 seconds
[83.754s][info ][safepoint    ] Entering safepoint region: GenCollectForAllocation
[83.754s][info ][gc,start     ] GC(137) Pause Young (Allocation Failure)
[83.754s][info ][gc,task      ] GC(137) Using 4 workers of 4 for evacuation
[83.762s][debug][gc,ref       ] GC(137) Skipped phase1 of Reference Processing due to unavailable references
[83.762s][debug][gc,ref       ] GC(137) Skipped phase3 of Reference Processing due to unavailable references
[83.762s][debug][gc,age       ] GC(137) Desired survivor size 15400960 bytes, new threshold 6 (max threshold 6)
[83.762s][info ][gc,heap      ] GC(137) ParNew: 252812K->14433K(270976K)
[83.762s][info ][gc,heap      ] GC(137) CMS: 262373K->263341K(602112K)
[83.762s][info ][gc,metaspace ] GC(137) Metaspace: 56661K->56661K(1101824K)
[83.762s][info ][gc           ] GC(137) Pause Young (Allocation Failure) 503M->271M(852M) 8.569ms
[83.762s][info ][gc,cpu       ] GC(137) User=0.02s Sys=0.00s Real=0.01s
[83.762s][info ][safepoint    ] Leaving safepoint region
[83.762s][info ][safepoint    ] Total time for which application threads were stopped: 0.0087663 seconds, Stopping threads took: 0.0000142 seconds
[84.190s][info ][safepoint    ] Application time: 0.4278497 seconds
[84.190s][info ][safepoint    ] Entering safepoint region: Deoptimize
[84.192s][info ][safepoint    ] Leaving safepoint region
[84.192s][info ][safepoint    ] Total time for which application threads were stopped: 0.0017006 seconds, Stopping threads took: 0.0000137 seconds
[84.777s][info ][safepoint    ] Application time: 0.5850330 seconds
[84.777s][info ][safepoint    ] Entering safepoint region: GenCollectForAllocation
[84.777s][info ][gc,start     ] GC(138) Pause Young (Allocation Failure)
[84.777s][info ][gc,task      ] GC(138) Using 4 workers of 4 for evacuation
[84.797s][debug][gc,ref       ] GC(138) Skipped phase1 of Reference Processing due to unavailable references
[84.798s][debug][gc,ref       ] GC(138) Skipped phase3 of Reference Processing due to unavailable references
[84.798s][debug][gc,age       ] GC(138) Desired survivor size 15400960 bytes, new threshold 6 (max threshold 6)
[84.798s][info ][gc,heap      ] GC(138) ParNew: 255329K->12911K(270976K)
[84.798s][info ][gc,heap      ] GC(138) CMS: 263341K->263438K(602112K)
[84.798s][info ][gc,metaspace ] GC(138) Metaspace: 56684K->56684K(1101824K)
[84.798s][info ][gc           ] GC(138) Pause Young (Allocation Failure) 506M->269M(852M) 20.312ms
[84.798s][info ][gc,cpu       ] GC(138) User=0.05s Sys=0.00s Real=0.02s
[84.798s][info ][safepoint    ] Leaving safepoint region
[84.798s][info ][safepoint    ] Total time for which application threads were stopped: 0.0206105 seconds, Stopping threads took: 0.0000144 seconds
[85.667s][info ][safepoint    ] Application time: 0.8690090 seconds
[85.667s][info ][safepoint    ] Entering safepoint region: GenCollectForAllocation
[85.667s][info ][gc,start     ] GC(139) Pause Young (Allocation Failure)
[85.667s][info ][gc,task      ] GC(139) Using 4 workers of 4 for evacuation
[85.674s][debug][gc,ref       ] GC(139) Skipped phase1 of Reference Processing due to unavailable references
[85.674s][debug][gc,ref       ] GC(139) Skipped phase3 of Reference Processing due to unavailable references
[85.674s][debug][gc,ref       ] GC(139) Skipped phase4 of Reference Processing due to unavailable references
[85.674s][debug][gc,age       ] GC(139) Desired survivor size 15400960 bytes, new threshold 6 (max threshold 6)
[85.674s][info ][gc,heap      ] GC(139) ParNew: 253807K->13200K(270976K)
[85.674s][info ][gc,heap      ] GC(139) CMS: 263438K->263743K(602112K)
[85.674s][info ][gc,metaspace ] GC(139) Metaspace: 56684K->56684K(1101824K)
[85.674s][info ][gc           ] GC(139) Pause Young (Allocation Failure) 505M->270M(852M) 7.140ms
[85.674s][info ][gc,cpu       ] GC(139) User=0.04s Sys=0.00s Real=0.00s
[85.674s][info ][safepoint    ] Leaving safepoint region
[85.674s][info ][safepoint    ] Total time for which application threads were stopped: 0.0073066 seconds, Stopping threads took: 0.0000135 seconds
[86.518s][info ][safepoint    ] Application time: 0.8437757 seconds
[86.518s][info ][safepoint    ] Entering safepoint region: GenCollectForAllocation
[86.518s][info ][gc,start     ] GC(140) Pause Young (Allocation Failure)
[86.518s][info ][gc,task      ] GC(140) Using 4 workers of 4 for evacuation
[86.527s][debug][gc,ref       ] GC(140) Skipped phase1 of Reference Processing due to unavailable references
[86.527s][debug][gc,ref       ] GC(140) Skipped phase3 of Reference Processing due to unavailable references
[86.527s][debug][gc,ref       ] GC(140) Skipped phase4 of Reference Processing due to unavailable references
[86.528s][debug][gc,age       ] GC(140) Desired survivor size 15400960 bytes, new threshold 6 (max threshold 6)
[86.528s][info ][gc,heap      ] GC(140) ParNew: 254096K->8912K(270976K)
[86.528s][info ][gc,heap      ] GC(140) CMS: 263743K->267101K(602112K)
[86.528s][info ][gc,metaspace ] GC(140) Metaspace: 56689K->56689K(1101824K)
[86.528s][info ][gc           ] GC(140) Pause Young (Allocation Failure) 505M->269M(852M) 9.574ms
[86.528s][info ][gc,cpu       ] GC(140) User=0.03s Sys=0.01s Real=0.01s
[86.528s][info ][safepoint    ] Leaving safepoint region
[86.528s][info ][safepoint    ] Total time for which application threads were stopped: 0.0097617 seconds, Stopping threads took: 0.0000138 seconds
[87.380s][info ][safepoint    ] Application time: 0.8526355 seconds
[87.380s][info ][safepoint    ] Entering safepoint region: GenCollectForAllocation
[87.381s][info ][gc,start     ] GC(141) Pause Young (Allocation Failure)
[87.381s][info ][gc,task      ] GC(141) Using 4 workers of 4 for evacuation
[87.386s][debug][gc,ref       ] GC(141) Skipped phase1 of Reference Processing due to unavailable references
[87.386s][debug][gc,ref       ] GC(141) Skipped phase3 of Reference Processing due to unavailable references
[87.386s][debug][gc,ref       ] GC(141) Skipped phase4 of Reference Processing due to unavailable references
[87.386s][debug][gc,age       ] GC(141) Desired survivor size 15400960 bytes, new threshold 6 (max threshold 6)
[87.386s][info ][gc,heap      ] GC(141) ParNew: 249808K->6695K(270976K)
[87.386s][info ][gc,heap      ] GC(141) CMS: 267101K->267532K(602112K)
[87.386s][info ][gc,metaspace ] GC(141) Metaspace: 56691K->56691K(1101824K)
[87.386s][info ][gc           ] GC(141) Pause Young (Allocation Failure) 504M->267M(852M) 5.573ms
[87.386s][info ][gc,cpu       ] GC(141) User=0.02s Sys=0.00s Real=0.01s
[87.386s][info ][safepoint    ] Leaving safepoint region
[87.386s][info ][safepoint    ] Total time for which application threads were stopped: 0.0058143 seconds, Stopping threads took: 0.0000203 seconds
[88.207s][info ][safepoint    ] Application time: 0.8211729 seconds
[88.207s][info ][safepoint    ] Entering safepoint region: GenCollectForAllocation
[88.208s][info ][gc,start     ] GC(142) Pause Young (Allocation Failure)
[88.208s][info ][gc,task      ] GC(142) Using 4 workers of 4 for evacuation
[88.213s][debug][gc,ref       ] GC(142) Skipped phase1 of Reference Processing due to unavailable references
[88.213s][debug][gc,ref       ] GC(142) Skipped phase3 of Reference Processing due to unavailable references
[88.213s][debug][gc,ref       ] GC(142) Skipped phase4 of Reference Processing due to unavailable references
[88.213s][debug][gc,age       ] GC(142) Desired survivor size 15400960 bytes, new threshold 6 (max threshold 6)
[88.213s][info ][gc,heap      ] GC(142) ParNew: 247591K->8856K(270976K)
[88.213s][info ][gc,heap      ] GC(142) CMS: 267532K->267704K(602112K)
[88.213s][info ][gc,metaspace ] GC(142) Metaspace: 56694K->56694K(1101824K)
[88.213s][info ][gc           ] GC(142) Pause Young (Allocation Failure) 503M->270M(852M) 5.875ms
[88.213s][info ][gc,cpu       ] GC(142) User=0.02s Sys=0.00s Real=0.00s
[88.213s][info ][safepoint    ] Leaving safepoint region
[88.213s][info ][safepoint    ] Total time for which application threads were stopped: 0.0060602 seconds, Stopping threads took: 0.0000134 seconds
[89.018s][info ][safepoint    ] Application time: 0.8042442 seconds
[89.018s][info ][safepoint    ] Entering safepoint region: GenCollectForAllocation
[89.018s][info ][gc,start     ] GC(143) Pause Young (Allocation Failure)
[89.018s][info ][gc,task      ] GC(143) Using 4 workers of 4 for evacuation
[89.025s][debug][gc,ref       ] GC(143) Skipped phase1 of Reference Processing due to unavailable references
[89.025s][debug][gc,ref       ] GC(143) Skipped phase3 of Reference Processing due to unavailable references
[89.025s][debug][gc,ref       ] GC(143) Skipped phase4 of Reference Processing due to unavailable references
[89.025s][debug][gc,age       ] GC(143) Desired survivor size 15400960 bytes, new threshold 6 (max threshold 6)
[89.025s][info ][gc,heap      ] GC(143) ParNew: 249752K->5751K(270976K)
[89.025s][info ][gc,heap      ] GC(143) CMS: 267704K->270215K(602112K)
[89.025s][info ][gc,metaspace ] GC(143) Metaspace: 56694K->56694K(1101824K)
[89.025s][info ][gc           ] GC(143) Pause Young (Allocation Failure) 505M->269M(852M) 7.297ms
[89.025s][info ][gc,cpu       ] GC(143) User=0.03s Sys=0.00s Real=0.01s
[89.025s][info ][safepoint    ] Leaving safepoint region
[89.025s][info ][safepoint    ] Total time for which application threads were stopped: 0.0074579 seconds, Stopping threads took: 0.0000166 seconds
[89.837s][info ][safepoint    ] Application time: 0.8121215 seconds
[89.837s][info ][safepoint    ] Entering safepoint region: GenCollectForAllocation
[89.837s][info ][gc,start     ] GC(144) Pause Young (Allocation Failure)
[89.838s][info ][gc,task      ] GC(144) Using 4 workers of 4 for evacuation
[89.842s][debug][gc,ref       ] GC(144) Skipped phase1 of Reference Processing due to unavailable references
[89.842s][debug][gc,ref       ] GC(144) Skipped phase3 of Reference Processing due to unavailable references
[89.842s][debug][gc,age       ] GC(144) Desired survivor size 15400960 bytes, new threshold 6 (max threshold 6)
[89.842s][info ][gc,heap      ] GC(144) ParNew: 246647K->5318K(270976K)
[89.842s][info ][gc,heap      ] GC(144) CMS: 270215K->270616K(602112K)
[89.842s][info ][gc,metaspace ] GC(144) Metaspace: 56698K->56698K(1101824K)
[89.842s][info ][gc           ] GC(144) Pause Young (Allocation Failure) 504M->269M(852M) 4.600ms
[89.842s][info ][gc,cpu       ] GC(144) User=0.02s Sys=0.00s Real=0.00s
[89.842s][info ][safepoint    ] Leaving safepoint region
[89.842s][info ][safepoint    ] Total time for which application threads were stopped: 0.0047829 seconds, Stopping threads took: 0.0000144 seconds
[90.648s][info ][safepoint    ] Application time: 0.8058717 seconds
[90.648s][info ][safepoint    ] Entering safepoint region: GenCollectForAllocation
[90.648s][info ][gc,start     ] GC(145) Pause Young (Allocation Failure)
[90.648s][info ][gc,task      ] GC(145) Using 4 workers of 4 for evacuation
[90.652s][debug][gc,ref       ] GC(145) Skipped phase1 of Reference Processing due to unavailable references
[90.652s][debug][gc,ref       ] GC(145) Skipped phase3 of Reference Processing due to unavailable references
[90.652s][debug][gc,ref       ] GC(145) Skipped phase4 of Reference Processing due to unavailable references
[90.652s][debug][gc,age       ] GC(145) Desired survivor size 15400960 bytes, new threshold 6 (max threshold 6)
[90.652s][info ][gc,heap      ] GC(145) ParNew: 246214K->3599K(270976K)
[90.652s][info ][gc,heap      ] GC(145) CMS: 270616K->270673K(602112K)
[90.652s][info ][gc,metaspace ] GC(145) Metaspace: 56698K->56698K(1101824K)
[90.652s][info ][gc           ] GC(145) Pause Young (Allocation Failure) 504M->267M(852M) 4.151ms
[90.652s][info ][gc,cpu       ] GC(145) User=0.02s Sys=0.00s Real=0.00s
[90.652s][info ][safepoint    ] Leaving safepoint region
[90.652s][info ][safepoint    ] Total time for which application threads were stopped: 0.0043193 seconds, Stopping threads took: 0.0000146 seconds
[91.439s][info ][safepoint    ] Application time: 0.7863469 seconds
[91.439s][info ][safepoint    ] Entering safepoint region: GenCollectForAllocation
[91.439s][info ][gc,start     ] GC(146) Pause Young (Allocation Failure)
[91.439s][info ][gc,task      ] GC(146) Using 4 workers of 4 for evacuation
[91.444s][debug][gc,ref       ] GC(146) Skipped phase1 of Reference Processing due to unavailable references
[91.444s][debug][gc,ref       ] GC(146) Skipped phase3 of Reference Processing due to unavailable references
[91.444s][debug][gc,age       ] GC(146) Desired survivor size 15400960 bytes, new threshold 6 (max threshold 6)
[91.444s][info ][gc,heap      ] GC(146) ParNew: 244495K->3945K(270976K)
[91.444s][info ][gc,heap      ] GC(146) CMS: 270673K->271417K(602112K)
[91.444s][info ][gc,metaspace ] GC(146) Metaspace: 56706K->56706K(1101824K)
[91.444s][info ][gc           ] GC(146) Pause Young (Allocation Failure) 503M->268M(852M) 4.971ms
[91.444s][info ][gc,cpu       ] GC(146) User=0.02s Sys=0.00s Real=0.01s
[91.444s][info ][safepoint    ] Leaving safepoint region
[91.444s][info ][safepoint    ] Total time for which application threads were stopped: 0.0051290 seconds, Stopping threads took: 0.0000138 seconds
[92.238s][info ][safepoint    ] Application time: 0.7940606 seconds
[92.238s][info ][safepoint    ] Entering safepoint region: GenCollectForAllocation
[92.238s][info ][gc,start     ] GC(147) Pause Young (Allocation Failure)
[92.238s][info ][gc,task      ] GC(147) Using 4 workers of 4 for evacuation
[92.242s][debug][gc,ref       ] GC(147) Skipped phase1 of Reference Processing due to unavailable references
[92.242s][debug][gc,ref       ] GC(147) Skipped phase3 of Reference Processing due to unavailable references
[92.242s][debug][gc,ref       ] GC(147) Skipped phase4 of Reference Processing due to unavailable references
[92.243s][debug][gc,age       ] GC(147) Desired survivor size 15400960 bytes, new threshold 6 (max threshold 6)
[92.243s][info ][gc,heap      ] GC(147) ParNew: 244841K->2905K(270976K)
[92.243s][info ][gc,heap      ] GC(147) CMS: 271417K->271524K(602112K)
[92.243s][info ][gc,metaspace ] GC(147) Metaspace: 56709K->56709K(1101824K)
[92.243s][info ][gc           ] GC(147) Pause Young (Allocation Failure) 504M->267M(852M) 4.482ms
[92.243s][info ][gc,cpu       ] GC(147) User=0.02s Sys=0.00s Real=0.00s
[92.243s][info ][safepoint    ] Leaving safepoint region
[92.243s][info ][safepoint    ] Total time for which application threads were stopped: 0.0046611 seconds, Stopping threads took: 0.0000132 seconds
[93.037s][info ][safepoint    ] Application time: 0.7945754 seconds
[93.037s][info ][safepoint    ] Entering safepoint region: GenCollectForAllocation
[93.037s][info ][gc,start     ] GC(148) Pause Young (Allocation Failure)
[93.037s][info ][gc,task      ] GC(148) Using 4 workers of 4 for evacuation
[93.042s][debug][gc,ref       ] GC(148) Skipped phase1 of Reference Processing due to unavailable references
[93.042s][debug][gc,ref       ] GC(148) Skipped phase3 of Reference Processing due to unavailable references
[93.042s][debug][gc,ref       ] GC(148) Skipped phase4 of Reference Processing due to unavailable references
[93.042s][debug][gc,age       ] GC(148) Desired survivor size 15400960 bytes, new threshold 6 (max threshold 6)
[93.042s][info ][gc,heap      ] GC(148) ParNew: 243801K->3342K(270976K)
[93.042s][info ][gc,heap      ] GC(148) CMS: 271524K->271827K(602112K)
[93.042s][info ][gc,metaspace ] GC(148) Metaspace: 56714K->56714K(1101824K)
[93.042s][info ][gc           ] GC(148) Pause Young (Allocation Failure) 503M->268M(852M) 4.461ms
[93.042s][info ][gc,cpu       ] GC(148) User=0.02s Sys=0.00s Real=0.00s
[93.042s][info ][safepoint    ] Leaving safepoint region
[93.042s][info ][safepoint    ] Total time for which application threads were stopped: 0.0046353 seconds, Stopping threads took: 0.0000302 seconds
[93.989s][info ][safepoint    ] Application time: 0.9475305 seconds
[93.989s][info ][safepoint    ] Entering safepoint region: GenCollectForAllocation
[93.990s][info ][gc,start     ] GC(149) Pause Young (Allocation Failure)
[93.990s][info ][gc,task      ] GC(149) Using 4 workers of 4 for evacuation
[93.993s][debug][gc,ref       ] GC(149) Skipped phase1 of Reference Processing due to unavailable references
[93.993s][debug][gc,ref       ] GC(149) Skipped phase3 of Reference Processing due to unavailable references
[93.993s][debug][gc,ref       ] GC(149) Skipped phase4 of Reference Processing due to unavailable references
[93.994s][debug][gc,age       ] GC(149) Desired survivor size 15400960 bytes, new threshold 6 (max threshold 6)
[93.994s][info ][gc,heap      ] GC(149) ParNew: 244238K->2119K(270976K)
[93.994s][info ][gc,heap      ] GC(149) CMS: 271827K->271915K(602112K)
[93.994s][info ][gc,metaspace ] GC(149) Metaspace: 56715K->56715K(1101824K)
[93.994s][info ][gc           ] GC(149) Pause Young (Allocation Failure) 503M->267M(852M) 4.059ms
[93.994s][info ][gc,cpu       ] GC(149) User=0.01s Sys=0.00s Real=0.00s
[93.994s][info ][safepoint    ] Leaving safepoint region
[93.994s][info ][safepoint    ] Total time for which application threads were stopped: 0.0042383 seconds, Stopping threads took: 0.0000157 seconds
[94.870s][info ][safepoint    ] Application time: 0.8761745 seconds
[94.870s][info ][safepoint    ] Entering safepoint region: GenCollectForAllocation
[94.870s][info ][gc,start     ] GC(150) Pause Young (Allocation Failure)
[94.870s][info ][gc,task      ] GC(150) Using 4 workers of 4 for evacuation
[94.874s][debug][gc,ref       ] GC(150) Skipped phase1 of Reference Processing due to unavailable references
[94.874s][debug][gc,ref       ] GC(150) Skipped phase3 of Reference Processing due to unavailable references
[94.874s][debug][gc,ref       ] GC(150) Skipped phase4 of Reference Processing due to unavailable references
[94.874s][debug][gc,age       ] GC(150) Desired survivor size 15400960 bytes, new threshold 6 (max threshold 6)
[94.874s][info ][gc,heap      ] GC(150) ParNew: 243015K->2967K(270976K)
[94.874s][info ][gc,heap      ] GC(150) CMS: 271915K->272014K(602112K)
[94.874s][info ][gc,metaspace ] GC(150) Metaspace: 56715K->56715K(1101824K)
[94.874s][info ][gc           ] GC(150) Pause Young (Allocation Failure) 502M->268M(852M) 4.016ms
[94.874s][info ][gc,cpu       ] GC(150) User=0.01s Sys=0.00s Real=0.00s
[94.874s][info ][safepoint    ] Leaving safepoint region
[94.874s][info ][safepoint    ] Total time for which application threads were stopped: 0.0041643 seconds, Stopping threads took: 0.0000137 seconds
[95.728s][info ][safepoint    ] Application time: 0.8542851 seconds
[95.728s][info ][safepoint    ] Entering safepoint region: GenCollectForAllocation
[95.728s][info ][gc,start     ] GC(151) Pause Young (Allocation Failure)
[95.729s][info ][gc,task      ] GC(151) Using 4 workers of 4 for evacuation
[95.733s][debug][gc,ref       ] GC(151) Skipped phase1 of Reference Processing due to unavailable references
[95.733s][debug][gc,ref       ] GC(151) Skipped phase3 of Reference Processing due to unavailable references
[95.733s][debug][gc,ref       ] GC(151) Skipped phase4 of Reference Processing due to unavailable references
[95.733s][debug][gc,age       ] GC(151) Desired survivor size 15400960 bytes, new threshold 6 (max threshold 6)
[95.733s][info ][gc,heap      ] GC(151) ParNew: 243863K->3156K(270976K)
[95.733s][info ][gc,heap      ] GC(151) CMS: 272014K->272090K(602112K)
[95.733s][info ][gc,metaspace ] GC(151) Metaspace: 56717K->56717K(1101824K)
[95.733s][info ][gc           ] GC(151) Pause Young (Allocation Failure) 503M->268M(852M) 4.285ms
[95.733s][info ][gc,cpu       ] GC(151) User=0.01s Sys=0.00s Real=0.00s
[95.733s][info ][safepoint    ] Leaving safepoint region
[95.733s][info ][safepoint    ] Total time for which application threads were stopped: 0.0044347 seconds, Stopping threads took: 0.0000145 seconds
[96.598s][info ][safepoint    ] Application time: 0.8656393 seconds
[96.599s][info ][safepoint    ] Entering safepoint region: GenCollectForAllocation
[96.599s][info ][gc,start     ] GC(152) Pause Young (Allocation Failure)
[96.599s][info ][gc,task      ] GC(152) Using 4 workers of 4 for evacuation
[96.603s][debug][gc,ref       ] GC(152) Skipped phase1 of Reference Processing due to unavailable references
[96.603s][debug][gc,ref       ] GC(152) Skipped phase3 of Reference Processing due to unavailable references
[96.603s][debug][gc,ref       ] GC(152) Skipped phase4 of Reference Processing due to unavailable references
[96.603s][debug][gc,age       ] GC(152) Desired survivor size 15400960 bytes, new threshold 6 (max threshold 6)
[96.603s][info ][gc,heap      ] GC(152) ParNew: 244052K->2321K(270976K)
[96.603s][info ][gc,heap      ] GC(152) CMS: 272090K->272155K(602112K)
[96.603s][info ][gc,metaspace ] GC(152) Metaspace: 56722K->56722K(1101824K)
[96.603s][info ][gc           ] GC(152) Pause Young (Allocation Failure) 504M->268M(852M) 4.382ms
[96.603s][info ][gc,cpu       ] GC(152) User=0.01s Sys=0.00s Real=0.00s
[96.603s][info ][safepoint    ] Leaving safepoint region
[96.603s][info ][safepoint    ] Total time for which application threads were stopped: 0.0045452 seconds, Stopping threads took: 0.0000136 seconds
[97.482s][info ][safepoint    ] Application time: 0.8789136 seconds
[97.482s][info ][safepoint    ] Entering safepoint region: GenCollectForAllocation
[97.482s][info ][gc,start     ] GC(153) Pause Young (Allocation Failure)
[97.482s][info ][gc,task      ] GC(153) Using 4 workers of 4 for evacuation
[97.486s][debug][gc,ref       ] GC(153) Skipped phase1 of Reference Processing due to unavailable references
[97.486s][debug][gc,ref       ] GC(153) Skipped phase3 of Reference Processing due to unavailable references
[97.486s][debug][gc,ref       ] GC(153) Skipped phase4 of Reference Processing due to unavailable references
[97.486s][debug][gc,age       ] GC(153) Desired survivor size 15400960 bytes, new threshold 6 (max threshold 6)
[97.486s][info ][gc,heap      ] GC(153) ParNew: 243217K->3120K(270976K)
[97.486s][info ][gc,heap      ] GC(153) CMS: 272155K->272192K(602112K)
[97.486s][info ][gc,metaspace ] GC(153) Metaspace: 56722K->56722K(1101824K)
[97.486s][info ][gc           ] GC(153) Pause Young (Allocation Failure) 503M->268M(852M) 4.056ms
[97.486s][info ][gc,cpu       ] GC(153) User=0.01s Sys=0.00s Real=0.01s
[97.486s][info ][safepoint    ] Leaving safepoint region
[97.486s][info ][safepoint    ] Total time for which application threads were stopped: 0.0042288 seconds, Stopping threads took: 0.0000147 seconds
[98.406s][info ][safepoint    ] Application time: 0.9201371 seconds
[98.406s][info ][safepoint    ] Entering safepoint region: GenCollectForAllocation
[98.407s][info ][gc,start     ] GC(154) Pause Young (Allocation Failure)
[98.407s][info ][gc,task      ] GC(154) Using 4 workers of 4 for evacuation
[98.414s][debug][gc,ref       ] GC(154) Skipped phase1 of Reference Processing due to unavailable references
[98.414s][debug][gc,ref       ] GC(154) Skipped phase3 of Reference Processing due to unavailable references
[98.414s][debug][gc,age       ] GC(154) Desired survivor size 15400960 bytes, new threshold 6 (max threshold 6)
[98.414s][info ][gc,heap      ] GC(154) ParNew: 244016K->3549K(270976K)
[98.414s][info ][gc,heap      ] GC(154) CMS: 272192K->272227K(602112K)
[98.414s][info ][gc,metaspace ] GC(154) Metaspace: 56725K->56725K(1101824K)
[98.414s][info ][gc           ] GC(154) Pause Young (Allocation Failure) 504M->269M(852M) 7.591ms
[98.414s][info ][gc,cpu       ] GC(154) User=0.02s Sys=0.00s Real=0.00s
[98.414s][info ][safepoint    ] Leaving safepoint region
[98.414s][info ][safepoint    ] Total time for which application threads were stopped: 0.0077654 seconds, Stopping threads took: 0.0000137 seconds
[99.312s][info ][safepoint    ] Application time: 0.8981615 seconds
[99.312s][info ][safepoint    ] Entering safepoint region: GenCollectForAllocation
[99.312s][info ][gc,start     ] GC(155) Pause Young (Allocation Failure)
[99.312s][info ][gc,task      ] GC(155) Using 4 workers of 4 for evacuation
[99.316s][debug][gc,ref       ] GC(155) Skipped phase1 of Reference Processing due to unavailable references
[99.316s][debug][gc,ref       ] GC(155) Skipped phase3 of Reference Processing due to unavailable references
[99.316s][debug][gc,ref       ] GC(155) Skipped phase4 of Reference Processing due to unavailable references
[99.316s][debug][gc,age       ] GC(155) Desired survivor size 15400960 bytes, new threshold 6 (max threshold 6)
[99.316s][info ][gc,heap      ] GC(155) ParNew: 244445K->3234K(270976K)
[99.317s][info ][gc,heap      ] GC(155) CMS: 272227K->272265K(602112K)
[99.317s][info ][gc,metaspace ] GC(155) Metaspace: 56726K->56726K(1101824K)
[99.317s][info ][gc           ] GC(155) Pause Young (Allocation Failure) 504M->269M(852M) 4.052ms
[99.317s][info ][gc,cpu       ] GC(155) User=0.02s Sys=0.00s Real=0.01s
[99.317s][info ][safepoint    ] Leaving safepoint region
[99.317s][info ][safepoint    ] Total time for which application threads were stopped: 0.0042029 seconds, Stopping threads took: 0.0000140 seconds
[100.156s][info ][safepoint    ] Application time: 0.8397102 seconds
[100.156s][info ][safepoint    ] Entering safepoint region: GenCollectForAllocation
[100.156s][info ][gc,start     ] GC(156) Pause Young (Allocation Failure)
[100.156s][info ][gc,task      ] GC(156) Using 4 workers of 4 for evacuation
[100.161s][debug][gc,ref       ] GC(156) Skipped phase1 of Reference Processing due to unavailable references
[100.161s][debug][gc,ref       ] GC(156) Skipped phase3 of Reference Processing due to unavailable references
[100.161s][debug][gc,ref       ] GC(156) Skipped phase4 of Reference Processing due to unavailable references
[100.161s][debug][gc,age       ] GC(156) Desired survivor size 15400960 bytes, new threshold 6 (max threshold 6)
[100.161s][info ][gc,heap      ] GC(156) ParNew: 244130K->3349K(270976K)
[100.161s][info ][gc,heap      ] GC(156) CMS: 272265K->272390K(602112K)
[100.161s][info ][gc,metaspace ] GC(156) Metaspace: 56727K->56727K(1101824K)
[100.161s][info ][gc           ] GC(156) Pause Young (Allocation Failure) 504M->269M(852M) 4.690ms
[100.161s][info ][gc,cpu       ] GC(156) User=0.02s Sys=0.00s Real=0.00s
[100.161s][info ][safepoint    ] Leaving safepoint region
[100.161s][info ][safepoint    ] Total time for which application threads were stopped: 0.0048581 seconds, Stopping threads took: 0.0000153 seconds
[101.000s][info ][safepoint    ] Application time: 0.8392987 seconds
[101.001s][info ][safepoint    ] Entering safepoint region: GenCollectForAllocation
[101.001s][info ][gc,start     ] GC(157) Pause Young (Allocation Failure)
[101.001s][info ][gc,task      ] GC(157) Using 4 workers of 4 for evacuation
[101.005s][debug][gc,ref       ] GC(157) Skipped phase1 of Reference Processing due to unavailable references
[101.005s][debug][gc,ref       ] GC(157) Skipped phase3 of Reference Processing due to unavailable references
[101.005s][debug][gc,ref       ] GC(157) Skipped phase4 of Reference Processing due to unavailable references
[101.005s][debug][gc,age       ] GC(157) Desired survivor size 15400960 bytes, new threshold 6 (max threshold 6)
[101.005s][info ][gc,heap      ] GC(157) ParNew: 244245K->3291K(270976K)
[101.005s][info ][gc,heap      ] GC(157) CMS: 272390K->272455K(602112K)
[101.005s][info ][gc,metaspace ] GC(157) Metaspace: 56732K->56732K(1101824K)
[101.005s][info ][gc           ] GC(157) Pause Young (Allocation Failure) 504M->269M(852M) 4.325ms
[101.005s][info ][gc,cpu       ] GC(157) User=0.01s Sys=0.00s Real=0.01s
[101.005s][info ][safepoint    ] Leaving safepoint region
[101.005s][info ][safepoint    ] Total time for which application threads were stopped: 0.0044929 seconds, Stopping threads took: 0.0000140 seconds
[101.905s][info ][safepoint    ] Application time: 0.8997118 seconds
[101.905s][info ][safepoint    ] Entering safepoint region: GenCollectForAllocation
[101.905s][info ][gc,start     ] GC(158) Pause Young (Allocation Failure)
[101.905s][info ][gc,task      ] GC(158) Using 4 workers of 4 for evacuation
[101.909s][debug][gc,ref       ] GC(158) Skipped phase1 of Reference Processing due to unavailable references
[101.909s][debug][gc,ref       ] GC(158) Skipped phase3 of Reference Processing due to unavailable references
[101.909s][debug][gc,age       ] GC(158) Desired survivor size 15400960 bytes, new threshold 6 (max threshold 6)
[101.909s][info ][gc,heap      ] GC(158) ParNew: 244187K->2861K(270976K)
[101.909s][info ][gc,heap      ] GC(158) CMS: 272455K->272526K(602112K)
[101.909s][info ][gc,metaspace ] GC(158) Metaspace: 56760K->56760K(1101824K)
[101.909s][info ][gc           ] GC(158) Pause Young (Allocation Failure) 504M->268M(852M) 4.037ms
[101.909s][info ][gc,cpu       ] GC(158) User=0.02s Sys=0.00s Real=0.00s
[101.909s][info ][safepoint    ] Leaving safepoint region
[101.909s][info ][safepoint    ] Total time for which application threads were stopped: 0.0042281 seconds, Stopping threads took: 0.0000145 seconds
[102.709s][info ][safepoint    ] Application time: 0.7997269 seconds
[102.709s][info ][safepoint    ] Entering safepoint region: GenCollectForAllocation
[102.709s][info ][gc,start     ] GC(159) Pause Young (Allocation Failure)
[102.709s][info ][gc,task      ] GC(159) Using 4 workers of 4 for evacuation
[102.713s][debug][gc,ref       ] GC(159) Skipped phase1 of Reference Processing due to unavailable references
[102.713s][debug][gc,ref       ] GC(159) Skipped phase3 of Reference Processing due to unavailable references
[102.713s][debug][gc,ref       ] GC(159) Skipped phase4 of Reference Processing due to unavailable references
[102.713s][debug][gc,age       ] GC(159) Desired survivor size 15400960 bytes, new threshold 6 (max threshold 6)
[102.713s][info ][gc,heap      ] GC(159) ParNew: 243757K->3408K(270976K)
[102.713s][info ][gc,heap      ] GC(159) CMS: 272526K->272776K(602112K)
[102.713s][info ][gc,metaspace ] GC(159) Metaspace: 56760K->56760K(1101824K)
[102.713s][info ][gc           ] GC(159) Pause Young (Allocation Failure) 504M->269M(852M) 3.892ms
[102.713s][info ][gc,cpu       ] GC(159) User=0.01s Sys=0.00s Real=0.00s
[102.713s][info ][safepoint    ] Leaving safepoint region
[102.713s][info ][safepoint    ] Total time for which application threads were stopped: 0.0041734 seconds, Stopping threads took: 0.0000132 seconds
[103.502s][info ][safepoint    ] Application time: 0.7889687 seconds
[103.502s][info ][safepoint    ] Entering safepoint region: GenCollectForAllocation
[103.502s][info ][gc,start     ] GC(160) Pause Young (Allocation Failure)
[103.502s][info ][gc,task      ] GC(160) Using 4 workers of 4 for evacuation
[103.507s][debug][gc,ref       ] GC(160) Skipped phase1 of Reference Processing due to unavailable references
[103.507s][debug][gc,ref       ] GC(160) Skipped phase3 of Reference Processing due to unavailable references
[103.507s][debug][gc,ref       ] GC(160) Skipped phase4 of Reference Processing due to unavailable references
[103.507s][debug][gc,age       ] GC(160) Desired survivor size 15400960 bytes, new threshold 6 (max threshold 6)
[103.507s][info ][gc,heap      ] GC(160) ParNew: 244304K->2619K(270976K)
[103.507s][info ][gc,heap      ] GC(160) CMS: 272776K->272924K(602112K)
[103.507s][info ][gc,metaspace ] GC(160) Metaspace: 56760K->56760K(1101824K)
[103.507s][info ][gc           ] GC(160) Pause Young (Allocation Failure) 504M->269M(852M) 4.823ms
[103.507s][info ][gc,cpu       ] GC(160) User=0.02s Sys=0.00s Real=0.01s
[103.507s][info ][safepoint    ] Leaving safepoint region
[103.507s][info ][safepoint    ] Total time for which application threads were stopped: 0.0050004 seconds, Stopping threads took: 0.0000140 seconds
[104.314s][info ][safepoint    ] Application time: 0.8069096 seconds
[104.314s][info ][safepoint    ] Entering safepoint region: GenCollectForAllocation
[104.314s][info ][gc,start     ] GC(161) Pause Young (Allocation Failure)
[104.314s][info ][gc,task      ] GC(161) Using 4 workers of 4 for evacuation
[104.318s][debug][gc,ref       ] GC(161) Skipped phase1 of Reference Processing due to unavailable references
[104.318s][debug][gc,ref       ] GC(161) Skipped phase3 of Reference Processing due to unavailable references
[104.318s][debug][gc,ref       ] GC(161) Skipped phase4 of Reference Processing due to unavailable references
[104.318s][debug][gc,age       ] GC(161) Desired survivor size 15400960 bytes, new threshold 6 (max threshold 6)
[104.318s][info ][gc,heap      ] GC(161) ParNew: 243515K->3022K(270976K)
[104.318s][info ][gc,heap      ] GC(161) CMS: 272924K->272935K(602112K)
[104.318s][info ][gc,metaspace ] GC(161) Metaspace: 56770K->56770K(1101824K)
[104.318s][info ][gc           ] GC(161) Pause Young (Allocation Failure) 504M->269M(852M) 4.111ms
[104.318s][info ][gc,cpu       ] GC(161) User=0.01s Sys=0.00s Real=0.01s
[104.318s][info ][safepoint    ] Leaving safepoint region
[104.318s][info ][safepoint    ] Total time for which application threads were stopped: 0.0042633 seconds, Stopping threads took: 0.0000145 seconds
[105.098s][info ][safepoint    ] Application time: 0.7796159 seconds
[105.098s][info ][safepoint    ] Entering safepoint region: GenCollectForAllocation
[105.098s][info ][gc,start     ] GC(162) Pause Young (Allocation Failure)
[105.098s][info ][gc,task      ] GC(162) Using 4 workers of 4 for evacuation
[105.103s][debug][gc,ref       ] GC(162) Skipped phase1 of Reference Processing due to unavailable references
[105.103s][debug][gc,ref       ] GC(162) Skipped phase3 of Reference Processing due to unavailable references
[105.103s][debug][gc,ref       ] GC(162) Skipped phase4 of Reference Processing due to unavailable references
[105.103s][debug][gc,age       ] GC(162) Desired survivor size 15400960 bytes, new threshold 6 (max threshold 6)
[105.103s][info ][gc,heap      ] GC(162) ParNew: 243918K->3422K(270976K)
[105.103s][info ][gc,heap      ] GC(162) CMS: 272935K->273015K(602112K)
[105.103s][info ][gc,metaspace ] GC(162) Metaspace: 56777K->56777K(1101824K)
[105.103s][info ][gc           ] GC(162) Pause Young (Allocation Failure) 504M->269M(852M) 5.330ms
[105.103s][info ][gc,cpu       ] GC(162) User=0.02s Sys=0.00s Real=0.00s
[105.103s][info ][safepoint    ] Leaving safepoint region
[105.103s][info ][safepoint    ] Total time for which application threads were stopped: 0.0055021 seconds, Stopping threads took: 0.0000144 seconds
[105.908s][info ][safepoint    ] Application time: 0.8045903 seconds
[105.908s][info ][safepoint    ] Entering safepoint region: GenCollectForAllocation
[105.908s][info ][gc,start     ] GC(163) Pause Young (Allocation Failure)
[105.908s][info ][gc,task      ] GC(163) Using 4 workers of 4 for evacuation
[105.912s][debug][gc,ref       ] GC(163) Skipped phase1 of Reference Processing due to unavailable references
[105.912s][debug][gc,ref       ] GC(163) Skipped phase3 of Reference Processing due to unavailable references
[105.912s][debug][gc,ref       ] GC(163) Skipped phase4 of Reference Processing due to unavailable references
[105.912s][debug][gc,age       ] GC(163) Desired survivor size 15400960 bytes, new threshold 6 (max threshold 6)
[105.912s][info ][gc,heap      ] GC(163) ParNew: 244318K->3046K(270976K)
[105.912s][info ][gc,heap      ] GC(163) CMS: 273015K->273136K(602112K)
[105.912s][info ][gc,metaspace ] GC(163) Metaspace: 56777K->56777K(1101824K)
[105.912s][info ][gc           ] GC(163) Pause Young (Allocation Failure) 505M->269M(852M) 4.198ms
[105.912s][info ][gc,cpu       ] GC(163) User=0.01s Sys=0.01s Real=0.00s
[105.912s][info ][safepoint    ] Leaving safepoint region
[105.912s][info ][safepoint    ] Total time for which application threads were stopped: 0.0043682 seconds, Stopping threads took: 0.0000146 seconds
[106.745s][info ][safepoint    ] Application time: 0.8325113 seconds
[106.745s][info ][safepoint    ] Entering safepoint region: GenCollectForAllocation
[106.745s][info ][gc,start     ] GC(164) Pause Young (Allocation Failure)
[106.745s][info ][gc,task      ] GC(164) Using 4 workers of 4 for evacuation
[106.749s][debug][gc,ref       ] GC(164) Skipped phase1 of Reference Processing due to unavailable references
[106.749s][debug][gc,ref       ] GC(164) Skipped phase3 of Reference Processing due to unavailable references
[106.749s][debug][gc,ref       ] GC(164) Skipped phase4 of Reference Processing due to unavailable references
[106.749s][debug][gc,age       ] GC(164) Desired survivor size 15400960 bytes, new threshold 6 (max threshold 6)
[106.749s][info ][gc,heap      ] GC(164) ParNew: 243942K->3215K(270976K)
[106.749s][info ][gc,heap      ] GC(164) CMS: 273136K->273290K(602112K)
[106.749s][info ][gc,metaspace ] GC(164) Metaspace: 56779K->56779K(1101824K)
[106.749s][info ][gc           ] GC(164) Pause Young (Allocation Failure) 504M->270M(852M) 4.114ms
[106.749s][info ][gc,cpu       ] GC(164) User=0.01s Sys=0.00s Real=0.00s
[106.749s][info ][safepoint    ] Leaving safepoint region
[106.749s][info ][safepoint    ] Total time for which application threads were stopped: 0.0042667 seconds, Stopping threads took: 0.0000138 seconds
[106.796s][info ][safepoint    ] Application time: 0.0466621 seconds
[106.796s][info ][safepoint    ] Entering safepoint region: Deoptimize
[106.797s][info ][safepoint    ] Leaving safepoint region
[106.797s][info ][safepoint    ] Total time for which application threads were stopped: 0.0016512 seconds, Stopping threads took: 0.0000139 seconds
[107.565s][info ][safepoint    ] Application time: 0.7673028 seconds
[107.565s][info ][safepoint    ] Entering safepoint region: GenCollectForAllocation
[107.565s][info ][gc,start     ] GC(165) Pause Young (Allocation Failure)
[107.565s][info ][gc,task      ] GC(165) Using 4 workers of 4 for evacuation
[107.569s][debug][gc,ref       ] GC(165) Skipped phase1 of Reference Processing due to unavailable references
[107.569s][debug][gc,ref       ] GC(165) Skipped phase3 of Reference Processing due to unavailable references
[107.569s][debug][gc,ref       ] GC(165) Skipped phase4 of Reference Processing due to unavailable references
[107.569s][debug][gc,age       ] GC(165) Desired survivor size 15400960 bytes, new threshold 6 (max threshold 6)
[107.569s][info ][gc,heap      ] GC(165) ParNew: 244111K->3083K(270976K)
[107.569s][info ][gc,heap      ] GC(165) CMS: 273290K->273332K(602112K)
[107.569s][info ][gc,metaspace ] GC(165) Metaspace: 56807K->56807K(1101824K)
[107.569s][info ][gc           ] GC(165) Pause Young (Allocation Failure) 505M->269M(852M) 4.216ms
[107.569s][info ][gc,cpu       ] GC(165) User=0.02s Sys=0.00s Real=0.00s
[107.569s][info ][safepoint    ] Leaving safepoint region
[107.569s][info ][safepoint    ] Total time for which application threads were stopped: 0.0043929 seconds, Stopping threads took: 0.0000142 seconds
[108.379s][info ][safepoint    ] Application time: 0.8097408 seconds
[108.379s][info ][safepoint    ] Entering safepoint region: GenCollectForAllocation
[108.379s][info ][gc,start     ] GC(166) Pause Young (Allocation Failure)
[108.379s][info ][gc,task      ] GC(166) Using 4 workers of 4 for evacuation
[108.383s][debug][gc,ref       ] GC(166) Skipped phase1 of Reference Processing due to unavailable references
[108.383s][debug][gc,ref       ] GC(166) Skipped phase3 of Reference Processing due to unavailable references
[108.383s][debug][gc,ref       ] GC(166) Skipped phase4 of Reference Processing due to unavailable references
[108.383s][debug][gc,age       ] GC(166) Desired survivor size 15400960 bytes, new threshold 6 (max threshold 6)
[108.383s][info ][gc,heap      ] GC(166) ParNew: 243979K->3702K(270976K)
[108.383s][info ][gc,heap      ] GC(166) CMS: 273332K->273369K(602112K)
[108.383s][info ][gc,metaspace ] GC(166) Metaspace: 56807K->56807K(1101824K)
[108.383s][info ][gc           ] GC(166) Pause Young (Allocation Failure) 505M->270M(852M) 4.014ms
[108.383s][info ][gc,cpu       ] GC(166) User=0.02s Sys=0.00s Real=0.00s
[108.383s][info ][safepoint    ] Leaving safepoint region
[108.383s][info ][safepoint    ] Total time for which application threads were stopped: 0.0042117 seconds, Stopping threads took: 0.0000141 seconds
[109.228s][info ][safepoint    ] Application time: 0.8444833 seconds
[109.228s][info ][safepoint    ] Entering safepoint region: GenCollectForAllocation
[109.228s][info ][gc,start     ] GC(167) Pause Young (Allocation Failure)
[109.228s][info ][gc,task      ] GC(167) Using 4 workers of 4 for evacuation
[109.232s][debug][gc,ref       ] GC(167) Skipped phase1 of Reference Processing due to unavailable references
[109.232s][debug][gc,ref       ] GC(167) Skipped phase3 of Reference Processing due to unavailable references
[109.232s][debug][gc,ref       ] GC(167) Skipped phase4 of Reference Processing due to unavailable references
[109.233s][debug][gc,age       ] GC(167) Desired survivor size 15400960 bytes, new threshold 6 (max threshold 6)
[109.233s][info ][gc,heap      ] GC(167) ParNew: 244598K->2660K(270976K)
[109.233s][info ][gc,heap      ] GC(167) CMS: 273369K->273460K(602112K)
[109.233s][info ][gc,metaspace ] GC(167) Metaspace: 56808K->56808K(1101824K)
[109.233s][info ][gc           ] GC(167) Pause Young (Allocation Failure) 505M->269M(852M) 4.734ms
[109.233s][info ][gc,cpu       ] GC(167) User=0.02s Sys=0.00s Real=0.00s
[109.233s][info ][safepoint    ] Leaving safepoint region
[109.233s][info ][safepoint    ] Total time for which application threads were stopped: 0.0049134 seconds, Stopping threads took: 0.0000305 seconds
[110.034s][info ][safepoint    ] Application time: 0.8010940 seconds
[110.034s][info ][safepoint    ] Entering safepoint region: GenCollectForAllocation
[110.034s][info ][gc,start     ] GC(168) Pause Young (Allocation Failure)
[110.034s][info ][gc,task      ] GC(168) Using 4 workers of 4 for evacuation
[110.039s][debug][gc,ref       ] GC(168) Skipped phase1 of Reference Processing due to unavailable references
[110.039s][debug][gc,ref       ] GC(168) Skipped phase3 of Reference Processing due to unavailable references
[110.039s][debug][gc,ref       ] GC(168) Skipped phase4 of Reference Processing due to unavailable references
[110.039s][debug][gc,age       ] GC(168) Desired survivor size 15400960 bytes, new threshold 6 (max threshold 6)
[110.039s][info ][gc,heap      ] GC(168) ParNew: 243556K->3934K(270976K)
[110.039s][info ][gc,heap      ] GC(168) CMS: 273460K->273634K(602112K)
[110.039s][info ][gc,metaspace ] GC(168) Metaspace: 56808K->56808K(1101824K)
[110.039s][info ][gc           ] GC(168) Pause Young (Allocation Failure) 504M->271M(852M) 4.957ms
[110.039s][info ][gc,cpu       ] GC(168) User=0.02s Sys=0.00s Real=0.01s
[110.039s][info ][safepoint    ] Leaving safepoint region
[110.039s][info ][safepoint    ] Total time for which application threads were stopped: 0.0051402 seconds, Stopping threads took: 0.0000142 seconds
[110.853s][info ][safepoint    ] Application time: 0.8143896 seconds
[110.853s][info ][safepoint    ] Entering safepoint region: GenCollectForAllocation
[110.853s][info ][gc,start     ] GC(169) Pause Young (Allocation Failure)
[110.854s][info ][gc,task      ] GC(169) Using 4 workers of 4 for evacuation
[110.858s][debug][gc,ref       ] GC(169) Skipped phase1 of Reference Processing due to unavailable references
[110.858s][debug][gc,ref       ] GC(169) Skipped phase3 of Reference Processing due to unavailable references
[110.858s][debug][gc,age       ] GC(169) Desired survivor size 15400960 bytes, new threshold 6 (max threshold 6)
[110.858s][info ][gc,heap      ] GC(169) ParNew: 244830K->2965K(270976K)
[110.858s][info ][gc,heap      ] GC(169) CMS: 273634K->273894K(602112K)
[110.858s][info ][gc,metaspace ] GC(169) Metaspace: 56844K->56844K(1101824K)
[110.858s][info ][gc           ] GC(169) Pause Young (Allocation Failure) 506M->270M(852M) 4.416ms
[110.858s][info ][gc,cpu       ] GC(169) User=0.01s Sys=0.00s Real=0.01s
[110.858s][info ][safepoint    ] Leaving safepoint region
[110.858s][info ][safepoint    ] Total time for which application threads were stopped: 0.0046194 seconds, Stopping threads took: 0.0000144 seconds
[111.676s][info ][safepoint    ] Application time: 0.8177351 seconds
[111.676s][info ][safepoint    ] Entering safepoint region: GenCollectForAllocation
[111.676s][info ][gc,start     ] GC(170) Pause Young (Allocation Failure)
[111.676s][info ][gc,task      ] GC(170) Using 4 workers of 4 for evacuation
[111.680s][debug][gc,ref       ] GC(170) Skipped phase1 of Reference Processing due to unavailable references
[111.680s][debug][gc,ref       ] GC(170) Skipped phase3 of Reference Processing due to unavailable references
[111.680s][debug][gc,ref       ] GC(170) Skipped phase4 of Reference Processing due to unavailable references
[111.680s][debug][gc,age       ] GC(170) Desired survivor size 15400960 bytes, new threshold 6 (max threshold 6)
[111.680s][info ][gc,heap      ] GC(170) ParNew: 243861K->2464K(270976K)
[111.680s][info ][gc,heap      ] GC(170) CMS: 273894K->273926K(602112K)
[111.680s][info ][gc,metaspace ] GC(170) Metaspace: 56845K->56845K(1101824K)
[111.680s][info ][gc           ] GC(170) Pause Young (Allocation Failure) 505M->269M(852M) 4.086ms
[111.680s][info ][gc,cpu       ] GC(170) User=0.01s Sys=0.00s Real=0.00s
[111.680s][info ][safepoint    ] Leaving safepoint region
[111.680s][info ][safepoint    ] Total time for which application threads were stopped: 0.0042528 seconds, Stopping threads took: 0.0000162 seconds
[112.502s][info ][safepoint    ] Application time: 0.8216512 seconds
[112.502s][info ][safepoint    ] Entering safepoint region: GenCollectForAllocation
[112.502s][info ][gc,start     ] GC(171) Pause Young (Allocation Failure)
[112.502s][info ][gc,task      ] GC(171) Using 4 workers of 4 for evacuation
[112.505s][debug][gc,ref       ] GC(171) Skipped phase1 of Reference Processing due to unavailable references
[112.505s][debug][gc,ref       ] GC(171) Skipped phase3 of Reference Processing due to unavailable references
[112.505s][debug][gc,ref       ] GC(171) Skipped phase4 of Reference Processing due to unavailable references
[112.506s][debug][gc,age       ] GC(171) Desired survivor size 15400960 bytes, new threshold 6 (max threshold 6)
[112.506s][info ][gc,heap      ] GC(171) ParNew: 243360K->3620K(270976K)
[112.506s][info ][gc,heap      ] GC(171) CMS: 273926K->273939K(602112K)
[112.506s][info ][gc,metaspace ] GC(171) Metaspace: 56845K->56845K(1101824K)
[112.506s][info ][gc           ] GC(171) Pause Young (Allocation Failure) 505M->271M(852M) 3.864ms
[112.506s][info ][gc,cpu       ] GC(171) User=0.02s Sys=0.00s Real=0.01s
[112.506s][info ][safepoint    ] Leaving safepoint region
[112.506s][info ][safepoint    ] Total time for which application threads were stopped: 0.0040420 seconds, Stopping threads took: 0.0000147 seconds
[113.328s][info ][safepoint    ] Application time: 0.8224209 seconds
[113.328s][info ][safepoint    ] Entering safepoint region: GenCollectForAllocation
[113.328s][info ][gc,start     ] GC(172) Pause Young (Allocation Failure)
[113.328s][info ][gc,task      ] GC(172) Using 4 workers of 4 for evacuation
[113.333s][debug][gc,ref       ] GC(172) Skipped phase1 of Reference Processing due to unavailable references
[113.333s][debug][gc,ref       ] GC(172) Skipped phase3 of Reference Processing due to unavailable references
[113.333s][debug][gc,ref       ] GC(172) Skipped phase4 of Reference Processing due to unavailable references
[113.333s][debug][gc,age       ] GC(172) Desired survivor size 15400960 bytes, new threshold 6 (max threshold 6)
[113.333s][info ][gc,heap      ] GC(172) ParNew: 244516K->2965K(270976K)
[113.333s][info ][gc,heap      ] GC(172) CMS: 273939K->273984K(602112K)
[113.333s][info ][gc,metaspace ] GC(172) Metaspace: 56845K->56845K(1101824K)
[113.333s][info ][gc           ] GC(172) Pause Young (Allocation Failure) 506M->270M(852M) 4.626ms
[113.333s][info ][gc,cpu       ] GC(172) User=0.01s Sys=0.00s Real=0.00s
[113.333s][info ][safepoint    ] Leaving safepoint region
[113.333s][info ][safepoint    ] Total time for which application threads were stopped: 0.0047873 seconds, Stopping threads took: 0.0000140 seconds
[114.133s][info ][safepoint    ] Application time: 0.7998909 seconds
[114.133s][info ][safepoint    ] Entering safepoint region: GenCollectForAllocation
[114.133s][info ][gc,start     ] GC(173) Pause Young (Allocation Failure)
[114.133s][info ][gc,task      ] GC(173) Using 4 workers of 4 for evacuation
[114.144s][debug][gc,ref       ] GC(173) Skipped phase1 of Reference Processing due to unavailable references
[114.144s][debug][gc,ref       ] GC(173) Skipped phase3 of Reference Processing due to unavailable references
[114.144s][debug][gc,ref       ] GC(173) Skipped phase4 of Reference Processing due to unavailable references
[114.144s][debug][gc,age       ] GC(173) Desired survivor size 15400960 bytes, new threshold 6 (max threshold 6)
[114.144s][info ][gc,heap      ] GC(173) ParNew: 243861K->2938K(270976K)
[114.144s][info ][gc,heap      ] GC(173) CMS: 273984K->274147K(602112K)
[114.144s][info ][gc,metaspace ] GC(173) Metaspace: 56850K->56850K(1101824K)
[114.144s][info ][gc           ] GC(173) Pause Young (Allocation Failure) 505M->270M(852M) 11.042ms
[114.144s][info ][gc,cpu       ] GC(173) User=0.02s Sys=0.00s Real=0.02s
[114.144s][info ][safepoint    ] Leaving safepoint region
[114.144s][info ][safepoint    ] Total time for which application threads were stopped: 0.0112189 seconds, Stopping threads took: 0.0000149 seconds
[114.926s][info ][safepoint    ] Application time: 0.7824191 seconds
[114.927s][info ][safepoint    ] Entering safepoint region: GenCollectForAllocation
[114.927s][info ][gc,start     ] GC(174) Pause Young (Allocation Failure)
[114.927s][info ][gc,task      ] GC(174) Using 4 workers of 4 for evacuation
[114.933s][debug][gc,ref       ] GC(174) Skipped phase1 of Reference Processing due to unavailable references
[114.933s][debug][gc,ref       ] GC(174) Skipped phase3 of Reference Processing due to unavailable references
[114.933s][debug][gc,ref       ] GC(174) Skipped phase4 of Reference Processing due to unavailable references
[114.933s][debug][gc,age       ] GC(174) Desired survivor size 15400960 bytes, new threshold 6 (max threshold 6)
[114.933s][info ][gc,heap      ] GC(174) ParNew: 243834K->3180K(270976K)
[114.933s][info ][gc,heap      ] GC(174) CMS: 274147K->274231K(602112K)
[114.933s][info ][gc,metaspace ] GC(174) Metaspace: 56853K->56853K(1101824K)
[114.933s][info ][gc           ] GC(174) Pause Young (Allocation Failure) 505M->270M(852M) 6.327ms
[114.933s][info ][gc,cpu       ] GC(174) User=0.02s Sys=0.00s Real=0.00s
[114.933s][info ][safepoint    ] Leaving safepoint region
[114.933s][info ][safepoint    ] Total time for which application threads were stopped: 0.0064704 seconds, Stopping threads took: 0.0000136 seconds
[115.723s][info ][safepoint    ] Application time: 0.7904158 seconds
[115.723s][info ][safepoint    ] Entering safepoint region: GenCollectForAllocation
[115.724s][info ][gc,start     ] GC(175) Pause Young (Allocation Failure)
[115.724s][info ][gc,task      ] GC(175) Using 4 workers of 4 for evacuation
[115.728s][debug][gc,ref       ] GC(175) Skipped phase1 of Reference Processing due to unavailable references
[115.728s][debug][gc,ref       ] GC(175) Skipped phase3 of Reference Processing due to unavailable references
[115.728s][debug][gc,ref       ] GC(175) Skipped phase4 of Reference Processing due to unavailable references
[115.728s][debug][gc,age       ] GC(175) Desired survivor size 15400960 bytes, new threshold 6 (max threshold 6)
[115.728s][info ][gc,heap      ] GC(175) ParNew: 244076K->3770K(270976K)
[115.728s][info ][gc,heap      ] GC(175) CMS: 274231K->274347K(602112K)
[115.728s][info ][gc,metaspace ] GC(175) Metaspace: 56853K->56853K(1101824K)
[115.728s][info ][gc           ] GC(175) Pause Young (Allocation Failure) 506M->271M(852M) 4.572ms
[115.728s][info ][gc,cpu       ] GC(175) User=0.02s Sys=0.00s Real=0.00s
[115.728s][info ][safepoint    ] Leaving safepoint region
[115.728s][info ][safepoint    ] Total time for which application threads were stopped: 0.0047165 seconds, Stopping threads took: 0.0000135 seconds
[116.523s][info ][safepoint    ] Application time: 0.7943182 seconds
[116.523s][info ][safepoint    ] Entering safepoint region: GenCollectForAllocation
[116.523s][info ][gc,start     ] GC(176) Pause Young (Allocation Failure)
[116.523s][info ][gc,task      ] GC(176) Using 4 workers of 4 for evacuation
[116.526s][debug][gc,ref       ] GC(176) Skipped phase1 of Reference Processing due to unavailable references
[116.526s][debug][gc,ref       ] GC(176) Skipped phase3 of Reference Processing due to unavailable references
[116.526s][debug][gc,ref       ] GC(176) Skipped phase4 of Reference Processing due to unavailable references
[116.526s][debug][gc,age       ] GC(176) Desired survivor size 15400960 bytes, new threshold 6 (max threshold 6)
[116.527s][info ][gc,heap      ] GC(176) ParNew: 244666K->2752K(270976K)
[116.527s][info ][gc,heap      ] GC(176) CMS: 274347K->274410K(602112K)
[116.527s][info ][gc,metaspace ] GC(176) Metaspace: 56853K->56853K(1101824K)
[116.527s][info ][gc           ] GC(176) Pause Young (Allocation Failure) 506M->270M(852M) 3.868ms
[116.527s][info ][gc,cpu       ] GC(176) User=0.01s Sys=0.00s Real=0.01s
[116.527s][info ][safepoint    ] Leaving safepoint region
[116.527s][info ][safepoint    ] Total time for which application threads were stopped: 0.0040984 seconds, Stopping threads took: 0.0000151 seconds
[117.318s][info ][safepoint    ] Application time: 0.7908959 seconds
[117.318s][info ][safepoint    ] Entering safepoint region: GenCollectForAllocation
[117.318s][info ][gc,start     ] GC(177) Pause Young (Allocation Failure)
[117.318s][info ][gc,task      ] GC(177) Using 4 workers of 4 for evacuation
[117.322s][debug][gc,ref       ] GC(177) Skipped phase1 of Reference Processing due to unavailable references
[117.322s][debug][gc,ref       ] GC(177) Skipped phase3 of Reference Processing due to unavailable references
[117.322s][debug][gc,ref       ] GC(177) Skipped phase4 of Reference Processing due to unavailable references
[117.322s][debug][gc,age       ] GC(177) Desired survivor size 15400960 bytes, new threshold 6 (max threshold 6)
[117.322s][info ][gc,heap      ] GC(177) ParNew: 243648K->3234K(270976K)
[117.322s][info ][gc,heap      ] GC(177) CMS: 274410K->274421K(602112K)
[117.322s][info ][gc,metaspace ] GC(177) Metaspace: 56854K->56854K(1101824K)
[117.322s][info ][gc           ] GC(177) Pause Young (Allocation Failure) 505M->271M(852M) 4.100ms
[117.322s][info ][gc,cpu       ] GC(177) User=0.01s Sys=0.00s Real=0.00s
[117.322s][info ][safepoint    ] Leaving safepoint region
[117.322s][info ][safepoint    ] Total time for which application threads were stopped: 0.0042695 seconds, Stopping threads took: 0.0000156 seconds
[118.119s][info ][safepoint    ] Application time: 0.7969771 seconds
[118.119s][info ][safepoint    ] Entering safepoint region: GenCollectForAllocation
[118.119s][info ][gc,start     ] GC(178) Pause Young (Allocation Failure)
[118.119s][info ][gc,task      ] GC(178) Using 4 workers of 4 for evacuation
[118.123s][debug][gc,ref       ] GC(178) Skipped phase1 of Reference Processing due to unavailable references
[118.123s][debug][gc,ref       ] GC(178) Skipped phase2 of Reference Processing due to unavailable references
[118.123s][debug][gc,ref       ] GC(178) Skipped phase3 of Reference Processing due to unavailable references
[118.123s][debug][gc,ref       ] GC(178) Skipped phase4 of Reference Processing due to unavailable references
[118.123s][debug][gc,age       ] GC(178) Desired survivor size 15400960 bytes, new threshold 6 (max threshold 6)
[118.123s][info ][gc,heap      ] GC(178) ParNew: 244130K->3669K(270976K)
[118.123s][info ][gc,heap      ] GC(178) CMS: 274421K->274486K(602112K)
[118.123s][info ][gc,metaspace ] GC(178) Metaspace: 56857K->56857K(1101824K)
[118.123s][info ][gc           ] GC(178) Pause Young (Allocation Failure) 506M->271M(852M) 4.211ms
[118.123s][info ][gc,cpu       ] GC(178) User=0.02s Sys=0.00s Real=0.00s
[118.123s][info ][safepoint    ] Leaving safepoint region
[118.123s][info ][safepoint    ] Total time for which application threads were stopped: 0.0043740 seconds, Stopping threads took: 0.0000140 seconds
[118.908s][info ][safepoint    ] Application time: 0.7847626 seconds
[118.908s][info ][safepoint    ] Entering safepoint region: GenCollectForAllocation
[118.908s][info ][gc,start     ] GC(179) Pause Young (Allocation Failure)
[118.908s][info ][gc,task      ] GC(179) Using 4 workers of 4 for evacuation
[118.914s][debug][gc,ref       ] GC(179) Skipped phase1 of Reference Processing due to unavailable references
[118.914s][debug][gc,ref       ] GC(179) Skipped phase3 of Reference Processing due to unavailable references
[118.914s][debug][gc,age       ] GC(179) Desired survivor size 15400960 bytes, new threshold 6 (max threshold 6)
[118.914s][info ][gc,heap      ] GC(179) ParNew: 244565K->2629K(270976K)
[118.914s][info ][gc,heap      ] GC(179) CMS: 274486K->274762K(602112K)
[118.914s][info ][gc,metaspace ] GC(179) Metaspace: 56904K->56904K(1101824K)
[118.914s][info ][gc           ] GC(179) Pause Young (Allocation Failure) 506M->270M(852M) 6.105ms
[118.914s][info ][gc,cpu       ] GC(179) User=0.02s Sys=0.00s Real=0.00s
[118.914s][info ][safepoint    ] Leaving safepoint region
[118.914s][info ][safepoint    ] Total time for which application threads were stopped: 0.0062658 seconds, Stopping threads took: 0.0000141 seconds
[119.720s][info ][safepoint    ] Application time: 0.8061623 seconds
[119.720s][info ][safepoint    ] Entering safepoint region: GenCollectForAllocation
[119.721s][info ][gc,start     ] GC(180) Pause Young (Allocation Failure)
[119.721s][info ][gc,task      ] GC(180) Using 4 workers of 4 for evacuation
[119.725s][debug][gc,ref       ] GC(180) Skipped phase1 of Reference Processing due to unavailable references
[119.725s][debug][gc,ref       ] GC(180) Skipped phase2 of Reference Processing due to unavailable references
[119.725s][debug][gc,ref       ] GC(180) Skipped phase3 of Reference Processing due to unavailable references
[119.725s][debug][gc,ref       ] GC(180) Skipped phase4 of Reference Processing due to unavailable references
[119.725s][debug][gc,age       ] GC(180) Desired survivor size 15400960 bytes, new threshold 6 (max threshold 6)
[119.725s][info ][gc,heap      ] GC(180) ParNew: 243525K->3058K(270976K)
[119.725s][info ][gc,heap      ] GC(180) CMS: 274762K->274860K(602112K)
[119.725s][info ][gc,metaspace ] GC(180) Metaspace: 56915K->56915K(1101824K)
[119.725s][info ][gc           ] GC(180) Pause Young (Allocation Failure) 506M->271M(852M) 4.378ms
[119.725s][info ][gc,cpu       ] GC(180) User=0.01s Sys=0.00s Real=0.01s
[119.725s][info ][safepoint    ] Leaving safepoint region
[119.725s][info ][safepoint    ] Total time for which application threads were stopped: 0.0045482 seconds, Stopping threads took: 0.0000140 seconds
[120.533s][info ][safepoint    ] Application time: 0.8078694 seconds
[120.533s][info ][safepoint    ] Entering safepoint region: GenCollectForAllocation
[120.533s][info ][gc,start     ] GC(181) Pause Young (Allocation Failure)
[120.533s][info ][gc,task      ] GC(181) Using 4 workers of 4 for evacuation
[120.537s][debug][gc,ref       ] GC(181) Skipped phase1 of Reference Processing due to unavailable references
[120.537s][debug][gc,ref       ] GC(181) Skipped phase3 of Reference Processing due to unavailable references
[120.538s][debug][gc,age       ] GC(181) Desired survivor size 15400960 bytes, new threshold 6 (max threshold 6)
[120.538s][info ][gc,heap      ] GC(181) ParNew: 243954K->2834K(270976K)
[120.538s][info ][gc,heap      ] GC(181) CMS: 274860K->274932K(602112K)
[120.538s][info ][gc,metaspace ] GC(181) Metaspace: 56933K->56933K(1101824K)
[120.538s][info ][gc           ] GC(181) Pause Young (Allocation Failure) 506M->271M(852M) 4.526ms
[120.538s][info ][gc,cpu       ] GC(181) User=0.02s Sys=0.00s Real=0.01s
[120.538s][info ][safepoint    ] Leaving safepoint region
[120.538s][info ][safepoint    ] Total time for which application threads were stopped: 0.0047737 seconds, Stopping threads took: 0.0000155 seconds
[121.356s][info ][safepoint    ] Application time: 0.8183725 seconds
[121.356s][info ][safepoint    ] Entering safepoint region: GenCollectForAllocation
[121.356s][info ][gc,start     ] GC(182) Pause Young (Allocation Failure)
[121.356s][info ][gc,task      ] GC(182) Using 4 workers of 4 for evacuation
[121.373s][debug][gc,ref       ] GC(182) Skipped phase1 of Reference Processing due to unavailable references
[121.373s][debug][gc,ref       ] GC(182) Skipped phase3 of Reference Processing due to unavailable references
[121.373s][debug][gc,ref       ] GC(182) Skipped phase4 of Reference Processing due to unavailable references
[121.373s][debug][gc,age       ] GC(182) Desired survivor size 15400960 bytes, new threshold 6 (max threshold 6)
[121.373s][info ][gc,heap      ] GC(182) ParNew: 243730K->2573K(270976K)
[121.373s][info ][gc,heap      ] GC(182) CMS: 274932K->274941K(602112K)
[121.373s][info ][gc,metaspace ] GC(182) Metaspace: 56933K->56933K(1101824K)
[121.373s][info ][gc           ] GC(182) Pause Young (Allocation Failure) 506M->271M(852M) 16.980ms
[121.373s][info ][gc,cpu       ] GC(182) User=0.03s Sys=0.00s Real=0.01s
[121.373s][info ][safepoint    ] Leaving safepoint region
[121.373s][info ][safepoint    ] Total time for which application threads were stopped: 0.0172209 seconds, Stopping threads took: 0.0000663 seconds
[122.215s][info ][safepoint    ] Application time: 0.8416136 seconds
[122.215s][info ][safepoint    ] Entering safepoint region: GenCollectForAllocation
[122.215s][info ][gc,start     ] GC(183) Pause Young (Allocation Failure)
[122.215s][info ][gc,task      ] GC(183) Using 4 workers of 4 for evacuation
[122.219s][debug][gc,ref       ] GC(183) Skipped phase1 of Reference Processing due to unavailable references
[122.219s][debug][gc,ref       ] GC(183) Skipped phase3 of Reference Processing due to unavailable references
[122.219s][debug][gc,ref       ] GC(183) Skipped phase4 of Reference Processing due to unavailable references
[122.219s][debug][gc,age       ] GC(183) Desired survivor size 15400960 bytes, new threshold 6 (max threshold 6)
[122.219s][info ][gc,heap      ] GC(183) ParNew: 243469K->3202K(270976K)
[122.219s][info ][gc,heap      ] GC(183) CMS: 274941K->275251K(602112K)
[122.219s][info ][gc,metaspace ] GC(183) Metaspace: 56937K->56937K(1101824K)
[122.219s][info ][gc           ] GC(183) Pause Young (Allocation Failure) 506M->271M(852M) 4.137ms
[122.219s][info ][gc,cpu       ] GC(183) User=0.02s Sys=0.00s Real=0.01s
[122.219s][info ][safepoint    ] Leaving safepoint region
[122.219s][info ][safepoint    ] Total time for which application threads were stopped: 0.0042958 seconds, Stopping threads took: 0.0000140 seconds
[123.042s][info ][safepoint    ] Application time: 0.8225771 seconds
[123.042s][info ][safepoint    ] Entering safepoint region: GenCollectForAllocation
[123.042s][info ][gc,start     ] GC(184) Pause Young (Allocation Failure)
[123.042s][info ][gc,task      ] GC(184) Using 4 workers of 4 for evacuation
[123.046s][debug][gc,ref       ] GC(184) Skipped phase1 of Reference Processing due to unavailable references
[123.046s][debug][gc,ref       ] GC(184) Skipped phase3 of Reference Processing due to unavailable references
[123.046s][debug][gc,ref       ] GC(184) Skipped phase4 of Reference Processing due to unavailable references
[123.047s][debug][gc,age       ] GC(184) Desired survivor size 15400960 bytes, new threshold 6 (max threshold 6)
[123.047s][info ][gc,heap      ] GC(184) ParNew: 244098K->2758K(270976K)
[123.047s][info ][gc,heap      ] GC(184) CMS: 275251K->275286K(602112K)
[123.047s][info ][gc,metaspace ] GC(184) Metaspace: 56939K->56939K(1101824K)
[123.047s][info ][gc           ] GC(184) Pause Young (Allocation Failure) 507M->271M(852M) 4.581ms
[123.047s][info ][gc,cpu       ] GC(184) User=0.02s Sys=0.00s Real=0.01s
[123.047s][info ][safepoint    ] Leaving safepoint region
[123.047s][info ][safepoint    ] Total time for which application threads were stopped: 0.0047404 seconds, Stopping threads took: 0.0000267 seconds
[123.875s][info ][safepoint    ] Application time: 0.8278810 seconds
[123.875s][info ][safepoint    ] Entering safepoint region: GenCollectForAllocation
[123.875s][info ][gc,start     ] GC(185) Pause Young (Allocation Failure)
[123.875s][info ][gc,task      ] GC(185) Using 4 workers of 4 for evacuation
[123.879s][debug][gc,ref       ] GC(185) Skipped phase1 of Reference Processing due to unavailable references
[123.879s][debug][gc,ref       ] GC(185) Skipped phase2 of Reference Processing due to unavailable references
[123.879s][debug][gc,ref       ] GC(185) Skipped phase3 of Reference Processing due to unavailable references
[123.879s][debug][gc,ref       ] GC(185) Skipped phase4 of Reference Processing due to unavailable references
[123.879s][debug][gc,age       ] GC(185) Desired survivor size 15400960 bytes, new threshold 6 (max threshold 6)
[123.879s][info ][gc,heap      ] GC(185) ParNew: 243654K->3426K(270976K)
[123.879s][info ][gc,heap      ] GC(185) CMS: 275286K->275352K(602112K)
[123.879s][info ][gc,metaspace ] GC(185) Metaspace: 56939K->56939K(1101824K)
[123.879s][info ][gc           ] GC(185) Pause Young (Allocation Failure) 506M->272M(852M) 4.128ms
[123.879s][info ][gc,cpu       ] GC(185) User=0.01s Sys=0.00s Real=0.01s
[123.879s][info ][safepoint    ] Leaving safepoint region
[123.879s][info ][safepoint    ] Total time for which application threads were stopped: 0.0043066 seconds, Stopping threads took: 0.0000299 seconds
[124.702s][info ][safepoint    ] Application time: 0.8234252 seconds
[124.702s][info ][safepoint    ] Entering safepoint region: GenCollectForAllocation
[124.702s][info ][gc,start     ] GC(186) Pause Young (Allocation Failure)
[124.702s][info ][gc,task      ] GC(186) Using 4 workers of 4 for evacuation
[124.707s][debug][gc,ref       ] GC(186) Skipped phase1 of Reference Processing due to unavailable references
[124.707s][debug][gc,ref       ] GC(186) Skipped phase2 of Reference Processing due to unavailable references
[124.707s][debug][gc,ref       ] GC(186) Skipped phase3 of Reference Processing due to unavailable references
[124.707s][debug][gc,ref       ] GC(186) Skipped phase4 of Reference Processing due to unavailable references
[124.707s][debug][gc,age       ] GC(186) Desired survivor size 15400960 bytes, new threshold 6 (max threshold 6)
[124.707s][info ][gc,heap      ] GC(186) ParNew: 244322K->2698K(270976K)
[124.707s][info ][gc,heap      ] GC(186) CMS: 275352K->275450K(602112K)
[124.707s][info ][gc,metaspace ] GC(186) Metaspace: 56939K->56939K(1101824K)
[124.707s][info ][gc           ] GC(186) Pause Young (Allocation Failure) 507M->271M(852M) 4.880ms
[124.707s][info ][gc,cpu       ] GC(186) User=0.02s Sys=0.00s Real=0.01s
[124.707s][info ][safepoint    ] Leaving safepoint region
[124.707s][info ][safepoint    ] Total time for which application threads were stopped: 0.0050350 seconds, Stopping threads took: 0.0000132 seconds
[125.548s][info ][safepoint    ] Application time: 0.8409067 seconds
[125.548s][info ][safepoint    ] Entering safepoint region: GenCollectForAllocation
[125.548s][info ][gc,start     ] GC(187) Pause Young (Allocation Failure)
[125.548s][info ][gc,task      ] GC(187) Using 4 workers of 4 for evacuation
[125.555s][debug][gc,ref       ] GC(187) Skipped phase1 of Reference Processing due to unavailable references
[125.556s][debug][gc,ref       ] GC(187) Skipped phase2 of Reference Processing due to unavailable references
[125.556s][debug][gc,ref       ] GC(187) Skipped phase3 of Reference Processing due to unavailable references
[125.556s][debug][gc,ref       ] GC(187) Skipped phase4 of Reference Processing due to unavailable references
[125.556s][debug][gc,age       ] GC(187) Desired survivor size 15400960 bytes, new threshold 6 (max threshold 6)
[125.556s][info ][gc,heap      ] GC(187) ParNew: 243594K->3159K(270976K)
[125.556s][info ][gc,heap      ] GC(187) CMS: 275450K->275533K(602112K)
[125.556s][info ][gc,metaspace ] GC(187) Metaspace: 56942K->56942K(1101824K)
[125.556s][info ][gc           ] GC(187) Pause Young (Allocation Failure) 506M->272M(852M) 7.256ms
[125.556s][info ][gc,cpu       ] GC(187) User=0.02s Sys=0.00s Real=0.01s
[125.556s][info ][safepoint    ] Leaving safepoint region
[125.556s][info ][safepoint    ] Total time for which application threads were stopped: 0.0074477 seconds, Stopping threads took: 0.0000143 seconds
[126.417s][info ][safepoint    ] Application time: 0.8608905 seconds
[126.417s][info ][safepoint    ] Entering safepoint region: GenCollectForAllocation
[126.417s][info ][gc,start     ] GC(188) Pause Young (Allocation Failure)
[126.417s][info ][gc,task      ] GC(188) Using 4 workers of 4 for evacuation
[126.426s][debug][gc,ref       ] GC(188) Skipped phase1 of Reference Processing due to unavailable references
[126.426s][debug][gc,ref       ] GC(188) Skipped phase2 of Reference Processing due to unavailable references
[126.426s][debug][gc,ref       ] GC(188) Skipped phase3 of Reference Processing due to unavailable references
[126.426s][debug][gc,ref       ] GC(188) Skipped phase4 of Reference Processing due to unavailable references
[126.426s][debug][gc,age       ] GC(188) Desired survivor size 15400960 bytes, new threshold 6 (max threshold 6)
[126.426s][info ][gc,heap      ] GC(188) ParNew: 244055K->3124K(270976K)
[126.426s][info ][gc,heap      ] GC(188) CMS: 275533K->275577K(602112K)
[126.426s][info ][gc,metaspace ] GC(188) Metaspace: 56943K->56943K(1101824K)
[126.426s][info ][gc           ] GC(188) Pause Young (Allocation Failure) 507M->272M(852M) 8.920ms
[126.426s][info ][gc,cpu       ] GC(188) User=0.01s Sys=0.00s Real=0.01s
[126.426s][info ][safepoint    ] Leaving safepoint region
[126.426s][info ][safepoint    ] Total time for which application threads were stopped: 0.0090952 seconds, Stopping threads took: 0.0000146 seconds
[127.276s][info ][safepoint    ] Application time: 0.8502615 seconds
[127.276s][info ][safepoint    ] Entering safepoint region: GenCollectForAllocation
[127.276s][info ][gc,start     ] GC(189) Pause Young (Allocation Failure)
[127.276s][info ][gc,task      ] GC(189) Using 4 workers of 4 for evacuation
[127.284s][debug][gc,ref       ] GC(189) Skipped phase1 of Reference Processing due to unavailable references
[127.284s][debug][gc,ref       ] GC(189) Skipped phase2 of Reference Processing due to unavailable references
[127.284s][debug][gc,ref       ] GC(189) Skipped phase3 of Reference Processing due to unavailable references
[127.284s][debug][gc,ref       ] GC(189) Skipped phase4 of Reference Processing due to unavailable references
[127.285s][debug][gc,age       ] GC(189) Desired survivor size 15400960 bytes, new threshold 6 (max threshold 6)
[127.285s][info ][gc,heap      ] GC(189) ParNew: 244020K->3095K(270976K)
[127.285s][info ][gc,heap      ] GC(189) CMS: 275577K->275612K(602112K)
[127.285s][info ][gc,metaspace ] GC(189) Metaspace: 56943K->56943K(1101824K)
[127.285s][info ][gc           ] GC(189) Pause Young (Allocation Failure) 507M->272M(852M) 8.428ms
[127.285s][info ][gc,cpu       ] GC(189) User=0.01s Sys=0.00s Real=0.01s
[127.285s][info ][safepoint    ] Leaving safepoint region
[127.285s][info ][safepoint    ] Total time for which application threads were stopped: 0.0086088 seconds, Stopping threads took: 0.0000287 seconds
[128.095s][info ][safepoint    ] Application time: 0.8102121 seconds
[128.095s][info ][safepoint    ] Entering safepoint region: GenCollectForAllocation
[128.095s][info ][gc,start     ] GC(190) Pause Young (Allocation Failure)
[128.095s][info ][gc,task      ] GC(190) Using 4 workers of 4 for evacuation
[128.100s][debug][gc,ref       ] GC(190) Skipped phase1 of Reference Processing due to unavailable references
[128.100s][debug][gc,ref       ] GC(190) Skipped phase2 of Reference Processing due to unavailable references
[128.100s][debug][gc,ref       ] GC(190) Skipped phase3 of Reference Processing due to unavailable references
[128.100s][debug][gc,ref       ] GC(190) Skipped phase4 of Reference Processing due to unavailable references
[128.100s][debug][gc,age       ] GC(190) Desired survivor size 15400960 bytes, new threshold 6 (max threshold 6)
[128.100s][info ][gc,heap      ] GC(190) ParNew: 243991K->2848K(270976K)
[128.100s][info ][gc,heap      ] GC(190) CMS: 275612K->275762K(602112K)
[128.100s][info ][gc,metaspace ] GC(190) Metaspace: 56943K->56943K(1101824K)
[128.100s][info ][gc           ] GC(190) Pause Young (Allocation Failure) 507M->272M(852M) 4.763ms
[128.100s][info ][gc,cpu       ] GC(190) User=0.01s Sys=0.00s Real=0.01s
[128.100s][info ][safepoint    ] Leaving safepoint region
[128.100s][info ][safepoint    ] Total time for which application threads were stopped: 0.0049281 seconds, Stopping threads took: 0.0000140 seconds
[128.941s][info ][safepoint    ] Application time: 0.8414784 seconds
[128.941s][info ][safepoint    ] Entering safepoint region: GenCollectForAllocation
[128.941s][info ][gc,start     ] GC(191) Pause Young (Allocation Failure)
[128.942s][info ][gc,task      ] GC(191) Using 4 workers of 4 for evacuation
[128.945s][debug][gc,ref       ] GC(191) Skipped phase1 of Reference Processing due to unavailable references
[128.945s][debug][gc,ref       ] GC(191) Skipped phase2 of Reference Processing due to unavailable references
[128.945s][debug][gc,ref       ] GC(191) Skipped phase3 of Reference Processing due to unavailable references
[128.945s][debug][gc,ref       ] GC(191) Skipped phase4 of Reference Processing due to unavailable references
[128.946s][debug][gc,age       ] GC(191) Desired survivor size 15400960 bytes, new threshold 6 (max threshold 6)
[128.946s][info ][gc,heap      ] GC(191) ParNew: 243744K->2858K(270976K)
[128.946s][info ][gc,heap      ] GC(191) CMS: 275762K->275877K(602112K)
[128.946s][info ][gc,metaspace ] GC(191) Metaspace: 56945K->56945K(1101824K)
[128.946s][info ][gc           ] GC(191) Pause Young (Allocation Failure) 507M->272M(852M) 4.078ms
[128.946s][info ][gc,cpu       ] GC(191) User=0.01s Sys=0.00s Real=0.01s
[128.946s][info ][safepoint    ] Leaving safepoint region
[128.946s][info ][safepoint    ] Total time for which application threads were stopped: 0.0042427 seconds, Stopping threads took: 0.0000137 seconds
[129.767s][info ][safepoint    ] Application time: 0.8213652 seconds
[129.767s][info ][safepoint    ] Entering safepoint region: GenCollectForAllocation
[129.767s][info ][gc,start     ] GC(192) Pause Young (Allocation Failure)
[129.767s][info ][gc,task      ] GC(192) Using 4 workers of 4 for evacuation
[129.771s][debug][gc,ref       ] GC(192) Skipped phase1 of Reference Processing due to unavailable references
[129.771s][debug][gc,ref       ] GC(192) Skipped phase2 of Reference Processing due to unavailable references
[129.771s][debug][gc,ref       ] GC(192) Skipped phase3 of Reference Processing due to unavailable references
[129.771s][debug][gc,ref       ] GC(192) Skipped phase4 of Reference Processing due to unavailable references
[129.771s][debug][gc,age       ] GC(192) Desired survivor size 15400960 bytes, new threshold 6 (max threshold 6)
[129.771s][info ][gc,heap      ] GC(192) ParNew: 243754K->2873K(270976K)
[129.771s][info ][gc,heap      ] GC(192) CMS: 275877K->276060K(602112K)
[129.771s][info ][gc,metaspace ] GC(192) Metaspace: 56947K->56947K(1101824K)
[129.771s][info ][gc           ] GC(192) Pause Young (Allocation Failure) 507M->272M(852M) 4.265ms
[129.771s][info ][gc,cpu       ] GC(192) User=0.02s Sys=0.00s Real=0.00s
[129.771s][info ][safepoint    ] Leaving safepoint region
[129.771s][info ][safepoint    ] Total time for which application threads were stopped: 0.0044398 seconds, Stopping threads took: 0.0000152 seconds
[130.612s][info ][safepoint    ] Application time: 0.8401561 seconds
[130.612s][info ][safepoint    ] Entering safepoint region: GenCollectForAllocation
[130.612s][info ][gc,start     ] GC(193) Pause Young (Allocation Failure)
[130.612s][info ][gc,task      ] GC(193) Using 4 workers of 4 for evacuation
[130.615s][debug][gc,ref       ] GC(193) Skipped phase1 of Reference Processing due to unavailable references
[130.615s][debug][gc,ref       ] GC(193) Skipped phase2 of Reference Processing due to unavailable references
[130.615s][debug][gc,ref       ] GC(193) Skipped phase3 of Reference Processing due to unavailable references
[130.615s][debug][gc,ref       ] GC(193) Skipped phase4 of Reference Processing due to unavailable references
[130.616s][debug][gc,age       ] GC(193) Desired survivor size 15400960 bytes, new threshold 6 (max threshold 6)
[130.616s][info ][gc,heap      ] GC(193) ParNew: 243769K->3258K(270976K)
[130.616s][info ][gc,heap      ] GC(193) CMS: 276060K->276156K(602112K)
[130.616s][info ][gc,metaspace ] GC(193) Metaspace: 56949K->56949K(1101824K)
[130.616s][info ][gc           ] GC(193) Pause Young (Allocation Failure) 507M->272M(852M) 3.897ms
[130.616s][info ][gc,cpu       ] GC(193) User=0.01s Sys=0.00s Real=0.01s
[130.616s][info ][safepoint    ] Leaving safepoint region
[130.616s][info ][safepoint    ] Total time for which application threads were stopped: 0.0041014 seconds, Stopping threads took: 0.0000141 seconds
[131.429s][info ][safepoint    ] Application time: 0.8134585 seconds
[131.429s][info ][safepoint    ] Entering safepoint region: GenCollectForAllocation
[131.429s][info ][gc,start     ] GC(194) Pause Young (Allocation Failure)
[131.429s][info ][gc,task      ] GC(194) Using 4 workers of 4 for evacuation
[131.433s][debug][gc,ref       ] GC(194) Skipped phase1 of Reference Processing due to unavailable references
[131.433s][debug][gc,ref       ] GC(194) Skipped phase2 of Reference Processing due to unavailable references
[131.433s][debug][gc,ref       ] GC(194) Skipped phase3 of Reference Processing due to unavailable references
[131.433s][debug][gc,age       ] GC(194) Desired survivor size 15400960 bytes, new threshold 6 (max threshold 6)
[131.433s][info ][gc,heap      ] GC(194) ParNew: 244154K->2678K(270976K)
[131.433s][info ][gc,heap      ] GC(194) CMS: 276156K->276252K(602112K)
[131.434s][info ][gc,metaspace ] GC(194) Metaspace: 56954K->56954K(1101824K)
[131.434s][info ][gc           ] GC(194) Pause Young (Allocation Failure) 508M->272M(852M) 4.147ms
[131.434s][info ][gc,cpu       ] GC(194) User=0.02s Sys=0.00s Real=0.00s
[131.434s][info ][safepoint    ] Leaving safepoint region
[131.434s][info ][safepoint    ] Total time for which application threads were stopped: 0.0043270 seconds, Stopping threads took: 0.0000141 seconds
[132.263s][info ][safepoint    ] Application time: 0.8290350 seconds
[132.263s][info ][safepoint    ] Entering safepoint region: GenCollectForAllocation
[132.263s][info ][gc,start     ] GC(195) Pause Young (Allocation Failure)
[132.263s][info ][gc,task      ] GC(195) Using 4 workers of 4 for evacuation
[132.267s][debug][gc,ref       ] GC(195) Skipped phase1 of Reference Processing due to unavailable references
[132.267s][debug][gc,ref       ] GC(195) Skipped phase3 of Reference Processing due to unavailable references
[132.267s][debug][gc,age       ] GC(195) Desired survivor size 15400960 bytes, new threshold 6 (max threshold 6)
[132.267s][info ][gc,heap      ] GC(195) ParNew: 243574K->3077K(270976K)
[132.267s][info ][gc,heap      ] GC(195) CMS: 276252K->276600K(602112K)
[132.267s][info ][gc,metaspace ] GC(195) Metaspace: 56958K->56958K(1101824K)
[132.267s][info ][gc           ] GC(195) Pause Young (Allocation Failure) 507M->273M(852M) 4.196ms
[132.267s][info ][gc,cpu       ] GC(195) User=0.01s Sys=0.00s Real=0.01s
[132.267s][info ][safepoint    ] Leaving safepoint region
[132.267s][info ][safepoint    ] Total time for which application threads were stopped: 0.0043469 seconds, Stopping threads took: 0.0000140 seconds
[133.087s][info ][safepoint    ] Application time: 0.8201718 seconds
[133.087s][info ][safepoint    ] Entering safepoint region: GenCollectForAllocation
[133.087s][info ][gc,start     ] GC(196) Pause Young (Allocation Failure)
[133.087s][info ][gc,task      ] GC(196) Using 4 workers of 4 for evacuation
[133.092s][debug][gc,ref       ] GC(196) Skipped phase1 of Reference Processing due to unavailable references
[133.092s][debug][gc,ref       ] GC(196) Skipped phase3 of Reference Processing due to unavailable references
[133.092s][debug][gc,ref       ] GC(196) Skipped phase4 of Reference Processing due to unavailable references
[133.092s][debug][gc,age       ] GC(196) Desired survivor size 15400960 bytes, new threshold 6 (max threshold 6)
[133.092s][info ][gc,heap      ] GC(196) ParNew: 243973K->2895K(270976K)
[133.092s][info ][gc,heap      ] GC(196) CMS: 276600K->276740K(602112K)
[133.092s][info ][gc,metaspace ] GC(196) Metaspace: 56962K->56962K(1101824K)
[133.092s][info ][gc           ] GC(196) Pause Young (Allocation Failure) 508M->273M(852M) 4.513ms
[133.092s][info ][gc,cpu       ] GC(196) User=0.02s Sys=0.00s Real=0.00s
[133.092s][info ][safepoint    ] Leaving safepoint region
[133.092s][info ][safepoint    ] Total time for which application threads were stopped: 0.0046912 seconds, Stopping threads took: 0.0000137 seconds
[133.922s][info ][safepoint    ] Application time: 0.8306047 seconds
[133.923s][info ][safepoint    ] Entering safepoint region: GenCollectForAllocation
[133.923s][info ][gc,start     ] GC(197) Pause Young (Allocation Failure)
[133.923s][info ][gc,task      ] GC(197) Using 4 workers of 4 for evacuation
[133.927s][debug][gc,ref       ] GC(197) Skipped phase1 of Reference Processing due to unavailable references
[133.927s][debug][gc,ref       ] GC(197) Skipped phase3 of Reference Processing due to unavailable references
[133.927s][debug][gc,ref       ] GC(197) Skipped phase4 of Reference Processing due to unavailable references
[133.927s][debug][gc,age       ] GC(197) Desired survivor size 15400960 bytes, new threshold 6 (max threshold 6)
[133.927s][info ][gc,heap      ] GC(197) ParNew: 243791K->3126K(270976K)
[133.927s][info ][gc,heap      ] GC(197) CMS: 276740K->276816K(602112K)
[133.927s][info ][gc,metaspace ] GC(197) Metaspace: 56963K->56963K(1101824K)
[133.927s][info ][gc           ] GC(197) Pause Young (Allocation Failure) 508M->273M(852M) 4.169ms
[133.927s][info ][gc,cpu       ] GC(197) User=0.01s Sys=0.01s Real=0.01s
[133.927s][info ][safepoint    ] Leaving safepoint region
[133.927s][info ][safepoint    ] Total time for which application threads were stopped: 0.0043686 seconds, Stopping threads took: 0.0000151 seconds
[134.736s][info ][safepoint    ] Application time: 0.8094048 seconds
[134.736s][info ][safepoint    ] Entering safepoint region: GenCollectForAllocation
[134.736s][info ][gc,start     ] GC(198) Pause Young (Allocation Failure)
[134.736s][info ][gc,task      ] GC(198) Using 4 workers of 4 for evacuation
[134.741s][debug][gc,ref       ] GC(198) Skipped phase1 of Reference Processing due to unavailable references
[134.741s][debug][gc,ref       ] GC(198) Skipped phase3 of Reference Processing due to unavailable references
[134.741s][debug][gc,ref       ] GC(198) Skipped phase4 of Reference Processing due to unavailable references
[134.742s][debug][gc,age       ] GC(198) Desired survivor size 15400960 bytes, new threshold 6 (max threshold 6)
[134.742s][info ][gc,heap      ] GC(198) ParNew: 244022K->3986K(270976K)
[134.742s][info ][gc,heap      ] GC(198) CMS: 276816K->276855K(602112K)
[134.742s][info ][gc,metaspace ] GC(198) Metaspace: 56966K->56966K(1101824K)
[134.742s][info ][gc           ] GC(198) Pause Young (Allocation Failure) 508M->274M(852M) 5.977ms
[134.742s][info ][gc,cpu       ] GC(198) User=0.02s Sys=0.00s Real=0.00s
[134.742s][info ][safepoint    ] Leaving safepoint region
[134.742s][info ][safepoint    ] Total time for which application threads were stopped: 0.0061449 seconds, Stopping threads took: 0.0000140 seconds
[135.564s][info ][safepoint    ] Application time: 0.8219863 seconds
[135.565s][info ][safepoint    ] Entering safepoint region: GenCollectForAllocation
[135.565s][info ][gc,start     ] GC(199) Pause Young (Allocation Failure)
[135.565s][info ][gc,task      ] GC(199) Using 4 workers of 4 for evacuation
[135.568s][debug][gc,ref       ] GC(199) Skipped phase1 of Reference Processing due to unavailable references
[135.568s][debug][gc,ref       ] GC(199) Skipped phase3 of Reference Processing due to unavailable references
[135.568s][debug][gc,ref       ] GC(199) Skipped phase4 of Reference Processing due to unavailable references
[135.569s][debug][gc,age       ] GC(199) Desired survivor size 15400960 bytes, new threshold 6 (max threshold 6)
[135.569s][info ][gc,heap      ] GC(199) ParNew: 244882K->3618K(270976K)
[135.569s][info ][gc,heap      ] GC(199) CMS: 276855K->276935K(602112K)
[135.569s][info ][gc,metaspace ] GC(199) Metaspace: 56966K->56966K(1101824K)
[135.569s][info ][gc           ] GC(199) Pause Young (Allocation Failure) 509M->273M(852M) 3.913ms
[135.569s][info ][gc,cpu       ] GC(199) User=0.02s Sys=0.00s Real=0.00s
[135.569s][info ][safepoint    ] Leaving safepoint region
[135.569s][info ][safepoint    ] Total time for which application threads were stopped: 0.0040640 seconds, Stopping threads took: 0.0000155 seconds
[136.369s][info ][safepoint    ] Application time: 0.8001194 seconds
[136.369s][info ][safepoint    ] Entering safepoint region: GenCollectForAllocation
[136.369s][info ][gc,start     ] GC(200) Pause Young (Allocation Failure)
[136.369s][info ][gc,task      ] GC(200) Using 4 workers of 4 for evacuation
[136.374s][debug][gc,ref       ] GC(200) Skipped phase1 of Reference Processing due to unavailable references
[136.374s][debug][gc,ref       ] GC(200) Skipped phase3 of Reference Processing due to unavailable references
[136.374s][debug][gc,ref       ] GC(200) Skipped phase4 of Reference Processing due to unavailable references
[136.374s][debug][gc,age       ] GC(200) Desired survivor size 15400960 bytes, new threshold 6 (max threshold 6)
[136.374s][info ][gc,heap      ] GC(200) ParNew: 244514K->4234K(270976K)
[136.374s][info ][gc,heap      ] GC(200) CMS: 276935K->277052K(602112K)
[136.374s][info ][gc,metaspace ] GC(200) Metaspace: 56967K->56967K(1101824K)
[136.374s][info ][gc           ] GC(200) Pause Young (Allocation Failure) 509M->274M(852M) 4.788ms
[136.374s][info ][gc,cpu       ] GC(200) User=0.02s Sys=0.00s Real=0.00s
[136.374s][info ][safepoint    ] Leaving safepoint region
[136.374s][info ][safepoint    ] Total time for which application threads were stopped: 0.0049560 seconds, Stopping threads took: 0.0000138 seconds
[137.197s][info ][safepoint    ] Application time: 0.8233501 seconds
[137.197s][info ][safepoint    ] Entering safepoint region: GenCollectForAllocation
[137.197s][info ][gc,start     ] GC(201) Pause Young (Allocation Failure)
[137.197s][info ][gc,task      ] GC(201) Using 4 workers of 4 for evacuation
[137.203s][debug][gc,ref       ] GC(201) Skipped phase1 of Reference Processing due to unavailable references
[137.203s][debug][gc,ref       ] GC(201) Skipped phase3 of Reference Processing due to unavailable references
[137.203s][debug][gc,ref       ] GC(201) Skipped phase4 of Reference Processing due to unavailable references
[137.203s][debug][gc,age       ] GC(201) Desired survivor size 15400960 bytes, new threshold 6 (max threshold 6)
[137.203s][info ][gc,heap      ] GC(201) ParNew: 245130K->3040K(270976K)
[137.203s][info ][gc,heap      ] GC(201) CMS: 277052K->277184K(602112K)
[137.203s][info ][gc,metaspace ] GC(201) Metaspace: 56967K->56967K(1101824K)
[137.203s][info ][gc           ] GC(201) Pause Young (Allocation Failure) 509M->273M(852M) 5.461ms
[137.203s][info ][gc,cpu       ] GC(201) User=0.01s Sys=0.00s Real=0.00s
[137.203s][info ][safepoint    ] Leaving safepoint region
[137.203s][info ][safepoint    ] Total time for which application threads were stopped: 0.0056362 seconds, Stopping threads took: 0.0000152 seconds
[138.015s][info ][safepoint    ] Application time: 0.8123290 seconds
[138.015s][info ][safepoint    ] Entering safepoint region: GenCollectForAllocation
[138.015s][info ][gc,start     ] GC(202) Pause Young (Allocation Failure)
[138.015s][info ][gc,task      ] GC(202) Using 4 workers of 4 for evacuation
[138.021s][debug][gc,ref       ] GC(202) Skipped phase1 of Reference Processing due to unavailable references
[138.021s][debug][gc,ref       ] GC(202) Skipped phase3 of Reference Processing due to unavailable references
[138.021s][debug][gc,ref       ] GC(202) Skipped phase4 of Reference Processing due to unavailable references
[138.021s][debug][gc,age       ] GC(202) Desired survivor size 15400960 bytes, new threshold 6 (max threshold 6)
[138.021s][info ][gc,heap      ] GC(202) ParNew: 243936K->3105K(270976K)
[138.021s][info ][gc,heap      ] GC(202) CMS: 277184K->277545K(602112K)
[138.021s][info ][gc,metaspace ] GC(202) Metaspace: 56967K->56967K(1101824K)
[138.021s][info ][gc           ] GC(202) Pause Young (Allocation Failure) 508M->274M(852M) 5.600ms
[138.021s][info ][gc,cpu       ] GC(202) User=0.02s Sys=0.00s Real=0.01s
[138.021s][info ][safepoint    ] Leaving safepoint region
[138.021s][info ][safepoint    ] Total time for which application threads were stopped: 0.0057663 seconds, Stopping threads took: 0.0000141 seconds
[138.857s][info ][safepoint    ] Application time: 0.8358315 seconds
[138.857s][info ][safepoint    ] Entering safepoint region: GenCollectForAllocation
[138.857s][info ][gc,start     ] GC(203) Pause Young (Allocation Failure)
[138.857s][info ][gc,task      ] GC(203) Using 4 workers of 4 for evacuation
[138.872s][debug][gc,ref       ] GC(203) Skipped phase1 of Reference Processing due to unavailable references
[138.872s][debug][gc,ref       ] GC(203) Skipped phase2 of Reference Processing due to unavailable references
[138.872s][debug][gc,ref       ] GC(203) Skipped phase3 of Reference Processing due to unavailable references
[138.872s][debug][gc,ref       ] GC(203) Skipped phase4 of Reference Processing due to unavailable references
[138.872s][debug][gc,age       ] GC(203) Desired survivor size 15400960 bytes, new threshold 6 (max threshold 6)
[138.872s][info ][gc,heap      ] GC(203) ParNew: 244001K->3058K(270976K)
[138.872s][info ][gc,heap      ] GC(203) CMS: 277545K->277567K(602112K)
[138.872s][info ][gc,metaspace ] GC(203) Metaspace: 56968K->56968K(1101824K)
[138.872s][info ][gc           ] GC(203) Pause Young (Allocation Failure) 509M->274M(852M) 14.849ms
[138.872s][info ][gc,cpu       ] GC(203) User=0.02s Sys=0.00s Real=0.01s
[138.872s][info ][safepoint    ] Leaving safepoint region
[138.872s][info ][safepoint    ] Total time for which application threads were stopped: 0.0150115 seconds, Stopping threads took: 0.0000150 seconds
[139.723s][info ][safepoint    ] Application time: 0.8510028 seconds
[139.723s][info ][safepoint    ] Entering safepoint region: GenCollectForAllocation
[139.723s][info ][gc,start     ] GC(204) Pause Young (Allocation Failure)
[139.723s][info ][gc,task      ] GC(204) Using 4 workers of 4 for evacuation
[139.727s][debug][gc,ref       ] GC(204) Skipped phase1 of Reference Processing due to unavailable references
[139.727s][debug][gc,ref       ] GC(204) Skipped phase2 of Reference Processing due to unavailable references
[139.727s][debug][gc,ref       ] GC(204) Skipped phase3 of Reference Processing due to unavailable references
[139.727s][debug][gc,ref       ] GC(204) Skipped phase4 of Reference Processing due to unavailable references
[139.727s][debug][gc,age       ] GC(204) Desired survivor size 15400960 bytes, new threshold 6 (max threshold 6)
[139.727s][info ][gc,heap      ] GC(204) ParNew: 243954K->3307K(270976K)
[139.727s][info ][gc,heap      ] GC(204) CMS: 277567K->277618K(602112K)
[139.727s][info ][gc,metaspace ] GC(204) Metaspace: 56970K->56970K(1101824K)
[139.727s][info ][gc           ] GC(204) Pause Young (Allocation Failure) 509M->274M(852M) 4.136ms
[139.727s][info ][gc,cpu       ] GC(204) User=0.02s Sys=0.00s Real=0.01s
[139.727s][info ][safepoint    ] Leaving safepoint region
[139.727s][info ][safepoint    ] Total time for which application threads were stopped: 0.0043026 seconds, Stopping threads took: 0.0000149 seconds
[140.538s][info ][safepoint    ] Application time: 0.8109414 seconds
[140.538s][info ][safepoint    ] Entering safepoint region: GenCollectForAllocation
[140.538s][info ][gc,start     ] GC(205) Pause Young (Allocation Failure)
[140.538s][info ][gc,task      ] GC(205) Using 4 workers of 4 for evacuation
[140.542s][debug][gc,ref       ] GC(205) Skipped phase1 of Reference Processing due to unavailable references
[140.542s][debug][gc,ref       ] GC(205) Skipped phase2 of Reference Processing due to unavailable references
[140.542s][debug][gc,ref       ] GC(205) Skipped phase3 of Reference Processing due to unavailable references
[140.542s][debug][gc,ref       ] GC(205) Skipped phase4 of Reference Processing due to unavailable references
[140.542s][debug][gc,age       ] GC(205) Desired survivor size 15400960 bytes, new threshold 6 (max threshold 6)
[140.542s][info ][gc,heap      ] GC(205) ParNew: 244203K->3347K(270976K)
[140.542s][info ][gc,heap      ] GC(205) CMS: 277618K->277786K(602112K)
[140.542s][info ][gc,metaspace ] GC(205) Metaspace: 56971K->56971K(1101824K)
[140.542s][info ][gc           ] GC(205) Pause Young (Allocation Failure) 509M->274M(852M) 3.863ms
[140.542s][info ][gc,cpu       ] GC(205) User=0.01s Sys=0.00s Real=0.00s
[140.542s][info ][safepoint    ] Leaving safepoint region
[140.542s][info ][safepoint    ] Total time for which application threads were stopped: 0.0040109 seconds, Stopping threads took: 0.0000149 seconds
[141.377s][info ][safepoint    ] Application time: 0.8353505 seconds
[141.378s][info ][safepoint    ] Entering safepoint region: GenCollectForAllocation
[141.378s][info ][gc,start     ] GC(206) Pause Young (Allocation Failure)
[141.378s][info ][gc,task      ] GC(206) Using 4 workers of 4 for evacuation
[141.385s][debug][gc,ref       ] GC(206) Skipped phase1 of Reference Processing due to unavailable references
[141.386s][debug][gc,ref       ] GC(206) Skipped phase2 of Reference Processing due to unavailable references
[141.386s][debug][gc,ref       ] GC(206) Skipped phase3 of Reference Processing due to unavailable references
[141.386s][debug][gc,ref       ] GC(206) Skipped phase4 of Reference Processing due to unavailable references
[141.386s][debug][gc,age       ] GC(206) Desired survivor size 15400960 bytes, new threshold 6 (max threshold 6)
[141.386s][info ][gc,heap      ] GC(206) ParNew: 244243K->2606K(270976K)
[141.386s][info ][gc,heap      ] GC(206) CMS: 277786K->277818K(602112K)
[141.386s][info ][gc,metaspace ] GC(206) Metaspace: 56974K->56974K(1101824K)
[141.386s][info ][gc           ] GC(206) Pause Young (Allocation Failure) 509M->273M(852M) 8.089ms
[141.386s][info ][gc,cpu       ] GC(206) User=0.02s Sys=0.00s Real=0.01s
[141.386s][info ][safepoint    ] Leaving safepoint region
[141.386s][info ][safepoint    ] Total time for which application threads were stopped: 0.0082462 seconds, Stopping threads took: 0.0000248 seconds
[142.194s][info ][safepoint    ] Application time: 0.8083440 seconds
[142.194s][info ][safepoint    ] Entering safepoint region: GenCollectForAllocation
[142.194s][info ][gc,start     ] GC(207) Pause Young (Allocation Failure)
[142.194s][info ][gc,task      ] GC(207) Using 4 workers of 4 for evacuation
[142.198s][debug][gc,ref       ] GC(207) Skipped phase1 of Reference Processing due to unavailable references
[142.198s][debug][gc,ref       ] GC(207) Skipped phase2 of Reference Processing due to unavailable references
[142.198s][debug][gc,ref       ] GC(207) Skipped phase3 of Reference Processing due to unavailable references
[142.198s][debug][gc,ref       ] GC(207) Skipped phase4 of Reference Processing due to unavailable references
[142.198s][debug][gc,age       ] GC(207) Desired survivor size 15400960 bytes, new threshold 6 (max threshold 6)
[142.198s][info ][gc,heap      ] GC(207) ParNew: 243502K->3166K(270976K)
[142.198s][info ][gc,heap      ] GC(207) CMS: 277818K->277859K(602112K)
[142.198s][info ][gc,metaspace ] GC(207) Metaspace: 56974K->56974K(1101824K)
[142.198s][info ][gc           ] GC(207) Pause Young (Allocation Failure) 509M->274M(852M) 4.156ms
[142.198s][info ][gc,cpu       ] GC(207) User=0.02s Sys=0.00s Real=0.01s
[142.198s][info ][safepoint    ] Leaving safepoint region
[142.198s][info ][safepoint    ] Total time for which application threads were stopped: 0.0043147 seconds, Stopping threads took: 0.0000144 seconds
[143.029s][info ][safepoint    ] Application time: 0.8303555 seconds
[143.029s][info ][safepoint    ] Entering safepoint region: GenCollectForAllocation
[143.029s][info ][gc,start     ] GC(208) Pause Young (Allocation Failure)
[143.029s][info ][gc,task      ] GC(208) Using 4 workers of 4 for evacuation
[143.036s][debug][gc,ref       ] GC(208) Skipped phase1 of Reference Processing due to unavailable references
[143.036s][debug][gc,ref       ] GC(208) Skipped phase2 of Reference Processing due to unavailable references
[143.036s][debug][gc,ref       ] GC(208) Skipped phase3 of Reference Processing due to unavailable references
[143.036s][debug][gc,ref       ] GC(208) Skipped phase4 of Reference Processing due to unavailable references
[143.036s][debug][gc,age       ] GC(208) Desired survivor size 15400960 bytes, new threshold 6 (max threshold 6)
[143.036s][info ][gc,heap      ] GC(208) ParNew: 244062K->3695K(270976K)
[143.036s][info ][gc,heap      ] GC(208) CMS: 277859K->278000K(602112K)
[143.036s][info ][gc,metaspace ] GC(208) Metaspace: 56978K->56978K(1101824K)
[143.036s][info ][gc           ] GC(208) Pause Young (Allocation Failure) 509M->275M(852M) 6.803ms
[143.036s][info ][gc,cpu       ] GC(208) User=0.02s Sys=0.00s Real=0.01s
[143.036s][info ][safepoint    ] Leaving safepoint region
[143.036s][info ][safepoint    ] Total time for which application threads were stopped: 0.0069705 seconds, Stopping threads took: 0.0000148 seconds
[143.867s][info ][safepoint    ] Application time: 0.8312607 seconds
[143.867s][info ][safepoint    ] Entering safepoint region: GenCollectForAllocation
[143.867s][info ][gc,start     ] GC(209) Pause Young (Allocation Failure)
[143.867s][info ][gc,task      ] GC(209) Using 4 workers of 4 for evacuation
[143.872s][debug][gc,ref       ] GC(209) Skipped phase1 of Reference Processing due to unavailable references
[143.872s][debug][gc,ref       ] GC(209) Skipped phase2 of Reference Processing due to unavailable references
[143.872s][debug][gc,ref       ] GC(209) Skipped phase3 of Reference Processing due to unavailable references
[143.872s][debug][gc,ref       ] GC(209) Skipped phase4 of Reference Processing due to unavailable references
[143.872s][debug][gc,age       ] GC(209) Desired survivor size 15400960 bytes, new threshold 6 (max threshold 6)
[143.872s][info ][gc,heap      ] GC(209) ParNew: 244591K->2872K(270976K)
[143.872s][info ][gc,heap      ] GC(209) CMS: 278000K->278061K(602112K)
[143.872s][info ][gc,metaspace ] GC(209) Metaspace: 56978K->56978K(1101824K)
[143.872s][info ][gc           ] GC(209) Pause Young (Allocation Failure) 510M->274M(852M) 4.564ms
[143.872s][info ][gc,cpu       ] GC(209) User=0.02s Sys=0.00s Real=0.00s
[143.872s][info ][safepoint    ] Leaving safepoint region
[143.872s][info ][safepoint    ] Total time for which application threads were stopped: 0.0047372 seconds, Stopping threads took: 0.0000137 seconds
[144.716s][info ][safepoint    ] Application time: 0.8439274 seconds
[144.716s][info ][safepoint    ] Entering safepoint region: GenCollectForAllocation
[144.716s][info ][gc,start     ] GC(210) Pause Young (Allocation Failure)
[144.716s][info ][gc,task      ] GC(210) Using 4 workers of 4 for evacuation
[144.721s][debug][gc,ref       ] GC(210) Skipped phase1 of Reference Processing due to unavailable references
[144.721s][debug][gc,ref       ] GC(210) Skipped phase2 of Reference Processing due to unavailable references
[144.721s][debug][gc,ref       ] GC(210) Skipped phase3 of Reference Processing due to unavailable references
[144.721s][debug][gc,ref       ] GC(210) Skipped phase4 of Reference Processing due to unavailable references
[144.721s][debug][gc,age       ] GC(210) Desired survivor size 15400960 bytes, new threshold 6 (max threshold 6)
[144.721s][info ][gc,heap      ] GC(210) ParNew: 243768K->3378K(270976K)
[144.721s][info ][gc,heap      ] GC(210) CMS: 278061K->278107K(602112K)
[144.721s][info ][gc,metaspace ] GC(210) Metaspace: 56979K->56979K(1101824K)
[144.721s][info ][gc           ] GC(210) Pause Young (Allocation Failure) 509M->274M(852M) 4.779ms
[144.721s][info ][gc,cpu       ] GC(210) User=0.02s Sys=0.00s Real=0.00s
[144.721s][info ][safepoint    ] Leaving safepoint region
[144.721s][info ][safepoint    ] Total time for which application threads were stopped: 0.0050160 seconds, Stopping threads took: 0.0000159 seconds
[145.586s][info ][safepoint    ] Application time: 0.8648341 seconds
[145.586s][info ][safepoint    ] Entering safepoint region: GenCollectForAllocation
[145.586s][info ][gc,start     ] GC(211) Pause Young (Allocation Failure)
[145.586s][info ][gc,task      ] GC(211) Using 4 workers of 4 for evacuation
[145.590s][debug][gc,ref       ] GC(211) Skipped phase1 of Reference Processing due to unavailable references
[145.590s][debug][gc,ref       ] GC(211) Skipped phase2 of Reference Processing due to unavailable references
[145.590s][debug][gc,ref       ] GC(211) Skipped phase3 of Reference Processing due to unavailable references
[145.590s][debug][gc,ref       ] GC(211) Skipped phase4 of Reference Processing due to unavailable references
[145.590s][debug][gc,age       ] GC(211) Desired survivor size 15400960 bytes, new threshold 6 (max threshold 6)
[145.590s][info ][gc,heap      ] GC(211) ParNew: 244274K->4155K(270976K)
[145.590s][info ][gc,heap      ] GC(211) CMS: 278107K->278122K(602112K)
[145.590s][info ][gc,metaspace ] GC(211) Metaspace: 56981K->56981K(1101824K)
[145.590s][info ][gc           ] GC(211) Pause Young (Allocation Failure) 510M->275M(852M) 3.917ms
[145.590s][info ][gc,cpu       ] GC(211) User=0.01s Sys=0.00s Real=0.00s
[145.590s][info ][safepoint    ] Leaving safepoint region
[145.590s][info ][safepoint    ] Total time for which application threads were stopped: 0.0040724 seconds, Stopping threads took: 0.0000137 seconds
[146.432s][info ][safepoint    ] Application time: 0.8423210 seconds
[146.432s][info ][safepoint    ] Entering safepoint region: GenCollectForAllocation
[146.432s][info ][gc,start     ] GC(212) Pause Young (Allocation Failure)
[146.432s][info ][gc,task      ] GC(212) Using 4 workers of 4 for evacuation
[146.436s][debug][gc,ref       ] GC(212) Skipped phase1 of Reference Processing due to unavailable references
[146.436s][debug][gc,ref       ] GC(212) Skipped phase3 of Reference Processing due to unavailable references
[146.436s][debug][gc,ref       ] GC(212) Skipped phase4 of Reference Processing due to unavailable references
[146.436s][debug][gc,age       ] GC(212) Desired survivor size 15400960 bytes, new threshold 6 (max threshold 6)
[146.436s][info ][gc,heap      ] GC(212) ParNew: 245051K->3028K(270976K)
[146.436s][info ][gc,heap      ] GC(212) CMS: 278122K->278148K(602112K)
[146.436s][info ][gc,metaspace ] GC(212) Metaspace: 56986K->56986K(1101824K)
[146.436s][info ][gc           ] GC(212) Pause Young (Allocation Failure) 510M->274M(852M) 4.146ms
[146.436s][info ][gc,cpu       ] GC(212) User=0.01s Sys=0.00s Real=0.01s
[146.436s][info ][safepoint    ] Leaving safepoint region
[146.436s][info ][safepoint    ] Total time for which application threads were stopped: 0.0043409 seconds, Stopping threads took: 0.0000137 seconds
[147.267s][info ][safepoint    ] Application time: 0.8309288 seconds
[147.267s][info ][safepoint    ] Entering safepoint region: GenCollectForAllocation
[147.268s][info ][gc,start     ] GC(213) Pause Young (Allocation Failure)
[147.268s][info ][gc,task      ] GC(213) Using 4 workers of 4 for evacuation
[147.272s][debug][gc,ref       ] GC(213) Skipped phase1 of Reference Processing due to unavailable references
[147.272s][debug][gc,ref       ] GC(213) Skipped phase3 of Reference Processing due to unavailable references
[147.272s][debug][gc,ref       ] GC(213) Skipped phase4 of Reference Processing due to unavailable references
[147.272s][debug][gc,age       ] GC(213) Desired survivor size 15400960 bytes, new threshold 6 (max threshold 6)
[147.272s][info ][gc,heap      ] GC(213) ParNew: 243924K->3595K(270976K)
[147.272s][info ][gc,heap      ] GC(213) CMS: 278148K->278275K(602112K)
[147.272s][info ][gc,metaspace ] GC(213) Metaspace: 56986K->56986K(1101824K)
[147.272s][info ][gc           ] GC(213) Pause Young (Allocation Failure) 509M->275M(852M) 4.846ms
[147.272s][info ][gc,cpu       ] GC(213) User=0.02s Sys=0.00s Real=0.00s
[147.272s][info ][safepoint    ] Leaving safepoint region
[147.272s][info ][safepoint    ] Total time for which application threads were stopped: 0.0049940 seconds, Stopping threads took: 0.0000138 seconds
[148.080s][info ][safepoint    ] Application time: 0.8073910 seconds
[148.080s][info ][safepoint    ] Entering safepoint region: GenCollectForAllocation
[148.080s][info ][gc,start     ] GC(214) Pause Young (Allocation Failure)
[148.080s][info ][gc,task      ] GC(214) Using 4 workers of 4 for evacuation
[148.085s][debug][gc,ref       ] GC(214) Skipped phase1 of Reference Processing due to unavailable references
[148.085s][debug][gc,ref       ] GC(214) Skipped phase3 of Reference Processing due to unavailable references
[148.085s][debug][gc,ref       ] GC(214) Skipped phase4 of Reference Processing due to unavailable references
[148.085s][debug][gc,age       ] GC(214) Desired survivor size 15400960 bytes, new threshold 6 (max threshold 6)
[148.085s][info ][gc,heap      ] GC(214) ParNew: 244491K->3860K(270976K)
[148.085s][info ][gc,heap      ] GC(214) CMS: 278275K->278375K(602112K)
[148.085s][info ][gc,metaspace ] GC(214) Metaspace: 56988K->56988K(1101824K)
[148.085s][info ][gc           ] GC(214) Pause Young (Allocation Failure) 510M->275M(852M) 5.191ms
[148.085s][info ][gc,cpu       ] GC(214) User=0.02s Sys=0.00s Real=0.01s
[148.085s][info ][safepoint    ] Leaving safepoint region
[148.085s][info ][safepoint    ] Total time for which application threads were stopped: 0.0053392 seconds, Stopping threads took: 0.0000140 seconds
[148.981s][info ][safepoint    ] Application time: 0.8955155 seconds
[148.981s][info ][safepoint    ] Entering safepoint region: GenCollectForAllocation
[148.981s][info ][gc,start     ] GC(215) Pause Young (Allocation Failure)
[148.981s][info ][gc,task      ] GC(215) Using 4 workers of 4 for evacuation
[148.985s][debug][gc,ref       ] GC(215) Skipped phase1 of Reference Processing due to unavailable references
[148.985s][debug][gc,ref       ] GC(215) Skipped phase3 of Reference Processing due to unavailable references
[148.985s][debug][gc,ref       ] GC(215) Skipped phase4 of Reference Processing due to unavailable references
[148.985s][debug][gc,age       ] GC(215) Desired survivor size 15400960 bytes, new threshold 6 (max threshold 6)
[148.985s][info ][gc,heap      ] GC(215) ParNew: 244756K->2517K(270976K)
[148.985s][info ][gc,heap      ] GC(215) CMS: 278375K->278451K(602112K)
[148.985s][info ][gc,metaspace ] GC(215) Metaspace: 56988K->56988K(1101824K)
[148.985s][info ][gc           ] GC(215) Pause Young (Allocation Failure) 510M->274M(852M) 3.905ms
[148.985s][info ][gc,cpu       ] GC(215) User=0.01s Sys=0.00s Real=0.01s
[148.985s][info ][safepoint    ] Leaving safepoint region
[148.985s][info ][safepoint    ] Total time for which application threads were stopped: 0.0040626 seconds, Stopping threads took: 0.0000147 seconds
[149.906s][info ][safepoint    ] Application time: 0.9208339 seconds
[149.906s][info ][safepoint    ] Entering safepoint region: GenCollectForAllocation
[149.906s][info ][gc,start     ] GC(216) Pause Young (Allocation Failure)
[149.906s][info ][gc,task      ] GC(216) Using 4 workers of 4 for evacuation
[149.909s][debug][gc,ref       ] GC(216) Skipped phase1 of Reference Processing due to unavailable references
[149.910s][debug][gc,ref       ] GC(216) Skipped phase3 of Reference Processing due to unavailable references
[149.910s][debug][gc,ref       ] GC(216) Skipped phase4 of Reference Processing due to unavailable references
[149.910s][debug][gc,age       ] GC(216) Desired survivor size 15400960 bytes, new threshold 6 (max threshold 6)
[149.910s][info ][gc,heap      ] GC(216) ParNew: 243413K->3271K(270976K)
[149.910s][info ][gc,heap      ] GC(216) CMS: 278451K->278783K(602112K)
[149.910s][info ][gc,metaspace ] GC(216) Metaspace: 56988K->56988K(1101824K)
[149.910s][info ][gc           ] GC(216) Pause Young (Allocation Failure) 509M->275M(852M) 3.870ms
[149.910s][info ][gc,cpu       ] GC(216) User=0.02s Sys=0.00s Real=0.00s
[149.910s][info ][safepoint    ] Leaving safepoint region
[149.910s][info ][safepoint    ] Total time for which application threads were stopped: 0.0040178 seconds, Stopping threads took: 0.0000141 seconds
[150.858s][info ][safepoint    ] Application time: 0.9486166 seconds
[150.858s][info ][safepoint    ] Entering safepoint region: GenCollectForAllocation
[150.858s][info ][gc,start     ] GC(217) Pause Young (Allocation Failure)
[150.859s][info ][gc,task      ] GC(217) Using 4 workers of 4 for evacuation
[150.863s][debug][gc,ref       ] GC(217) Skipped phase1 of Reference Processing due to unavailable references
[150.863s][debug][gc,ref       ] GC(217) Skipped phase3 of Reference Processing due to unavailable references
[150.863s][debug][gc,ref       ] GC(217) Skipped phase4 of Reference Processing due to unavailable references
[150.863s][debug][gc,age       ] GC(217) Desired survivor size 15400960 bytes, new threshold 6 (max threshold 6)
[150.863s][info ][gc,heap      ] GC(217) ParNew: 244167K->2386K(270976K)
[150.863s][info ][gc,heap      ] GC(217) CMS: 278783K->278887K(602112K)
[150.863s][info ][gc,metaspace ] GC(217) Metaspace: 56988K->56988K(1101824K)
[150.863s][info ][gc           ] GC(217) Pause Young (Allocation Failure) 510M->274M(852M) 4.531ms
[150.863s][info ][gc,cpu       ] GC(217) User=0.01s Sys=0.00s Real=0.00s
[150.863s][info ][safepoint    ] Leaving safepoint region
[150.863s][info ][safepoint    ] Total time for which application threads were stopped: 0.0046892 seconds, Stopping threads took: 0.0000156 seconds
[151.842s][info ][safepoint    ] Application time: 0.9790299 seconds
[151.842s][info ][safepoint    ] Entering safepoint region: GenCollectForAllocation
[151.842s][info ][gc,start     ] GC(218) Pause Young (Allocation Failure)
[151.842s][info ][gc,task      ] GC(218) Using 4 workers of 4 for evacuation
[151.846s][debug][gc,ref       ] GC(218) Skipped phase1 of Reference Processing due to unavailable references
[151.846s][debug][gc,ref       ] GC(218) Skipped phase2 of Reference Processing due to unavailable references
[151.846s][debug][gc,ref       ] GC(218) Skipped phase3 of Reference Processing due to unavailable references
[151.846s][debug][gc,ref       ] GC(218) Skipped phase4 of Reference Processing due to unavailable references
[151.846s][debug][gc,age       ] GC(218) Desired survivor size 15400960 bytes, new threshold 6 (max threshold 6)
[151.846s][info ][gc,heap      ] GC(218) ParNew: 243282K->3484K(270976K)
[151.846s][info ][gc,heap      ] GC(218) CMS: 278887K->278985K(602112K)
[151.846s][info ][gc,metaspace ] GC(218) Metaspace: 56993K->56993K(1101824K)
[151.846s][info ][gc           ] GC(218) Pause Young (Allocation Failure) 509M->275M(852M) 4.141ms
[151.846s][info ][gc,cpu       ] GC(218) User=0.01s Sys=0.00s Real=0.01s
[151.846s][info ][safepoint    ] Leaving safepoint region
[151.846s][info ][safepoint    ] Total time for which application threads were stopped: 0.0042849 seconds, Stopping threads took: 0.0000133 seconds
[152.688s][info ][safepoint    ] Application time: 0.8411064 seconds
[152.688s][info ][safepoint    ] Entering safepoint region: GenCollectForAllocation
[152.688s][info ][gc,start     ] GC(219) Pause Young (Allocation Failure)
[152.688s][info ][gc,task      ] GC(219) Using 4 workers of 4 for evacuation
[152.692s][debug][gc,ref       ] GC(219) Skipped phase1 of Reference Processing due to unavailable references
[152.692s][debug][gc,ref       ] GC(219) Skipped phase2 of Reference Processing due to unavailable references
[152.692s][debug][gc,ref       ] GC(219) Skipped phase3 of Reference Processing due to unavailable references
[152.692s][debug][gc,ref       ] GC(219) Skipped phase4 of Reference Processing due to unavailable references
[152.692s][debug][gc,age       ] GC(219) Desired survivor size 15400960 bytes, new threshold 6 (max threshold 6)
[152.692s][info ][gc,heap      ] GC(219) ParNew: 244380K->2419K(270976K)
[152.692s][info ][gc,heap      ] GC(219) CMS: 278985K->279094K(602112K)
[152.692s][info ][gc,metaspace ] GC(219) Metaspace: 56994K->56994K(1101824K)
[152.692s][info ][gc           ] GC(219) Pause Young (Allocation Failure) 511M->274M(852M) 4.293ms
[152.692s][info ][gc,cpu       ] GC(219) User=0.01s Sys=0.00s Real=0.00s
[152.692s][info ][safepoint    ] Leaving safepoint region
[152.692s][info ][safepoint    ] Total time for which application threads were stopped: 0.0044575 seconds, Stopping threads took: 0.0000161 seconds
[153.575s][info ][safepoint    ] Application time: 0.8825724 seconds
[153.575s][info ][safepoint    ] Entering safepoint region: GenCollectForAllocation
[153.575s][info ][gc,start     ] GC(220) Pause Young (Allocation Failure)
[153.575s][info ][gc,task      ] GC(220) Using 4 workers of 4 for evacuation
[153.578s][debug][gc,ref       ] GC(220) Skipped phase1 of Reference Processing due to unavailable references
[153.579s][debug][gc,ref       ] GC(220) Skipped phase2 of Reference Processing due to unavailable references
[153.579s][debug][gc,ref       ] GC(220) Skipped phase3 of Reference Processing due to unavailable references
[153.579s][debug][gc,ref       ] GC(220) Skipped phase4 of Reference Processing due to unavailable references
[153.579s][debug][gc,age       ] GC(220) Desired survivor size 15400960 bytes, new threshold 6 (max threshold 6)
[153.579s][info ][gc,heap      ] GC(220) ParNew: 243315K->3206K(270976K)
[153.579s][info ][gc,heap      ] GC(220) CMS: 279094K->279138K(602112K)
[153.579s][info ][gc,metaspace ] GC(220) Metaspace: 56998K->56998K(1101824K)
[153.579s][info ][gc           ] GC(220) Pause Young (Allocation Failure) 510M->275M(852M) 3.948ms
[153.579s][info ][gc,cpu       ] GC(220) User=0.01s Sys=0.00s Real=0.01s
[153.579s][info ][safepoint    ] Leaving safepoint region
[153.579s][info ][safepoint    ] Total time for which application threads were stopped: 0.0041036 seconds, Stopping threads took: 0.0000142 seconds
[154.508s][info ][safepoint    ] Application time: 0.9294052 seconds
[154.508s][info ][safepoint    ] Entering safepoint region: GenCollectForAllocation
[154.508s][info ][gc,start     ] GC(221) Pause Young (Allocation Failure)
[154.508s][info ][gc,task      ] GC(221) Using 4 workers of 4 for evacuation
[154.512s][debug][gc,ref       ] GC(221) Skipped phase1 of Reference Processing due to unavailable references
[154.512s][debug][gc,ref       ] GC(221) Skipped phase2 of Reference Processing due to unavailable references
[154.512s][debug][gc,ref       ] GC(221) Skipped phase3 of Reference Processing due to unavailable references
[154.512s][debug][gc,ref       ] GC(221) Skipped phase4 of Reference Processing due to unavailable references
[154.513s][debug][gc,age       ] GC(221) Desired survivor size 15400960 bytes, new threshold 6 (max threshold 6)
[154.513s][info ][gc,heap      ] GC(221) ParNew: 244102K->3416K(270976K)
[154.513s][info ][gc,heap      ] GC(221) CMS: 279138K->279184K(602112K)
[154.513s][info ][gc,metaspace ] GC(221) Metaspace: 56998K->56998K(1101824K)
[154.513s][info ][gc           ] GC(221) Pause Young (Allocation Failure) 510M->275M(852M) 4.330ms
[154.513s][info ][gc,cpu       ] GC(221) User=0.02s Sys=0.00s Real=0.00s
[154.513s][info ][safepoint    ] Leaving safepoint region
[154.513s][info ][safepoint    ] Total time for which application threads were stopped: 0.0045141 seconds, Stopping threads took: 0.0000285 seconds
[155.407s][info ][safepoint    ] Application time: 0.8938475 seconds
[155.407s][info ][safepoint    ] Entering safepoint region: GenCollectForAllocation
[155.407s][info ][gc,start     ] GC(222) Pause Young (Allocation Failure)
[155.407s][info ][gc,task      ] GC(222) Using 4 workers of 4 for evacuation
[155.411s][debug][gc,ref       ] GC(222) Skipped phase1 of Reference Processing due to unavailable references
[155.411s][debug][gc,ref       ] GC(222) Skipped phase2 of Reference Processing due to unavailable references
[155.411s][debug][gc,ref       ] GC(222) Skipped phase3 of Reference Processing due to unavailable references
[155.411s][debug][gc,ref       ] GC(222) Skipped phase4 of Reference Processing due to unavailable references
[155.412s][debug][gc,age       ] GC(222) Desired survivor size 15400960 bytes, new threshold 6 (max threshold 6)
[155.412s][info ][gc,heap      ] GC(222) ParNew: 244312K->3050K(270976K)
[155.412s][info ][gc,heap      ] GC(222) CMS: 279184K->279206K(602112K)
[155.412s][info ][gc,metaspace ] GC(222) Metaspace: 56998K->56998K(1101824K)
[155.412s][info ][gc           ] GC(222) Pause Young (Allocation Failure) 511M->275M(852M) 4.973ms
[155.412s][info ][gc,cpu       ] GC(222) User=0.01s Sys=0.00s Real=0.00s
[155.412s][info ][safepoint    ] Leaving safepoint region
[155.412s][info ][safepoint    ] Total time for which application threads were stopped: 0.0051174 seconds, Stopping threads took: 0.0000137 seconds
[156.286s][info ][safepoint    ] Application time: 0.8743896 seconds
[156.286s][info ][safepoint    ] Entering safepoint region: GenCollectForAllocation
[156.286s][info ][gc,start     ] GC(223) Pause Young (Allocation Failure)
[156.286s][info ][gc,task      ] GC(223) Using 4 workers of 4 for evacuation
[156.290s][debug][gc,ref       ] GC(223) Skipped phase1 of Reference Processing due to unavailable references
[156.290s][debug][gc,ref       ] GC(223) Skipped phase2 of Reference Processing due to unavailable references
[156.290s][debug][gc,ref       ] GC(223) Skipped phase3 of Reference Processing due to unavailable references
[156.290s][debug][gc,ref       ] GC(223) Skipped phase4 of Reference Processing due to unavailable references
[156.290s][debug][gc,age       ] GC(223) Desired survivor size 15400960 bytes, new threshold 6 (max threshold 6)
[156.290s][info ][gc,heap      ] GC(223) ParNew: 243946K->4186K(270976K)
[156.290s][info ][gc,heap      ] GC(223) CMS: 279206K->279226K(602112K)
[156.290s][info ][gc,metaspace ] GC(223) Metaspace: 56999K->56999K(1101824K)
[156.290s][info ][gc           ] GC(223) Pause Young (Allocation Failure) 510M->276M(852M) 4.195ms
[156.290s][info ][gc,cpu       ] GC(223) User=0.02s Sys=0.00s Real=0.00s
[156.290s][info ][safepoint    ] Leaving safepoint region
[156.290s][info ][safepoint    ] Total time for which application threads were stopped: 0.0043664 seconds, Stopping threads took: 0.0000145 seconds
[157.243s][info ][safepoint    ] Application time: 0.9525966 seconds
[157.243s][info ][safepoint    ] Entering safepoint region: GenCollectForAllocation
[157.243s][info ][gc,start     ] GC(224) Pause Young (Allocation Failure)
[157.243s][info ][gc,task      ] GC(224) Using 4 workers of 4 for evacuation
[157.247s][debug][gc,ref       ] GC(224) Skipped phase1 of Reference Processing due to unavailable references
[157.247s][debug][gc,ref       ] GC(224) Skipped phase3 of Reference Processing due to unavailable references
[157.247s][debug][gc,ref       ] GC(224) Skipped phase4 of Reference Processing due to unavailable references
[157.247s][debug][gc,age       ] GC(224) Desired survivor size 15400960 bytes, new threshold 6 (max threshold 6)
[157.247s][info ][gc,heap      ] GC(224) ParNew: 245082K->2876K(270976K)
[157.247s][info ][gc,heap      ] GC(224) CMS: 279226K->279314K(602112K)
[157.247s][info ][gc,metaspace ] GC(224) Metaspace: 57000K->57000K(1101824K)
[157.247s][info ][gc           ] GC(224) Pause Young (Allocation Failure) 512M->275M(852M) 4.141ms
[157.247s][info ][gc,cpu       ] GC(224) User=0.02s Sys=0.00s Real=0.01s
[157.247s][info ][safepoint    ] Leaving safepoint region
[157.247s][info ][safepoint    ] Total time for which application threads were stopped: 0.0043229 seconds, Stopping threads took: 0.0000140 seconds
[158.239s][info ][safepoint    ] Application time: 0.9920011 seconds
[158.240s][info ][safepoint    ] Entering safepoint region: GenCollectForAllocation
[158.240s][info ][gc,start     ] GC(225) Pause Young (Allocation Failure)
[158.240s][info ][gc,task      ] GC(225) Using 4 workers of 4 for evacuation
[158.244s][debug][gc,ref       ] GC(225) Skipped phase1 of Reference Processing due to unavailable references
[158.244s][debug][gc,ref       ] GC(225) Skipped phase3 of Reference Processing due to unavailable references
[158.244s][debug][gc,ref       ] GC(225) Skipped phase4 of Reference Processing due to unavailable references
[158.244s][debug][gc,age       ] GC(225) Desired survivor size 15400960 bytes, new threshold 6 (max threshold 6)
[158.244s][info ][gc,heap      ] GC(225) ParNew: 243772K->3757K(270976K)
[158.244s][info ][gc,heap      ] GC(225) CMS: 279314K->279379K(602112K)
[158.244s][info ][gc,metaspace ] GC(225) Metaspace: 57001K->57001K(1101824K)
[158.244s][info ][gc           ] GC(225) Pause Young (Allocation Failure) 510M->276M(852M) 4.752ms
[158.244s][info ][gc,cpu       ] GC(225) User=0.02s Sys=0.00s Real=0.01s
[158.244s][info ][safepoint    ] Leaving safepoint region
[158.244s][info ][safepoint    ] Total time for which application threads were stopped: 0.0048980 seconds, Stopping threads took: 0.0000153 seconds
[159.225s][info ][safepoint    ] Application time: 0.9801471 seconds
[159.225s][info ][safepoint    ] Entering safepoint region: GenCollectForAllocation
[159.225s][info ][gc,start     ] GC(226) Pause Young (Allocation Failure)
[159.225s][info ][gc,task      ] GC(226) Using 4 workers of 4 for evacuation
[159.236s][debug][gc,ref       ] GC(226) Skipped phase1 of Reference Processing due to unavailable references
[159.236s][debug][gc,ref       ] GC(226) Skipped phase3 of Reference Processing due to unavailable references
[159.236s][debug][gc,ref       ] GC(226) Skipped phase4 of Reference Processing due to unavailable references
[159.236s][debug][gc,age       ] GC(226) Desired survivor size 15400960 bytes, new threshold 6 (max threshold 6)
[159.236s][info ][gc,heap      ] GC(226) ParNew: 244653K->2168K(270976K)
[159.236s][info ][gc,heap      ] GC(226) CMS: 279379K->279711K(602112K)
[159.236s][info ][gc,metaspace ] GC(226) Metaspace: 57003K->57003K(1101824K)
[159.236s][info ][gc           ] GC(226) Pause Young (Allocation Failure) 511M->275M(852M) 11.049ms
[159.236s][info ][gc,cpu       ] GC(226) User=0.02s Sys=0.00s Real=0.01s
[159.236s][info ][safepoint    ] Leaving safepoint region
[159.236s][info ][safepoint    ] Total time for which application threads were stopped: 0.0112145 seconds, Stopping threads took: 0.0000145 seconds
[160.236s][info ][safepoint    ] Application time: 1.0000862 seconds
[160.236s][info ][safepoint    ] Entering safepoint region: Cleanup
[160.236s][info ][safepoint    ] Leaving safepoint region
[160.236s][info ][safepoint    ] Total time for which application threads were stopped: 0.0000949 seconds, Stopping threads took: 0.0000141 seconds
[160.327s][info ][safepoint    ] Application time: 0.0914574 seconds
[160.328s][info ][safepoint    ] Entering safepoint region: GenCollectForAllocation
[160.328s][info ][gc,start     ] GC(227) Pause Young (Allocation Failure)
[160.328s][info ][gc,task      ] GC(227) Using 4 workers of 4 for evacuation
[160.331s][debug][gc,ref       ] GC(227) Skipped phase1 of Reference Processing due to unavailable references
[160.331s][debug][gc,ref       ] GC(227) Skipped phase3 of Reference Processing due to unavailable references
[160.331s][debug][gc,ref       ] GC(227) Skipped phase4 of Reference Processing due to unavailable references
[160.331s][debug][gc,age       ] GC(227) Desired survivor size 15400960 bytes, new threshold 6 (max threshold 6)
[160.331s][info ][gc,heap      ] GC(227) ParNew: 243064K->2794K(270976K)
[160.331s][info ][gc,heap      ] GC(227) CMS: 279711K->279744K(602112K)
[160.331s][info ][gc,metaspace ] GC(227) Metaspace: 57007K->57007K(1101824K)
[160.331s][info ][gc           ] GC(227) Pause Young (Allocation Failure) 510M->275M(852M) 3.758ms
[160.331s][info ][gc,cpu       ] GC(227) User=0.01s Sys=0.00s Real=0.00s
[160.331s][info ][safepoint    ] Leaving safepoint region
[160.331s][info ][safepoint    ] Total time for which application threads were stopped: 0.0039520 seconds, Stopping threads took: 0.0000143 seconds
[161.332s][info ][safepoint    ] Application time: 1.0000976 seconds
[161.332s][info ][safepoint    ] Entering safepoint region: Cleanup
[161.332s][info ][safepoint    ] Leaving safepoint region
[161.332s][info ][safepoint    ] Total time for which application threads were stopped: 0.0001446 seconds, Stopping threads took: 0.0000680 seconds
[161.386s][info ][safepoint    ] Application time: 0.0540823 seconds
[161.386s][info ][safepoint    ] Entering safepoint region: GenCollectForAllocation
[161.386s][info ][gc,start     ] GC(228) Pause Young (Allocation Failure)
[161.386s][info ][gc,task      ] GC(228) Using 4 workers of 4 for evacuation
[161.390s][debug][gc,ref       ] GC(228) Skipped phase1 of Reference Processing due to unavailable references
[161.390s][debug][gc,ref       ] GC(228) Skipped phase3 of Reference Processing due to unavailable references
[161.390s][debug][gc,ref       ] GC(228) Skipped phase4 of Reference Processing due to unavailable references
[161.390s][debug][gc,age       ] GC(228) Desired survivor size 15400960 bytes, new threshold 6 (max threshold 6)
[161.390s][info ][gc,heap      ] GC(228) ParNew: 243690K->2664K(270976K)
[161.390s][info ][gc,heap      ] GC(228) CMS: 279744K->279819K(602112K)
[161.390s][info ][gc,metaspace ] GC(228) Metaspace: 57007K->57007K(1101824K)
[161.390s][info ][gc           ] GC(228) Pause Young (Allocation Failure) 511M->275M(852M) 3.977ms
[161.390s][info ][gc,cpu       ] GC(228) User=0.01s Sys=0.00s Real=0.00s
[161.390s][info ][safepoint    ] Leaving safepoint region
[161.390s][info ][safepoint    ] Total time for which application threads were stopped: 0.0041260 seconds, Stopping threads took: 0.0000157 seconds
[162.390s][info ][safepoint    ] Application time: 1.0001174 seconds
[162.390s][info ][safepoint    ] Entering safepoint region: Cleanup
[162.390s][info ][safepoint    ] Leaving safepoint region
[162.390s][info ][safepoint    ] Total time for which application threads were stopped: 0.0000830 seconds, Stopping threads took: 0.0000133 seconds
[162.422s][info ][safepoint    ] Application time: 0.0319113 seconds
[162.422s][info ][safepoint    ] Entering safepoint region: GenCollectForAllocation
[162.422s][info ][gc,start     ] GC(229) Pause Young (Allocation Failure)
[162.422s][info ][gc,task      ] GC(229) Using 4 workers of 4 for evacuation
[162.426s][debug][gc,ref       ] GC(229) Skipped phase1 of Reference Processing due to unavailable references
[162.426s][debug][gc,ref       ] GC(229) Skipped phase3 of Reference Processing due to unavailable references
[162.426s][debug][gc,ref       ] GC(229) Skipped phase4 of Reference Processing due to unavailable references
[162.426s][debug][gc,age       ] GC(229) Desired survivor size 15400960 bytes, new threshold 6 (max threshold 6)
[162.426s][info ][gc,heap      ] GC(229) ParNew: 243560K->2722K(270976K)
[162.426s][info ][gc,heap      ] GC(229) CMS: 279819K->279968K(602112K)
[162.426s][info ][gc,metaspace ] GC(229) Metaspace: 57007K->57007K(1101824K)
[162.426s][info ][gc           ] GC(229) Pause Young (Allocation Failure) 511M->276M(852M) 3.896ms
[162.426s][info ][gc,cpu       ] GC(229) User=0.02s Sys=0.00s Real=0.01s
[162.426s][info ][safepoint    ] Leaving safepoint region
[162.426s][info ][safepoint    ] Total time for which application threads were stopped: 0.0040451 seconds, Stopping threads took: 0.0000134 seconds
[163.426s][info ][safepoint    ] Application time: 1.0001058 seconds
[163.426s][info ][safepoint    ] Entering safepoint region: Cleanup
[163.427s][info ][safepoint    ] Leaving safepoint region
[163.427s][info ][safepoint    ] Total time for which application threads were stopped: 0.0001828 seconds, Stopping threads took: 0.0001000 seconds
[163.537s][info ][safepoint    ] Application time: 0.1104091 seconds
[163.537s][info ][safepoint    ] Entering safepoint region: GenCollectForAllocation
[163.537s][info ][gc,start     ] GC(230) Pause Young (Allocation Failure)
[163.537s][info ][gc,task      ] GC(230) Using 4 workers of 4 for evacuation
[163.541s][debug][gc,ref       ] GC(230) Skipped phase1 of Reference Processing due to unavailable references
[163.541s][debug][gc,ref       ] GC(230) Skipped phase3 of Reference Processing due to unavailable references
[163.541s][debug][gc,ref       ] GC(230) Skipped phase4 of Reference Processing due to unavailable references
[163.541s][debug][gc,age       ] GC(230) Desired survivor size 15400960 bytes, new threshold 6 (max threshold 6)
[163.541s][info ][gc,heap      ] GC(230) ParNew: 243618K->3265K(270976K)
[163.541s][info ][gc,heap      ] GC(230) CMS: 279968K->280037K(602112K)
[163.541s][info ][gc,metaspace ] GC(230) Metaspace: 57008K->57008K(1101824K)
[163.541s][info ][gc           ] GC(230) Pause Young (Allocation Failure) 511M->276M(852M) 3.817ms
[163.541s][info ][gc,cpu       ] GC(230) User=0.01s Sys=0.00s Real=0.00s
[163.541s][info ][safepoint    ] Leaving safepoint region
[163.541s][info ][safepoint    ] Total time for which application threads were stopped: 0.0039720 seconds, Stopping threads took: 0.0000155 seconds
[164.541s][info ][safepoint    ] Application time: 1.0000951 seconds
[164.541s][info ][safepoint    ] Entering safepoint region: Cleanup
[164.541s][info ][safepoint    ] Leaving safepoint region
[164.541s][info ][safepoint    ] Total time for which application threads were stopped: 0.0000692 seconds, Stopping threads took: 0.0000141 seconds
[164.605s][info ][safepoint    ] Application time: 0.0636282 seconds
[164.605s][info ][safepoint    ] Entering safepoint region: GenCollectForAllocation
[164.605s][info ][gc,start     ] GC(231) Pause Young (Allocation Failure)
[164.605s][info ][gc,task      ] GC(231) Using 4 workers of 4 for evacuation
[164.609s][debug][gc,ref       ] GC(231) Skipped phase1 of Reference Processing due to unavailable references
[164.609s][debug][gc,ref       ] GC(231) Skipped phase3 of Reference Processing due to unavailable references
[164.609s][debug][gc,ref       ] GC(231) Skipped phase4 of Reference Processing due to unavailable references
[164.609s][debug][gc,age       ] GC(231) Desired survivor size 15400960 bytes, new threshold 6 (max threshold 6)
[164.609s][info ][gc,heap      ] GC(231) ParNew: 244161K->2429K(270976K)
[164.609s][info ][gc,heap      ] GC(231) CMS: 280037K->280156K(602112K)
[164.609s][info ][gc,metaspace ] GC(231) Metaspace: 57008K->57008K(1101824K)
[164.609s][info ][gc           ] GC(231) Pause Young (Allocation Failure) 511M->275M(852M) 4.039ms
[164.609s][info ][gc,cpu       ] GC(231) User=0.01s Sys=0.00s Real=0.00s
[164.609s][info ][safepoint    ] Leaving safepoint region
[164.609s][info ][safepoint    ] Total time for which application threads were stopped: 0.0041982 seconds, Stopping threads took: 0.0000134 seconds
[165.609s][info ][safepoint    ] Application time: 1.0000968 seconds
[165.609s][info ][safepoint    ] Entering safepoint region: Cleanup
[165.609s][info ][safepoint    ] Leaving safepoint region
[165.609s][info ][safepoint    ] Total time for which application threads were stopped: 0.0001553 seconds, Stopping threads took: 0.0000800 seconds
[165.706s][info ][safepoint    ] Application time: 0.0971155 seconds
[165.706s][info ][safepoint    ] Entering safepoint region: GenCollectForAllocation
[165.707s][info ][gc,start     ] GC(232) Pause Young (Allocation Failure)
[165.707s][info ][gc,task      ] GC(232) Using 4 workers of 4 for evacuation
[165.710s][debug][gc,ref       ] GC(232) Skipped phase1 of Reference Processing due to unavailable references
[165.710s][debug][gc,ref       ] GC(232) Skipped phase3 of Reference Processing due to unavailable references
[165.710s][debug][gc,ref       ] GC(232) Skipped phase4 of Reference Processing due to unavailable references
[165.710s][debug][gc,age       ] GC(232) Desired survivor size 15400960 bytes, new threshold 6 (max threshold 6)
[165.711s][info ][gc,heap      ] GC(232) ParNew: 243325K->2443K(270976K)
[165.711s][info ][gc,heap      ] GC(232) CMS: 280156K->280212K(602112K)
[165.711s][info ][gc,metaspace ] GC(232) Metaspace: 57008K->57008K(1101824K)
[165.711s][info ][gc           ] GC(232) Pause Young (Allocation Failure) 511M->276M(852M) 3.946ms
[165.711s][info ][gc,cpu       ] GC(232) User=0.01s Sys=0.00s Real=0.00s
[165.711s][info ][safepoint    ] Leaving safepoint region
[165.711s][info ][safepoint    ] Total time for which application threads were stopped: 0.0041011 seconds, Stopping threads took: 0.0000142 seconds
[166.711s][info ][safepoint    ] Application time: 1.0000961 seconds
[166.711s][info ][safepoint    ] Entering safepoint region: Cleanup
[166.711s][info ][safepoint    ] Leaving safepoint region
[166.711s][info ][safepoint    ] Total time for which application threads were stopped: 0.0001773 seconds, Stopping threads took: 0.0000836 seconds
[166.723s][info ][safepoint    ] Application time: 0.0121593 seconds
[166.723s][info ][safepoint    ] Entering safepoint region: GenCollectForAllocation
[166.723s][info ][gc,start     ] GC(233) Pause Young (Allocation Failure)
[166.723s][info ][gc,task      ] GC(233) Using 4 workers of 4 for evacuation
[166.727s][debug][gc,ref       ] GC(233) Skipped phase1 of Reference Processing due to unavailable references
[166.727s][debug][gc,ref       ] GC(233) Skipped phase3 of Reference Processing due to unavailable references
[166.727s][debug][gc,ref       ] GC(233) Skipped phase4 of Reference Processing due to unavailable references
[166.727s][debug][gc,age       ] GC(233) Desired survivor size 15400960 bytes, new threshold 6 (max threshold 6)
[166.727s][info ][gc,heap      ] GC(233) ParNew: 243339K->3114K(270976K)
[166.727s][info ][gc,heap      ] GC(233) CMS: 280212K->280241K(602112K)
[166.727s][info ][gc,metaspace ] GC(233) Metaspace: 57008K->57008K(1101824K)
[166.727s][info ][gc           ] GC(233) Pause Young (Allocation Failure) 511M->276M(852M) 3.788ms
[166.727s][info ][gc,cpu       ] GC(233) User=0.01s Sys=0.00s Real=0.01s
[166.727s][info ][safepoint    ] Leaving safepoint region
[166.727s][info ][safepoint    ] Total time for which application threads were stopped: 0.0039713 seconds, Stopping threads took: 0.0000192 seconds
[167.715s][info ][safepoint    ] Application time: 0.9878102 seconds
[167.715s][info ][safepoint    ] Entering safepoint region: GenCollectForAllocation
[167.715s][info ][gc,start     ] GC(234) Pause Young (Allocation Failure)
[167.715s][info ][gc,task      ] GC(234) Using 4 workers of 4 for evacuation
[167.719s][debug][gc,ref       ] GC(234) Skipped phase1 of Reference Processing due to unavailable references
[167.719s][debug][gc,ref       ] GC(234) Skipped phase2 of Reference Processing due to unavailable references
[167.719s][debug][gc,ref       ] GC(234) Skipped phase3 of Reference Processing due to unavailable references
[167.719s][debug][gc,ref       ] GC(234) Skipped phase4 of Reference Processing due to unavailable references
[167.719s][debug][gc,age       ] GC(234) Desired survivor size 15400960 bytes, new threshold 6 (max threshold 6)
[167.719s][info ][gc,heap      ] GC(234) ParNew: 244010K->2553K(270976K)
[167.719s][info ][gc,heap      ] GC(234) CMS: 280241K->280448K(602112K)
[167.719s][info ][gc,metaspace ] GC(234) Metaspace: 57008K->57008K(1101824K)
[167.719s][info ][gc           ] GC(234) Pause Young (Allocation Failure) 511M->276M(852M) 3.874ms
[167.719s][info ][gc,cpu       ] GC(234) User=0.02s Sys=0.00s Real=0.01s
[167.719s][info ][safepoint    ] Leaving safepoint region
[167.719s][info ][safepoint    ] Total time for which application threads were stopped: 0.0040366 seconds, Stopping threads took: 0.0000146 seconds
[168.719s][info ][safepoint    ] Application time: 1.0001066 seconds
[168.719s][info ][safepoint    ] Entering safepoint region: Cleanup
[168.719s][info ][safepoint    ] Leaving safepoint region
[168.719s][info ][safepoint    ] Total time for which application threads were stopped: 0.0001392 seconds, Stopping threads took: 0.0000506 seconds
[168.729s][info ][safepoint    ] Application time: 0.0096062 seconds
[168.729s][info ][safepoint    ] Entering safepoint region: GenCollectForAllocation
[168.729s][info ][gc,start     ] GC(235) Pause Young (Allocation Failure)
[168.729s][info ][gc,task      ] GC(235) Using 4 workers of 4 for evacuation
[168.732s][debug][gc,ref       ] GC(235) Skipped phase1 of Reference Processing due to unavailable references
[168.732s][debug][gc,ref       ] GC(235) Skipped phase2 of Reference Processing due to unavailable references
[168.732s][debug][gc,ref       ] GC(235) Skipped phase3 of Reference Processing due to unavailable references
[168.732s][debug][gc,ref       ] GC(235) Skipped phase4 of Reference Processing due to unavailable references
[168.733s][debug][gc,age       ] GC(235) Desired survivor size 15400960 bytes, new threshold 6 (max threshold 6)
[168.733s][info ][gc,heap      ] GC(235) ParNew: 243449K->2835K(270976K)
[168.733s][info ][gc,heap      ] GC(235) CMS: 280448K->280482K(602112K)
[168.733s][info ][gc,metaspace ] GC(235) Metaspace: 57011K->57011K(1101824K)
[168.733s][info ][gc           ] GC(235) Pause Young (Allocation Failure) 511M->276M(852M) 3.544ms
[168.733s][info ][gc,cpu       ] GC(235) User=0.01s Sys=0.00s Real=0.00s
[168.733s][info ][safepoint    ] Leaving safepoint region
[168.733s][info ][safepoint    ] Total time for which application threads were stopped: 0.0036836 seconds, Stopping threads took: 0.0000133 seconds
[169.733s][info ][safepoint    ] Application time: 1.0000919 seconds
[169.733s][info ][safepoint    ] Entering safepoint region: Cleanup
[169.733s][info ][safepoint    ] Leaving safepoint region
[169.733s][info ][safepoint    ] Total time for which application threads were stopped: 0.0001417 seconds, Stopping threads took: 0.0000690 seconds
[169.835s][info ][safepoint    ] Application time: 0.1025704 seconds
[169.835s][info ][safepoint    ] Entering safepoint region: GenCollectForAllocation
[169.836s][info ][gc,start     ] GC(236) Pause Young (Allocation Failure)
[169.836s][info ][gc,task      ] GC(236) Using 4 workers of 4 for evacuation
[169.841s][debug][gc,ref       ] GC(236) Skipped phase1 of Reference Processing due to unavailable references
[169.841s][debug][gc,ref       ] GC(236) Skipped phase2 of Reference Processing due to unavailable references
[169.841s][debug][gc,ref       ] GC(236) Skipped phase3 of Reference Processing due to unavailable references
[169.841s][debug][gc,ref       ] GC(236) Skipped phase4 of Reference Processing due to unavailable references
[169.841s][debug][gc,age       ] GC(236) Desired survivor size 15400960 bytes, new threshold 6 (max threshold 6)
[169.841s][info ][gc,heap      ] GC(236) ParNew: 243731K->3064K(270976K)
[169.841s][info ][gc,heap      ] GC(236) CMS: 280482K->280513K(602112K)
[169.841s][info ][gc,metaspace ] GC(236) Metaspace: 57011K->57011K(1101824K)
[169.841s][info ][gc           ] GC(236) Pause Young (Allocation Failure) 511M->276M(852M) 5.273ms
[169.841s][info ][gc,cpu       ] GC(236) User=0.02s Sys=0.00s Real=0.00s
[169.841s][info ][safepoint    ] Leaving safepoint region
[169.841s][info ][safepoint    ] Total time for which application threads were stopped: 0.0054401 seconds, Stopping threads took: 0.0000144 seconds
[170.773s][info ][safepoint    ] Application time: 0.9317179 seconds
[170.773s][info ][safepoint    ] Entering safepoint region: GenCollectForAllocation
[170.773s][info ][gc,start     ] GC(237) Pause Young (Allocation Failure)
[170.773s][info ][gc,task      ] GC(237) Using 4 workers of 4 for evacuation
[170.777s][debug][gc,ref       ] GC(237) Skipped phase1 of Reference Processing due to unavailable references
[170.777s][debug][gc,ref       ] GC(237) Skipped phase2 of Reference Processing due to unavailable references
[170.777s][debug][gc,ref       ] GC(237) Skipped phase3 of Reference Processing due to unavailable references
[170.777s][debug][gc,ref       ] GC(237) Skipped phase4 of Reference Processing due to unavailable references
[170.777s][debug][gc,age       ] GC(237) Desired survivor size 15400960 bytes, new threshold 6 (max threshold 6)
[170.777s][info ][gc,heap      ] GC(237) ParNew: 243960K->3694K(270976K)
[170.777s][info ][gc,heap      ] GC(237) CMS: 280513K->280647K(602112K)
[170.777s][info ][gc,metaspace ] GC(237) Metaspace: 57041K->57041K(1101824K)
[170.777s][info ][gc           ] GC(237) Pause Young (Allocation Failure) 512M->277M(852M) 4.341ms
[170.777s][info ][gc,cpu       ] GC(237) User=0.02s Sys=0.00s Real=0.01s
[170.777s][info ][safepoint    ] Leaving safepoint region
[170.777s][info ][safepoint    ] Total time for which application threads were stopped: 0.0045726 seconds, Stopping threads took: 0.0000139 seconds
[171.715s][info ][safepoint    ] Application time: 0.9373340 seconds
[171.715s][info ][safepoint    ] Entering safepoint region: GenCollectForAllocation
[171.715s][info ][gc,start     ] GC(238) Pause Young (Allocation Failure)
[171.715s][info ][gc,task      ] GC(238) Using 4 workers of 4 for evacuation
[171.719s][debug][gc,ref       ] GC(238) Skipped phase1 of Reference Processing due to unavailable references
[171.719s][debug][gc,ref       ] GC(238) Skipped phase2 of Reference Processing due to unavailable references
[171.719s][debug][gc,ref       ] GC(238) Skipped phase3 of Reference Processing due to unavailable references
[171.719s][debug][gc,ref       ] GC(238) Skipped phase4 of Reference Processing due to unavailable references
[171.719s][debug][gc,age       ] GC(238) Desired survivor size 15400960 bytes, new threshold 6 (max threshold 6)
[171.719s][info ][gc,heap      ] GC(238) ParNew: 244590K->4341K(270976K)
[171.719s][info ][gc,heap      ] GC(238) CMS: 280647K->280656K(602112K)
[171.719s][info ][gc,metaspace ] GC(238) Metaspace: 57044K->57044K(1101824K)
[171.719s][info ][gc           ] GC(238) Pause Young (Allocation Failure) 512M->278M(852M) 4.065ms
[171.719s][info ][gc,cpu       ] GC(238) User=0.01s Sys=0.00s Real=0.01s
[171.719s][info ][safepoint    ] Leaving safepoint region
[171.719s][info ][safepoint    ] Total time for which application threads were stopped: 0.0042212 seconds, Stopping threads took: 0.0000145 seconds
[172.719s][info ][safepoint    ] Application time: 1.0000938 seconds
[172.719s][info ][safepoint    ] Entering safepoint region: Cleanup
[172.719s][info ][safepoint    ] Leaving safepoint region
[172.719s][info ][safepoint    ] Total time for which application threads were stopped: 0.0001219 seconds, Stopping threads took: 0.0000502 seconds
[172.764s][info ][safepoint    ] Application time: 0.0451797 seconds
[172.764s][info ][safepoint    ] Entering safepoint region: GenCollectForAllocation
[172.764s][info ][gc,start     ] GC(239) Pause Young (Allocation Failure)
[172.764s][info ][gc,task      ] GC(239) Using 4 workers of 4 for evacuation
[172.768s][debug][gc,ref       ] GC(239) Skipped phase1 of Reference Processing due to unavailable references
[172.769s][debug][gc,ref       ] GC(239) Skipped phase2 of Reference Processing due to unavailable references
[172.769s][debug][gc,ref       ] GC(239) Skipped phase3 of Reference Processing due to unavailable references
[172.769s][debug][gc,ref       ] GC(239) Skipped phase4 of Reference Processing due to unavailable references
[172.769s][debug][gc,age       ] GC(239) Desired survivor size 15400960 bytes, new threshold 6 (max threshold 6)
[172.769s][info ][gc,heap      ] GC(239) ParNew: 245237K->4672K(270976K)
[172.769s][info ][gc,heap      ] GC(239) CMS: 280656K->280686K(602112K)
[172.769s][info ][gc,metaspace ] GC(239) Metaspace: 57044K->57044K(1101824K)
[172.769s][info ][gc           ] GC(239) Pause Young (Allocation Failure) 513M->278M(852M) 4.278ms
[172.769s][info ][gc,cpu       ] GC(239) User=0.02s Sys=0.00s Real=0.00s
[172.769s][info ][safepoint    ] Leaving safepoint region
[172.769s][info ][safepoint    ] Total time for which application threads were stopped: 0.0044428 seconds, Stopping threads took: 0.0000158 seconds
[173.769s][info ][safepoint    ] Application time: 1.0000921 seconds
[173.769s][info ][safepoint    ] Entering safepoint region: Cleanup
[173.769s][info ][safepoint    ] Leaving safepoint region
[173.769s][info ][safepoint    ] Total time for which application threads were stopped: 0.0001569 seconds, Stopping threads took: 0.0000711 seconds
[173.802s][info ][safepoint    ] Application time: 0.0325124 seconds
[173.802s][info ][safepoint    ] Entering safepoint region: GenCollectForAllocation
[173.802s][info ][gc,start     ] GC(240) Pause Young (Allocation Failure)
[173.802s][info ][gc,task      ] GC(240) Using 4 workers of 4 for evacuation
[173.806s][debug][gc,ref       ] GC(240) Skipped phase1 of Reference Processing due to unavailable references
[173.806s][debug][gc,ref       ] GC(240) Skipped phase2 of Reference Processing due to unavailable references
[173.806s][debug][gc,ref       ] GC(240) Skipped phase3 of Reference Processing due to unavailable references
[173.806s][debug][gc,ref       ] GC(240) Skipped phase4 of Reference Processing due to unavailable references
[173.806s][debug][gc,age       ] GC(240) Desired survivor size 15400960 bytes, new threshold 6 (max threshold 6)
[173.806s][info ][gc,heap      ] GC(240) ParNew: 245568K->4250K(270976K)
[173.806s][info ][gc,heap      ] GC(240) CMS: 280686K->280721K(602112K)
[173.806s][info ][gc,metaspace ] GC(240) Metaspace: 57044K->57044K(1101824K)
[173.806s][info ][gc           ] GC(240) Pause Young (Allocation Failure) 513M->278M(852M) 4.334ms
[173.806s][info ][gc,cpu       ] GC(240) User=0.02s Sys=0.00s Real=0.01s
[173.806s][info ][safepoint    ] Leaving safepoint region
[173.806s][info ][safepoint    ] Total time for which application threads were stopped: 0.0044832 seconds, Stopping threads took: 0.0000155 seconds
[174.806s][info ][safepoint    ] Application time: 1.0001068 seconds
[174.806s][info ][safepoint    ] Entering safepoint region: Cleanup
[174.806s][info ][safepoint    ] Leaving safepoint region
[174.806s][info ][safepoint    ] Total time for which application threads were stopped: 0.0001441 seconds, Stopping threads took: 0.0000781 seconds
[174.814s][info ][safepoint    ] Application time: 0.0077927 seconds
[174.814s][info ][safepoint    ] Entering safepoint region: GenCollectForAllocation
[174.814s][info ][gc,start     ] GC(241) Pause Young (Allocation Failure)
[174.814s][info ][gc,task      ] GC(241) Using 4 workers of 4 for evacuation
[174.818s][debug][gc,ref       ] GC(241) Skipped phase1 of Reference Processing due to unavailable references
[174.818s][debug][gc,ref       ] GC(241) Skipped phase2 of Reference Processing due to unavailable references
[174.818s][debug][gc,ref       ] GC(241) Skipped phase3 of Reference Processing due to unavailable references
[174.818s][debug][gc,ref       ] GC(241) Skipped phase4 of Reference Processing due to unavailable references
[174.819s][debug][gc,age       ] GC(241) Desired survivor size 15400960 bytes, new threshold 6 (max threshold 6)
[174.819s][info ][gc,heap      ] GC(241) ParNew: 245146K->4304K(270976K)
[174.819s][info ][gc,heap      ] GC(241) CMS: 280721K->280757K(602112K)
[174.819s][info ][gc,metaspace ] GC(241) Metaspace: 57044K->57044K(1101824K)
[174.819s][info ][gc           ] GC(241) Pause Young (Allocation Failure) 513M->278M(852M) 4.331ms
[174.819s][info ][gc,cpu       ] GC(241) User=0.02s Sys=0.00s Real=0.01s
[174.819s][info ][safepoint    ] Leaving safepoint region
[174.819s][info ][safepoint    ] Total time for which application threads were stopped: 0.0044641 seconds, Stopping threads took: 0.0000123 seconds
[175.819s][info ][safepoint    ] Application time: 1.0001190 seconds
[175.819s][info ][safepoint    ] Entering safepoint region: Cleanup
[175.819s][info ][safepoint    ] Leaving safepoint region
[175.819s][info ][safepoint    ] Total time for which application threads were stopped: 0.0001551 seconds, Stopping threads took: 0.0000810 seconds
[175.884s][info ][safepoint    ] Application time: 0.0645902 seconds
[175.884s][info ][safepoint    ] Entering safepoint region: GenCollectForAllocation
[175.884s][info ][gc,start     ] GC(242) Pause Young (Allocation Failure)
[175.884s][info ][gc,task      ] GC(242) Using 4 workers of 4 for evacuation
[175.888s][debug][gc,ref       ] GC(242) Skipped phase1 of Reference Processing due to unavailable references
[175.888s][debug][gc,ref       ] GC(242) Skipped phase2 of Reference Processing due to unavailable references
[175.888s][debug][gc,ref       ] GC(242) Skipped phase3 of Reference Processing due to unavailable references
[175.888s][debug][gc,ref       ] GC(242) Skipped phase4 of Reference Processing due to unavailable references
[175.888s][debug][gc,age       ] GC(242) Desired survivor size 15400960 bytes, new threshold 6 (max threshold 6)
[175.888s][info ][gc,heap      ] GC(242) ParNew: 245200K->4313K(270976K)
[175.888s][info ][gc,heap      ] GC(242) CMS: 280757K->280872K(602112K)
[175.888s][info ][gc,metaspace ] GC(242) Metaspace: 57046K->57046K(1101824K)
[175.888s][info ][gc           ] GC(242) Pause Young (Allocation Failure) 513M->278M(852M) 4.595ms
[175.888s][info ][gc,cpu       ] GC(242) User=0.01s Sys=0.00s Real=0.00s
[175.888s][info ][safepoint    ] Leaving safepoint region
[175.888s][info ][safepoint    ] Total time for which application threads were stopped: 0.0047486 seconds, Stopping threads took: 0.0000137 seconds
[176.887s][info ][safepoint    ] Application time: 0.9984230 seconds
[176.887s][info ][safepoint    ] Entering safepoint region: GenCollectForAllocation
[176.887s][info ][gc,start     ] GC(243) Pause Young (Allocation Failure)
[176.887s][info ][gc,task      ] GC(243) Using 4 workers of 4 for evacuation
[176.893s][debug][gc,ref       ] GC(243) Skipped phase1 of Reference Processing due to unavailable references
[176.893s][debug][gc,ref       ] GC(243) Skipped phase2 of Reference Processing due to unavailable references
[176.893s][debug][gc,ref       ] GC(243) Skipped phase3 of Reference Processing due to unavailable references
[176.893s][debug][gc,ref       ] GC(243) Skipped phase4 of Reference Processing due to unavailable references
[176.893s][debug][gc,age       ] GC(243) Desired survivor size 15400960 bytes, new threshold 6 (max threshold 6)
[176.893s][info ][gc,heap      ] GC(243) ParNew: 245209K->3687K(270976K)
[176.893s][info ][gc,heap      ] GC(243) CMS: 280872K->281512K(602112K)
[176.893s][info ][gc,metaspace ] GC(243) Metaspace: 57046K->57046K(1101824K)
[176.893s][info ][gc           ] GC(243) Pause Young (Allocation Failure) 513M->278M(852M) 6.038ms
[176.893s][info ][gc,cpu       ] GC(243) User=0.02s Sys=0.00s Real=0.00s
[176.893s][info ][safepoint    ] Leaving safepoint region
[176.893s][info ][safepoint    ] Total time for which application threads were stopped: 0.0062068 seconds, Stopping threads took: 0.0000166 seconds
[177.893s][info ][safepoint    ] Application time: 1.0000939 seconds
[177.893s][info ][safepoint    ] Entering safepoint region: Cleanup
[177.893s][info ][safepoint    ] Leaving safepoint region
[177.893s][info ][safepoint    ] Total time for which application threads were stopped: 0.0000793 seconds, Stopping threads took: 0.0000142 seconds
[177.916s][info ][safepoint    ] Application time: 0.0224916 seconds
[177.916s][info ][safepoint    ] Entering safepoint region: GenCollectForAllocation
[177.916s][info ][gc,start     ] GC(244) Pause Young (Allocation Failure)
[177.916s][info ][gc,task      ] GC(244) Using 4 workers of 4 for evacuation
[177.920s][debug][gc,ref       ] GC(244) Skipped phase1 of Reference Processing due to unavailable references
[177.920s][debug][gc,ref       ] GC(244) Skipped phase2 of Reference Processing due to unavailable references
[177.920s][debug][gc,ref       ] GC(244) Skipped phase3 of Reference Processing due to unavailable references
[177.920s][debug][gc,ref       ] GC(244) Skipped phase4 of Reference Processing due to unavailable references
[177.920s][debug][gc,age       ] GC(244) Desired survivor size 15400960 bytes, new threshold 6 (max threshold 6)
[177.920s][info ][gc,heap      ] GC(244) ParNew: 244583K->4384K(270976K)
[177.920s][info ][gc,heap      ] GC(244) CMS: 281512K->281572K(602112K)
[177.920s][info ][gc,metaspace ] GC(244) Metaspace: 57046K->57046K(1101824K)
[177.920s][info ][gc           ] GC(244) Pause Young (Allocation Failure) 513M->279M(852M) 4.459ms
[177.920s][info ][gc,cpu       ] GC(244) User=0.02s Sys=0.00s Real=0.00s
[177.920s][info ][safepoint    ] Leaving safepoint region
[177.920s][info ][safepoint    ] Total time for which application threads were stopped: 0.0046073 seconds, Stopping threads took: 0.0000141 seconds
[178.921s][info ][safepoint    ] Application time: 1.0001072 seconds
[178.921s][info ][safepoint    ] Entering safepoint region: Cleanup
[178.921s][info ][safepoint    ] Leaving safepoint region
[178.921s][info ][safepoint    ] Total time for which application threads were stopped: 0.0001373 seconds, Stopping threads took: 0.0000612 seconds
[178.941s][info ][safepoint    ] Application time: 0.0206855 seconds
[178.941s][info ][safepoint    ] Entering safepoint region: GenCollectForAllocation
[178.942s][info ][gc,start     ] GC(245) Pause Young (Allocation Failure)
[178.942s][info ][gc,task      ] GC(245) Using 4 workers of 4 for evacuation
[178.946s][debug][gc,ref       ] GC(245) Skipped phase1 of Reference Processing due to unavailable references
[178.946s][debug][gc,ref       ] GC(245) Skipped phase2 of Reference Processing due to unavailable references
[178.946s][debug][gc,ref       ] GC(245) Skipped phase3 of Reference Processing due to unavailable references
[178.946s][debug][gc,ref       ] GC(245) Skipped phase4 of Reference Processing due to unavailable references
[178.946s][debug][gc,age       ] GC(245) Desired survivor size 15400960 bytes, new threshold 6 (max threshold 6)
[178.946s][info ][gc,heap      ] GC(245) ParNew: 245280K->3115K(270976K)
[178.946s][info ][gc,heap      ] GC(245) CMS: 281572K->281588K(602112K)
[178.946s][info ][gc,metaspace ] GC(245) Metaspace: 57047K->57047K(1101824K)
[178.946s][info ][gc           ] GC(245) Pause Young (Allocation Failure) 514M->278M(852M) 4.671ms
[178.946s][info ][gc,cpu       ] GC(245) User=0.02s Sys=0.00s Real=0.01s
[178.946s][info ][safepoint    ] Leaving safepoint region
[178.946s][info ][safepoint    ] Total time for which application threads were stopped: 0.0048357 seconds, Stopping threads took: 0.0000142 seconds
[179.879s][info ][safepoint    ] Application time: 0.9322707 seconds
[179.879s][info ][safepoint    ] Entering safepoint region: GenCollectForAllocation
[179.879s][info ][gc,start     ] GC(246) Pause Young (Allocation Failure)
[179.879s][info ][gc,task      ] GC(246) Using 4 workers of 4 for evacuation
[179.883s][debug][gc,ref       ] GC(246) Skipped phase1 of Reference Processing due to unavailable references
[179.883s][debug][gc,ref       ] GC(246) Skipped phase2 of Reference Processing due to unavailable references
[179.883s][debug][gc,ref       ] GC(246) Skipped phase3 of Reference Processing due to unavailable references
[179.883s][debug][gc,ref       ] GC(246) Skipped phase4 of Reference Processing due to unavailable references
[179.883s][debug][gc,age       ] GC(246) Desired survivor size 15400960 bytes, new threshold 6 (max threshold 6)
[179.883s][info ][gc,heap      ] GC(246) ParNew: 244011K->3874K(270976K)
[179.883s][info ][gc,heap      ] GC(246) CMS: 281588K->281688K(602112K)
[179.883s][info ][gc,metaspace ] GC(246) Metaspace: 57048K->57048K(1101824K)
[179.883s][info ][gc           ] GC(246) Pause Young (Allocation Failure) 513M->278M(852M) 4.638ms
[179.883s][info ][gc,cpu       ] GC(246) User=0.02s Sys=0.00s Real=0.00s
[179.883s][info ][safepoint    ] Leaving safepoint region
[179.883s][info ][safepoint    ] Total time for which application threads were stopped: 0.0048003 seconds, Stopping threads took: 0.0000162 seconds
[180.883s][info ][safepoint    ] Application time: 1.0000795 seconds
[180.884s][info ][safepoint    ] Entering safepoint region: Cleanup
[180.884s][info ][safepoint    ] Leaving safepoint region
[180.884s][info ][safepoint    ] Total time for which application threads were stopped: 0.0001517 seconds, Stopping threads took: 0.0000655 seconds
[180.933s][info ][safepoint    ] Application time: 0.0497030 seconds
[180.933s][info ][safepoint    ] Entering safepoint region: GenCollectForAllocation
[180.933s][info ][gc,start     ] GC(247) Pause Young (Allocation Failure)
[180.934s][info ][gc,task      ] GC(247) Using 4 workers of 4 for evacuation
[180.938s][debug][gc,ref       ] GC(247) Skipped phase1 of Reference Processing due to unavailable references
[180.938s][debug][gc,ref       ] GC(247) Skipped phase2 of Reference Processing due to unavailable references
[180.938s][debug][gc,ref       ] GC(247) Skipped phase3 of Reference Processing due to unavailable references
[180.938s][debug][gc,ref       ] GC(247) Skipped phase4 of Reference Processing due to unavailable references
[180.938s][debug][gc,age       ] GC(247) Desired survivor size 15400960 bytes, new threshold 6 (max threshold 6)
[180.938s][info ][gc,heap      ] GC(247) ParNew: 244770K->3513K(270976K)
[180.938s][info ][gc,heap      ] GC(247) CMS: 281688K->281812K(602112K)
[180.938s][info ][gc,metaspace ] GC(247) Metaspace: 57049K->57049K(1101824K)
[180.938s][info ][gc           ] GC(247) Pause Young (Allocation Failure) 514M->278M(852M) 4.288ms
[180.938s][info ][gc,cpu       ] GC(247) User=0.01s Sys=0.00s Real=0.01s
[180.938s][info ][safepoint    ] Leaving safepoint region
[180.938s][info ][safepoint    ] Total time for which application threads were stopped: 0.0044319 seconds, Stopping threads took: 0.0000146 seconds
[181.938s][info ][safepoint    ] Application time: 1.0000942 seconds
[181.938s][info ][safepoint    ] Entering safepoint region: Cleanup
[181.938s][info ][safepoint    ] Leaving safepoint region
[181.938s][info ][safepoint    ] Total time for which application threads were stopped: 0.0001439 seconds, Stopping threads took: 0.0000716 seconds
[182.090s][info ][safepoint    ] Application time: 0.1523592 seconds
[182.090s][info ][safepoint    ] Entering safepoint region: GenCollectForAllocation
[182.091s][info ][gc,start     ] GC(248) Pause Young (Allocation Failure)
[182.091s][info ][gc,task      ] GC(248) Using 4 workers of 4 for evacuation
[182.095s][debug][gc,ref       ] GC(248) Skipped phase1 of Reference Processing due to unavailable references
[182.095s][debug][gc,ref       ] GC(248) Skipped phase2 of Reference Processing due to unavailable references
[182.095s][debug][gc,ref       ] GC(248) Skipped phase3 of Reference Processing due to unavailable references
[182.095s][debug][gc,ref       ] GC(248) Skipped phase4 of Reference Processing due to unavailable references
[182.095s][debug][gc,age       ] GC(248) Desired survivor size 15400960 bytes, new threshold 6 (max threshold 6)
[182.095s][info ][gc,heap      ] GC(248) ParNew: 244409K->2848K(270976K)
[182.095s][info ][gc,heap      ] GC(248) CMS: 281812K->282067K(602112K)
[182.095s][info ][gc,metaspace ] GC(248) Metaspace: 57049K->57049K(1101824K)
[182.095s][info ][gc           ] GC(248) Pause Young (Allocation Failure) 513M->278M(852M) 4.323ms
[182.095s][info ][gc,cpu       ] GC(248) User=0.02s Sys=0.00s Real=0.00s
[182.095s][info ][safepoint    ] Leaving safepoint region
[182.095s][info ][safepoint    ] Total time for which application threads were stopped: 0.0044841 seconds, Stopping threads took: 0.0000144 seconds
[183.073s][info ][safepoint    ] Application time: 0.9778717 seconds
[183.073s][info ][safepoint    ] Entering safepoint region: GenCollectForAllocation
[183.073s][info ][gc,start     ] GC(249) Pause Young (Allocation Failure)
[183.073s][info ][gc,task      ] GC(249) Using 4 workers of 4 for evacuation
[183.077s][debug][gc,ref       ] GC(249) Skipped phase1 of Reference Processing due to unavailable references
[183.077s][debug][gc,ref       ] GC(249) Skipped phase2 of Reference Processing due to unavailable references
[183.077s][debug][gc,ref       ] GC(249) Skipped phase3 of Reference Processing due to unavailable references
[183.077s][debug][gc,ref       ] GC(249) Skipped phase4 of Reference Processing due to unavailable references
[183.077s][debug][gc,age       ] GC(249) Desired survivor size 15400960 bytes, new threshold 6 (max threshold 6)
[183.077s][info ][gc,heap      ] GC(249) ParNew: 243744K->2727K(270976K)
[183.077s][info ][gc,heap      ] GC(249) CMS: 282067K->282364K(602112K)
[183.077s][info ][gc,metaspace ] GC(249) Metaspace: 57049K->57049K(1101824K)
[183.077s][info ][gc           ] GC(249) Pause Young (Allocation Failure) 513M->278M(852M) 4.158ms
[183.077s][info ][gc,cpu       ] GC(249) User=0.01s Sys=0.00s Real=0.01s
[183.077s][info ][safepoint    ] Leaving safepoint region
[183.077s][info ][safepoint    ] Total time for which application threads were stopped: 0.0043180 seconds, Stopping threads took: 0.0000280 seconds
[184.077s][info ][safepoint    ] Application time: 1.0000986 seconds
[184.077s][info ][safepoint    ] Entering safepoint region: Cleanup
[184.077s][info ][safepoint    ] Leaving safepoint region
[184.077s][info ][safepoint    ] Total time for which application threads were stopped: 0.0001349 seconds, Stopping threads took: 0.0000699 seconds
[184.124s][info ][safepoint    ] Application time: 0.0467097 seconds
[184.124s][info ][safepoint    ] Entering safepoint region: GenCollectForAllocation
[184.124s][info ][gc,start     ] GC(250) Pause Young (Allocation Failure)
[184.124s][info ][gc,task      ] GC(250) Using 4 workers of 4 for evacuation
[184.140s][debug][gc,ref       ] GC(250) Skipped phase1 of Reference Processing due to unavailable references
[184.140s][debug][gc,ref       ] GC(250) Skipped phase3 of Reference Processing due to unavailable references
[184.140s][debug][gc,ref       ] GC(250) Skipped phase4 of Reference Processing due to unavailable references
[184.140s][debug][gc,age       ] GC(250) Desired survivor size 15400960 bytes, new threshold 6 (max threshold 6)
[184.140s][info ][gc,heap      ] GC(250) ParNew: 243623K->3052K(270976K)
[184.140s][info ][gc,heap      ] GC(250) CMS: 282364K->282382K(602112K)
[184.140s][info ][gc,metaspace ] GC(250) Metaspace: 57049K->57049K(1101824K)
[184.140s][info ][gc           ] GC(250) Pause Young (Allocation Failure) 513M->278M(852M) 15.456ms
[184.140s][info ][gc,cpu       ] GC(250) User=0.04s Sys=0.01s Real=0.01s
[184.140s][info ][safepoint    ] Leaving safepoint region
[184.140s][info ][safepoint    ] Total time for which application threads were stopped: 0.0156226 seconds, Stopping threads took: 0.0000137 seconds
[185.113s][info ][safepoint    ] Application time: 0.9736144 seconds
[185.114s][info ][safepoint    ] Entering safepoint region: GenCollectForAllocation
[185.114s][info ][gc,start     ] GC(251) Pause Young (Allocation Failure)
[185.114s][info ][gc,task      ] GC(251) Using 4 workers of 4 for evacuation
[185.117s][debug][gc,ref       ] GC(251) Skipped phase1 of Reference Processing due to unavailable references
[185.117s][debug][gc,ref       ] GC(251) Skipped phase3 of Reference Processing due to unavailable references
[185.117s][debug][gc,ref       ] GC(251) Skipped phase4 of Reference Processing due to unavailable references
[185.118s][debug][gc,age       ] GC(251) Desired survivor size 15400960 bytes, new threshold 6 (max threshold 6)
[185.118s][info ][gc,heap      ] GC(251) ParNew: 243948K->3056K(270976K)
[185.118s][info ][gc,heap      ] GC(251) CMS: 282382K->282429K(602112K)
[185.118s][info ][gc,metaspace ] GC(251) Metaspace: 57051K->57051K(1101824K)
[185.118s][info ][gc           ] GC(251) Pause Young (Allocation Failure) 513M->278M(852M) 3.941ms
[185.118s][info ][gc,cpu       ] GC(251) User=0.01s Sys=0.00s Real=0.01s
[185.118s][info ][safepoint    ] Leaving safepoint region
[185.118s][info ][safepoint    ] Total time for which application threads were stopped: 0.0041456 seconds, Stopping threads took: 0.0000531 seconds
[186.118s][info ][safepoint    ] Application time: 1.0000995 seconds
[186.118s][info ][safepoint    ] Entering safepoint region: Cleanup
[186.118s][info ][safepoint    ] Leaving safepoint region
[186.118s][info ][safepoint    ] Total time for which application threads were stopped: 0.0001763 seconds, Stopping threads took: 0.0000825 seconds
[186.121s][info ][safepoint    ] Application time: 0.0034656 seconds
[186.121s][info ][safepoint    ] Entering safepoint region: GenCollectForAllocation
[186.122s][info ][gc,start     ] GC(252) Pause Young (Allocation Failure)
[186.122s][info ][gc,task      ] GC(252) Using 4 workers of 4 for evacuation
[186.128s][debug][gc,ref       ] GC(252) Skipped phase1 of Reference Processing due to unavailable references
[186.128s][debug][gc,ref       ] GC(252) Skipped phase3 of Reference Processing due to unavailable references
[186.128s][debug][gc,ref       ] GC(252) Skipped phase4 of Reference Processing due to unavailable references
[186.129s][debug][gc,age       ] GC(252) Desired survivor size 15400960 bytes, new threshold 6 (max threshold 6)
[186.129s][info ][gc,heap      ] GC(252) ParNew: 243952K->2488K(270976K)
[186.129s][info ][gc,heap      ] GC(252) CMS: 282429K->282528K(602112K)
[186.129s][info ][gc,metaspace ] GC(252) Metaspace: 57051K->57051K(1101824K)
[186.129s][info ][gc           ] GC(252) Pause Young (Allocation Failure) 514M->278M(852M) 7.053ms
[186.129s][info ][gc,cpu       ] GC(252) User=0.02s Sys=0.00s Real=0.01s
[186.129s][info ][safepoint    ] Leaving safepoint region
[186.129s][info ][safepoint    ] Total time for which application threads were stopped: 0.0072352 seconds, Stopping threads took: 0.0000108 seconds
[187.118s][info ][safepoint    ] Application time: 0.9891176 seconds
[187.118s][info ][safepoint    ] Entering safepoint region: GenCollectForAllocation
[187.118s][info ][gc,start     ] GC(253) Pause Young (Allocation Failure)
[187.118s][info ][gc,task      ] GC(253) Using 4 workers of 4 for evacuation
[187.121s][debug][gc,ref       ] GC(253) Skipped phase1 of Reference Processing due to unavailable references
[187.121s][debug][gc,ref       ] GC(253) Skipped phase3 of Reference Processing due to unavailable references
[187.121s][debug][gc,ref       ] GC(253) Skipped phase4 of Reference Processing due to unavailable references
[187.122s][debug][gc,age       ] GC(253) Desired survivor size 15400960 bytes, new threshold 6 (max threshold 6)
[187.122s][info ][gc,heap      ] GC(253) ParNew: 243384K->2914K(270976K)
[187.122s][info ][gc,heap      ] GC(253) CMS: 282528K->282544K(602112K)
[187.122s][info ][gc,metaspace ] GC(253) Metaspace: 57051K->57051K(1101824K)
[187.122s][info ][gc           ] GC(253) Pause Young (Allocation Failure) 513M->278M(852M) 3.641ms
[187.122s][info ][gc,cpu       ] GC(253) User=0.01s Sys=0.00s Real=0.00s
[187.122s][info ][safepoint    ] Leaving safepoint region
[187.122s][info ][safepoint    ] Total time for which application threads were stopped: 0.0037961 seconds, Stopping threads took: 0.0000157 seconds
[188.096s][info ][safepoint    ] Application time: 0.9739272 seconds
[188.096s][info ][safepoint    ] Entering safepoint region: GenCollectForAllocation
[188.096s][info ][gc,start     ] GC(254) Pause Young (Allocation Failure)
[188.096s][info ][gc,task      ] GC(254) Using 4 workers of 4 for evacuation
[188.099s][debug][gc,ref       ] GC(254) Skipped phase1 of Reference Processing due to unavailable references
[188.099s][debug][gc,ref       ] GC(254) Skipped phase3 of Reference Processing due to unavailable references
[188.099s][debug][gc,ref       ] GC(254) Skipped phase4 of Reference Processing due to unavailable references
[188.099s][debug][gc,age       ] GC(254) Desired survivor size 15400960 bytes, new threshold 6 (max threshold 6)
[188.099s][info ][gc,heap      ] GC(254) ParNew: 243810K->2936K(270976K)
[188.099s][info ][gc,heap      ] GC(254) CMS: 282544K->282548K(602112K)
[188.099s][info ][gc,metaspace ] GC(254) Metaspace: 57051K->57051K(1101824K)
[188.099s][info ][gc           ] GC(254) Pause Young (Allocation Failure) 514M->278M(852M) 3.595ms
[188.099s][info ][gc,cpu       ] GC(254) User=0.02s Sys=0.00s Real=0.00s
[188.099s][info ][safepoint    ] Leaving safepoint region
[188.099s][info ][safepoint    ] Total time for which application threads were stopped: 0.0037692 seconds, Stopping threads took: 0.0000172 seconds
[189.025s][info ][safepoint    ] Application time: 0.9254668 seconds
[189.025s][info ][safepoint    ] Entering safepoint region: GenCollectForAllocation
[189.025s][info ][gc,start     ] GC(255) Pause Young (Allocation Failure)
[189.025s][info ][gc,task      ] GC(255) Using 4 workers of 4 for evacuation
[189.029s][debug][gc,ref       ] GC(255) Skipped phase1 of Reference Processing due to unavailable references
[189.029s][debug][gc,ref       ] GC(255) Skipped phase3 of Reference Processing due to unavailable references
[189.029s][debug][gc,ref       ] GC(255) Skipped phase4 of Reference Processing due to unavailable references
[189.029s][debug][gc,age       ] GC(255) Desired survivor size 15400960 bytes, new threshold 6 (max threshold 6)
[189.029s][info ][gc,heap      ] GC(255) ParNew: 243832K->2820K(270976K)
[189.029s][info ][gc,heap      ] GC(255) CMS: 282548K->282557K(602112K)
[189.029s][info ][gc,metaspace ] GC(255) Metaspace: 57051K->57051K(1101824K)
[189.029s][info ][gc           ] GC(255) Pause Young (Allocation Failure) 514M->278M(852M) 4.151ms
[189.029s][info ][gc,cpu       ] GC(255) User=0.01s Sys=0.00s Real=0.00s
[189.029s][info ][safepoint    ] Leaving safepoint region
[189.029s][info ][safepoint    ] Total time for which application threads were stopped: 0.0043067 seconds, Stopping threads took: 0.0000149 seconds
[190.005s][info ][safepoint    ] Application time: 0.9757895 seconds
[190.005s][info ][safepoint    ] Entering safepoint region: GenCollectForAllocation
[190.005s][info ][gc,start     ] GC(256) Pause Young (Allocation Failure)
[190.005s][info ][gc,task      ] GC(256) Using 4 workers of 4 for evacuation
[190.009s][debug][gc,ref       ] GC(256) Skipped phase1 of Reference Processing due to unavailable references
[190.009s][debug][gc,ref       ] GC(256) Skipped phase3 of Reference Processing due to unavailable references
[190.009s][debug][gc,ref       ] GC(256) Skipped phase4 of Reference Processing due to unavailable references
[190.009s][debug][gc,age       ] GC(256) Desired survivor size 15400960 bytes, new threshold 6 (max threshold 6)
[190.009s][info ][gc,heap      ] GC(256) ParNew: 243716K->2611K(270976K)
[190.009s][info ][gc,heap      ] GC(256) CMS: 282557K->282682K(602112K)
[190.009s][info ][gc,metaspace ] GC(256) Metaspace: 57051K->57051K(1101824K)
[190.009s][info ][gc           ] GC(256) Pause Young (Allocation Failure) 513M->278M(852M) 4.137ms
[190.009s][info ][gc,cpu       ] GC(256) User=0.02s Sys=0.00s Real=0.00s
[190.009s][info ][safepoint    ] Leaving safepoint region
[190.009s][info ][safepoint    ] Total time for which application threads were stopped: 0.0043230 seconds, Stopping threads took: 0.0000148 seconds
[190.914s][info ][safepoint    ] Application time: 0.9044501 seconds
[190.914s][info ][safepoint    ] Entering safepoint region: GenCollectForAllocation
[190.914s][info ][gc,start     ] GC(257) Pause Young (Allocation Failure)
[190.914s][info ][gc,task      ] GC(257) Using 4 workers of 4 for evacuation
[190.918s][debug][gc,ref       ] GC(257) Skipped phase1 of Reference Processing due to unavailable references
[190.918s][debug][gc,ref       ] GC(257) Skipped phase3 of Reference Processing due to unavailable references
[190.918s][debug][gc,ref       ] GC(257) Skipped phase4 of Reference Processing due to unavailable references
[190.918s][debug][gc,age       ] GC(257) Desired survivor size 15400960 bytes, new threshold 6 (max threshold 6)
[190.918s][info ][gc,heap      ] GC(257) ParNew: 243507K->3676K(270976K)
[190.918s][info ][gc,heap      ] GC(257) CMS: 282682K->282703K(602112K)
[190.918s][info ][gc,metaspace ] GC(257) Metaspace: 57052K->57052K(1101824K)
[190.918s][info ][gc           ] GC(257) Pause Young (Allocation Failure) 513M->279M(852M) 4.144ms
[190.918s][info ][gc,cpu       ] GC(257) User=0.01s Sys=0.00s Real=0.01s
[190.918s][info ][safepoint    ] Leaving safepoint region
[190.918s][info ][safepoint    ] Total time for which application threads were stopped: 0.0042905 seconds, Stopping threads took: 0.0000137 seconds
[191.825s][info ][safepoint    ] Application time: 0.9068403 seconds
[191.825s][info ][safepoint    ] Entering safepoint region: GenCollectForAllocation
[191.825s][info ][gc,start     ] GC(258) Pause Young (Allocation Failure)
[191.825s][info ][gc,task      ] GC(258) Using 4 workers of 4 for evacuation
[191.829s][debug][gc,ref       ] GC(258) Skipped phase1 of Reference Processing due to unavailable references
[191.829s][debug][gc,ref       ] GC(258) Skipped phase3 of Reference Processing due to unavailable references
[191.829s][debug][gc,ref       ] GC(258) Skipped phase4 of Reference Processing due to unavailable references
[191.829s][debug][gc,age       ] GC(258) Desired survivor size 15400960 bytes, new threshold 6 (max threshold 6)
[191.829s][info ][gc,heap      ] GC(258) ParNew: 244572K->3075K(270976K)
[191.829s][info ][gc,heap      ] GC(258) CMS: 282703K->282727K(602112K)
[191.829s][info ][gc,metaspace ] GC(258) Metaspace: 57053K->57053K(1101824K)
[191.829s][info ][gc           ] GC(258) Pause Young (Allocation Failure) 514M->279M(852M) 4.046ms
[191.829s][info ][gc,cpu       ] GC(258) User=0.02s Sys=0.00s Real=0.00s
[191.829s][info ][safepoint    ] Leaving safepoint region
[191.829s][info ][safepoint    ] Total time for which application threads were stopped: 0.0041919 seconds, Stopping threads took: 0.0000143 seconds
[192.769s][info ][safepoint    ] Application time: 0.9400619 seconds
[192.769s][info ][safepoint    ] Entering safepoint region: GenCollectForAllocation
[192.769s][info ][gc,start     ] GC(259) Pause Young (Allocation Failure)
[192.769s][info ][gc,task      ] GC(259) Using 4 workers of 4 for evacuation
[192.774s][debug][gc,ref       ] GC(259) Skipped phase1 of Reference Processing due to unavailable references
[192.774s][debug][gc,ref       ] GC(259) Skipped phase3 of Reference Processing due to unavailable references
[192.774s][debug][gc,ref       ] GC(259) Skipped phase4 of Reference Processing due to unavailable references
[192.774s][debug][gc,age       ] GC(259) Desired survivor size 15400960 bytes, new threshold 6 (max threshold 6)
[192.774s][info ][gc,heap      ] GC(259) ParNew: 243971K->3310K(270976K)
[192.774s][info ][gc,heap      ] GC(259) CMS: 282727K->282774K(602112K)
[192.774s][info ][gc,metaspace ] GC(259) Metaspace: 57066K->57066K(1101824K)
[192.774s][info ][gc           ] GC(259) Pause Young (Allocation Failure) 514M->279M(852M) 4.618ms
[192.774s][info ][gc,cpu       ] GC(259) User=0.02s Sys=0.00s Real=0.00s
[192.774s][info ][safepoint    ] Leaving safepoint region
[192.774s][info ][safepoint    ] Total time for which application threads were stopped: 0.0047771 seconds, Stopping threads took: 0.0000152 seconds
[193.755s][info ][safepoint    ] Application time: 0.9807089 seconds
[193.755s][info ][safepoint    ] Entering safepoint region: GenCollectForAllocation
[193.755s][info ][gc,start     ] GC(260) Pause Young (Allocation Failure)
[193.755s][info ][gc,task      ] GC(260) Using 4 workers of 4 for evacuation
[193.759s][debug][gc,ref       ] GC(260) Skipped phase1 of Reference Processing due to unavailable references
[193.759s][debug][gc,ref       ] GC(260) Skipped phase2 of Reference Processing due to unavailable references
[193.759s][debug][gc,ref       ] GC(260) Skipped phase3 of Reference Processing due to unavailable references
[193.759s][debug][gc,ref       ] GC(260) Skipped phase4 of Reference Processing due to unavailable references
[193.759s][debug][gc,age       ] GC(260) Desired survivor size 15400960 bytes, new threshold 6 (max threshold 6)
[193.759s][info ][gc,heap      ] GC(260) ParNew: 244206K->3212K(270976K)
[193.759s][info ][gc,heap      ] GC(260) CMS: 282774K->282843K(602112K)
[193.759s][info ][gc,metaspace ] GC(260) Metaspace: 57066K->57066K(1101824K)
[193.759s][info ][gc           ] GC(260) Pause Young (Allocation Failure) 514M->279M(852M) 4.526ms
[193.759s][info ][gc,cpu       ] GC(260) User=0.01s Sys=0.00s Real=0.01s
[193.759s][info ][safepoint    ] Leaving safepoint region
[193.759s][info ][safepoint    ] Total time for which application threads were stopped: 0.0046900 seconds, Stopping threads took: 0.0000136 seconds
[194.685s][info ][safepoint    ] Application time: 0.9253176 seconds
[194.685s][info ][safepoint    ] Entering safepoint region: GenCollectForAllocation
[194.685s][info ][gc,start     ] GC(261) Pause Young (Allocation Failure)
[194.685s][info ][gc,task      ] GC(261) Using 4 workers of 4 for evacuation
[194.689s][debug][gc,ref       ] GC(261) Skipped phase1 of Reference Processing due to unavailable references
[194.689s][debug][gc,ref       ] GC(261) Skipped phase2 of Reference Processing due to unavailable references
[194.689s][debug][gc,ref       ] GC(261) Skipped phase3 of Reference Processing due to unavailable references
[194.689s][debug][gc,ref       ] GC(261) Skipped phase4 of Reference Processing due to unavailable references
[194.689s][debug][gc,age       ] GC(261) Desired survivor size 15400960 bytes, new threshold 6 (max threshold 6)
[194.689s][info ][gc,heap      ] GC(261) ParNew: 244108K->3077K(270976K)
[194.689s][info ][gc,heap      ] GC(261) CMS: 282843K->282879K(602112K)
[194.689s][info ][gc,metaspace ] GC(261) Metaspace: 57066K->57066K(1101824K)
[194.689s][info ][gc           ] GC(261) Pause Young (Allocation Failure) 514M->279M(852M) 4.225ms
[194.689s][info ][gc,cpu       ] GC(261) User=0.01s Sys=0.00s Real=0.00s
[194.689s][info ][safepoint    ] Leaving safepoint region
[194.689s][info ][safepoint    ] Total time for which application threads were stopped: 0.0043936 seconds, Stopping threads took: 0.0000143 seconds
[195.566s][info ][safepoint    ] Application time: 0.8764350 seconds
[195.566s][info ][safepoint    ] Entering safepoint region: GenCollectForAllocation
[195.566s][info ][gc,start     ] GC(262) Pause Young (Allocation Failure)
[195.566s][info ][gc,task      ] GC(262) Using 4 workers of 4 for evacuation
[195.570s][debug][gc,ref       ] GC(262) Skipped phase1 of Reference Processing due to unavailable references
[195.570s][debug][gc,ref       ] GC(262) Skipped phase2 of Reference Processing due to unavailable references
[195.570s][debug][gc,ref       ] GC(262) Skipped phase3 of Reference Processing due to unavailable references
[195.570s][debug][gc,ref       ] GC(262) Skipped phase4 of Reference Processing due to unavailable references
[195.570s][debug][gc,age       ] GC(262) Desired survivor size 15400960 bytes, new threshold 6 (max threshold 6)
[195.570s][info ][gc,heap      ] GC(262) ParNew: 243973K->2664K(270976K)
[195.570s][info ][gc,heap      ] GC(262) CMS: 282879K->283131K(602112K)
[195.570s][info ][gc,metaspace ] GC(262) Metaspace: 57066K->57066K(1101824K)
[195.570s][info ][gc           ] GC(262) Pause Young (Allocation Failure) 514M->279M(852M) 3.959ms
[195.570s][info ][gc,cpu       ] GC(262) User=0.01s Sys=0.00s Real=0.00s
[195.570s][info ][safepoint    ] Leaving safepoint region
[195.570s][info ][safepoint    ] Total time for which application threads were stopped: 0.0041069 seconds, Stopping threads took: 0.0000143 seconds
[196.530s][info ][safepoint    ] Application time: 0.9605692 seconds
[196.530s][info ][safepoint    ] Entering safepoint region: GenCollectForAllocation
[196.531s][info ][gc,start     ] GC(263) Pause Young (Allocation Failure)
[196.531s][info ][gc,task      ] GC(263) Using 4 workers of 4 for evacuation
[196.535s][debug][gc,ref       ] GC(263) Skipped phase1 of Reference Processing due to unavailable references
[196.535s][debug][gc,ref       ] GC(263) Skipped phase2 of Reference Processing due to unavailable references
[196.535s][debug][gc,ref       ] GC(263) Skipped phase3 of Reference Processing due to unavailable references
[196.535s][debug][gc,ref       ] GC(263) Skipped phase4 of Reference Processing due to unavailable references
[196.535s][debug][gc,age       ] GC(263) Desired survivor size 15400960 bytes, new threshold 6 (max threshold 6)
[196.535s][info ][gc,heap      ] GC(263) ParNew: 243560K->2587K(270976K)
[196.535s][info ][gc,heap      ] GC(263) CMS: 283131K->283232K(602112K)
[196.535s][info ][gc,metaspace ] GC(263) Metaspace: 57067K->57067K(1101824K)
[196.535s][info ][gc           ] GC(263) Pause Young (Allocation Failure) 514M->279M(852M) 4.721ms
[196.535s][info ][gc,cpu       ] GC(263) User=0.01s Sys=0.01s Real=0.00s
[196.535s][info ][safepoint    ] Leaving safepoint region
[196.535s][info ][safepoint    ] Total time for which application threads were stopped: 0.0048758 seconds, Stopping threads took: 0.0000153 seconds
[197.534s][info ][safepoint    ] Application time: 0.9985797 seconds
[197.534s][info ][safepoint    ] Entering safepoint region: GenCollectForAllocation
[197.534s][info ][gc,start     ] GC(264) Pause Young (Allocation Failure)
[197.534s][info ][gc,task      ] GC(264) Using 4 workers of 4 for evacuation
[197.538s][debug][gc,ref       ] GC(264) Skipped phase1 of Reference Processing due to unavailable references
[197.538s][debug][gc,ref       ] GC(264) Skipped phase2 of Reference Processing due to unavailable references
[197.538s][debug][gc,ref       ] GC(264) Skipped phase3 of Reference Processing due to unavailable references
[197.538s][debug][gc,ref       ] GC(264) Skipped phase4 of Reference Processing due to unavailable references
[197.538s][debug][gc,age       ] GC(264) Desired survivor size 15400960 bytes, new threshold 6 (max threshold 6)
[197.538s][info ][gc,heap      ] GC(264) ParNew: 243483K->2408K(270976K)
[197.538s][info ][gc,heap      ] GC(264) CMS: 283232K->283447K(602112K)
[197.538s][info ][gc,metaspace ] GC(264) Metaspace: 57070K->57070K(1101824K)
[197.538s][info ][gc           ] GC(264) Pause Young (Allocation Failure) 514M->279M(852M) 4.056ms
[197.538s][info ][gc,cpu       ] GC(264) User=0.02s Sys=0.00s Real=0.01s
[197.538s][info ][safepoint    ] Leaving safepoint region
[197.538s][info ][safepoint    ] Total time for which application threads were stopped: 0.0042277 seconds, Stopping threads took: 0.0000141 seconds
[198.455s][info ][safepoint    ] Application time: 0.9171996 seconds
[198.455s][info ][safepoint    ] Entering safepoint region: GenCollectForAllocation
[198.456s][info ][gc,start     ] GC(265) Pause Young (Allocation Failure)
[198.456s][info ][gc,task      ] GC(265) Using 4 workers of 4 for evacuation
[198.460s][debug][gc,ref       ] GC(265) Skipped phase1 of Reference Processing due to unavailable references
[198.460s][debug][gc,ref       ] GC(265) Skipped phase2 of Reference Processing due to unavailable references
[198.460s][debug][gc,ref       ] GC(265) Skipped phase3 of Reference Processing due to unavailable references
[198.460s][debug][gc,ref       ] GC(265) Skipped phase4 of Reference Processing due to unavailable references
[198.461s][debug][gc,age       ] GC(265) Desired survivor size 15400960 bytes, new threshold 6 (max threshold 6)
[198.461s][info ][gc,heap      ] GC(265) ParNew: 243304K->3425K(270976K)
[198.461s][info ][gc,heap      ] GC(265) CMS: 283447K->283515K(602112K)
[198.461s][info ][gc,metaspace ] GC(265) Metaspace: 57072K->57072K(1101824K)
[198.461s][info ][gc           ] GC(265) Pause Young (Allocation Failure) 514M->280M(852M) 5.062ms
[198.461s][info ][gc,cpu       ] GC(265) User=0.02s Sys=0.00s Real=0.00s
[198.461s][info ][safepoint    ] Leaving safepoint region
[198.461s][info ][safepoint    ] Total time for which application threads were stopped: 0.0052571 seconds, Stopping threads took: 0.0000130 seconds
[199.461s][info ][safepoint    ] Application time: 1.0001015 seconds
[199.461s][info ][safepoint    ] Entering safepoint region: Cleanup
[199.461s][info ][safepoint    ] Leaving safepoint region
[199.461s][info ][safepoint    ] Total time for which application threads were stopped: 0.0001669 seconds, Stopping threads took: 0.0000861 seconds
[199.467s][info ][safepoint    ] Application time: 0.0065460 seconds
[199.468s][info ][safepoint    ] Entering safepoint region: GenCollectForAllocation
[199.468s][info ][gc,start     ] GC(266) Pause Young (Allocation Failure)
[199.468s][info ][gc,task      ] GC(266) Using 4 workers of 4 for evacuation
[199.471s][debug][gc,ref       ] GC(266) Skipped phase1 of Reference Processing due to unavailable references
[199.471s][debug][gc,ref       ] GC(266) Skipped phase3 of Reference Processing due to unavailable references
[199.472s][debug][gc,age       ] GC(266) Desired survivor size 15400960 bytes, new threshold 6 (max threshold 6)
[199.472s][info ][gc,heap      ] GC(266) ParNew: 244321K->2725K(270976K)
[199.472s][info ][gc,heap      ] GC(266) CMS: 283515K->283549K(602112K)
[199.472s][info ][gc,metaspace ] GC(266) Metaspace: 57075K->57075K(1101824K)
[199.472s][info ][gc           ] GC(266) Pause Young (Allocation Failure) 515M->279M(852M) 3.934ms
[199.472s][info ][gc,cpu       ] GC(266) User=0.01s Sys=0.00s Real=0.00s
[199.472s][info ][safepoint    ] Leaving safepoint region
[199.472s][info ][safepoint    ] Total time for which application threads were stopped: 0.0040827 seconds, Stopping threads took: 0.0000105 seconds
[200.403s][info ][safepoint    ] Application time: 0.9316972 seconds
[200.403s][info ][safepoint    ] Entering safepoint region: GenCollectForAllocation
[200.403s][info ][gc,start     ] GC(267) Pause Young (Allocation Failure)
[200.404s][info ][gc,task      ] GC(267) Using 4 workers of 4 for evacuation
[200.408s][debug][gc,ref       ] GC(267) Skipped phase1 of Reference Processing due to unavailable references
[200.408s][debug][gc,ref       ] GC(267) Skipped phase3 of Reference Processing due to unavailable references
[200.408s][debug][gc,age       ] GC(267) Desired survivor size 15400960 bytes, new threshold 6 (max threshold 6)
[200.408s][info ][gc,heap      ] GC(267) ParNew: 243621K->3800K(270976K)
[200.408s][info ][gc,heap      ] GC(267) CMS: 283549K->283621K(602112K)
[200.408s][info ][gc,metaspace ] GC(267) Metaspace: 57082K->57082K(1101824K)
[200.408s][info ][gc           ] GC(267) Pause Young (Allocation Failure) 514M->280M(852M) 4.856ms
[200.408s][info ][gc,cpu       ] GC(267) User=0.02s Sys=0.00s Real=0.00s
[200.408s][info ][safepoint    ] Leaving safepoint region
[200.408s][info ][safepoint    ] Total time for which application threads were stopped: 0.0050615 seconds, Stopping threads took: 0.0000594 seconds
[201.338s][info ][safepoint    ] Application time: 0.9299980 seconds
[201.338s][info ][safepoint    ] Entering safepoint region: GenCollectForAllocation
[201.339s][info ][gc,start     ] GC(268) Pause Young (Allocation Failure)
[201.339s][info ][gc,task      ] GC(268) Using 4 workers of 4 for evacuation
[201.343s][debug][gc,ref       ] GC(268) Skipped phase1 of Reference Processing due to unavailable references
[201.343s][debug][gc,ref       ] GC(268) Skipped phase3 of Reference Processing due to unavailable references
[201.343s][debug][gc,ref       ] GC(268) Skipped phase4 of Reference Processing due to unavailable references
[201.343s][debug][gc,age       ] GC(268) Desired survivor size 15400960 bytes, new threshold 6 (max threshold 6)
[201.343s][info ][gc,heap      ] GC(268) ParNew: 244696K->2880K(270976K)
[201.343s][info ][gc,heap      ] GC(268) CMS: 283621K->283663K(602112K)
[201.343s][info ][gc,metaspace ] GC(268) Metaspace: 57084K->57084K(1101824K)
[201.343s][info ][gc           ] GC(268) Pause Young (Allocation Failure) 515M->279M(852M) 4.224ms
[201.343s][info ][gc,cpu       ] GC(268) User=0.02s Sys=0.00s Real=0.00s
[201.343s][info ][safepoint    ] Leaving safepoint region
[201.343s][info ][safepoint    ] Total time for which application threads were stopped: 0.0043855 seconds, Stopping threads took: 0.0000145 seconds
[202.183s][info ][safepoint    ] Application time: 0.8400190 seconds
[202.183s][info ][safepoint    ] Entering safepoint region: GenCollectForAllocation
[202.183s][info ][gc,start     ] GC(269) Pause Young (Allocation Failure)
[202.183s][info ][gc,task      ] GC(269) Using 4 workers of 4 for evacuation
[202.187s][debug][gc,ref       ] GC(269) Skipped phase1 of Reference Processing due to unavailable references
[202.187s][debug][gc,ref       ] GC(269) Skipped phase3 of Reference Processing due to unavailable references
[202.187s][debug][gc,ref       ] GC(269) Skipped phase4 of Reference Processing due to unavailable references
[202.187s][debug][gc,age       ] GC(269) Desired survivor size 15400960 bytes, new threshold 6 (max threshold 6)
[202.187s][info ][gc,heap      ] GC(269) ParNew: 243776K->3606K(270976K)
[202.187s][info ][gc,heap      ] GC(269) CMS: 283663K->283723K(602112K)
[202.187s][info ][gc,metaspace ] GC(269) Metaspace: 57084K->57084K(1101824K)
[202.187s][info ][gc           ] GC(269) Pause Young (Allocation Failure) 515M->280M(852M) 4.152ms
[202.187s][info ][gc,cpu       ] GC(269) User=0.02s Sys=0.00s Real=0.01s
[202.187s][info ][safepoint    ] Leaving safepoint region
[202.187s][info ][safepoint    ] Total time for which application threads were stopped: 0.0043091 seconds, Stopping threads took: 0.0000140 seconds
[203.128s][info ][safepoint    ] Application time: 0.9408238 seconds
[203.128s][info ][safepoint    ] Entering safepoint region: GenCollectForAllocation
[203.128s][info ][gc,start     ] GC(270) Pause Young (Allocation Failure)
[203.128s][info ][gc,task      ] GC(270) Using 4 workers of 4 for evacuation
[203.133s][debug][gc,ref       ] GC(270) Skipped phase1 of Reference Processing due to unavailable references
[203.133s][debug][gc,ref       ] GC(270) Skipped phase3 of Reference Processing due to unavailable references
[203.133s][debug][gc,ref       ] GC(270) Skipped phase4 of Reference Processing due to unavailable references
[203.133s][debug][gc,age       ] GC(270) Desired survivor size 15400960 bytes, new threshold 6 (max threshold 6)
[203.133s][info ][gc,heap      ] GC(270) ParNew: 244502K->4229K(270976K)
[203.133s][info ][gc,heap      ] GC(270) CMS: 283723K->283794K(602112K)
[203.133s][info ][gc,metaspace ] GC(270) Metaspace: 57084K->57084K(1101824K)
[203.133s][info ][gc           ] GC(270) Pause Young (Allocation Failure) 515M->281M(852M) 4.529ms
[203.133s][info ][gc,cpu       ] GC(270) User=0.02s Sys=0.00s Real=0.00s
[203.133s][info ][safepoint    ] Leaving safepoint region
[203.133s][info ][safepoint    ] Total time for which application threads were stopped: 0.0046704 seconds, Stopping threads took: 0.0000149 seconds
[204.106s][info ][safepoint    ] Application time: 0.9732200 seconds
[204.106s][info ][safepoint    ] Entering safepoint region: GenCollectForAllocation
[204.106s][info ][gc,start     ] GC(271) Pause Young (Allocation Failure)
[204.106s][info ][gc,task      ] GC(271) Using 4 workers of 4 for evacuation
[204.110s][debug][gc,ref       ] GC(271) Skipped phase1 of Reference Processing due to unavailable references
[204.110s][debug][gc,ref       ] GC(271) Skipped phase3 of Reference Processing due to unavailable references
[204.110s][debug][gc,ref       ] GC(271) Skipped phase4 of Reference Processing due to unavailable references
[204.110s][debug][gc,age       ] GC(271) Desired survivor size 15400960 bytes, new threshold 6 (max threshold 6)
[204.110s][info ][gc,heap      ] GC(271) ParNew: 245125K->3154K(270976K)
[204.110s][info ][gc,heap      ] GC(271) CMS: 283794K->283822K(602112K)
[204.110s][info ][gc,metaspace ] GC(271) Metaspace: 57084K->57084K(1101824K)
[204.110s][info ][gc           ] GC(271) Pause Young (Allocation Failure) 516M->280M(852M) 4.005ms
[204.110s][info ][gc,cpu       ] GC(271) User=0.01s Sys=0.00s Real=0.00s
[204.110s][info ][safepoint    ] Leaving safepoint region
[204.110s][info ][safepoint    ] Total time for which application threads were stopped: 0.0041693 seconds, Stopping threads took: 0.0000148 seconds
[205.029s][info ][safepoint    ] Application time: 0.9184579 seconds
[205.029s][info ][safepoint    ] Entering safepoint region: GenCollectForAllocation
[205.029s][info ][gc,start     ] GC(272) Pause Young (Allocation Failure)
[205.029s][info ][gc,task      ] GC(272) Using 4 workers of 4 for evacuation
[205.034s][debug][gc,ref       ] GC(272) Skipped phase1 of Reference Processing due to unavailable references
[205.034s][debug][gc,ref       ] GC(272) Skipped phase3 of Reference Processing due to unavailable references
[205.034s][debug][gc,ref       ] GC(272) Skipped phase4 of Reference Processing due to unavailable references
[205.034s][debug][gc,age       ] GC(272) Desired survivor size 15400960 bytes, new threshold 6 (max threshold 6)
[205.034s][info ][gc,heap      ] GC(272) ParNew: 244050K->3868K(270976K)
[205.034s][info ][gc,heap      ] GC(272) CMS: 283822K->283830K(602112K)
[205.034s][info ][gc,metaspace ] GC(272) Metaspace: 57087K->57087K(1101824K)
[205.035s][info ][gc           ] GC(272) Pause Young (Allocation Failure) 515M->280M(852M) 5.714ms
[205.035s][info ][gc,cpu       ] GC(272) User=0.03s Sys=0.00s Real=0.00s
[205.035s][info ][safepoint    ] Leaving safepoint region
[205.035s][info ][safepoint    ] Total time for which application threads were stopped: 0.0058686 seconds, Stopping threads took: 0.0000144 seconds
[205.967s][info ][safepoint    ] Application time: 0.9321720 seconds
[205.967s][info ][safepoint    ] Entering safepoint region: GenCollectForAllocation
[205.967s][info ][gc,start     ] GC(273) Pause Young (Allocation Failure)
[205.967s][info ][gc,task      ] GC(273) Using 4 workers of 4 for evacuation
[205.971s][debug][gc,ref       ] GC(273) Skipped phase1 of Reference Processing due to unavailable references
[205.971s][debug][gc,ref       ] GC(273) Skipped phase2 of Reference Processing due to unavailable references
[205.971s][debug][gc,ref       ] GC(273) Skipped phase3 of Reference Processing due to unavailable references
[205.971s][debug][gc,ref       ] GC(273) Skipped phase4 of Reference Processing due to unavailable references
[205.971s][debug][gc,age       ] GC(273) Desired survivor size 15400960 bytes, new threshold 6 (max threshold 6)
[205.971s][info ][gc,heap      ] GC(273) ParNew: 244764K->4070K(270976K)
[205.971s][info ][gc,heap      ] GC(273) CMS: 283830K->283877K(602112K)
[205.971s][info ][gc,metaspace ] GC(273) Metaspace: 57088K->57088K(1101824K)
[205.971s][info ][gc           ] GC(273) Pause Young (Allocation Failure) 516M->281M(852M) 4.066ms
[205.971s][info ][gc,cpu       ] GC(273) User=0.01s Sys=0.00s Real=0.00s
[205.971s][info ][safepoint    ] Leaving safepoint region
[205.971s][info ][safepoint    ] Total time for which application threads were stopped: 0.0042233 seconds, Stopping threads took: 0.0000139 seconds
[206.845s][info ][safepoint    ] Application time: 0.8741147 seconds
[206.845s][info ][safepoint    ] Entering safepoint region: GenCollectForAllocation
[206.845s][info ][gc,start     ] GC(274) Pause Young (Allocation Failure)
[206.845s][info ][gc,task      ] GC(274) Using 4 workers of 4 for evacuation
[206.850s][debug][gc,ref       ] GC(274) Skipped phase1 of Reference Processing due to unavailable references
[206.850s][debug][gc,ref       ] GC(274) Skipped phase2 of Reference Processing due to unavailable references
[206.850s][debug][gc,ref       ] GC(274) Skipped phase3 of Reference Processing due to unavailable references
[206.850s][debug][gc,ref       ] GC(274) Skipped phase4 of Reference Processing due to unavailable references
[206.850s][debug][gc,age       ] GC(274) Desired survivor size 15400960 bytes, new threshold 6 (max threshold 6)
[206.850s][info ][gc,heap      ] GC(274) ParNew: 244966K->3848K(270976K)
[206.850s][info ][gc,heap      ] GC(274) CMS: 283877K->284093K(602112K)
[206.850s][info ][gc,metaspace ] GC(274) Metaspace: 57088K->57088K(1101824K)
[206.850s][info ][gc           ] GC(274) Pause Young (Allocation Failure) 516M->281M(852M) 4.710ms
[206.850s][info ][gc,cpu       ] GC(274) User=0.01s Sys=0.00s Real=0.00s
[206.850s][info ][safepoint    ] Leaving safepoint region
[206.850s][info ][safepoint    ] Total time for which application threads were stopped: 0.0048923 seconds, Stopping threads took: 0.0000149 seconds
[207.773s][info ][safepoint    ] Application time: 0.9226532 seconds
[207.773s][info ][safepoint    ] Entering safepoint region: GenCollectForAllocation
[207.773s][info ][gc,start     ] GC(275) Pause Young (Allocation Failure)
[207.773s][info ][gc,task      ] GC(275) Using 4 workers of 4 for evacuation
[207.777s][debug][gc,ref       ] GC(275) Skipped phase1 of Reference Processing due to unavailable references
[207.777s][debug][gc,ref       ] GC(275) Skipped phase2 of Reference Processing due to unavailable references
[207.777s][debug][gc,ref       ] GC(275) Skipped phase3 of Reference Processing due to unavailable references
[207.777s][debug][gc,ref       ] GC(275) Skipped phase4 of Reference Processing due to unavailable references
[207.777s][debug][gc,age       ] GC(275) Desired survivor size 15400960 bytes, new threshold 6 (max threshold 6)
[207.777s][info ][gc,heap      ] GC(275) ParNew: 244744K->2980K(270976K)
[207.777s][info ][gc,heap      ] GC(275) CMS: 284093K->284413K(602112K)
[207.777s][info ][gc,metaspace ] GC(275) Metaspace: 57088K->57088K(1101824K)
[207.777s][info ][gc           ] GC(275) Pause Young (Allocation Failure) 516M->280M(852M) 4.088ms
[207.777s][info ][gc,cpu       ] GC(275) User=0.02s Sys=0.00s Real=0.01s
[207.777s][info ][safepoint    ] Leaving safepoint region
[207.777s][info ][safepoint    ] Total time for which application threads were stopped: 0.0042405 seconds, Stopping threads took: 0.0000144 seconds
[208.694s][info ][safepoint    ] Application time: 0.9172130 seconds
[208.694s][info ][safepoint    ] Entering safepoint region: GenCollectForAllocation
[208.694s][info ][gc,start     ] GC(276) Pause Young (Allocation Failure)
[208.694s][info ][gc,task      ] GC(276) Using 4 workers of 4 for evacuation
[208.698s][debug][gc,ref       ] GC(276) Skipped phase1 of Reference Processing due to unavailable references
[208.698s][debug][gc,ref       ] GC(276) Skipped phase2 of Reference Processing due to unavailable references
[208.698s][debug][gc,ref       ] GC(276) Skipped phase3 of Reference Processing due to unavailable references
[208.698s][debug][gc,ref       ] GC(276) Skipped phase4 of Reference Processing due to unavailable references
[208.698s][debug][gc,age       ] GC(276) Desired survivor size 15400960 bytes, new threshold 6 (max threshold 6)
[208.698s][info ][gc,heap      ] GC(276) ParNew: 243876K->3852K(270976K)
[208.698s][info ][gc,heap      ] GC(276) CMS: 284413K->284443K(602112K)
[208.698s][info ][gc,metaspace ] GC(276) Metaspace: 57089K->57089K(1101824K)
[208.698s][info ][gc           ] GC(276) Pause Young (Allocation Failure) 515M->281M(852M) 3.959ms
[208.698s][info ][gc,cpu       ] GC(276) User=0.01s Sys=0.00s Real=0.01s
[208.698s][info ][safepoint    ] Leaving safepoint region
[208.698s][info ][safepoint    ] Total time for which application threads were stopped: 0.0041053 seconds, Stopping threads took: 0.0000144 seconds
[209.605s][info ][safepoint    ] Application time: 0.9067066 seconds
[209.605s][info ][safepoint    ] Entering safepoint region: GenCollectForAllocation
[209.605s][info ][gc,start     ] GC(277) Pause Young (Allocation Failure)
[209.605s][info ][gc,task      ] GC(277) Using 4 workers of 4 for evacuation
[209.609s][debug][gc,ref       ] GC(277) Skipped phase1 of Reference Processing due to unavailable references
[209.609s][debug][gc,ref       ] GC(277) Skipped phase2 of Reference Processing due to unavailable references
[209.609s][debug][gc,ref       ] GC(277) Skipped phase3 of Reference Processing due to unavailable references
[209.609s][debug][gc,ref       ] GC(277) Skipped phase4 of Reference Processing due to unavailable references
[209.609s][debug][gc,age       ] GC(277) Desired survivor size 15400960 bytes, new threshold 6 (max threshold 6)
[209.609s][info ][gc,heap      ] GC(277) ParNew: 244748K->3558K(270976K)
[209.609s][info ][gc,heap      ] GC(277) CMS: 284443K->284492K(602112K)
[209.609s][info ][gc,metaspace ] GC(277) Metaspace: 57091K->57091K(1101824K)
[209.609s][info ][gc           ] GC(277) Pause Young (Allocation Failure) 516M->281M(852M) 4.046ms
[209.609s][info ][gc,cpu       ] GC(277) User=0.02s Sys=0.00s Real=0.00s
[209.609s][info ][safepoint    ] Leaving safepoint region
[209.609s][info ][safepoint    ] Total time for which application threads were stopped: 0.0042007 seconds, Stopping threads took: 0.0000151 seconds
[210.534s][info ][safepoint    ] Application time: 0.9245501 seconds
[210.534s][info ][safepoint    ] Entering safepoint region: GenCollectForAllocation
[210.534s][info ][gc,start     ] GC(278) Pause Young (Allocation Failure)
[210.534s][info ][gc,task      ] GC(278) Using 4 workers of 4 for evacuation
[210.538s][debug][gc,ref       ] GC(278) Skipped phase1 of Reference Processing due to unavailable references
[210.538s][debug][gc,ref       ] GC(278) Skipped phase2 of Reference Processing due to unavailable references
[210.538s][debug][gc,ref       ] GC(278) Skipped phase3 of Reference Processing due to unavailable references
[210.538s][debug][gc,ref       ] GC(278) Skipped phase4 of Reference Processing due to unavailable references
[210.538s][debug][gc,age       ] GC(278) Desired survivor size 15400960 bytes, new threshold 6 (max threshold 6)
[210.538s][info ][gc,heap      ] GC(278) ParNew: 244454K->3574K(270976K)
[210.538s][info ][gc,heap      ] GC(278) CMS: 284492K->284625K(602112K)
[210.538s][info ][gc,metaspace ] GC(278) Metaspace: 57091K->57091K(1101824K)
[210.538s][info ][gc           ] GC(278) Pause Young (Allocation Failure) 516M->281M(852M) 4.303ms
[210.538s][info ][gc,cpu       ] GC(278) User=0.02s Sys=0.00s Real=0.01s
[210.538s][info ][safepoint    ] Leaving safepoint region
[210.538s][info ][safepoint    ] Total time for which application threads were stopped: 0.0044545 seconds, Stopping threads took: 0.0000141 seconds
[211.437s][info ][safepoint    ] Application time: 0.8985955 seconds
[211.437s][info ][safepoint    ] Entering safepoint region: GenCollectForAllocation
[211.437s][info ][gc,start     ] GC(279) Pause Young (Allocation Failure)
[211.437s][info ][gc,task      ] GC(279) Using 4 workers of 4 for evacuation
[211.441s][debug][gc,ref       ] GC(279) Skipped phase1 of Reference Processing due to unavailable references
[211.441s][debug][gc,ref       ] GC(279) Skipped phase2 of Reference Processing due to unavailable references
[211.441s][debug][gc,ref       ] GC(279) Skipped phase3 of Reference Processing due to unavailable references
[211.441s][debug][gc,ref       ] GC(279) Skipped phase4 of Reference Processing due to unavailable references
[211.441s][debug][gc,age       ] GC(279) Desired survivor size 15400960 bytes, new threshold 6 (max threshold 6)
[211.441s][info ][gc,heap      ] GC(279) ParNew: 244470K->3472K(270976K)
[211.441s][info ][gc,heap      ] GC(279) CMS: 284625K->284651K(602112K)
[211.441s][info ][gc,metaspace ] GC(279) Metaspace: 57093K->57093K(1101824K)
[211.441s][info ][gc           ] GC(279) Pause Young (Allocation Failure) 516M->281M(852M) 4.133ms
[211.441s][info ][gc,cpu       ] GC(279) User=0.02s Sys=0.00s Real=0.00s
[211.441s][info ][safepoint    ] Leaving safepoint region
[211.441s][info ][safepoint    ] Total time for which application threads were stopped: 0.0042858 seconds, Stopping threads took: 0.0000147 seconds
[212.366s][info ][safepoint    ] Application time: 0.9247147 seconds
[212.366s][info ][safepoint    ] Entering safepoint region: GenCollectForAllocation
[212.366s][info ][gc,start     ] GC(280) Pause Young (Allocation Failure)
[212.366s][info ][gc,task      ] GC(280) Using 4 workers of 4 for evacuation
[212.370s][debug][gc,ref       ] GC(280) Skipped phase1 of Reference Processing due to unavailable references
[212.370s][debug][gc,ref       ] GC(280) Skipped phase2 of Reference Processing due to unavailable references
[212.370s][debug][gc,ref       ] GC(280) Skipped phase3 of Reference Processing due to unavailable references
[212.370s][debug][gc,ref       ] GC(280) Skipped phase4 of Reference Processing due to unavailable references
[212.370s][debug][gc,age       ] GC(280) Desired survivor size 15400960 bytes, new threshold 6 (max threshold 6)
[212.370s][info ][gc,heap      ] GC(280) ParNew: 244368K->4021K(270976K)
[212.370s][info ][gc,heap      ] GC(280) CMS: 284651K->284702K(602112K)
[212.370s][info ][gc,metaspace ] GC(280) Metaspace: 57095K->57095K(1101824K)
[212.370s][info ][gc           ] GC(280) Pause Young (Allocation Failure) 516M->281M(852M) 3.928ms
[212.370s][info ][gc,cpu       ] GC(280) User=0.02s Sys=0.00s Real=0.00s
[212.370s][info ][safepoint    ] Leaving safepoint region
[212.370s][info ][safepoint    ] Total time for which application threads were stopped: 0.0040772 seconds, Stopping threads took: 0.0000143 seconds
[213.293s][info ][safepoint    ] Application time: 0.9229653 seconds
[213.293s][info ][safepoint    ] Entering safepoint region: GenCollectForAllocation
[213.293s][info ][gc,start     ] GC(281) Pause Young (Allocation Failure)
[213.293s][info ][gc,task      ] GC(281) Using 4 workers of 4 for evacuation
[213.297s][debug][gc,ref       ] GC(281) Skipped phase1 of Reference Processing due to unavailable references
[213.297s][debug][gc,ref       ] GC(281) Skipped phase2 of Reference Processing due to unavailable references
[213.297s][debug][gc,ref       ] GC(281) Skipped phase3 of Reference Processing due to unavailable references
[213.297s][debug][gc,ref       ] GC(281) Skipped phase4 of Reference Processing due to unavailable references
[213.297s][debug][gc,age       ] GC(281) Desired survivor size 15400960 bytes, new threshold 6 (max threshold 6)
[213.297s][info ][gc,heap      ] GC(281) ParNew: 244917K->2581K(270976K)
[213.297s][info ][gc,heap      ] GC(281) CMS: 284702K->284802K(602112K)
[213.297s][info ][gc,metaspace ] GC(281) Metaspace: 57096K->57096K(1101824K)
[213.297s][info ][gc           ] GC(281) Pause Young (Allocation Failure) 517M->280M(852M) 4.231ms
[213.297s][info ][gc,cpu       ] GC(281) User=0.01s Sys=0.00s Real=0.01s
[213.297s][info ][safepoint    ] Leaving safepoint region
[213.297s][info ][safepoint    ] Total time for which application threads were stopped: 0.0043895 seconds, Stopping threads took: 0.0000169 seconds
[214.279s][info ][safepoint    ] Application time: 0.9816522 seconds
[214.279s][info ][safepoint    ] Entering safepoint region: GenCollectForAllocation
[214.279s][info ][gc,start     ] GC(282) Pause Young (Allocation Failure)
[214.279s][info ][gc,task      ] GC(282) Using 4 workers of 4 for evacuation
[214.283s][debug][gc,ref       ] GC(282) Skipped phase1 of Reference Processing due to unavailable references
[214.283s][debug][gc,ref       ] GC(282) Skipped phase2 of Reference Processing due to unavailable references
[214.283s][debug][gc,ref       ] GC(282) Skipped phase3 of Reference Processing due to unavailable references
[214.283s][debug][gc,ref       ] GC(282) Skipped phase4 of Reference Processing due to unavailable references
[214.284s][debug][gc,age       ] GC(282) Desired survivor size 15400960 bytes, new threshold 6 (max threshold 6)
[214.284s][info ][gc,heap      ] GC(282) ParNew: 243477K->2354K(270976K)
[214.284s][info ][gc,heap      ] GC(282) CMS: 284802K->285041K(602112K)
[214.284s][info ][gc,metaspace ] GC(282) Metaspace: 57097K->57097K(1101824K)
[214.284s][info ][gc           ] GC(282) Pause Young (Allocation Failure) 515M->280M(852M) 4.343ms
[214.284s][info ][gc,cpu       ] GC(282) User=0.02s Sys=0.00s Real=0.01s
[214.284s][info ][safepoint    ] Leaving safepoint region
[214.284s][info ][safepoint    ] Total time for which application threads were stopped: 0.0045085 seconds, Stopping threads took: 0.0000145 seconds
[215.174s][info ][safepoint    ] Application time: 0.8904877 seconds
[215.174s][info ][safepoint    ] Entering safepoint region: GenCollectForAllocation
[215.174s][info ][gc,start     ] GC(283) Pause Young (Allocation Failure)
[215.174s][info ][gc,task      ] GC(283) Using 4 workers of 4 for evacuation
[215.179s][debug][gc,ref       ] GC(283) Skipped phase1 of Reference Processing due to unavailable references
[215.179s][debug][gc,ref       ] GC(283) Skipped phase2 of Reference Processing due to unavailable references
[215.179s][debug][gc,ref       ] GC(283) Skipped phase3 of Reference Processing due to unavailable references
[215.179s][debug][gc,ref       ] GC(283) Skipped phase4 of Reference Processing due to unavailable references
[215.179s][debug][gc,age       ] GC(283) Desired survivor size 15400960 bytes, new threshold 6 (max threshold 6)
[215.179s][info ][gc,heap      ] GC(283) ParNew: 243250K->2780K(270976K)
[215.179s][info ][gc,heap      ] GC(283) CMS: 285041K->285124K(602112K)
[215.179s][info ][gc,metaspace ] GC(283) Metaspace: 57105K->57105K(1101824K)
[215.179s][info ][gc           ] GC(283) Pause Young (Allocation Failure) 515M->281M(852M) 5.208ms
[215.179s][info ][gc,cpu       ] GC(283) User=0.02s Sys=0.00s Real=0.01s
[215.180s][info ][safepoint    ] Leaving safepoint region
[215.180s][info ][safepoint    ] Total time for which application threads were stopped: 0.0053851 seconds, Stopping threads took: 0.0000140 seconds
[216.208s][info ][safepoint    ] Application time: 1.0287010 seconds
[216.208s][info ][safepoint    ] Entering safepoint region: GenCollectForAllocation
[216.208s][info ][gc,start     ] GC(284) Pause Young (Allocation Failure)
[216.208s][info ][gc,task      ] GC(284) Using 4 workers of 4 for evacuation
[216.213s][debug][gc,ref       ] GC(284) Skipped phase1 of Reference Processing due to unavailable references
[216.213s][debug][gc,ref       ] GC(284) Skipped phase2 of Reference Processing due to unavailable references
[216.213s][debug][gc,ref       ] GC(284) Skipped phase3 of Reference Processing due to unavailable references
[216.213s][debug][gc,ref       ] GC(284) Skipped phase4 of Reference Processing due to unavailable references
[216.213s][debug][gc,age       ] GC(284) Desired survivor size 15400960 bytes, new threshold 6 (max threshold 6)
[216.213s][info ][gc,heap      ] GC(284) ParNew: 243676K->3619K(270976K)
[216.213s][info ][gc,heap      ] GC(284) CMS: 285124K->285133K(602112K)
[216.213s][info ][gc,metaspace ] GC(284) Metaspace: 57105K->57105K(1101824K)
[216.213s][info ][gc           ] GC(284) Pause Young (Allocation Failure) 516M->281M(852M) 4.555ms
[216.213s][info ][gc,cpu       ] GC(284) User=0.01s Sys=0.00s Real=0.00s
[216.213s][info ][safepoint    ] Leaving safepoint region
[216.213s][info ][safepoint    ] Total time for which application threads were stopped: 0.0047211 seconds, Stopping threads took: 0.0000319 seconds
[217.213s][info ][safepoint    ] Application time: 0.9998024 seconds
[217.213s][info ][safepoint    ] Entering safepoint region: GenCollectForAllocation
[217.213s][info ][gc,start     ] GC(285) Pause Young (Allocation Failure)
[217.213s][info ][gc,task      ] GC(285) Using 4 workers of 4 for evacuation
[217.217s][debug][gc,ref       ] GC(285) Skipped phase1 of Reference Processing due to unavailable references
[217.217s][debug][gc,ref       ] GC(285) Skipped phase2 of Reference Processing due to unavailable references
[217.217s][debug][gc,ref       ] GC(285) Skipped phase3 of Reference Processing due to unavailable references
[217.217s][debug][gc,ref       ] GC(285) Skipped phase4 of Reference Processing due to unavailable references
[217.217s][debug][gc,age       ] GC(285) Desired survivor size 15400960 bytes, new threshold 6 (max threshold 6)
[217.217s][info ][gc,heap      ] GC(285) ParNew: 244515K->3368K(270976K)
[217.217s][info ][gc,heap      ] GC(285) CMS: 285133K->285214K(602112K)
[217.217s][info ][gc,metaspace ] GC(285) Metaspace: 57105K->57105K(1101824K)
[217.217s][info ][gc           ] GC(285) Pause Young (Allocation Failure) 517M->281M(852M) 4.148ms
[217.217s][info ][gc,cpu       ] GC(285) User=0.01s Sys=0.00s Real=0.01s
[217.217s][info ][safepoint    ] Leaving safepoint region
[217.217s][info ][safepoint    ] Total time for which application threads were stopped: 0.0043006 seconds, Stopping threads took: 0.0000138 seconds
[218.170s][info ][safepoint    ] Application time: 0.9525936 seconds
[218.170s][info ][safepoint    ] Entering safepoint region: GenCollectForAllocation
[218.170s][info ][gc,start     ] GC(286) Pause Young (Allocation Failure)
[218.170s][info ][gc,task      ] GC(286) Using 4 workers of 4 for evacuation
[218.174s][debug][gc,ref       ] GC(286) Skipped phase1 of Reference Processing due to unavailable references
[218.174s][debug][gc,ref       ] GC(286) Skipped phase2 of Reference Processing due to unavailable references
[218.174s][debug][gc,ref       ] GC(286) Skipped phase3 of Reference Processing due to unavailable references
[218.174s][debug][gc,ref       ] GC(286) Skipped phase4 of Reference Processing due to unavailable references
[218.174s][debug][gc,age       ] GC(286) Desired survivor size 15400960 bytes, new threshold 6 (max threshold 6)
[218.174s][info ][gc,heap      ] GC(286) ParNew: 244264K->4059K(270976K)
[218.174s][info ][gc,heap      ] GC(286) CMS: 285214K->285220K(602112K)
[218.174s][info ][gc,metaspace ] GC(286) Metaspace: 57105K->57105K(1101824K)
[218.174s][info ][gc           ] GC(286) Pause Young (Allocation Failure) 517M->282M(852M) 3.907ms
[218.174s][info ][gc,cpu       ] GC(286) User=0.02s Sys=0.00s Real=0.00s
[218.174s][info ][safepoint    ] Leaving safepoint region
[218.174s][info ][safepoint    ] Total time for which application threads were stopped: 0.0040749 seconds, Stopping threads took: 0.0000143 seconds
[219.135s][info ][safepoint    ] Application time: 0.9609862 seconds
[219.135s][info ][safepoint    ] Entering safepoint region: GenCollectForAllocation
[219.135s][info ][gc,start     ] GC(287) Pause Young (Allocation Failure)
[219.135s][info ][gc,task      ] GC(287) Using 4 workers of 4 for evacuation
[219.139s][debug][gc,ref       ] GC(287) Skipped phase1 of Reference Processing due to unavailable references
[219.139s][debug][gc,ref       ] GC(287) Skipped phase2 of Reference Processing due to unavailable references
[219.139s][debug][gc,ref       ] GC(287) Skipped phase3 of Reference Processing due to unavailable references
[219.139s][debug][gc,ref       ] GC(287) Skipped phase4 of Reference Processing due to unavailable references
[219.139s][debug][gc,age       ] GC(287) Desired survivor size 15400960 bytes, new threshold 6 (max threshold 6)
[219.139s][info ][gc,heap      ] GC(287) ParNew: 244955K->4143K(270976K)
[219.139s][info ][gc,heap      ] GC(287) CMS: 285220K->285294K(602112K)
[219.139s][info ][gc,metaspace ] GC(287) Metaspace: 57105K->57105K(1101824K)
[219.139s][info ][gc           ] GC(287) Pause Young (Allocation Failure) 517M->282M(852M) 4.055ms
[219.139s][info ][gc,cpu       ] GC(287) User=0.02s Sys=0.00s Real=0.01s
[219.139s][info ][safepoint    ] Leaving safepoint region
[219.139s][info ][safepoint    ] Total time for which application threads were stopped: 0.0042140 seconds, Stopping threads took: 0.0000137 seconds
[220.139s][info ][safepoint    ] Application time: 1.0001028 seconds
[220.139s][info ][safepoint    ] Entering safepoint region: Cleanup
[220.139s][info ][safepoint    ] Leaving safepoint region
[220.139s][info ][safepoint    ] Total time for which application threads were stopped: 0.0001488 seconds, Stopping threads took: 0.0000742 seconds
[220.188s][info ][safepoint    ] Application time: 0.0484118 seconds
[220.188s][info ][safepoint    ] Entering safepoint region: GenCollectForAllocation
[220.188s][info ][gc,start     ] GC(288) Pause Young (Allocation Failure)
[220.188s][info ][gc,task      ] GC(288) Using 4 workers of 4 for evacuation
[220.192s][debug][gc,ref       ] GC(288) Skipped phase1 of Reference Processing due to unavailable references
[220.192s][debug][gc,ref       ] GC(288) Skipped phase2 of Reference Processing due to unavailable references
[220.192s][debug][gc,ref       ] GC(288) Skipped phase3 of Reference Processing due to unavailable references
[220.192s][debug][gc,ref       ] GC(288) Skipped phase4 of Reference Processing due to unavailable references
[220.192s][debug][gc,age       ] GC(288) Desired survivor size 15400960 bytes, new threshold 6 (max threshold 6)
[220.192s][info ][gc,heap      ] GC(288) ParNew: 245039K->3083K(270976K)
[220.192s][info ][gc,heap      ] GC(288) CMS: 285294K->285305K(602112K)
[220.192s][info ][gc,metaspace ] GC(288) Metaspace: 57110K->57110K(1101824K)
[220.192s][info ][gc           ] GC(288) Pause Young (Allocation Failure) 517M->281M(852M) 4.165ms
[220.192s][info ][gc,cpu       ] GC(288) User=0.02s Sys=0.00s Real=0.00s
[220.192s][info ][safepoint    ] Leaving safepoint region
[220.192s][info ][safepoint    ] Total time for which application threads were stopped: 0.0043303 seconds, Stopping threads took: 0.0000137 seconds
[221.175s][info ][safepoint    ] Application time: 0.9832262 seconds
[221.175s][info ][safepoint    ] Entering safepoint region: GenCollectForAllocation
[221.176s][info ][gc,start     ] GC(289) Pause Young (Allocation Failure)
[221.176s][info ][gc,task      ] GC(289) Using 4 workers of 4 for evacuation
[221.180s][debug][gc,ref       ] GC(289) Skipped phase1 of Reference Processing due to unavailable references
[221.180s][debug][gc,ref       ] GC(289) Skipped phase2 of Reference Processing due to unavailable references
[221.180s][debug][gc,ref       ] GC(289) Skipped phase3 of Reference Processing due to unavailable references
[221.180s][debug][gc,age       ] GC(289) Desired survivor size 15400960 bytes, new threshold 6 (max threshold 6)
[221.180s][info ][gc,heap      ] GC(289) ParNew: 243979K->3826K(270976K)
[221.180s][info ][gc,heap      ] GC(289) CMS: 285305K->285406K(602112K)
[221.180s][info ][gc,metaspace ] GC(289) Metaspace: 57112K->57112K(1101824K)
[221.180s][info ][gc           ] GC(289) Pause Young (Allocation Failure) 516M->282M(852M) 4.565ms
[221.180s][info ][gc,cpu       ] GC(289) User=0.02s Sys=0.00s Real=0.00s
[221.180s][info ][safepoint    ] Leaving safepoint region
[221.180s][info ][safepoint    ] Total time for which application threads were stopped: 0.0047590 seconds, Stopping threads took: 0.0000138 seconds
[222.157s][info ][safepoint    ] Application time: 0.9767410 seconds
[222.157s][info ][safepoint    ] Entering safepoint region: GenCollectForAllocation
[222.157s][info ][gc,start     ] GC(290) Pause Young (Allocation Failure)
[222.157s][info ][gc,task      ] GC(290) Using 4 workers of 4 for evacuation
[222.162s][debug][gc,ref       ] GC(290) Skipped phase1 of Reference Processing due to unavailable references
[222.162s][debug][gc,ref       ] GC(290) Skipped phase2 of Reference Processing due to unavailable references
[222.162s][debug][gc,ref       ] GC(290) Skipped phase3 of Reference Processing due to unavailable references
[222.162s][debug][gc,ref       ] GC(290) Skipped phase4 of Reference Processing due to unavailable references
[222.162s][debug][gc,age       ] GC(290) Desired survivor size 15400960 bytes, new threshold 6 (max threshold 6)
[222.162s][info ][gc,heap      ] GC(290) ParNew: 244722K->3706K(270976K)
[222.162s][info ][gc,heap      ] GC(290) CMS: 285406K->285520K(602112K)
[222.162s][info ][gc,metaspace ] GC(290) Metaspace: 57112K->57112K(1101824K)
[222.162s][info ][gc           ] GC(290) Pause Young (Allocation Failure) 517M->282M(852M) 4.717ms
[222.162s][info ][gc,cpu       ] GC(290) User=0.02s Sys=0.00s Real=0.00s
[222.162s][info ][safepoint    ] Leaving safepoint region
[222.162s][info ][safepoint    ] Total time for which application threads were stopped: 0.0048984 seconds, Stopping threads took: 0.0000134 seconds
[223.162s][info ][safepoint    ] Application time: 1.0000980 seconds
[223.162s][info ][safepoint    ] Entering safepoint region: Cleanup
[223.162s][info ][safepoint    ] Leaving safepoint region
[223.162s][info ][safepoint    ] Total time for which application threads were stopped: 0.0001482 seconds, Stopping threads took: 0.0000730 seconds
[223.226s][info ][safepoint    ] Application time: 0.0634681 seconds
[223.226s][info ][safepoint    ] Entering safepoint region: GenCollectForAllocation
[223.226s][info ][gc,start     ] GC(291) Pause Young (Allocation Failure)
[223.226s][info ][gc,task      ] GC(291) Using 4 workers of 4 for evacuation
[223.230s][debug][gc,ref       ] GC(291) Skipped phase1 of Reference Processing due to unavailable references
[223.230s][debug][gc,ref       ] GC(291) Skipped phase2 of Reference Processing due to unavailable references
[223.230s][debug][gc,ref       ] GC(291) Skipped phase3 of Reference Processing due to unavailable references
[223.230s][debug][gc,age       ] GC(291) Desired survivor size 15400960 bytes, new threshold 6 (max threshold 6)
[223.230s][info ][gc,heap      ] GC(291) ParNew: 244602K->3172K(270976K)
[223.230s][info ][gc,heap      ] GC(291) CMS: 285520K->285656K(602112K)
[223.230s][info ][gc,metaspace ] GC(291) Metaspace: 57115K->57115K(1101824K)
[223.230s][info ][gc           ] GC(291) Pause Young (Allocation Failure) 517M->282M(852M) 4.014ms
[223.230s][info ][gc,cpu       ] GC(291) User=0.02s Sys=0.00s Real=0.00s
[223.230s][info ][safepoint    ] Leaving safepoint region
[223.230s][info ][safepoint    ] Total time for which application threads were stopped: 0.0041532 seconds, Stopping threads took: 0.0000136 seconds
[224.230s][info ][safepoint    ] Application time: 1.0001735 seconds
[224.230s][info ][safepoint    ] Entering safepoint region: Cleanup
[224.230s][info ][safepoint    ] Leaving safepoint region
[224.230s][info ][safepoint    ] Total time for which application threads were stopped: 0.0001236 seconds, Stopping threads took: 0.0000384 seconds
[224.303s][info ][safepoint    ] Application time: 0.0730544 seconds
[224.303s][info ][safepoint    ] Entering safepoint region: GenCollectForAllocation
[224.303s][info ][gc,start     ] GC(292) Pause Young (Allocation Failure)
[224.303s][info ][gc,task      ] GC(292) Using 4 workers of 4 for evacuation
[224.307s][debug][gc,ref       ] GC(292) Skipped phase1 of Reference Processing due to unavailable references
[224.307s][debug][gc,ref       ] GC(292) Skipped phase2 of Reference Processing due to unavailable references
[224.307s][debug][gc,ref       ] GC(292) Skipped phase3 of Reference Processing due to unavailable references
[224.307s][debug][gc,ref       ] GC(292) Skipped phase4 of Reference Processing due to unavailable references
[224.307s][debug][gc,age       ] GC(292) Desired survivor size 15400960 bytes, new threshold 6 (max threshold 6)
[224.307s][info ][gc,heap      ] GC(292) ParNew: 244068K->3056K(270976K)
[224.307s][info ][gc,heap      ] GC(292) CMS: 285656K->285676K(602112K)
[224.307s][info ][gc,metaspace ] GC(292) Metaspace: 57115K->57115K(1101824K)
[224.307s][info ][gc           ] GC(292) Pause Young (Allocation Failure) 517M->281M(852M) 3.777ms
[224.307s][info ][gc,cpu       ] GC(292) User=0.01s Sys=0.00s Real=0.01s
[224.307s][info ][safepoint    ] Leaving safepoint region
[224.307s][info ][safepoint    ] Total time for which application threads were stopped: 0.0039405 seconds, Stopping threads took: 0.0000436 seconds
[225.307s][info ][safepoint    ] Application time: 1.0000964 seconds
[225.307s][info ][safepoint    ] Entering safepoint region: Cleanup
[225.307s][info ][safepoint    ] Leaving safepoint region
[225.307s][info ][safepoint    ] Total time for which application threads were stopped: 0.0001490 seconds, Stopping threads took: 0.0000863 seconds
[225.326s][info ][safepoint    ] Application time: 0.0186302 seconds
[225.326s][info ][safepoint    ] Entering safepoint region: GenCollectForAllocation
[225.326s][info ][gc,start     ] GC(293) Pause Young (Allocation Failure)
[225.326s][info ][gc,task      ] GC(293) Using 4 workers of 4 for evacuation
[225.330s][debug][gc,ref       ] GC(293) Skipped phase1 of Reference Processing due to unavailable references
[225.330s][debug][gc,ref       ] GC(293) Skipped phase2 of Reference Processing due to unavailable references
[225.330s][debug][gc,ref       ] GC(293) Skipped phase3 of Reference Processing due to unavailable references
[225.330s][debug][gc,ref       ] GC(293) Skipped phase4 of Reference Processing due to unavailable references
[225.330s][debug][gc,age       ] GC(293) Desired survivor size 15400960 bytes, new threshold 6 (max threshold 6)
[225.330s][info ][gc,heap      ] GC(293) ParNew: 243952K->4011K(270976K)
[225.330s][info ][gc,heap      ] GC(293) CMS: 285676K->285949K(602112K)
[225.330s][info ][gc,metaspace ] GC(293) Metaspace: 57115K->57115K(1101824K)
[225.330s][info ][gc           ] GC(293) Pause Young (Allocation Failure) 517M->283M(852M) 4.014ms
[225.330s][info ][gc,cpu       ] GC(293) User=0.01s Sys=0.00s Real=0.00s
[225.330s][info ][safepoint    ] Leaving safepoint region
[225.330s][info ][safepoint    ] Total time for which application threads were stopped: 0.0041723 seconds, Stopping threads took: 0.0000152 seconds
[226.330s][info ][safepoint    ] Application time: 1.0001094 seconds
[226.330s][info ][safepoint    ] Entering safepoint region: Cleanup
[226.331s][info ][safepoint    ] Leaving safepoint region
[226.331s][info ][safepoint    ] Total time for which application threads were stopped: 0.0002992 seconds, Stopping threads took: 0.0000935 seconds
[226.394s][info ][safepoint    ] Application time: 0.0635090 seconds
[226.394s][info ][safepoint    ] Entering safepoint region: GenCollectForAllocation
[226.394s][info ][gc,start     ] GC(294) Pause Young (Allocation Failure)
[226.394s][info ][gc,task      ] GC(294) Using 4 workers of 4 for evacuation
[226.399s][debug][gc,ref       ] GC(294) Skipped phase1 of Reference Processing due to unavailable references
[226.399s][debug][gc,ref       ] GC(294) Skipped phase2 of Reference Processing due to unavailable references
[226.399s][debug][gc,ref       ] GC(294) Skipped phase3 of Reference Processing due to unavailable references
[226.399s][debug][gc,ref       ] GC(294) Skipped phase4 of Reference Processing due to unavailable references
[226.399s][debug][gc,age       ] GC(294) Desired survivor size 15400960 bytes, new threshold 6 (max threshold 6)
[226.399s][info ][gc,heap      ] GC(294) ParNew: 244907K->3055K(270976K)
[226.399s][info ][gc,heap      ] GC(294) CMS: 285949K->286117K(602112K)
[226.399s][info ][gc,metaspace ] GC(294) Metaspace: 57115K->57115K(1101824K)
[226.399s][info ][gc           ] GC(294) Pause Young (Allocation Failure) 518M->282M(852M) 4.418ms
[226.399s][info ][gc,cpu       ] GC(294) User=0.02s Sys=0.00s Real=0.01s
[226.399s][info ][safepoint    ] Leaving safepoint region
[226.399s][info ][safepoint    ] Total time for which application threads were stopped: 0.0045761 seconds, Stopping threads took: 0.0000164 seconds
[227.337s][info ][safepoint    ] Application time: 0.9378156 seconds
[227.337s][info ][safepoint    ] Entering safepoint region: GenCollectForAllocation
[227.337s][info ][gc,start     ] GC(295) Pause Young (Allocation Failure)
[227.337s][info ][gc,task      ] GC(295) Using 4 workers of 4 for evacuation
[227.340s][debug][gc,ref       ] GC(295) Skipped phase1 of Reference Processing due to unavailable references
[227.340s][debug][gc,ref       ] GC(295) Skipped phase2 of Reference Processing due to unavailable references
[227.340s][debug][gc,ref       ] GC(295) Skipped phase3 of Reference Processing due to unavailable references
[227.340s][debug][gc,ref       ] GC(295) Skipped phase4 of Reference Processing due to unavailable references
[227.341s][debug][gc,age       ] GC(295) Desired survivor size 15400960 bytes, new threshold 6 (max threshold 6)
[227.341s][info ][gc,heap      ] GC(295) ParNew: 243951K->3248K(270976K)
[227.341s][info ][gc,heap      ] GC(295) CMS: 286117K->286400K(602112K)
[227.341s][info ][gc,metaspace ] GC(295) Metaspace: 57115K->57115K(1101824K)
[227.341s][info ][gc           ] GC(295) Pause Young (Allocation Failure) 517M->282M(852M) 3.752ms
[227.341s][info ][gc,cpu       ] GC(295) User=0.02s Sys=0.00s Real=0.00s
[227.341s][info ][safepoint    ] Leaving safepoint region
[227.341s][info ][safepoint    ] Total time for which application threads were stopped: 0.0039275 seconds, Stopping threads took: 0.0000142 seconds
[228.300s][info ][safepoint    ] Application time: 0.9593515 seconds
[228.300s][info ][safepoint    ] Entering safepoint region: GenCollectForAllocation
[228.300s][info ][gc,start     ] GC(296) Pause Young (Allocation Failure)
[228.300s][info ][gc,task      ] GC(296) Using 4 workers of 4 for evacuation
[228.304s][debug][gc,ref       ] GC(296) Skipped phase1 of Reference Processing due to unavailable references
[228.304s][debug][gc,ref       ] GC(296) Skipped phase2 of Reference Processing due to unavailable references
[228.304s][debug][gc,ref       ] GC(296) Skipped phase3 of Reference Processing due to unavailable references
[228.304s][debug][gc,ref       ] GC(296) Skipped phase4 of Reference Processing due to unavailable references
[228.304s][debug][gc,age       ] GC(296) Desired survivor size 15400960 bytes, new threshold 6 (max threshold 6)
[228.304s][info ][gc,heap      ] GC(296) ParNew: 244144K->2591K(270976K)
[228.304s][info ][gc,heap      ] GC(296) CMS: 286400K->286416K(602112K)
[228.304s][info ][gc,metaspace ] GC(296) Metaspace: 57115K->57115K(1101824K)
[228.304s][info ][gc           ] GC(296) Pause Young (Allocation Failure) 518M->282M(852M) 4.100ms
[228.304s][info ][gc,cpu       ] GC(296) User=0.01s Sys=0.00s Real=0.01s
[228.304s][info ][safepoint    ] Leaving safepoint region
[228.304s][info ][safepoint    ] Total time for which application threads were stopped: 0.0042541 seconds, Stopping threads took: 0.0000143 seconds
[229.360s][info ][safepoint    ] Application time: 1.0552971 seconds
[229.360s][info ][safepoint    ] Entering safepoint region: GenCollectForAllocation
[229.360s][info ][gc,start     ] GC(297) Pause Young (Allocation Failure)
[229.360s][info ][gc,task      ] GC(297) Using 4 workers of 4 for evacuation
[229.364s][debug][gc,ref       ] GC(297) Skipped phase1 of Reference Processing due to unavailable references
[229.364s][debug][gc,ref       ] GC(297) Skipped phase2 of Reference Processing due to unavailable references
[229.364s][debug][gc,ref       ] GC(297) Skipped phase3 of Reference Processing due to unavailable references
[229.364s][debug][gc,ref       ] GC(297) Skipped phase4 of Reference Processing due to unavailable references
[229.364s][debug][gc,age       ] GC(297) Desired survivor size 15400960 bytes, new threshold 6 (max threshold 6)
[229.364s][info ][gc,heap      ] GC(297) ParNew: 243487K->3109K(270976K)
[229.364s][info ][gc,heap      ] GC(297) CMS: 286416K->286540K(602112K)
[229.364s][info ][gc,metaspace ] GC(297) Metaspace: 57115K->57115K(1101824K)
[229.364s][info ][gc           ] GC(297) Pause Young (Allocation Failure) 517M->282M(852M) 4.589ms
[229.364s][info ][gc,cpu       ] GC(297) User=0.01s Sys=0.00s Real=0.01s
[229.364s][info ][safepoint    ] Leaving safepoint region
[229.364s][info ][safepoint    ] Total time for which application threads were stopped: 0.0047516 seconds, Stopping threads took: 0.0000139 seconds
[230.367s][info ][safepoint    ] Application time: 1.0025874 seconds
[230.367s][info ][safepoint    ] Entering safepoint region: GenCollectForAllocation
[230.367s][info ][gc,start     ] GC(298) Pause Young (Allocation Failure)
[230.367s][info ][gc,task      ] GC(298) Using 4 workers of 4 for evacuation
[230.371s][debug][gc,ref       ] GC(298) Skipped phase1 of Reference Processing due to unavailable references
[230.371s][debug][gc,ref       ] GC(298) Skipped phase2 of Reference Processing due to unavailable references
[230.371s][debug][gc,ref       ] GC(298) Skipped phase3 of Reference Processing due to unavailable references
[230.371s][debug][gc,ref       ] GC(298) Skipped phase4 of Reference Processing due to unavailable references
[230.371s][debug][gc,age       ] GC(298) Desired survivor size 15400960 bytes, new threshold 6 (max threshold 6)
[230.371s][info ][gc,heap      ] GC(298) ParNew: 244005K->3251K(270976K)
[230.371s][info ][gc,heap      ] GC(298) CMS: 286540K->286546K(602112K)
[230.371s][info ][gc,metaspace ] GC(298) Metaspace: 57117K->57117K(1101824K)
[230.371s][info ][gc           ] GC(298) Pause Young (Allocation Failure) 518M->283M(852M) 4.077ms
[230.371s][info ][gc,cpu       ] GC(298) User=0.02s Sys=0.00s Real=0.00s
[230.371s][info ][safepoint    ] Leaving safepoint region
[230.371s][info ][safepoint    ] Total time for which application threads were stopped: 0.0042213 seconds, Stopping threads took: 0.0000137 seconds
[231.371s][info ][safepoint    ] Application time: 1.0000891 seconds
[231.371s][info ][safepoint    ] Entering safepoint region: Cleanup
[231.371s][info ][safepoint    ] Leaving safepoint region
[231.371s][info ][safepoint    ] Total time for which application threads were stopped: 0.0001732 seconds, Stopping threads took: 0.0000358 seconds
[231.448s][info ][safepoint    ] Application time: 0.0769252 seconds
[231.448s][info ][safepoint    ] Entering safepoint region: GenCollectForAllocation
[231.449s][info ][gc,start     ] GC(299) Pause Young (Allocation Failure)
[231.449s][info ][gc,task      ] GC(299) Using 4 workers of 4 for evacuation
[231.453s][debug][gc,ref       ] GC(299) Skipped phase1 of Reference Processing due to unavailable references
[231.453s][debug][gc,ref       ] GC(299) Skipped phase2 of Reference Processing due to unavailable references
[231.453s][debug][gc,ref       ] GC(299) Skipped phase3 of Reference Processing due to unavailable references
[231.453s][debug][gc,ref       ] GC(299) Skipped phase4 of Reference Processing due to unavailable references
[231.453s][debug][gc,age       ] GC(299) Desired survivor size 15400960 bytes, new threshold 6 (max threshold 6)
[231.453s][info ][gc,heap      ] GC(299) ParNew: 244147K->2549K(270976K)
[231.453s][info ][gc,heap      ] GC(299) CMS: 286546K->286731K(602112K)
[231.453s][info ][gc,metaspace ] GC(299) Metaspace: 57118K->57118K(1101824K)
[231.453s][info ][gc           ] GC(299) Pause Young (Allocation Failure) 518M->282M(852M) 4.253ms
[231.453s][info ][gc,cpu       ] GC(299) User=0.02s Sys=0.00s Real=0.00s
[231.453s][info ][safepoint    ] Leaving safepoint region
[231.453s][info ][safepoint    ] Total time for which application threads were stopped: 0.0044060 seconds, Stopping threads took: 0.0000138 seconds
[232.426s][info ][safepoint    ] Application time: 0.9728702 seconds
[232.426s][info ][safepoint    ] Entering safepoint region: GenCollectForAllocation
[232.426s][info ][gc,start     ] GC(300) Pause Young (Allocation Failure)
[232.426s][info ][gc,task      ] GC(300) Using 4 workers of 4 for evacuation
[232.430s][debug][gc,ref       ] GC(300) Skipped phase1 of Reference Processing due to unavailable references
[232.430s][debug][gc,ref       ] GC(300) Skipped phase2 of Reference Processing due to unavailable references
[232.430s][debug][gc,ref       ] GC(300) Skipped phase3 of Reference Processing due to unavailable references
[232.430s][debug][gc,ref       ] GC(300) Skipped phase4 of Reference Processing due to unavailable references
[232.430s][debug][gc,age       ] GC(300) Desired survivor size 15400960 bytes, new threshold 6 (max threshold 6)
[232.430s][info ][gc,heap      ] GC(300) ParNew: 243445K->3743K(270976K)
[232.430s][info ][gc,heap      ] GC(300) CMS: 286731K->286765K(602112K)
[232.430s][info ][gc,metaspace ] GC(300) Metaspace: 57119K->57119K(1101824K)
[232.430s][info ][gc           ] GC(300) Pause Young (Allocation Failure) 517M->283M(852M) 4.429ms
[232.430s][info ][gc,cpu       ] GC(300) User=0.02s Sys=0.00s Real=0.00s
[232.430s][info ][safepoint    ] Leaving safepoint region
[232.430s][info ][safepoint    ] Total time for which application threads were stopped: 0.0046154 seconds, Stopping threads took: 0.0000148 seconds
[233.397s][info ][safepoint    ] Application time: 0.9662262 seconds
[233.397s][info ][safepoint    ] Entering safepoint region: GenCollectForAllocation
[233.397s][info ][gc,start     ] GC(301) Pause Young (Allocation Failure)
[233.397s][info ][gc,task      ] GC(301) Using 4 workers of 4 for evacuation
[233.401s][debug][gc,ref       ] GC(301) Skipped phase1 of Reference Processing due to unavailable references
[233.401s][debug][gc,ref       ] GC(301) Skipped phase2 of Reference Processing due to unavailable references
[233.401s][debug][gc,ref       ] GC(301) Skipped phase3 of Reference Processing due to unavailable references
[233.401s][debug][gc,ref       ] GC(301) Skipped phase4 of Reference Processing due to unavailable references
[233.401s][debug][gc,age       ] GC(301) Desired survivor size 15400960 bytes, new threshold 6 (max threshold 6)
[233.401s][info ][gc,heap      ] GC(301) ParNew: 244639K->4511K(270976K)
[233.401s][info ][gc,heap      ] GC(301) CMS: 286765K->286780K(602112K)
[233.401s][info ][gc,metaspace ] GC(301) Metaspace: 57119K->57119K(1101824K)
[233.401s][info ][gc           ] GC(301) Pause Young (Allocation Failure) 518M->284M(852M) 4.128ms
[233.401s][info ][gc,cpu       ] GC(301) User=0.01s Sys=0.00s Real=0.00s
[233.401s][info ][safepoint    ] Leaving safepoint region
[233.401s][info ][safepoint    ] Total time for which application threads were stopped: 0.0042668 seconds, Stopping threads took: 0.0000130 seconds
[234.533s][info ][safepoint    ] Application time: 1.1316159 seconds
[234.533s][info ][safepoint    ] Entering safepoint region: GenCollectForAllocation
[234.533s][info ][gc,start     ] GC(302) Pause Young (Allocation Failure)
[234.533s][info ][gc,task      ] GC(302) Using 4 workers of 4 for evacuation
[234.537s][debug][gc,ref       ] GC(302) Skipped phase1 of Reference Processing due to unavailable references
[234.537s][debug][gc,ref       ] GC(302) Skipped phase2 of Reference Processing due to unavailable references
[234.537s][debug][gc,ref       ] GC(302) Skipped phase3 of Reference Processing due to unavailable references
[234.537s][debug][gc,ref       ] GC(302) Skipped phase4 of Reference Processing due to unavailable references
[234.537s][debug][gc,age       ] GC(302) Desired survivor size 15400960 bytes, new threshold 6 (max threshold 6)
[234.537s][info ][gc,heap      ] GC(302) ParNew: 245407K->3362K(270976K)
[234.537s][info ][gc,heap      ] GC(302) CMS: 286780K->286818K(602112K)
[234.537s][info ][gc,metaspace ] GC(302) Metaspace: 57119K->57119K(1101824K)
[234.537s][info ][gc           ] GC(302) Pause Young (Allocation Failure) 519M->283M(852M) 4.105ms
[234.537s][info ][gc,cpu       ] GC(302) User=0.02s Sys=0.00s Real=0.01s
[234.537s][info ][safepoint    ] Leaving safepoint region
[234.537s][info ][safepoint    ] Total time for which application threads were stopped: 0.0042542 seconds, Stopping threads took: 0.0000156 seconds
[235.537s][info ][safepoint    ] Application time: 1.0001143 seconds
[235.537s][info ][safepoint    ] Entering safepoint region: Cleanup
[235.537s][info ][safepoint    ] Leaving safepoint region
[235.537s][info ][safepoint    ] Total time for which application threads were stopped: 0.0001506 seconds, Stopping threads took: 0.0000672 seconds
[235.540s][info ][safepoint    ] Application time: 0.0031582 seconds
[235.540s][info ][safepoint    ] Entering safepoint region: GenCollectForAllocation
[235.540s][info ][gc,start     ] GC(303) Pause Young (Allocation Failure)
[235.540s][info ][gc,task      ] GC(303) Using 4 workers of 4 for evacuation
[235.544s][debug][gc,ref       ] GC(303) Skipped phase1 of Reference Processing due to unavailable references
[235.544s][debug][gc,ref       ] GC(303) Skipped phase2 of Reference Processing due to unavailable references
[235.544s][debug][gc,ref       ] GC(303) Skipped phase3 of Reference Processing due to unavailable references
[235.544s][debug][gc,ref       ] GC(303) Skipped phase4 of Reference Processing due to unavailable references
[235.545s][debug][gc,age       ] GC(303) Desired survivor size 15400960 bytes, new threshold 6 (max threshold 6)
[235.545s][info ][gc,heap      ] GC(303) ParNew: 244258K->4401K(270976K)
[235.545s][info ][gc,heap      ] GC(303) CMS: 286818K->286859K(602112K)
[235.545s][info ][gc,metaspace ] GC(303) Metaspace: 57119K->57119K(1101824K)
[235.545s][info ][gc           ] GC(303) Pause Young (Allocation Failure) 518M->284M(852M) 4.264ms
[235.545s][info ][gc,cpu       ] GC(303) User=0.02s Sys=0.00s Real=0.01s
[235.545s][info ][safepoint    ] Leaving safepoint region
[235.545s][info ][safepoint    ] Total time for which application threads were stopped: 0.0043764 seconds, Stopping threads took: 0.0000110 seconds
[236.538s][info ][safepoint    ] Application time: 0.9930301 seconds
[236.538s][info ][safepoint    ] Entering safepoint region: GenCollectForAllocation
[236.538s][info ][gc,start     ] GC(304) Pause Young (Allocation Failure)
[236.538s][info ][gc,task      ] GC(304) Using 4 workers of 4 for evacuation
[236.542s][debug][gc,ref       ] GC(304) Skipped phase1 of Reference Processing due to unavailable references
[236.542s][debug][gc,ref       ] GC(304) Skipped phase2 of Reference Processing due to unavailable references
[236.542s][debug][gc,ref       ] GC(304) Skipped phase3 of Reference Processing due to unavailable references
[236.542s][debug][gc,ref       ] GC(304) Skipped phase4 of Reference Processing due to unavailable references
[236.542s][debug][gc,age       ] GC(304) Desired survivor size 15400960 bytes, new threshold 6 (max threshold 6)
[236.542s][info ][gc,heap      ] GC(304) ParNew: 245297K->2958K(270976K)
[236.542s][info ][gc,heap      ] GC(304) CMS: 286859K->286979K(602112K)
[236.542s][info ][gc,metaspace ] GC(304) Metaspace: 57119K->57119K(1101824K)
[236.542s][info ][gc           ] GC(304) Pause Young (Allocation Failure) 519M->283M(852M) 4.564ms
[236.542s][info ][gc,cpu       ] GC(304) User=0.02s Sys=0.00s Real=0.00s
[236.542s][info ][safepoint    ] Leaving safepoint region
[236.542s][info ][safepoint    ] Total time for which application threads were stopped: 0.0047109 seconds, Stopping threads took: 0.0000149 seconds
[237.490s][info ][safepoint    ] Application time: 0.9473932 seconds
[237.490s][info ][safepoint    ] Entering safepoint region: GenCollectForAllocation
[237.490s][info ][gc,start     ] GC(305) Pause Young (Allocation Failure)
[237.490s][info ][gc,task      ] GC(305) Using 4 workers of 4 for evacuation
[237.495s][debug][gc,ref       ] GC(305) Skipped phase1 of Reference Processing due to unavailable references
[237.495s][debug][gc,ref       ] GC(305) Skipped phase2 of Reference Processing due to unavailable references
[237.495s][debug][gc,ref       ] GC(305) Skipped phase3 of Reference Processing due to unavailable references
[237.495s][debug][gc,ref       ] GC(305) Skipped phase4 of Reference Processing due to unavailable references
[237.495s][debug][gc,age       ] GC(305) Desired survivor size 15400960 bytes, new threshold 6 (max threshold 6)
[237.495s][info ][gc,heap      ] GC(305) ParNew: 243854K->3648K(270976K)
[237.495s][info ][gc,heap      ] GC(305) CMS: 286979K->287077K(602112K)
[237.495s][info ][gc,metaspace ] GC(305) Metaspace: 57120K->57120K(1101824K)
[237.495s][info ][gc           ] GC(305) Pause Young (Allocation Failure) 518M->283M(852M) 5.058ms
[237.495s][info ][gc,cpu       ] GC(305) User=0.02s Sys=0.00s Real=0.00s
[237.495s][info ][safepoint    ] Leaving safepoint region
[237.495s][info ][safepoint    ] Total time for which application threads were stopped: 0.0052145 seconds, Stopping threads took: 0.0000128 seconds
[238.495s][info ][safepoint    ] Application time: 1.0001001 seconds
[238.495s][info ][safepoint    ] Entering safepoint region: Cleanup
[238.495s][info ][safepoint    ] Leaving safepoint region
[238.495s][info ][safepoint    ] Total time for which application threads were stopped: 0.0000948 seconds, Stopping threads took: 0.0000133 seconds
[238.503s][info ][safepoint    ] Application time: 0.0077173 seconds
[238.503s][info ][safepoint    ] Entering safepoint region: GenCollectForAllocation
[238.503s][info ][gc,start     ] GC(306) Pause Young (Allocation Failure)
[238.503s][info ][gc,task      ] GC(306) Using 4 workers of 4 for evacuation
[238.508s][debug][gc,ref       ] GC(306) Skipped phase1 of Reference Processing due to unavailable references
[238.508s][debug][gc,ref       ] GC(306) Skipped phase2 of Reference Processing due to unavailable references
[238.508s][debug][gc,ref       ] GC(306) Skipped phase3 of Reference Processing due to unavailable references
[238.508s][debug][gc,ref       ] GC(306) Skipped phase4 of Reference Processing due to unavailable references
[238.508s][debug][gc,age       ] GC(306) Desired survivor size 15400960 bytes, new threshold 6 (max threshold 6)
[238.508s][info ][gc,heap      ] GC(306) ParNew: 244544K->4018K(270976K)
[238.508s][info ][gc,heap      ] GC(306) CMS: 287077K->287499K(602112K)
[238.508s][info ][gc,metaspace ] GC(306) Metaspace: 57121K->57121K(1101824K)
[238.508s][info ][gc           ] GC(306) Pause Young (Allocation Failure) 519M->284M(852M) 4.626ms
[238.508s][info ][gc,cpu       ] GC(306) User=0.02s Sys=0.00s Real=0.01s
[238.508s][info ][safepoint    ] Leaving safepoint region
[238.508s][info ][safepoint    ] Total time for which application threads were stopped: 0.0047885 seconds, Stopping threads took: 0.0000347 seconds
[239.573s][info ][safepoint    ] Application time: 1.0650721 seconds
[239.573s][info ][safepoint    ] Entering safepoint region: GenCollectForAllocation
[239.573s][info ][gc,start     ] GC(307) Pause Young (Allocation Failure)
[239.573s][info ][gc,task      ] GC(307) Using 4 workers of 4 for evacuation
[239.577s][debug][gc,ref       ] GC(307) Skipped phase1 of Reference Processing due to unavailable references
[239.577s][debug][gc,ref       ] GC(307) Skipped phase2 of Reference Processing due to unavailable references
[239.577s][debug][gc,ref       ] GC(307) Skipped phase3 of Reference Processing due to unavailable references
[239.577s][debug][gc,ref       ] GC(307) Skipped phase4 of Reference Processing due to unavailable references
[239.577s][debug][gc,age       ] GC(307) Desired survivor size 15400960 bytes, new threshold 6 (max threshold 6)
[239.577s][info ][gc,heap      ] GC(307) ParNew: 244914K->2755K(270976K)
[239.577s][info ][gc,heap      ] GC(307) CMS: 287499K->287587K(602112K)
[239.577s][info ][gc,metaspace ] GC(307) Metaspace: 57121K->57121K(1101824K)
[239.577s][info ][gc           ] GC(307) Pause Young (Allocation Failure) 519M->283M(852M) 4.089ms
[239.577s][info ][gc,cpu       ] GC(307) User=0.01s Sys=0.00s Real=0.01s
[239.577s][info ][safepoint    ] Leaving safepoint region
[239.577s][info ][safepoint    ] Total time for which application threads were stopped: 0.0042452 seconds, Stopping threads took: 0.0000136 seconds
[240.666s][info ][safepoint    ] Application time: 1.0886419 seconds
[240.666s][info ][safepoint    ] Entering safepoint region: GenCollectForAllocation
[240.666s][info ][gc,start     ] GC(308) Pause Young (Allocation Failure)
[240.666s][info ][gc,task      ] GC(308) Using 4 workers of 4 for evacuation
[240.670s][debug][gc,ref       ] GC(308) Skipped phase1 of Reference Processing due to unavailable references
[240.670s][debug][gc,ref       ] GC(308) Skipped phase2 of Reference Processing due to unavailable references
[240.670s][debug][gc,ref       ] GC(308) Skipped phase3 of Reference Processing due to unavailable references
[240.670s][debug][gc,ref       ] GC(308) Skipped phase4 of Reference Processing due to unavailable references
[240.670s][debug][gc,age       ] GC(308) Desired survivor size 15400960 bytes, new threshold 6 (max threshold 6)
[240.670s][info ][gc,heap      ] GC(308) ParNew: 243651K->3711K(270976K)
[240.670s][info ][gc,heap      ] GC(308) CMS: 287587K->287605K(602112K)
[240.670s][info ][gc,metaspace ] GC(308) Metaspace: 57123K->57123K(1101824K)
[240.670s][info ][gc           ] GC(308) Pause Young (Allocation Failure) 518M->284M(852M) 3.990ms
[240.670s][info ][gc,cpu       ] GC(308) User=0.01s Sys=0.00s Real=0.00s
[240.670s][info ][safepoint    ] Leaving safepoint region
[240.670s][info ][safepoint    ] Total time for which application threads were stopped: 0.0041462 seconds, Stopping threads took: 0.0000143 seconds
[241.670s][info ][safepoint    ] Application time: 1.0000892 seconds
[241.670s][info ][safepoint    ] Entering safepoint region: Cleanup
[241.670s][info ][safepoint    ] Leaving safepoint region
[241.670s][info ][safepoint    ] Total time for which application threads were stopped: 0.0001256 seconds, Stopping threads took: 0.0000641 seconds
[241.703s][info ][safepoint    ] Application time: 0.0328604 seconds
[241.703s][info ][safepoint    ] Entering safepoint region: GenCollectForAllocation
[241.703s][info ][gc,start     ] GC(309) Pause Young (Allocation Failure)
[241.703s][info ][gc,task      ] GC(309) Using 4 workers of 4 for evacuation
[241.707s][debug][gc,ref       ] GC(309) Skipped phase1 of Reference Processing due to unavailable references
[241.708s][debug][gc,ref       ] GC(309) Skipped phase2 of Reference Processing due to unavailable references
[241.708s][debug][gc,ref       ] GC(309) Skipped phase3 of Reference Processing due to unavailable references
[241.708s][debug][gc,ref       ] GC(309) Skipped phase4 of Reference Processing due to unavailable references
[241.708s][debug][gc,age       ] GC(309) Desired survivor size 15400960 bytes, new threshold 6 (max threshold 6)
[241.708s][info ][gc,heap      ] GC(309) ParNew: 244607K->4004K(270976K)
[241.708s][info ][gc,heap      ] GC(309) CMS: 287605K->287611K(602112K)
[241.708s][info ][gc,metaspace ] GC(309) Metaspace: 57123K->57123K(1101824K)
[241.708s][info ][gc           ] GC(309) Pause Young (Allocation Failure) 519M->284M(852M) 4.358ms
[241.708s][info ][gc,cpu       ] GC(309) User=0.01s Sys=0.00s Real=0.01s
[241.708s][info ][safepoint    ] Leaving safepoint region
[241.708s][info ][safepoint    ] Total time for which application threads were stopped: 0.0045442 seconds, Stopping threads took: 0.0000674 seconds
[242.605s][info ][safepoint    ] Application time: 0.8971623 seconds
[242.605s][info ][safepoint    ] Entering safepoint region: GenCollectForAllocation
[242.605s][info ][gc,start     ] GC(310) Pause Young (Allocation Failure)
[242.605s][info ][gc,task      ] GC(310) Using 4 workers of 4 for evacuation
[242.609s][debug][gc,ref       ] GC(310) Skipped phase1 of Reference Processing due to unavailable references
[242.609s][debug][gc,ref       ] GC(310) Skipped phase2 of Reference Processing due to unavailable references
[242.609s][debug][gc,ref       ] GC(310) Skipped phase3 of Reference Processing due to unavailable references
[242.609s][debug][gc,ref       ] GC(310) Skipped phase4 of Reference Processing due to unavailable references
[242.609s][debug][gc,age       ] GC(310) Desired survivor size 15400960 bytes, new threshold 6 (max threshold 6)
[242.609s][info ][gc,heap      ] GC(310) ParNew: 244900K->4106K(270976K)
[242.609s][info ][gc,heap      ] GC(310) CMS: 287611K->287648K(602112K)
[242.609s][info ][gc,metaspace ] GC(310) Metaspace: 57126K->57126K(1101824K)
[242.609s][info ][gc           ] GC(310) Pause Young (Allocation Failure) 520M->284M(852M) 4.309ms
[242.609s][info ][gc,cpu       ] GC(310) User=0.02s Sys=0.00s Real=0.00s
[242.609s][info ][safepoint    ] Leaving safepoint region
[242.609s][info ][safepoint    ] Total time for which application threads were stopped: 0.0044867 seconds, Stopping threads took: 0.0000427 seconds
[243.610s][info ][safepoint    ] Application time: 1.0001043 seconds
[243.610s][info ][safepoint    ] Entering safepoint region: Cleanup
[243.610s][info ][safepoint    ] Leaving safepoint region
[243.610s][info ][safepoint    ] Total time for which application threads were stopped: 0.0001426 seconds, Stopping threads took: 0.0000671 seconds
[243.633s][info ][safepoint    ] Application time: 0.0231367 seconds
[243.633s][info ][safepoint    ] Entering safepoint region: GenCollectForAllocation
[243.633s][info ][gc,start     ] GC(311) Pause Young (Allocation Failure)
[243.633s][info ][gc,task      ] GC(311) Using 4 workers of 4 for evacuation
[243.637s][debug][gc,ref       ] GC(311) Skipped phase1 of Reference Processing due to unavailable references
[243.637s][debug][gc,ref       ] GC(311) Skipped phase3 of Reference Processing due to unavailable references
[243.637s][debug][gc,ref       ] GC(311) Skipped phase4 of Reference Processing due to unavailable references
[243.637s][debug][gc,age       ] GC(311) Desired survivor size 15400960 bytes, new threshold 6 (max threshold 6)
[243.638s][info ][gc,heap      ] GC(311) ParNew: 245002K->3150K(270976K)
[243.638s][info ][gc,heap      ] GC(311) CMS: 287648K->287700K(602112K)
[243.638s][info ][gc,metaspace ] GC(311) Metaspace: 57128K->57128K(1101824K)
[243.638s][info ][gc           ] GC(311) Pause Young (Allocation Failure) 520M->284M(852M) 4.549ms
[243.638s][info ][gc,cpu       ] GC(311) User=0.01s Sys=0.00s Real=0.01s
[243.638s][info ][safepoint    ] Leaving safepoint region
[243.638s][info ][safepoint    ] Total time for which application threads were stopped: 0.0047136 seconds, Stopping threads took: 0.0000140 seconds
[244.617s][info ][safepoint    ] Application time: 0.9794472 seconds
[244.617s][info ][safepoint    ] Entering safepoint region: GenCollectForAllocation
[244.617s][info ][gc,start     ] GC(312) Pause Young (Allocation Failure)
[244.617s][info ][gc,task      ] GC(312) Using 4 workers of 4 for evacuation
[244.621s][debug][gc,ref       ] GC(312) Skipped phase1 of Reference Processing due to unavailable references
[244.621s][debug][gc,ref       ] GC(312) Skipped phase3 of Reference Processing due to unavailable references
[244.621s][debug][gc,ref       ] GC(312) Skipped phase4 of Reference Processing due to unavailable references
[244.622s][debug][gc,age       ] GC(312) Desired survivor size 15400960 bytes, new threshold 6 (max threshold 6)
[244.622s][info ][gc,heap      ] GC(312) ParNew: 244046K->3463K(270976K)
[244.622s][info ][gc,heap      ] GC(312) CMS: 287700K->287829K(602112K)
[244.622s][info ][gc,metaspace ] GC(312) Metaspace: 57128K->57128K(1101824K)
[244.622s][info ][gc           ] GC(312) Pause Young (Allocation Failure) 519M->284M(852M) 4.481ms
[244.622s][info ][gc,cpu       ] GC(312) User=0.02s Sys=0.00s Real=0.00s
[244.622s][info ][safepoint    ] Leaving safepoint region
[244.622s][info ][safepoint    ] Total time for which application threads were stopped: 0.0046336 seconds, Stopping threads took: 0.0000145 seconds
[245.622s][info ][safepoint    ] Application time: 1.0000980 seconds
[245.622s][info ][safepoint    ] Entering safepoint region: Cleanup
[245.622s][info ][safepoint    ] Leaving safepoint region
[245.622s][info ][safepoint    ] Total time for which application threads were stopped: 0.0001388 seconds, Stopping threads took: 0.0000590 seconds
[245.682s][info ][safepoint    ] Application time: 0.0595412 seconds
[245.682s][info ][safepoint    ] Entering safepoint region: GenCollectForAllocation
[245.682s][info ][gc,start     ] GC(313) Pause Young (Allocation Failure)
[245.682s][info ][gc,task      ] GC(313) Using 4 workers of 4 for evacuation
[245.686s][debug][gc,ref       ] GC(313) Skipped phase1 of Reference Processing due to unavailable references
[245.686s][debug][gc,ref       ] GC(313) Skipped phase3 of Reference Processing due to unavailable references
[245.686s][debug][gc,ref       ] GC(313) Skipped phase4 of Reference Processing due to unavailable references
[245.686s][debug][gc,age       ] GC(313) Desired survivor size 15400960 bytes, new threshold 6 (max threshold 6)
[245.686s][info ][gc,heap      ] GC(313) ParNew: 244359K->3508K(270976K)
[245.686s][info ][gc,heap      ] GC(313) CMS: 287829K->287927K(602112K)
[245.686s][info ][gc,metaspace ] GC(313) Metaspace: 57128K->57128K(1101824K)
[245.686s][info ][gc           ] GC(313) Pause Young (Allocation Failure) 519M->284M(852M) 4.068ms
[245.686s][info ][gc,cpu       ] GC(313) User=0.01s Sys=0.00s Real=0.01s
[245.686s][info ][safepoint    ] Leaving safepoint region
[245.686s][info ][safepoint    ] Total time for which application threads were stopped: 0.0042037 seconds, Stopping threads took: 0.0000142 seconds
[246.633s][info ][safepoint    ] Application time: 0.9468252 seconds
[246.633s][info ][safepoint    ] Entering safepoint region: GenCollectForAllocation
[246.633s][info ][gc,start     ] GC(314) Pause Young (Allocation Failure)
[246.633s][info ][gc,task      ] GC(314) Using 4 workers of 4 for evacuation
[246.636s][debug][gc,ref       ] GC(314) Skipped phase1 of Reference Processing due to unavailable references
[246.636s][debug][gc,ref       ] GC(314) Skipped phase3 of Reference Processing due to unavailable references
[246.636s][debug][gc,ref       ] GC(314) Skipped phase4 of Reference Processing due to unavailable references
[246.637s][debug][gc,age       ] GC(314) Desired survivor size 15400960 bytes, new threshold 6 (max threshold 6)
[246.637s][info ][gc,heap      ] GC(314) ParNew: 244404K->3372K(270976K)
[246.637s][info ][gc,heap      ] GC(314) CMS: 287927K->287931K(602112K)
[246.637s][info ][gc,metaspace ] GC(314) Metaspace: 57128K->57128K(1101824K)
[246.637s][info ][gc           ] GC(314) Pause Young (Allocation Failure) 519M->284M(852M) 3.930ms
[246.637s][info ][gc,cpu       ] GC(314) User=0.01s Sys=0.00s Real=0.01s
[246.637s][info ][safepoint    ] Leaving safepoint region
[246.637s][info ][safepoint    ] Total time for which application threads were stopped: 0.0040975 seconds, Stopping threads took: 0.0000284 seconds
[247.637s][info ][safepoint    ] Application time: 1.0000899 seconds
[247.637s][info ][safepoint    ] Entering safepoint region: Cleanup
[247.637s][info ][safepoint    ] Leaving safepoint region
[247.637s][info ][safepoint    ] Total time for which application threads were stopped: 0.0001349 seconds, Stopping threads took: 0.0000553 seconds
[247.665s][info ][safepoint    ] Application time: 0.0281126 seconds
[247.665s][info ][safepoint    ] Entering safepoint region: GenCollectForAllocation
[247.665s][info ][gc,start     ] GC(315) Pause Young (Allocation Failure)
[247.665s][info ][gc,task      ] GC(315) Using 4 workers of 4 for evacuation
[247.669s][debug][gc,ref       ] GC(315) Skipped phase1 of Reference Processing due to unavailable references
[247.669s][debug][gc,ref       ] GC(315) Skipped phase3 of Reference Processing due to unavailable references
[247.669s][debug][gc,ref       ] GC(315) Skipped phase4 of Reference Processing due to unavailable references
[247.670s][debug][gc,age       ] GC(315) Desired survivor size 15400960 bytes, new threshold 6 (max threshold 6)
[247.670s][info ][gc,heap      ] GC(315) ParNew: 244268K->2938K(270976K)
[247.670s][info ][gc,heap      ] GC(315) CMS: 287931K->288001K(602112K)
[247.670s][info ][gc,metaspace ] GC(315) Metaspace: 57128K->57128K(1101824K)
[247.670s][info ][gc           ] GC(315) Pause Young (Allocation Failure) 519M->284M(852M) 4.373ms
[247.670s][info ][gc,cpu       ] GC(315) User=0.02s Sys=0.00s Real=0.00s
[247.670s][info ][safepoint    ] Leaving safepoint region
[247.670s][info ][safepoint    ] Total time for which application threads were stopped: 0.0045041 seconds, Stopping threads took: 0.0000135 seconds
[248.719s][info ][safepoint    ] Application time: 1.0495093 seconds
[248.719s][info ][safepoint    ] Entering safepoint region: GenCollectForAllocation
[248.719s][info ][gc,start     ] GC(316) Pause Young (Allocation Failure)
[248.719s][info ][gc,task      ] GC(316) Using 4 workers of 4 for evacuation
[248.723s][debug][gc,ref       ] GC(316) Skipped phase1 of Reference Processing due to unavailable references
[248.723s][debug][gc,ref       ] GC(316) Skipped phase3 of Reference Processing due to unavailable references
[248.723s][debug][gc,ref       ] GC(316) Skipped phase4 of Reference Processing due to unavailable references
[248.723s][debug][gc,age       ] GC(316) Desired survivor size 15400960 bytes, new threshold 6 (max threshold 6)
[248.723s][info ][gc,heap      ] GC(316) ParNew: 243834K->2994K(270976K)
[248.723s][info ][gc,heap      ] GC(316) CMS: 288001K->288137K(602112K)
[248.723s][info ][gc,metaspace ] GC(316) Metaspace: 57128K->57128K(1101824K)
[248.723s][info ][gc           ] GC(316) Pause Young (Allocation Failure) 519M->284M(852M) 4.218ms
[248.724s][info ][gc,cpu       ] GC(316) User=0.02s Sys=0.00s Real=0.01s
[248.724s][info ][safepoint    ] Leaving safepoint region
[248.724s][info ][safepoint    ] Total time for which application threads were stopped: 0.0043698 seconds, Stopping threads took: 0.0000137 seconds
[249.777s][info ][safepoint    ] Application time: 1.0531160 seconds
[249.777s][info ][safepoint    ] Entering safepoint region: GenCollectForAllocation
[249.777s][info ][gc,start     ] GC(317) Pause Young (Allocation Failure)
[249.777s][info ][gc,task      ] GC(317) Using 4 workers of 4 for evacuation
[249.781s][debug][gc,ref       ] GC(317) Skipped phase1 of Reference Processing due to unavailable references
[249.781s][debug][gc,ref       ] GC(317) Skipped phase3 of Reference Processing due to unavailable references
[249.781s][debug][gc,ref       ] GC(317) Skipped phase4 of Reference Processing due to unavailable references
[249.781s][debug][gc,age       ] GC(317) Desired survivor size 15400960 bytes, new threshold 6 (max threshold 6)
[249.781s][info ][gc,heap      ] GC(317) ParNew: 243890K->3424K(270976K)
[249.781s][info ][gc,heap      ] GC(317) CMS: 288137K->288231K(602112K)
[249.781s][info ][gc,metaspace ] GC(317) Metaspace: 57128K->57128K(1101824K)
[249.781s][info ][gc           ] GC(317) Pause Young (Allocation Failure) 519M->284M(852M) 4.392ms
[249.781s][info ][gc,cpu       ] GC(317) User=0.01s Sys=0.00s Real=0.00s
[249.781s][info ][safepoint    ] Leaving safepoint region
[249.781s][info ][safepoint    ] Total time for which application threads were stopped: 0.0045738 seconds, Stopping threads took: 0.0000225 seconds
[250.776s][info ][safepoint    ] Application time: 0.9944823 seconds
[250.776s][info ][safepoint    ] Entering safepoint region: GenCollectForAllocation
[250.776s][info ][gc,start     ] GC(318) Pause Young (Allocation Failure)
[250.776s][info ][gc,task      ] GC(318) Using 4 workers of 4 for evacuation
[250.780s][debug][gc,ref       ] GC(318) Skipped phase1 of Reference Processing due to unavailable references
[250.780s][debug][gc,ref       ] GC(318) Skipped phase3 of Reference Processing due to unavailable references
[250.780s][debug][gc,ref       ] GC(318) Skipped phase4 of Reference Processing due to unavailable references
[250.780s][debug][gc,age       ] GC(318) Desired survivor size 15400960 bytes, new threshold 6 (max threshold 6)
[250.780s][info ][gc,heap      ] GC(318) ParNew: 244320K->4368K(270976K)
[250.780s][info ][gc,heap      ] GC(318) CMS: 288231K->288255K(602112K)
[250.780s][info ][gc,metaspace ] GC(318) Metaspace: 57128K->57128K(1101824K)
[250.780s][info ][gc           ] GC(318) Pause Young (Allocation Failure) 520M->285M(852M) 4.174ms
[250.780s][info ][gc,cpu       ] GC(318) User=0.02s Sys=0.00s Real=0.00s
[250.780s][info ][safepoint    ] Leaving safepoint region
[250.780s][info ][safepoint    ] Total time for which application threads were stopped: 0.0043206 seconds, Stopping threads took: 0.0000142 seconds
[251.780s][info ][safepoint    ] Application time: 1.0001082 seconds
[251.780s][info ][safepoint    ] Entering safepoint region: Cleanup
[251.780s][info ][safepoint    ] Leaving safepoint region
[251.780s][info ][safepoint    ] Total time for which application threads were stopped: 0.0001507 seconds, Stopping threads took: 0.0000570 seconds
[251.960s][info ][safepoint    ] Application time: 0.1793945 seconds
[251.960s][info ][safepoint    ] Entering safepoint region: GenCollectForAllocation
[251.960s][info ][gc,start     ] GC(319) Pause Young (Allocation Failure)
[251.960s][info ][gc,task      ] GC(319) Using 4 workers of 4 for evacuation
[251.964s][debug][gc,ref       ] GC(319) Skipped phase1 of Reference Processing due to unavailable references
[251.964s][debug][gc,ref       ] GC(319) Skipped phase3 of Reference Processing due to unavailable references
[251.964s][debug][gc,ref       ] GC(319) Skipped phase4 of Reference Processing due to unavailable references
[251.964s][debug][gc,age       ] GC(319) Desired survivor size 15400960 bytes, new threshold 6 (max threshold 6)
[251.964s][info ][gc,heap      ] GC(319) ParNew: 245264K->3047K(270976K)
[251.964s][info ][gc,heap      ] GC(319) CMS: 288255K->288313K(602112K)
[251.964s][info ][gc,metaspace ] GC(319) Metaspace: 57128K->57128K(1101824K)
[251.964s][info ][gc           ] GC(319) Pause Young (Allocation Failure) 521M->284M(852M) 4.496ms
[251.964s][info ][gc,cpu       ] GC(319) User=0.01s Sys=0.00s Real=0.01s
[251.964s][info ][safepoint    ] Leaving safepoint region
[251.965s][info ][safepoint    ] Total time for which application threads were stopped: 0.0046525 seconds, Stopping threads took: 0.0000140 seconds
[253.232s][info ][safepoint    ] Application time: 1.2672397 seconds
[253.232s][info ][safepoint    ] Entering safepoint region: GenCollectForAllocation
[253.232s][info ][gc,start     ] GC(320) Pause Young (Allocation Failure)
[253.232s][info ][gc,task      ] GC(320) Using 4 workers of 4 for evacuation
[253.236s][debug][gc,ref       ] GC(320) Skipped phase1 of Reference Processing due to unavailable references
[253.236s][debug][gc,ref       ] GC(320) Skipped phase3 of Reference Processing due to unavailable references
[253.236s][debug][gc,ref       ] GC(320) Skipped phase4 of Reference Processing due to unavailable references
[253.236s][debug][gc,age       ] GC(320) Desired survivor size 15400960 bytes, new threshold 6 (max threshold 6)
[253.236s][info ][gc,heap      ] GC(320) ParNew: 243943K->3540K(270976K)
[253.236s][info ][gc,heap      ] GC(320) CMS: 288313K->288576K(602112K)
[253.236s][info ][gc,metaspace ] GC(320) Metaspace: 57129K->57129K(1101824K)
[253.236s][info ][gc           ] GC(320) Pause Young (Allocation Failure) 519M->285M(852M) 3.999ms
[253.236s][info ][gc,cpu       ] GC(320) User=0.02s Sys=0.00s Real=0.01s
[253.236s][info ][safepoint    ] Leaving safepoint region
[253.236s][info ][safepoint    ] Total time for which application threads were stopped: 0.0041492 seconds, Stopping threads took: 0.0000146 seconds
[254.236s][info ][safepoint    ] Application time: 1.0000965 seconds
[254.236s][info ][safepoint    ] Entering safepoint region: Cleanup
[254.236s][info ][safepoint    ] Leaving safepoint region
[254.236s][info ][safepoint    ] Total time for which application threads were stopped: 0.0001427 seconds, Stopping threads took: 0.0000632 seconds
[254.325s][info ][safepoint    ] Application time: 0.0888148 seconds
[254.325s][info ][safepoint    ] Entering safepoint region: GenCollectForAllocation
[254.325s][info ][gc,start     ] GC(321) Pause Young (Allocation Failure)
[254.325s][info ][gc,task      ] GC(321) Using 4 workers of 4 for evacuation
[254.329s][debug][gc,ref       ] GC(321) Skipped phase1 of Reference Processing due to unavailable references
[254.329s][debug][gc,ref       ] GC(321) Skipped phase2 of Reference Processing due to unavailable references
[254.329s][debug][gc,ref       ] GC(321) Skipped phase3 of Reference Processing due to unavailable references
[254.329s][debug][gc,ref       ] GC(321) Skipped phase4 of Reference Processing due to unavailable references
[254.329s][debug][gc,age       ] GC(321) Desired survivor size 15400960 bytes, new threshold 6 (max threshold 6)
[254.329s][info ][gc,heap      ] GC(321) ParNew: 244436K->4182K(270976K)
[254.329s][info ][gc,heap      ] GC(321) CMS: 288576K->288613K(602112K)
[254.329s][info ][gc,metaspace ] GC(321) Metaspace: 57129K->57129K(1101824K)
[254.329s][info ][gc           ] GC(321) Pause Young (Allocation Failure) 520M->285M(852M) 4.187ms
[254.329s][info ][gc,cpu       ] GC(321) User=0.01s Sys=0.00s Real=0.00s
[254.329s][info ][safepoint    ] Leaving safepoint region
[254.329s][info ][safepoint    ] Total time for which application threads were stopped: 0.0043460 seconds, Stopping threads took: 0.0000141 seconds
[255.422s][info ][safepoint    ] Application time: 1.0928856 seconds
[255.422s][info ][safepoint    ] Entering safepoint region: GenCollectForAllocation
[255.422s][info ][gc,start     ] GC(322) Pause Young (Allocation Failure)
[255.422s][info ][gc,task      ] GC(322) Using 4 workers of 4 for evacuation
[255.426s][debug][gc,ref       ] GC(322) Skipped phase1 of Reference Processing due to unavailable references
[255.426s][debug][gc,ref       ] GC(322) Skipped phase2 of Reference Processing due to unavailable references
[255.426s][debug][gc,ref       ] GC(322) Skipped phase3 of Reference Processing due to unavailable references
[255.426s][debug][gc,ref       ] GC(322) Skipped phase4 of Reference Processing due to unavailable references
[255.427s][debug][gc,age       ] GC(322) Desired survivor size 15400960 bytes, new threshold 6 (max threshold 6)
[255.427s][info ][gc,heap      ] GC(322) ParNew: 245078K->3515K(270976K)
[255.427s][info ][gc,heap      ] GC(322) CMS: 288613K->288687K(602112K)
[255.427s][info ][gc,metaspace ] GC(322) Metaspace: 57129K->57129K(1101824K)
[255.427s][info ][gc           ] GC(322) Pause Young (Allocation Failure) 521M->285M(852M) 4.208ms
[255.427s][info ][gc,cpu       ] GC(322) User=0.02s Sys=0.00s Real=0.01s
[255.427s][info ][safepoint    ] Leaving safepoint region
[255.427s][info ][safepoint    ] Total time for which application threads were stopped: 0.0043708 seconds, Stopping threads took: 0.0000137 seconds
[256.427s][info ][safepoint    ] Application time: 1.0001131 seconds
[256.427s][info ][safepoint    ] Entering safepoint region: Cleanup
[256.427s][info ][safepoint    ] Leaving safepoint region
[256.427s][info ][safepoint    ] Total time for which application threads were stopped: 0.0001381 seconds, Stopping threads took: 0.0000513 seconds
[256.460s][info ][safepoint    ] Application time: 0.0328953 seconds
[256.460s][info ][safepoint    ] Entering safepoint region: GenCollectForAllocation
[256.460s][info ][gc,start     ] GC(323) Pause Young (Allocation Failure)
[256.460s][info ][gc,task      ] GC(323) Using 4 workers of 4 for evacuation
[256.464s][debug][gc,ref       ] GC(323) Skipped phase1 of Reference Processing due to unavailable references
[256.464s][debug][gc,ref       ] GC(323) Skipped phase2 of Reference Processing due to unavailable references
[256.464s][debug][gc,ref       ] GC(323) Skipped phase3 of Reference Processing due to unavailable references
[256.464s][debug][gc,ref       ] GC(323) Skipped phase4 of Reference Processing due to unavailable references
[256.464s][debug][gc,age       ] GC(323) Desired survivor size 15400960 bytes, new threshold 6 (max threshold 6)
[256.464s][info ][gc,heap      ] GC(323) ParNew: 244411K->3553K(270976K)
[256.464s][info ][gc,heap      ] GC(323) CMS: 288687K->288748K(602112K)
[256.464s][info ][gc,metaspace ] GC(323) Metaspace: 57129K->57129K(1101824K)
[256.464s][info ][gc           ] GC(323) Pause Young (Allocation Failure) 520M->285M(852M) 4.404ms
[256.464s][info ][gc,cpu       ] GC(323) User=0.02s Sys=0.00s Real=0.01s
[256.464s][info ][safepoint    ] Leaving safepoint region
[256.464s][info ][safepoint    ] Total time for which application threads were stopped: 0.0045541 seconds, Stopping threads took: 0.0000137 seconds
[257.727s][info ][safepoint    ] Application time: 1.2622842 seconds
[257.727s][info ][safepoint    ] Entering safepoint region: GenCollectForAllocation
[257.727s][info ][gc,start     ] GC(324) Pause Young (Allocation Failure)
[257.727s][info ][gc,task      ] GC(324) Using 4 workers of 4 for evacuation
[257.732s][debug][gc,ref       ] GC(324) Skipped phase1 of Reference Processing due to unavailable references
[257.732s][debug][gc,ref       ] GC(324) Skipped phase2 of Reference Processing due to unavailable references
[257.732s][debug][gc,ref       ] GC(324) Skipped phase3 of Reference Processing due to unavailable references
[257.732s][debug][gc,ref       ] GC(324) Skipped phase4 of Reference Processing due to unavailable references
[257.732s][debug][gc,age       ] GC(324) Desired survivor size 15400960 bytes, new threshold 6 (max threshold 6)
[257.732s][info ][gc,heap      ] GC(324) ParNew: 244449K->4226K(270976K)
[257.732s][info ][gc,heap      ] GC(324) CMS: 288748K->288843K(602112K)
[257.732s][info ][gc,metaspace ] GC(324) Metaspace: 57134K->57134K(1101824K)
[257.732s][info ][gc           ] GC(324) Pause Young (Allocation Failure) 520M->286M(852M) 5.201ms
[257.732s][info ][gc,cpu       ] GC(324) User=0.02s Sys=0.00s Real=0.00s
[257.732s][info ][safepoint    ] Leaving safepoint region
[257.732s][info ][safepoint    ] Total time for which application threads were stopped: 0.0053524 seconds, Stopping threads took: 0.0000143 seconds
[258.732s][info ][safepoint    ] Application time: 1.0001045 seconds
[258.732s][info ][safepoint    ] Entering safepoint region: Cleanup
[258.732s][info ][safepoint    ] Leaving safepoint region
[258.732s][info ][safepoint    ] Total time for which application threads were stopped: 0.0001551 seconds, Stopping threads took: 0.0000742 seconds
[258.780s][info ][safepoint    ] Application time: 0.0474136 seconds
[258.780s][info ][safepoint    ] Entering safepoint region: GenCollectForAllocation
[258.780s][info ][gc,start     ] GC(325) Pause Young (Allocation Failure)
[258.780s][info ][gc,task      ] GC(325) Using 4 workers of 4 for evacuation
[258.784s][debug][gc,ref       ] GC(325) Skipped phase1 of Reference Processing due to unavailable references
[258.784s][debug][gc,ref       ] GC(325) Skipped phase2 of Reference Processing due to unavailable references
[258.784s][debug][gc,ref       ] GC(325) Skipped phase3 of Reference Processing due to unavailable references
[258.784s][debug][gc,ref       ] GC(325) Skipped phase4 of Reference Processing due to unavailable references
[258.784s][debug][gc,age       ] GC(325) Desired survivor size 15400960 bytes, new threshold 6 (max threshold 6)
[258.784s][info ][gc,heap      ] GC(325) ParNew: 245122K->3534K(270976K)
[258.784s][info ][gc,heap      ] GC(325) CMS: 288843K->288957K(602112K)
[258.784s][info ][gc,metaspace ] GC(325) Metaspace: 57134K->57134K(1101824K)
[258.784s][info ][gc           ] GC(325) Pause Young (Allocation Failure) 521M->285M(852M) 4.327ms
[258.784s][info ][gc,cpu       ] GC(325) User=0.01s Sys=0.00s Real=0.01s
[258.784s][info ][safepoint    ] Leaving safepoint region
[258.784s][info ][safepoint    ] Total time for which application threads were stopped: 0.0044762 seconds, Stopping threads took: 0.0000135 seconds
[259.729s][info ][safepoint    ] Application time: 0.9442066 seconds
[259.729s][info ][safepoint    ] Entering safepoint region: GenCollectForAllocation
[259.729s][info ][gc,start     ] GC(326) Pause Young (Allocation Failure)
[259.729s][info ][gc,task      ] GC(326) Using 4 workers of 4 for evacuation
[259.733s][debug][gc,ref       ] GC(326) Skipped phase1 of Reference Processing due to unavailable references
[259.733s][debug][gc,ref       ] GC(326) Skipped phase2 of Reference Processing due to unavailable references
[259.733s][debug][gc,ref       ] GC(326) Skipped phase3 of Reference Processing due to unavailable references
[259.733s][debug][gc,ref       ] GC(326) Skipped phase4 of Reference Processing due to unavailable references
[259.733s][debug][gc,age       ] GC(326) Desired survivor size 15400960 bytes, new threshold 6 (max threshold 6)
[259.733s][info ][gc,heap      ] GC(326) ParNew: 244430K->3920K(270976K)
[259.733s][info ][gc,heap      ] GC(326) CMS: 288957K->289100K(602112K)
[259.733s][info ][gc,metaspace ] GC(326) Metaspace: 57134K->57134K(1101824K)
[259.733s][info ][gc           ] GC(326) Pause Young (Allocation Failure) 520M->286M(852M) 4.336ms
[259.733s][info ][gc,cpu       ] GC(326) User=0.02s Sys=0.00s Real=0.00s
[259.733s][info ][safepoint    ] Leaving safepoint region
[259.733s][info ][safepoint    ] Total time for which application threads were stopped: 0.0045004 seconds, Stopping threads took: 0.0000143 seconds
[260.733s][info ][safepoint    ] Application time: 1.0000981 seconds
[260.733s][info ][safepoint    ] Entering safepoint region: Cleanup
[260.733s][info ][safepoint    ] Leaving safepoint region
[260.733s][info ][safepoint    ] Total time for which application threads were stopped: 0.0001562 seconds, Stopping threads took: 0.0000781 seconds
[260.782s][info ][safepoint    ] Application time: 0.0483743 seconds
[260.782s][info ][safepoint    ] Entering safepoint region: GenCollectForAllocation
[260.782s][info ][gc,start     ] GC(327) Pause Young (Allocation Failure)
[260.782s][info ][gc,task      ] GC(327) Using 4 workers of 4 for evacuation
[260.787s][debug][gc,ref       ] GC(327) Skipped phase1 of Reference Processing due to unavailable references
[260.788s][debug][gc,ref       ] GC(327) Skipped phase2 of Reference Processing due to unavailable references
[260.788s][debug][gc,ref       ] GC(327) Skipped phase3 of Reference Processing due to unavailable references
[260.788s][debug][gc,ref       ] GC(327) Skipped phase4 of Reference Processing due to unavailable references
[260.788s][debug][gc,age       ] GC(327) Desired survivor size 15400960 bytes, new threshold 6 (max threshold 6)
[260.788s][info ][gc,heap      ] GC(327) ParNew: 244816K->6459K(270976K)
[260.788s][info ][gc,heap      ] GC(327) CMS: 289100K->289216K(602112K)
[260.788s][info ][gc,metaspace ] GC(327) Metaspace: 57135K->57135K(1101824K)
[260.788s][info ][gc           ] GC(327) Pause Young (Allocation Failure) 521M->288M(852M) 5.782ms
[260.788s][info ][gc,cpu       ] GC(327) User=0.02s Sys=0.00s Real=0.01s
[260.788s][info ][safepoint    ] Leaving safepoint region
[260.788s][info ][safepoint    ] Total time for which application threads were stopped: 0.0059407 seconds, Stopping threads took: 0.0000158 seconds
[261.788s][info ][safepoint    ] Application time: 1.0000974 seconds
[261.788s][info ][safepoint    ] Entering safepoint region: Cleanup
[261.788s][info ][safepoint    ] Leaving safepoint region
[261.788s][info ][safepoint    ] Total time for which application threads were stopped: 0.0000813 seconds, Stopping threads took: 0.0000156 seconds
[262.057s][info ][safepoint    ] Application time: 0.2687186 seconds
[262.057s][info ][safepoint    ] Entering safepoint region: GenCollectForAllocation
[262.057s][info ][gc,start     ] GC(328) Pause Young (Allocation Failure)
[262.057s][info ][gc,task      ] GC(328) Using 4 workers of 4 for evacuation
[262.062s][debug][gc,ref       ] GC(328) Skipped phase1 of Reference Processing due to unavailable references
[262.062s][debug][gc,ref       ] GC(328) Skipped phase2 of Reference Processing due to unavailable references
[262.062s][debug][gc,ref       ] GC(328) Skipped phase3 of Reference Processing due to unavailable references
[262.062s][debug][gc,ref       ] GC(328) Skipped phase4 of Reference Processing due to unavailable references
[262.062s][debug][gc,age       ] GC(328) Desired survivor size 15400960 bytes, new threshold 6 (max threshold 6)
[262.062s][info ][gc,heap      ] GC(328) ParNew: 247355K->9108K(270976K)
[262.062s][info ][gc,heap      ] GC(328) CMS: 289216K->289263K(602112K)
[262.062s][info ][gc,metaspace ] GC(328) Metaspace: 57135K->57135K(1101824K)
[262.062s][info ][gc           ] GC(328) Pause Young (Allocation Failure) 523M->291M(852M) 5.601ms
[262.062s][info ][gc,cpu       ] GC(328) User=0.03s Sys=0.00s Real=0.00s
[262.062s][info ][safepoint    ] Leaving safepoint region
[262.062s][info ][safepoint    ] Total time for which application threads were stopped: 0.0057604 seconds, Stopping threads took: 0.0000142 seconds
[263.084s][info ][safepoint    ] Application time: 1.0211201 seconds
[263.084s][info ][safepoint    ] Entering safepoint region: GenCollectForAllocation
[263.084s][info ][gc,start     ] GC(329) Pause Young (Allocation Failure)
[263.084s][info ][gc,task      ] GC(329) Using 4 workers of 4 for evacuation
[263.089s][debug][gc,ref       ] GC(329) Skipped phase1 of Reference Processing due to unavailable references
[263.089s][debug][gc,ref       ] GC(329) Skipped phase2 of Reference Processing due to unavailable references
[263.089s][debug][gc,ref       ] GC(329) Skipped phase3 of Reference Processing due to unavailable references
[263.089s][debug][gc,ref       ] GC(329) Skipped phase4 of Reference Processing due to unavailable references
[263.089s][debug][gc,age       ] GC(329) Desired survivor size 15400960 bytes, new threshold 6 (max threshold 6)
[263.090s][info ][gc,heap      ] GC(329) ParNew: 250004K->6831K(270976K)
[263.090s][info ][gc,heap      ] GC(329) CMS: 289263K->289312K(602112K)
[263.090s][info ][gc,metaspace ] GC(329) Metaspace: 57135K->57135K(1101824K)
[263.090s][info ][gc           ] GC(329) Pause Young (Allocation Failure) 526M->289M(852M) 5.756ms
[263.090s][info ][gc,cpu       ] GC(329) User=0.02s Sys=0.00s Real=0.00s
[263.090s][info ][safepoint    ] Leaving safepoint region
[263.090s][info ][safepoint    ] Total time for which application threads were stopped: 0.0059204 seconds, Stopping threads took: 0.0000148 seconds
[264.090s][info ][safepoint    ] Application time: 1.0001050 seconds
[264.090s][info ][safepoint    ] Entering safepoint region: Cleanup
[264.090s][info ][safepoint    ] Leaving safepoint region
[264.090s][info ][safepoint    ] Total time for which application threads were stopped: 0.0001370 seconds, Stopping threads took: 0.0000654 seconds
[264.131s][info ][safepoint    ] Application time: 0.0411143 seconds
[264.131s][info ][safepoint    ] Entering safepoint region: GenCollectForAllocation
[264.131s][info ][gc,start     ] GC(330) Pause Young (Allocation Failure)
[264.131s][info ][gc,task      ] GC(330) Using 4 workers of 4 for evacuation
[264.136s][debug][gc,ref       ] GC(330) Skipped phase1 of Reference Processing due to unavailable references
[264.136s][debug][gc,ref       ] GC(330) Skipped phase2 of Reference Processing due to unavailable references
[264.136s][debug][gc,ref       ] GC(330) Skipped phase3 of Reference Processing due to unavailable references
[264.136s][debug][gc,ref       ] GC(330) Skipped phase4 of Reference Processing due to unavailable references
[264.137s][debug][gc,age       ] GC(330) Desired survivor size 15400960 bytes, new threshold 6 (max threshold 6)
[264.137s][info ][gc,heap      ] GC(330) ParNew: 247727K->9202K(270976K)
[264.137s][info ][gc,heap      ] GC(330) CMS: 289312K->289396K(602112K)
[264.137s][info ][gc,metaspace ] GC(330) Metaspace: 57135K->57135K(1101824K)
[264.137s][info ][gc           ] GC(330) Pause Young (Allocation Failure) 524M->291M(852M) 5.549ms
[264.137s][info ][gc,cpu       ] GC(330) User=0.02s Sys=0.01s Real=0.01s
[264.137s][info ][safepoint    ] Leaving safepoint region
[264.137s][info ][safepoint    ] Total time for which application threads were stopped: 0.0056870 seconds, Stopping threads took: 0.0000138 seconds
[265.275s][info ][safepoint    ] Application time: 1.1380451 seconds
[265.275s][info ][safepoint    ] Entering safepoint region: GenCollectForAllocation
[265.275s][info ][gc,start     ] GC(331) Pause Young (Allocation Failure)
[265.275s][info ][gc,task      ] GC(331) Using 4 workers of 4 for evacuation
[265.280s][debug][gc,ref       ] GC(331) Skipped phase1 of Reference Processing due to unavailable references
[265.280s][debug][gc,ref       ] GC(331) Skipped phase2 of Reference Processing due to unavailable references
[265.280s][debug][gc,ref       ] GC(331) Skipped phase3 of Reference Processing due to unavailable references
[265.280s][debug][gc,ref       ] GC(331) Skipped phase4 of Reference Processing due to unavailable references
[265.281s][debug][gc,age       ] GC(331) Desired survivor size 15400960 bytes, new threshold 6 (max threshold 6)
[265.281s][info ][gc,heap      ] GC(331) ParNew: 250098K->7045K(270976K)
[265.281s][info ][gc,heap      ] GC(331) CMS: 289396K->289521K(602112K)
[265.281s][info ][gc,metaspace ] GC(331) Metaspace: 57135K->57135K(1101824K)
[265.281s][info ][gc           ] GC(331) Pause Young (Allocation Failure) 526M->289M(852M) 5.779ms
[265.281s][info ][gc,cpu       ] GC(331) User=0.02s Sys=0.00s Real=0.01s
[265.281s][info ][safepoint    ] Leaving safepoint region
[265.281s][info ][safepoint    ] Total time for which application threads were stopped: 0.0059331 seconds, Stopping threads took: 0.0000144 seconds
[266.281s][info ][safepoint    ] Application time: 1.0000991 seconds
[266.281s][info ][safepoint    ] Entering safepoint region: Cleanup
[266.281s][info ][safepoint    ] Leaving safepoint region
[266.281s][info ][safepoint    ] Total time for which application threads were stopped: 0.0001497 seconds, Stopping threads took: 0.0000706 seconds
[266.507s][info ][safepoint    ] Application time: 0.2259555 seconds
[266.507s][info ][safepoint    ] Entering safepoint region: GenCollectForAllocation
[266.507s][info ][gc,start     ] GC(332) Pause Young (Allocation Failure)
[266.507s][info ][gc,task      ] GC(332) Using 4 workers of 4 for evacuation
[266.513s][debug][gc,ref       ] GC(332) Skipped phase1 of Reference Processing due to unavailable references
[266.513s][debug][gc,ref       ] GC(332) Skipped phase2 of Reference Processing due to unavailable references
[266.513s][debug][gc,ref       ] GC(332) Skipped phase3 of Reference Processing due to unavailable references
[266.513s][debug][gc,ref       ] GC(332) Skipped phase4 of Reference Processing due to unavailable references
[266.513s][debug][gc,age       ] GC(332) Desired survivor size 15400960 bytes, new threshold 6 (max threshold 6)
[266.513s][info ][gc,heap      ] GC(332) ParNew: 247941K->8562K(270976K)
[266.513s][info ][gc,heap      ] GC(332) CMS: 289521K->289553K(602112K)
[266.513s][info ][gc,metaspace ] GC(332) Metaspace: 57135K->57135K(1101824K)
[266.513s][info ][gc           ] GC(332) Pause Young (Allocation Failure) 524M->291M(852M) 5.943ms
[266.513s][info ][gc,cpu       ] GC(332) User=0.02s Sys=0.00s Real=0.00s
[266.513s][info ][safepoint    ] Leaving safepoint region
[266.513s][info ][safepoint    ] Total time for which application threads were stopped: 0.0060949 seconds, Stopping threads took: 0.0000139 seconds
[267.513s][info ][safepoint    ] Application time: 1.0001417 seconds
[267.513s][info ][safepoint    ] Entering safepoint region: Cleanup
[267.513s][info ][safepoint    ] Leaving safepoint region
[267.513s][info ][safepoint    ] Total time for which application threads were stopped: 0.0001330 seconds, Stopping threads took: 0.0000639 seconds
[267.738s][info ][safepoint    ] Application time: 0.2240959 seconds
[267.738s][info ][safepoint    ] Entering safepoint region: GenCollectForAllocation
[267.738s][info ][gc,start     ] GC(333) Pause Young (Allocation Failure)
[267.738s][info ][gc,task      ] GC(333) Using 4 workers of 4 for evacuation
[267.751s][debug][gc,ref       ] GC(333) Skipped phase1 of Reference Processing due to unavailable references
[267.751s][debug][gc,ref       ] GC(333) Skipped phase2 of Reference Processing due to unavailable references
[267.751s][debug][gc,ref       ] GC(333) Skipped phase3 of Reference Processing due to unavailable references
[267.751s][debug][gc,ref       ] GC(333) Skipped phase4 of Reference Processing due to unavailable references
[267.752s][debug][gc,age       ] GC(333) Desired survivor size 15400960 bytes, new threshold 6 (max threshold 6)
[267.752s][info ][gc,heap      ] GC(333) ParNew: 249458K->4999K(270976K)
[267.752s][info ][gc,heap      ] GC(333) CMS: 289553K->292443K(602112K)
[267.752s][info ][gc,metaspace ] GC(333) Metaspace: 57135K->57135K(1101824K)
[267.752s][info ][gc           ] GC(333) Pause Young (Allocation Failure) 526M->290M(852M) 14.012ms
[267.752s][info ][gc,cpu       ] GC(333) User=0.03s Sys=0.01s Real=0.01s
[267.752s][info ][safepoint    ] Leaving safepoint region
[267.752s][info ][safepoint    ] Total time for which application threads were stopped: 0.0141795 seconds, Stopping threads took: 0.0000153 seconds
[268.832s][info ][safepoint    ] Application time: 1.0797979 seconds
[268.832s][info ][safepoint    ] Entering safepoint region: GenCollectForAllocation
[268.832s][info ][gc,start     ] GC(334) Pause Young (Allocation Failure)
[268.832s][info ][gc,task      ] GC(334) Using 4 workers of 4 for evacuation
[268.837s][debug][gc,ref       ] GC(334) Skipped phase1 of Reference Processing due to unavailable references
[268.837s][debug][gc,ref       ] GC(334) Skipped phase2 of Reference Processing due to unavailable references
[268.837s][debug][gc,ref       ] GC(334) Skipped phase3 of Reference Processing due to unavailable references
[268.837s][debug][gc,ref       ] GC(334) Skipped phase4 of Reference Processing due to unavailable references
[268.837s][debug][gc,age       ] GC(334) Desired survivor size 15400960 bytes, new threshold 6 (max threshold 6)
[268.837s][info ][gc,heap      ] GC(334) ParNew: 245895K->4140K(270976K)
[268.837s][info ][gc,heap      ] GC(334) CMS: 292443K->292472K(602112K)
[268.837s][info ][gc,metaspace ] GC(334) Metaspace: 57135K->57135K(1101824K)
[268.837s][info ][gc           ] GC(334) Pause Young (Allocation Failure) 525M->289M(852M) 5.455ms
[268.837s][info ][gc,cpu       ] GC(334) User=0.02s Sys=0.00s Real=0.01s
[268.837s][info ][safepoint    ] Leaving safepoint region
[268.837s][info ][safepoint    ] Total time for which application threads were stopped: 0.0056010 seconds, Stopping threads took: 0.0000145 seconds
[270.013s][info ][safepoint    ] Application time: 1.1760224 seconds
[270.013s][info ][safepoint    ] Entering safepoint region: GenCollectForAllocation
[270.013s][info ][gc,start     ] GC(335) Pause Young (Allocation Failure)
[270.013s][info ][gc,task      ] GC(335) Using 4 workers of 4 for evacuation
[270.017s][debug][gc,ref       ] GC(335) Skipped phase1 of Reference Processing due to unavailable references
[270.017s][debug][gc,ref       ] GC(335) Skipped phase2 of Reference Processing due to unavailable references
[270.017s][debug][gc,ref       ] GC(335) Skipped phase3 of Reference Processing due to unavailable references
[270.017s][debug][gc,ref       ] GC(335) Skipped phase4 of Reference Processing due to unavailable references
[270.017s][debug][gc,age       ] GC(335) Desired survivor size 15400960 bytes, new threshold 6 (max threshold 6)
[270.017s][info ][gc,heap      ] GC(335) ParNew: 245036K->3189K(270976K)
[270.017s][info ][gc,heap      ] GC(335) CMS: 292472K->292633K(602112K)
[270.017s][info ][gc,metaspace ] GC(335) Metaspace: 57135K->57135K(1101824K)
[270.017s][info ][gc           ] GC(335) Pause Young (Allocation Failure) 524M->288M(852M) 4.065ms
[270.017s][info ][gc,cpu       ] GC(335) User=0.01s Sys=0.00s Real=0.01s
[270.017s][info ][safepoint    ] Leaving safepoint region
[270.017s][info ][safepoint    ] Total time for which application threads were stopped: 0.0042525 seconds, Stopping threads took: 0.0000642 seconds
[271.163s][info ][safepoint    ] Application time: 1.1454774 seconds
[271.163s][info ][safepoint    ] Entering safepoint region: GenCollectForAllocation
[271.163s][info ][gc,start     ] GC(336) Pause Young (Allocation Failure)
[271.163s][info ][gc,task      ] GC(336) Using 4 workers of 4 for evacuation
[271.167s][debug][gc,ref       ] GC(336) Skipped phase1 of Reference Processing due to unavailable references
[271.167s][debug][gc,ref       ] GC(336) Skipped phase2 of Reference Processing due to unavailable references
[271.167s][debug][gc,ref       ] GC(336) Skipped phase3 of Reference Processing due to unavailable references
[271.167s][debug][gc,ref       ] GC(336) Skipped phase4 of Reference Processing due to unavailable references
[271.167s][debug][gc,age       ] GC(336) Desired survivor size 15400960 bytes, new threshold 6 (max threshold 6)
[271.167s][info ][gc,heap      ] GC(336) ParNew: 244085K->2966K(270976K)
[271.167s][info ][gc,heap      ] GC(336) CMS: 292633K->292738K(602112K)
[271.167s][info ][gc,metaspace ] GC(336) Metaspace: 57135K->57135K(1101824K)
[271.167s][info ][gc           ] GC(336) Pause Young (Allocation Failure) 524M->288M(852M) 3.898ms
[271.167s][info ][gc,cpu       ] GC(336) User=0.01s Sys=0.00s Real=0.01s
[271.167s][info ][safepoint    ] Leaving safepoint region
[271.167s][info ][safepoint    ] Total time for which application threads were stopped: 0.0040589 seconds, Stopping threads took: 0.0000148 seconds
[272.264s][info ][safepoint    ] Application time: 1.0964895 seconds
[272.264s][info ][safepoint    ] Entering safepoint region: GenCollectForAllocation
[272.264s][info ][gc,start     ] GC(337) Pause Young (Allocation Failure)
[272.264s][info ][gc,task      ] GC(337) Using 4 workers of 4 for evacuation
[272.267s][debug][gc,ref       ] GC(337) Skipped phase1 of Reference Processing due to unavailable references
[272.267s][debug][gc,ref       ] GC(337) Skipped phase2 of Reference Processing due to unavailable references
[272.267s][debug][gc,ref       ] GC(337) Skipped phase3 of Reference Processing due to unavailable references
[272.268s][debug][gc,ref       ] GC(337) Skipped phase4 of Reference Processing due to unavailable references
[272.268s][debug][gc,age       ] GC(337) Desired survivor size 15400960 bytes, new threshold 6 (max threshold 6)
[272.268s][info ][gc,heap      ] GC(337) ParNew: 243862K->2854K(270976K)
[272.268s][info ][gc,heap      ] GC(337) CMS: 292738K->292954K(602112K)
[272.268s][info ][gc,metaspace ] GC(337) Metaspace: 57135K->57135K(1101824K)
[272.268s][info ][gc           ] GC(337) Pause Young (Allocation Failure) 524M->288M(852M) 4.021ms
[272.268s][info ][gc,cpu       ] GC(337) User=0.01s Sys=0.00s Real=0.00s
[272.268s][info ][safepoint    ] Leaving safepoint region
[272.268s][info ][safepoint    ] Total time for which application threads were stopped: 0.0041702 seconds, Stopping threads took: 0.0000159 seconds
[273.479s][info ][safepoint    ] Application time: 1.2117289 seconds
[273.480s][info ][safepoint    ] Entering safepoint region: GenCollectForAllocation
[273.480s][info ][gc,start     ] GC(338) Pause Young (Allocation Failure)
[273.480s][info ][gc,task      ] GC(338) Using 4 workers of 4 for evacuation
[273.483s][debug][gc,ref       ] GC(338) Skipped phase1 of Reference Processing due to unavailable references
[273.483s][debug][gc,ref       ] GC(338) Skipped phase2 of Reference Processing due to unavailable references
[273.483s][debug][gc,ref       ] GC(338) Skipped phase3 of Reference Processing due to unavailable references
[273.483s][debug][gc,ref       ] GC(338) Skipped phase4 of Reference Processing due to unavailable references
[273.483s][debug][gc,age       ] GC(338) Desired survivor size 15400960 bytes, new threshold 6 (max threshold 6)
[273.483s][info ][gc,heap      ] GC(338) ParNew: 243750K->2232K(270976K)
[273.483s][info ][gc,heap      ] GC(338) CMS: 292954K->293443K(602112K)
[273.483s][info ][gc,metaspace ] GC(338) Metaspace: 57135K->57135K(1101824K)
[273.483s][info ][gc           ] GC(338) Pause Young (Allocation Failure) 524M->288M(852M) 3.730ms
[273.483s][info ][gc,cpu       ] GC(338) User=0.01s Sys=0.01s Real=0.00s
[273.483s][info ][safepoint    ] Leaving safepoint region
[273.483s][info ][safepoint    ] Total time for which application threads were stopped: 0.0038785 seconds, Stopping threads took: 0.0000135 seconds
[274.484s][info ][safepoint    ] Application time: 1.0001396 seconds
[274.484s][info ][safepoint    ] Entering safepoint region: Cleanup
[274.484s][info ][safepoint    ] Leaving safepoint region
[274.484s][info ][safepoint    ] Total time for which application threads were stopped: 0.0000787 seconds, Stopping threads took: 0.0000137 seconds
[274.569s][info ][safepoint    ] Application time: 0.0850068 seconds
[274.569s][info ][safepoint    ] Entering safepoint region: GenCollectForAllocation
[274.569s][info ][gc,start     ] GC(339) Pause Young (Allocation Failure)
[274.569s][info ][gc,task      ] GC(339) Using 4 workers of 4 for evacuation
[274.572s][debug][gc,ref       ] GC(339) Skipped phase1 of Reference Processing due to unavailable references
[274.572s][debug][gc,ref       ] GC(339) Skipped phase2 of Reference Processing due to unavailable references
[274.572s][debug][gc,ref       ] GC(339) Skipped phase3 of Reference Processing due to unavailable references
[274.572s][debug][gc,ref       ] GC(339) Skipped phase4 of Reference Processing due to unavailable references
[274.573s][debug][gc,age       ] GC(339) Desired survivor size 15400960 bytes, new threshold 6 (max threshold 6)
[274.573s][info ][gc,heap      ] GC(339) ParNew: 243128K->3113K(270976K)
[274.573s][info ][gc,heap      ] GC(339) CMS: 293443K->293483K(602112K)
[274.573s][info ][gc,metaspace ] GC(339) Metaspace: 57136K->57136K(1101824K)
[274.573s][info ][gc           ] GC(339) Pause Young (Allocation Failure) 523M->289M(852M) 3.850ms
[274.573s][info ][gc,cpu       ] GC(339) User=0.02s Sys=0.00s Real=0.00s
[274.573s][info ][safepoint    ] Leaving safepoint region
[274.573s][info ][safepoint    ] Total time for which application threads were stopped: 0.0039942 seconds, Stopping threads took: 0.0000138 seconds
[275.573s][info ][safepoint    ] Application time: 1.0000961 seconds
[275.573s][info ][safepoint    ] Entering safepoint region: Cleanup
[275.573s][info ][safepoint    ] Leaving safepoint region
[275.573s][info ][safepoint    ] Total time for which application threads were stopped: 0.0001416 seconds, Stopping threads took: 0.0000616 seconds
[275.728s][info ][safepoint    ] Application time: 0.1548766 seconds
[275.728s][info ][safepoint    ] Entering safepoint region: GenCollectForAllocation
[275.728s][info ][gc,start     ] GC(340) Pause Young (Allocation Failure)
[275.728s][info ][gc,task      ] GC(340) Using 4 workers of 4 for evacuation
[275.732s][debug][gc,ref       ] GC(340) Skipped phase1 of Reference Processing due to unavailable references
[275.732s][debug][gc,ref       ] GC(340) Skipped phase2 of Reference Processing due to unavailable references
[275.732s][debug][gc,ref       ] GC(340) Skipped phase3 of Reference Processing due to unavailable references
[275.732s][debug][gc,ref       ] GC(340) Skipped phase4 of Reference Processing due to unavailable references
[275.732s][debug][gc,age       ] GC(340) Desired survivor size 15400960 bytes, new threshold 6 (max threshold 6)
[275.732s][info ][gc,heap      ] GC(340) ParNew: 244009K->2884K(270976K)
[275.732s][info ][gc,heap      ] GC(340) CMS: 293483K->293487K(602112K)
[275.732s][info ][gc,metaspace ] GC(340) Metaspace: 57143K->57143K(1101824K)
[275.732s][info ][gc           ] GC(340) Pause Young (Allocation Failure) 524M->289M(852M) 3.964ms
[275.732s][info ][gc,cpu       ] GC(340) User=0.01s Sys=0.00s Real=0.00s
[275.732s][info ][safepoint    ] Leaving safepoint region
[275.732s][info ][safepoint    ] Total time for which application threads were stopped: 0.0041288 seconds, Stopping threads took: 0.0000149 seconds
[276.732s][info ][safepoint    ] Application time: 1.0000967 seconds
[276.732s][info ][safepoint    ] Entering safepoint region: Cleanup
[276.732s][info ][safepoint    ] Leaving safepoint region
[276.732s][info ][safepoint    ] Total time for which application threads were stopped: 0.0000735 seconds, Stopping threads took: 0.0000155 seconds
[276.805s][info ][safepoint    ] Application time: 0.0729678 seconds
[276.805s][info ][safepoint    ] Entering safepoint region: GenCollectForAllocation
[276.805s][info ][gc,start     ] GC(341) Pause Young (Allocation Failure)
[276.805s][info ][gc,task      ] GC(341) Using 4 workers of 4 for evacuation
[276.809s][debug][gc,ref       ] GC(341) Skipped phase1 of Reference Processing due to unavailable references
[276.809s][debug][gc,ref       ] GC(341) Skipped phase2 of Reference Processing due to unavailable references
[276.809s][debug][gc,ref       ] GC(341) Skipped phase3 of Reference Processing due to unavailable references
[276.809s][debug][gc,ref       ] GC(341) Skipped phase4 of Reference Processing due to unavailable references
[276.809s][debug][gc,age       ] GC(341) Desired survivor size 15400960 bytes, new threshold 6 (max threshold 6)
[276.809s][info ][gc,heap      ] GC(341) ParNew: 243780K->3009K(270976K)
[276.809s][info ][gc,heap      ] GC(341) CMS: 293487K->293543K(602112K)
[276.809s][info ][gc,metaspace ] GC(341) Metaspace: 57144K->57144K(1101824K)
[276.809s][info ][gc           ] GC(341) Pause Young (Allocation Failure) 524M->289M(852M) 4.125ms
[276.809s][info ][gc,cpu       ] GC(341) User=0.02s Sys=0.00s Real=0.00s
[276.810s][info ][safepoint    ] Leaving safepoint region
[276.810s][info ][safepoint    ] Total time for which application threads were stopped: 0.0042867 seconds, Stopping threads took: 0.0000142 seconds
[277.914s][info ][safepoint    ] Application time: 1.1043133 seconds
[277.914s][info ][safepoint    ] Entering safepoint region: GenCollectForAllocation
[277.914s][info ][gc,start     ] GC(342) Pause Young (Allocation Failure)
[277.914s][info ][gc,task      ] GC(342) Using 4 workers of 4 for evacuation
[277.918s][debug][gc,ref       ] GC(342) Skipped phase1 of Reference Processing due to unavailable references
[277.918s][debug][gc,ref       ] GC(342) Skipped phase2 of Reference Processing due to unavailable references
[277.918s][debug][gc,ref       ] GC(342) Skipped phase3 of Reference Processing due to unavailable references
[277.918s][debug][gc,ref       ] GC(342) Skipped phase4 of Reference Processing due to unavailable references
[277.918s][debug][gc,age       ] GC(342) Desired survivor size 15400960 bytes, new threshold 6 (max threshold 6)
[277.918s][info ][gc,heap      ] GC(342) ParNew: 243905K->3071K(270976K)
[277.918s][info ][gc,heap      ] GC(342) CMS: 293543K->293549K(602112K)
[277.918s][info ][gc,metaspace ] GC(342) Metaspace: 57144K->57144K(1101824K)
[277.918s][info ][gc           ] GC(342) Pause Young (Allocation Failure) 524M->289M(852M) 3.972ms
[277.918s][info ][gc,cpu       ] GC(342) User=0.02s Sys=0.00s Real=0.01s
[277.918s][info ][safepoint    ] Leaving safepoint region
[277.918s][info ][safepoint    ] Total time for which application threads were stopped: 0.0041229 seconds, Stopping threads took: 0.0000250 seconds
[278.918s][info ][safepoint    ] Application time: 1.0000893 seconds
[278.918s][info ][safepoint    ] Entering safepoint region: Cleanup
[278.918s][info ][safepoint    ] Leaving safepoint region
[278.918s][info ][safepoint    ] Total time for which application threads were stopped: 0.0001312 seconds, Stopping threads took: 0.0000619 seconds
[279.176s][info ][safepoint    ] Application time: 0.2582136 seconds
[279.177s][info ][safepoint    ] Entering safepoint region: GenCollectForAllocation
[279.177s][info ][gc,start     ] GC(343) Pause Young (Allocation Failure)
[279.177s][info ][gc,task      ] GC(343) Using 4 workers of 4 for evacuation
[279.180s][debug][gc,ref       ] GC(343) Skipped phase1 of Reference Processing due to unavailable references
[279.180s][debug][gc,ref       ] GC(343) Skipped phase2 of Reference Processing due to unavailable references
[279.181s][debug][gc,ref       ] GC(343) Skipped phase3 of Reference Processing due to unavailable references
[279.181s][debug][gc,ref       ] GC(343) Skipped phase4 of Reference Processing due to unavailable references
[279.181s][debug][gc,age       ] GC(343) Desired survivor size 15400960 bytes, new threshold 6 (max threshold 6)
[279.181s][info ][gc,heap      ] GC(343) ParNew: 243967K->3159K(270976K)
[279.181s][info ][gc,heap      ] GC(343) CMS: 293549K->293608K(602112K)
[279.181s][info ][gc,metaspace ] GC(343) Metaspace: 57144K->57144K(1101824K)
[279.181s][info ][gc           ] GC(343) Pause Young (Allocation Failure) 524M->289M(852M) 4.054ms
[279.181s][info ][gc,cpu       ] GC(343) User=0.02s Sys=0.00s Real=0.00s
[279.181s][info ][safepoint    ] Leaving safepoint region
[279.181s][info ][safepoint    ] Total time for which application threads were stopped: 0.0042091 seconds, Stopping threads took: 0.0000144 seconds
[280.181s][info ][safepoint    ] Application time: 1.0000955 seconds
[280.181s][info ][safepoint    ] Entering safepoint region: Cleanup
[280.181s][info ][safepoint    ] Leaving safepoint region
[280.181s][info ][safepoint    ] Total time for which application threads were stopped: 0.0000715 seconds, Stopping threads took: 0.0000147 seconds
[280.612s][info ][safepoint    ] Application time: 0.4314510 seconds
[280.612s][info ][safepoint    ] Entering safepoint region: GenCollectForAllocation
[280.613s][info ][gc,start     ] GC(344) Pause Young (Allocation Failure)
[280.613s][info ][gc,task      ] GC(344) Using 4 workers of 4 for evacuation
[280.616s][debug][gc,ref       ] GC(344) Skipped phase1 of Reference Processing due to unavailable references
[280.616s][debug][gc,ref       ] GC(344) Skipped phase2 of Reference Processing due to unavailable references
[280.616s][debug][gc,ref       ] GC(344) Skipped phase3 of Reference Processing due to unavailable references
[280.616s][debug][gc,ref       ] GC(344) Skipped phase4 of Reference Processing due to unavailable references
[280.616s][debug][gc,age       ] GC(344) Desired survivor size 15400960 bytes, new threshold 6 (max threshold 6)
[280.616s][info ][gc,heap      ] GC(344) ParNew: 244055K->3075K(270976K)
[280.616s][info ][gc,heap      ] GC(344) CMS: 293608K->293640K(602112K)
[280.616s][info ][gc,metaspace ] GC(344) Metaspace: 57144K->57144K(1101824K)
[280.616s][info ][gc           ] GC(344) Pause Young (Allocation Failure) 525M->289M(852M) 3.605ms
[280.616s][info ][gc,cpu       ] GC(344) User=0.02s Sys=0.00s Real=0.01s
[280.616s][info ][safepoint    ] Leaving safepoint region
[280.616s][info ][safepoint    ] Total time for which application threads were stopped: 0.0037465 seconds, Stopping threads took: 0.0000132 seconds
[281.616s][info ][safepoint    ] Application time: 1.0000987 seconds
[281.616s][info ][safepoint    ] Entering safepoint region: Cleanup
[281.616s][info ][safepoint    ] Leaving safepoint region
[281.616s][info ][safepoint    ] Total time for which application threads were stopped: 0.0001453 seconds, Stopping threads took: 0.0000722 seconds
[282.013s][info ][safepoint    ] Application time: 0.3966568 seconds
[282.013s][info ][safepoint    ] Entering safepoint region: GenCollectForAllocation
[282.013s][info ][gc,start     ] GC(345) Pause Young (Allocation Failure)
[282.013s][info ][gc,task      ] GC(345) Using 4 workers of 4 for evacuation
[282.017s][debug][gc,ref       ] GC(345) Skipped phase1 of Reference Processing due to unavailable references
[282.017s][debug][gc,ref       ] GC(345) Skipped phase2 of Reference Processing due to unavailable references
[282.017s][debug][gc,ref       ] GC(345) Skipped phase3 of Reference Processing due to unavailable references
[282.017s][debug][gc,ref       ] GC(345) Skipped phase4 of Reference Processing due to unavailable references
[282.018s][debug][gc,age       ] GC(345) Desired survivor size 15400960 bytes, new threshold 6 (max threshold 6)
[282.018s][info ][gc,heap      ] GC(345) ParNew: 243971K->2011K(270976K)
[282.018s][info ][gc,heap      ] GC(345) CMS: 293640K->293917K(602112K)
[282.018s][info ][gc,metaspace ] GC(345) Metaspace: 57145K->57145K(1101824K)
[282.018s][info ][gc           ] GC(345) Pause Young (Allocation Failure) 525M->288M(852M) 4.372ms
[282.018s][info ][gc,cpu       ] GC(345) User=0.02s Sys=0.00s Real=0.01s
[282.018s][info ][safepoint    ] Leaving safepoint region
[282.018s][info ][safepoint    ] Total time for which application threads were stopped: 0.0045226 seconds, Stopping threads took: 0.0000139 seconds
[283.018s][info ][safepoint    ] Application time: 1.0001124 seconds
[283.018s][info ][safepoint    ] Entering safepoint region: Cleanup
[283.018s][info ][safepoint    ] Leaving safepoint region
[283.018s][info ][safepoint    ] Total time for which application threads were stopped: 0.0001218 seconds, Stopping threads took: 0.0000434 seconds
[283.407s][info ][safepoint    ] Application time: 0.3892246 seconds
[283.407s][info ][safepoint    ] Entering safepoint region: GenCollectForAllocation
[283.407s][info ][gc,start     ] GC(346) Pause Young (Allocation Failure)
[283.407s][info ][gc,task      ] GC(346) Using 4 workers of 4 for evacuation
[283.411s][debug][gc,ref       ] GC(346) Skipped phase1 of Reference Processing due to unavailable references
[283.411s][debug][gc,ref       ] GC(346) Skipped phase2 of Reference Processing due to unavailable references
[283.411s][debug][gc,ref       ] GC(346) Skipped phase3 of Reference Processing due to unavailable references
[283.411s][debug][gc,ref       ] GC(346) Skipped phase4 of Reference Processing due to unavailable references
[283.411s][debug][gc,age       ] GC(346) Desired survivor size 15400960 bytes, new threshold 6 (max threshold 6)
[283.411s][info ][gc,heap      ] GC(346) ParNew: 242907K->2723K(270976K)
[283.411s][info ][gc,heap      ] GC(346) CMS: 293917K->294079K(602112K)
[283.411s][info ][gc,metaspace ] GC(346) Metaspace: 57162K->57162K(1101824K)
[283.411s][info ][gc           ] GC(346) Pause Young (Allocation Failure) 524M->289M(852M) 3.939ms
[283.411s][info ][gc,cpu       ] GC(346) User=0.01s Sys=0.00s Real=0.00s
[283.411s][info ][safepoint    ] Leaving safepoint region
[283.411s][info ][safepoint    ] Total time for which application threads were stopped: 0.0041013 seconds, Stopping threads took: 0.0000140 seconds
[284.412s][info ][safepoint    ] Application time: 1.0002570 seconds
[284.412s][info ][safepoint    ] Entering safepoint region: Cleanup
[284.412s][info ][safepoint    ] Leaving safepoint region
[284.412s][info ][safepoint    ] Total time for which application threads were stopped: 0.0001418 seconds, Stopping threads took: 0.0000465 seconds
[284.815s][info ][safepoint    ] Application time: 0.4029446 seconds
[284.815s][info ][safepoint    ] Entering safepoint region: GenCollectForAllocation
[284.815s][info ][gc,start     ] GC(347) Pause Young (Allocation Failure)
[284.815s][info ][gc,task      ] GC(347) Using 4 workers of 4 for evacuation
[284.818s][debug][gc,ref       ] GC(347) Skipped phase1 of Reference Processing due to unavailable references
[284.818s][debug][gc,ref       ] GC(347) Skipped phase2 of Reference Processing due to unavailable references
[284.818s][debug][gc,ref       ] GC(347) Skipped phase3 of Reference Processing due to unavailable references
[284.818s][debug][gc,ref       ] GC(347) Skipped phase4 of Reference Processing due to unavailable references
[284.818s][debug][gc,age       ] GC(347) Desired survivor size 15400960 bytes, new threshold 6 (max threshold 6)
[284.818s][info ][gc,heap      ] GC(347) ParNew: 243619K->2239K(270976K)
[284.818s][info ][gc,heap      ] GC(347) CMS: 294079K->294305K(602112K)
[284.818s][info ][gc,metaspace ] GC(347) Metaspace: 57175K->57175K(1101824K)
[284.818s][info ][gc           ] GC(347) Pause Young (Allocation Failure) 525M->289M(852M) 3.513ms
[284.818s][info ][gc,cpu       ] GC(347) User=0.01s Sys=0.00s Real=0.01s
[284.818s][info ][safepoint    ] Leaving safepoint region
[284.818s][info ][safepoint    ] Total time for which application threads were stopped: 0.0036577 seconds, Stopping threads took: 0.0000134 seconds
[286.180s][info ][safepoint    ] Application time: 1.3616458 seconds
[286.180s][info ][safepoint    ] Entering safepoint region: GenCollectForAllocation
[286.180s][info ][gc,start     ] GC(348) Pause Young (Allocation Failure)
[286.180s][info ][gc,task      ] GC(348) Using 4 workers of 4 for evacuation
[286.186s][debug][gc,ref       ] GC(348) Skipped phase1 of Reference Processing due to unavailable references
[286.186s][debug][gc,ref       ] GC(348) Skipped phase2 of Reference Processing due to unavailable references
[286.186s][debug][gc,ref       ] GC(348) Skipped phase3 of Reference Processing due to unavailable references
[286.186s][debug][gc,ref       ] GC(348) Skipped phase4 of Reference Processing due to unavailable references
[286.186s][debug][gc,age       ] GC(348) Desired survivor size 15400960 bytes, new threshold 6 (max threshold 6)
[286.186s][info ][gc,heap      ] GC(348) ParNew: 243135K->1579K(270976K)
[286.186s][info ][gc,heap      ] GC(348) CMS: 294305K->294693K(602112K)
[286.186s][info ][gc,metaspace ] GC(348) Metaspace: 57175K->57175K(1101824K)
[286.186s][info ][gc           ] GC(348) Pause Young (Allocation Failure) 524M->289M(852M) 6.070ms
[286.186s][info ][gc,cpu       ] GC(348) User=0.01s Sys=0.00s Real=0.01s
[286.186s][info ][safepoint    ] Leaving safepoint region
[286.186s][info ][safepoint    ] Total time for which application threads were stopped: 0.0062253 seconds, Stopping threads took: 0.0000142 seconds
[287.186s][info ][safepoint    ] Application time: 1.0000989 seconds
[287.186s][info ][safepoint    ] Entering safepoint region: Cleanup
[287.186s][info ][safepoint    ] Leaving safepoint region
[287.187s][info ][safepoint    ] Total time for which application threads were stopped: 0.0000752 seconds, Stopping threads took: 0.0000153 seconds
[287.523s][info ][safepoint    ] Application time: 0.3366832 seconds
[287.523s][info ][safepoint    ] Entering safepoint region: GenCollectForAllocation
[287.523s][info ][gc,start     ] GC(349) Pause Young (Allocation Failure)
[287.523s][info ][gc,task      ] GC(349) Using 4 workers of 4 for evacuation
[287.526s][debug][gc,ref       ] GC(349) Skipped phase1 of Reference Processing due to unavailable references
[287.526s][debug][gc,ref       ] GC(349) Skipped phase2 of Reference Processing due to unavailable references
[287.526s][debug][gc,ref       ] GC(349) Skipped phase3 of Reference Processing due to unavailable references
[287.526s][debug][gc,ref       ] GC(349) Skipped phase4 of Reference Processing due to unavailable references
[287.527s][debug][gc,age       ] GC(349) Desired survivor size 15400960 bytes, new threshold 6 (max threshold 6)
[287.527s][info ][gc,heap      ] GC(349) ParNew: 242475K->1335K(270976K)
[287.527s][info ][gc,heap      ] GC(349) CMS: 294693K->295073K(602112K)
[287.527s][info ][gc,metaspace ] GC(349) Metaspace: 57175K->57175K(1101824K)
[287.527s][info ][gc           ] GC(349) Pause Young (Allocation Failure) 524M->289M(852M) 3.244ms
[287.527s][info ][gc,cpu       ] GC(349) User=0.01s Sys=0.00s Real=0.01s
[287.527s][info ][safepoint    ] Leaving safepoint region
[287.527s][info ][safepoint    ] Total time for which application threads were stopped: 0.0034013 seconds, Stopping threads took: 0.0000146 seconds
[288.527s][info ][safepoint    ] Application time: 1.0001049 seconds
[288.527s][info ][safepoint    ] Entering safepoint region: Cleanup
[288.527s][info ][safepoint    ] Leaving safepoint region
[288.527s][info ][safepoint    ] Total time for which application threads were stopped: 0.0001558 seconds, Stopping threads took: 0.0000849 seconds
[288.881s][info ][safepoint    ] Application time: 0.3540312 seconds
[288.881s][info ][safepoint    ] Entering safepoint region: GenCollectForAllocation
[288.881s][info ][gc,start     ] GC(350) Pause Young (Allocation Failure)
[288.881s][info ][gc,task      ] GC(350) Using 4 workers of 4 for evacuation
[288.884s][debug][gc,ref       ] GC(350) Skipped phase1 of Reference Processing due to unavailable references
[288.884s][debug][gc,ref       ] GC(350) Skipped phase2 of Reference Processing due to unavailable references
[288.884s][debug][gc,ref       ] GC(350) Skipped phase3 of Reference Processing due to unavailable references
[288.884s][debug][gc,ref       ] GC(350) Skipped phase4 of Reference Processing due to unavailable references
[288.884s][debug][gc,age       ] GC(350) Desired survivor size 15400960 bytes, new threshold 6 (max threshold 6)
[288.884s][info ][gc,heap      ] GC(350) ParNew: 242231K->1250K(270976K)
[288.884s][info ][gc,heap      ] GC(350) CMS: 295073K->295096K(602112K)
[288.884s][info ][gc,metaspace ] GC(350) Metaspace: 57181K->57181K(1101824K)
[288.884s][info ][gc           ] GC(350) Pause Young (Allocation Failure) 524M->289M(852M) 2.963ms
[288.884s][info ][gc,cpu       ] GC(350) User=0.01s Sys=0.00s Real=0.01s
[288.884s][info ][safepoint    ] Leaving safepoint region
[288.884s][info ][safepoint    ] Total time for which application threads were stopped: 0.0031230 seconds, Stopping threads took: 0.0000138 seconds
[289.884s][info ][safepoint    ] Application time: 1.0001189 seconds
[289.884s][info ][safepoint    ] Entering safepoint region: Cleanup
[289.884s][info ][safepoint    ] Leaving safepoint region
[289.884s][info ][safepoint    ] Total time for which application threads were stopped: 0.0001185 seconds, Stopping threads took: 0.0000397 seconds
[290.267s][info ][safepoint    ] Application time: 0.3827194 seconds
[290.267s][info ][safepoint    ] Entering safepoint region: GenCollectForAllocation
[290.267s][info ][gc,start     ] GC(351) Pause Young (Allocation Failure)
[290.267s][info ][gc,task      ] GC(351) Using 4 workers of 4 for evacuation
[290.271s][debug][gc,ref       ] GC(351) Skipped phase1 of Reference Processing due to unavailable references
[290.271s][debug][gc,ref       ] GC(351) Skipped phase2 of Reference Processing due to unavailable references
[290.271s][debug][gc,ref       ] GC(351) Skipped phase3 of Reference Processing due to unavailable references
[290.271s][debug][gc,ref       ] GC(351) Skipped phase4 of Reference Processing due to unavailable references
[290.271s][debug][gc,age       ] GC(351) Desired survivor size 15400960 bytes, new threshold 6 (max threshold 6)
[290.271s][info ][gc,heap      ] GC(351) ParNew: 242146K->1236K(270976K)
[290.271s][info ][gc,heap      ] GC(351) CMS: 295096K->295120K(602112K)
[290.271s][info ][gc,metaspace ] GC(351) Metaspace: 57181K->57181K(1101824K)
[290.271s][info ][gc           ] GC(351) Pause Young (Allocation Failure) 524M->289M(852M) 3.416ms
[290.271s][info ][gc,cpu       ] GC(351) User=0.01s Sys=0.00s Real=0.00s
[290.271s][info ][safepoint    ] Leaving safepoint region
[290.271s][info ][safepoint    ] Total time for which application threads were stopped: 0.0035949 seconds, Stopping threads took: 0.0000402 seconds
[291.271s][info ][safepoint    ] Application time: 1.0000910 seconds
[291.271s][info ][safepoint    ] Entering safepoint region: Cleanup
[291.271s][info ][safepoint    ] Leaving safepoint region
[291.271s][info ][safepoint    ] Total time for which application threads were stopped: 0.0001813 seconds, Stopping threads took: 0.0001090 seconds
[291.655s][info ][safepoint    ] Application time: 0.3835416 seconds
[291.655s][info ][safepoint    ] Entering safepoint region: GenCollectForAllocation
[291.655s][info ][gc,start     ] GC(352) Pause Young (Allocation Failure)
[291.655s][info ][gc,task      ] GC(352) Using 4 workers of 4 for evacuation
[291.658s][debug][gc,ref       ] GC(352) Skipped phase1 of Reference Processing due to unavailable references
[291.658s][debug][gc,ref       ] GC(352) Skipped phase2 of Reference Processing due to unavailable references
[291.658s][debug][gc,ref       ] GC(352) Skipped phase3 of Reference Processing due to unavailable references
[291.658s][debug][gc,ref       ] GC(352) Skipped phase4 of Reference Processing due to unavailable references
[291.658s][debug][gc,age       ] GC(352) Desired survivor size 15400960 bytes, new threshold 6 (max threshold 6)
[291.658s][info ][gc,heap      ] GC(352) ParNew: 242132K->1222K(270976K)
[291.658s][info ][gc,heap      ] GC(352) CMS: 295120K->295261K(602112K)
[291.658s][info ][gc,metaspace ] GC(352) Metaspace: 57181K->57181K(1101824K)
[291.658s][info ][gc           ] GC(352) Pause Young (Allocation Failure) 524M->289M(852M) 3.147ms
[291.658s][info ][gc,cpu       ] GC(352) User=0.01s Sys=0.00s Real=0.01s
[291.658s][info ][safepoint    ] Leaving safepoint region
[291.658s][info ][safepoint    ] Total time for which application threads were stopped: 0.0032901 seconds, Stopping threads took: 0.0000148 seconds
[292.658s][info ][safepoint    ] Application time: 1.0001026 seconds
[292.658s][info ][safepoint    ] Entering safepoint region: Cleanup
[292.658s][info ][safepoint    ] Leaving safepoint region
[292.658s][info ][safepoint    ] Total time for which application threads were stopped: 0.0001660 seconds, Stopping threads took: 0.0000886 seconds
[292.969s][info ][safepoint    ] Application time: 0.3110237 seconds
[292.969s][info ][safepoint    ] Entering safepoint region: GenCollectForAllocation
[292.969s][info ][gc,start     ] GC(353) Pause Young (Allocation Failure)
[292.969s][info ][gc,task      ] GC(353) Using 4 workers of 4 for evacuation
[292.973s][debug][gc,ref       ] GC(353) Skipped phase1 of Reference Processing due to unavailable references
[292.973s][debug][gc,ref       ] GC(353) Skipped phase2 of Reference Processing due to unavailable references
[292.973s][debug][gc,ref       ] GC(353) Skipped phase3 of Reference Processing due to unavailable references
[292.973s][debug][gc,age       ] GC(353) Desired survivor size 15400960 bytes, new threshold 6 (max threshold 6)
[292.973s][info ][gc,heap      ] GC(353) ParNew: 242118K->1509K(270976K)
[292.973s][info ][gc,heap      ] GC(353) CMS: 295261K->295322K(602112K)
[292.973s][info ][gc,metaspace ] GC(353) Metaspace: 57183K->57183K(1101824K)
[292.973s][info ][gc           ] GC(353) Pause Young (Allocation Failure) 524M->289M(852M) 3.262ms
[292.973s][info ][gc,cpu       ] GC(353) User=0.01s Sys=0.01s Real=0.00s
[292.973s][info ][safepoint    ] Leaving safepoint region
[292.973s][info ][safepoint    ] Total time for which application threads were stopped: 0.0034219 seconds, Stopping threads took: 0.0000145 seconds
[293.973s][info ][safepoint    ] Application time: 1.0000913 seconds
[293.973s][info ][safepoint    ] Entering safepoint region: Cleanup
[293.973s][info ][safepoint    ] Leaving safepoint region
[293.973s][info ][safepoint    ] Total time for which application threads were stopped: 0.0001365 seconds, Stopping threads took: 0.0000629 seconds
[294.304s][info ][safepoint    ] Application time: 0.3309264 seconds
[294.304s][info ][safepoint    ] Entering safepoint region: GenCollectForAllocation
[294.304s][info ][gc,start     ] GC(354) Pause Young (Allocation Failure)
[294.304s][info ][gc,task      ] GC(354) Using 4 workers of 4 for evacuation
[294.307s][debug][gc,ref       ] GC(354) Skipped phase1 of Reference Processing due to unavailable references
[294.307s][debug][gc,ref       ] GC(354) Skipped phase2 of Reference Processing due to unavailable references
[294.307s][debug][gc,ref       ] GC(354) Skipped phase3 of Reference Processing due to unavailable references
[294.307s][debug][gc,ref       ] GC(354) Skipped phase4 of Reference Processing due to unavailable references
[294.307s][debug][gc,age       ] GC(354) Desired survivor size 15400960 bytes, new threshold 6 (max threshold 6)
[294.307s][info ][gc,heap      ] GC(354) ParNew: 242405K->1867K(270976K)
[294.307s][info ][gc,heap      ] GC(354) CMS: 295322K->295355K(602112K)
[294.307s][info ][gc,metaspace ] GC(354) Metaspace: 57184K->57184K(1101824K)
[294.307s][info ][gc           ] GC(354) Pause Young (Allocation Failure) 525M->290M(852M) 3.348ms
[294.308s][info ][gc,cpu       ] GC(354) User=0.01s Sys=0.00s Real=0.00s
[294.308s][info ][safepoint    ] Leaving safepoint region
[294.308s][info ][safepoint    ] Total time for which application threads were stopped: 0.0035580 seconds, Stopping threads took: 0.0000734 seconds
[295.468s][info ][safepoint    ] Application time: 1.1602976 seconds
[295.468s][info ][safepoint    ] Entering safepoint region: GenCollectForAllocation
[295.468s][info ][gc,start     ] GC(355) Pause Young (Allocation Failure)
[295.468s][info ][gc,task      ] GC(355) Using 4 workers of 4 for evacuation
[295.472s][debug][gc,ref       ] GC(355) Skipped phase1 of Reference Processing due to unavailable references
[295.472s][debug][gc,ref       ] GC(355) Skipped phase2 of Reference Processing due to unavailable references
[295.472s][debug][gc,ref       ] GC(355) Skipped phase3 of Reference Processing due to unavailable references
[295.472s][debug][gc,ref       ] GC(355) Skipped phase4 of Reference Processing due to unavailable references
[295.472s][debug][gc,age       ] GC(355) Desired survivor size 15400960 bytes, new threshold 6 (max threshold 6)
[295.472s][info ][gc,heap      ] GC(355) ParNew: 242763K->2410K(270976K)
[295.472s][info ][gc,heap      ] GC(355) CMS: 295355K->295365K(602112K)
[295.472s][info ][gc,metaspace ] GC(355) Metaspace: 57186K->57186K(1101824K)
[295.472s][info ][gc           ] GC(355) Pause Young (Allocation Failure) 525M->290M(852M) 3.998ms
[295.472s][info ][gc,cpu       ] GC(355) User=0.01s Sys=0.00s Real=0.00s
[295.472s][info ][safepoint    ] Leaving safepoint region
[295.472s][info ][safepoint    ] Total time for which application threads were stopped: 0.0041609 seconds, Stopping threads took: 0.0000145 seconds
[296.472s][info ][safepoint    ] Application time: 1.0000980 seconds
[296.472s][info ][safepoint    ] Entering safepoint region: Cleanup
[296.472s][info ][safepoint    ] Leaving safepoint region
[296.472s][info ][safepoint    ] Total time for which application threads were stopped: 0.0001839 seconds, Stopping threads took: 0.0000645 seconds
[296.534s][info ][safepoint    ] Application time: 0.0615624 seconds
[296.534s][info ][safepoint    ] Entering safepoint region: GenCollectForAllocation
[296.534s][info ][gc,start     ] GC(356) Pause Young (Allocation Failure)
[296.534s][info ][gc,task      ] GC(356) Using 4 workers of 4 for evacuation
[296.538s][debug][gc,ref       ] GC(356) Skipped phase1 of Reference Processing due to unavailable references
[296.538s][debug][gc,ref       ] GC(356) Skipped phase2 of Reference Processing due to unavailable references
[296.538s][debug][gc,ref       ] GC(356) Skipped phase3 of Reference Processing due to unavailable references
[296.538s][debug][gc,ref       ] GC(356) Skipped phase4 of Reference Processing due to unavailable references
[296.538s][debug][gc,age       ] GC(356) Desired survivor size 15400960 bytes, new threshold 6 (max threshold 6)
[296.538s][info ][gc,heap      ] GC(356) ParNew: 243306K->2972K(270976K)
[296.538s][info ][gc,heap      ] GC(356) CMS: 295365K->295476K(602112K)
[296.538s][info ][gc,metaspace ] GC(356) Metaspace: 57186K->57186K(1101824K)
[296.538s][info ][gc           ] GC(356) Pause Young (Allocation Failure) 526M->291M(852M) 4.343ms
[296.538s][info ][gc,cpu       ] GC(356) User=0.02s Sys=0.01s Real=0.01s
[296.538s][info ][safepoint    ] Leaving safepoint region
[296.538s][info ][safepoint    ] Total time for which application threads were stopped: 0.0045048 seconds, Stopping threads took: 0.0000163 seconds
[297.356s][info ][safepoint    ] Application time: 0.8179823 seconds
[297.356s][info ][safepoint    ] Entering safepoint region: GenCollectForAllocation
[297.357s][info ][gc,start     ] GC(357) Pause Young (Allocation Failure)
[297.357s][info ][gc,task      ] GC(357) Using 4 workers of 4 for evacuation
[297.362s][debug][gc,ref       ] GC(357) Skipped phase1 of Reference Processing due to unavailable references
[297.362s][debug][gc,ref       ] GC(357) Skipped phase2 of Reference Processing due to unavailable references
[297.362s][debug][gc,ref       ] GC(357) Skipped phase3 of Reference Processing due to unavailable references
[297.362s][debug][gc,ref       ] GC(357) Skipped phase4 of Reference Processing due to unavailable references
[297.362s][debug][gc,age       ] GC(357) Desired survivor size 15400960 bytes, new threshold 6 (max threshold 6)
[297.362s][info ][gc,heap      ] GC(357) ParNew: 243868K->3047K(270976K)
[297.362s][info ][gc,heap      ] GC(357) CMS: 295476K->295488K(602112K)
[297.362s][info ][gc,metaspace ] GC(357) Metaspace: 57189K->57189K(1101824K)
[297.362s][info ][gc           ] GC(357) Pause Young (Allocation Failure) 526M->291M(852M) 5.267ms
[297.362s][info ][gc,cpu       ] GC(357) User=0.02s Sys=0.00s Real=0.00s
[297.362s][info ][safepoint    ] Leaving safepoint region
[297.362s][info ][safepoint    ] Total time for which application threads were stopped: 0.0054540 seconds, Stopping threads took: 0.0000152 seconds
[298.468s][info ][safepoint    ] Application time: 1.1062568 seconds
[298.468s][info ][safepoint    ] Entering safepoint region: GenCollectForAllocation
[298.468s][info ][gc,start     ] GC(358) Pause Young (Allocation Failure)
[298.468s][info ][gc,task      ] GC(358) Using 4 workers of 4 for evacuation
[298.472s][debug][gc,ref       ] GC(358) Skipped phase1 of Reference Processing due to unavailable references
[298.472s][debug][gc,ref       ] GC(358) Skipped phase2 of Reference Processing due to unavailable references
[298.472s][debug][gc,ref       ] GC(358) Skipped phase3 of Reference Processing due to unavailable references
[298.472s][debug][gc,ref       ] GC(358) Skipped phase4 of Reference Processing due to unavailable references
[298.473s][debug][gc,age       ] GC(358) Desired survivor size 15400960 bytes, new threshold 6 (max threshold 6)
[298.473s][info ][gc,heap      ] GC(358) ParNew: 243943K->3942K(270976K)
[298.473s][info ][gc,heap      ] GC(358) CMS: 295488K->295511K(602112K)
[298.473s][info ][gc,metaspace ] GC(358) Metaspace: 57189K->57189K(1101824K)
[298.473s][info ][gc           ] GC(358) Pause Young (Allocation Failure) 526M->292M(852M) 4.215ms
[298.473s][info ][gc,cpu       ] GC(358) User=0.01s Sys=0.00s Real=0.00s
[298.473s][info ][safepoint    ] Leaving safepoint region
[298.473s][info ][safepoint    ] Total time for which application threads were stopped: 0.0043614 seconds, Stopping threads took: 0.0000143 seconds
[299.473s][info ][safepoint    ] Application time: 1.0000944 seconds
[299.473s][info ][safepoint    ] Entering safepoint region: Cleanup
[299.473s][info ][safepoint    ] Leaving safepoint region
[299.473s][info ][safepoint    ] Total time for which application threads were stopped: 0.0001418 seconds, Stopping threads took: 0.0000683 seconds
[299.583s][info ][safepoint    ] Application time: 0.1097748 seconds
[299.583s][info ][safepoint    ] Entering safepoint region: GenCollectForAllocation
[299.583s][info ][gc,start     ] GC(359) Pause Young (Allocation Failure)
[299.583s][info ][gc,task      ] GC(359) Using 4 workers of 4 for evacuation
[299.587s][debug][gc,ref       ] GC(359) Skipped phase1 of Reference Processing due to unavailable references
[299.587s][debug][gc,ref       ] GC(359) Skipped phase2 of Reference Processing due to unavailable references
[299.587s][debug][gc,ref       ] GC(359) Skipped phase3 of Reference Processing due to unavailable references
[299.587s][debug][gc,ref       ] GC(359) Skipped phase4 of Reference Processing due to unavailable references
[299.587s][debug][gc,age       ] GC(359) Desired survivor size 15400960 bytes, new threshold 6 (max threshold 6)
[299.587s][info ][gc,heap      ] GC(359) ParNew: 244838K->2625K(270976K)
[299.587s][info ][gc,heap      ] GC(359) CMS: 295511K->295706K(602112K)
[299.587s][info ][gc,metaspace ] GC(359) Metaspace: 57189K->57189K(1101824K)
[299.587s][info ][gc           ] GC(359) Pause Young (Allocation Failure) 527M->291M(852M) 4.610ms
[299.587s][info ][gc,cpu       ] GC(359) User=0.02s Sys=0.00s Real=0.01s
[299.587s][info ][safepoint    ] Leaving safepoint region
[299.587s][info ][safepoint    ] Total time for which application threads were stopped: 0.0047831 seconds, Stopping threads took: 0.0000137 seconds
[300.618s][info ][safepoint    ] Application time: 1.0304993 seconds
[300.618s][info ][safepoint    ] Entering safepoint region: GenCollectForAllocation
[300.618s][info ][gc,start     ] GC(360) Pause Young (Allocation Failure)
[300.618s][info ][gc,task      ] GC(360) Using 4 workers of 4 for evacuation
[300.622s][debug][gc,ref       ] GC(360) Skipped phase1 of Reference Processing due to unavailable references
[300.623s][debug][gc,ref       ] GC(360) Skipped phase2 of Reference Processing due to unavailable references
[300.623s][debug][gc,ref       ] GC(360) Skipped phase3 of Reference Processing due to unavailable references
[300.623s][debug][gc,ref       ] GC(360) Skipped phase4 of Reference Processing due to unavailable references
[300.623s][debug][gc,age       ] GC(360) Desired survivor size 15400960 bytes, new threshold 6 (max threshold 6)
[300.623s][info ][gc,heap      ] GC(360) ParNew: 243521K->3197K(270976K)
[300.623s][info ][gc,heap      ] GC(360) CMS: 295706K->295792K(602112K)
[300.623s][info ][gc,metaspace ] GC(360) Metaspace: 57189K->57189K(1101824K)
[300.623s][info ][gc           ] GC(360) Pause Young (Allocation Failure) 526M->291M(852M) 4.584ms
[300.623s][info ][gc,cpu       ] GC(360) User=0.01s Sys=0.00s Real=0.00s
[300.623s][info ][safepoint    ] Leaving safepoint region
[300.623s][info ][safepoint    ] Total time for which application threads were stopped: 0.0047348 seconds, Stopping threads took: 0.0000142 seconds
[301.583s][info ][safepoint    ] Application time: 0.9606996 seconds
[301.583s][info ][safepoint    ] Entering safepoint region: GenCollectForAllocation
[301.584s][info ][gc,start     ] GC(361) Pause Young (Allocation Failure)
[301.584s][info ][gc,task      ] GC(361) Using 4 workers of 4 for evacuation
[301.588s][debug][gc,ref       ] GC(361) Skipped phase1 of Reference Processing due to unavailable references
[301.588s][debug][gc,ref       ] GC(361) Skipped phase2 of Reference Processing due to unavailable references
[301.588s][debug][gc,ref       ] GC(361) Skipped phase3 of Reference Processing due to unavailable references
[301.588s][debug][gc,ref       ] GC(361) Skipped phase4 of Reference Processing due to unavailable references
[301.588s][debug][gc,age       ] GC(361) Desired survivor size 15400960 bytes, new threshold 6 (max threshold 6)
[301.588s][info ][gc,heap      ] GC(361) ParNew: 244093K->4307K(270976K)
[301.588s][info ][gc,heap      ] GC(361) CMS: 295792K->295908K(602112K)
[301.588s][info ][gc,metaspace ] GC(361) Metaspace: 57189K->57189K(1101824K)
[301.588s][info ][gc           ] GC(361) Pause Young (Allocation Failure) 527M->293M(852M) 4.480ms
[301.588s][info ][gc,cpu       ] GC(361) User=0.02s Sys=0.00s Real=0.00s
[301.588s][info ][safepoint    ] Leaving safepoint region
[301.588s][info ][safepoint    ] Total time for which application threads were stopped: 0.0046188 seconds, Stopping threads took: 0.0000149 seconds
[302.466s][info ][safepoint    ] Application time: 0.8778163 seconds
[302.466s][info ][safepoint    ] Entering safepoint region: GenCollectForAllocation
[302.466s][info ][gc,start     ] GC(362) Pause Young (Allocation Failure)
[302.466s][info ][gc,task      ] GC(362) Using 4 workers of 4 for evacuation
[302.470s][debug][gc,ref       ] GC(362) Skipped phase1 of Reference Processing due to unavailable references
[302.470s][debug][gc,ref       ] GC(362) Skipped phase2 of Reference Processing due to unavailable references
[302.470s][debug][gc,ref       ] GC(362) Skipped phase3 of Reference Processing due to unavailable references
[302.470s][debug][gc,ref       ] GC(362) Skipped phase4 of Reference Processing due to unavailable references
[302.470s][debug][gc,age       ] GC(362) Desired survivor size 15400960 bytes, new threshold 6 (max threshold 6)
[302.470s][info ][gc,heap      ] GC(362) ParNew: 245203K->3376K(270976K)
[302.470s][info ][gc,heap      ] GC(362) CMS: 295908K->295951K(602112K)
[302.470s][info ][gc,metaspace ] GC(362) Metaspace: 57189K->57189K(1101824K)
[302.470s][info ][gc           ] GC(362) Pause Young (Allocation Failure) 528M->292M(852M) 4.091ms
[302.470s][info ][gc,cpu       ] GC(362) User=0.02s Sys=0.00s Real=0.00s
[302.470s][info ][safepoint    ] Leaving safepoint region
[302.470s][info ][safepoint    ] Total time for which application threads were stopped: 0.0042438 seconds, Stopping threads took: 0.0000145 seconds
[303.417s][info ][safepoint    ] Application time: 0.9465913 seconds
[303.417s][info ][safepoint    ] Entering safepoint region: GenCollectForAllocation
[303.417s][info ][gc,start     ] GC(363) Pause Young (Allocation Failure)
[303.417s][info ][gc,task      ] GC(363) Using 4 workers of 4 for evacuation
[303.421s][debug][gc,ref       ] GC(363) Skipped phase1 of Reference Processing due to unavailable references
[303.421s][debug][gc,ref       ] GC(363) Skipped phase2 of Reference Processing due to unavailable references
[303.421s][debug][gc,ref       ] GC(363) Skipped phase3 of Reference Processing due to unavailable references
[303.421s][debug][gc,ref       ] GC(363) Skipped phase4 of Reference Processing due to unavailable references
[303.422s][debug][gc,age       ] GC(363) Desired survivor size 15400960 bytes, new threshold 6 (max threshold 6)
[303.422s][info ][gc,heap      ] GC(363) ParNew: 244272K->4060K(270976K)
[303.422s][info ][gc,heap      ] GC(363) CMS: 295951K->296247K(602112K)
[303.422s][info ][gc,metaspace ] GC(363) Metaspace: 57189K->57189K(1101824K)
[303.422s][info ][gc           ] GC(363) Pause Young (Allocation Failure) 527M->293M(852M) 4.670ms
[303.422s][info ][gc,cpu       ] GC(363) User=0.02s Sys=0.00s Real=0.00s
[303.422s][info ][safepoint    ] Leaving safepoint region
[303.422s][info ][safepoint    ] Total time for which application threads were stopped: 0.0048232 seconds, Stopping threads took: 0.0000138 seconds
[304.422s][info ][safepoint    ] Application time: 1.0002742 seconds
[304.422s][info ][safepoint    ] Entering safepoint region: GenCollectForAllocation
[304.422s][info ][gc,start     ] GC(364) Pause Young (Allocation Failure)
[304.422s][info ][gc,task      ] GC(364) Using 4 workers of 4 for evacuation
[304.426s][debug][gc,ref       ] GC(364) Skipped phase1 of Reference Processing due to unavailable references
[304.426s][debug][gc,ref       ] GC(364) Skipped phase2 of Reference Processing due to unavailable references
[304.426s][debug][gc,ref       ] GC(364) Skipped phase3 of Reference Processing due to unavailable references
[304.426s][debug][gc,ref       ] GC(364) Skipped phase4 of Reference Processing due to unavailable references
[304.426s][debug][gc,age       ] GC(364) Desired survivor size 15400960 bytes, new threshold 6 (max threshold 6)
[304.427s][info ][gc,heap      ] GC(364) ParNew: 244956K->2903K(270976K)
[304.427s][info ][gc,heap      ] GC(364) CMS: 296247K->296379K(602112K)
[304.427s][info ][gc,metaspace ] GC(364) Metaspace: 57190K->57190K(1101824K)
[304.427s][info ][gc           ] GC(364) Pause Young (Allocation Failure) 528M->292M(852M) 4.484ms
[304.427s][info ][gc,cpu       ] GC(364) User=0.02s Sys=0.00s Real=0.01s
[304.427s][info ][safepoint    ] Leaving safepoint region
[304.427s][info ][safepoint    ] Total time for which application threads were stopped: 0.0046429 seconds, Stopping threads took: 0.0000138 seconds
[305.312s][info ][safepoint    ] Application time: 0.8853011 seconds
[305.312s][info ][safepoint    ] Entering safepoint region: GenCollectForAllocation
[305.312s][info ][gc,start     ] GC(365) Pause Young (Allocation Failure)
[305.312s][info ][gc,task      ] GC(365) Using 4 workers of 4 for evacuation
[305.316s][debug][gc,ref       ] GC(365) Skipped phase1 of Reference Processing due to unavailable references
[305.316s][debug][gc,ref       ] GC(365) Skipped phase2 of Reference Processing due to unavailable references
[305.316s][debug][gc,ref       ] GC(365) Skipped phase3 of Reference Processing due to unavailable references
[305.316s][debug][gc,ref       ] GC(365) Skipped phase4 of Reference Processing due to unavailable references
[305.316s][debug][gc,age       ] GC(365) Desired survivor size 15400960 bytes, new threshold 6 (max threshold 6)
[305.316s][info ][gc,heap      ] GC(365) ParNew: 243799K->3039K(270976K)
[305.316s][info ][gc,heap      ] GC(365) CMS: 296379K->296504K(602112K)
[305.316s][info ][gc,metaspace ] GC(365) Metaspace: 57190K->57190K(1101824K)
[305.316s][info ][gc           ] GC(365) Pause Young (Allocation Failure) 527M->292M(852M) 4.170ms
[305.316s][info ][gc,cpu       ] GC(365) User=0.01s Sys=0.00s Real=0.01s
[305.316s][info ][safepoint    ] Leaving safepoint region
[305.316s][info ][safepoint    ] Total time for which application threads were stopped: 0.0043117 seconds, Stopping threads took: 0.0000143 seconds
[306.258s][info ][safepoint    ] Application time: 0.9419932 seconds
[306.258s][info ][safepoint    ] Entering safepoint region: GenCollectForAllocation
[306.258s][info ][gc,start     ] GC(366) Pause Young (Allocation Failure)
[306.258s][info ][gc,task      ] GC(366) Using 4 workers of 4 for evacuation
[306.262s][debug][gc,ref       ] GC(366) Skipped phase1 of Reference Processing due to unavailable references
[306.262s][debug][gc,ref       ] GC(366) Skipped phase2 of Reference Processing due to unavailable references
[306.262s][debug][gc,ref       ] GC(366) Skipped phase3 of Reference Processing due to unavailable references
[306.262s][debug][gc,ref       ] GC(366) Skipped phase4 of Reference Processing due to unavailable references
[306.263s][debug][gc,age       ] GC(366) Desired survivor size 15400960 bytes, new threshold 6 (max threshold 6)
[306.263s][info ][gc,heap      ] GC(366) ParNew: 243935K->3409K(270976K)
[306.263s][info ][gc,heap      ] GC(366) CMS: 296504K->296599K(602112K)
[306.263s][info ][gc,metaspace ] GC(366) Metaspace: 57190K->57190K(1101824K)
[306.263s][info ][gc           ] GC(366) Pause Young (Allocation Failure) 527M->292M(852M) 4.205ms
[306.263s][info ][gc,cpu       ] GC(366) User=0.01s Sys=0.00s Real=0.00s
[306.263s][info ][safepoint    ] Leaving safepoint region
[306.263s][info ][safepoint    ] Total time for which application threads were stopped: 0.0043618 seconds, Stopping threads took: 0.0000142 seconds
[307.127s][info ][safepoint    ] Application time: 0.8640899 seconds
[307.127s][info ][safepoint    ] Entering safepoint region: GenCollectForAllocation
[307.127s][info ][gc,start     ] GC(367) Pause Young (Allocation Failure)
[307.127s][info ][gc,task      ] GC(367) Using 4 workers of 4 for evacuation
[307.132s][debug][gc,ref       ] GC(367) Skipped phase1 of Reference Processing due to unavailable references
[307.132s][debug][gc,ref       ] GC(367) Skipped phase2 of Reference Processing due to unavailable references
[307.132s][debug][gc,ref       ] GC(367) Skipped phase3 of Reference Processing due to unavailable references
[307.132s][debug][gc,ref       ] GC(367) Skipped phase4 of Reference Processing due to unavailable references
[307.132s][debug][gc,age       ] GC(367) Desired survivor size 15400960 bytes, new threshold 6 (max threshold 6)
[307.132s][info ][gc,heap      ] GC(367) ParNew: 244305K->3915K(270976K)
[307.132s][info ][gc,heap      ] GC(367) CMS: 296599K->296757K(602112K)
[307.132s][info ][gc,metaspace ] GC(367) Metaspace: 57190K->57190K(1101824K)
[307.132s][info ][gc           ] GC(367) Pause Young (Allocation Failure) 528M->293M(852M) 4.968ms
[307.132s][info ][gc,cpu       ] GC(367) User=0.02s Sys=0.00s Real=0.00s
[307.132s][info ][safepoint    ] Leaving safepoint region
[307.132s][info ][safepoint    ] Total time for which application threads were stopped: 0.0051393 seconds, Stopping threads took: 0.0000150 seconds
[308.126s][info ][safepoint    ] Application time: 0.9943070 seconds
[308.126s][info ][safepoint    ] Entering safepoint region: GenCollectForAllocation
[308.126s][info ][gc,start     ] GC(368) Pause Young (Allocation Failure)
[308.126s][info ][gc,task      ] GC(368) Using 4 workers of 4 for evacuation
[308.130s][debug][gc,ref       ] GC(368) Skipped phase1 of Reference Processing due to unavailable references
[308.130s][debug][gc,ref       ] GC(368) Skipped phase2 of Reference Processing due to unavailable references
[308.130s][debug][gc,ref       ] GC(368) Skipped phase3 of Reference Processing due to unavailable references
[308.130s][debug][gc,ref       ] GC(368) Skipped phase4 of Reference Processing due to unavailable references
[308.130s][debug][gc,age       ] GC(368) Desired survivor size 15400960 bytes, new threshold 6 (max threshold 6)
[308.131s][info ][gc,heap      ] GC(368) ParNew: 244811K->2877K(270976K)
[308.131s][info ][gc,heap      ] GC(368) CMS: 296757K->296784K(602112K)
[308.131s][info ][gc,metaspace ] GC(368) Metaspace: 57190K->57190K(1101824K)
[308.131s][info ][gc           ] GC(368) Pause Young (Allocation Failure) 528M->292M(852M) 4.176ms
[308.131s][info ][gc,cpu       ] GC(368) User=0.01s Sys=0.00s Real=0.00s
[308.131s][info ][safepoint    ] Leaving safepoint region
[308.131s][info ][safepoint    ] Total time for which application threads were stopped: 0.0043452 seconds, Stopping threads took: 0.0000278 seconds
[309.084s][info ][safepoint    ] Application time: 0.9531846 seconds
[309.084s][info ][safepoint    ] Entering safepoint region: GenCollectForAllocation
[309.084s][info ][gc,start     ] GC(369) Pause Young (Allocation Failure)
[309.084s][info ][gc,task      ] GC(369) Using 4 workers of 4 for evacuation
[309.088s][debug][gc,ref       ] GC(369) Skipped phase1 of Reference Processing due to unavailable references
[309.088s][debug][gc,ref       ] GC(369) Skipped phase2 of Reference Processing due to unavailable references
[309.088s][debug][gc,ref       ] GC(369) Skipped phase3 of Reference Processing due to unavailable references
[309.088s][debug][gc,ref       ] GC(369) Skipped phase4 of Reference Processing due to unavailable references
[309.088s][debug][gc,age       ] GC(369) Desired survivor size 15400960 bytes, new threshold 6 (max threshold 6)
[309.088s][info ][gc,heap      ] GC(369) ParNew: 243773K->2822K(270976K)
[309.088s][info ][gc,heap      ] GC(369) CMS: 296784K->297017K(602112K)
[309.088s][info ][gc,metaspace ] GC(369) Metaspace: 57190K->57190K(1101824K)
[309.088s][info ][gc           ] GC(369) Pause Young (Allocation Failure) 527M->292M(852M) 4.239ms
[309.088s][info ][gc,cpu       ] GC(369) User=0.02s Sys=0.00s Real=0.00s
[309.088s][info ][safepoint    ] Leaving safepoint region
[309.088s][info ][safepoint    ] Total time for which application threads were stopped: 0.0043943 seconds, Stopping threads took: 0.0000146 seconds
[310.153s][info ][safepoint    ] Application time: 1.0649149 seconds
[310.153s][info ][safepoint    ] Entering safepoint region: GenCollectForAllocation
[310.153s][info ][gc,start     ] GC(370) Pause Young (Allocation Failure)
[310.153s][info ][gc,task      ] GC(370) Using 4 workers of 4 for evacuation
[310.157s][debug][gc,ref       ] GC(370) Skipped phase1 of Reference Processing due to unavailable references
[310.157s][debug][gc,ref       ] GC(370) Skipped phase2 of Reference Processing due to unavailable references
[310.157s][debug][gc,ref       ] GC(370) Skipped phase3 of Reference Processing due to unavailable references
[310.157s][debug][gc,ref       ] GC(370) Skipped phase4 of Reference Processing due to unavailable references
[310.157s][debug][gc,age       ] GC(370) Desired survivor size 15400960 bytes, new threshold 6 (max threshold 6)
[310.157s][info ][gc,heap      ] GC(370) ParNew: 243718K->3562K(270976K)
[310.157s][info ][gc,heap      ] GC(370) CMS: 297017K->297041K(602112K)
[310.157s][info ][gc,metaspace ] GC(370) Metaspace: 57191K->57191K(1101824K)
[310.157s][info ][gc           ] GC(370) Pause Young (Allocation Failure) 528M->293M(852M) 4.143ms
[310.157s][info ][gc,cpu       ] GC(370) User=0.01s Sys=0.00s Real=0.01s
[310.158s][info ][safepoint    ] Leaving safepoint region
[310.158s][info ][safepoint    ] Total time for which application threads were stopped: 0.0043455 seconds, Stopping threads took: 0.0000818 seconds
[311.006s][info ][safepoint    ] Application time: 0.8483737 seconds
[311.006s][info ][safepoint    ] Entering safepoint region: GenCollectForAllocation
[311.006s][info ][gc,start     ] GC(371) Pause Young (Allocation Failure)
[311.006s][info ][gc,task      ] GC(371) Using 4 workers of 4 for evacuation
[311.010s][debug][gc,ref       ] GC(371) Skipped phase1 of Reference Processing due to unavailable references
[311.010s][debug][gc,ref       ] GC(371) Skipped phase2 of Reference Processing due to unavailable references
[311.010s][debug][gc,ref       ] GC(371) Skipped phase3 of Reference Processing due to unavailable references
[311.010s][debug][gc,ref       ] GC(371) Skipped phase4 of Reference Processing due to unavailable references
[311.010s][debug][gc,age       ] GC(371) Desired survivor size 15400960 bytes, new threshold 6 (max threshold 6)
[311.010s][info ][gc,heap      ] GC(371) ParNew: 244458K->2438K(270976K)
[311.010s][info ][gc,heap      ] GC(371) CMS: 297041K->297157K(602112K)
[311.010s][info ][gc,metaspace ] GC(371) Metaspace: 57191K->57191K(1101824K)
[311.011s][info ][gc           ] GC(371) Pause Young (Allocation Failure) 528M->292M(852M) 4.452ms
[311.011s][info ][gc,cpu       ] GC(371) User=0.02s Sys=0.00s Real=0.00s
[311.011s][info ][safepoint    ] Leaving safepoint region
[311.011s][info ][safepoint    ] Total time for which application threads were stopped: 0.0046008 seconds, Stopping threads took: 0.0000147 seconds
[311.987s][info ][safepoint    ] Application time: 0.9765966 seconds
[311.987s][info ][safepoint    ] Entering safepoint region: GenCollectForAllocation
[311.987s][info ][gc,start     ] GC(372) Pause Young (Allocation Failure)
[311.987s][info ][gc,task      ] GC(372) Using 4 workers of 4 for evacuation
[311.991s][debug][gc,ref       ] GC(372) Skipped phase1 of Reference Processing due to unavailable references
[311.991s][debug][gc,ref       ] GC(372) Skipped phase2 of Reference Processing due to unavailable references
[311.991s][debug][gc,ref       ] GC(372) Skipped phase3 of Reference Processing due to unavailable references
[311.991s][debug][gc,ref       ] GC(372) Skipped phase4 of Reference Processing due to unavailable references
[311.991s][debug][gc,age       ] GC(372) Desired survivor size 15400960 bytes, new threshold 6 (max threshold 6)
[311.991s][info ][gc,heap      ] GC(372) ParNew: 243334K->3073K(270976K)
[311.991s][info ][gc,heap      ] GC(372) CMS: 297157K->297164K(602112K)
[311.991s][info ][gc,metaspace ] GC(372) Metaspace: 57191K->57191K(1101824K)
[311.991s][info ][gc           ] GC(372) Pause Young (Allocation Failure) 527M->293M(852M) 4.065ms
[311.991s][info ][gc,cpu       ] GC(372) User=0.01s Sys=0.00s Real=0.00s
[311.991s][info ][safepoint    ] Leaving safepoint region
[311.991s][info ][safepoint    ] Total time for which application threads were stopped: 0.0042037 seconds, Stopping threads took: 0.0000120 seconds
[312.928s][info ][safepoint    ] Application time: 0.9364867 seconds
[312.928s][info ][safepoint    ] Entering safepoint region: GenCollectForAllocation
[312.928s][info ][gc,start     ] GC(373) Pause Young (Allocation Failure)
[312.928s][info ][gc,task      ] GC(373) Using 4 workers of 4 for evacuation
[312.932s][debug][gc,ref       ] GC(373) Skipped phase1 of Reference Processing due to unavailable references
[312.932s][debug][gc,ref       ] GC(373) Skipped phase2 of Reference Processing due to unavailable references
[312.932s][debug][gc,ref       ] GC(373) Skipped phase3 of Reference Processing due to unavailable references
[312.932s][debug][gc,ref       ] GC(373) Skipped phase4 of Reference Processing due to unavailable references
[312.932s][debug][gc,age       ] GC(373) Desired survivor size 15400960 bytes, new threshold 6 (max threshold 6)
[312.932s][info ][gc,heap      ] GC(373) ParNew: 243969K->2505K(270976K)
[312.932s][info ][gc,heap      ] GC(373) CMS: 297164K->297247K(602112K)
[312.932s][info ][gc,metaspace ] GC(373) Metaspace: 57191K->57191K(1101824K)
[312.932s][info ][gc           ] GC(373) Pause Young (Allocation Failure) 528M->292M(852M) 3.937ms
[312.932s][info ][gc,cpu       ] GC(373) User=0.02s Sys=0.01s Real=0.00s
[312.932s][info ][safepoint    ] Leaving safepoint region
[312.932s][info ][safepoint    ] Total time for which application threads were stopped: 0.0040837 seconds, Stopping threads took: 0.0000136 seconds
[313.643s][info ][safepoint    ] Application time: 0.7107331 seconds
[313.643s][info ][safepoint    ] Entering safepoint region: GenCollectForAllocation
[313.643s][info ][gc,start     ] GC(374) Pause Young (Allocation Failure)
[313.643s][info ][gc,task      ] GC(374) Using 4 workers of 4 for evacuation
[313.653s][debug][gc,ref       ] GC(374) Skipped phase1 of Reference Processing due to unavailable references
[313.653s][debug][gc,ref       ] GC(374) Skipped phase3 of Reference Processing due to unavailable references
[313.653s][debug][gc,age       ] GC(374) Desired survivor size 15400960 bytes, new threshold 6 (max threshold 6)
[313.653s][info ][gc,heap      ] GC(374) ParNew: 243401K->13574K(270976K)
[313.653s][info ][gc,heap      ] GC(374) CMS: 297247K->297395K(602112K)
[313.653s][info ][gc,metaspace ] GC(374) Metaspace: 57214K->57214K(1101824K)
[313.653s][info ][gc           ] GC(374) Pause Young (Allocation Failure) 527M->303M(852M) 9.926ms
[313.653s][info ][gc,cpu       ] GC(374) User=0.03s Sys=0.00s Real=0.01s
[313.653s][info ][safepoint    ] Leaving safepoint region
[313.653s][info ][safepoint    ] Total time for which application threads were stopped: 0.0102123 seconds, Stopping threads took: 0.0000780 seconds
[314.450s][info ][safepoint    ] Application time: 0.7966821 seconds
[314.450s][info ][safepoint    ] Entering safepoint region: GenCollectForAllocation
[314.450s][info ][gc,start     ] GC(375) Pause Young (Allocation Failure)
[314.450s][info ][gc,task      ] GC(375) Using 4 workers of 4 for evacuation
[314.454s][debug][gc,ref       ] GC(375) Skipped phase1 of Reference Processing due to unavailable references
[314.454s][debug][gc,ref       ] GC(375) Skipped phase2 of Reference Processing due to unavailable references
[314.454s][debug][gc,ref       ] GC(375) Skipped phase3 of Reference Processing due to unavailable references
[314.454s][debug][gc,ref       ] GC(375) Skipped phase4 of Reference Processing due to unavailable references
[314.454s][debug][gc,age       ] GC(375) Desired survivor size 15400960 bytes, new threshold 6 (max threshold 6)
[314.454s][info ][gc,heap      ] GC(375) ParNew: 254470K->9869K(270976K)
[314.454s][info ][gc,heap      ] GC(375) CMS: 297395K->297459K(602112K)
[314.454s][info ][gc,metaspace ] GC(375) Metaspace: 57214K->57214K(1101824K)
[314.454s][info ][gc           ] GC(375) Pause Young (Allocation Failure) 538M->300M(852M) 4.494ms
[314.454s][info ][gc,cpu       ] GC(375) User=0.02s Sys=0.00s Real=0.00s
[314.454s][info ][safepoint    ] Leaving safepoint region
[314.454s][info ][safepoint    ] Total time for which application threads were stopped: 0.0046543 seconds, Stopping threads took: 0.0000135 seconds
[315.262s][info ][safepoint    ] Application time: 0.8074517 seconds
[315.262s][info ][safepoint    ] Entering safepoint region: GenCollectForAllocation
[315.262s][info ][gc,start     ] GC(376) Pause Young (Allocation Failure)
[315.262s][info ][gc,task      ] GC(376) Using 4 workers of 4 for evacuation
[315.266s][debug][gc,ref       ] GC(376) Skipped phase1 of Reference Processing due to unavailable references
[315.266s][debug][gc,ref       ] GC(376) Skipped phase2 of Reference Processing due to unavailable references
[315.266s][debug][gc,ref       ] GC(376) Skipped phase3 of Reference Processing due to unavailable references
[315.266s][debug][gc,ref       ] GC(376) Skipped phase4 of Reference Processing due to unavailable references
[315.266s][debug][gc,age       ] GC(376) Desired survivor size 15400960 bytes, new threshold 6 (max threshold 6)
[315.266s][info ][gc,heap      ] GC(376) ParNew: 250765K->2835K(270976K)
[315.266s][info ][gc,heap      ] GC(376) CMS: 297459K->297663K(602112K)
[315.266s][info ][gc,metaspace ] GC(376) Metaspace: 57214K->57214K(1101824K)
[315.266s][info ][gc           ] GC(376) Pause Young (Allocation Failure) 535M->293M(852M) 4.174ms
[315.266s][info ][gc,cpu       ] GC(376) User=0.01s Sys=0.00s Real=0.01s
[315.266s][info ][safepoint    ] Leaving safepoint region
[315.266s][info ][safepoint    ] Total time for which application threads were stopped: 0.0043348 seconds, Stopping threads took: 0.0000156 seconds
[316.152s][info ][safepoint    ] Application time: 0.8859350 seconds
[316.152s][info ][safepoint    ] Entering safepoint region: GenCollectForAllocation
[316.152s][info ][gc,start     ] GC(377) Pause Young (Allocation Failure)
[316.152s][info ][gc,task      ] GC(377) Using 4 workers of 4 for evacuation
[316.157s][debug][gc,ref       ] GC(377) Skipped phase1 of Reference Processing due to unavailable references
[316.157s][debug][gc,ref       ] GC(377) Skipped phase2 of Reference Processing due to unavailable references
[316.157s][debug][gc,ref       ] GC(377) Skipped phase3 of Reference Processing due to unavailable references
[316.157s][debug][gc,ref       ] GC(377) Skipped phase4 of Reference Processing due to unavailable references
[316.157s][debug][gc,age       ] GC(377) Desired survivor size 15400960 bytes, new threshold 6 (max threshold 6)
[316.157s][info ][gc,heap      ] GC(377) ParNew: 243731K->3195K(270976K)
[316.157s][info ][gc,heap      ] GC(377) CMS: 297663K->297687K(602112K)
[316.157s][info ][gc,metaspace ] GC(377) Metaspace: 57214K->57214K(1101824K)
[316.157s][info ][gc           ] GC(377) Pause Young (Allocation Failure) 528M->293M(852M) 4.599ms
[316.157s][info ][gc,cpu       ] GC(377) User=0.02s Sys=0.00s Real=0.01s
[316.157s][info ][safepoint    ] Leaving safepoint region
[316.157s][info ][safepoint    ] Total time for which application threads were stopped: 0.0047515 seconds, Stopping threads took: 0.0000144 seconds
[317.157s][info ][safepoint    ] Application time: 1.0001021 seconds
[317.157s][info ][safepoint    ] Entering safepoint region: Cleanup
[317.157s][info ][safepoint    ] Leaving safepoint region
[317.157s][info ][safepoint    ] Total time for which application threads were stopped: 0.0001475 seconds, Stopping threads took: 0.0000636 seconds
[317.182s][info ][safepoint    ] Application time: 0.0251146 seconds
[317.182s][info ][safepoint    ] Entering safepoint region: GenCollectForAllocation
[317.182s][info ][gc,start     ] GC(378) Pause Young (Allocation Failure)
[317.182s][info ][gc,task      ] GC(378) Using 4 workers of 4 for evacuation
[317.187s][debug][gc,ref       ] GC(378) Skipped phase1 of Reference Processing due to unavailable references
[317.187s][debug][gc,ref       ] GC(378) Skipped phase2 of Reference Processing due to unavailable references
[317.187s][debug][gc,ref       ] GC(378) Skipped phase3 of Reference Processing due to unavailable references
[317.187s][debug][gc,ref       ] GC(378) Skipped phase4 of Reference Processing due to unavailable references
[317.187s][debug][gc,age       ] GC(378) Desired survivor size 15400960 bytes, new threshold 6 (max threshold 6)
[317.187s][info ][gc,heap      ] GC(378) ParNew: 244091K->3549K(270976K)
[317.187s][info ][gc,heap      ] GC(378) CMS: 297687K->297741K(602112K)
[317.187s][info ][gc,metaspace ] GC(378) Metaspace: 57214K->57214K(1101824K)
[317.187s][info ][gc           ] GC(378) Pause Young (Allocation Failure) 529M->294M(852M) 4.481ms
[317.187s][info ][gc,cpu       ] GC(378) User=0.02s Sys=0.00s Real=0.01s
[317.187s][info ][safepoint    ] Leaving safepoint region
[317.187s][info ][safepoint    ] Total time for which application threads were stopped: 0.0046281 seconds, Stopping threads took: 0.0000147 seconds
[318.073s][info ][safepoint    ] Application time: 0.8862095 seconds
[318.073s][info ][safepoint    ] Entering safepoint region: GenCollectForAllocation
[318.073s][info ][gc,start     ] GC(379) Pause Young (Allocation Failure)
[318.073s][info ][gc,task      ] GC(379) Using 4 workers of 4 for evacuation
[318.078s][debug][gc,ref       ] GC(379) Skipped phase1 of Reference Processing due to unavailable references
[318.078s][debug][gc,ref       ] GC(379) Skipped phase2 of Reference Processing due to unavailable references
[318.078s][debug][gc,ref       ] GC(379) Skipped phase3 of Reference Processing due to unavailable references
[318.078s][debug][gc,ref       ] GC(379) Skipped phase4 of Reference Processing due to unavailable references
[318.078s][debug][gc,age       ] GC(379) Desired survivor size 15400960 bytes, new threshold 6 (max threshold 6)
[318.078s][info ][gc,heap      ] GC(379) ParNew: 244445K->2802K(270976K)
[318.078s][info ][gc,heap      ] GC(379) CMS: 297741K->297875K(602112K)
[318.078s][info ][gc,metaspace ] GC(379) Metaspace: 57214K->57214K(1101824K)
[318.078s][info ][gc           ] GC(379) Pause Young (Allocation Failure) 529M->293M(852M) 4.706ms
[318.078s][info ][gc,cpu       ] GC(379) User=0.02s Sys=0.00s Real=0.01s
[318.078s][info ][safepoint    ] Leaving safepoint region
[318.078s][info ][safepoint    ] Total time for which application threads were stopped: 0.0048571 seconds, Stopping threads took: 0.0000145 seconds
[318.985s][info ][safepoint    ] Application time: 0.9065990 seconds
[318.985s][info ][safepoint    ] Entering safepoint region: GenCollectForAllocation
[318.985s][info ][gc,start     ] GC(380) Pause Young (Allocation Failure)
[318.985s][info ][gc,task      ] GC(380) Using 4 workers of 4 for evacuation
[318.989s][debug][gc,ref       ] GC(380) Skipped phase1 of Reference Processing due to unavailable references
[318.989s][debug][gc,ref       ] GC(380) Skipped phase2 of Reference Processing due to unavailable references
[318.989s][debug][gc,ref       ] GC(380) Skipped phase3 of Reference Processing due to unavailable references
[318.989s][debug][gc,ref       ] GC(380) Skipped phase4 of Reference Processing due to unavailable references
[318.990s][debug][gc,age       ] GC(380) Desired survivor size 15400960 bytes, new threshold 6 (max threshold 6)
[318.990s][info ][gc,heap      ] GC(380) ParNew: 243698K->2675K(270976K)
[318.990s][info ][gc,heap      ] GC(380) CMS: 297875K->297960K(602112K)
[318.990s][info ][gc,metaspace ] GC(380) Metaspace: 57214K->57214K(1101824K)
[318.990s][info ][gc           ] GC(380) Pause Young (Allocation Failure) 528M->293M(852M) 4.754ms
[318.990s][info ][gc,cpu       ] GC(380) User=0.01s Sys=0.00s Real=0.00s
[318.990s][info ][safepoint    ] Leaving safepoint region
[318.990s][info ][safepoint    ] Total time for which application threads were stopped: 0.0049113 seconds, Stopping threads took: 0.0000141 seconds
[319.937s][info ][safepoint    ] Application time: 0.9470265 seconds
[319.937s][info ][safepoint    ] Entering safepoint region: GenCollectForAllocation
[319.937s][info ][gc,start     ] GC(381) Pause Young (Allocation Failure)
[319.937s][info ][gc,task      ] GC(381) Using 4 workers of 4 for evacuation
[319.941s][debug][gc,ref       ] GC(381) Skipped phase1 of Reference Processing due to unavailable references
[319.941s][debug][gc,ref       ] GC(381) Skipped phase2 of Reference Processing due to unavailable references
[319.941s][debug][gc,ref       ] GC(381) Skipped phase3 of Reference Processing due to unavailable references
[319.941s][debug][gc,ref       ] GC(381) Skipped phase4 of Reference Processing due to unavailable references
[319.941s][debug][gc,age       ] GC(381) Desired survivor size 15400960 bytes, new threshold 6 (max threshold 6)
[319.941s][info ][gc,heap      ] GC(381) ParNew: 243571K->2816K(270976K)
[319.941s][info ][gc,heap      ] GC(381) CMS: 297960K->297964K(602112K)
[319.941s][info ][gc,metaspace ] GC(381) Metaspace: 57214K->57214K(1101824K)
[319.941s][info ][gc           ] GC(381) Pause Young (Allocation Failure) 528M->293M(852M) 4.162ms
[319.941s][info ][gc,cpu       ] GC(381) User=0.02s Sys=0.00s Real=0.00s
[319.941s][info ][safepoint    ] Leaving safepoint region
[319.941s][info ][safepoint    ] Total time for which application threads were stopped: 0.0043165 seconds, Stopping threads took: 0.0000140 seconds
[320.933s][info ][safepoint    ] Application time: 0.9918627 seconds
[320.933s][info ][safepoint    ] Entering safepoint region: GenCollectForAllocation
[320.933s][info ][gc,start     ] GC(382) Pause Young (Allocation Failure)
[320.933s][info ][gc,task      ] GC(382) Using 4 workers of 4 for evacuation
[320.937s][debug][gc,ref       ] GC(382) Skipped phase1 of Reference Processing due to unavailable references
[320.937s][debug][gc,ref       ] GC(382) Skipped phase2 of Reference Processing due to unavailable references
[320.937s][debug][gc,ref       ] GC(382) Skipped phase3 of Reference Processing due to unavailable references
[320.937s][debug][gc,ref       ] GC(382) Skipped phase4 of Reference Processing due to unavailable references
[320.937s][debug][gc,age       ] GC(382) Desired survivor size 15400960 bytes, new threshold 6 (max threshold 6)
[320.937s][info ][gc,heap      ] GC(382) ParNew: 243712K->2882K(270976K)
[320.937s][info ][gc,heap      ] GC(382) CMS: 297964K->298001K(602112K)
[320.937s][info ][gc,metaspace ] GC(382) Metaspace: 57214K->57214K(1101824K)
[320.937s][info ][gc           ] GC(382) Pause Young (Allocation Failure) 528M->293M(852M) 4.377ms
[320.937s][info ][gc,cpu       ] GC(382) User=0.02s Sys=0.00s Real=0.01s
[320.937s][info ][safepoint    ] Leaving safepoint region
[320.937s][info ][safepoint    ] Total time for which application threads were stopped: 0.0045189 seconds, Stopping threads took: 0.0000142 seconds
[321.938s][info ][safepoint    ] Application time: 1.0000974 seconds
[321.938s][info ][safepoint    ] Entering safepoint region: Cleanup
[321.938s][info ][safepoint    ] Leaving safepoint region
[321.938s][info ][safepoint    ] Total time for which application threads were stopped: 0.0000702 seconds, Stopping threads took: 0.0000154 seconds
[321.969s][info ][safepoint    ] Application time: 0.0317570 seconds
[321.969s][info ][safepoint    ] Entering safepoint region: GenCollectForAllocation
[321.970s][info ][gc,start     ] GC(383) Pause Young (Allocation Failure)
[321.970s][info ][gc,task      ] GC(383) Using 4 workers of 4 for evacuation
[321.973s][debug][gc,ref       ] GC(383) Skipped phase1 of Reference Processing due to unavailable references
[321.973s][debug][gc,ref       ] GC(383) Skipped phase2 of Reference Processing due to unavailable references
[321.973s][debug][gc,ref       ] GC(383) Skipped phase3 of Reference Processing due to unavailable references
[321.973s][debug][gc,ref       ] GC(383) Skipped phase4 of Reference Processing due to unavailable references
[321.973s][debug][gc,age       ] GC(383) Desired survivor size 15400960 bytes, new threshold 6 (max threshold 6)
[321.973s][info ][gc,heap      ] GC(383) ParNew: 243778K->2910K(270976K)
[321.973s][info ][gc,heap      ] GC(383) CMS: 298001K->298013K(602112K)
[321.974s][info ][gc,metaspace ] GC(383) Metaspace: 57214K->57214K(1101824K)
[321.974s][info ][gc           ] GC(383) Pause Young (Allocation Failure) 529M->293M(852M) 3.983ms
[321.974s][info ][gc,cpu       ] GC(383) User=0.02s Sys=0.00s Real=0.00s
[321.974s][info ][safepoint    ] Leaving safepoint region
[321.974s][info ][safepoint    ] Total time for which application threads were stopped: 0.0041323 seconds, Stopping threads took: 0.0000154 seconds
[322.908s][info ][safepoint    ] Application time: 0.9346463 seconds
[322.908s][info ][safepoint    ] Entering safepoint region: GenCollectForAllocation
[322.908s][info ][gc,start     ] GC(384) Pause Young (Allocation Failure)
[322.908s][info ][gc,task      ] GC(384) Using 4 workers of 4 for evacuation
[322.912s][debug][gc,ref       ] GC(384) Skipped phase1 of Reference Processing due to unavailable references
[322.912s][debug][gc,ref       ] GC(384) Skipped phase2 of Reference Processing due to unavailable references
[322.912s][debug][gc,ref       ] GC(384) Skipped phase3 of Reference Processing due to unavailable references
[322.912s][debug][gc,ref       ] GC(384) Skipped phase4 of Reference Processing due to unavailable references
[322.912s][debug][gc,age       ] GC(384) Desired survivor size 15400960 bytes, new threshold 6 (max threshold 6)
[322.912s][info ][gc,heap      ] GC(384) ParNew: 243806K->3355K(270976K)
[322.912s][info ][gc,heap      ] GC(384) CMS: 298013K->298035K(602112K)
[322.912s][info ][gc,metaspace ] GC(384) Metaspace: 57214K->57214K(1101824K)
[322.912s][info ][gc           ] GC(384) Pause Young (Allocation Failure) 529M->294M(852M) 4.046ms
[322.912s][info ][gc,cpu       ] GC(384) User=0.01s Sys=0.01s Real=0.00s
[322.912s][info ][safepoint    ] Leaving safepoint region
[322.912s][info ][safepoint    ] Total time for which application threads were stopped: 0.0041863 seconds, Stopping threads took: 0.0000138 seconds
[323.877s][info ][safepoint    ] Application time: 0.9643101 seconds
[323.877s][info ][safepoint    ] Entering safepoint region: GenCollectForAllocation
[323.877s][info ][gc,start     ] GC(385) Pause Young (Allocation Failure)
[323.877s][info ][gc,task      ] GC(385) Using 4 workers of 4 for evacuation
[323.883s][debug][gc,ref       ] GC(385) Skipped phase1 of Reference Processing due to unavailable references
[323.883s][debug][gc,ref       ] GC(385) Skipped phase2 of Reference Processing due to unavailable references
[323.883s][debug][gc,ref       ] GC(385) Skipped phase3 of Reference Processing due to unavailable references
[323.883s][debug][gc,ref       ] GC(385) Skipped phase4 of Reference Processing due to unavailable references
[323.883s][debug][gc,age       ] GC(385) Desired survivor size 15400960 bytes, new threshold 6 (max threshold 6)
[323.883s][info ][gc,heap      ] GC(385) ParNew: 244251K->2388K(270976K)
[323.883s][info ][gc,heap      ] GC(385) CMS: 298035K->298160K(602112K)
[323.883s][info ][gc,metaspace ] GC(385) Metaspace: 57214K->57214K(1101824K)
[323.883s][info ][gc           ] GC(385) Pause Young (Allocation Failure) 529M->293M(852M) 5.842ms
[323.883s][info ][gc,cpu       ] GC(385) User=0.02s Sys=0.00s Real=0.00s
[323.883s][info ][safepoint    ] Leaving safepoint region
[323.883s][info ][safepoint    ] Total time for which application threads were stopped: 0.0059898 seconds, Stopping threads took: 0.0000137 seconds
[324.880s][info ][safepoint    ] Application time: 0.9969039 seconds
[324.880s][info ][safepoint    ] Entering safepoint region: GenCollectForAllocation
[324.880s][info ][gc,start     ] GC(386) Pause Young (Allocation Failure)
[324.880s][info ][gc,task      ] GC(386) Using 4 workers of 4 for evacuation
[324.884s][debug][gc,ref       ] GC(386) Skipped phase1 of Reference Processing due to unavailable references
[324.884s][debug][gc,ref       ] GC(386) Skipped phase2 of Reference Processing due to unavailable references
[324.884s][debug][gc,ref       ] GC(386) Skipped phase3 of Reference Processing due to unavailable references
[324.884s][debug][gc,ref       ] GC(386) Skipped phase4 of Reference Processing due to unavailable references
[324.885s][debug][gc,age       ] GC(386) Desired survivor size 15400960 bytes, new threshold 6 (max threshold 6)
[324.885s][info ][gc,heap      ] GC(386) ParNew: 243284K->2791K(270976K)
[324.885s][info ][gc,heap      ] GC(386) CMS: 298160K->298216K(602112K)
[324.885s][info ][gc,metaspace ] GC(386) Metaspace: 57214K->57214K(1101824K)
[324.885s][info ][gc           ] GC(386) Pause Young (Allocation Failure) 528M->293M(852M) 4.725ms
[324.885s][info ][gc,cpu       ] GC(386) User=0.02s Sys=0.01s Real=0.01s
[324.885s][info ][safepoint    ] Leaving safepoint region
[324.885s][info ][safepoint    ] Total time for which application threads were stopped: 0.0048962 seconds, Stopping threads took: 0.0000144 seconds
[325.885s][info ][safepoint    ] Application time: 1.0001015 seconds
[325.885s][info ][safepoint    ] Entering safepoint region: Cleanup
[325.885s][info ][safepoint    ] Leaving safepoint region
[325.885s][info ][safepoint    ] Total time for which application threads were stopped: 0.0001503 seconds, Stopping threads took: 0.0000671 seconds
[325.947s][info ][safepoint    ] Application time: 0.0625639 seconds
[325.948s][info ][safepoint    ] Entering safepoint region: GenCollectForAllocation
[325.948s][info ][gc,start     ] GC(387) Pause Young (Allocation Failure)
[325.948s][info ][gc,task      ] GC(387) Using 4 workers of 4 for evacuation
[325.951s][debug][gc,ref       ] GC(387) Skipped phase1 of Reference Processing due to unavailable references
[325.951s][debug][gc,ref       ] GC(387) Skipped phase2 of Reference Processing due to unavailable references
[325.951s][debug][gc,ref       ] GC(387) Skipped phase3 of Reference Processing due to unavailable references
[325.951s][debug][gc,ref       ] GC(387) Skipped phase4 of Reference Processing due to unavailable references
[325.952s][debug][gc,age       ] GC(387) Desired survivor size 15400960 bytes, new threshold 6 (max threshold 6)
[325.952s][info ][gc,heap      ] GC(387) ParNew: 243687K->2532K(270976K)
[325.952s][info ][gc,heap      ] GC(387) CMS: 298216K->298271K(602112K)
[325.952s][info ][gc,metaspace ] GC(387) Metaspace: 57214K->57214K(1101824K)
[325.952s][info ][gc           ] GC(387) Pause Young (Allocation Failure) 529M->293M(852M) 4.029ms
[325.952s][info ][gc,cpu       ] GC(387) User=0.01s Sys=0.00s Real=0.00s
[325.952s][info ][safepoint    ] Leaving safepoint region
[325.952s][info ][safepoint    ] Total time for which application threads were stopped: 0.0041878 seconds, Stopping threads took: 0.0000139 seconds
[326.952s][info ][safepoint    ] Application time: 1.0000703 seconds
[326.952s][info ][safepoint    ] Entering safepoint region: Cleanup
[326.952s][info ][safepoint    ] Leaving safepoint region
[326.952s][info ][safepoint    ] Total time for which application threads were stopped: 0.0001066 seconds, Stopping threads took: 0.0000409 seconds
[326.980s][info ][safepoint    ] Application time: 0.0281151 seconds
[326.980s][info ][safepoint    ] Entering safepoint region: GenCollectForAllocation
[326.980s][info ][gc,start     ] GC(388) Pause Young (Allocation Failure)
[326.980s][info ][gc,task      ] GC(388) Using 4 workers of 4 for evacuation
[326.984s][debug][gc,ref       ] GC(388) Skipped phase1 of Reference Processing due to unavailable references
[326.984s][debug][gc,ref       ] GC(388) Skipped phase2 of Reference Processing due to unavailable references
[326.984s][debug][gc,ref       ] GC(388) Skipped phase3 of Reference Processing due to unavailable references
[326.984s][debug][gc,ref       ] GC(388) Skipped phase4 of Reference Processing due to unavailable references
[326.984s][debug][gc,age       ] GC(388) Desired survivor size 15400960 bytes, new threshold 6 (max threshold 6)
[326.984s][info ][gc,heap      ] GC(388) ParNew: 243428K->2551K(270976K)
[326.984s][info ][gc,heap      ] GC(388) CMS: 298271K->298321K(602112K)
[326.984s][info ][gc,metaspace ] GC(388) Metaspace: 57214K->57214K(1101824K)
[326.985s][info ][gc           ] GC(388) Pause Young (Allocation Failure) 529M->293M(852M) 4.324ms
[326.985s][info ][gc,cpu       ] GC(388) User=0.02s Sys=0.00s Real=0.01s
[326.985s][info ][safepoint    ] Leaving safepoint region
[326.985s][info ][safepoint    ] Total time for which application threads were stopped: 0.0044796 seconds, Stopping threads took: 0.0000299 seconds
[328.005s][info ][safepoint    ] Application time: 1.0200254 seconds
[328.005s][info ][safepoint    ] Entering safepoint region: GenCollectForAllocation
[328.005s][info ][gc,start     ] GC(389) Pause Young (Allocation Failure)
[328.005s][info ][gc,task      ] GC(389) Using 4 workers of 4 for evacuation
[328.009s][debug][gc,ref       ] GC(389) Skipped phase1 of Reference Processing due to unavailable references
[328.009s][debug][gc,ref       ] GC(389) Skipped phase2 of Reference Processing due to unavailable references
[328.009s][debug][gc,ref       ] GC(389) Skipped phase3 of Reference Processing due to unavailable references
[328.009s][debug][gc,ref       ] GC(389) Skipped phase4 of Reference Processing due to unavailable references
[328.009s][debug][gc,age       ] GC(389) Desired survivor size 15400960 bytes, new threshold 6 (max threshold 6)
[328.009s][info ][gc,heap      ] GC(389) ParNew: 243447K->3010K(270976K)
[328.009s][info ][gc,heap      ] GC(389) CMS: 298321K->298414K(602112K)
[328.009s][info ][gc,metaspace ] GC(389) Metaspace: 57214K->57214K(1101824K)
[328.009s][info ][gc           ] GC(389) Pause Young (Allocation Failure) 529M->294M(852M) 4.559ms
[328.009s][info ][gc,cpu       ] GC(389) User=0.02s Sys=0.00s Real=0.00s
[328.009s][info ][safepoint    ] Leaving safepoint region
[328.009s][info ][safepoint    ] Total time for which application threads were stopped: 0.0047034 seconds, Stopping threads took: 0.0000133 seconds
[329.061s][info ][safepoint    ] Application time: 1.0515527 seconds
[329.061s][info ][safepoint    ] Entering safepoint region: GenCollectForAllocation
[329.061s][info ][gc,start     ] GC(390) Pause Young (Allocation Failure)
[329.061s][info ][gc,task      ] GC(390) Using 4 workers of 4 for evacuation
[329.065s][debug][gc,ref       ] GC(390) Skipped phase1 of Reference Processing due to unavailable references
[329.065s][debug][gc,ref       ] GC(390) Skipped phase2 of Reference Processing due to unavailable references
[329.065s][debug][gc,ref       ] GC(390) Skipped phase3 of Reference Processing due to unavailable references
[329.065s][debug][gc,ref       ] GC(390) Skipped phase4 of Reference Processing due to unavailable references
[329.065s][debug][gc,age       ] GC(390) Desired survivor size 15400960 bytes, new threshold 6 (max threshold 6)
[329.065s][info ][gc,heap      ] GC(390) ParNew: 243906K->2573K(270976K)
[329.065s][info ][gc,heap      ] GC(390) CMS: 298414K->298509K(602112K)
[329.065s][info ][gc,metaspace ] GC(390) Metaspace: 57214K->57214K(1101824K)
[329.065s][info ][gc           ] GC(390) Pause Young (Allocation Failure) 529M->294M(852M) 4.128ms
[329.065s][info ][gc,cpu       ] GC(390) User=0.01s Sys=0.00s Real=0.01s
[329.065s][info ][safepoint    ] Leaving safepoint region
[329.065s][info ][safepoint    ] Total time for which application threads were stopped: 0.0042904 seconds, Stopping threads took: 0.0000298 seconds
[330.159s][info ][safepoint    ] Application time: 1.0933387 seconds
[330.159s][info ][safepoint    ] Entering safepoint region: GenCollectForAllocation
[330.159s][info ][gc,start     ] GC(391) Pause Young (Allocation Failure)
[330.159s][info ][gc,task      ] GC(391) Using 4 workers of 4 for evacuation
[330.163s][debug][gc,ref       ] GC(391) Skipped phase1 of Reference Processing due to unavailable references
[330.163s][debug][gc,ref       ] GC(391) Skipped phase2 of Reference Processing due to unavailable references
[330.163s][debug][gc,ref       ] GC(391) Skipped phase3 of Reference Processing due to unavailable references
[330.163s][debug][gc,ref       ] GC(391) Skipped phase4 of Reference Processing due to unavailable references
[330.163s][debug][gc,age       ] GC(391) Desired survivor size 15400960 bytes, new threshold 6 (max threshold 6)
[330.163s][info ][gc,heap      ] GC(391) ParNew: 243469K->2018K(270976K)
[330.163s][info ][gc,heap      ] GC(391) CMS: 298509K->298813K(602112K)
[330.163s][info ][gc,metaspace ] GC(391) Metaspace: 57214K->57214K(1101824K)
[330.163s][info ][gc           ] GC(391) Pause Young (Allocation Failure) 529M->293M(852M) 4.526ms
[330.163s][info ][gc,cpu       ] GC(391) User=0.01s Sys=0.00s Real=0.00s
[330.163s][info ][safepoint    ] Leaving safepoint region
[330.163s][info ][safepoint    ] Total time for which application threads were stopped: 0.0046743 seconds, Stopping threads took: 0.0000147 seconds
[331.163s][info ][safepoint    ] Application time: 1.0001019 seconds
[331.163s][info ][safepoint    ] Entering safepoint region: Cleanup
[331.164s][info ][safepoint    ] Leaving safepoint region
[331.164s][info ][safepoint    ] Total time for which application threads were stopped: 0.0001502 seconds, Stopping threads took: 0.0000790 seconds
[331.224s][info ][safepoint    ] Application time: 0.0607639 seconds
[331.224s][info ][safepoint    ] Entering safepoint region: GenCollectForAllocation
[331.224s][info ][gc,start     ] GC(392) Pause Young (Allocation Failure)
[331.224s][info ][gc,task      ] GC(392) Using 4 workers of 4 for evacuation
[331.229s][debug][gc,ref       ] GC(392) Skipped phase1 of Reference Processing due to unavailable references
[331.229s][debug][gc,ref       ] GC(392) Skipped phase2 of Reference Processing due to unavailable references
[331.229s][debug][gc,ref       ] GC(392) Skipped phase3 of Reference Processing due to unavailable references
[331.229s][debug][gc,ref       ] GC(392) Skipped phase4 of Reference Processing due to unavailable references
[331.229s][debug][gc,age       ] GC(392) Desired survivor size 15400960 bytes, new threshold 6 (max threshold 6)
[331.229s][info ][gc,heap      ] GC(392) ParNew: 242914K->3249K(270976K)
[331.229s][info ][gc,heap      ] GC(392) CMS: 298813K->298822K(602112K)
[331.229s][info ][gc,metaspace ] GC(392) Metaspace: 57214K->57214K(1101824K)
[331.229s][info ][gc           ] GC(392) Pause Young (Allocation Failure) 529M->294M(852M) 4.532ms
[331.229s][info ][gc,cpu       ] GC(392) User=0.01s Sys=0.00s Real=0.00s
[331.229s][info ][safepoint    ] Leaving safepoint region
[331.229s][info ][safepoint    ] Total time for which application threads were stopped: 0.0046911 seconds, Stopping threads took: 0.0000269 seconds
[332.315s][info ][safepoint    ] Application time: 1.0862199 seconds
[332.315s][info ][safepoint    ] Entering safepoint region: GenCollectForAllocation
[332.315s][info ][gc,start     ] GC(393) Pause Young (Allocation Failure)
[332.315s][info ][gc,task      ] GC(393) Using 4 workers of 4 for evacuation
[332.319s][debug][gc,ref       ] GC(393) Skipped phase1 of Reference Processing due to unavailable references
[332.320s][debug][gc,ref       ] GC(393) Skipped phase2 of Reference Processing due to unavailable references
[332.320s][debug][gc,ref       ] GC(393) Skipped phase3 of Reference Processing due to unavailable references
[332.320s][debug][gc,ref       ] GC(393) Skipped phase4 of Reference Processing due to unavailable references
[332.320s][debug][gc,age       ] GC(393) Desired survivor size 15400960 bytes, new threshold 6 (max threshold 6)
[332.320s][info ][gc,heap      ] GC(393) ParNew: 244145K->2335K(270976K)
[332.320s][info ][gc,heap      ] GC(393) CMS: 298822K->298901K(602112K)
[332.320s][info ][gc,metaspace ] GC(393) Metaspace: 57214K->57214K(1101824K)
[332.320s][info ][gc           ] GC(393) Pause Young (Allocation Failure) 530M->294M(852M) 4.278ms
[332.320s][info ][gc,cpu       ] GC(393) User=0.01s Sys=0.00s Real=0.01s
[332.320s][info ][safepoint    ] Leaving safepoint region
[332.320s][info ][safepoint    ] Total time for which application threads were stopped: 0.0044215 seconds, Stopping threads took: 0.0000137 seconds
[333.330s][info ][safepoint    ] Application time: 1.0104694 seconds
[333.330s][info ][safepoint    ] Entering safepoint region: GenCollectForAllocation
[333.330s][info ][gc,start     ] GC(394) Pause Young (Allocation Failure)
[333.330s][info ][gc,task      ] GC(394) Using 4 workers of 4 for evacuation
[333.334s][debug][gc,ref       ] GC(394) Skipped phase1 of Reference Processing due to unavailable references
[333.334s][debug][gc,ref       ] GC(394) Skipped phase2 of Reference Processing due to unavailable references
[333.334s][debug][gc,ref       ] GC(394) Skipped phase3 of Reference Processing due to unavailable references
[333.334s][debug][gc,ref       ] GC(394) Skipped phase4 of Reference Processing due to unavailable references
[333.334s][debug][gc,age       ] GC(394) Desired survivor size 15400960 bytes, new threshold 6 (max threshold 6)
[333.334s][info ][gc,heap      ] GC(394) ParNew: 243231K->2182K(270976K)
[333.334s][info ][gc,heap      ] GC(394) CMS: 298901K->298930K(602112K)
[333.334s][info ][gc,metaspace ] GC(394) Metaspace: 57214K->57214K(1101824K)
[333.334s][info ][gc           ] GC(394) Pause Young (Allocation Failure) 529M->294M(852M) 4.001ms
[333.334s][info ][gc,cpu       ] GC(394) User=0.01s Sys=0.00s Real=0.00s
[333.334s][info ][safepoint    ] Leaving safepoint region
[333.334s][info ][safepoint    ] Total time for which application threads were stopped: 0.0041527 seconds, Stopping threads took: 0.0000194 seconds
[334.432s][info ][safepoint    ] Application time: 1.0971470 seconds
[334.432s][info ][safepoint    ] Entering safepoint region: GenCollectForAllocation
[334.432s][info ][gc,start     ] GC(395) Pause Young (Allocation Failure)
[334.432s][info ][gc,task      ] GC(395) Using 4 workers of 4 for evacuation
[334.436s][debug][gc,ref       ] GC(395) Skipped phase1 of Reference Processing due to unavailable references
[334.436s][debug][gc,ref       ] GC(395) Skipped phase2 of Reference Processing due to unavailable references
[334.436s][debug][gc,ref       ] GC(395) Skipped phase3 of Reference Processing due to unavailable references
[334.436s][debug][gc,ref       ] GC(395) Skipped phase4 of Reference Processing due to unavailable references
[334.436s][debug][gc,age       ] GC(395) Desired survivor size 15400960 bytes, new threshold 6 (max threshold 6)
[334.436s][info ][gc,heap      ] GC(395) ParNew: 243078K->3087K(270976K)
[334.436s][info ][gc,heap      ] GC(395) CMS: 298930K->298989K(602112K)
[334.436s][info ][gc,metaspace ] GC(395) Metaspace: 57214K->57214K(1101824K)
[334.436s][info ][gc           ] GC(395) Pause Young (Allocation Failure) 529M->294M(852M) 4.375ms
[334.436s][info ][gc,cpu       ] GC(395) User=0.02s Sys=0.00s Real=0.01s
[334.436s][info ][safepoint    ] Leaving safepoint region
[334.436s][info ][safepoint    ] Total time for which application threads were stopped: 0.0045211 seconds, Stopping threads took: 0.0000155 seconds
[335.484s][info ][safepoint    ] Application time: 1.0476812 seconds
[335.484s][info ][safepoint    ] Entering safepoint region: GenCollectForAllocation
[335.484s][info ][gc,start     ] GC(396) Pause Young (Allocation Failure)
[335.484s][info ][gc,task      ] GC(396) Using 4 workers of 4 for evacuation
[335.488s][debug][gc,ref       ] GC(396) Skipped phase1 of Reference Processing due to unavailable references
[335.488s][debug][gc,ref       ] GC(396) Skipped phase2 of Reference Processing due to unavailable references
[335.488s][debug][gc,ref       ] GC(396) Skipped phase3 of Reference Processing due to unavailable references
[335.488s][debug][gc,ref       ] GC(396) Skipped phase4 of Reference Processing due to unavailable references
[335.488s][debug][gc,age       ] GC(396) Desired survivor size 15400960 bytes, new threshold 6 (max threshold 6)
[335.488s][info ][gc,heap      ] GC(396) ParNew: 243983K->2246K(270976K)
[335.488s][info ][gc,heap      ] GC(396) CMS: 298989K->299067K(602112K)
[335.488s][info ][gc,metaspace ] GC(396) Metaspace: 57215K->57215K(1101824K)
[335.488s][info ][gc           ] GC(396) Pause Young (Allocation Failure) 530M->294M(852M) 4.404ms
[335.488s][info ][gc,cpu       ] GC(396) User=0.01s Sys=0.00s Real=0.00s
[335.488s][info ][safepoint    ] Leaving safepoint region
[335.488s][info ][safepoint    ] Total time for which application threads were stopped: 0.0045801 seconds, Stopping threads took: 0.0000138 seconds
[336.488s][info ][safepoint    ] Application time: 1.0000864 seconds
[336.489s][info ][safepoint    ] Entering safepoint region: Cleanup
[336.489s][info ][safepoint    ] Leaving safepoint region
[336.489s][info ][safepoint    ] Total time for which application threads were stopped: 0.0000888 seconds, Stopping threads took: 0.0000152 seconds
[336.515s][info ][safepoint    ] Application time: 0.0261396 seconds
[336.515s][info ][safepoint    ] Entering safepoint region: GenCollectForAllocation
[336.515s][info ][gc,start     ] GC(397) Pause Young (Allocation Failure)
[336.515s][info ][gc,task      ] GC(397) Using 4 workers of 4 for evacuation
[336.519s][debug][gc,ref       ] GC(397) Skipped phase1 of Reference Processing due to unavailable references
[336.519s][debug][gc,ref       ] GC(397) Skipped phase2 of Reference Processing due to unavailable references
[336.519s][debug][gc,ref       ] GC(397) Skipped phase3 of Reference Processing due to unavailable references
[336.519s][debug][gc,ref       ] GC(397) Skipped phase4 of Reference Processing due to unavailable references
[336.520s][debug][gc,age       ] GC(397) Desired survivor size 15400960 bytes, new threshold 6 (max threshold 6)
[336.520s][info ][gc,heap      ] GC(397) ParNew: 243142K->3452K(270976K)
[336.520s][info ][gc,heap      ] GC(397) CMS: 299067K->299175K(602112K)
[336.520s][info ][gc,metaspace ] GC(397) Metaspace: 57215K->57215K(1101824K)
[336.520s][info ][gc           ] GC(397) Pause Young (Allocation Failure) 529M->295M(852M) 4.727ms
[336.520s][info ][gc,cpu       ] GC(397) User=0.01s Sys=0.00s Real=0.01s
[336.520s][info ][safepoint    ] Leaving safepoint region
[336.520s][info ][safepoint    ] Total time for which application threads were stopped: 0.0048741 seconds, Stopping threads took: 0.0000157 seconds
[337.520s][info ][safepoint    ] Application time: 1.0000880 seconds
[337.520s][info ][safepoint    ] Entering safepoint region: Cleanup
[337.520s][info ][safepoint    ] Leaving safepoint region
[337.520s][info ][safepoint    ] Total time for which application threads were stopped: 0.0001402 seconds, Stopping threads took: 0.0000664 seconds
[337.576s][info ][safepoint    ] Application time: 0.0557137 seconds
[337.576s][info ][safepoint    ] Entering safepoint region: GenCollectForAllocation
[337.576s][info ][gc,start     ] GC(398) Pause Young (Allocation Failure)
[337.576s][info ][gc,task      ] GC(398) Using 4 workers of 4 for evacuation
[337.580s][debug][gc,ref       ] GC(398) Skipped phase1 of Reference Processing due to unavailable references
[337.580s][debug][gc,ref       ] GC(398) Skipped phase2 of Reference Processing due to unavailable references
[337.580s][debug][gc,ref       ] GC(398) Skipped phase3 of Reference Processing due to unavailable references
[337.580s][debug][gc,ref       ] GC(398) Skipped phase4 of Reference Processing due to unavailable references
[337.580s][debug][gc,age       ] GC(398) Desired survivor size 15400960 bytes, new threshold 6 (max threshold 6)
[337.580s][info ][gc,heap      ] GC(398) ParNew: 244348K->3709K(270976K)
[337.580s][info ][gc,heap      ] GC(398) CMS: 299175K->299313K(602112K)
[337.580s][info ][gc,metaspace ] GC(398) Metaspace: 57215K->57215K(1101824K)
[337.580s][info ][gc           ] GC(398) Pause Young (Allocation Failure) 530M->295M(852M) 4.617ms
[337.580s][info ][gc,cpu       ] GC(398) User=0.02s Sys=0.00s Real=0.00s
[337.580s][info ][safepoint    ] Leaving safepoint region
[337.580s][info ][safepoint    ] Total time for which application threads were stopped: 0.0047651 seconds, Stopping threads took: 0.0000146 seconds
[338.581s][info ][safepoint    ] Application time: 1.0001223 seconds
[338.581s][info ][safepoint    ] Entering safepoint region: Cleanup
[338.581s][info ][safepoint    ] Leaving safepoint region
[338.581s][info ][safepoint    ] Total time for which application threads were stopped: 0.0001287 seconds, Stopping threads took: 0.0000675 seconds
[338.590s][info ][safepoint    ] Application time: 0.0091693 seconds
[338.590s][info ][safepoint    ] Entering safepoint region: GenCollectForAllocation
[338.590s][info ][gc,start     ] GC(399) Pause Young (Allocation Failure)
[338.590s][info ][gc,task      ] GC(399) Using 4 workers of 4 for evacuation
[338.594s][debug][gc,ref       ] GC(399) Skipped phase1 of Reference Processing due to unavailable references
[338.594s][debug][gc,ref       ] GC(399) Skipped phase2 of Reference Processing due to unavailable references
[338.594s][debug][gc,ref       ] GC(399) Skipped phase3 of Reference Processing due to unavailable references
[338.594s][debug][gc,ref       ] GC(399) Skipped phase4 of Reference Processing due to unavailable references
[338.595s][debug][gc,age       ] GC(399) Desired survivor size 15400960 bytes, new threshold 6 (max threshold 6)
[338.595s][info ][gc,heap      ] GC(399) ParNew: 244605K->3870K(270976K)
[338.595s][info ][gc,heap      ] GC(399) CMS: 299313K->299401K(602112K)
[338.595s][info ][gc,metaspace ] GC(399) Metaspace: 57215K->57215K(1101824K)
[338.595s][info ][gc           ] GC(399) Pause Young (Allocation Failure) 531M->296M(852M) 4.568ms
[338.595s][info ][gc,cpu       ] GC(399) User=0.01s Sys=0.00s Real=0.00s
[338.595s][info ][safepoint    ] Leaving safepoint region
[338.595s][info ][safepoint    ] Total time for which application threads were stopped: 0.0047067 seconds, Stopping threads took: 0.0000115 seconds
[339.589s][info ][safepoint    ] Application time: 0.9945934 seconds
[339.589s][info ][safepoint    ] Entering safepoint region: GenCollectForAllocation
[339.589s][info ][gc,start     ] GC(400) Pause Young (Allocation Failure)
[339.589s][info ][gc,task      ] GC(400) Using 4 workers of 4 for evacuation
[339.594s][debug][gc,ref       ] GC(400) Skipped phase1 of Reference Processing due to unavailable references
[339.594s][debug][gc,ref       ] GC(400) Skipped phase2 of Reference Processing due to unavailable references
[339.594s][debug][gc,ref       ] GC(400) Skipped phase3 of Reference Processing due to unavailable references
[339.594s][debug][gc,ref       ] GC(400) Skipped phase4 of Reference Processing due to unavailable references
[339.594s][debug][gc,age       ] GC(400) Desired survivor size 15400960 bytes, new threshold 6 (max threshold 6)
[339.594s][info ][gc,heap      ] GC(400) ParNew: 244766K->3648K(270976K)
[339.594s][info ][gc,heap      ] GC(400) CMS: 299401K->299470K(602112K)
[339.594s][info ][gc,metaspace ] GC(400) Metaspace: 57215K->57215K(1101824K)
[339.594s][info ][gc           ] GC(400) Pause Young (Allocation Failure) 531M->296M(852M) 4.541ms
[339.594s][info ][gc,cpu       ] GC(400) User=0.02s Sys=0.00s Real=0.00s
[339.594s][info ][safepoint    ] Leaving safepoint region
[339.594s][info ][safepoint    ] Total time for which application threads were stopped: 0.0047042 seconds, Stopping threads took: 0.0000275 seconds
[340.563s][info ][safepoint    ] Application time: 0.9686392 seconds
[340.563s][info ][safepoint    ] Entering safepoint region: GenCollectForAllocation
[340.563s][info ][gc,start     ] GC(401) Pause Young (Allocation Failure)
[340.563s][info ][gc,task      ] GC(401) Using 4 workers of 4 for evacuation
[340.568s][debug][gc,ref       ] GC(401) Skipped phase1 of Reference Processing due to unavailable references
[340.568s][debug][gc,ref       ] GC(401) Skipped phase2 of Reference Processing due to unavailable references
[340.568s][debug][gc,ref       ] GC(401) Skipped phase3 of Reference Processing due to unavailable references
[340.568s][debug][gc,ref       ] GC(401) Skipped phase4 of Reference Processing due to unavailable references
[340.568s][debug][gc,age       ] GC(401) Desired survivor size 15400960 bytes, new threshold 6 (max threshold 6)
[340.568s][info ][gc,heap      ] GC(401) ParNew: 244544K->3706K(270976K)
[340.568s][info ][gc,heap      ] GC(401) CMS: 299470K->299507K(602112K)
[340.568s][info ][gc,metaspace ] GC(401) Metaspace: 57219K->57219K(1101824K)
[340.568s][info ][gc           ] GC(401) Pause Young (Allocation Failure) 531M->296M(852M) 5.069ms
[340.568s][info ][gc,cpu       ] GC(401) User=0.02s Sys=0.00s Real=0.01s
[340.568s][info ][safepoint    ] Leaving safepoint region
[340.568s][info ][safepoint    ] Total time for which application threads were stopped: 0.0052297 seconds, Stopping threads took: 0.0000142 seconds
[341.455s][info ][safepoint    ] Application time: 0.8870929 seconds
[341.455s][info ][safepoint    ] Entering safepoint region: GenCollectForAllocation
[341.455s][info ][gc,start     ] GC(402) Pause Young (Allocation Failure)
[341.455s][info ][gc,task      ] GC(402) Using 4 workers of 4 for evacuation
[341.460s][debug][gc,ref       ] GC(402) Skipped phase1 of Reference Processing due to unavailable references
[341.460s][debug][gc,ref       ] GC(402) Skipped phase2 of Reference Processing due to unavailable references
[341.460s][debug][gc,ref       ] GC(402) Skipped phase3 of Reference Processing due to unavailable references
[341.460s][debug][gc,ref       ] GC(402) Skipped phase4 of Reference Processing due to unavailable references
[341.460s][debug][gc,age       ] GC(402) Desired survivor size 15400960 bytes, new threshold 6 (max threshold 6)
[341.460s][info ][gc,heap      ] GC(402) ParNew: 244602K->3696K(270976K)
[341.460s][info ][gc,heap      ] GC(402) CMS: 299507K->299823K(602112K)
[341.460s][info ][gc,metaspace ] GC(402) Metaspace: 57219K->57219K(1101824K)
[341.460s][info ][gc           ] GC(402) Pause Young (Allocation Failure) 531M->296M(852M) 5.017ms
[341.460s][info ][gc,cpu       ] GC(402) User=0.02s Sys=0.00s Real=0.01s
[341.460s][info ][safepoint    ] Leaving safepoint region
[341.460s][info ][safepoint    ] Total time for which application threads were stopped: 0.0051694 seconds, Stopping threads took: 0.0000147 seconds
[342.430s][info ][safepoint    ] Application time: 0.9700948 seconds
[342.430s][info ][safepoint    ] Entering safepoint region: GenCollectForAllocation
[342.430s][info ][gc,start     ] GC(403) Pause Young (Allocation Failure)
[342.430s][info ][gc,task      ] GC(403) Using 4 workers of 4 for evacuation
[342.435s][debug][gc,ref       ] GC(403) Skipped phase1 of Reference Processing due to unavailable references
[342.435s][debug][gc,ref       ] GC(403) Skipped phase2 of Reference Processing due to unavailable references
[342.435s][debug][gc,ref       ] GC(403) Skipped phase3 of Reference Processing due to unavailable references
[342.435s][debug][gc,ref       ] GC(403) Skipped phase4 of Reference Processing due to unavailable references
[342.435s][debug][gc,age       ] GC(403) Desired survivor size 15400960 bytes, new threshold 6 (max threshold 6)
[342.435s][info ][gc,heap      ] GC(403) ParNew: 244592K->3626K(270976K)
[342.435s][info ][gc,heap      ] GC(403) CMS: 299823K->299874K(602112K)
[342.435s][info ][gc,metaspace ] GC(403) Metaspace: 57219K->57219K(1101824K)
[342.435s][info ][gc           ] GC(403) Pause Young (Allocation Failure) 531M->296M(852M) 4.261ms
[342.435s][info ][gc,cpu       ] GC(403) User=0.02s Sys=0.00s Real=0.00s
[342.435s][info ][safepoint    ] Leaving safepoint region
[342.435s][info ][safepoint    ] Total time for which application threads were stopped: 0.0044084 seconds, Stopping threads took: 0.0000137 seconds
[343.469s][info ][safepoint    ] Application time: 1.0345671 seconds
[343.469s][info ][safepoint    ] Entering safepoint region: GenCollectForAllocation
[343.469s][info ][gc,start     ] GC(404) Pause Young (Allocation Failure)
[343.469s][info ][gc,task      ] GC(404) Using 4 workers of 4 for evacuation
[343.474s][debug][gc,ref       ] GC(404) Skipped phase1 of Reference Processing due to unavailable references
[343.474s][debug][gc,ref       ] GC(404) Skipped phase2 of Reference Processing due to unavailable references
[343.474s][debug][gc,ref       ] GC(404) Skipped phase3 of Reference Processing due to unavailable references
[343.474s][debug][gc,ref       ] GC(404) Skipped phase4 of Reference Processing due to unavailable references
[343.474s][debug][gc,age       ] GC(404) Desired survivor size 15400960 bytes, new threshold 6 (max threshold 6)
[343.474s][info ][gc,heap      ] GC(404) ParNew: 244522K->3511K(270976K)
[343.474s][info ][gc,heap      ] GC(404) CMS: 299874K->299889K(602112K)
[343.474s][info ][gc,metaspace ] GC(404) Metaspace: 57219K->57219K(1101824K)
[343.474s][info ][gc           ] GC(404) Pause Young (Allocation Failure) 531M->296M(852M) 4.434ms
[343.474s][info ][gc,cpu       ] GC(404) User=0.01s Sys=0.00s Real=0.00s
[343.474s][info ][safepoint    ] Leaving safepoint region
[343.474s][info ][safepoint    ] Total time for which application threads were stopped: 0.0045811 seconds, Stopping threads took: 0.0000158 seconds
[344.568s][info ][safepoint    ] Application time: 1.0935645 seconds
[344.568s][info ][safepoint    ] Entering safepoint region: GenCollectForAllocation
[344.568s][info ][gc,start     ] GC(405) Pause Young (Allocation Failure)
[344.568s][info ][gc,task      ] GC(405) Using 4 workers of 4 for evacuation
[344.572s][debug][gc,ref       ] GC(405) Skipped phase1 of Reference Processing due to unavailable references
[344.572s][debug][gc,ref       ] GC(405) Skipped phase2 of Reference Processing due to unavailable references
[344.572s][debug][gc,ref       ] GC(405) Skipped phase3 of Reference Processing due to unavailable references
[344.572s][debug][gc,ref       ] GC(405) Skipped phase4 of Reference Processing due to unavailable references
[344.572s][debug][gc,age       ] GC(405) Desired survivor size 15400960 bytes, new threshold 6 (max threshold 6)
[344.572s][info ][gc,heap      ] GC(405) ParNew: 244407K->3517K(270976K)
[344.572s][info ][gc,heap      ] GC(405) CMS: 299889K->300075K(602112K)
[344.572s][info ][gc,metaspace ] GC(405) Metaspace: 57219K->57219K(1101824K)
[344.572s][info ][gc           ] GC(405) Pause Young (Allocation Failure) 531M->296M(852M) 4.262ms
[344.572s][info ][gc,cpu       ] GC(405) User=0.01s Sys=0.00s Real=0.00s
[344.572s][info ][safepoint    ] Leaving safepoint region
[344.572s][info ][safepoint    ] Total time for which application threads were stopped: 0.0044378 seconds, Stopping threads took: 0.0000144 seconds
[345.578s][info ][safepoint    ] Application time: 1.0058964 seconds
[345.578s][info ][safepoint    ] Entering safepoint region: GenCollectForAllocation
[345.578s][info ][gc,start     ] GC(406) Pause Young (Allocation Failure)
[345.578s][info ][gc,task      ] GC(406) Using 4 workers of 4 for evacuation
[345.582s][debug][gc,ref       ] GC(406) Skipped phase1 of Reference Processing due to unavailable references
[345.582s][debug][gc,ref       ] GC(406) Skipped phase2 of Reference Processing due to unavailable references
[345.582s][debug][gc,ref       ] GC(406) Skipped phase3 of Reference Processing due to unavailable references
[345.582s][debug][gc,ref       ] GC(406) Skipped phase4 of Reference Processing due to unavailable references
[345.582s][debug][gc,age       ] GC(406) Desired survivor size 15400960 bytes, new threshold 6 (max threshold 6)
[345.582s][info ][gc,heap      ] GC(406) ParNew: 244413K->2749K(270976K)
[345.582s][info ][gc,heap      ] GC(406) CMS: 300075K->300100K(602112K)
[345.582s][info ][gc,metaspace ] GC(406) Metaspace: 57219K->57219K(1101824K)
[345.582s][info ][gc           ] GC(406) Pause Young (Allocation Failure) 531M->295M(852M) 4.135ms
[345.582s][info ][gc,cpu       ] GC(406) User=0.02s Sys=0.00s Real=0.00s
[345.582s][info ][safepoint    ] Leaving safepoint region
[345.582s][info ][safepoint    ] Total time for which application threads were stopped: 0.0042754 seconds, Stopping threads took: 0.0000160 seconds
[346.522s][info ][safepoint    ] Application time: 0.9393081 seconds
[346.522s][info ][safepoint    ] Entering safepoint region: GenCollectForAllocation
[346.522s][info ][gc,start     ] GC(407) Pause Young (Allocation Failure)
[346.522s][info ][gc,task      ] GC(407) Using 4 workers of 4 for evacuation
[346.526s][debug][gc,ref       ] GC(407) Skipped phase1 of Reference Processing due to unavailable references
[346.526s][debug][gc,ref       ] GC(407) Skipped phase2 of Reference Processing due to unavailable references
[346.526s][debug][gc,ref       ] GC(407) Skipped phase3 of Reference Processing due to unavailable references
[346.526s][debug][gc,ref       ] GC(407) Skipped phase4 of Reference Processing due to unavailable references
[346.526s][debug][gc,age       ] GC(407) Desired survivor size 15400960 bytes, new threshold 6 (max threshold 6)
[346.526s][info ][gc,heap      ] GC(407) ParNew: 243645K->2687K(270976K)
[346.526s][info ][gc,heap      ] GC(407) CMS: 300100K->300478K(602112K)
[346.526s][info ][gc,metaspace ] GC(407) Metaspace: 57219K->57219K(1101824K)
[346.526s][info ][gc           ] GC(407) Pause Young (Allocation Failure) 531M->296M(852M) 4.530ms
[346.526s][info ][gc,cpu       ] GC(407) User=0.01s Sys=0.00s Real=0.01s
[346.526s][info ][safepoint    ] Leaving safepoint region
[346.526s][info ][safepoint    ] Total time for which application threads were stopped: 0.0046624 seconds, Stopping threads took: 0.0000146 seconds
[347.526s][info ][safepoint    ] Application time: 1.0001143 seconds
[347.526s][info ][safepoint    ] Entering safepoint region: Cleanup
[347.527s][info ][safepoint    ] Leaving safepoint region
[347.527s][info ][safepoint    ] Total time for which application threads were stopped: 0.0002039 seconds, Stopping threads took: 0.0000903 seconds
[347.578s][info ][safepoint    ] Application time: 0.0517163 seconds
[347.578s][info ][safepoint    ] Entering safepoint region: GenCollectForAllocation
[347.578s][info ][gc,start     ] GC(408) Pause Young (Allocation Failure)
[347.578s][info ][gc,task      ] GC(408) Using 4 workers of 4 for evacuation
[347.583s][debug][gc,ref       ] GC(408) Skipped phase1 of Reference Processing due to unavailable references
[347.583s][debug][gc,ref       ] GC(408) Skipped phase2 of Reference Processing due to unavailable references
[347.583s][debug][gc,ref       ] GC(408) Skipped phase3 of Reference Processing due to unavailable references
[347.583s][debug][gc,ref       ] GC(408) Skipped phase4 of Reference Processing due to unavailable references
[347.583s][debug][gc,age       ] GC(408) Desired survivor size 15400960 bytes, new threshold 6 (max threshold 6)
[347.583s][info ][gc,heap      ] GC(408) ParNew: 243583K->2705K(270976K)
[347.583s][info ][gc,heap      ] GC(408) CMS: 300478K->300593K(602112K)
[347.583s][info ][gc,metaspace ] GC(408) Metaspace: 57219K->57219K(1101824K)
[347.583s][info ][gc           ] GC(408) Pause Young (Allocation Failure) 531M->296M(852M) 4.603ms
[347.583s][info ][gc,cpu       ] GC(408) User=0.01s Sys=0.00s Real=0.00s
[347.583s][info ][safepoint    ] Leaving safepoint region
[347.583s][info ][safepoint    ] Total time for which application threads were stopped: 0.0047934 seconds, Stopping threads took: 0.0000145 seconds
[348.583s][info ][safepoint    ] Application time: 1.0001042 seconds
[348.583s][info ][safepoint    ] Entering safepoint region: Cleanup
[348.583s][info ][safepoint    ] Leaving safepoint region
[348.583s][info ][safepoint    ] Total time for which application threads were stopped: 0.0001106 seconds, Stopping threads took: 0.0000373 seconds
[348.618s][info ][safepoint    ] Application time: 0.0347382 seconds
[348.618s][info ][safepoint    ] Entering safepoint region: GenCollectForAllocation
[348.618s][info ][gc,start     ] GC(409) Pause Young (Allocation Failure)
[348.618s][info ][gc,task      ] GC(409) Using 4 workers of 4 for evacuation
[348.623s][debug][gc,ref       ] GC(409) Skipped phase1 of Reference Processing due to unavailable references
[348.623s][debug][gc,ref       ] GC(409) Skipped phase2 of Reference Processing due to unavailable references
[348.623s][debug][gc,ref       ] GC(409) Skipped phase3 of Reference Processing due to unavailable references
[348.623s][debug][gc,ref       ] GC(409) Skipped phase4 of Reference Processing due to unavailable references
[348.623s][debug][gc,age       ] GC(409) Desired survivor size 15400960 bytes, new threshold 6 (max threshold 6)
[348.623s][info ][gc,heap      ] GC(409) ParNew: 243601K->3046K(270976K)
[348.623s][info ][gc,heap      ] GC(409) CMS: 300593K->300604K(602112K)
[348.623s][info ][gc,metaspace ] GC(409) Metaspace: 57220K->57220K(1101824K)
[348.624s][info ][gc           ] GC(409) Pause Young (Allocation Failure) 531M->296M(852M) 5.266ms
[348.624s][info ][gc,cpu       ] GC(409) User=0.02s Sys=0.00s Real=0.01s
[348.624s][info ][safepoint    ] Leaving safepoint region
[348.624s][info ][safepoint    ] Total time for which application threads were stopped: 0.0054132 seconds, Stopping threads took: 0.0000139 seconds
[349.590s][info ][safepoint    ] Application time: 0.9668838 seconds
[349.590s][info ][safepoint    ] Entering safepoint region: GenCollectForAllocation
[349.591s][info ][gc,start     ] GC(410) Pause Young (Allocation Failure)
[349.591s][info ][gc,task      ] GC(410) Using 4 workers of 4 for evacuation
[349.595s][debug][gc,ref       ] GC(410) Skipped phase1 of Reference Processing due to unavailable references
[349.595s][debug][gc,ref       ] GC(410) Skipped phase2 of Reference Processing due to unavailable references
[349.595s][debug][gc,ref       ] GC(410) Skipped phase3 of Reference Processing due to unavailable references
[349.595s][debug][gc,ref       ] GC(410) Skipped phase4 of Reference Processing due to unavailable references
[349.595s][debug][gc,age       ] GC(410) Desired survivor size 15400960 bytes, new threshold 6 (max threshold 6)
[349.595s][info ][gc,heap      ] GC(410) ParNew: 243942K->2810K(270976K)
[349.595s][info ][gc,heap      ] GC(410) CMS: 300604K->300641K(602112K)
[349.595s][info ][gc,metaspace ] GC(410) Metaspace: 57220K->57220K(1101824K)
[349.595s][info ][gc           ] GC(410) Pause Young (Allocation Failure) 531M->296M(852M) 4.481ms
[349.595s][info ][gc,cpu       ] GC(410) User=0.02s Sys=0.00s Real=0.00s
[349.595s][info ][safepoint    ] Leaving safepoint region
[349.595s][info ][safepoint    ] Total time for which application threads were stopped: 0.0046473 seconds, Stopping threads took: 0.0000151 seconds
[350.550s][info ][safepoint    ] Application time: 0.9544940 seconds
[350.550s][info ][safepoint    ] Entering safepoint region: GenCollectForAllocation
[350.550s][info ][gc,start     ] GC(411) Pause Young (Allocation Failure)
[350.550s][info ][gc,task      ] GC(411) Using 4 workers of 4 for evacuation
[350.554s][debug][gc,ref       ] GC(411) Skipped phase1 of Reference Processing due to unavailable references
[350.554s][debug][gc,ref       ] GC(411) Skipped phase2 of Reference Processing due to unavailable references
[350.554s][debug][gc,ref       ] GC(411) Skipped phase3 of Reference Processing due to unavailable references
[350.554s][debug][gc,ref       ] GC(411) Skipped phase4 of Reference Processing due to unavailable references
[350.554s][debug][gc,age       ] GC(411) Desired survivor size 15400960 bytes, new threshold 6 (max threshold 6)
[350.554s][info ][gc,heap      ] GC(411) ParNew: 243706K->2788K(270976K)
[350.554s][info ][gc,heap      ] GC(411) CMS: 300641K->300683K(602112K)
[350.554s][info ][gc,metaspace ] GC(411) Metaspace: 57220K->57220K(1101824K)
[350.554s][info ][gc           ] GC(411) Pause Young (Allocation Failure) 531M->296M(852M) 4.276ms
[350.554s][info ][gc,cpu       ] GC(411) User=0.02s Sys=0.00s Real=0.00s
[350.554s][info ][safepoint    ] Leaving safepoint region
[350.554s][info ][safepoint    ] Total time for which application threads were stopped: 0.0044457 seconds, Stopping threads took: 0.0000138 seconds
[351.503s][info ][safepoint    ] Application time: 0.9488897 seconds
[351.503s][info ][safepoint    ] Entering safepoint region: GenCollectForAllocation
[351.503s][info ][gc,start     ] GC(412) Pause Young (Allocation Failure)
[351.503s][info ][gc,task      ] GC(412) Using 4 workers of 4 for evacuation
[351.507s][debug][gc,ref       ] GC(412) Skipped phase1 of Reference Processing due to unavailable references
[351.507s][debug][gc,ref       ] GC(412) Skipped phase2 of Reference Processing due to unavailable references
[351.507s][debug][gc,ref       ] GC(412) Skipped phase3 of Reference Processing due to unavailable references
[351.507s][debug][gc,ref       ] GC(412) Skipped phase4 of Reference Processing due to unavailable references
[351.508s][debug][gc,age       ] GC(412) Desired survivor size 15400960 bytes, new threshold 6 (max threshold 6)
[351.508s][info ][gc,heap      ] GC(412) ParNew: 243684K->3312K(270976K)
[351.508s][info ][gc,heap      ] GC(412) CMS: 300683K->300720K(602112K)
[351.508s][info ][gc,metaspace ] GC(412) Metaspace: 57220K->57220K(1101824K)
[351.508s][info ][gc           ] GC(412) Pause Young (Allocation Failure) 531M->296M(852M) 4.447ms
[351.508s][info ][gc,cpu       ] GC(412) User=0.01s Sys=0.00s Real=0.01s
[351.508s][info ][safepoint    ] Leaving safepoint region
[351.508s][info ][safepoint    ] Total time for which application threads were stopped: 0.0046325 seconds, Stopping threads took: 0.0000599 seconds
[352.587s][info ][safepoint    ] Application time: 1.0790342 seconds
[352.587s][info ][safepoint    ] Entering safepoint region: GenCollectForAllocation
[352.587s][info ][gc,start     ] GC(413) Pause Young (Allocation Failure)
[352.587s][info ][gc,task      ] GC(413) Using 4 workers of 4 for evacuation
[352.591s][debug][gc,ref       ] GC(413) Skipped phase1 of Reference Processing due to unavailable references
[352.591s][debug][gc,ref       ] GC(413) Skipped phase2 of Reference Processing due to unavailable references
[352.591s][debug][gc,ref       ] GC(413) Skipped phase3 of Reference Processing due to unavailable references
[352.591s][debug][gc,ref       ] GC(413) Skipped phase4 of Reference Processing due to unavailable references
[352.591s][debug][gc,age       ] GC(413) Desired survivor size 15400960 bytes, new threshold 6 (max threshold 6)
[352.591s][info ][gc,heap      ] GC(413) ParNew: 244208K->2631K(270976K)
[352.591s][info ][gc,heap      ] GC(413) CMS: 300720K->300724K(602112K)
[352.591s][info ][gc,metaspace ] GC(413) Metaspace: 57223K->57223K(1101824K)
[352.591s][info ][gc           ] GC(413) Pause Young (Allocation Failure) 532M->296M(852M) 4.104ms
[352.591s][info ][gc,cpu       ] GC(413) User=0.02s Sys=0.00s Real=0.00s
[352.591s][info ][safepoint    ] Leaving safepoint region
[352.591s][info ][safepoint    ] Total time for which application threads were stopped: 0.0042522 seconds, Stopping threads took: 0.0000160 seconds
[353.575s][info ][safepoint    ] Application time: 0.9839371 seconds
[353.575s][info ][safepoint    ] Entering safepoint region: GenCollectForAllocation
[353.575s][info ][gc,start     ] GC(414) Pause Young (Allocation Failure)
[353.575s][info ][gc,task      ] GC(414) Using 4 workers of 4 for evacuation
[353.579s][debug][gc,ref       ] GC(414) Skipped phase1 of Reference Processing due to unavailable references
[353.579s][debug][gc,ref       ] GC(414) Skipped phase2 of Reference Processing due to unavailable references
[353.579s][debug][gc,ref       ] GC(414) Skipped phase3 of Reference Processing due to unavailable references
[353.579s][debug][gc,ref       ] GC(414) Skipped phase4 of Reference Processing due to unavailable references
[353.579s][debug][gc,age       ] GC(414) Desired survivor size 15400960 bytes, new threshold 6 (max threshold 6)
[353.579s][info ][gc,heap      ] GC(414) ParNew: 243527K->2764K(270976K)
[353.579s][info ][gc,heap      ] GC(414) CMS: 300724K->300758K(602112K)
[353.579s][info ][gc,metaspace ] GC(414) Metaspace: 57224K->57224K(1101824K)
[353.579s][info ][gc           ] GC(414) Pause Young (Allocation Failure) 531M->296M(852M) 4.188ms
[353.579s][info ][gc,cpu       ] GC(414) User=0.01s Sys=0.00s Real=0.01s
[353.579s][info ][safepoint    ] Leaving safepoint region
[353.579s][info ][safepoint    ] Total time for which application threads were stopped: 0.0043374 seconds, Stopping threads took: 0.0000167 seconds
[354.569s][info ][safepoint    ] Application time: 0.9893010 seconds
[354.569s][info ][safepoint    ] Entering safepoint region: GenCollectForAllocation
[354.569s][info ][gc,start     ] GC(415) Pause Young (Allocation Failure)
[354.569s][info ][gc,task      ] GC(415) Using 4 workers of 4 for evacuation
[354.576s][debug][gc,ref       ] GC(415) Skipped phase1 of Reference Processing due to unavailable references
[354.576s][debug][gc,ref       ] GC(415) Skipped phase2 of Reference Processing due to unavailable references
[354.576s][debug][gc,ref       ] GC(415) Skipped phase3 of Reference Processing due to unavailable references
[354.576s][debug][gc,ref       ] GC(415) Skipped phase4 of Reference Processing due to unavailable references
[354.576s][debug][gc,age       ] GC(415) Desired survivor size 15400960 bytes, new threshold 6 (max threshold 6)
[354.576s][info ][gc,heap      ] GC(415) ParNew: 243660K->3551K(270976K)
[354.576s][info ][gc,heap      ] GC(415) CMS: 300758K->300824K(602112K)
[354.576s][info ][gc,metaspace ] GC(415) Metaspace: 57231K->57231K(1101824K)
[354.576s][info ][gc           ] GC(415) Pause Young (Allocation Failure) 531M->297M(852M) 7.582ms
[354.576s][info ][gc,cpu       ] GC(415) User=0.03s Sys=0.01s Real=0.01s
[354.576s][info ][safepoint    ] Leaving safepoint region
[354.576s][info ][safepoint    ] Total time for which application threads were stopped: 0.0077425 seconds, Stopping threads took: 0.0000142 seconds
[355.566s][info ][safepoint    ] Application time: 0.9900492 seconds
[355.566s][info ][safepoint    ] Entering safepoint region: GenCollectForAllocation
[355.567s][info ][gc,start     ] GC(416) Pause Young (Allocation Failure)
[355.567s][info ][gc,task      ] GC(416) Using 4 workers of 4 for evacuation
[355.572s][debug][gc,ref       ] GC(416) Skipped phase1 of Reference Processing due to unavailable references
[355.572s][debug][gc,ref       ] GC(416) Skipped phase2 of Reference Processing due to unavailable references
[355.572s][debug][gc,ref       ] GC(416) Skipped phase3 of Reference Processing due to unavailable references
[355.572s][debug][gc,ref       ] GC(416) Skipped phase4 of Reference Processing due to unavailable references
[355.572s][debug][gc,age       ] GC(416) Desired survivor size 15400960 bytes, new threshold 6 (max threshold 6)
[355.572s][info ][gc,heap      ] GC(416) ParNew: 244447K->3209K(270976K)
[355.572s][info ][gc,heap      ] GC(416) CMS: 300824K->300853K(602112K)
[355.572s][info ][gc,metaspace ] GC(416) Metaspace: 57231K->57231K(1101824K)
[355.572s][info ][gc           ] GC(416) Pause Young (Allocation Failure) 532M->296M(852M) 5.701ms
[355.572s][info ][gc,cpu       ] GC(416) User=0.01s Sys=0.00s Real=0.00s
[355.572s][info ][safepoint    ] Leaving safepoint region
[355.572s][info ][safepoint    ] Total time for which application threads were stopped: 0.0058704 seconds, Stopping threads took: 0.0000144 seconds
[356.572s][info ][safepoint    ] Application time: 1.0001000 seconds
[356.573s][info ][safepoint    ] Entering safepoint region: Cleanup
[356.573s][info ][safepoint    ] Leaving safepoint region
[356.573s][info ][safepoint    ] Total time for which application threads were stopped: 0.0001464 seconds, Stopping threads took: 0.0000617 seconds
[356.662s][info ][safepoint    ] Application time: 0.0895075 seconds
[356.662s][info ][safepoint    ] Entering safepoint region: GenCollectForAllocation
[356.662s][info ][gc,start     ] GC(417) Pause Young (Allocation Failure)
[356.662s][info ][gc,task      ] GC(417) Using 4 workers of 4 for evacuation
[356.666s][debug][gc,ref       ] GC(417) Skipped phase1 of Reference Processing due to unavailable references
[356.666s][debug][gc,ref       ] GC(417) Skipped phase2 of Reference Processing due to unavailable references
[356.666s][debug][gc,ref       ] GC(417) Skipped phase3 of Reference Processing due to unavailable references
[356.666s][debug][gc,ref       ] GC(417) Skipped phase4 of Reference Processing due to unavailable references
[356.666s][debug][gc,age       ] GC(417) Desired survivor size 15400960 bytes, new threshold 6 (max threshold 6)
[356.666s][info ][gc,heap      ] GC(417) ParNew: 244105K->3668K(270976K)
[356.666s][info ][gc,heap      ] GC(417) CMS: 300853K->300876K(602112K)
[356.666s][info ][gc,metaspace ] GC(417) Metaspace: 57231K->57231K(1101824K)
[356.666s][info ][gc           ] GC(417) Pause Young (Allocation Failure) 532M->297M(852M) 4.202ms
[356.666s][info ][gc,cpu       ] GC(417) User=0.02s Sys=0.00s Real=0.01s
[356.666s][info ][safepoint    ] Leaving safepoint region
[356.667s][info ][safepoint    ] Total time for which application threads were stopped: 0.0043562 seconds, Stopping threads took: 0.0000136 seconds
[357.667s][info ][safepoint    ] Application time: 1.0000986 seconds
[357.667s][info ][safepoint    ] Entering safepoint region: Cleanup
[357.667s][info ][safepoint    ] Leaving safepoint region
[357.667s][info ][safepoint    ] Total time for which application threads were stopped: 0.0001529 seconds, Stopping threads took: 0.0000761 seconds
[357.731s][info ][safepoint    ] Application time: 0.0638938 seconds
[357.731s][info ][safepoint    ] Entering safepoint region: GenCollectForAllocation
[357.731s][info ][gc,start     ] GC(418) Pause Young (Allocation Failure)
[357.731s][info ][gc,task      ] GC(418) Using 4 workers of 4 for evacuation
[357.738s][debug][gc,ref       ] GC(418) Skipped phase1 of Reference Processing due to unavailable references
[357.738s][debug][gc,ref       ] GC(418) Skipped phase2 of Reference Processing due to unavailable references
[357.738s][debug][gc,ref       ] GC(418) Skipped phase3 of Reference Processing due to unavailable references
[357.738s][debug][gc,ref       ] GC(418) Skipped phase4 of Reference Processing due to unavailable references
[357.738s][debug][gc,age       ] GC(418) Desired survivor size 15400960 bytes, new threshold 6 (max threshold 6)
[357.738s][info ][gc,heap      ] GC(418) ParNew: 244564K->2729K(270976K)
[357.738s][info ][gc,heap      ] GC(418) CMS: 300876K->301211K(602112K)
[357.738s][info ][gc,metaspace ] GC(418) Metaspace: 57231K->57231K(1101824K)
[357.738s][info ][gc           ] GC(418) Pause Young (Allocation Failure) 532M->296M(852M) 6.999ms
[357.738s][info ][gc,cpu       ] GC(418) User=0.02s Sys=0.00s Real=0.01s
[357.738s][info ][safepoint    ] Leaving safepoint region
[357.738s][info ][safepoint    ] Total time for which application threads were stopped: 0.0071496 seconds, Stopping threads took: 0.0000148 seconds
[358.712s][info ][safepoint    ] Application time: 0.9740250 seconds
[358.712s][info ][safepoint    ] Entering safepoint region: GenCollectForAllocation
[358.712s][info ][gc,start     ] GC(419) Pause Young (Allocation Failure)
[358.712s][info ][gc,task      ] GC(419) Using 4 workers of 4 for evacuation
[358.717s][debug][gc,ref       ] GC(419) Skipped phase1 of Reference Processing due to unavailable references
[358.717s][debug][gc,ref       ] GC(419) Skipped phase2 of Reference Processing due to unavailable references
[358.717s][debug][gc,ref       ] GC(419) Skipped phase3 of Reference Processing due to unavailable references
[358.717s][debug][gc,ref       ] GC(419) Skipped phase4 of Reference Processing due to unavailable references
[358.717s][debug][gc,age       ] GC(419) Desired survivor size 15400960 bytes, new threshold 6 (max threshold 6)
[358.717s][info ][gc,heap      ] GC(419) ParNew: 243625K->3427K(270976K)
[358.717s][info ][gc,heap      ] GC(419) CMS: 301211K->301296K(602112K)
[358.717s][info ][gc,metaspace ] GC(419) Metaspace: 57231K->57231K(1101824K)
[358.717s][info ][gc           ] GC(419) Pause Young (Allocation Failure) 532M->297M(852M) 5.102ms
[358.717s][info ][gc,cpu       ] GC(419) User=0.01s Sys=0.00s Real=0.01s
[358.717s][info ][safepoint    ] Leaving safepoint region
[358.717s][info ][safepoint    ] Total time for which application threads were stopped: 0.0052786 seconds, Stopping threads took: 0.0000289 seconds
[359.745s][info ][safepoint    ] Application time: 1.0282486 seconds
[359.746s][info ][safepoint    ] Entering safepoint region: GenCollectForAllocation
[359.746s][info ][gc,start     ] GC(420) Pause Young (Allocation Failure)
[359.746s][info ][gc,task      ] GC(420) Using 4 workers of 4 for evacuation
[359.750s][debug][gc,ref       ] GC(420) Skipped phase1 of Reference Processing due to unavailable references
[359.750s][debug][gc,ref       ] GC(420) Skipped phase2 of Reference Processing due to unavailable references
[359.750s][debug][gc,ref       ] GC(420) Skipped phase3 of Reference Processing due to unavailable references
[359.750s][debug][gc,ref       ] GC(420) Skipped phase4 of Reference Processing due to unavailable references
[359.750s][debug][gc,age       ] GC(420) Desired survivor size 15400960 bytes, new threshold 6 (max threshold 6)
[359.750s][info ][gc,heap      ] GC(420) ParNew: 244323K->2367K(270976K)
[359.750s][info ][gc,heap      ] GC(420) CMS: 301296K->301385K(602112K)
[359.750s][info ][gc,metaspace ] GC(420) Metaspace: 57231K->57231K(1101824K)
[359.750s][info ][gc           ] GC(420) Pause Young (Allocation Failure) 532M->296M(852M) 4.301ms
[359.750s][info ][gc,cpu       ] GC(420) User=0.02s Sys=0.00s Real=0.00s
[359.750s][info ][safepoint    ] Leaving safepoint region
[359.750s][info ][safepoint    ] Total time for which application threads were stopped: 0.0044466 seconds, Stopping threads took: 0.0000171 seconds
[360.796s][info ][safepoint    ] Application time: 1.0457043 seconds
[360.796s][info ][safepoint    ] Entering safepoint region: GenCollectForAllocation
[360.796s][info ][gc,start     ] GC(421) Pause Young (Allocation Failure)
[360.796s][info ][gc,task      ] GC(421) Using 4 workers of 4 for evacuation
[360.799s][debug][gc,ref       ] GC(421) Skipped phase1 of Reference Processing due to unavailable references
[360.800s][debug][gc,ref       ] GC(421) Skipped phase2 of Reference Processing due to unavailable references
[360.800s][debug][gc,ref       ] GC(421) Skipped phase3 of Reference Processing due to unavailable references
[360.800s][debug][gc,ref       ] GC(421) Skipped phase4 of Reference Processing due to unavailable references
[360.800s][debug][gc,age       ] GC(421) Desired survivor size 15400960 bytes, new threshold 6 (max threshold 6)
[360.800s][info ][gc,heap      ] GC(421) ParNew: 243263K->2921K(270976K)
[360.800s][info ][gc,heap      ] GC(421) CMS: 301385K->301415K(602112K)
[360.800s][info ][gc,metaspace ] GC(421) Metaspace: 57231K->57231K(1101824K)
[360.800s][info ][gc           ] GC(421) Pause Young (Allocation Failure) 531M->297M(852M) 3.866ms
[360.800s][info ][gc,cpu       ] GC(421) User=0.01s Sys=0.00s Real=0.00s
[360.800s][info ][safepoint    ] Leaving safepoint region
[360.800s][info ][safepoint    ] Total time for which application threads were stopped: 0.0040257 seconds, Stopping threads took: 0.0000134 seconds
[361.755s][info ][safepoint    ] Application time: 0.9550134 seconds
[361.755s][info ][safepoint    ] Entering safepoint region: GenCollectForAllocation
[361.755s][info ][gc,start     ] GC(422) Pause Young (Allocation Failure)
[361.755s][info ][gc,task      ] GC(422) Using 4 workers of 4 for evacuation
[361.759s][debug][gc,ref       ] GC(422) Skipped phase1 of Reference Processing due to unavailable references
[361.759s][debug][gc,ref       ] GC(422) Skipped phase2 of Reference Processing due to unavailable references
[361.759s][debug][gc,ref       ] GC(422) Skipped phase3 of Reference Processing due to unavailable references
[361.759s][debug][gc,ref       ] GC(422) Skipped phase4 of Reference Processing due to unavailable references
[361.759s][debug][gc,age       ] GC(422) Desired survivor size 15400960 bytes, new threshold 6 (max threshold 6)
[361.759s][info ][gc,heap      ] GC(422) ParNew: 243817K->2409K(270976K)
[361.759s][info ][gc,heap      ] GC(422) CMS: 301415K->301516K(602112K)
[361.759s][info ][gc,metaspace ] GC(422) Metaspace: 57235K->57235K(1101824K)
[361.759s][info ][gc           ] GC(422) Pause Young (Allocation Failure) 532M->296M(852M) 4.004ms
[361.759s][info ][gc,cpu       ] GC(422) User=0.01s Sys=0.00s Real=0.01s
[361.759s][info ][safepoint    ] Leaving safepoint region
[361.759s][info ][safepoint    ] Total time for which application threads were stopped: 0.0041532 seconds, Stopping threads took: 0.0000170 seconds
[362.620s][info ][safepoint    ] Application time: 0.8611664 seconds
[362.620s][info ][safepoint    ] Entering safepoint region: GenCollectForAllocation
[362.620s][info ][gc,start     ] GC(423) Pause Young (Allocation Failure)
[362.620s][info ][gc,task      ] GC(423) Using 4 workers of 4 for evacuation
[362.624s][debug][gc,ref       ] GC(423) Skipped phase1 of Reference Processing due to unavailable references
[362.624s][debug][gc,ref       ] GC(423) Skipped phase2 of Reference Processing due to unavailable references
[362.624s][debug][gc,ref       ] GC(423) Skipped phase3 of Reference Processing due to unavailable references
[362.624s][debug][gc,ref       ] GC(423) Skipped phase4 of Reference Processing due to unavailable references
[362.625s][debug][gc,age       ] GC(423) Desired survivor size 15400960 bytes, new threshold 6 (max threshold 6)
[362.625s][info ][gc,heap      ] GC(423) ParNew: 243305K->2843K(270976K)
[362.625s][info ][gc,heap      ] GC(423) CMS: 301516K->301524K(602112K)
[362.625s][info ][gc,metaspace ] GC(423) Metaspace: 57237K->57237K(1101824K)
[362.625s][info ][gc           ] GC(423) Pause Young (Allocation Failure) 532M->297M(852M) 4.352ms
[362.625s][info ][gc,cpu       ] GC(423) User=0.01s Sys=0.00s Real=0.01s
[362.625s][info ][safepoint    ] Leaving safepoint region
[362.625s][info ][safepoint    ] Total time for which application threads were stopped: 0.0045056 seconds, Stopping threads took: 0.0000142 seconds
[363.496s][info ][safepoint    ] Application time: 0.8712715 seconds
[363.496s][info ][safepoint    ] Entering safepoint region: GenCollectForAllocation
[363.496s][info ][gc,start     ] GC(424) Pause Young (Allocation Failure)
[363.496s][info ][gc,task      ] GC(424) Using 4 workers of 4 for evacuation
[363.501s][debug][gc,ref       ] GC(424) Skipped phase1 of Reference Processing due to unavailable references
[363.501s][debug][gc,ref       ] GC(424) Skipped phase2 of Reference Processing due to unavailable references
[363.501s][debug][gc,ref       ] GC(424) Skipped phase3 of Reference Processing due to unavailable references
[363.501s][debug][gc,ref       ] GC(424) Skipped phase4 of Reference Processing due to unavailable references
[363.501s][debug][gc,age       ] GC(424) Desired survivor size 15400960 bytes, new threshold 6 (max threshold 6)
[363.501s][info ][gc,heap      ] GC(424) ParNew: 243739K->2734K(270976K)
[363.501s][info ][gc,heap      ] GC(424) CMS: 301524K->301561K(602112K)
[363.501s][info ][gc,metaspace ] GC(424) Metaspace: 57241K->57241K(1101824K)
[363.501s][info ][gc           ] GC(424) Pause Young (Allocation Failure) 532M->297M(852M) 5.225ms
[363.501s][info ][gc,cpu       ] GC(424) User=0.02s Sys=0.00s Real=0.00s
[363.501s][info ][safepoint    ] Leaving safepoint region
[363.501s][info ][safepoint    ] Total time for which application threads were stopped: 0.0054025 seconds, Stopping threads took: 0.0000165 seconds
[364.393s][info ][safepoint    ] Application time: 0.8920256 seconds
[364.393s][info ][safepoint    ] Entering safepoint region: GenCollectForAllocation
[364.394s][info ][gc,start     ] GC(425) Pause Young (Allocation Failure)
[364.394s][info ][gc,task      ] GC(425) Using 4 workers of 4 for evacuation
[364.398s][debug][gc,ref       ] GC(425) Skipped phase1 of Reference Processing due to unavailable references
[364.398s][debug][gc,ref       ] GC(425) Skipped phase2 of Reference Processing due to unavailable references
[364.398s][debug][gc,ref       ] GC(425) Skipped phase3 of Reference Processing due to unavailable references
[364.398s][debug][gc,ref       ] GC(425) Skipped phase4 of Reference Processing due to unavailable references
[364.398s][debug][gc,age       ] GC(425) Desired survivor size 15400960 bytes, new threshold 6 (max threshold 6)
[364.398s][info ][gc,heap      ] GC(425) ParNew: 243630K->3228K(270976K)
[364.398s][info ][gc,heap      ] GC(425) CMS: 301561K->301602K(602112K)
[364.398s][info ][gc,metaspace ] GC(425) Metaspace: 57244K->57244K(1101824K)
[364.398s][info ][gc           ] GC(425) Pause Young (Allocation Failure) 532M->297M(852M) 4.419ms
[364.398s][info ][gc,cpu       ] GC(425) User=0.02s Sys=0.00s Real=0.01s
[364.398s][info ][safepoint    ] Leaving safepoint region
[364.398s][info ][safepoint    ] Total time for which application threads were stopped: 0.0045682 seconds, Stopping threads took: 0.0000139 seconds
[365.283s][info ][safepoint    ] Application time: 0.8847238 seconds
[365.283s][info ][safepoint    ] Entering safepoint region: GenCollectForAllocation
[365.283s][info ][gc,start     ] GC(426) Pause Young (Allocation Failure)
[365.283s][info ][gc,task      ] GC(426) Using 4 workers of 4 for evacuation
[365.287s][debug][gc,ref       ] GC(426) Skipped phase1 of Reference Processing due to unavailable references
[365.287s][debug][gc,ref       ] GC(426) Skipped phase2 of Reference Processing due to unavailable references
[365.287s][debug][gc,ref       ] GC(426) Skipped phase3 of Reference Processing due to unavailable references
[365.287s][debug][gc,ref       ] GC(426) Skipped phase4 of Reference Processing due to unavailable references
[365.287s][debug][gc,age       ] GC(426) Desired survivor size 15400960 bytes, new threshold 6 (max threshold 6)
[365.287s][info ][gc,heap      ] GC(426) ParNew: 244124K->3462K(270976K)
[365.287s][info ][gc,heap      ] GC(426) CMS: 301602K->301641K(602112K)
[365.287s][info ][gc,metaspace ] GC(426) Metaspace: 57244K->57244K(1101824K)
[365.287s][info ][gc           ] GC(426) Pause Young (Allocation Failure) 532M->297M(852M) 4.406ms
[365.287s][info ][gc,cpu       ] GC(426) User=0.01s Sys=0.00s Real=0.01s
[365.287s][info ][safepoint    ] Leaving safepoint region
[365.287s][info ][safepoint    ] Total time for which application threads were stopped: 0.0045833 seconds, Stopping threads took: 0.0000144 seconds
[366.237s][info ][safepoint    ] Application time: 0.9500398 seconds
[366.237s][info ][safepoint    ] Entering safepoint region: GenCollectForAllocation
[366.238s][info ][gc,start     ] GC(427) Pause Young (Allocation Failure)
[366.238s][info ][gc,task      ] GC(427) Using 4 workers of 4 for evacuation
[366.242s][debug][gc,ref       ] GC(427) Skipped phase1 of Reference Processing due to unavailable references
[366.242s][debug][gc,ref       ] GC(427) Skipped phase3 of Reference Processing due to unavailable references
[366.242s][debug][gc,age       ] GC(427) Desired survivor size 15400960 bytes, new threshold 6 (max threshold 6)
[366.242s][info ][gc,heap      ] GC(427) ParNew: 244358K->3280K(270976K)
[366.242s][info ][gc,heap      ] GC(427) CMS: 301641K->301722K(602112K)
[366.242s][info ][gc,metaspace ] GC(427) Metaspace: 57251K->57251K(1101824K)
[366.242s][info ][gc           ] GC(427) Pause Young (Allocation Failure) 533M->297M(852M) 4.510ms
[366.242s][info ][gc,cpu       ] GC(427) User=0.02s Sys=0.00s Real=0.00s
[366.242s][info ][safepoint    ] Leaving safepoint region
[366.242s][info ][safepoint    ] Total time for which application threads were stopped: 0.0046737 seconds, Stopping threads took: 0.0000142 seconds
[367.121s][info ][safepoint    ] Application time: 0.8786924 seconds
[367.121s][info ][safepoint    ] Entering safepoint region: GenCollectForAllocation
[367.121s][info ][gc,start     ] GC(428) Pause Young (Allocation Failure)
[367.121s][info ][gc,task      ] GC(428) Using 4 workers of 4 for evacuation
[367.125s][debug][gc,ref       ] GC(428) Skipped phase1 of Reference Processing due to unavailable references
[367.125s][debug][gc,ref       ] GC(428) Skipped phase3 of Reference Processing due to unavailable references
[367.125s][debug][gc,ref       ] GC(428) Skipped phase4 of Reference Processing due to unavailable references
[367.125s][debug][gc,age       ] GC(428) Desired survivor size 15400960 bytes, new threshold 6 (max threshold 6)
[367.125s][info ][gc,heap      ] GC(428) ParNew: 244176K->4001K(270976K)
[367.125s][info ][gc,heap      ] GC(428) CMS: 301722K->301794K(602112K)
[367.125s][info ][gc,metaspace ] GC(428) Metaspace: 57251K->57251K(1101824K)
[367.125s][info ][gc           ] GC(428) Pause Young (Allocation Failure) 533M->298M(852M) 4.448ms
[367.125s][info ][gc,cpu       ] GC(428) User=0.01s Sys=0.00s Real=0.01s
[367.125s][info ][safepoint    ] Leaving safepoint region
[367.125s][info ][safepoint    ] Total time for which application threads were stopped: 0.0045998 seconds, Stopping threads took: 0.0000153 seconds
[368.033s][info ][safepoint    ] Application time: 0.9075067 seconds
[368.033s][info ][safepoint    ] Entering safepoint region: GenCollectForAllocation
[368.033s][info ][gc,start     ] GC(429) Pause Young (Allocation Failure)
[368.033s][info ][gc,task      ] GC(429) Using 4 workers of 4 for evacuation
[368.037s][debug][gc,ref       ] GC(429) Skipped phase1 of Reference Processing due to unavailable references
[368.037s][debug][gc,ref       ] GC(429) Skipped phase3 of Reference Processing due to unavailable references
[368.037s][debug][gc,ref       ] GC(429) Skipped phase4 of Reference Processing due to unavailable references
[368.037s][debug][gc,age       ] GC(429) Desired survivor size 15400960 bytes, new threshold 6 (max threshold 6)
[368.037s][info ][gc,heap      ] GC(429) ParNew: 244897K->3560K(270976K)
[368.037s][info ][gc,heap      ] GC(429) CMS: 301794K->301812K(602112K)
[368.037s][info ][gc,metaspace ] GC(429) Metaspace: 57251K->57251K(1101824K)
[368.037s][info ][gc           ] GC(429) Pause Young (Allocation Failure) 533M->298M(852M) 4.321ms
[368.037s][info ][gc,cpu       ] GC(429) User=0.01s Sys=0.00s Real=0.01s
[368.037s][info ][safepoint    ] Leaving safepoint region
[368.037s][info ][safepoint    ] Total time for which application threads were stopped: 0.0044566 seconds, Stopping threads took: 0.0000144 seconds
[368.953s][info ][safepoint    ] Application time: 0.9155924 seconds
[368.953s][info ][safepoint    ] Entering safepoint region: GenCollectForAllocation
[368.953s][info ][gc,start     ] GC(430) Pause Young (Allocation Failure)
[368.953s][info ][gc,task      ] GC(430) Using 4 workers of 4 for evacuation
[368.957s][debug][gc,ref       ] GC(430) Skipped phase1 of Reference Processing due to unavailable references
[368.957s][debug][gc,ref       ] GC(430) Skipped phase3 of Reference Processing due to unavailable references
[368.957s][debug][gc,ref       ] GC(430) Skipped phase4 of Reference Processing due to unavailable references
[368.957s][debug][gc,age       ] GC(430) Desired survivor size 15400960 bytes, new threshold 6 (max threshold 6)
[368.957s][info ][gc,heap      ] GC(430) ParNew: 244456K->3052K(270976K)
[368.957s][info ][gc,heap      ] GC(430) CMS: 301812K->301924K(602112K)
[368.957s][info ][gc,metaspace ] GC(430) Metaspace: 57251K->57251K(1101824K)
[368.958s][info ][gc           ] GC(430) Pause Young (Allocation Failure) 533M->297M(852M) 4.244ms
[368.958s][info ][gc,cpu       ] GC(430) User=0.02s Sys=0.00s Real=0.01s
[368.958s][info ][safepoint    ] Leaving safepoint region
[368.958s][info ][safepoint    ] Total time for which application threads were stopped: 0.0044692 seconds, Stopping threads took: 0.0000525 seconds
[369.928s][info ][safepoint    ] Application time: 0.9703895 seconds
[369.928s][info ][safepoint    ] Entering safepoint region: GenCollectForAllocation
[369.928s][info ][gc,start     ] GC(431) Pause Young (Allocation Failure)
[369.928s][info ][gc,task      ] GC(431) Using 4 workers of 4 for evacuation
[369.932s][debug][gc,ref       ] GC(431) Skipped phase1 of Reference Processing due to unavailable references
[369.932s][debug][gc,ref       ] GC(431) Skipped phase3 of Reference Processing due to unavailable references
[369.932s][debug][gc,ref       ] GC(431) Skipped phase4 of Reference Processing due to unavailable references
[369.932s][debug][gc,age       ] GC(431) Desired survivor size 15400960 bytes, new threshold 6 (max threshold 6)
[369.932s][info ][gc,heap      ] GC(431) ParNew: 243948K->3009K(270976K)
[369.932s][info ][gc,heap      ] GC(431) CMS: 301924K->301957K(602112K)
[369.932s][info ][gc,metaspace ] GC(431) Metaspace: 57251K->57251K(1101824K)
[369.932s][info ][gc           ] GC(431) Pause Young (Allocation Failure) 533M->297M(852M) 4.140ms
[369.932s][info ][gc,cpu       ] GC(431) User=0.01s Sys=0.00s Real=0.00s
[369.932s][info ][safepoint    ] Leaving safepoint region
[369.932s][info ][safepoint    ] Total time for which application threads were stopped: 0.0043099 seconds, Stopping threads took: 0.0000279 seconds
[370.803s][info ][safepoint    ] Application time: 0.8710179 seconds
[370.803s][info ][safepoint    ] Entering safepoint region: GenCollectForAllocation
[370.803s][info ][gc,start     ] GC(432) Pause Young (Allocation Failure)
[370.803s][info ][gc,task      ] GC(432) Using 4 workers of 4 for evacuation
[370.807s][debug][gc,ref       ] GC(432) Skipped phase1 of Reference Processing due to unavailable references
[370.807s][debug][gc,ref       ] GC(432) Skipped phase3 of Reference Processing due to unavailable references
[370.807s][debug][gc,ref       ] GC(432) Skipped phase4 of Reference Processing due to unavailable references
[370.807s][debug][gc,age       ] GC(432) Desired survivor size 15400960 bytes, new threshold 6 (max threshold 6)
[370.807s][info ][gc,heap      ] GC(432) ParNew: 243905K->2912K(270976K)
[370.807s][info ][gc,heap      ] GC(432) CMS: 301957K->302034K(602112K)
[370.807s][info ][gc,metaspace ] GC(432) Metaspace: 57251K->57251K(1101824K)
[370.807s][info ][gc           ] GC(432) Pause Young (Allocation Failure) 533M->297M(852M) 3.902ms
[370.807s][info ][gc,cpu       ] GC(432) User=0.01s Sys=0.01s Real=0.00s
[370.807s][info ][safepoint    ] Leaving safepoint region
[370.807s][info ][safepoint    ] Total time for which application threads were stopped: 0.0040756 seconds, Stopping threads took: 0.0000428 seconds
[371.737s][info ][safepoint    ] Application time: 0.9292844 seconds
[371.737s][info ][safepoint    ] Entering safepoint region: GenCollectForAllocation
[371.737s][info ][gc,start     ] GC(433) Pause Young (Allocation Failure)
[371.737s][info ][gc,task      ] GC(433) Using 4 workers of 4 for evacuation
[371.743s][debug][gc,ref       ] GC(433) Skipped phase1 of Reference Processing due to unavailable references
[371.743s][debug][gc,ref       ] GC(433) Skipped phase2 of Reference Processing due to unavailable references
[371.743s][debug][gc,ref       ] GC(433) Skipped phase3 of Reference Processing due to unavailable references
[371.743s][debug][gc,ref       ] GC(433) Skipped phase4 of Reference Processing due to unavailable references
[371.744s][debug][gc,age       ] GC(433) Desired survivor size 15400960 bytes, new threshold 6 (max threshold 6)
[371.744s][info ][gc,heap      ] GC(433) ParNew: 243808K->3428K(270976K)
[371.744s][info ][gc,heap      ] GC(433) CMS: 302034K->302252K(602112K)
[371.744s][info ][gc,metaspace ] GC(433) Metaspace: 57251K->57251K(1101824K)
[371.744s][info ][gc           ] GC(433) Pause Young (Allocation Failure) 533M->298M(852M) 6.767ms
[371.744s][info ][gc,cpu       ] GC(433) User=0.02s Sys=0.00s Real=0.01s
[371.744s][info ][safepoint    ] Leaving safepoint region
[371.744s][info ][safepoint    ] Total time for which application threads were stopped: 0.0069675 seconds, Stopping threads took: 0.0000205 seconds
[372.608s][info ][safepoint    ] Application time: 0.8638335 seconds
[372.608s][info ][safepoint    ] Entering safepoint region: GenCollectForAllocation
[372.608s][info ][gc,start     ] GC(434) Pause Young (Allocation Failure)
[372.608s][info ][gc,task      ] GC(434) Using 4 workers of 4 for evacuation
[372.613s][debug][gc,ref       ] GC(434) Skipped phase1 of Reference Processing due to unavailable references
[372.613s][debug][gc,ref       ] GC(434) Skipped phase2 of Reference Processing due to unavailable references
[372.613s][debug][gc,ref       ] GC(434) Skipped phase3 of Reference Processing due to unavailable references
[372.613s][debug][gc,ref       ] GC(434) Skipped phase4 of Reference Processing due to unavailable references
[372.613s][debug][gc,age       ] GC(434) Desired survivor size 15400960 bytes, new threshold 6 (max threshold 6)
[372.613s][info ][gc,heap      ] GC(434) ParNew: 244324K->2671K(270976K)
[372.613s][info ][gc,heap      ] GC(434) CMS: 302252K->302327K(602112K)
[372.613s][info ][gc,metaspace ] GC(434) Metaspace: 57251K->57251K(1101824K)
[372.613s][info ][gc           ] GC(434) Pause Young (Allocation Failure) 533M->297M(852M) 5.186ms
[372.613s][info ][gc,cpu       ] GC(434) User=0.02s Sys=0.00s Real=0.00s
[372.613s][info ][safepoint    ] Leaving safepoint region
[372.613s][info ][safepoint    ] Total time for which application threads were stopped: 0.0053302 seconds, Stopping threads took: 0.0000146 seconds
[373.432s][info ][safepoint    ] Application time: 0.8190269 seconds
[373.432s][info ][safepoint    ] Entering safepoint region: GenCollectForAllocation
[373.432s][info ][gc,start     ] GC(435) Pause Young (Allocation Failure)
[373.432s][info ][gc,task      ] GC(435) Using 4 workers of 4 for evacuation
[373.436s][debug][gc,ref       ] GC(435) Skipped phase1 of Reference Processing due to unavailable references
[373.436s][debug][gc,ref       ] GC(435) Skipped phase2 of Reference Processing due to unavailable references
[373.436s][debug][gc,ref       ] GC(435) Skipped phase3 of Reference Processing due to unavailable references
[373.436s][debug][gc,ref       ] GC(435) Skipped phase4 of Reference Processing due to unavailable references
[373.436s][debug][gc,age       ] GC(435) Desired survivor size 15400960 bytes, new threshold 6 (max threshold 6)
[373.436s][info ][gc,heap      ] GC(435) ParNew: 243567K->3126K(270976K)
[373.436s][info ][gc,heap      ] GC(435) CMS: 302327K->302341K(602112K)
[373.436s][info ][gc,metaspace ] GC(435) Metaspace: 57251K->57251K(1101824K)
[373.436s][info ][gc           ] GC(435) Pause Young (Allocation Failure) 533M->298M(852M) 4.182ms
[373.436s][info ][gc,cpu       ] GC(435) User=0.02s Sys=0.00s Real=0.01s
[373.436s][info ][safepoint    ] Leaving safepoint region
[373.436s][info ][safepoint    ] Total time for which application threads were stopped: 0.0043409 seconds, Stopping threads took: 0.0000152 seconds
[374.335s][info ][safepoint    ] Application time: 0.8983965 seconds
[374.335s][info ][safepoint    ] Entering safepoint region: GenCollectForAllocation
[374.335s][info ][gc,start     ] GC(436) Pause Young (Allocation Failure)
[374.335s][info ][gc,task      ] GC(436) Using 4 workers of 4 for evacuation
[374.343s][debug][gc,ref       ] GC(436) Skipped phase1 of Reference Processing due to unavailable references
[374.343s][debug][gc,ref       ] GC(436) Skipped phase2 of Reference Processing due to unavailable references
[374.343s][debug][gc,ref       ] GC(436) Skipped phase3 of Reference Processing due to unavailable references
[374.343s][debug][gc,ref       ] GC(436) Skipped phase4 of Reference Processing due to unavailable references
[374.344s][debug][gc,age       ] GC(436) Desired survivor size 15400960 bytes, new threshold 6 (max threshold 6)
[374.344s][info ][gc,heap      ] GC(436) ParNew: 244022K->3588K(270976K)
[374.344s][info ][gc,heap      ] GC(436) CMS: 302341K->302367K(602112K)
[374.344s][info ][gc,metaspace ] GC(436) Metaspace: 57251K->57251K(1101824K)
[374.344s][info ][gc           ] GC(436) Pause Young (Allocation Failure) 533M->298M(852M) 8.799ms
[374.344s][info ][gc,cpu       ] GC(436) User=0.01s Sys=0.00s Real=0.02s
[374.344s][info ][safepoint    ] Leaving safepoint region
[374.344s][info ][safepoint    ] Total time for which application threads were stopped: 0.0089605 seconds, Stopping threads took: 0.0000152 seconds
[375.255s][info ][safepoint    ] Application time: 0.9109625 seconds
[375.255s][info ][safepoint    ] Entering safepoint region: GenCollectForAllocation
[375.255s][info ][gc,start     ] GC(437) Pause Young (Allocation Failure)
[375.255s][info ][gc,task      ] GC(437) Using 4 workers of 4 for evacuation
[375.259s][debug][gc,ref       ] GC(437) Skipped phase1 of Reference Processing due to unavailable references
[375.259s][debug][gc,ref       ] GC(437) Skipped phase2 of Reference Processing due to unavailable references
[375.259s][debug][gc,ref       ] GC(437) Skipped phase3 of Reference Processing due to unavailable references
[375.259s][debug][gc,ref       ] GC(437) Skipped phase4 of Reference Processing due to unavailable references
[375.259s][debug][gc,age       ] GC(437) Desired survivor size 15400960 bytes, new threshold 6 (max threshold 6)
[375.259s][info ][gc,heap      ] GC(437) ParNew: 244484K->3246K(270976K)
[375.259s][info ][gc,heap      ] GC(437) CMS: 302367K->302605K(602112K)
[375.259s][info ][gc,metaspace ] GC(437) Metaspace: 57251K->57251K(1101824K)
[375.259s][info ][gc           ] GC(437) Pause Young (Allocation Failure) 534M->298M(852M) 4.047ms
[375.259s][info ][gc,cpu       ] GC(437) User=0.02s Sys=0.00s Real=0.01s
[375.259s][info ][safepoint    ] Leaving safepoint region
[375.259s][info ][safepoint    ] Total time for which application threads were stopped: 0.0041922 seconds, Stopping threads took: 0.0000143 seconds
[376.138s][info ][safepoint    ] Application time: 0.8787617 seconds
[376.138s][info ][safepoint    ] Entering safepoint region: GenCollectForAllocation
[376.138s][info ][gc,start     ] GC(438) Pause Young (Allocation Failure)
[376.138s][info ][gc,task      ] GC(438) Using 4 workers of 4 for evacuation
[376.143s][debug][gc,ref       ] GC(438) Skipped phase1 of Reference Processing due to unavailable references
[376.143s][debug][gc,ref       ] GC(438) Skipped phase2 of Reference Processing due to unavailable references
[376.143s][debug][gc,ref       ] GC(438) Skipped phase3 of Reference Processing due to unavailable references
[376.143s][debug][gc,ref       ] GC(438) Skipped phase4 of Reference Processing due to unavailable references
[376.143s][debug][gc,age       ] GC(438) Desired survivor size 15400960 bytes, new threshold 6 (max threshold 6)
[376.143s][info ][gc,heap      ] GC(438) ParNew: 244142K->2892K(270976K)
[376.143s][info ][gc,heap      ] GC(438) CMS: 302605K->302635K(602112K)
[376.143s][info ][gc,metaspace ] GC(438) Metaspace: 57251K->57251K(1101824K)
[376.143s][info ][gc           ] GC(438) Pause Young (Allocation Failure) 533M->298M(852M) 5.438ms
[376.143s][info ][gc,cpu       ] GC(438) User=0.02s Sys=0.00s Real=0.00s
[376.143s][info ][safepoint    ] Leaving safepoint region
[376.143s][info ][safepoint    ] Total time for which application threads were stopped: 0.0055760 seconds, Stopping threads took: 0.0000139 seconds
[377.052s][info ][safepoint    ] Application time: 0.9086600 seconds
[377.052s][info ][safepoint    ] Entering safepoint region: GenCollectForAllocation
[377.052s][info ][gc,start     ] GC(439) Pause Young (Allocation Failure)
[377.052s][info ][gc,task      ] GC(439) Using 4 workers of 4 for evacuation
[377.056s][debug][gc,ref       ] GC(439) Skipped phase1 of Reference Processing due to unavailable references
[377.056s][debug][gc,ref       ] GC(439) Skipped phase2 of Reference Processing due to unavailable references
[377.056s][debug][gc,ref       ] GC(439) Skipped phase3 of Reference Processing due to unavailable references
[377.056s][debug][gc,ref       ] GC(439) Skipped phase4 of Reference Processing due to unavailable references
[377.056s][debug][gc,age       ] GC(439) Desired survivor size 15400960 bytes, new threshold 6 (max threshold 6)
[377.056s][info ][gc,heap      ] GC(439) ParNew: 243788K->3274K(270976K)
[377.056s][info ][gc,heap      ] GC(439) CMS: 302635K->302718K(602112K)
[377.056s][info ][gc,metaspace ] GC(439) Metaspace: 57251K->57251K(1101824K)
[377.056s][info ][gc           ] GC(439) Pause Young (Allocation Failure) 533M->298M(852M) 4.135ms
[377.056s][info ][gc,cpu       ] GC(439) User=0.01s Sys=0.00s Real=0.01s
[377.056s][info ][safepoint    ] Leaving safepoint region
[377.056s][info ][safepoint    ] Total time for which application threads were stopped: 0.0042703 seconds, Stopping threads took: 0.0000139 seconds
[377.993s][info ][safepoint    ] Application time: 0.9362746 seconds
[377.993s][info ][safepoint    ] Entering safepoint region: GenCollectForAllocation
[377.993s][info ][gc,start     ] GC(440) Pause Young (Allocation Failure)
[377.993s][info ][gc,task      ] GC(440) Using 4 workers of 4 for evacuation
[377.997s][debug][gc,ref       ] GC(440) Skipped phase1 of Reference Processing due to unavailable references
[377.997s][debug][gc,ref       ] GC(440) Skipped phase2 of Reference Processing due to unavailable references
[377.997s][debug][gc,ref       ] GC(440) Skipped phase3 of Reference Processing due to unavailable references
[377.997s][debug][gc,ref       ] GC(440) Skipped phase4 of Reference Processing due to unavailable references
[377.997s][debug][gc,age       ] GC(440) Desired survivor size 15400960 bytes, new threshold 6 (max threshold 6)
[377.997s][info ][gc,heap      ] GC(440) ParNew: 244170K->3464K(270976K)
[377.997s][info ][gc,heap      ] GC(440) CMS: 302718K->302807K(602112K)
[377.997s][info ][gc,metaspace ] GC(440) Metaspace: 57252K->57252K(1101824K)
[377.997s][info ][gc           ] GC(440) Pause Young (Allocation Failure) 534M->299M(852M) 4.488ms
[377.997s][info ][gc,cpu       ] GC(440) User=0.02s Sys=0.00s Real=0.01s
[377.997s][info ][safepoint    ] Leaving safepoint region
[377.997s][info ][safepoint    ] Total time for which application threads were stopped: 0.0046369 seconds, Stopping threads took: 0.0000154 seconds
[379.079s][info ][safepoint    ] Application time: 1.0819413 seconds
[379.079s][info ][safepoint    ] Entering safepoint region: GenCollectForAllocation
[379.079s][info ][gc,start     ] GC(441) Pause Young (Allocation Failure)
[379.079s][info ][gc,task      ] GC(441) Using 4 workers of 4 for evacuation
[379.083s][debug][gc,ref       ] GC(441) Skipped phase1 of Reference Processing due to unavailable references
[379.083s][debug][gc,ref       ] GC(441) Skipped phase2 of Reference Processing due to unavailable references
[379.083s][debug][gc,ref       ] GC(441) Skipped phase3 of Reference Processing due to unavailable references
[379.083s][debug][gc,ref       ] GC(441) Skipped phase4 of Reference Processing due to unavailable references
[379.084s][debug][gc,age       ] GC(441) Desired survivor size 15400960 bytes, new threshold 6 (max threshold 6)
[379.084s][info ][gc,heap      ] GC(441) ParNew: 244360K->2586K(270976K)
[379.084s][info ][gc,heap      ] GC(441) CMS: 302807K->302903K(602112K)
[379.084s][info ][gc,metaspace ] GC(441) Metaspace: 57252K->57252K(1101824K)
[379.084s][info ][gc           ] GC(441) Pause Young (Allocation Failure) 534M->298M(852M) 4.328ms
[379.084s][info ][gc,cpu       ] GC(441) User=0.01s Sys=0.00s Real=0.01s
[379.084s][info ][safepoint    ] Leaving safepoint region
[379.084s][info ][safepoint    ] Total time for which application threads were stopped: 0.0044672 seconds, Stopping threads took: 0.0000136 seconds
[380.034s][info ][safepoint    ] Application time: 0.9506833 seconds
[380.034s][info ][safepoint    ] Entering safepoint region: GenCollectForAllocation
[380.035s][info ][gc,start     ] GC(442) Pause Young (Allocation Failure)
[380.035s][info ][gc,task      ] GC(442) Using 4 workers of 4 for evacuation
[380.039s][debug][gc,ref       ] GC(442) Skipped phase1 of Reference Processing due to unavailable references
[380.039s][debug][gc,ref       ] GC(442) Skipped phase2 of Reference Processing due to unavailable references
[380.039s][debug][gc,ref       ] GC(442) Skipped phase3 of Reference Processing due to unavailable references
[380.039s][debug][gc,ref       ] GC(442) Skipped phase4 of Reference Processing due to unavailable references
[380.039s][debug][gc,age       ] GC(442) Desired survivor size 15400960 bytes, new threshold 6 (max threshold 6)
[380.039s][info ][gc,heap      ] GC(442) ParNew: 243482K->3609K(270976K)
[380.039s][info ][gc,heap      ] GC(442) CMS: 302903K->302979K(602112K)
[380.039s][info ][gc,metaspace ] GC(442) Metaspace: 57252K->57252K(1101824K)
[380.039s][info ][gc           ] GC(442) Pause Young (Allocation Failure) 533M->299M(852M) 4.353ms
[380.039s][info ][gc,cpu       ] GC(442) User=0.02s Sys=0.00s Real=0.01s
[380.039s][info ][safepoint    ] Leaving safepoint region
[380.039s][info ][safepoint    ] Total time for which application threads were stopped: 0.0045107 seconds, Stopping threads took: 0.0000162 seconds
[381.083s][info ][safepoint    ] Application time: 1.0437462 seconds
[381.083s][info ][safepoint    ] Entering safepoint region: GenCollectForAllocation
[381.083s][info ][gc,start     ] GC(443) Pause Young (Allocation Failure)
[381.083s][info ][gc,task      ] GC(443) Using 4 workers of 4 for evacuation
[381.087s][debug][gc,ref       ] GC(443) Skipped phase1 of Reference Processing due to unavailable references
[381.087s][debug][gc,ref       ] GC(443) Skipped phase2 of Reference Processing due to unavailable references
[381.087s][debug][gc,ref       ] GC(443) Skipped phase3 of Reference Processing due to unavailable references
[381.087s][debug][gc,ref       ] GC(443) Skipped phase4 of Reference Processing due to unavailable references
[381.088s][debug][gc,age       ] GC(443) Desired survivor size 15400960 bytes, new threshold 6 (max threshold 6)
[381.088s][info ][gc,heap      ] GC(443) ParNew: 244505K->2444K(270976K)
[381.088s][info ][gc,heap      ] GC(443) CMS: 302979K->302994K(602112K)
[381.088s][info ][gc,metaspace ] GC(443) Metaspace: 57253K->57253K(1101824K)
[381.088s][info ][gc           ] GC(443) Pause Young (Allocation Failure) 534M->298M(852M) 4.663ms
[381.088s][info ][gc,cpu       ] GC(443) User=0.02s Sys=0.00s Real=0.01s
[381.088s][info ][safepoint    ] Leaving safepoint region
[381.088s][info ][safepoint    ] Total time for which application threads were stopped: 0.0049150 seconds, Stopping threads took: 0.0000142 seconds
[382.034s][info ][safepoint    ] Application time: 0.9462089 seconds
[382.034s][info ][safepoint    ] Entering safepoint region: GenCollectForAllocation
[382.034s][info ][gc,start     ] GC(444) Pause Young (Allocation Failure)
[382.034s][info ][gc,task      ] GC(444) Using 4 workers of 4 for evacuation
[382.038s][debug][gc,ref       ] GC(444) Skipped phase1 of Reference Processing due to unavailable references
[382.038s][debug][gc,ref       ] GC(444) Skipped phase2 of Reference Processing due to unavailable references
[382.038s][debug][gc,ref       ] GC(444) Skipped phase3 of Reference Processing due to unavailable references
[382.038s][debug][gc,ref       ] GC(444) Skipped phase4 of Reference Processing due to unavailable references
[382.038s][debug][gc,age       ] GC(444) Desired survivor size 15400960 bytes, new threshold 6 (max threshold 6)
[382.038s][info ][gc,heap      ] GC(444) ParNew: 243340K->2516K(270976K)
[382.038s][info ][gc,heap      ] GC(444) CMS: 302994K->303212K(602112K)
[382.038s][info ][gc,metaspace ] GC(444) Metaspace: 57253K->57253K(1101824K)
[382.038s][info ][gc           ] GC(444) Pause Young (Allocation Failure) 533M->298M(852M) 4.423ms
[382.038s][info ][gc,cpu       ] GC(444) User=0.01s Sys=0.00s Real=0.01s
[382.038s][info ][safepoint    ] Leaving safepoint region
[382.038s][info ][safepoint    ] Total time for which application threads were stopped: 0.0045652 seconds, Stopping threads took: 0.0000136 seconds
[383.039s][info ][safepoint    ] Application time: 1.0000939 seconds
[383.039s][info ][safepoint    ] Entering safepoint region: Cleanup
[383.039s][info ][safepoint    ] Leaving safepoint region
[383.039s][info ][safepoint    ] Total time for which application threads were stopped: 0.0000794 seconds, Stopping threads took: 0.0000160 seconds
[383.085s][info ][safepoint    ] Application time: 0.0468421 seconds
[383.086s][info ][safepoint    ] Entering safepoint region: GenCollectForAllocation
[383.086s][info ][gc,start     ] GC(445) Pause Young (Allocation Failure)
[383.086s][info ][gc,task      ] GC(445) Using 4 workers of 4 for evacuation
[383.089s][debug][gc,ref       ] GC(445) Skipped phase1 of Reference Processing due to unavailable references
[383.089s][debug][gc,ref       ] GC(445) Skipped phase2 of Reference Processing due to unavailable references
[383.089s][debug][gc,ref       ] GC(445) Skipped phase3 of Reference Processing due to unavailable references
[383.089s][debug][gc,ref       ] GC(445) Skipped phase4 of Reference Processing due to unavailable references
[383.089s][debug][gc,age       ] GC(445) Desired survivor size 15400960 bytes, new threshold 6 (max threshold 6)
[383.089s][info ][gc,heap      ] GC(445) ParNew: 243412K->2632K(270976K)
[383.089s][info ][gc,heap      ] GC(445) CMS: 303212K->303224K(602112K)
[383.090s][info ][gc,metaspace ] GC(445) Metaspace: 57253K->57253K(1101824K)
[383.090s][info ][gc           ] GC(445) Pause Young (Allocation Failure) 533M->298M(852M) 3.885ms
[383.090s][info ][gc,cpu       ] GC(445) User=0.01s Sys=0.00s Real=0.00s
[383.090s][info ][safepoint    ] Leaving safepoint region
[383.090s][info ][safepoint    ] Total time for which application threads were stopped: 0.0040405 seconds, Stopping threads took: 0.0000143 seconds
[384.090s][info ][safepoint    ] Application time: 1.0001089 seconds
[384.090s][info ][safepoint    ] Entering safepoint region: Cleanup
[384.090s][info ][safepoint    ] Leaving safepoint region
[384.090s][info ][safepoint    ] Total time for which application threads were stopped: 0.0001261 seconds, Stopping threads took: 0.0000498 seconds
[384.139s][info ][safepoint    ] Application time: 0.0494039 seconds
[384.139s][info ][safepoint    ] Entering safepoint region: GenCollectForAllocation
[384.139s][info ][gc,start     ] GC(446) Pause Young (Allocation Failure)
[384.139s][info ][gc,task      ] GC(446) Using 4 workers of 4 for evacuation
[384.143s][debug][gc,ref       ] GC(446) Skipped phase1 of Reference Processing due to unavailable references
[384.143s][debug][gc,ref       ] GC(446) Skipped phase2 of Reference Processing due to unavailable references
[384.143s][debug][gc,ref       ] GC(446) Skipped phase3 of Reference Processing due to unavailable references
[384.143s][debug][gc,ref       ] GC(446) Skipped phase4 of Reference Processing due to unavailable references
[384.143s][debug][gc,age       ] GC(446) Desired survivor size 15400960 bytes, new threshold 6 (max threshold 6)
[384.143s][info ][gc,heap      ] GC(446) ParNew: 243528K->2846K(270976K)
[384.143s][info ][gc,heap      ] GC(446) CMS: 303224K->303306K(602112K)
[384.143s][info ][gc,metaspace ] GC(446) Metaspace: 57253K->57253K(1101824K)
[384.143s][info ][gc           ] GC(446) Pause Young (Allocation Failure) 533M->298M(852M) 3.985ms
[384.143s][info ][gc,cpu       ] GC(446) User=0.02s Sys=0.00s Real=0.00s
[384.143s][info ][safepoint    ] Leaving safepoint region
[384.143s][info ][safepoint    ] Total time for which application threads were stopped: 0.0041306 seconds, Stopping threads took: 0.0000154 seconds
[385.126s][info ][safepoint    ] Application time: 0.9821007 seconds
[385.126s][info ][safepoint    ] Entering safepoint region: GenCollectForAllocation
[385.126s][info ][gc,start     ] GC(447) Pause Young (Allocation Failure)
[385.126s][info ][gc,task      ] GC(447) Using 4 workers of 4 for evacuation
[385.129s][debug][gc,ref       ] GC(447) Skipped phase1 of Reference Processing due to unavailable references
[385.129s][debug][gc,ref       ] GC(447) Skipped phase2 of Reference Processing due to unavailable references
[385.129s][debug][gc,ref       ] GC(447) Skipped phase3 of Reference Processing due to unavailable references
[385.129s][debug][gc,ref       ] GC(447) Skipped phase4 of Reference Processing due to unavailable references
[385.130s][debug][gc,age       ] GC(447) Desired survivor size 15400960 bytes, new threshold 6 (max threshold 6)
[385.130s][info ][gc,heap      ] GC(447) ParNew: 243742K->3344K(270976K)
[385.130s][info ][gc,heap      ] GC(447) CMS: 303306K->303325K(602112K)
[385.130s][info ][gc,metaspace ] GC(447) Metaspace: 57253K->57253K(1101824K)
[385.130s][info ][gc           ] GC(447) Pause Young (Allocation Failure) 534M->299M(852M) 3.971ms
[385.130s][info ][gc,cpu       ] GC(447) User=0.02s Sys=0.00s Real=0.00s
[385.130s][info ][safepoint    ] Leaving safepoint region
[385.130s][info ][safepoint    ] Total time for which application threads were stopped: 0.0042206 seconds, Stopping threads took: 0.0000175 seconds
[386.130s][info ][safepoint    ] Application time: 1.0001111 seconds
[386.130s][info ][safepoint    ] Entering safepoint region: Cleanup
[386.130s][info ][safepoint    ] Leaving safepoint region
[386.130s][info ][safepoint    ] Total time for which application threads were stopped: 0.0001392 seconds, Stopping threads took: 0.0000632 seconds
[386.170s][info ][safepoint    ] Application time: 0.0402506 seconds
[386.170s][info ][safepoint    ] Entering safepoint region: GenCollectForAllocation
[386.170s][info ][gc,start     ] GC(448) Pause Young (Allocation Failure)
[386.170s][info ][gc,task      ] GC(448) Using 4 workers of 4 for evacuation
[386.174s][debug][gc,ref       ] GC(448) Skipped phase1 of Reference Processing due to unavailable references
[386.174s][debug][gc,ref       ] GC(448) Skipped phase2 of Reference Processing due to unavailable references
[386.174s][debug][gc,ref       ] GC(448) Skipped phase3 of Reference Processing due to unavailable references
[386.174s][debug][gc,ref       ] GC(448) Skipped phase4 of Reference Processing due to unavailable references
[386.175s][debug][gc,age       ] GC(448) Desired survivor size 15400960 bytes, new threshold 6 (max threshold 6)
[386.175s][info ][gc,heap      ] GC(448) ParNew: 244240K->3024K(270976K)
[386.175s][info ][gc,heap      ] GC(448) CMS: 303325K->303380K(602112K)
[386.175s][info ][gc,metaspace ] GC(448) Metaspace: 57253K->57253K(1101824K)
[386.175s][info ][gc           ] GC(448) Pause Young (Allocation Failure) 534M->299M(852M) 4.143ms
[386.175s][info ][gc,cpu       ] GC(448) User=0.02s Sys=0.00s Real=0.00s
[386.175s][info ][safepoint    ] Leaving safepoint region
[386.175s][info ][safepoint    ] Total time for which application threads were stopped: 0.0043000 seconds, Stopping threads took: 0.0000142 seconds
[387.175s][info ][safepoint    ] Application time: 1.0001649 seconds
[387.175s][info ][safepoint    ] Entering safepoint region: Cleanup
[387.175s][info ][safepoint    ] Leaving safepoint region
[387.175s][info ][safepoint    ] Total time for which application threads were stopped: 0.0001065 seconds, Stopping threads took: 0.0000344 seconds
[387.189s][info ][safepoint    ] Application time: 0.0143316 seconds
[387.189s][info ][safepoint    ] Entering safepoint region: GenCollectForAllocation
[387.189s][info ][gc,start     ] GC(449) Pause Young (Allocation Failure)
[387.189s][info ][gc,task      ] GC(449) Using 4 workers of 4 for evacuation
[387.193s][debug][gc,ref       ] GC(449) Skipped phase1 of Reference Processing due to unavailable references
[387.193s][debug][gc,ref       ] GC(449) Skipped phase2 of Reference Processing due to unavailable references
[387.193s][debug][gc,ref       ] GC(449) Skipped phase3 of Reference Processing due to unavailable references
[387.193s][debug][gc,ref       ] GC(449) Skipped phase4 of Reference Processing due to unavailable references
[387.193s][debug][gc,age       ] GC(449) Desired survivor size 15400960 bytes, new threshold 6 (max threshold 6)
[387.193s][info ][gc,heap      ] GC(449) ParNew: 243920K->3554K(270976K)
[387.193s][info ][gc,heap      ] GC(449) CMS: 303380K->303438K(602112K)
[387.193s][info ][gc,metaspace ] GC(449) Metaspace: 57254K->57254K(1101824K)
[387.193s][info ][gc           ] GC(449) Pause Young (Allocation Failure) 534M->299M(852M) 4.033ms
[387.193s][info ][gc,cpu       ] GC(449) User=0.02s Sys=0.00s Real=0.00s
[387.193s][info ][safepoint    ] Leaving safepoint region
[387.193s][info ][safepoint    ] Total time for which application threads were stopped: 0.0041767 seconds, Stopping threads took: 0.0000131 seconds
[388.194s][info ][safepoint    ] Application time: 1.0001103 seconds
[388.194s][info ][safepoint    ] Entering safepoint region: Cleanup
[388.194s][info ][safepoint    ] Leaving safepoint region
[388.194s][info ][safepoint    ] Total time for which application threads were stopped: 0.0000708 seconds, Stopping threads took: 0.0000138 seconds
[388.227s][info ][safepoint    ] Application time: 0.0328993 seconds
[388.227s][info ][safepoint    ] Entering safepoint region: GenCollectForAllocation
[388.227s][info ][gc,start     ] GC(450) Pause Young (Allocation Failure)
[388.227s][info ][gc,task      ] GC(450) Using 4 workers of 4 for evacuation
[388.231s][debug][gc,ref       ] GC(450) Skipped phase1 of Reference Processing due to unavailable references
[388.231s][debug][gc,ref       ] GC(450) Skipped phase2 of Reference Processing due to unavailable references
[388.231s][debug][gc,ref       ] GC(450) Skipped phase3 of Reference Processing due to unavailable references
[388.231s][debug][gc,ref       ] GC(450) Skipped phase4 of Reference Processing due to unavailable references
[388.231s][debug][gc,age       ] GC(450) Desired survivor size 15400960 bytes, new threshold 6 (max threshold 6)
[388.231s][info ][gc,heap      ] GC(450) ParNew: 244450K->2185K(270976K)
[388.231s][info ][gc,heap      ] GC(450) CMS: 303438K->303587K(602112K)
[388.231s][info ][gc,metaspace ] GC(450) Metaspace: 57265K->57265K(1101824K)
[388.231s][info ][gc           ] GC(450) Pause Young (Allocation Failure) 535M->298M(852M) 4.513ms
[388.231s][info ][gc,cpu       ] GC(450) User=0.01s Sys=0.00s Real=0.00s
[388.231s][info ][safepoint    ] Leaving safepoint region
[388.231s][info ][safepoint    ] Total time for which application threads were stopped: 0.0046829 seconds, Stopping threads took: 0.0000140 seconds
[389.231s][info ][safepoint    ] Application time: 1.0001388 seconds
[389.232s][info ][safepoint    ] Entering safepoint region: Cleanup
[389.232s][info ][safepoint    ] Leaving safepoint region
[389.232s][info ][safepoint    ] Total time for which application threads were stopped: 0.0001161 seconds, Stopping threads took: 0.0000468 seconds
[389.281s][info ][safepoint    ] Application time: 0.0494124 seconds
[389.281s][info ][safepoint    ] Entering safepoint region: GenCollectForAllocation
[389.281s][info ][gc,start     ] GC(451) Pause Young (Allocation Failure)
[389.281s][info ][gc,task      ] GC(451) Using 4 workers of 4 for evacuation
[389.285s][debug][gc,ref       ] GC(451) Skipped phase1 of Reference Processing due to unavailable references
[389.285s][debug][gc,ref       ] GC(451) Skipped phase2 of Reference Processing due to unavailable references
[389.285s][debug][gc,ref       ] GC(451) Skipped phase3 of Reference Processing due to unavailable references
[389.285s][debug][gc,ref       ] GC(451) Skipped phase4 of Reference Processing due to unavailable references
[389.285s][debug][gc,age       ] GC(451) Desired survivor size 15400960 bytes, new threshold 6 (max threshold 6)
[389.285s][info ][gc,heap      ] GC(451) ParNew: 243081K->3072K(270976K)
[389.285s][info ][gc,heap      ] GC(451) CMS: 303587K->303743K(602112K)
[389.285s][info ][gc,metaspace ] GC(451) Metaspace: 57265K->57265K(1101824K)
[389.285s][info ][gc           ] GC(451) Pause Young (Allocation Failure) 533M->299M(852M) 4.176ms
[389.285s][info ][gc,cpu       ] GC(451) User=0.01s Sys=0.00s Real=0.01s
[389.285s][info ][safepoint    ] Leaving safepoint region
[389.285s][info ][safepoint    ] Total time for which application threads were stopped: 0.0043231 seconds, Stopping threads took: 0.0000142 seconds
[390.285s][info ][safepoint    ] Application time: 1.0000973 seconds
[390.286s][info ][safepoint    ] Entering safepoint region: Cleanup
[390.286s][info ][safepoint    ] Leaving safepoint region
[390.286s][info ][safepoint    ] Total time for which application threads were stopped: 0.0001420 seconds, Stopping threads took: 0.0000750 seconds
[390.310s][info ][safepoint    ] Application time: 0.0245890 seconds
[390.310s][info ][safepoint    ] Entering safepoint region: GenCollectForAllocation
[390.310s][info ][gc,start     ] GC(452) Pause Young (Allocation Failure)
[390.310s][info ][gc,task      ] GC(452) Using 4 workers of 4 for evacuation
[390.314s][debug][gc,ref       ] GC(452) Skipped phase1 of Reference Processing due to unavailable references
[390.314s][debug][gc,ref       ] GC(452) Skipped phase2 of Reference Processing due to unavailable references
[390.314s][debug][gc,ref       ] GC(452) Skipped phase3 of Reference Processing due to unavailable references
[390.314s][debug][gc,ref       ] GC(452) Skipped phase4 of Reference Processing due to unavailable references
[390.315s][debug][gc,age       ] GC(452) Desired survivor size 15400960 bytes, new threshold 6 (max threshold 6)
[390.315s][info ][gc,heap      ] GC(452) ParNew: 243968K->2930K(270976K)
[390.315s][info ][gc,heap      ] GC(452) CMS: 303743K->303785K(602112K)
[390.315s][info ][gc,metaspace ] GC(452) Metaspace: 57265K->57265K(1101824K)
[390.315s][info ][gc           ] GC(452) Pause Young (Allocation Failure) 534M->299M(852M) 4.228ms
[390.315s][info ][gc,cpu       ] GC(452) User=0.01s Sys=0.00s Real=0.00s
[390.315s][info ][safepoint    ] Leaving safepoint region
[390.315s][info ][safepoint    ] Total time for which application threads were stopped: 0.0044019 seconds, Stopping threads took: 0.0000240 seconds
[391.300s][info ][safepoint    ] Application time: 0.9857321 seconds
[391.300s][info ][safepoint    ] Entering safepoint region: GenCollectForAllocation
[391.301s][info ][gc,start     ] GC(453) Pause Young (Allocation Failure)
[391.301s][info ][gc,task      ] GC(453) Using 4 workers of 4 for evacuation
[391.305s][debug][gc,ref       ] GC(453) Skipped phase1 of Reference Processing due to unavailable references
[391.305s][debug][gc,ref       ] GC(453) Skipped phase2 of Reference Processing due to unavailable references
[391.305s][debug][gc,ref       ] GC(453) Skipped phase3 of Reference Processing due to unavailable references
[391.305s][debug][gc,ref       ] GC(453) Skipped phase4 of Reference Processing due to unavailable references
[391.305s][debug][gc,age       ] GC(453) Desired survivor size 15400960 bytes, new threshold 6 (max threshold 6)
[391.305s][info ][gc,heap      ] GC(453) ParNew: 243811K->3144K(270976K)
[391.305s][info ][gc,heap      ] GC(453) CMS: 303785K->303811K(602112K)
[391.305s][info ][gc,metaspace ] GC(453) Metaspace: 57265K->57265K(1101824K)
[391.305s][info ][gc           ] GC(453) Pause Young (Allocation Failure) 534M->299M(852M) 4.282ms
[391.305s][info ][gc,cpu       ] GC(453) User=0.01s Sys=0.00s Real=0.01s
[391.305s][info ][safepoint    ] Leaving safepoint region
[391.305s][info ][safepoint    ] Total time for which application threads were stopped: 0.0044185 seconds, Stopping threads took: 0.0000125 seconds
[392.305s][info ][safepoint    ] Application time: 1.0002146 seconds
[392.305s][info ][safepoint    ] Entering safepoint region: Cleanup
[392.305s][info ][safepoint    ] Leaving safepoint region
[392.305s][info ][safepoint    ] Total time for which application threads were stopped: 0.0001272 seconds, Stopping threads took: 0.0000528 seconds
[392.371s][info ][safepoint    ] Application time: 0.0659316 seconds
[392.371s][info ][safepoint    ] Entering safepoint region: GenCollectForAllocation
[392.371s][info ][gc,start     ] GC(454) Pause Young (Allocation Failure)
[392.371s][info ][gc,task      ] GC(454) Using 4 workers of 4 for evacuation
[392.375s][debug][gc,ref       ] GC(454) Skipped phase1 of Reference Processing due to unavailable references
[392.375s][debug][gc,ref       ] GC(454) Skipped phase2 of Reference Processing due to unavailable references
[392.375s][debug][gc,ref       ] GC(454) Skipped phase3 of Reference Processing due to unavailable references
[392.375s][debug][gc,ref       ] GC(454) Skipped phase4 of Reference Processing due to unavailable references
[392.375s][debug][gc,age       ] GC(454) Desired survivor size 15400960 bytes, new threshold 6 (max threshold 6)
[392.375s][info ][gc,heap      ] GC(454) ParNew: 244040K->3753K(270976K)
[392.375s][info ][gc,heap      ] GC(454) CMS: 303811K->303818K(602112K)
[392.375s][info ][gc,metaspace ] GC(454) Metaspace: 57265K->57265K(1101824K)
[392.375s][info ][gc           ] GC(454) Pause Young (Allocation Failure) 535M->300M(852M) 3.817ms
[392.375s][info ][gc,cpu       ] GC(454) User=0.01s Sys=0.00s Real=0.00s
[392.375s][info ][safepoint    ] Leaving safepoint region
[392.375s][info ][safepoint    ] Total time for which application threads were stopped: 0.0039733 seconds, Stopping threads took: 0.0000154 seconds
[393.375s][info ][safepoint    ] Application time: 1.0001015 seconds
[393.375s][info ][safepoint    ] Entering safepoint region: Cleanup
[393.376s][info ][safepoint    ] Leaving safepoint region
[393.376s][info ][safepoint    ] Total time for which application threads were stopped: 0.0002207 seconds, Stopping threads took: 0.0001477 seconds
[393.382s][info ][safepoint    ] Application time: 0.0062639 seconds
[393.382s][info ][safepoint    ] Entering safepoint region: GenCollectForAllocation
[393.382s][info ][gc,start     ] GC(455) Pause Young (Allocation Failure)
[393.382s][info ][gc,task      ] GC(455) Using 4 workers of 4 for evacuation
[393.386s][debug][gc,ref       ] GC(455) Skipped phase1 of Reference Processing due to unavailable references
[393.386s][debug][gc,ref       ] GC(455) Skipped phase2 of Reference Processing due to unavailable references
[393.386s][debug][gc,ref       ] GC(455) Skipped phase3 of Reference Processing due to unavailable references
[393.386s][debug][gc,ref       ] GC(455) Skipped phase4 of Reference Processing due to unavailable references
[393.386s][debug][gc,age       ] GC(455) Desired survivor size 15400960 bytes, new threshold 6 (max threshold 6)
[393.386s][info ][gc,heap      ] GC(455) ParNew: 244649K->3359K(270976K)
[393.386s][info ][gc,heap      ] GC(455) CMS: 303818K->303853K(602112K)
[393.386s][info ][gc,metaspace ] GC(455) Metaspace: 57265K->57265K(1101824K)
[393.386s][info ][gc           ] GC(455) Pause Young (Allocation Failure) 535M->300M(852M) 3.883ms
[393.386s][info ][gc,cpu       ] GC(455) User=0.02s Sys=0.00s Real=0.01s
[393.386s][info ][safepoint    ] Leaving safepoint region
[393.386s][info ][safepoint    ] Total time for which application threads were stopped: 0.0040060 seconds, Stopping threads took: 0.0000125 seconds
[394.386s][info ][safepoint    ] Application time: 1.0000830 seconds
[394.386s][info ][safepoint    ] Entering safepoint region: Cleanup
[394.386s][info ][safepoint    ] Leaving safepoint region
[394.386s][info ][safepoint    ] Total time for which application threads were stopped: 0.0001400 seconds, Stopping threads took: 0.0000750 seconds
[394.415s][info ][safepoint    ] Application time: 0.0284973 seconds
[394.415s][info ][safepoint    ] Entering safepoint region: GenCollectForAllocation
[394.415s][info ][gc,start     ] GC(456) Pause Young (Allocation Failure)
[394.415s][info ][gc,task      ] GC(456) Using 4 workers of 4 for evacuation
[394.418s][debug][gc,ref       ] GC(456) Skipped phase1 of Reference Processing due to unavailable references
[394.418s][debug][gc,ref       ] GC(456) Skipped phase2 of Reference Processing due to unavailable references
[394.418s][debug][gc,ref       ] GC(456) Skipped phase3 of Reference Processing due to unavailable references
[394.418s][debug][gc,ref       ] GC(456) Skipped phase4 of Reference Processing due to unavailable references
[394.419s][debug][gc,age       ] GC(456) Desired survivor size 15400960 bytes, new threshold 6 (max threshold 6)
[394.419s][info ][gc,heap      ] GC(456) ParNew: 244255K->3339K(270976K)
[394.419s][info ][gc,heap      ] GC(456) CMS: 303853K->303863K(602112K)
[394.419s][info ][gc,metaspace ] GC(456) Metaspace: 57266K->57266K(1101824K)
[394.419s][info ][gc           ] GC(456) Pause Young (Allocation Failure) 535M->300M(852M) 3.883ms
[394.419s][info ][gc,cpu       ] GC(456) User=0.02s Sys=0.00s Real=0.01s
[394.419s][info ][safepoint    ] Leaving safepoint region
[394.419s][info ][safepoint    ] Total time for which application threads were stopped: 0.0040384 seconds, Stopping threads took: 0.0000142 seconds
[395.419s][info ][safepoint    ] Application time: 1.0000865 seconds
[395.419s][info ][safepoint    ] Entering safepoint region: Cleanup
[395.419s][info ][safepoint    ] Leaving safepoint region
[395.419s][info ][safepoint    ] Total time for which application threads were stopped: 0.0001471 seconds, Stopping threads took: 0.0000690 seconds
[395.425s][info ][safepoint    ] Application time: 0.0060972 seconds
[395.425s][info ][safepoint    ] Entering safepoint region: GenCollectForAllocation
[395.425s][info ][gc,start     ] GC(457) Pause Young (Allocation Failure)
[395.425s][info ][gc,task      ] GC(457) Using 4 workers of 4 for evacuation
[395.429s][debug][gc,ref       ] GC(457) Skipped phase1 of Reference Processing due to unavailable references
[395.429s][debug][gc,ref       ] GC(457) Skipped phase2 of Reference Processing due to unavailable references
[395.429s][debug][gc,ref       ] GC(457) Skipped phase3 of Reference Processing due to unavailable references
[395.429s][debug][gc,ref       ] GC(457) Skipped phase4 of Reference Processing due to unavailable references
[395.430s][debug][gc,age       ] GC(457) Desired survivor size 15400960 bytes, new threshold 6 (max threshold 6)
[395.430s][info ][gc,heap      ] GC(457) ParNew: 244235K->4443K(270976K)
[395.430s][info ][gc,heap      ] GC(457) CMS: 303863K->303878K(602112K)
[395.430s][info ][gc,metaspace ] GC(457) Metaspace: 57273K->57273K(1101824K)
[395.430s][info ][gc           ] GC(457) Pause Young (Allocation Failure) 535M->301M(852M) 4.469ms
[395.430s][info ][gc,cpu       ] GC(457) User=0.01s Sys=0.01s Real=0.00s
[395.430s][info ][safepoint    ] Leaving safepoint region
[395.430s][info ][safepoint    ] Total time for which application threads were stopped: 0.0046002 seconds, Stopping threads took: 0.0000112 seconds
[396.430s][info ][safepoint    ] Application time: 1.0000958 seconds
[396.430s][info ][safepoint    ] Entering safepoint region: Cleanup
[396.430s][info ][safepoint    ] Leaving safepoint region
[396.430s][info ][safepoint    ] Total time for which application threads were stopped: 0.0001548 seconds, Stopping threads took: 0.0000743 seconds
[396.472s][info ][safepoint    ] Application time: 0.0422088 seconds
[396.472s][info ][safepoint    ] Entering safepoint region: GenCollectForAllocation
[396.472s][info ][gc,start     ] GC(458) Pause Young (Allocation Failure)
[396.472s][info ][gc,task      ] GC(458) Using 4 workers of 4 for evacuation
[396.477s][debug][gc,ref       ] GC(458) Skipped phase1 of Reference Processing due to unavailable references
[396.477s][debug][gc,ref       ] GC(458) Skipped phase2 of Reference Processing due to unavailable references
[396.477s][debug][gc,ref       ] GC(458) Skipped phase3 of Reference Processing due to unavailable references
[396.477s][debug][gc,ref       ] GC(458) Skipped phase4 of Reference Processing due to unavailable references
[396.477s][debug][gc,age       ] GC(458) Desired survivor size 15400960 bytes, new threshold 6 (max threshold 6)
[396.477s][info ][gc,heap      ] GC(458) ParNew: 245339K->3141K(270976K)
[396.477s][info ][gc,heap      ] GC(458) CMS: 303878K->304087K(602112K)
[396.477s][info ][gc,metaspace ] GC(458) Metaspace: 57273K->57273K(1101824K)
[396.477s][info ][gc           ] GC(458) Pause Young (Allocation Failure) 536M->300M(852M) 4.823ms
[396.477s][info ][gc,cpu       ] GC(458) User=0.02s Sys=0.00s Real=0.01s
[396.477s][info ][safepoint    ] Leaving safepoint region
[396.477s][info ][safepoint    ] Total time for which application threads were stopped: 0.0049663 seconds, Stopping threads took: 0.0000141 seconds
[397.477s][info ][safepoint    ] Application time: 1.0001054 seconds
[397.477s][info ][safepoint    ] Entering safepoint region: Cleanup
[397.477s][info ][safepoint    ] Leaving safepoint region
[397.477s][info ][safepoint    ] Total time for which application threads were stopped: 0.0001167 seconds, Stopping threads took: 0.0000468 seconds
[397.480s][info ][safepoint    ] Application time: 0.0029613 seconds
[397.480s][info ][safepoint    ] Entering safepoint region: GenCollectForAllocation
[397.481s][info ][gc,start     ] GC(459) Pause Young (Allocation Failure)
[397.481s][info ][gc,task      ] GC(459) Using 4 workers of 4 for evacuation
[397.485s][debug][gc,ref       ] GC(459) Skipped phase1 of Reference Processing due to unavailable references
[397.485s][debug][gc,ref       ] GC(459) Skipped phase2 of Reference Processing due to unavailable references
[397.485s][debug][gc,ref       ] GC(459) Skipped phase3 of Reference Processing due to unavailable references
[397.485s][debug][gc,ref       ] GC(459) Skipped phase4 of Reference Processing due to unavailable references
[397.485s][debug][gc,age       ] GC(459) Desired survivor size 15400960 bytes, new threshold 6 (max threshold 6)
[397.485s][info ][gc,heap      ] GC(459) ParNew: 244037K->3846K(270976K)
[397.485s][info ][gc,heap      ] GC(459) CMS: 304087K->304132K(602112K)
[397.485s][info ][gc,metaspace ] GC(459) Metaspace: 57273K->57273K(1101824K)
[397.485s][info ][gc           ] GC(459) Pause Young (Allocation Failure) 535M->300M(852M) 4.161ms
[397.485s][info ][gc,cpu       ] GC(459) User=0.01s Sys=0.00s Real=0.01s
[397.485s][info ][safepoint    ] Leaving safepoint region
[397.485s][info ][safepoint    ] Total time for which application threads were stopped: 0.0043177 seconds, Stopping threads took: 0.0000182 seconds
[398.485s][info ][safepoint    ] Application time: 1.0000998 seconds
[398.485s][info ][safepoint    ] Entering safepoint region: Cleanup
[398.485s][info ][safepoint    ] Leaving safepoint region
[398.485s][info ][safepoint    ] Total time for which application threads were stopped: 0.0001497 seconds, Stopping threads took: 0.0000570 seconds
[398.511s][info ][safepoint    ] Application time: 0.0256002 seconds
[398.511s][info ][safepoint    ] Entering safepoint region: GenCollectForAllocation
[398.511s][info ][gc,start     ] GC(460) Pause Young (Allocation Failure)
[398.511s][info ][gc,task      ] GC(460) Using 4 workers of 4 for evacuation
[398.515s][debug][gc,ref       ] GC(460) Skipped phase1 of Reference Processing due to unavailable references
[398.515s][debug][gc,ref       ] GC(460) Skipped phase2 of Reference Processing due to unavailable references
[398.515s][debug][gc,ref       ] GC(460) Skipped phase3 of Reference Processing due to unavailable references
[398.515s][debug][gc,ref       ] GC(460) Skipped phase4 of Reference Processing due to unavailable references
[398.515s][debug][gc,age       ] GC(460) Desired survivor size 15400960 bytes, new threshold 6 (max threshold 6)
[398.515s][info ][gc,heap      ] GC(460) ParNew: 244742K->2485K(270976K)
[398.515s][info ][gc,heap      ] GC(460) CMS: 304132K->304201K(602112K)
[398.515s][info ][gc,metaspace ] GC(460) Metaspace: 57273K->57273K(1101824K)
[398.515s][info ][gc           ] GC(460) Pause Young (Allocation Failure) 536M->299M(852M) 4.184ms
[398.515s][info ][gc,cpu       ] GC(460) User=0.01s Sys=0.00s Real=0.00s
[398.515s][info ][safepoint    ] Leaving safepoint region
[398.515s][info ][safepoint    ] Total time for which application threads were stopped: 0.0043428 seconds, Stopping threads took: 0.0000134 seconds
[399.515s][info ][safepoint    ] Application time: 1.0000817 seconds
[399.515s][info ][safepoint    ] Entering safepoint region: Cleanup
[399.515s][info ][safepoint    ] Leaving safepoint region
[399.515s][info ][safepoint    ] Total time for which application threads were stopped: 0.0001327 seconds, Stopping threads took: 0.0000666 seconds
[399.559s][info ][safepoint    ] Application time: 0.0436335 seconds
[399.559s][info ][safepoint    ] Entering safepoint region: GenCollectForAllocation
[399.559s][info ][gc,start     ] GC(461) Pause Young (Allocation Failure)
[399.559s][info ][gc,task      ] GC(461) Using 4 workers of 4 for evacuation
[399.563s][debug][gc,ref       ] GC(461) Skipped phase1 of Reference Processing due to unavailable references
[399.563s][debug][gc,ref       ] GC(461) Skipped phase2 of Reference Processing due to unavailable references
[399.563s][debug][gc,ref       ] GC(461) Skipped phase3 of Reference Processing due to unavailable references
[399.563s][debug][gc,ref       ] GC(461) Skipped phase4 of Reference Processing due to unavailable references
[399.564s][debug][gc,age       ] GC(461) Desired survivor size 15400960 bytes, new threshold 6 (max threshold 6)
[399.564s][info ][gc,heap      ] GC(461) ParNew: 243381K->3023K(270976K)
[399.564s][info ][gc,heap      ] GC(461) CMS: 304201K->304420K(602112K)
[399.564s][info ][gc,metaspace ] GC(461) Metaspace: 57273K->57273K(1101824K)
[399.564s][info ][gc           ] GC(461) Pause Young (Allocation Failure) 534M->300M(852M) 4.517ms
[399.564s][info ][gc,cpu       ] GC(461) User=0.01s Sys=0.01s Real=0.01s
[399.564s][info ][safepoint    ] Leaving safepoint region
[399.564s][info ][safepoint    ] Total time for which application threads were stopped: 0.0046843 seconds, Stopping threads took: 0.0000275 seconds
[400.470s][info ][safepoint    ] Application time: 0.9067699 seconds
[400.470s][info ][safepoint    ] Entering safepoint region: GenCollectForAllocation
[400.471s][info ][gc,start     ] GC(462) Pause Young (Allocation Failure)
[400.471s][info ][gc,task      ] GC(462) Using 4 workers of 4 for evacuation
[400.475s][debug][gc,ref       ] GC(462) Skipped phase1 of Reference Processing due to unavailable references
[400.475s][debug][gc,ref       ] GC(462) Skipped phase2 of Reference Processing due to unavailable references
[400.475s][debug][gc,ref       ] GC(462) Skipped phase3 of Reference Processing due to unavailable references
[400.475s][debug][gc,ref       ] GC(462) Skipped phase4 of Reference Processing due to unavailable references
[400.475s][debug][gc,age       ] GC(462) Desired survivor size 15400960 bytes, new threshold 6 (max threshold 6)
[400.475s][info ][gc,heap      ] GC(462) ParNew: 243919K->3449K(270976K)
[400.475s][info ][gc,heap      ] GC(462) CMS: 304420K->304436K(602112K)
[400.475s][info ][gc,metaspace ] GC(462) Metaspace: 57273K->57273K(1101824K)
[400.475s][info ][gc           ] GC(462) Pause Young (Allocation Failure) 535M->300M(852M) 4.233ms
[400.475s][info ][gc,cpu       ] GC(462) User=0.02s Sys=0.00s Real=0.00s
[400.475s][info ][safepoint    ] Leaving safepoint region
[400.475s][info ][safepoint    ] Total time for which application threads were stopped: 0.0044050 seconds, Stopping threads took: 0.0000250 seconds
[401.473s][info ][safepoint    ] Application time: 0.9980979 seconds
[401.473s][info ][safepoint    ] Entering safepoint region: GenCollectForAllocation
[401.473s][info ][gc,start     ] GC(463) Pause Young (Allocation Failure)
[401.473s][info ][gc,task      ] GC(463) Using 4 workers of 4 for evacuation
[401.477s][debug][gc,ref       ] GC(463) Skipped phase1 of Reference Processing due to unavailable references
[401.477s][debug][gc,ref       ] GC(463) Skipped phase2 of Reference Processing due to unavailable references
[401.477s][debug][gc,ref       ] GC(463) Skipped phase3 of Reference Processing due to unavailable references
[401.478s][debug][gc,ref       ] GC(463) Skipped phase4 of Reference Processing due to unavailable references
[401.478s][debug][gc,age       ] GC(463) Desired survivor size 15400960 bytes, new threshold 6 (max threshold 6)
[401.478s][info ][gc,heap      ] GC(463) ParNew: 244345K->3679K(270976K)
[401.478s][info ][gc,heap      ] GC(463) CMS: 304436K->304538K(602112K)
[401.478s][info ][gc,metaspace ] GC(463) Metaspace: 57273K->57273K(1101824K)
[401.478s][info ][gc           ] GC(463) Pause Young (Allocation Failure) 535M->300M(852M) 4.590ms
[401.478s][info ][gc,cpu       ] GC(463) User=0.01s Sys=0.00s Real=0.01s
[401.478s][info ][safepoint    ] Leaving safepoint region
[401.478s][info ][safepoint    ] Total time for which application threads were stopped: 0.0047519 seconds, Stopping threads took: 0.0000138 seconds
[402.478s][info ][safepoint    ] Application time: 1.0001400 seconds
[402.478s][info ][safepoint    ] Entering safepoint region: Cleanup
[402.478s][info ][safepoint    ] Leaving safepoint region
[402.478s][info ][safepoint    ] Total time for which application threads were stopped: 0.0001402 seconds, Stopping threads took: 0.0000707 seconds
[402.564s][info ][safepoint    ] Application time: 0.0860775 seconds
[402.564s][info ][safepoint    ] Entering safepoint region: GenCollectForAllocation
[402.564s][info ][gc,start     ] GC(464) Pause Young (Allocation Failure)
[402.564s][info ][gc,task      ] GC(464) Using 4 workers of 4 for evacuation
[402.568s][debug][gc,ref       ] GC(464) Skipped phase1 of Reference Processing due to unavailable references
[402.568s][debug][gc,ref       ] GC(464) Skipped phase2 of Reference Processing due to unavailable references
[402.568s][debug][gc,ref       ] GC(464) Skipped phase3 of Reference Processing due to unavailable references
[402.568s][debug][gc,ref       ] GC(464) Skipped phase4 of Reference Processing due to unavailable references
[402.569s][debug][gc,age       ] GC(464) Desired survivor size 15400960 bytes, new threshold 6 (max threshold 6)
[402.569s][info ][gc,heap      ] GC(464) ParNew: 244575K->2666K(270976K)
[402.569s][info ][gc,heap      ] GC(464) CMS: 304538K->304556K(602112K)
[402.569s][info ][gc,metaspace ] GC(464) Metaspace: 57273K->57273K(1101824K)
[402.569s][info ][gc           ] GC(464) Pause Young (Allocation Failure) 536M->300M(852M) 4.358ms
[402.569s][info ][gc,cpu       ] GC(464) User=0.01s Sys=0.00s Real=0.00s
[402.569s][info ][safepoint    ] Leaving safepoint region
[402.569s][info ][safepoint    ] Total time for which application threads were stopped: 0.0045167 seconds, Stopping threads took: 0.0000151 seconds
[403.569s][info ][safepoint    ] Application time: 1.0001687 seconds
[403.569s][info ][safepoint    ] Entering safepoint region: Cleanup
[403.569s][info ][safepoint    ] Leaving safepoint region
[403.569s][info ][safepoint    ] Total time for which application threads were stopped: 0.0001215 seconds, Stopping threads took: 0.0000511 seconds
[403.585s][info ][safepoint    ] Application time: 0.0163020 seconds
[403.585s][info ][safepoint    ] Entering safepoint region: GenCollectForAllocation
[403.585s][info ][gc,start     ] GC(465) Pause Young (Allocation Failure)
[403.585s][info ][gc,task      ] GC(465) Using 4 workers of 4 for evacuation
[403.589s][debug][gc,ref       ] GC(465) Skipped phase1 of Reference Processing due to unavailable references
[403.589s][debug][gc,ref       ] GC(465) Skipped phase2 of Reference Processing due to unavailable references
[403.589s][debug][gc,ref       ] GC(465) Skipped phase3 of Reference Processing due to unavailable references
[403.589s][debug][gc,ref       ] GC(465) Skipped phase4 of Reference Processing due to unavailable references
[403.590s][debug][gc,age       ] GC(465) Desired survivor size 15400960 bytes, new threshold 6 (max threshold 6)
[403.590s][info ][gc,heap      ] GC(465) ParNew: 243562K->3494K(270976K)
[403.590s][info ][gc,heap      ] GC(465) CMS: 304556K->304647K(602112K)
[403.590s][info ][gc,metaspace ] GC(465) Metaspace: 57273K->57273K(1101824K)
[403.590s][info ][gc           ] GC(465) Pause Young (Allocation Failure) 535M->300M(852M) 4.157ms
[403.590s][info ][gc,cpu       ] GC(465) User=0.01s Sys=0.00s Real=0.00s
[403.590s][info ][safepoint    ] Leaving safepoint region
[403.590s][info ][safepoint    ] Total time for which application threads were stopped: 0.0043198 seconds, Stopping threads took: 0.0000287 seconds
[404.590s][info ][safepoint    ] Application time: 1.0001630 seconds
[404.590s][info ][safepoint    ] Entering safepoint region: Cleanup
[404.590s][info ][safepoint    ] Leaving safepoint region
[404.590s][info ][safepoint    ] Total time for which application threads were stopped: 0.0001273 seconds, Stopping threads took: 0.0000523 seconds
[404.631s][info ][safepoint    ] Application time: 0.0414683 seconds
[404.632s][info ][safepoint    ] Entering safepoint region: GenCollectForAllocation
[404.632s][info ][gc,start     ] GC(466) Pause Young (Allocation Failure)
[404.632s][info ][gc,task      ] GC(466) Using 4 workers of 4 for evacuation
[404.636s][debug][gc,ref       ] GC(466) Skipped phase1 of Reference Processing due to unavailable references
[404.636s][debug][gc,ref       ] GC(466) Skipped phase2 of Reference Processing due to unavailable references
[404.636s][debug][gc,ref       ] GC(466) Skipped phase3 of Reference Processing due to unavailable references
[404.636s][debug][gc,ref       ] GC(466) Skipped phase4 of Reference Processing due to unavailable references
[404.636s][debug][gc,age       ] GC(466) Desired survivor size 15400960 bytes, new threshold 6 (max threshold 6)
[404.636s][info ][gc,heap      ] GC(466) ParNew: 244390K->3712K(270976K)
[404.636s][info ][gc,heap      ] GC(466) CMS: 304647K->304685K(602112K)
[404.636s][info ][gc,metaspace ] GC(466) Metaspace: 57273K->57273K(1101824K)
[404.636s][info ][gc           ] GC(466) Pause Young (Allocation Failure) 536M->301M(852M) 4.178ms
[404.636s][info ][gc,cpu       ] GC(466) User=0.02s Sys=0.00s Real=0.01s
[404.636s][info ][safepoint    ] Leaving safepoint region
[404.636s][info ][safepoint    ] Total time for which application threads were stopped: 0.0043678 seconds, Stopping threads took: 0.0000135 seconds
[405.636s][info ][safepoint    ] Application time: 1.0000868 seconds
[405.636s][info ][safepoint    ] Entering safepoint region: Cleanup
[405.636s][info ][safepoint    ] Leaving safepoint region
[405.636s][info ][safepoint    ] Total time for which application threads were stopped: 0.0000848 seconds, Stopping threads took: 0.0000140 seconds
[405.658s][info ][safepoint    ] Application time: 0.0217229 seconds
[405.658s][info ][safepoint    ] Entering safepoint region: GenCollectForAllocation
[405.658s][info ][gc,start     ] GC(467) Pause Young (Allocation Failure)
[405.658s][info ][gc,task      ] GC(467) Using 4 workers of 4 for evacuation
[405.662s][debug][gc,ref       ] GC(467) Skipped phase1 of Reference Processing due to unavailable references
[405.662s][debug][gc,ref       ] GC(467) Skipped phase2 of Reference Processing due to unavailable references
[405.662s][debug][gc,ref       ] GC(467) Skipped phase3 of Reference Processing due to unavailable references
[405.662s][debug][gc,ref       ] GC(467) Skipped phase4 of Reference Processing due to unavailable references
[405.662s][debug][gc,age       ] GC(467) Desired survivor size 15400960 bytes, new threshold 6 (max threshold 6)
[405.662s][info ][gc,heap      ] GC(467) ParNew: 244608K->2825K(270976K)
[405.662s][info ][gc,heap      ] GC(467) CMS: 304685K->304772K(602112K)
[405.662s][info ][gc,metaspace ] GC(467) Metaspace: 57274K->57274K(1101824K)
[405.662s][info ][gc           ] GC(467) Pause Young (Allocation Failure) 536M->300M(852M) 4.112ms
[405.662s][info ][gc,cpu       ] GC(467) User=0.01s Sys=0.00s Real=0.00s
[405.662s][info ][safepoint    ] Leaving safepoint region
[405.662s][info ][safepoint    ] Total time for which application threads were stopped: 0.0042582 seconds, Stopping threads took: 0.0000137 seconds
[406.639s][info ][safepoint    ] Application time: 0.9764601 seconds
[406.639s][info ][safepoint    ] Entering safepoint region: GenCollectForAllocation
[406.639s][info ][gc,start     ] GC(468) Pause Young (Allocation Failure)
[406.639s][info ][gc,task      ] GC(468) Using 4 workers of 4 for evacuation
[406.643s][debug][gc,ref       ] GC(468) Skipped phase1 of Reference Processing due to unavailable references
[406.643s][debug][gc,ref       ] GC(468) Skipped phase2 of Reference Processing due to unavailable references
[406.643s][debug][gc,ref       ] GC(468) Skipped phase3 of Reference Processing due to unavailable references
[406.643s][debug][gc,ref       ] GC(468) Skipped phase4 of Reference Processing due to unavailable references
[406.643s][debug][gc,age       ] GC(468) Desired survivor size 15400960 bytes, new threshold 6 (max threshold 6)
[406.643s][info ][gc,heap      ] GC(468) ParNew: 243721K->3759K(270976K)
[406.643s][info ][gc,heap      ] GC(468) CMS: 304772K->304845K(602112K)
[406.643s][info ][gc,metaspace ] GC(468) Metaspace: 57276K->57276K(1101824K)
[406.643s][info ][gc           ] GC(468) Pause Young (Allocation Failure) 535M->301M(852M) 4.184ms
[406.643s][info ][gc,cpu       ] GC(468) User=0.02s Sys=0.00s Real=0.00s
[406.643s][info ][safepoint    ] Leaving safepoint region
[406.643s][info ][safepoint    ] Total time for which application threads were stopped: 0.0043311 seconds, Stopping threads took: 0.0000140 seconds
[407.636s][info ][safepoint    ] Application time: 0.9929817 seconds
[407.636s][info ][safepoint    ] Entering safepoint region: GenCollectForAllocation
[407.636s][info ][gc,start     ] GC(469) Pause Young (Allocation Failure)
[407.636s][info ][gc,task      ] GC(469) Using 4 workers of 4 for evacuation
[407.640s][debug][gc,ref       ] GC(469) Skipped phase1 of Reference Processing due to unavailable references
[407.640s][debug][gc,ref       ] GC(469) Skipped phase2 of Reference Processing due to unavailable references
[407.640s][debug][gc,ref       ] GC(469) Skipped phase3 of Reference Processing due to unavailable references
[407.640s][debug][gc,ref       ] GC(469) Skipped phase4 of Reference Processing due to unavailable references
[407.640s][debug][gc,age       ] GC(469) Desired survivor size 15400960 bytes, new threshold 6 (max threshold 6)
[407.640s][info ][gc,heap      ] GC(469) ParNew: 244655K->3991K(270976K)
[407.640s][info ][gc,heap      ] GC(469) CMS: 304845K->304864K(602112K)
[407.640s][info ][gc,metaspace ] GC(469) Metaspace: 57276K->57276K(1101824K)
[407.640s][info ][gc           ] GC(469) Pause Young (Allocation Failure) 536M->301M(852M) 4.223ms
[407.640s][info ][gc,cpu       ] GC(469) User=0.02s Sys=0.00s Real=0.00s
[407.640s][info ][safepoint    ] Leaving safepoint region
[407.640s][info ][safepoint    ] Total time for which application threads were stopped: 0.0043771 seconds, Stopping threads took: 0.0000140 seconds
[408.640s][info ][safepoint    ] Application time: 1.0001053 seconds
[408.641s][info ][safepoint    ] Entering safepoint region: Cleanup
[408.641s][info ][safepoint    ] Leaving safepoint region
[408.641s][info ][safepoint    ] Total time for which application threads were stopped: 0.0001260 seconds, Stopping threads took: 0.0000612 seconds
[408.653s][info ][safepoint    ] Application time: 0.0126844 seconds
[408.653s][info ][safepoint    ] Entering safepoint region: GenCollectForAllocation
[408.653s][info ][gc,start     ] GC(470) Pause Young (Allocation Failure)
[408.654s][info ][gc,task      ] GC(470) Using 4 workers of 4 for evacuation
[408.658s][debug][gc,ref       ] GC(470) Skipped phase1 of Reference Processing due to unavailable references
[408.658s][debug][gc,ref       ] GC(470) Skipped phase2 of Reference Processing due to unavailable references
[408.658s][debug][gc,ref       ] GC(470) Skipped phase3 of Reference Processing due to unavailable references
[408.658s][debug][gc,ref       ] GC(470) Skipped phase4 of Reference Processing due to unavailable references
[408.658s][debug][gc,age       ] GC(470) Desired survivor size 15400960 bytes, new threshold 6 (max threshold 6)
[408.658s][info ][gc,heap      ] GC(470) ParNew: 244887K->3613K(270976K)
[408.658s][info ][gc,heap      ] GC(470) CMS: 304864K->304906K(602112K)
[408.658s][info ][gc,metaspace ] GC(470) Metaspace: 57276K->57276K(1101824K)
[408.658s][info ][gc           ] GC(470) Pause Young (Allocation Failure) 536M->301M(852M) 4.305ms
[408.658s][info ][gc,cpu       ] GC(470) User=0.02s Sys=0.00s Real=0.01s
[408.658s][info ][safepoint    ] Leaving safepoint region
[408.658s][info ][safepoint    ] Total time for which application threads were stopped: 0.0044905 seconds, Stopping threads took: 0.0000637 seconds
[409.563s][info ][safepoint    ] Application time: 0.9054843 seconds
[409.563s][info ][safepoint    ] Entering safepoint region: GenCollectForAllocation
[409.563s][info ][gc,start     ] GC(471) Pause Young (Allocation Failure)
[409.564s][info ][gc,task      ] GC(471) Using 4 workers of 4 for evacuation
[409.568s][debug][gc,ref       ] GC(471) Skipped phase1 of Reference Processing due to unavailable references
[409.568s][debug][gc,ref       ] GC(471) Skipped phase2 of Reference Processing due to unavailable references
[409.568s][debug][gc,ref       ] GC(471) Skipped phase3 of Reference Processing due to unavailable references
[409.568s][debug][gc,ref       ] GC(471) Skipped phase4 of Reference Processing due to unavailable references
[409.568s][debug][gc,age       ] GC(471) Desired survivor size 15400960 bytes, new threshold 6 (max threshold 6)
[409.568s][info ][gc,heap      ] GC(471) ParNew: 244509K->4224K(270976K)
[409.568s][info ][gc,heap      ] GC(471) CMS: 304906K->304911K(602112K)
[409.568s][info ][gc,metaspace ] GC(471) Metaspace: 57277K->57277K(1101824K)
[409.568s][info ][gc           ] GC(471) Pause Young (Allocation Failure) 536M->301M(852M) 4.553ms
[409.568s][info ][gc,cpu       ] GC(471) User=0.02s Sys=0.00s Real=0.00s
[409.568s][info ][safepoint    ] Leaving safepoint region
[409.568s][info ][safepoint    ] Total time for which application threads were stopped: 0.0047185 seconds, Stopping threads took: 0.0000141 seconds
[410.538s][info ][safepoint    ] Application time: 0.9701971 seconds
[410.538s][info ][safepoint    ] Entering safepoint region: GenCollectForAllocation
[410.538s][info ][gc,start     ] GC(472) Pause Young (Allocation Failure)
[410.538s][info ][gc,task      ] GC(472) Using 4 workers of 4 for evacuation
[410.543s][debug][gc,ref       ] GC(472) Skipped phase1 of Reference Processing due to unavailable references
[410.543s][debug][gc,ref       ] GC(472) Skipped phase2 of Reference Processing due to unavailable references
[410.543s][debug][gc,ref       ] GC(472) Skipped phase3 of Reference Processing due to unavailable references
[410.543s][debug][gc,ref       ] GC(472) Skipped phase4 of Reference Processing due to unavailable references
[410.543s][debug][gc,age       ] GC(472) Desired survivor size 15400960 bytes, new threshold 6 (max threshold 6)
[410.543s][info ][gc,heap      ] GC(472) ParNew: 245120K->3167K(270976K)
[410.543s][info ][gc,heap      ] GC(472) CMS: 304911K->304992K(602112K)
[410.543s][info ][gc,metaspace ] GC(472) Metaspace: 57283K->57283K(1101824K)
[410.543s][info ][gc           ] GC(472) Pause Young (Allocation Failure) 537M->300M(852M) 4.289ms
[410.543s][info ][gc,cpu       ] GC(472) User=0.02s Sys=0.00s Real=0.00s
[410.543s][info ][safepoint    ] Leaving safepoint region
[410.543s][info ][safepoint    ] Total time for which application threads were stopped: 0.0044318 seconds, Stopping threads took: 0.0000136 seconds
[411.527s][info ][safepoint    ] Application time: 0.9845655 seconds
[411.527s][info ][safepoint    ] Entering safepoint region: GenCollectForAllocation
[411.527s][info ][gc,start     ] GC(473) Pause Young (Allocation Failure)
[411.527s][info ][gc,task      ] GC(473) Using 4 workers of 4 for evacuation
[411.532s][debug][gc,ref       ] GC(473) Skipped phase1 of Reference Processing due to unavailable references
[411.532s][debug][gc,ref       ] GC(473) Skipped phase2 of Reference Processing due to unavailable references
[411.532s][debug][gc,ref       ] GC(473) Skipped phase3 of Reference Processing due to unavailable references
[411.532s][debug][gc,ref       ] GC(473) Skipped phase4 of Reference Processing due to unavailable references
[411.532s][debug][gc,age       ] GC(473) Desired survivor size 15400960 bytes, new threshold 6 (max threshold 6)
[411.532s][info ][gc,heap      ] GC(473) ParNew: 244063K->4145K(270976K)
[411.532s][info ][gc,heap      ] GC(473) CMS: 304992K->305067K(602112K)
[411.532s][info ][gc,metaspace ] GC(473) Metaspace: 57283K->57283K(1101824K)
[411.532s][info ][gc           ] GC(473) Pause Young (Allocation Failure) 536M->301M(852M) 4.521ms
[411.532s][info ][gc,cpu       ] GC(473) User=0.02s Sys=0.00s Real=0.00s
[411.532s][info ][safepoint    ] Leaving safepoint region
[411.532s][info ][safepoint    ] Total time for which application threads were stopped: 0.0046729 seconds, Stopping threads took: 0.0000141 seconds
[412.532s][info ][safepoint    ] Application time: 1.0000970 seconds
[412.532s][info ][safepoint    ] Entering safepoint region: Cleanup
[412.532s][info ][safepoint    ] Leaving safepoint region
[412.532s][info ][safepoint    ] Total time for which application threads were stopped: 0.0001550 seconds, Stopping threads took: 0.0000786 seconds
[412.567s][info ][safepoint    ] Application time: 0.0341862 seconds
[412.567s][info ][safepoint    ] Entering safepoint region: GenCollectForAllocation
[412.567s][info ][gc,start     ] GC(474) Pause Young (Allocation Failure)
[412.567s][info ][gc,task      ] GC(474) Using 4 workers of 4 for evacuation
[412.571s][debug][gc,ref       ] GC(474) Skipped phase1 of Reference Processing due to unavailable references
[412.571s][debug][gc,ref       ] GC(474) Skipped phase2 of Reference Processing due to unavailable references
[412.571s][debug][gc,ref       ] GC(474) Skipped phase3 of Reference Processing due to unavailable references
[412.571s][debug][gc,ref       ] GC(474) Skipped phase4 of Reference Processing due to unavailable references
[412.572s][debug][gc,age       ] GC(474) Desired survivor size 15400960 bytes, new threshold 6 (max threshold 6)
[412.572s][info ][gc,heap      ] GC(474) ParNew: 245041K->2803K(270976K)
[412.572s][info ][gc,heap      ] GC(474) CMS: 305067K->305304K(602112K)
[412.572s][info ][gc,metaspace ] GC(474) Metaspace: 57283K->57283K(1101824K)
[412.572s][info ][gc           ] GC(474) Pause Young (Allocation Failure) 537M->300M(852M) 4.972ms
[412.572s][info ][gc,cpu       ] GC(474) User=0.02s Sys=0.00s Real=0.00s
[412.572s][info ][safepoint    ] Leaving safepoint region
[412.572s][info ][safepoint    ] Total time for which application threads were stopped: 0.0051318 seconds, Stopping threads took: 0.0000151 seconds
[413.572s][info ][safepoint    ] Application time: 1.0001009 seconds
[413.572s][info ][safepoint    ] Entering safepoint region: Cleanup
[413.572s][info ][safepoint    ] Leaving safepoint region
[413.572s][info ][safepoint    ] Total time for which application threads were stopped: 0.0001736 seconds, Stopping threads took: 0.0000863 seconds
[413.621s][info ][safepoint    ] Application time: 0.0491391 seconds
[413.621s][info ][safepoint    ] Entering safepoint region: GenCollectForAllocation
[413.621s][info ][gc,start     ] GC(475) Pause Young (Allocation Failure)
[413.621s][info ][gc,task      ] GC(475) Using 4 workers of 4 for evacuation
[413.625s][debug][gc,ref       ] GC(475) Skipped phase1 of Reference Processing due to unavailable references
[413.625s][debug][gc,ref       ] GC(475) Skipped phase2 of Reference Processing due to unavailable references
[413.625s][debug][gc,ref       ] GC(475) Skipped phase3 of Reference Processing due to unavailable references
[413.625s][debug][gc,ref       ] GC(475) Skipped phase4 of Reference Processing due to unavailable references
[413.625s][debug][gc,age       ] GC(475) Desired survivor size 15400960 bytes, new threshold 6 (max threshold 6)
[413.625s][info ][gc,heap      ] GC(475) ParNew: 243699K->3382K(270976K)
[413.625s][info ][gc,heap      ] GC(475) CMS: 305304K->305319K(602112K)
[413.625s][info ][gc,metaspace ] GC(475) Metaspace: 57283K->57283K(1101824K)
[413.625s][info ][gc           ] GC(475) Pause Young (Allocation Failure) 536M->301M(852M) 4.139ms
[413.625s][info ][gc,cpu       ] GC(475) User=0.02s Sys=0.00s Real=0.01s
[413.625s][info ][safepoint    ] Leaving safepoint region
[413.625s][info ][safepoint    ] Total time for which application threads were stopped: 0.0042802 seconds, Stopping threads took: 0.0000137 seconds
[414.609s][info ][safepoint    ] Application time: 0.9837911 seconds
[414.609s][info ][safepoint    ] Entering safepoint region: GenCollectForAllocation
[414.609s][info ][gc,start     ] GC(476) Pause Young (Allocation Failure)
[414.609s][info ][gc,task      ] GC(476) Using 4 workers of 4 for evacuation
[414.614s][debug][gc,ref       ] GC(476) Skipped phase1 of Reference Processing due to unavailable references
[414.614s][debug][gc,ref       ] GC(476) Skipped phase2 of Reference Processing due to unavailable references
[414.614s][debug][gc,ref       ] GC(476) Skipped phase3 of Reference Processing due to unavailable references
[414.614s][debug][gc,ref       ] GC(476) Skipped phase4 of Reference Processing due to unavailable references
[414.614s][debug][gc,age       ] GC(476) Desired survivor size 15400960 bytes, new threshold 6 (max threshold 6)
[414.614s][info ][gc,heap      ] GC(476) ParNew: 244278K->2580K(270976K)
[414.614s][info ][gc,heap      ] GC(476) CMS: 305319K->305392K(602112K)
[414.614s][info ][gc,metaspace ] GC(476) Metaspace: 57283K->57283K(1101824K)
[414.614s][info ][gc           ] GC(476) Pause Young (Allocation Failure) 536M->300M(852M) 4.860ms
[414.614s][info ][gc,cpu       ] GC(476) User=0.02s Sys=0.00s Real=0.00s
[414.614s][info ][safepoint    ] Leaving safepoint region
[414.614s][info ][safepoint    ] Total time for which application threads were stopped: 0.0050046 seconds, Stopping threads took: 0.0000135 seconds
[415.553s][info ][safepoint    ] Application time: 0.9388763 seconds
[415.553s][info ][safepoint    ] Entering safepoint region: GenCollectForAllocation
[415.553s][info ][gc,start     ] GC(477) Pause Young (Allocation Failure)
[415.553s][info ][gc,task      ] GC(477) Using 4 workers of 4 for evacuation
[415.557s][debug][gc,ref       ] GC(477) Skipped phase1 of Reference Processing due to unavailable references
[415.557s][debug][gc,ref       ] GC(477) Skipped phase2 of Reference Processing due to unavailable references
[415.557s][debug][gc,ref       ] GC(477) Skipped phase3 of Reference Processing due to unavailable references
[415.557s][debug][gc,ref       ] GC(477) Skipped phase4 of Reference Processing due to unavailable references
[415.557s][debug][gc,age       ] GC(477) Desired survivor size 15400960 bytes, new threshold 6 (max threshold 6)
[415.557s][info ][gc,heap      ] GC(477) ParNew: 243476K->3596K(270976K)
[415.557s][info ][gc,heap      ] GC(477) CMS: 305392K->305414K(602112K)
[415.557s][info ][gc,metaspace ] GC(477) Metaspace: 57284K->57284K(1101824K)
[415.557s][info ][gc           ] GC(477) Pause Young (Allocation Failure) 536M->301M(852M) 4.101ms
[415.557s][info ][gc,cpu       ] GC(477) User=0.01s Sys=0.00s Real=0.01s
[415.557s][info ][safepoint    ] Leaving safepoint region
[415.557s][info ][safepoint    ] Total time for which application threads were stopped: 0.0042613 seconds, Stopping threads took: 0.0000412 seconds
[416.558s][info ][safepoint    ] Application time: 1.0001015 seconds
[416.558s][info ][safepoint    ] Entering safepoint region: Cleanup
[416.558s][info ][safepoint    ] Leaving safepoint region
[416.558s][info ][safepoint    ] Total time for which application threads were stopped: 0.0001411 seconds, Stopping threads took: 0.0000762 seconds
[416.596s][info ][safepoint    ] Application time: 0.0378765 seconds
[416.596s][info ][safepoint    ] Entering safepoint region: GenCollectForAllocation
[416.596s][info ][gc,start     ] GC(478) Pause Young (Allocation Failure)
[416.596s][info ][gc,task      ] GC(478) Using 4 workers of 4 for evacuation
[416.600s][debug][gc,ref       ] GC(478) Skipped phase1 of Reference Processing due to unavailable references
[416.600s][debug][gc,ref       ] GC(478) Skipped phase2 of Reference Processing due to unavailable references
[416.600s][debug][gc,ref       ] GC(478) Skipped phase3 of Reference Processing due to unavailable references
[416.600s][debug][gc,ref       ] GC(478) Skipped phase4 of Reference Processing due to unavailable references
[416.600s][debug][gc,age       ] GC(478) Desired survivor size 15400960 bytes, new threshold 6 (max threshold 6)
[416.600s][info ][gc,heap      ] GC(478) ParNew: 244492K->2504K(270976K)
[416.600s][info ][gc,heap      ] GC(478) CMS: 305414K->305451K(602112K)
[416.600s][info ][gc,metaspace ] GC(478) Metaspace: 57284K->57284K(1101824K)
[416.600s][info ][gc           ] GC(478) Pause Young (Allocation Failure) 537M->300M(852M) 4.205ms
[416.600s][info ][gc,cpu       ] GC(478) User=0.01s Sys=0.00s Real=0.00s
[416.600s][info ][safepoint    ] Leaving safepoint region
[416.600s][info ][safepoint    ] Total time for which application threads were stopped: 0.0043911 seconds, Stopping threads took: 0.0000192 seconds
[417.579s][info ][safepoint    ] Application time: 0.9789087 seconds
[417.579s][info ][safepoint    ] Entering safepoint region: GenCollectForAllocation
[417.579s][info ][gc,start     ] GC(479) Pause Young (Allocation Failure)
[417.579s][info ][gc,task      ] GC(479) Using 4 workers of 4 for evacuation
[417.583s][debug][gc,ref       ] GC(479) Skipped phase1 of Reference Processing due to unavailable references
[417.583s][debug][gc,ref       ] GC(479) Skipped phase2 of Reference Processing due to unavailable references
[417.583s][debug][gc,ref       ] GC(479) Skipped phase3 of Reference Processing due to unavailable references
[417.583s][debug][gc,ref       ] GC(479) Skipped phase4 of Reference Processing due to unavailable references
[417.583s][debug][gc,age       ] GC(479) Desired survivor size 15400960 bytes, new threshold 6 (max threshold 6)
[417.584s][info ][gc,heap      ] GC(479) ParNew: 243400K->3662K(270976K)
[417.584s][info ][gc,heap      ] GC(479) CMS: 305451K->305490K(602112K)
[417.584s][info ][gc,metaspace ] GC(479) Metaspace: 57284K->57284K(1101824K)
[417.584s][info ][gc           ] GC(479) Pause Young (Allocation Failure) 535M->301M(852M) 4.472ms
[417.584s][info ][gc,cpu       ] GC(479) User=0.01s Sys=0.00s Real=0.01s
[417.584s][info ][safepoint    ] Leaving safepoint region
[417.584s][info ][safepoint    ] Total time for which application threads were stopped: 0.0046114 seconds, Stopping threads took: 0.0000137 seconds
[418.569s][info ][safepoint    ] Application time: 0.9850245 seconds
[418.569s][info ][safepoint    ] Entering safepoint region: GenCollectForAllocation
[418.569s][info ][gc,start     ] GC(480) Pause Young (Allocation Failure)
[418.569s][info ][gc,task      ] GC(480) Using 4 workers of 4 for evacuation
[418.573s][debug][gc,ref       ] GC(480) Skipped phase1 of Reference Processing due to unavailable references
[418.573s][debug][gc,ref       ] GC(480) Skipped phase2 of Reference Processing due to unavailable references
[418.573s][debug][gc,ref       ] GC(480) Skipped phase3 of Reference Processing due to unavailable references
[418.573s][debug][gc,ref       ] GC(480) Skipped phase4 of Reference Processing due to unavailable references
[418.573s][debug][gc,age       ] GC(480) Desired survivor size 15400960 bytes, new threshold 6 (max threshold 6)
[418.573s][info ][gc,heap      ] GC(480) ParNew: 244558K->2570K(270976K)
[418.573s][info ][gc,heap      ] GC(480) CMS: 305490K->305501K(602112K)
[418.573s][info ][gc,metaspace ] GC(480) Metaspace: 57284K->57284K(1101824K)
[418.573s][info ][gc           ] GC(480) Pause Young (Allocation Failure) 537M->300M(852M) 3.994ms
[418.573s][info ][gc,cpu       ] GC(480) User=0.02s Sys=0.00s Real=0.00s
[418.573s][info ][safepoint    ] Leaving safepoint region
[418.573s][info ][safepoint    ] Total time for which application threads were stopped: 0.0041516 seconds, Stopping threads took: 0.0000143 seconds
[419.490s][info ][safepoint    ] Application time: 0.9173092 seconds
[419.490s][info ][safepoint    ] Entering safepoint region: GenCollectForAllocation
[419.490s][info ][gc,start     ] GC(481) Pause Young (Allocation Failure)
[419.490s][info ][gc,task      ] GC(481) Using 4 workers of 4 for evacuation
[419.494s][debug][gc,ref       ] GC(481) Skipped phase1 of Reference Processing due to unavailable references
[419.494s][debug][gc,ref       ] GC(481) Skipped phase2 of Reference Processing due to unavailable references
[419.494s][debug][gc,ref       ] GC(481) Skipped phase3 of Reference Processing due to unavailable references
[419.494s][debug][gc,ref       ] GC(481) Skipped phase4 of Reference Processing due to unavailable references
[419.494s][debug][gc,age       ] GC(481) Desired survivor size 15400960 bytes, new threshold 6 (max threshold 6)
[419.494s][info ][gc,heap      ] GC(481) ParNew: 243466K->3706K(270976K)
[419.494s][info ][gc,heap      ] GC(481) CMS: 305501K->305557K(602112K)
[419.494s][info ][gc,metaspace ] GC(481) Metaspace: 57284K->57284K(1101824K)
[419.494s][info ][gc           ] GC(481) Pause Young (Allocation Failure) 536M->302M(852M) 4.152ms
[419.494s][info ][gc,cpu       ] GC(481) User=0.02s Sys=0.00s Real=0.00s
[419.494s][info ][safepoint    ] Leaving safepoint region
[419.494s][info ][safepoint    ] Total time for which application threads were stopped: 0.0043279 seconds, Stopping threads took: 0.0000133 seconds
[420.476s][info ][safepoint    ] Application time: 0.9815786 seconds
[420.476s][info ][safepoint    ] Entering safepoint region: GenCollectForAllocation
[420.476s][info ][gc,start     ] GC(482) Pause Young (Allocation Failure)
[420.476s][info ][gc,task      ] GC(482) Using 4 workers of 4 for evacuation
[420.480s][debug][gc,ref       ] GC(482) Skipped phase1 of Reference Processing due to unavailable references
[420.480s][debug][gc,ref       ] GC(482) Skipped phase2 of Reference Processing due to unavailable references
[420.480s][debug][gc,ref       ] GC(482) Skipped phase3 of Reference Processing due to unavailable references
[420.480s][debug][gc,ref       ] GC(482) Skipped phase4 of Reference Processing due to unavailable references
[420.480s][debug][gc,age       ] GC(482) Desired survivor size 15400960 bytes, new threshold 6 (max threshold 6)
[420.480s][info ][gc,heap      ] GC(482) ParNew: 244602K->3026K(270976K)
[420.480s][info ][gc,heap      ] GC(482) CMS: 305557K->305572K(602112K)
[420.480s][info ][gc,metaspace ] GC(482) Metaspace: 57284K->57284K(1101824K)
[420.480s][info ][gc           ] GC(482) Pause Young (Allocation Failure) 537M->301M(852M) 4.193ms
[420.480s][info ][gc,cpu       ] GC(482) User=0.02s Sys=0.00s Real=0.00s
[420.480s][info ][safepoint    ] Leaving safepoint region
[420.480s][info ][safepoint    ] Total time for which application threads were stopped: 0.0043960 seconds, Stopping threads took: 0.0000156 seconds
[421.481s][info ][safepoint    ] Application time: 1.0000986 seconds
[421.481s][info ][safepoint    ] Entering safepoint region: Cleanup
[421.481s][info ][safepoint    ] Leaving safepoint region
[421.481s][info ][safepoint    ] Total time for which application threads were stopped: 0.0001275 seconds, Stopping threads took: 0.0000637 seconds
[421.498s][info ][safepoint    ] Application time: 0.0174978 seconds
[421.498s][info ][safepoint    ] Entering safepoint region: GenCollectForAllocation
[421.498s][info ][gc,start     ] GC(483) Pause Young (Allocation Failure)
[421.498s][info ][gc,task      ] GC(483) Using 4 workers of 4 for evacuation
[421.502s][debug][gc,ref       ] GC(483) Skipped phase1 of Reference Processing due to unavailable references
[421.502s][debug][gc,ref       ] GC(483) Skipped phase2 of Reference Processing due to unavailable references
[421.502s][debug][gc,ref       ] GC(483) Skipped phase3 of Reference Processing due to unavailable references
[421.502s][debug][gc,ref       ] GC(483) Skipped phase4 of Reference Processing due to unavailable references
[421.502s][debug][gc,age       ] GC(483) Desired survivor size 15400960 bytes, new threshold 6 (max threshold 6)
[421.502s][info ][gc,heap      ] GC(483) ParNew: 243922K->3152K(270976K)
[421.502s][info ][gc,heap      ] GC(483) CMS: 305572K->305670K(602112K)
[421.502s][info ][gc,metaspace ] GC(483) Metaspace: 57284K->57284K(1101824K)
[421.502s][info ][gc           ] GC(483) Pause Young (Allocation Failure) 536M->301M(852M) 3.866ms
[421.502s][info ][gc,cpu       ] GC(483) User=0.02s Sys=0.00s Real=0.00s
[421.502s][info ][safepoint    ] Leaving safepoint region
[421.502s][info ][safepoint    ] Total time for which application threads were stopped: 0.0040001 seconds, Stopping threads took: 0.0000133 seconds
[422.502s][info ][safepoint    ] Application time: 1.0000726 seconds
[422.502s][info ][safepoint    ] Entering safepoint region: Cleanup
[422.503s][info ][safepoint    ] Leaving safepoint region
[422.503s][info ][safepoint    ] Total time for which application threads were stopped: 0.0001291 seconds, Stopping threads took: 0.0000538 seconds
[422.622s][info ][safepoint    ] Application time: 0.1196517 seconds
[422.622s][info ][safepoint    ] Entering safepoint region: GenCollectForAllocation
[422.622s][info ][gc,start     ] GC(484) Pause Young (Allocation Failure)
[422.622s][info ][gc,task      ] GC(484) Using 4 workers of 4 for evacuation
[422.626s][debug][gc,ref       ] GC(484) Skipped phase1 of Reference Processing due to unavailable references
[422.626s][debug][gc,ref       ] GC(484) Skipped phase2 of Reference Processing due to unavailable references
[422.626s][debug][gc,ref       ] GC(484) Skipped phase3 of Reference Processing due to unavailable references
[422.626s][debug][gc,ref       ] GC(484) Skipped phase4 of Reference Processing due to unavailable references
[422.626s][debug][gc,age       ] GC(484) Desired survivor size 15400960 bytes, new threshold 6 (max threshold 6)
[422.626s][info ][gc,heap      ] GC(484) ParNew: 244048K->2942K(270976K)
[422.626s][info ][gc,heap      ] GC(484) CMS: 305670K->305692K(602112K)
[422.626s][info ][gc,metaspace ] GC(484) Metaspace: 57284K->57284K(1101824K)
[422.626s][info ][gc           ] GC(484) Pause Young (Allocation Failure) 536M->301M(852M) 4.166ms
[422.627s][info ][gc,cpu       ] GC(484) User=0.02s Sys=0.00s Real=0.01s
[422.627s][info ][safepoint    ] Leaving safepoint region
[422.627s][info ][safepoint    ] Total time for which application threads were stopped: 0.0043188 seconds, Stopping threads took: 0.0000147 seconds
[423.553s][info ][safepoint    ] Application time: 0.9268911 seconds
[423.553s][info ][safepoint    ] Entering safepoint region: GenCollectForAllocation
[423.554s][info ][gc,start     ] GC(485) Pause Young (Allocation Failure)
[423.554s][info ][gc,task      ] GC(485) Using 4 workers of 4 for evacuation
[423.558s][debug][gc,ref       ] GC(485) Skipped phase1 of Reference Processing due to unavailable references
[423.558s][debug][gc,ref       ] GC(485) Skipped phase2 of Reference Processing due to unavailable references
[423.558s][debug][gc,ref       ] GC(485) Skipped phase3 of Reference Processing due to unavailable references
[423.558s][debug][gc,ref       ] GC(485) Skipped phase4 of Reference Processing due to unavailable references
[423.558s][debug][gc,age       ] GC(485) Desired survivor size 15400960 bytes, new threshold 6 (max threshold 6)
[423.558s][info ][gc,heap      ] GC(485) ParNew: 243838K->3647K(270976K)
[423.558s][info ][gc,heap      ] GC(485) CMS: 305692K->305786K(602112K)
[423.558s][info ][gc,metaspace ] GC(485) Metaspace: 57284K->57284K(1101824K)
[423.558s][info ][gc           ] GC(485) Pause Young (Allocation Failure) 536M->302M(852M) 4.116ms
[423.558s][info ][gc,cpu       ] GC(485) User=0.02s Sys=0.00s Real=0.01s
[423.558s][info ][safepoint    ] Leaving safepoint region
[423.558s][info ][safepoint    ] Total time for which application threads were stopped: 0.0042865 seconds, Stopping threads took: 0.0000381 seconds
[424.558s][info ][safepoint    ] Application time: 1.0001009 seconds
[424.558s][info ][safepoint    ] Entering safepoint region: Cleanup
[424.558s][info ][safepoint    ] Leaving safepoint region
[424.558s][info ][safepoint    ] Total time for which application threads were stopped: 0.0001081 seconds, Stopping threads took: 0.0000498 seconds
[424.614s][info ][safepoint    ] Application time: 0.0563119 seconds
[424.614s][info ][safepoint    ] Entering safepoint region: GenCollectForAllocation
[424.614s][info ][gc,start     ] GC(486) Pause Young (Allocation Failure)
[424.614s][info ][gc,task      ] GC(486) Using 4 workers of 4 for evacuation
[424.619s][debug][gc,ref       ] GC(486) Skipped phase1 of Reference Processing due to unavailable references
[424.619s][debug][gc,ref       ] GC(486) Skipped phase2 of Reference Processing due to unavailable references
[424.619s][debug][gc,ref       ] GC(486) Skipped phase3 of Reference Processing due to unavailable references
[424.619s][debug][gc,ref       ] GC(486) Skipped phase4 of Reference Processing due to unavailable references
[424.619s][debug][gc,age       ] GC(486) Desired survivor size 15400960 bytes, new threshold 6 (max threshold 6)
[424.619s][info ][gc,heap      ] GC(486) ParNew: 244543K->2683K(270976K)
[424.619s][info ][gc,heap      ] GC(486) CMS: 305786K->305880K(602112K)
[424.619s][info ][gc,metaspace ] GC(486) Metaspace: 57285K->57285K(1101824K)
[424.619s][info ][gc           ] GC(486) Pause Young (Allocation Failure) 537M->301M(852M) 4.854ms
[424.619s][info ][gc,cpu       ] GC(486) User=0.03s Sys=0.00s Real=0.01s
[424.619s][info ][safepoint    ] Leaving safepoint region
[424.619s][info ][safepoint    ] Total time for which application threads were stopped: 0.0049961 seconds, Stopping threads took: 0.0000139 seconds
[425.616s][info ][safepoint    ] Application time: 0.9962698 seconds
[425.616s][info ][safepoint    ] Entering safepoint region: GenCollectForAllocation
[425.616s][info ][gc,start     ] GC(487) Pause Young (Allocation Failure)
[425.616s][info ][gc,task      ] GC(487) Using 4 workers of 4 for evacuation
[425.620s][debug][gc,ref       ] GC(487) Skipped phase1 of Reference Processing due to unavailable references
[425.620s][debug][gc,ref       ] GC(487) Skipped phase2 of Reference Processing due to unavailable references
[425.620s][debug][gc,ref       ] GC(487) Skipped phase3 of Reference Processing due to unavailable references
[425.620s][debug][gc,ref       ] GC(487) Skipped phase4 of Reference Processing due to unavailable references
[425.620s][debug][gc,age       ] GC(487) Desired survivor size 15400960 bytes, new threshold 6 (max threshold 6)
[425.620s][info ][gc,heap      ] GC(487) ParNew: 243579K->3500K(270976K)
[425.620s][info ][gc,heap      ] GC(487) CMS: 305880K->305933K(602112K)
[425.620s][info ][gc,metaspace ] GC(487) Metaspace: 57285K->57285K(1101824K)
[425.620s][info ][gc           ] GC(487) Pause Young (Allocation Failure) 536M->302M(852M) 4.146ms
[425.620s][info ][gc,cpu       ] GC(487) User=0.01s Sys=0.00s Real=0.00s
[425.620s][info ][safepoint    ] Leaving safepoint region
[425.620s][info ][safepoint    ] Total time for which application threads were stopped: 0.0043165 seconds, Stopping threads took: 0.0000155 seconds
[426.620s][info ][safepoint    ] Application time: 1.0001011 seconds
[426.620s][info ][safepoint    ] Entering safepoint region: Cleanup
[426.620s][info ][safepoint    ] Leaving safepoint region
[426.620s][info ][safepoint    ] Total time for which application threads were stopped: 0.0001394 seconds, Stopping threads took: 0.0000674 seconds
[426.656s][info ][safepoint    ] Application time: 0.0358337 seconds
[426.656s][info ][safepoint    ] Entering safepoint region: GenCollectForAllocation
[426.656s][info ][gc,start     ] GC(488) Pause Young (Allocation Failure)
[426.656s][info ][gc,task      ] GC(488) Using 4 workers of 4 for evacuation
[426.660s][debug][gc,ref       ] GC(488) Skipped phase1 of Reference Processing due to unavailable references
[426.660s][debug][gc,ref       ] GC(488) Skipped phase2 of Reference Processing due to unavailable references
[426.660s][debug][gc,ref       ] GC(488) Skipped phase3 of Reference Processing due to unavailable references
[426.660s][debug][gc,ref       ] GC(488) Skipped phase4 of Reference Processing due to unavailable references
[426.660s][debug][gc,age       ] GC(488) Desired survivor size 15400960 bytes, new threshold 6 (max threshold 6)
[426.660s][info ][gc,heap      ] GC(488) ParNew: 244396K->2921K(270976K)
[426.660s][info ][gc,heap      ] GC(488) CMS: 305933K->305940K(602112K)
[426.660s][info ][gc,metaspace ] GC(488) Metaspace: 57285K->57285K(1101824K)
[426.660s][info ][gc           ] GC(488) Pause Young (Allocation Failure) 537M->301M(852M) 4.256ms
[426.661s][info ][gc,cpu       ] GC(488) User=0.01s Sys=0.00s Real=0.00s
[426.661s][info ][safepoint    ] Leaving safepoint region
[426.661s][info ][safepoint    ] Total time for which application threads were stopped: 0.0044037 seconds, Stopping threads took: 0.0000142 seconds
[427.616s][info ][safepoint    ] Application time: 0.9553272 seconds
[427.616s][info ][safepoint    ] Entering safepoint region: GenCollectForAllocation
[427.616s][info ][gc,start     ] GC(489) Pause Young (Allocation Failure)
[427.616s][info ][gc,task      ] GC(489) Using 4 workers of 4 for evacuation
[427.620s][debug][gc,ref       ] GC(489) Skipped phase1 of Reference Processing due to unavailable references
[427.620s][debug][gc,ref       ] GC(489) Skipped phase2 of Reference Processing due to unavailable references
[427.620s][debug][gc,ref       ] GC(489) Skipped phase3 of Reference Processing due to unavailable references
[427.620s][debug][gc,ref       ] GC(489) Skipped phase4 of Reference Processing due to unavailable references
[427.620s][debug][gc,age       ] GC(489) Desired survivor size 15400960 bytes, new threshold 6 (max threshold 6)
[427.620s][info ][gc,heap      ] GC(489) ParNew: 243817K->3245K(270976K)
[427.620s][info ][gc,heap      ] GC(489) CMS: 305940K->306023K(602112K)
[427.620s][info ][gc,metaspace ] GC(489) Metaspace: 57285K->57285K(1101824K)
[427.620s][info ][gc           ] GC(489) Pause Young (Allocation Failure) 536M->302M(852M) 4.174ms
[427.620s][info ][gc,cpu       ] GC(489) User=0.02s Sys=0.00s Real=0.00s
[427.620s][info ][safepoint    ] Leaving safepoint region
[427.620s][info ][safepoint    ] Total time for which application threads were stopped: 0.0043291 seconds, Stopping threads took: 0.0000139 seconds
[428.620s][info ][safepoint    ] Application time: 1.0001122 seconds
[428.620s][info ][safepoint    ] Entering safepoint region: Cleanup
[428.620s][info ][safepoint    ] Leaving safepoint region
[428.621s][info ][safepoint    ] Total time for which application threads were stopped: 0.0001326 seconds, Stopping threads took: 0.0000674 seconds
[428.638s][info ][safepoint    ] Application time: 0.0177226 seconds
[428.638s][info ][safepoint    ] Entering safepoint region: GenCollectForAllocation
[428.638s][info ][gc,start     ] GC(490) Pause Young (Allocation Failure)
[428.638s][info ][gc,task      ] GC(490) Using 4 workers of 4 for evacuation
[428.642s][debug][gc,ref       ] GC(490) Skipped phase1 of Reference Processing due to unavailable references
[428.642s][debug][gc,ref       ] GC(490) Skipped phase2 of Reference Processing due to unavailable references
[428.642s][debug][gc,ref       ] GC(490) Skipped phase3 of Reference Processing due to unavailable references
[428.642s][debug][gc,ref       ] GC(490) Skipped phase4 of Reference Processing due to unavailable references
[428.642s][debug][gc,age       ] GC(490) Desired survivor size 15400960 bytes, new threshold 6 (max threshold 6)
[428.642s][info ][gc,heap      ] GC(490) ParNew: 244141K->3411K(270976K)
[428.642s][info ][gc,heap      ] GC(490) CMS: 306023K->306066K(602112K)
[428.642s][info ][gc,metaspace ] GC(490) Metaspace: 57285K->57285K(1101824K)
[428.642s][info ][gc           ] GC(490) Pause Young (Allocation Failure) 537M->302M(852M) 4.059ms
[428.642s][info ][gc,cpu       ] GC(490) User=0.02s Sys=0.00s Real=0.00s
[428.642s][info ][safepoint    ] Leaving safepoint region
[428.642s][info ][safepoint    ] Total time for which application threads were stopped: 0.0042028 seconds, Stopping threads took: 0.0000144 seconds
[429.643s][info ][safepoint    ] Application time: 1.0001161 seconds
[429.643s][info ][safepoint    ] Entering safepoint region: Cleanup
[429.643s][info ][safepoint    ] Leaving safepoint region
[429.643s][info ][safepoint    ] Total time for which application threads were stopped: 0.0001267 seconds, Stopping threads took: 0.0000638 seconds
[429.682s][info ][safepoint    ] Application time: 0.0394257 seconds
[429.682s][info ][safepoint    ] Entering safepoint region: GenCollectForAllocation
[429.682s][info ][gc,start     ] GC(491) Pause Young (Allocation Failure)
[429.682s][info ][gc,task      ] GC(491) Using 4 workers of 4 for evacuation
[429.686s][debug][gc,ref       ] GC(491) Skipped phase1 of Reference Processing due to unavailable references
[429.686s][debug][gc,ref       ] GC(491) Skipped phase2 of Reference Processing due to unavailable references
[429.686s][debug][gc,ref       ] GC(491) Skipped phase3 of Reference Processing due to unavailable references
[429.686s][debug][gc,ref       ] GC(491) Skipped phase4 of Reference Processing due to unavailable references
[429.686s][debug][gc,age       ] GC(491) Desired survivor size 15400960 bytes, new threshold 6 (max threshold 6)
[429.687s][info ][gc,heap      ] GC(491) ParNew: 244307K->3265K(270976K)
[429.687s][info ][gc,heap      ] GC(491) CMS: 306066K->306080K(602112K)
[429.687s][info ][gc,metaspace ] GC(491) Metaspace: 57285K->57285K(1101824K)
[429.687s][info ][gc           ] GC(491) Pause Young (Allocation Failure) 537M->302M(852M) 4.223ms
[429.687s][info ][gc,cpu       ] GC(491) User=0.02s Sys=0.00s Real=0.01s
[429.687s][info ][safepoint    ] Leaving safepoint region
[429.687s][info ][safepoint    ] Total time for which application threads were stopped: 0.0043798 seconds, Stopping threads took: 0.0000157 seconds
[430.641s][info ][safepoint    ] Application time: 0.9548526 seconds
[430.641s][info ][safepoint    ] Entering safepoint region: GenCollectForAllocation
[430.642s][info ][gc,start     ] GC(492) Pause Young (Allocation Failure)
[430.642s][info ][gc,task      ] GC(492) Using 4 workers of 4 for evacuation
[430.646s][debug][gc,ref       ] GC(492) Skipped phase1 of Reference Processing due to unavailable references
[430.646s][debug][gc,ref       ] GC(492) Skipped phase2 of Reference Processing due to unavailable references
[430.646s][debug][gc,ref       ] GC(492) Skipped phase3 of Reference Processing due to unavailable references
[430.646s][debug][gc,ref       ] GC(492) Skipped phase4 of Reference Processing due to unavailable references
[430.646s][debug][gc,age       ] GC(492) Desired survivor size 15400960 bytes, new threshold 6 (max threshold 6)
[430.646s][info ][gc,heap      ] GC(492) ParNew: 244161K->2868K(270976K)
[430.646s][info ][gc,heap      ] GC(492) CMS: 306080K->306374K(602112K)
[430.646s][info ][gc,metaspace ] GC(492) Metaspace: 57285K->57285K(1101824K)
[430.646s][info ][gc           ] GC(492) Pause Young (Allocation Failure) 537M->301M(852M) 4.305ms
[430.646s][info ][gc,cpu       ] GC(492) User=0.02s Sys=0.00s Real=0.01s
[430.646s][info ][safepoint    ] Leaving safepoint region
[430.646s][info ][safepoint    ] Total time for which application threads were stopped: 0.0044516 seconds, Stopping threads took: 0.0000146 seconds
[431.646s][info ][safepoint    ] Application time: 1.0001576 seconds
[431.646s][info ][safepoint    ] Entering safepoint region: Cleanup
[431.646s][info ][safepoint    ] Leaving safepoint region
[431.646s][info ][safepoint    ] Total time for which application threads were stopped: 0.0001572 seconds, Stopping threads took: 0.0000812 seconds
[431.732s][info ][safepoint    ] Application time: 0.0860272 seconds
[431.732s][info ][safepoint    ] Entering safepoint region: GenCollectForAllocation
[431.732s][info ][gc,start     ] GC(493) Pause Young (Allocation Failure)
[431.732s][info ][gc,task      ] GC(493) Using 4 workers of 4 for evacuation
[431.736s][debug][gc,ref       ] GC(493) Skipped phase1 of Reference Processing due to unavailable references
[431.737s][debug][gc,ref       ] GC(493) Skipped phase2 of Reference Processing due to unavailable references
[431.737s][debug][gc,ref       ] GC(493) Skipped phase3 of Reference Processing due to unavailable references
[431.737s][debug][gc,ref       ] GC(493) Skipped phase4 of Reference Processing due to unavailable references
[431.737s][debug][gc,age       ] GC(493) Desired survivor size 15400960 bytes, new threshold 6 (max threshold 6)
[431.737s][info ][gc,heap      ] GC(493) ParNew: 243764K->3626K(270976K)
[431.737s][info ][gc,heap      ] GC(493) CMS: 306374K->306422K(602112K)
[431.737s][info ][gc,metaspace ] GC(493) Metaspace: 57285K->57285K(1101824K)
[431.737s][info ][gc           ] GC(493) Pause Young (Allocation Failure) 537M->302M(852M) 4.270ms
[431.737s][info ][gc,cpu       ] GC(493) User=0.02s Sys=0.00s Real=0.01s
[431.737s][info ][safepoint    ] Leaving safepoint region
[431.737s][info ][safepoint    ] Total time for which application threads were stopped: 0.0044055 seconds, Stopping threads took: 0.0000142 seconds
[432.725s][info ][safepoint    ] Application time: 0.9885631 seconds
[432.725s][info ][safepoint    ] Entering safepoint region: GenCollectForAllocation
[432.725s][info ][gc,start     ] GC(494) Pause Young (Allocation Failure)
[432.725s][info ][gc,task      ] GC(494) Using 4 workers of 4 for evacuation
[432.730s][debug][gc,ref       ] GC(494) Skipped phase1 of Reference Processing due to unavailable references
[432.730s][debug][gc,ref       ] GC(494) Skipped phase2 of Reference Processing due to unavailable references
[432.730s][debug][gc,ref       ] GC(494) Skipped phase3 of Reference Processing due to unavailable references
[432.730s][debug][gc,ref       ] GC(494) Skipped phase4 of Reference Processing due to unavailable references
[432.730s][debug][gc,age       ] GC(494) Desired survivor size 15400960 bytes, new threshold 6 (max threshold 6)
[432.730s][info ][gc,heap      ] GC(494) ParNew: 244522K->2552K(270976K)
[432.730s][info ][gc,heap      ] GC(494) CMS: 306422K->306451K(602112K)
[432.730s][info ][gc,metaspace ] GC(494) Metaspace: 57285K->57285K(1101824K)
[432.730s][info ][gc           ] GC(494) Pause Young (Allocation Failure) 538M->301M(852M) 4.342ms
[432.730s][info ][gc,cpu       ] GC(494) User=0.01s Sys=0.01s Real=0.00s
[432.730s][info ][safepoint    ] Leaving safepoint region
[432.730s][info ][safepoint    ] Total time for which application threads were stopped: 0.0045110 seconds, Stopping threads took: 0.0000299 seconds
[433.730s][info ][safepoint    ] Application time: 1.0000962 seconds
[433.730s][info ][safepoint    ] Entering safepoint region: Cleanup
[433.730s][info ][safepoint    ] Leaving safepoint region
[433.730s][info ][safepoint    ] Total time for which application threads were stopped: 0.0001517 seconds, Stopping threads took: 0.0000692 seconds
[433.739s][info ][safepoint    ] Application time: 0.0092201 seconds
[433.739s][info ][safepoint    ] Entering safepoint region: GenCollectForAllocation
[433.739s][info ][gc,start     ] GC(495) Pause Young (Allocation Failure)
[433.740s][info ][gc,task      ] GC(495) Using 4 workers of 4 for evacuation
[433.744s][debug][gc,ref       ] GC(495) Skipped phase1 of Reference Processing due to unavailable references
[433.744s][debug][gc,ref       ] GC(495) Skipped phase3 of Reference Processing due to unavailable references
[433.744s][debug][gc,ref       ] GC(495) Skipped phase4 of Reference Processing due to unavailable references
[433.744s][debug][gc,age       ] GC(495) Desired survivor size 15400960 bytes, new threshold 6 (max threshold 6)
[433.744s][info ][gc,heap      ] GC(495) ParNew: 243448K->3261K(270976K)
[433.744s][info ][gc,heap      ] GC(495) CMS: 306451K->306591K(602112K)
[433.744s][info ][gc,metaspace ] GC(495) Metaspace: 57291K->57291K(1101824K)
[433.744s][info ][gc           ] GC(495) Pause Young (Allocation Failure) 537M->302M(852M) 4.392ms
[433.744s][info ][gc,cpu       ] GC(495) User=0.01s Sys=0.00s Real=0.01s
[433.744s][info ][safepoint    ] Leaving safepoint region
[433.744s][info ][safepoint    ] Total time for which application threads were stopped: 0.0045420 seconds, Stopping threads took: 0.0000113 seconds
[434.744s][info ][safepoint    ] Application time: 1.0000925 seconds
[434.744s][info ][safepoint    ] Entering safepoint region: Cleanup
[434.744s][info ][safepoint    ] Leaving safepoint region
[434.744s][info ][safepoint    ] Total time for which application threads were stopped: 0.0001726 seconds, Stopping threads took: 0.0000938 seconds
[434.766s][info ][safepoint    ] Application time: 0.0222343 seconds
[434.767s][info ][safepoint    ] Entering safepoint region: GenCollectForAllocation
[434.767s][info ][gc,start     ] GC(496) Pause Young (Allocation Failure)
[434.767s][info ][gc,task      ] GC(496) Using 4 workers of 4 for evacuation
[434.770s][debug][gc,ref       ] GC(496) Skipped phase1 of Reference Processing due to unavailable references
[434.770s][debug][gc,ref       ] GC(496) Skipped phase3 of Reference Processing due to unavailable references
[434.770s][debug][gc,ref       ] GC(496) Skipped phase4 of Reference Processing due to unavailable references
[434.771s][debug][gc,age       ] GC(496) Desired survivor size 15400960 bytes, new threshold 6 (max threshold 6)
[434.771s][info ][gc,heap      ] GC(496) ParNew: 244157K->2064K(270976K)
[434.771s][info ][gc,heap      ] GC(496) CMS: 306591K->306610K(602112K)
[434.771s][info ][gc,metaspace ] GC(496) Metaspace: 57291K->57291K(1101824K)
[434.771s][info ][gc           ] GC(496) Pause Young (Allocation Failure) 537M->301M(852M) 4.079ms
[434.771s][info ][gc,cpu       ] GC(496) User=0.01s Sys=0.00s Real=0.00s
[434.771s][info ][safepoint    ] Leaving safepoint region
[434.771s][info ][safepoint    ] Total time for which application threads were stopped: 0.0042188 seconds, Stopping threads took: 0.0000137 seconds
[435.686s][info ][safepoint    ] Application time: 0.9149888 seconds
[435.686s][info ][safepoint    ] Entering safepoint region: GenCollectForAllocation
[435.686s][info ][gc,start     ] GC(497) Pause Young (Allocation Failure)
[435.686s][info ][gc,task      ] GC(497) Using 4 workers of 4 for evacuation
[435.690s][debug][gc,ref       ] GC(497) Skipped phase1 of Reference Processing due to unavailable references
[435.690s][debug][gc,ref       ] GC(497) Skipped phase3 of Reference Processing due to unavailable references
[435.690s][debug][gc,ref       ] GC(497) Skipped phase4 of Reference Processing due to unavailable references
[435.690s][debug][gc,age       ] GC(497) Desired survivor size 15400960 bytes, new threshold 6 (max threshold 6)
[435.690s][info ][gc,heap      ] GC(497) ParNew: 242960K->2990K(270976K)
[435.690s][info ][gc,heap      ] GC(497) CMS: 306610K->306671K(602112K)
[435.690s][info ][gc,metaspace ] GC(497) Metaspace: 57291K->57291K(1101824K)
[435.690s][info ][gc           ] GC(497) Pause Young (Allocation Failure) 536M->302M(852M) 4.099ms
[435.690s][info ][gc,cpu       ] GC(497) User=0.02s Sys=0.00s Real=0.00s
[435.690s][info ][safepoint    ] Leaving safepoint region
[435.690s][info ][safepoint    ] Total time for which application threads were stopped: 0.0042337 seconds, Stopping threads took: 0.0000157 seconds
[436.690s][info ][safepoint    ] Application time: 1.0001151 seconds
[436.690s][info ][safepoint    ] Entering safepoint region: Cleanup
[436.690s][info ][safepoint    ] Leaving safepoint region
[436.690s][info ][safepoint    ] Total time for which application threads were stopped: 0.0000881 seconds, Stopping threads took: 0.0000199 seconds
[436.764s][info ][safepoint    ] Application time: 0.0740369 seconds
[436.764s][info ][safepoint    ] Entering safepoint region: GenCollectForAllocation
[436.764s][info ][gc,start     ] GC(498) Pause Young (Allocation Failure)
[436.764s][info ][gc,task      ] GC(498) Using 4 workers of 4 for evacuation
[436.768s][debug][gc,ref       ] GC(498) Skipped phase1 of Reference Processing due to unavailable references
[436.768s][debug][gc,ref       ] GC(498) Skipped phase3 of Reference Processing due to unavailable references
[436.768s][debug][gc,ref       ] GC(498) Skipped phase4 of Reference Processing due to unavailable references
[436.768s][debug][gc,age       ] GC(498) Desired survivor size 15400960 bytes, new threshold 6 (max threshold 6)
[436.768s][info ][gc,heap      ] GC(498) ParNew: 243886K->3167K(270976K)
[436.768s][info ][gc,heap      ] GC(498) CMS: 306671K->306690K(602112K)
[436.768s][info ][gc,metaspace ] GC(498) Metaspace: 57297K->57297K(1101824K)
[436.768s][info ][gc           ] GC(498) Pause Young (Allocation Failure) 537M->302M(852M) 4.007ms
[436.768s][info ][gc,cpu       ] GC(498) User=0.02s Sys=0.00s Real=0.00s
[436.768s][info ][safepoint    ] Leaving safepoint region
[436.768s][info ][safepoint    ] Total time for which application threads were stopped: 0.0041545 seconds, Stopping threads took: 0.0000140 seconds
[437.769s][info ][safepoint    ] Application time: 1.0000877 seconds
[437.769s][info ][safepoint    ] Entering safepoint region: Cleanup
[437.769s][info ][safepoint    ] Leaving safepoint region
[437.769s][info ][safepoint    ] Total time for which application threads were stopped: 0.0001067 seconds, Stopping threads took: 0.0000382 seconds
[437.805s][info ][safepoint    ] Application time: 0.0367914 seconds
[437.806s][info ][safepoint    ] Entering safepoint region: GenCollectForAllocation
[437.806s][info ][gc,start     ] GC(499) Pause Young (Allocation Failure)
[437.806s][info ][gc,task      ] GC(499) Using 4 workers of 4 for evacuation
[437.810s][debug][gc,ref       ] GC(499) Skipped phase1 of Reference Processing due to unavailable references
[437.810s][debug][gc,ref       ] GC(499) Skipped phase3 of Reference Processing due to unavailable references
[437.810s][debug][gc,ref       ] GC(499) Skipped phase4 of Reference Processing due to unavailable references
[437.810s][debug][gc,age       ] GC(499) Desired survivor size 15400960 bytes, new threshold 6 (max threshold 6)
[437.810s][info ][gc,heap      ] GC(499) ParNew: 244063K->2293K(270976K)
[437.810s][info ][gc,heap      ] GC(499) CMS: 306690K->306773K(602112K)
[437.810s][info ][gc,metaspace ] GC(499) Metaspace: 57297K->57297K(1101824K)
[437.810s][info ][gc           ] GC(499) Pause Young (Allocation Failure) 537M->301M(852M) 4.080ms
[437.810s][info ][gc,cpu       ] GC(499) User=0.02s Sys=0.00s Real=0.00s
[437.810s][info ][safepoint    ] Leaving safepoint region
[437.810s][info ][safepoint    ] Total time for which application threads were stopped: 0.0042483 seconds, Stopping threads took: 0.0000256 seconds
[438.753s][info ][safepoint    ] Application time: 0.9433213 seconds
[438.753s][info ][safepoint    ] Entering safepoint region: GenCollectForAllocation
[438.753s][info ][gc,start     ] GC(500) Pause Young (Allocation Failure)
[438.753s][info ][gc,task      ] GC(500) Using 4 workers of 4 for evacuation
[438.758s][debug][gc,ref       ] GC(500) Skipped phase1 of Reference Processing due to unavailable references
[438.758s][debug][gc,ref       ] GC(500) Skipped phase3 of Reference Processing due to unavailable references
[438.758s][debug][gc,ref       ] GC(500) Skipped phase4 of Reference Processing due to unavailable references
[438.758s][debug][gc,age       ] GC(500) Desired survivor size 15400960 bytes, new threshold 6 (max threshold 6)
[438.758s][info ][gc,heap      ] GC(500) ParNew: 243189K->2915K(270976K)
[438.758s][info ][gc,heap      ] GC(500) CMS: 306773K->306820K(602112K)
[438.758s][info ][gc,metaspace ] GC(500) Metaspace: 57297K->57297K(1101824K)
[438.758s][info ][gc           ] GC(500) Pause Young (Allocation Failure) 537M->302M(852M) 4.617ms
[438.758s][info ][gc,cpu       ] GC(500) User=0.01s Sys=0.00s Real=0.01s
[438.758s][info ][safepoint    ] Leaving safepoint region
[438.758s][info ][safepoint    ] Total time for which application threads were stopped: 0.0047721 seconds, Stopping threads took: 0.0000151 seconds
[439.689s][info ][safepoint    ] Application time: 0.9315307 seconds
[439.689s][info ][safepoint    ] Entering safepoint region: GenCollectForAllocation
[439.690s][info ][gc,start     ] GC(501) Pause Young (Allocation Failure)
[439.690s][info ][gc,task      ] GC(501) Using 4 workers of 4 for evacuation
[439.694s][debug][gc,ref       ] GC(501) Skipped phase1 of Reference Processing due to unavailable references
[439.694s][debug][gc,ref       ] GC(501) Skipped phase2 of Reference Processing due to unavailable references
[439.694s][debug][gc,ref       ] GC(501) Skipped phase3 of Reference Processing due to unavailable references
[439.694s][debug][gc,ref       ] GC(501) Skipped phase4 of Reference Processing due to unavailable references
[439.694s][debug][gc,age       ] GC(501) Desired survivor size 15400960 bytes, new threshold 6 (max threshold 6)
[439.694s][info ][gc,heap      ] GC(501) ParNew: 243811K->3547K(270976K)
[439.694s][info ][gc,heap      ] GC(501) CMS: 306820K->306866K(602112K)
[439.694s][info ][gc,metaspace ] GC(501) Metaspace: 57297K->57297K(1101824K)
[439.694s][info ][gc           ] GC(501) Pause Young (Allocation Failure) 537M->303M(852M) 4.307ms
[439.694s][info ][gc,cpu       ] GC(501) User=0.02s Sys=0.00s Real=0.00s
[439.694s][info ][safepoint    ] Leaving safepoint region
[439.694s][info ][safepoint    ] Total time for which application threads were stopped: 0.0044612 seconds, Stopping threads took: 0.0000141 seconds
[440.694s][info ][safepoint    ] Application time: 1.0001015 seconds
[440.694s][info ][safepoint    ] Entering safepoint region: Cleanup
[440.694s][info ][safepoint    ] Leaving safepoint region
[440.694s][info ][safepoint    ] Total time for which application threads were stopped: 0.0001307 seconds, Stopping threads took: 0.0000612 seconds
[440.720s][info ][safepoint    ] Application time: 0.0260552 seconds
[440.720s][info ][safepoint    ] Entering safepoint region: GenCollectForAllocation
[440.720s][info ][gc,start     ] GC(502) Pause Young (Allocation Failure)
[440.720s][info ][gc,task      ] GC(502) Using 4 workers of 4 for evacuation
[440.725s][debug][gc,ref       ] GC(502) Skipped phase1 of Reference Processing due to unavailable references
[440.725s][debug][gc,ref       ] GC(502) Skipped phase2 of Reference Processing due to unavailable references
[440.725s][debug][gc,ref       ] GC(502) Skipped phase3 of Reference Processing due to unavailable references
[440.725s][debug][gc,ref       ] GC(502) Skipped phase4 of Reference Processing due to unavailable references
[440.725s][debug][gc,age       ] GC(502) Desired survivor size 15400960 bytes, new threshold 6 (max threshold 6)
[440.725s][info ][gc,heap      ] GC(502) ParNew: 244443K->3329K(270976K)
[440.725s][info ][gc,heap      ] GC(502) CMS: 306866K->306902K(602112K)
[440.725s][info ][gc,metaspace ] GC(502) Metaspace: 57297K->57297K(1101824K)
[440.725s][info ][gc           ] GC(502) Pause Young (Allocation Failure) 538M->302M(852M) 4.543ms
[440.725s][info ][gc,cpu       ] GC(502) User=0.01s Sys=0.00s Real=0.01s
[440.725s][info ][safepoint    ] Leaving safepoint region
[440.725s][info ][safepoint    ] Total time for which application threads were stopped: 0.0046795 seconds, Stopping threads took: 0.0000160 seconds
[441.725s][info ][safepoint    ] Application time: 1.0000934 seconds
[441.725s][info ][safepoint    ] Entering safepoint region: Cleanup
[441.725s][info ][safepoint    ] Leaving safepoint region
[441.725s][info ][safepoint    ] Total time for which application threads were stopped: 0.0001381 seconds, Stopping threads took: 0.0000657 seconds
[441.792s][info ][safepoint    ] Application time: 0.0666969 seconds
[441.792s][info ][safepoint    ] Entering safepoint region: GenCollectForAllocation
[441.792s][info ][gc,start     ] GC(503) Pause Young (Allocation Failure)
[441.792s][info ][gc,task      ] GC(503) Using 4 workers of 4 for evacuation
[441.796s][debug][gc,ref       ] GC(503) Skipped phase1 of Reference Processing due to unavailable references
[441.796s][debug][gc,ref       ] GC(503) Skipped phase2 of Reference Processing due to unavailable references
[441.796s][debug][gc,ref       ] GC(503) Skipped phase3 of Reference Processing due to unavailable references
[441.796s][debug][gc,ref       ] GC(503) Skipped phase4 of Reference Processing due to unavailable references
[441.796s][debug][gc,age       ] GC(503) Desired survivor size 15400960 bytes, new threshold 6 (max threshold 6)
[441.796s][info ][gc,heap      ] GC(503) ParNew: 244225K->2831K(270976K)
[441.796s][info ][gc,heap      ] GC(503) CMS: 306902K->306917K(602112K)
[441.796s][info ][gc,metaspace ] GC(503) Metaspace: 57297K->57297K(1101824K)
[441.796s][info ][gc           ] GC(503) Pause Young (Allocation Failure) 538M->302M(852M) 4.006ms
[441.796s][info ][gc,cpu       ] GC(503) User=0.01s Sys=0.00s Real=0.01s
[441.796s][info ][safepoint    ] Leaving safepoint region
[441.796s][info ][safepoint    ] Total time for which application threads were stopped: 0.0041869 seconds, Stopping threads took: 0.0000129 seconds
[442.763s][info ][safepoint    ] Application time: 0.9669547 seconds
[442.763s][info ][safepoint    ] Entering safepoint region: GenCollectForAllocation
[442.763s][info ][gc,start     ] GC(504) Pause Young (Allocation Failure)
[442.763s][info ][gc,task      ] GC(504) Using 4 workers of 4 for evacuation
[442.769s][debug][gc,ref       ] GC(504) Skipped phase1 of Reference Processing due to unavailable references
[442.769s][debug][gc,ref       ] GC(504) Skipped phase2 of Reference Processing due to unavailable references
[442.769s][debug][gc,ref       ] GC(504) Skipped phase3 of Reference Processing due to unavailable references
[442.769s][debug][gc,ref       ] GC(504) Skipped phase4 of Reference Processing due to unavailable references
[442.769s][debug][gc,age       ] GC(504) Desired survivor size 15400960 bytes, new threshold 6 (max threshold 6)
[442.769s][info ][gc,heap      ] GC(504) ParNew: 243727K->4217K(270976K)
[442.769s][info ][gc,heap      ] GC(504) CMS: 306917K->306939K(602112K)
[442.769s][info ][gc,metaspace ] GC(504) Metaspace: 57297K->57297K(1101824K)
[442.769s][info ][gc           ] GC(504) Pause Young (Allocation Failure) 537M->303M(852M) 5.618ms
[442.769s][info ][gc,cpu       ] GC(504) User=0.02s Sys=0.00s Real=0.01s
[442.769s][info ][safepoint    ] Leaving safepoint region
[442.769s][info ][safepoint    ] Total time for which application threads were stopped: 0.0057672 seconds, Stopping threads took: 0.0000164 seconds
[443.700s][info ][safepoint    ] Application time: 0.9312488 seconds
[443.700s][info ][safepoint    ] Entering safepoint region: GenCollectForAllocation
[443.700s][info ][gc,start     ] GC(505) Pause Young (Allocation Failure)
[443.700s][info ][gc,task      ] GC(505) Using 4 workers of 4 for evacuation
[443.705s][debug][gc,ref       ] GC(505) Skipped phase1 of Reference Processing due to unavailable references
[443.705s][debug][gc,ref       ] GC(505) Skipped phase2 of Reference Processing due to unavailable references
[443.705s][debug][gc,ref       ] GC(505) Skipped phase3 of Reference Processing due to unavailable references
[443.705s][debug][gc,ref       ] GC(505) Skipped phase4 of Reference Processing due to unavailable references
[443.705s][debug][gc,age       ] GC(505) Desired survivor size 15400960 bytes, new threshold 6 (max threshold 6)
[443.705s][info ][gc,heap      ] GC(505) ParNew: 245113K->4856K(270976K)
[443.705s][info ][gc,heap      ] GC(505) CMS: 306939K->306996K(602112K)
[443.705s][info ][gc,metaspace ] GC(505) Metaspace: 57297K->57297K(1101824K)
[443.705s][info ][gc           ] GC(505) Pause Young (Allocation Failure) 539M->304M(852M) 4.704ms
[443.705s][info ][gc,cpu       ] GC(505) User=0.02s Sys=0.00s Real=0.01s
[443.705s][info ][safepoint    ] Leaving safepoint region
[443.705s][info ][safepoint    ] Total time for which application threads were stopped: 0.0048588 seconds, Stopping threads took: 0.0000143 seconds
[444.705s][info ][safepoint    ] Application time: 1.0000953 seconds
[444.705s][info ][safepoint    ] Entering safepoint region: Cleanup
[444.705s][info ][safepoint    ] Leaving safepoint region
[444.705s][info ][safepoint    ] Total time for which application threads were stopped: 0.0001101 seconds, Stopping threads took: 0.0000448 seconds
[444.730s][info ][safepoint    ] Application time: 0.0248485 seconds
[444.730s][info ][safepoint    ] Entering safepoint region: GenCollectForAllocation
[444.730s][info ][gc,start     ] GC(506) Pause Young (Allocation Failure)
[444.730s][info ][gc,task      ] GC(506) Using 4 workers of 4 for evacuation
[444.735s][debug][gc,ref       ] GC(506) Skipped phase1 of Reference Processing due to unavailable references
[444.735s][debug][gc,ref       ] GC(506) Skipped phase2 of Reference Processing due to unavailable references
[444.735s][debug][gc,ref       ] GC(506) Skipped phase3 of Reference Processing due to unavailable references
[444.735s][debug][gc,ref       ] GC(506) Skipped phase4 of Reference Processing due to unavailable references
[444.735s][debug][gc,age       ] GC(506) Desired survivor size 15400960 bytes, new threshold 6 (max threshold 6)
[444.735s][info ][gc,heap      ] GC(506) ParNew: 245752K->3242K(270976K)
[444.735s][info ][gc,heap      ] GC(506) CMS: 306996K->307194K(602112K)
[444.735s][info ][gc,metaspace ] GC(506) Metaspace: 57297K->57297K(1101824K)
[444.735s][info ][gc           ] GC(506) Pause Young (Allocation Failure) 539M->303M(852M) 4.519ms
[444.735s][info ][gc,cpu       ] GC(506) User=0.01s Sys=0.00s Real=0.00s
[444.735s][info ][safepoint    ] Leaving safepoint region
[444.735s][info ][safepoint    ] Total time for which application threads were stopped: 0.0046769 seconds, Stopping threads took: 0.0000144 seconds
[445.735s][info ][safepoint    ] Application time: 1.0001026 seconds
[445.735s][info ][safepoint    ] Entering safepoint region: Cleanup
[445.735s][info ][safepoint    ] Leaving safepoint region
[445.735s][info ][safepoint    ] Total time for which application threads were stopped: 0.0001332 seconds, Stopping threads took: 0.0000659 seconds
[445.766s][info ][safepoint    ] Application time: 0.0312398 seconds
[445.766s][info ][safepoint    ] Entering safepoint region: GenCollectForAllocation
[445.767s][info ][gc,start     ] GC(507) Pause Young (Allocation Failure)
[445.767s][info ][gc,task      ] GC(507) Using 4 workers of 4 for evacuation
[445.772s][debug][gc,ref       ] GC(507) Skipped phase1 of Reference Processing due to unavailable references
[445.772s][debug][gc,ref       ] GC(507) Skipped phase2 of Reference Processing due to unavailable references
[445.772s][debug][gc,ref       ] GC(507) Skipped phase3 of Reference Processing due to unavailable references
[445.772s][debug][gc,ref       ] GC(507) Skipped phase4 of Reference Processing due to unavailable references
[445.772s][debug][gc,age       ] GC(507) Desired survivor size 15400960 bytes, new threshold 6 (max threshold 6)
[445.772s][info ][gc,heap      ] GC(507) ParNew: 244138K->3472K(270976K)
[445.772s][info ][gc,heap      ] GC(507) CMS: 307194K->307263K(602112K)
[445.772s][info ][gc,metaspace ] GC(507) Metaspace: 57297K->57297K(1101824K)
[445.772s][info ][gc           ] GC(507) Pause Young (Allocation Failure) 538M->303M(852M) 5.499ms
[445.772s][info ][gc,cpu       ] GC(507) User=0.02s Sys=0.00s Real=0.00s
[445.772s][info ][safepoint    ] Leaving safepoint region
[445.772s][info ][safepoint    ] Total time for which application threads were stopped: 0.0056464 seconds, Stopping threads took: 0.0000134 seconds
[446.772s][info ][safepoint    ] Application time: 1.0000682 seconds
[446.772s][info ][safepoint    ] Entering safepoint region: Cleanup
[446.772s][info ][safepoint    ] Leaving safepoint region
[446.772s][info ][safepoint    ] Total time for which application threads were stopped: 0.0001782 seconds, Stopping threads took: 0.0000984 seconds
[446.882s][info ][safepoint    ] Application time: 0.1092468 seconds
[446.882s][info ][safepoint    ] Entering safepoint region: GenCollectForAllocation
[446.882s][info ][gc,start     ] GC(508) Pause Young (Allocation Failure)
[446.882s][info ][gc,task      ] GC(508) Using 4 workers of 4 for evacuation
[446.886s][debug][gc,ref       ] GC(508) Skipped phase1 of Reference Processing due to unavailable references
[446.886s][debug][gc,ref       ] GC(508) Skipped phase2 of Reference Processing due to unavailable references
[446.886s][debug][gc,ref       ] GC(508) Skipped phase3 of Reference Processing due to unavailable references
[446.886s][debug][gc,ref       ] GC(508) Skipped phase4 of Reference Processing due to unavailable references
[446.886s][debug][gc,age       ] GC(508) Desired survivor size 15400960 bytes, new threshold 6 (max threshold 6)
[446.886s][info ][gc,heap      ] GC(508) ParNew: 244368K->3849K(270976K)
[446.886s][info ][gc,heap      ] GC(508) CMS: 307263K->307350K(602112K)
[446.886s][info ][gc,metaspace ] GC(508) Metaspace: 57297K->57297K(1101824K)
[446.886s][info ][gc           ] GC(508) Pause Young (Allocation Failure) 538M->303M(852M) 4.364ms
[446.886s][info ][gc,cpu       ] GC(508) User=0.01s Sys=0.00s Real=0.01s
[446.886s][info ][safepoint    ] Leaving safepoint region
[446.886s][info ][safepoint    ] Total time for which application threads were stopped: 0.0045282 seconds, Stopping threads took: 0.0000264 seconds
[447.819s][info ][safepoint    ] Application time: 0.9322681 seconds
[447.819s][info ][safepoint    ] Entering safepoint region: GenCollectForAllocation
[447.819s][info ][gc,start     ] GC(509) Pause Young (Allocation Failure)
[447.819s][info ][gc,task      ] GC(509) Using 4 workers of 4 for evacuation
[447.824s][debug][gc,ref       ] GC(509) Skipped phase1 of Reference Processing due to unavailable references
[447.824s][debug][gc,ref       ] GC(509) Skipped phase2 of Reference Processing due to unavailable references
[447.824s][debug][gc,ref       ] GC(509) Skipped phase3 of Reference Processing due to unavailable references
[447.824s][debug][gc,ref       ] GC(509) Skipped phase4 of Reference Processing due to unavailable references
[447.824s][debug][gc,age       ] GC(509) Desired survivor size 15400960 bytes, new threshold 6 (max threshold 6)
[447.824s][info ][gc,heap      ] GC(509) ParNew: 244745K->3919K(270976K)
[447.824s][info ][gc,heap      ] GC(509) CMS: 307350K->307452K(602112K)
[447.824s][info ][gc,metaspace ] GC(509) Metaspace: 57297K->57297K(1101824K)
[447.824s][info ][gc           ] GC(509) Pause Young (Allocation Failure) 539M->304M(852M) 5.712ms
[447.824s][info ][gc,cpu       ] GC(509) User=0.02s Sys=0.00s Real=0.01s
[447.824s][info ][safepoint    ] Leaving safepoint region
[447.824s][info ][safepoint    ] Total time for which application threads were stopped: 0.0058840 seconds, Stopping threads took: 0.0000143 seconds
[448.825s][info ][safepoint    ] Application time: 1.0001015 seconds
[448.825s][info ][safepoint    ] Entering safepoint region: Cleanup
[448.825s][info ][safepoint    ] Leaving safepoint region
[448.825s][info ][safepoint    ] Total time for which application threads were stopped: 0.0001403 seconds, Stopping threads took: 0.0000654 seconds
[448.876s][info ][safepoint    ] Application time: 0.0512652 seconds
[448.876s][info ][safepoint    ] Entering safepoint region: GenCollectForAllocation
[448.876s][info ][gc,start     ] GC(510) Pause Young (Allocation Failure)
[448.876s][info ][gc,task      ] GC(510) Using 4 workers of 4 for evacuation
[448.881s][debug][gc,ref       ] GC(510) Skipped phase1 of Reference Processing due to unavailable references
[448.881s][debug][gc,ref       ] GC(510) Skipped phase2 of Reference Processing due to unavailable references
[448.881s][debug][gc,ref       ] GC(510) Skipped phase3 of Reference Processing due to unavailable references
[448.881s][debug][gc,ref       ] GC(510) Skipped phase4 of Reference Processing due to unavailable references
[448.881s][debug][gc,age       ] GC(510) Desired survivor size 15400960 bytes, new threshold 6 (max threshold 6)
[448.881s][info ][gc,heap      ] GC(510) ParNew: 244815K->3333K(270976K)
[448.881s][info ][gc,heap      ] GC(510) CMS: 307452K->307722K(602112K)
[448.881s][info ][gc,metaspace ] GC(510) Metaspace: 57297K->57297K(1101824K)
[448.881s][info ][gc           ] GC(510) Pause Young (Allocation Failure) 539M->303M(852M) 5.284ms
[448.881s][info ][gc,cpu       ] GC(510) User=0.02s Sys=0.00s Real=0.00s
[448.881s][info ][safepoint    ] Leaving safepoint region
[448.881s][info ][safepoint    ] Total time for which application threads were stopped: 0.0054494 seconds, Stopping threads took: 0.0000152 seconds
[449.882s][info ][safepoint    ] Application time: 1.0000915 seconds
[449.882s][info ][safepoint    ] Entering safepoint region: Cleanup
[449.882s][info ][safepoint    ] Leaving safepoint region
[449.882s][info ][safepoint    ] Total time for which application threads were stopped: 0.0002434 seconds, Stopping threads took: 0.0001558 seconds
[449.927s][info ][safepoint    ] Application time: 0.0454082 seconds
[449.927s][info ][safepoint    ] Entering safepoint region: GenCollectForAllocation
[449.927s][info ][gc,start     ] GC(511) Pause Young (Allocation Failure)
[449.927s][info ][gc,task      ] GC(511) Using 4 workers of 4 for evacuation
[449.931s][debug][gc,ref       ] GC(511) Skipped phase1 of Reference Processing due to unavailable references
[449.931s][debug][gc,ref       ] GC(511) Skipped phase2 of Reference Processing due to unavailable references
[449.931s][debug][gc,ref       ] GC(511) Skipped phase3 of Reference Processing due to unavailable references
[449.931s][debug][gc,ref       ] GC(511) Skipped phase4 of Reference Processing due to unavailable references
[449.932s][debug][gc,age       ] GC(511) Desired survivor size 15400960 bytes, new threshold 6 (max threshold 6)
[449.932s][info ][gc,heap      ] GC(511) ParNew: 244229K->3067K(270976K)
[449.932s][info ][gc,heap      ] GC(511) CMS: 307722K->307887K(602112K)
[449.932s][info ][gc,metaspace ] GC(511) Metaspace: 57297K->57297K(1101824K)
[449.932s][info ][gc           ] GC(511) Pause Young (Allocation Failure) 539M->303M(852M) 4.254ms
[449.932s][info ][gc,cpu       ] GC(511) User=0.01s Sys=0.00s Real=0.00s
[449.932s][info ][safepoint    ] Leaving safepoint region
[449.932s][info ][safepoint    ] Total time for which application threads were stopped: 0.0043982 seconds, Stopping threads took: 0.0000146 seconds
[450.932s][info ][safepoint    ] Application time: 1.0000918 seconds
[450.932s][info ][safepoint    ] Entering safepoint region: Cleanup
[450.932s][info ][safepoint    ] Leaving safepoint region
[450.932s][info ][safepoint    ] Total time for which application threads were stopped: 0.0000781 seconds, Stopping threads took: 0.0000148 seconds
[450.968s][info ][safepoint    ] Application time: 0.0359719 seconds
[450.968s][info ][safepoint    ] Entering safepoint region: GenCollectForAllocation
[450.968s][info ][gc,start     ] GC(512) Pause Young (Allocation Failure)
[450.968s][info ][gc,task      ] GC(512) Using 4 workers of 4 for evacuation
[450.972s][debug][gc,ref       ] GC(512) Skipped phase1 of Reference Processing due to unavailable references
[450.972s][debug][gc,ref       ] GC(512) Skipped phase2 of Reference Processing due to unavailable references
[450.972s][debug][gc,ref       ] GC(512) Skipped phase3 of Reference Processing due to unavailable references
[450.972s][debug][gc,ref       ] GC(512) Skipped phase4 of Reference Processing due to unavailable references
[450.972s][debug][gc,age       ] GC(512) Desired survivor size 15400960 bytes, new threshold 6 (max threshold 6)
[450.972s][info ][gc,heap      ] GC(512) ParNew: 243963K->4000K(270976K)
[450.972s][info ][gc,heap      ] GC(512) CMS: 307887K->307890K(602112K)
[450.972s][info ][gc,metaspace ] GC(512) Metaspace: 57297K->57297K(1101824K)
[450.972s][info ][gc           ] GC(512) Pause Young (Allocation Failure) 538M->304M(852M) 4.141ms
[450.972s][info ][gc,cpu       ] GC(512) User=0.01s Sys=0.00s Real=0.00s
[450.972s][info ][safepoint    ] Leaving safepoint region
[450.972s][info ][safepoint    ] Total time for which application threads were stopped: 0.0042777 seconds, Stopping threads took: 0.0000137 seconds
[451.932s][info ][safepoint    ] Application time: 0.9596043 seconds
[451.932s][info ][safepoint    ] Entering safepoint region: GenCollectForAllocation
[451.932s][info ][gc,start     ] GC(513) Pause Young (Allocation Failure)
[451.932s][info ][gc,task      ] GC(513) Using 4 workers of 4 for evacuation
[451.936s][debug][gc,ref       ] GC(513) Skipped phase1 of Reference Processing due to unavailable references
[451.936s][debug][gc,ref       ] GC(513) Skipped phase2 of Reference Processing due to unavailable references
[451.936s][debug][gc,ref       ] GC(513) Skipped phase3 of Reference Processing due to unavailable references
[451.936s][debug][gc,ref       ] GC(513) Skipped phase4 of Reference Processing due to unavailable references
[451.936s][debug][gc,age       ] GC(513) Desired survivor size 15400960 bytes, new threshold 6 (max threshold 6)
[451.936s][info ][gc,heap      ] GC(513) ParNew: 244896K->2872K(270976K)
[451.936s][info ][gc,heap      ] GC(513) CMS: 307890K->308120K(602112K)
[451.936s][info ][gc,metaspace ] GC(513) Metaspace: 57297K->57297K(1101824K)
[451.936s][info ][gc           ] GC(513) Pause Young (Allocation Failure) 539M->303M(852M) 4.114ms
[451.936s][info ][gc,cpu       ] GC(513) User=0.02s Sys=0.00s Real=0.01s
[451.936s][info ][safepoint    ] Leaving safepoint region
[451.936s][info ][safepoint    ] Total time for which application threads were stopped: 0.0042544 seconds, Stopping threads took: 0.0000158 seconds
[452.915s][info ][safepoint    ] Application time: 0.9794109 seconds
[452.916s][info ][safepoint    ] Entering safepoint region: GenCollectForAllocation
[452.916s][info ][gc,start     ] GC(514) Pause Young (Allocation Failure)
[452.916s][info ][gc,task      ] GC(514) Using 4 workers of 4 for evacuation
[452.920s][debug][gc,ref       ] GC(514) Skipped phase1 of Reference Processing due to unavailable references
[452.920s][debug][gc,ref       ] GC(514) Skipped phase2 of Reference Processing due to unavailable references
[452.920s][debug][gc,ref       ] GC(514) Skipped phase3 of Reference Processing due to unavailable references
[452.920s][debug][gc,ref       ] GC(514) Skipped phase4 of Reference Processing due to unavailable references
[452.920s][debug][gc,age       ] GC(514) Desired survivor size 15400960 bytes, new threshold 6 (max threshold 6)
[452.920s][info ][gc,heap      ] GC(514) ParNew: 243768K->2909K(270976K)
[452.920s][info ][gc,heap      ] GC(514) CMS: 308120K->308232K(602112K)
[452.920s][info ][gc,metaspace ] GC(514) Metaspace: 57299K->57299K(1101824K)
[452.920s][info ][gc           ] GC(514) Pause Young (Allocation Failure) 538M->303M(852M) 4.400ms
[452.920s][info ][gc,cpu       ] GC(514) User=0.02s Sys=0.00s Real=0.00s
[452.920s][info ][safepoint    ] Leaving safepoint region
[452.920s][info ][safepoint    ] Total time for which application threads were stopped: 0.0045337 seconds, Stopping threads took: 0.0000142 seconds
[453.891s][info ][safepoint    ] Application time: 0.9710327 seconds
[453.891s][info ][safepoint    ] Entering safepoint region: GenCollectForAllocation
[453.891s][info ][gc,start     ] GC(515) Pause Young (Allocation Failure)
[453.891s][info ][gc,task      ] GC(515) Using 4 workers of 4 for evacuation
[453.901s][debug][gc,ref       ] GC(515) Skipped phase1 of Reference Processing due to unavailable references
[453.901s][debug][gc,ref       ] GC(515) Skipped phase2 of Reference Processing due to unavailable references
[453.901s][debug][gc,ref       ] GC(515) Skipped phase3 of Reference Processing due to unavailable references
[453.901s][debug][gc,ref       ] GC(515) Skipped phase4 of Reference Processing due to unavailable references
[453.901s][debug][gc,age       ] GC(515) Desired survivor size 15400960 bytes, new threshold 6 (max threshold 6)
[453.901s][info ][gc,heap      ] GC(515) ParNew: 243805K->3115K(270976K)
[453.901s][info ][gc,heap      ] GC(515) CMS: 308232K->308339K(602112K)
[453.901s][info ][gc,metaspace ] GC(515) Metaspace: 57299K->57299K(1101824K)
[453.901s][info ][gc           ] GC(515) Pause Young (Allocation Failure) 539M->304M(852M) 9.545ms
[453.901s][info ][gc,cpu       ] GC(515) User=0.02s Sys=0.01s Real=0.01s
[453.901s][info ][safepoint    ] Leaving safepoint region
[453.901s][info ][safepoint    ] Total time for which application threads were stopped: 0.0096869 seconds, Stopping threads took: 0.0000138 seconds
[454.866s][info ][safepoint    ] Application time: 0.9648592 seconds
[454.866s][info ][safepoint    ] Entering safepoint region: GenCollectForAllocation
[454.866s][info ][gc,start     ] GC(516) Pause Young (Allocation Failure)
[454.866s][info ][gc,task      ] GC(516) Using 4 workers of 4 for evacuation
[454.870s][debug][gc,ref       ] GC(516) Skipped phase1 of Reference Processing due to unavailable references
[454.870s][debug][gc,ref       ] GC(516) Skipped phase2 of Reference Processing due to unavailable references
[454.870s][debug][gc,ref       ] GC(516) Skipped phase3 of Reference Processing due to unavailable references
[454.870s][debug][gc,ref       ] GC(516) Skipped phase4 of Reference Processing due to unavailable references
[454.870s][debug][gc,age       ] GC(516) Desired survivor size 15400960 bytes, new threshold 6 (max threshold 6)
[454.870s][info ][gc,heap      ] GC(516) ParNew: 244011K->3539K(270976K)
[454.870s][info ][gc,heap      ] GC(516) CMS: 308339K->308364K(602112K)
[454.870s][info ][gc,metaspace ] GC(516) Metaspace: 57299K->57299K(1101824K)
[454.870s][info ][gc           ] GC(516) Pause Young (Allocation Failure) 539M->304M(852M) 4.091ms
[454.870s][info ][gc,cpu       ] GC(516) User=0.02s Sys=0.00s Real=0.00s
[454.870s][info ][safepoint    ] Leaving safepoint region
[454.870s][info ][safepoint    ] Total time for which application threads were stopped: 0.0043204 seconds, Stopping threads took: 0.0000873 seconds
[455.870s][info ][safepoint    ] Application time: 1.0000973 seconds
[455.870s][info ][safepoint    ] Entering safepoint region: Cleanup
[455.870s][info ][safepoint    ] Leaving safepoint region
[455.870s][info ][safepoint    ] Total time for which application threads were stopped: 0.0001161 seconds, Stopping threads took: 0.0000500 seconds
[455.897s][info ][safepoint    ] Application time: 0.0260276 seconds
[455.897s][info ][safepoint    ] Entering safepoint region: GenCollectForAllocation
[455.897s][info ][gc,start     ] GC(517) Pause Young (Allocation Failure)
[455.897s][info ][gc,task      ] GC(517) Using 4 workers of 4 for evacuation
[455.901s][debug][gc,ref       ] GC(517) Skipped phase1 of Reference Processing due to unavailable references
[455.901s][debug][gc,ref       ] GC(517) Skipped phase2 of Reference Processing due to unavailable references
[455.901s][debug][gc,ref       ] GC(517) Skipped phase3 of Reference Processing due to unavailable references
[455.901s][debug][gc,ref       ] GC(517) Skipped phase4 of Reference Processing due to unavailable references
[455.901s][debug][gc,age       ] GC(517) Desired survivor size 15400960 bytes, new threshold 6 (max threshold 6)
[455.901s][info ][gc,heap      ] GC(517) ParNew: 244435K->2550K(270976K)
[455.901s][info ][gc,heap      ] GC(517) CMS: 308364K->308410K(602112K)
[455.901s][info ][gc,metaspace ] GC(517) Metaspace: 57299K->57299K(1101824K)
[455.901s][info ][gc           ] GC(517) Pause Young (Allocation Failure) 539M->303M(852M) 4.115ms
[455.901s][info ][gc,cpu       ] GC(517) User=0.02s Sys=0.00s Real=0.00s
[455.901s][info ][safepoint    ] Leaving safepoint region
[455.901s][info ][safepoint    ] Total time for which application threads were stopped: 0.0042566 seconds, Stopping threads took: 0.0000138 seconds
[456.901s][info ][safepoint    ] Application time: 1.0000992 seconds
[456.901s][info ][safepoint    ] Entering safepoint region: Cleanup
[456.901s][info ][safepoint    ] Leaving safepoint region
[456.901s][info ][safepoint    ] Total time for which application threads were stopped: 0.0001409 seconds, Stopping threads took: 0.0000647 seconds
[456.915s][info ][safepoint    ] Application time: 0.0139935 seconds
[456.915s][info ][safepoint    ] Entering safepoint region: GenCollectForAllocation
[456.915s][info ][gc,start     ] GC(518) Pause Young (Allocation Failure)
[456.915s][info ][gc,task      ] GC(518) Using 4 workers of 4 for evacuation
[456.919s][debug][gc,ref       ] GC(518) Skipped phase1 of Reference Processing due to unavailable references
[456.919s][debug][gc,ref       ] GC(518) Skipped phase2 of Reference Processing due to unavailable references
[456.919s][debug][gc,ref       ] GC(518) Skipped phase3 of Reference Processing due to unavailable references
[456.919s][debug][gc,ref       ] GC(518) Skipped phase4 of Reference Processing due to unavailable references
[456.919s][debug][gc,age       ] GC(518) Desired survivor size 15400960 bytes, new threshold 6 (max threshold 6)
[456.920s][info ][gc,heap      ] GC(518) ParNew: 243446K->3231K(270976K)
[456.920s][info ][gc,heap      ] GC(518) CMS: 308410K->308482K(602112K)
[456.920s][info ][gc,metaspace ] GC(518) Metaspace: 57299K->57299K(1101824K)
[456.920s][info ][gc           ] GC(518) Pause Young (Allocation Failure) 538M->304M(852M) 4.313ms
[456.920s][info ][gc,cpu       ] GC(518) User=0.02s Sys=0.00s Real=0.01s
[456.920s][info ][safepoint    ] Leaving safepoint region
[456.920s][info ][safepoint    ] Total time for which application threads were stopped: 0.0044766 seconds, Stopping threads took: 0.0000139 seconds
[457.883s][info ][safepoint    ] Application time: 0.9635291 seconds
[457.883s][info ][safepoint    ] Entering safepoint region: GenCollectForAllocation
[457.883s][info ][gc,start     ] GC(519) Pause Young (Allocation Failure)
[457.883s][info ][gc,task      ] GC(519) Using 4 workers of 4 for evacuation
[457.888s][debug][gc,ref       ] GC(519) Skipped phase1 of Reference Processing due to unavailable references
[457.888s][debug][gc,ref       ] GC(519) Skipped phase2 of Reference Processing due to unavailable references
[457.888s][debug][gc,ref       ] GC(519) Skipped phase3 of Reference Processing due to unavailable references
[457.888s][debug][gc,ref       ] GC(519) Skipped phase4 of Reference Processing due to unavailable references
[457.888s][debug][gc,age       ] GC(519) Desired survivor size 15400960 bytes, new threshold 6 (max threshold 6)
[457.888s][info ][gc,heap      ] GC(519) ParNew: 244127K->3521K(270976K)
[457.888s][info ][gc,heap      ] GC(519) CMS: 308482K->308567K(602112K)
[457.888s][info ][gc,metaspace ] GC(519) Metaspace: 57299K->57299K(1101824K)
[457.888s][info ][gc           ] GC(519) Pause Young (Allocation Failure) 539M->304M(852M) 4.543ms
[457.888s][info ][gc,cpu       ] GC(519) User=0.01s Sys=0.00s Real=0.01s
[457.888s][info ][safepoint    ] Leaving safepoint region
[457.888s][info ][safepoint    ] Total time for which application threads were stopped: 0.0047062 seconds, Stopping threads took: 0.0000139 seconds
[458.888s][info ][safepoint    ] Application time: 1.0001620 seconds
[458.888s][info ][safepoint    ] Entering safepoint region: Cleanup
[458.888s][info ][safepoint    ] Leaving safepoint region
[458.888s][info ][safepoint    ] Total time for which application threads were stopped: 0.0000724 seconds, Stopping threads took: 0.0000156 seconds
[458.982s][info ][safepoint    ] Application time: 0.0934012 seconds
[458.982s][info ][safepoint    ] Entering safepoint region: GenCollectForAllocation
[458.982s][info ][gc,start     ] GC(520) Pause Young (Allocation Failure)
[458.982s][info ][gc,task      ] GC(520) Using 4 workers of 4 for evacuation
[458.986s][debug][gc,ref       ] GC(520) Skipped phase1 of Reference Processing due to unavailable references
[458.986s][debug][gc,ref       ] GC(520) Skipped phase2 of Reference Processing due to unavailable references
[458.986s][debug][gc,ref       ] GC(520) Skipped phase3 of Reference Processing due to unavailable references
[458.986s][debug][gc,ref       ] GC(520) Skipped phase4 of Reference Processing due to unavailable references
[458.986s][debug][gc,age       ] GC(520) Desired survivor size 15400960 bytes, new threshold 6 (max threshold 6)
[458.986s][info ][gc,heap      ] GC(520) ParNew: 244417K->3493K(270976K)
[458.986s][info ][gc,heap      ] GC(520) CMS: 308567K->308654K(602112K)
[458.986s][info ][gc,metaspace ] GC(520) Metaspace: 57299K->57299K(1101824K)
[458.986s][info ][gc           ] GC(520) Pause Young (Allocation Failure) 540M->304M(852M) 4.429ms
[458.986s][info ][gc,cpu       ] GC(520) User=0.02s Sys=0.00s Real=0.01s
[458.986s][info ][safepoint    ] Leaving safepoint region
[458.986s][info ][safepoint    ] Total time for which application threads were stopped: 0.0045714 seconds, Stopping threads took: 0.0000138 seconds
[459.986s][info ][safepoint    ] Application time: 1.0001008 seconds
[459.986s][info ][safepoint    ] Entering safepoint region: Cleanup
[459.986s][info ][safepoint    ] Leaving safepoint region
[459.986s][info ][safepoint    ] Total time for which application threads were stopped: 0.0001420 seconds, Stopping threads took: 0.0000633 seconds
[459.995s][info ][safepoint    ] Application time: 0.0086250 seconds
[459.995s][info ][safepoint    ] Entering safepoint region: GenCollectForAllocation
[459.995s][info ][gc,start     ] GC(521) Pause Young (Allocation Failure)
[459.995s][info ][gc,task      ] GC(521) Using 4 workers of 4 for evacuation
[459.999s][debug][gc,ref       ] GC(521) Skipped phase1 of Reference Processing due to unavailable references
[459.999s][debug][gc,ref       ] GC(521) Skipped phase2 of Reference Processing due to unavailable references
[459.999s][debug][gc,ref       ] GC(521) Skipped phase3 of Reference Processing due to unavailable references
[459.999s][debug][gc,ref       ] GC(521) Skipped phase4 of Reference Processing due to unavailable references
[459.999s][debug][gc,age       ] GC(521) Desired survivor size 15400960 bytes, new threshold 6 (max threshold 6)
[459.999s][info ][gc,heap      ] GC(521) ParNew: 244389K->3580K(270976K)
[459.999s][info ][gc,heap      ] GC(521) CMS: 308654K->308714K(602112K)
[459.999s][info ][gc,metaspace ] GC(521) Metaspace: 57299K->57299K(1101824K)
[459.999s][info ][gc           ] GC(521) Pause Young (Allocation Failure) 540M->304M(852M) 4.297ms
[459.999s][info ][gc,cpu       ] GC(521) User=0.01s Sys=0.00s Real=0.01s
[459.999s][info ][safepoint    ] Leaving safepoint region
[460.000s][info ][safepoint    ] Total time for which application threads were stopped: 0.0044240 seconds, Stopping threads took: 0.0000115 seconds
[461.000s][info ][safepoint    ] Application time: 1.0000988 seconds
[461.000s][info ][safepoint    ] Entering safepoint region: Cleanup
[461.000s][info ][safepoint    ] Leaving safepoint region
[461.000s][info ][safepoint    ] Total time for which application threads were stopped: 0.0000697 seconds, Stopping threads took: 0.0000164 seconds
[461.097s][info ][safepoint    ] Application time: 0.0971268 seconds
[461.097s][info ][safepoint    ] Entering safepoint region: GenCollectForAllocation
[461.097s][info ][gc,start     ] GC(522) Pause Young (Allocation Failure)
[461.097s][info ][gc,task      ] GC(522) Using 4 workers of 4 for evacuation
[461.101s][debug][gc,ref       ] GC(522) Skipped phase1 of Reference Processing due to unavailable references
[461.101s][debug][gc,ref       ] GC(522) Skipped phase2 of Reference Processing due to unavailable references
[461.101s][debug][gc,ref       ] GC(522) Skipped phase3 of Reference Processing due to unavailable references
[461.101s][debug][gc,ref       ] GC(522) Skipped phase4 of Reference Processing due to unavailable references
[461.102s][debug][gc,age       ] GC(522) Desired survivor size 15400960 bytes, new threshold 6 (max threshold 6)
[461.102s][info ][gc,heap      ] GC(522) ParNew: 244476K->2837K(270976K)
[461.102s][info ][gc,heap      ] GC(522) CMS: 308714K->308863K(602112K)
[461.102s][info ][gc,metaspace ] GC(522) Metaspace: 57300K->57300K(1101824K)
[461.102s][info ][gc           ] GC(522) Pause Young (Allocation Failure) 540M->304M(852M) 4.658ms
[461.102s][info ][gc,cpu       ] GC(522) User=0.02s Sys=0.00s Real=0.00s
[461.102s][info ][safepoint    ] Leaving safepoint region
[461.102s][info ][safepoint    ] Total time for which application threads were stopped: 0.0048441 seconds, Stopping threads took: 0.0000183 seconds
[462.029s][info ][safepoint    ] Application time: 0.9274159 seconds
[462.029s][info ][safepoint    ] Entering safepoint region: GenCollectForAllocation
[462.029s][info ][gc,start     ] GC(523) Pause Young (Allocation Failure)
[462.029s][info ][gc,task      ] GC(523) Using 4 workers of 4 for evacuation
[462.034s][debug][gc,ref       ] GC(523) Skipped phase1 of Reference Processing due to unavailable references
[462.034s][debug][gc,ref       ] GC(523) Skipped phase2 of Reference Processing due to unavailable references
[462.034s][debug][gc,ref       ] GC(523) Skipped phase3 of Reference Processing due to unavailable references
[462.034s][debug][gc,ref       ] GC(523) Skipped phase4 of Reference Processing due to unavailable references
[462.034s][debug][gc,age       ] GC(523) Desired survivor size 15400960 bytes, new threshold 6 (max threshold 6)
[462.034s][info ][gc,heap      ] GC(523) ParNew: 243733K->2775K(270976K)
[462.034s][info ][gc,heap      ] GC(523) CMS: 308863K->308903K(602112K)
[462.034s][info ][gc,metaspace ] GC(523) Metaspace: 57300K->57300K(1101824K)
[462.034s][info ][gc           ] GC(523) Pause Young (Allocation Failure) 539M->304M(852M) 4.428ms
[462.034s][info ][gc,cpu       ] GC(523) User=0.01s Sys=0.00s Real=0.00s
[462.034s][info ][safepoint    ] Leaving safepoint region
[462.034s][info ][safepoint    ] Total time for which application threads were stopped: 0.0045929 seconds, Stopping threads took: 0.0000270 seconds
[463.034s][info ][safepoint    ] Application time: 1.0000950 seconds
[463.034s][info ][safepoint    ] Entering safepoint region: Cleanup
[463.034s][info ][safepoint    ] Leaving safepoint region
[463.034s][info ][safepoint    ] Total time for which application threads were stopped: 0.0000665 seconds, Stopping threads took: 0.0000145 seconds
[463.122s][info ][safepoint    ] Application time: 0.0880443 seconds
[463.122s][info ][safepoint    ] Entering safepoint region: GenCollectForAllocation
[463.122s][info ][gc,start     ] GC(524) Pause Young (Allocation Failure)
[463.122s][info ][gc,task      ] GC(524) Using 4 workers of 4 for evacuation
[463.126s][debug][gc,ref       ] GC(524) Skipped phase1 of Reference Processing due to unavailable references
[463.126s][debug][gc,ref       ] GC(524) Skipped phase2 of Reference Processing due to unavailable references
[463.126s][debug][gc,ref       ] GC(524) Skipped phase3 of Reference Processing due to unavailable references
[463.126s][debug][gc,ref       ] GC(524) Skipped phase4 of Reference Processing due to unavailable references
[463.126s][debug][gc,age       ] GC(524) Desired survivor size 15400960 bytes, new threshold 6 (max threshold 6)
[463.126s][info ][gc,heap      ] GC(524) ParNew: 243671K->3332K(270976K)
[463.126s][info ][gc,heap      ] GC(524) CMS: 308903K->308967K(602112K)
[463.126s][info ][gc,metaspace ] GC(524) Metaspace: 57300K->57300K(1101824K)
[463.126s][info ][gc           ] GC(524) Pause Young (Allocation Failure) 539M->304M(852M) 4.266ms
[463.126s][info ][gc,cpu       ] GC(524) User=0.02s Sys=0.00s Real=0.01s
[463.126s][info ][safepoint    ] Leaving safepoint region
[463.126s][info ][safepoint    ] Total time for which application threads were stopped: 0.0044214 seconds, Stopping threads took: 0.0000172 seconds
[464.127s][info ][safepoint    ] Application time: 1.0001229 seconds
[464.127s][info ][safepoint    ] Entering safepoint region: Cleanup
[464.127s][info ][safepoint    ] Leaving safepoint region
[464.127s][info ][safepoint    ] Total time for which application threads were stopped: 0.0001185 seconds, Stopping threads took: 0.0000480 seconds
[464.162s][info ][safepoint    ] Application time: 0.0355652 seconds
[464.162s][info ][safepoint    ] Entering safepoint region: GenCollectForAllocation
[464.163s][info ][gc,start     ] GC(525) Pause Young (Allocation Failure)
[464.163s][info ][gc,task      ] GC(525) Using 4 workers of 4 for evacuation
[464.167s][debug][gc,ref       ] GC(525) Skipped phase1 of Reference Processing due to unavailable references
[464.167s][debug][gc,ref       ] GC(525) Skipped phase2 of Reference Processing due to unavailable references
[464.167s][debug][gc,ref       ] GC(525) Skipped phase3 of Reference Processing due to unavailable references
[464.167s][debug][gc,ref       ] GC(525) Skipped phase4 of Reference Processing due to unavailable references
[464.167s][debug][gc,age       ] GC(525) Desired survivor size 15400960 bytes, new threshold 6 (max threshold 6)
[464.167s][info ][gc,heap      ] GC(525) ParNew: 244228K->2825K(270976K)
[464.167s][info ][gc,heap      ] GC(525) CMS: 308967K->309241K(602112K)
[464.167s][info ][gc,metaspace ] GC(525) Metaspace: 57300K->57300K(1101824K)
[464.167s][info ][gc           ] GC(525) Pause Young (Allocation Failure) 540M->304M(852M) 4.535ms
[464.167s][info ][gc,cpu       ] GC(525) User=0.02s Sys=0.00s Real=0.01s
[464.167s][info ][safepoint    ] Leaving safepoint region
[464.167s][info ][safepoint    ] Total time for which application threads were stopped: 0.0046901 seconds, Stopping threads took: 0.0000136 seconds
[465.155s][info ][safepoint    ] Application time: 0.9882261 seconds
[465.155s][info ][safepoint    ] Entering safepoint region: GenCollectForAllocation
[465.155s][info ][gc,start     ] GC(526) Pause Young (Allocation Failure)
[465.156s][info ][gc,task      ] GC(526) Using 4 workers of 4 for evacuation
[465.159s][debug][gc,ref       ] GC(526) Skipped phase1 of Reference Processing due to unavailable references
[465.159s][debug][gc,ref       ] GC(526) Skipped phase2 of Reference Processing due to unavailable references
[465.159s][debug][gc,ref       ] GC(526) Skipped phase3 of Reference Processing due to unavailable references
[465.159s][debug][gc,ref       ] GC(526) Skipped phase4 of Reference Processing due to unavailable references
[465.159s][debug][gc,age       ] GC(526) Desired survivor size 15400960 bytes, new threshold 6 (max threshold 6)
[465.159s][info ][gc,heap      ] GC(526) ParNew: 243721K->2648K(270976K)
[465.159s][info ][gc,heap      ] GC(526) CMS: 309241K->309413K(602112K)
[465.159s][info ][gc,metaspace ] GC(526) Metaspace: 57300K->57300K(1101824K)
[465.159s][info ][gc           ] GC(526) Pause Young (Allocation Failure) 540M->304M(852M) 3.976ms
[465.159s][info ][gc,cpu       ] GC(526) User=0.01s Sys=0.01s Real=0.00s
[465.159s][info ][safepoint    ] Leaving safepoint region
[465.159s][info ][safepoint    ] Total time for which application threads were stopped: 0.0041634 seconds, Stopping threads took: 0.0000279 seconds
[466.079s][info ][safepoint    ] Application time: 0.9191559 seconds
[466.079s][info ][safepoint    ] Entering safepoint region: GenCollectForAllocation
[466.079s][info ][gc,start     ] GC(527) Pause Young (Allocation Failure)
[466.079s][info ][gc,task      ] GC(527) Using 4 workers of 4 for evacuation
[466.083s][debug][gc,ref       ] GC(527) Skipped phase1 of Reference Processing due to unavailable references
[466.083s][debug][gc,ref       ] GC(527) Skipped phase2 of Reference Processing due to unavailable references
[466.083s][debug][gc,ref       ] GC(527) Skipped phase3 of Reference Processing due to unavailable references
[466.083s][debug][gc,ref       ] GC(527) Skipped phase4 of Reference Processing due to unavailable references
[466.083s][debug][gc,age       ] GC(527) Desired survivor size 15400960 bytes, new threshold 6 (max threshold 6)
[466.083s][info ][gc,heap      ] GC(527) ParNew: 243544K->3433K(270976K)
[466.083s][info ][gc,heap      ] GC(527) CMS: 309413K->309427K(602112K)
[466.083s][info ][gc,metaspace ] GC(527) Metaspace: 57300K->57300K(1101824K)
[466.083s][info ][gc           ] GC(527) Pause Young (Allocation Failure) 539M->305M(852M) 4.548ms
[466.083s][info ][gc,cpu       ] GC(527) User=0.02s Sys=0.00s Real=0.00s
[466.083s][info ][safepoint    ] Leaving safepoint region
[466.083s][info ][safepoint    ] Total time for which application threads were stopped: 0.0047065 seconds, Stopping threads took: 0.0000137 seconds
[467.084s][info ][safepoint    ] Application time: 1.0001228 seconds
[467.084s][info ][safepoint    ] Entering safepoint region: Cleanup
[467.084s][info ][safepoint    ] Leaving safepoint region
[467.084s][info ][safepoint    ] Total time for which application threads were stopped: 0.0001228 seconds, Stopping threads took: 0.0000364 seconds
[467.090s][info ][safepoint    ] Application time: 0.0062151 seconds
[467.090s][info ][safepoint    ] Entering safepoint region: GenCollectForAllocation
[467.090s][info ][gc,start     ] GC(528) Pause Young (Allocation Failure)
[467.090s][info ][gc,task      ] GC(528) Using 4 workers of 4 for evacuation
[467.094s][debug][gc,ref       ] GC(528) Skipped phase1 of Reference Processing due to unavailable references
[467.094s][debug][gc,ref       ] GC(528) Skipped phase2 of Reference Processing due to unavailable references
[467.094s][debug][gc,ref       ] GC(528) Skipped phase3 of Reference Processing due to unavailable references
[467.094s][debug][gc,ref       ] GC(528) Skipped phase4 of Reference Processing due to unavailable references
[467.094s][debug][gc,age       ] GC(528) Desired survivor size 15400960 bytes, new threshold 6 (max threshold 6)
[467.094s][info ][gc,heap      ] GC(528) ParNew: 244329K->3664K(270976K)
[467.094s][info ][gc,heap      ] GC(528) CMS: 309427K->309430K(602112K)
[467.094s][info ][gc,metaspace ] GC(528) Metaspace: 57300K->57300K(1101824K)
[467.094s][info ][gc           ] GC(528) Pause Young (Allocation Failure) 540M->305M(852M) 4.160ms
[467.094s][info ][gc,cpu       ] GC(528) User=0.02s Sys=0.00s Real=0.00s
[467.094s][info ][safepoint    ] Leaving safepoint region
[467.094s][info ][safepoint    ] Total time for which application threads were stopped: 0.0042771 seconds, Stopping threads took: 0.0000072 seconds
[468.094s][info ][safepoint    ] Application time: 1.0000863 seconds
[468.094s][info ][safepoint    ] Entering safepoint region: Cleanup
[468.094s][info ][safepoint    ] Leaving safepoint region
[468.094s][info ][safepoint    ] Total time for which application threads were stopped: 0.0000646 seconds, Stopping threads took: 0.0000139 seconds
[468.128s][info ][safepoint    ] Application time: 0.0337582 seconds
[468.128s][info ][safepoint    ] Entering safepoint region: GenCollectForAllocation
[468.128s][info ][gc,start     ] GC(529) Pause Young (Allocation Failure)
[468.128s][info ][gc,task      ] GC(529) Using 4 workers of 4 for evacuation
[468.132s][debug][gc,ref       ] GC(529) Skipped phase1 of Reference Processing due to unavailable references
[468.132s][debug][gc,ref       ] GC(529) Skipped phase2 of Reference Processing due to unavailable references
[468.132s][debug][gc,ref       ] GC(529) Skipped phase3 of Reference Processing due to unavailable references
[468.132s][debug][gc,ref       ] GC(529) Skipped phase4 of Reference Processing due to unavailable references
[468.132s][debug][gc,age       ] GC(529) Desired survivor size 15400960 bytes, new threshold 6 (max threshold 6)
[468.132s][info ][gc,heap      ] GC(529) ParNew: 244560K->3288K(270976K)
[468.132s][info ][gc,heap      ] GC(529) CMS: 309430K->309504K(602112K)
[468.132s][info ][gc,metaspace ] GC(529) Metaspace: 57300K->57300K(1101824K)
[468.132s][info ][gc           ] GC(529) Pause Young (Allocation Failure) 541M->305M(852M) 4.097ms
[468.132s][info ][gc,cpu       ] GC(529) User=0.02s Sys=0.00s Real=0.00s
[468.132s][info ][safepoint    ] Leaving safepoint region
[468.132s][info ][safepoint    ] Total time for which application threads were stopped: 0.0042511 seconds, Stopping threads took: 0.0000156 seconds
[469.125s][info ][safepoint    ] Application time: 0.9928234 seconds
[469.125s][info ][safepoint    ] Entering safepoint region: GenCollectForAllocation
[469.125s][info ][gc,start     ] GC(530) Pause Young (Allocation Failure)
[469.125s][info ][gc,task      ] GC(530) Using 4 workers of 4 for evacuation
[469.129s][debug][gc,ref       ] GC(530) Skipped phase1 of Reference Processing due to unavailable references
[469.129s][debug][gc,ref       ] GC(530) Skipped phase2 of Reference Processing due to unavailable references
[469.129s][debug][gc,ref       ] GC(530) Skipped phase3 of Reference Processing due to unavailable references
[469.129s][debug][gc,ref       ] GC(530) Skipped phase4 of Reference Processing due to unavailable references
[469.130s][debug][gc,age       ] GC(530) Desired survivor size 15400960 bytes, new threshold 6 (max threshold 6)
[469.130s][info ][gc,heap      ] GC(530) ParNew: 244184K->3283K(270976K)
[469.130s][info ][gc,heap      ] GC(530) CMS: 309504K->309521K(602112K)
[469.130s][info ][gc,metaspace ] GC(530) Metaspace: 57300K->57300K(1101824K)
[469.130s][info ][gc           ] GC(530) Pause Young (Allocation Failure) 540M->305M(852M) 4.227ms
[469.130s][info ][gc,cpu       ] GC(530) User=0.01s Sys=0.00s Real=0.00s
[469.130s][info ][safepoint    ] Leaving safepoint region
[469.130s][info ][safepoint    ] Total time for which application threads were stopped: 0.0043921 seconds, Stopping threads took: 0.0000139 seconds
[470.130s][info ][safepoint    ] Application time: 1.0001102 seconds
[470.130s][info ][safepoint    ] Entering safepoint region: Cleanup
[470.130s][info ][safepoint    ] Leaving safepoint region
[470.130s][info ][safepoint    ] Total time for which application threads were stopped: 0.0001431 seconds, Stopping threads took: 0.0000550 seconds
[470.136s][info ][safepoint    ] Application time: 0.0063370 seconds
[470.136s][info ][safepoint    ] Entering safepoint region: GenCollectForAllocation
[470.136s][info ][gc,start     ] GC(531) Pause Young (Allocation Failure)
[470.136s][info ][gc,task      ] GC(531) Using 4 workers of 4 for evacuation
[470.140s][debug][gc,ref       ] GC(531) Skipped phase1 of Reference Processing due to unavailable references
[470.140s][debug][gc,ref       ] GC(531) Skipped phase2 of Reference Processing due to unavailable references
[470.140s][debug][gc,ref       ] GC(531) Skipped phase3 of Reference Processing due to unavailable references
[470.140s][debug][gc,ref       ] GC(531) Skipped phase4 of Reference Processing due to unavailable references
[470.141s][debug][gc,age       ] GC(531) Desired survivor size 15400960 bytes, new threshold 6 (max threshold 6)
[470.141s][info ][gc,heap      ] GC(531) ParNew: 244179K->3151K(270976K)
[470.141s][info ][gc,heap      ] GC(531) CMS: 309521K->309580K(602112K)
[470.141s][info ][gc,metaspace ] GC(531) Metaspace: 57300K->57300K(1101824K)
[470.141s][info ][gc           ] GC(531) Pause Young (Allocation Failure) 540M->305M(852M) 4.187ms
[470.141s][info ][gc,cpu       ] GC(531) User=0.01s Sys=0.00s Real=0.00s
[470.141s][info ][safepoint    ] Leaving safepoint region
[470.141s][info ][safepoint    ] Total time for which application threads were stopped: 0.0043108 seconds, Stopping threads took: 0.0000126 seconds
[471.141s][info ][safepoint    ] Application time: 1.0001125 seconds
[471.141s][info ][safepoint    ] Entering safepoint region: Cleanup
[471.141s][info ][safepoint    ] Leaving safepoint region
[471.141s][info ][safepoint    ] Total time for which application threads were stopped: 0.0001550 seconds, Stopping threads took: 0.0000778 seconds
[471.206s][info ][safepoint    ] Application time: 0.0648245 seconds
[471.206s][info ][safepoint    ] Entering safepoint region: GenCollectForAllocation
[471.206s][info ][gc,start     ] GC(532) Pause Young (Allocation Failure)
[471.206s][info ][gc,task      ] GC(532) Using 4 workers of 4 for evacuation
[471.212s][debug][gc,ref       ] GC(532) Skipped phase1 of Reference Processing due to unavailable references
[471.212s][debug][gc,ref       ] GC(532) Skipped phase2 of Reference Processing due to unavailable references
[471.212s][debug][gc,ref       ] GC(532) Skipped phase3 of Reference Processing due to unavailable references
[471.212s][debug][gc,ref       ] GC(532) Skipped phase4 of Reference Processing due to unavailable references
[471.212s][debug][gc,age       ] GC(532) Desired survivor size 15400960 bytes, new threshold 6 (max threshold 6)
[471.212s][info ][gc,heap      ] GC(532) ParNew: 244047K->3178K(270976K)
[471.212s][info ][gc,heap      ] GC(532) CMS: 309580K->309590K(602112K)
[471.212s][info ][gc,metaspace ] GC(532) Metaspace: 57300K->57300K(1101824K)
[471.212s][info ][gc           ] GC(532) Pause Young (Allocation Failure) 540M->305M(852M) 6.169ms
[471.212s][info ][gc,cpu       ] GC(532) User=0.02s Sys=0.00s Real=0.00s
[471.212s][info ][safepoint    ] Leaving safepoint region
[471.212s][info ][safepoint    ] Total time for which application threads were stopped: 0.0063146 seconds, Stopping threads took: 0.0000152 seconds
[472.212s][info ][safepoint    ] Application time: 1.0001048 seconds
[472.212s][info ][safepoint    ] Entering safepoint region: Cleanup
[472.212s][info ][safepoint    ] Leaving safepoint region
[472.212s][info ][safepoint    ] Total time for which application threads were stopped: 0.0001388 seconds, Stopping threads took: 0.0000660 seconds
[472.262s][info ][safepoint    ] Application time: 0.0494865 seconds
[472.262s][info ][safepoint    ] Entering safepoint region: GenCollectForAllocation
[472.262s][info ][gc,start     ] GC(533) Pause Young (Allocation Failure)
[472.262s][info ][gc,task      ] GC(533) Using 4 workers of 4 for evacuation
[472.267s][debug][gc,ref       ] GC(533) Skipped phase1 of Reference Processing due to unavailable references
[472.267s][debug][gc,ref       ] GC(533) Skipped phase2 of Reference Processing due to unavailable references
[472.267s][debug][gc,ref       ] GC(533) Skipped phase3 of Reference Processing due to unavailable references
[472.267s][debug][gc,ref       ] GC(533) Skipped phase4 of Reference Processing due to unavailable references
[472.267s][debug][gc,age       ] GC(533) Desired survivor size 15400960 bytes, new threshold 6 (max threshold 6)
[472.267s][info ][gc,heap      ] GC(533) ParNew: 244074K->2557K(270976K)
[472.267s][info ][gc,heap      ] GC(533) CMS: 309590K->309837K(602112K)
[472.267s][info ][gc,metaspace ] GC(533) Metaspace: 57300K->57300K(1101824K)
[472.267s][info ][gc           ] GC(533) Pause Young (Allocation Failure) 540M->305M(852M) 5.095ms
[472.267s][info ][gc,cpu       ] GC(533) User=0.01s Sys=0.00s Real=0.01s
[472.267s][info ][safepoint    ] Leaving safepoint region
[472.267s][info ][safepoint    ] Total time for which application threads were stopped: 0.0052797 seconds, Stopping threads took: 0.0000208 seconds
[473.247s][info ][safepoint    ] Application time: 0.9800902 seconds
[473.247s][info ][safepoint    ] Entering safepoint region: GenCollectForAllocation
[473.248s][info ][gc,start     ] GC(534) Pause Young (Allocation Failure)
[473.248s][info ][gc,task      ] GC(534) Using 4 workers of 4 for evacuation
[473.259s][debug][gc,ref       ] GC(534) Skipped phase1 of Reference Processing due to unavailable references
[473.259s][debug][gc,ref       ] GC(534) Skipped phase2 of Reference Processing due to unavailable references
[473.259s][debug][gc,ref       ] GC(534) Skipped phase3 of Reference Processing due to unavailable references
[473.259s][debug][gc,ref       ] GC(534) Skipped phase4 of Reference Processing due to unavailable references
[473.259s][debug][gc,age       ] GC(534) Desired survivor size 15400960 bytes, new threshold 6 (max threshold 6)
[473.259s][info ][gc,heap      ] GC(534) ParNew: 243453K->3356K(270976K)
[473.259s][info ][gc,heap      ] GC(534) CMS: 309837K->309857K(602112K)
[473.259s][info ][gc,metaspace ] GC(534) Metaspace: 57301K->57301K(1101824K)
[473.259s][info ][gc           ] GC(534) Pause Young (Allocation Failure) 540M->305M(852M) 11.863ms
[473.259s][info ][gc,cpu       ] GC(534) User=0.02s Sys=0.00s Real=0.01s
[473.259s][info ][safepoint    ] Leaving safepoint region
[473.259s][info ][safepoint    ] Total time for which application threads were stopped: 0.0120207 seconds, Stopping threads took: 0.0000149 seconds
[474.176s][info ][safepoint    ] Application time: 0.9163026 seconds
[474.176s][info ][safepoint    ] Entering safepoint region: GenCollectForAllocation
[474.176s][info ][gc,start     ] GC(535) Pause Young (Allocation Failure)
[474.176s][info ][gc,task      ] GC(535) Using 4 workers of 4 for evacuation
[474.180s][debug][gc,ref       ] GC(535) Skipped phase1 of Reference Processing due to unavailable references
[474.180s][debug][gc,ref       ] GC(535) Skipped phase2 of Reference Processing due to unavailable references
[474.180s][debug][gc,ref       ] GC(535) Skipped phase3 of Reference Processing due to unavailable references
[474.180s][debug][gc,ref       ] GC(535) Skipped phase4 of Reference Processing due to unavailable references
[474.180s][debug][gc,age       ] GC(535) Desired survivor size 15400960 bytes, new threshold 6 (max threshold 6)
[474.180s][info ][gc,heap      ] GC(535) ParNew: 244252K->2365K(270976K)
[474.180s][info ][gc,heap      ] GC(535) CMS: 309857K->309907K(602112K)
[474.180s][info ][gc,metaspace ] GC(535) Metaspace: 57301K->57301K(1101824K)
[474.180s][info ][gc           ] GC(535) Pause Young (Allocation Failure) 541M->304M(852M) 4.037ms
[474.180s][info ][gc,cpu       ] GC(535) User=0.01s Sys=0.00s Real=0.00s
[474.180s][info ][safepoint    ] Leaving safepoint region
[474.180s][info ][safepoint    ] Total time for which application threads were stopped: 0.0041910 seconds, Stopping threads took: 0.0000146 seconds
[475.180s][info ][safepoint    ] Application time: 1.0001099 seconds
[475.180s][info ][safepoint    ] Entering safepoint region: Cleanup
[475.180s][info ][safepoint    ] Leaving safepoint region
[475.180s][info ][safepoint    ] Total time for which application threads were stopped: 0.0001268 seconds, Stopping threads took: 0.0000601 seconds
[475.228s][info ][safepoint    ] Application time: 0.0477725 seconds
[475.228s][info ][safepoint    ] Entering safepoint region: GenCollectForAllocation
[475.228s][info ][gc,start     ] GC(536) Pause Young (Allocation Failure)
[475.228s][info ][gc,task      ] GC(536) Using 4 workers of 4 for evacuation
[475.232s][debug][gc,ref       ] GC(536) Skipped phase1 of Reference Processing due to unavailable references
[475.232s][debug][gc,ref       ] GC(536) Skipped phase2 of Reference Processing due to unavailable references
[475.232s][debug][gc,ref       ] GC(536) Skipped phase3 of Reference Processing due to unavailable references
[475.232s][debug][gc,ref       ] GC(536) Skipped phase4 of Reference Processing due to unavailable references
[475.232s][debug][gc,age       ] GC(536) Desired survivor size 15400960 bytes, new threshold 6 (max threshold 6)
[475.232s][info ][gc,heap      ] GC(536) ParNew: 243261K->2925K(270976K)
[475.232s][info ][gc,heap      ] GC(536) CMS: 309907K->309935K(602112K)
[475.232s][info ][gc,metaspace ] GC(536) Metaspace: 57302K->57302K(1101824K)
[475.232s][info ][gc           ] GC(536) Pause Young (Allocation Failure) 540M->305M(852M) 3.714ms
[475.232s][info ][gc,cpu       ] GC(536) User=0.02s Sys=0.00s Real=0.00s
[475.232s][info ][safepoint    ] Leaving safepoint region
[475.232s][info ][safepoint    ] Total time for which application threads were stopped: 0.0038707 seconds, Stopping threads took: 0.0000146 seconds
[476.232s][info ][safepoint    ] Application time: 1.0000879 seconds
[476.232s][info ][safepoint    ] Entering safepoint region: Cleanup
[476.232s][info ][safepoint    ] Leaving safepoint region
[476.232s][info ][safepoint    ] Total time for which application threads were stopped: 0.0001300 seconds, Stopping threads took: 0.0000598 seconds
[476.288s][info ][safepoint    ] Application time: 0.0554970 seconds
[476.288s][info ][safepoint    ] Entering safepoint region: GenCollectForAllocation
[476.288s][info ][gc,start     ] GC(537) Pause Young (Allocation Failure)
[476.288s][info ][gc,task      ] GC(537) Using 4 workers of 4 for evacuation
[476.292s][debug][gc,ref       ] GC(537) Skipped phase1 of Reference Processing due to unavailable references
[476.292s][debug][gc,ref       ] GC(537) Skipped phase2 of Reference Processing due to unavailable references
[476.292s][debug][gc,ref       ] GC(537) Skipped phase3 of Reference Processing due to unavailable references
[476.292s][debug][gc,ref       ] GC(537) Skipped phase4 of Reference Processing due to unavailable references
[476.293s][debug][gc,age       ] GC(537) Desired survivor size 15400960 bytes, new threshold 6 (max threshold 6)
[476.293s][info ][gc,heap      ] GC(537) ParNew: 243821K->3109K(270976K)
[476.293s][info ][gc,heap      ] GC(537) CMS: 309935K->310000K(602112K)
[476.293s][info ][gc,metaspace ] GC(537) Metaspace: 57302K->57302K(1101824K)
[476.293s][info ][gc           ] GC(537) Pause Young (Allocation Failure) 540M->305M(852M) 4.840ms
[476.293s][info ][gc,cpu       ] GC(537) User=0.02s Sys=0.00s Real=0.00s
[476.293s][info ][safepoint    ] Leaving safepoint region
[476.293s][info ][safepoint    ] Total time for which application threads were stopped: 0.0050028 seconds, Stopping threads took: 0.0000136 seconds
[477.293s][info ][safepoint    ] Application time: 1.0000955 seconds
[477.293s][info ][safepoint    ] Entering safepoint region: Cleanup
[477.293s][info ][safepoint    ] Leaving safepoint region
[477.293s][info ][safepoint    ] Total time for which application threads were stopped: 0.0000793 seconds, Stopping threads took: 0.0000136 seconds
[477.352s][info ][safepoint    ] Application time: 0.0593205 seconds
[477.352s][info ][safepoint    ] Entering safepoint region: GenCollectForAllocation
[477.352s][info ][gc,start     ] GC(538) Pause Young (Allocation Failure)
[477.352s][info ][gc,task      ] GC(538) Using 4 workers of 4 for evacuation
[477.356s][debug][gc,ref       ] GC(538) Skipped phase1 of Reference Processing due to unavailable references
[477.356s][debug][gc,ref       ] GC(538) Skipped phase2 of Reference Processing due to unavailable references
[477.356s][debug][gc,ref       ] GC(538) Skipped phase3 of Reference Processing due to unavailable references
[477.356s][debug][gc,ref       ] GC(538) Skipped phase4 of Reference Processing due to unavailable references
[477.356s][debug][gc,age       ] GC(538) Desired survivor size 15400960 bytes, new threshold 6 (max threshold 6)
[477.356s][info ][gc,heap      ] GC(538) ParNew: 244005K->2915K(270976K)
[477.356s][info ][gc,heap      ] GC(538) CMS: 310000K->310005K(602112K)
[477.356s][info ][gc,metaspace ] GC(538) Metaspace: 57302K->57302K(1101824K)
[477.356s][info ][gc           ] GC(538) Pause Young (Allocation Failure) 541M->305M(852M) 3.975ms
[477.356s][info ][gc,cpu       ] GC(538) User=0.01s Sys=0.00s Real=0.01s
[477.356s][info ][safepoint    ] Leaving safepoint region
[477.356s][info ][safepoint    ] Total time for which application threads were stopped: 0.0041740 seconds, Stopping threads took: 0.0000665 seconds
[478.322s][info ][safepoint    ] Application time: 0.9652094 seconds
[478.322s][info ][safepoint    ] Entering safepoint region: GenCollectForAllocation
[478.322s][info ][gc,start     ] GC(539) Pause Young (Allocation Failure)
[478.322s][info ][gc,task      ] GC(539) Using 4 workers of 4 for evacuation
[478.326s][debug][gc,ref       ] GC(539) Skipped phase1 of Reference Processing due to unavailable references
[478.326s][debug][gc,ref       ] GC(539) Skipped phase2 of Reference Processing due to unavailable references
[478.326s][debug][gc,ref       ] GC(539) Skipped phase3 of Reference Processing due to unavailable references
[478.326s][debug][gc,ref       ] GC(539) Skipped phase4 of Reference Processing due to unavailable references
[478.326s][debug][gc,age       ] GC(539) Desired survivor size 15400960 bytes, new threshold 6 (max threshold 6)
[478.326s][info ][gc,heap      ] GC(539) ParNew: 243811K->3361K(270976K)
[478.326s][info ][gc,heap      ] GC(539) CMS: 310005K->310106K(602112K)
[478.326s][info ][gc,metaspace ] GC(539) Metaspace: 57302K->57302K(1101824K)
[478.326s][info ][gc           ] GC(539) Pause Young (Allocation Failure) 540M->306M(852M) 4.393ms
[478.326s][info ][gc,cpu       ] GC(539) User=0.01s Sys=0.00s Real=0.01s
[478.326s][info ][safepoint    ] Leaving safepoint region
[478.326s][info ][safepoint    ] Total time for which application threads were stopped: 0.0045504 seconds, Stopping threads took: 0.0000142 seconds
[479.326s][info ][safepoint    ] Application time: 1.0001244 seconds
[479.326s][info ][safepoint    ] Entering safepoint region: Cleanup
[479.327s][info ][safepoint    ] Leaving safepoint region
[479.327s][info ][safepoint    ] Total time for which application threads were stopped: 0.0001306 seconds, Stopping threads took: 0.0000521 seconds
[479.421s][info ][safepoint    ] Application time: 0.0945924 seconds
[479.421s][info ][safepoint    ] Entering safepoint region: GenCollectForAllocation
[479.421s][info ][gc,start     ] GC(540) Pause Young (Allocation Failure)
[479.421s][info ][gc,task      ] GC(540) Using 4 workers of 4 for evacuation
[479.426s][debug][gc,ref       ] GC(540) Skipped phase1 of Reference Processing due to unavailable references
[479.426s][debug][gc,ref       ] GC(540) Skipped phase2 of Reference Processing due to unavailable references
[479.426s][debug][gc,ref       ] GC(540) Skipped phase3 of Reference Processing due to unavailable references
[479.426s][debug][gc,ref       ] GC(540) Skipped phase4 of Reference Processing due to unavailable references
[479.426s][debug][gc,age       ] GC(540) Desired survivor size 15400960 bytes, new threshold 6 (max threshold 6)
[479.426s][info ][gc,heap      ] GC(540) ParNew: 244257K->3672K(270976K)
[479.426s][info ][gc,heap      ] GC(540) CMS: 310106K->310109K(602112K)
[479.426s][info ][gc,metaspace ] GC(540) Metaspace: 57302K->57302K(1101824K)
[479.426s][info ][gc           ] GC(540) Pause Young (Allocation Failure) 541M->306M(852M) 4.645ms
[479.426s][info ][gc,cpu       ] GC(540) User=0.02s Sys=0.00s Real=0.01s
[479.426s][info ][safepoint    ] Leaving safepoint region
[479.426s][info ][safepoint    ] Total time for which application threads were stopped: 0.0047905 seconds, Stopping threads took: 0.0000153 seconds
[480.426s][info ][safepoint    ] Application time: 1.0000974 seconds
[480.426s][info ][safepoint    ] Entering safepoint region: Cleanup
[480.426s][info ][safepoint    ] Leaving safepoint region
[480.426s][info ][safepoint    ] Total time for which application threads were stopped: 0.0001388 seconds, Stopping threads took: 0.0000583 seconds
[480.531s][info ][safepoint    ] Application time: 0.1050717 seconds
[480.531s][info ][safepoint    ] Entering safepoint region: GenCollectForAllocation
[480.531s][info ][gc,start     ] GC(541) Pause Young (Allocation Failure)
[480.531s][info ][gc,task      ] GC(541) Using 4 workers of 4 for evacuation
[480.535s][debug][gc,ref       ] GC(541) Skipped phase1 of Reference Processing due to unavailable references
[480.535s][debug][gc,ref       ] GC(541) Skipped phase2 of Reference Processing due to unavailable references
[480.535s][debug][gc,ref       ] GC(541) Skipped phase3 of Reference Processing due to unavailable references
[480.535s][debug][gc,ref       ] GC(541) Skipped phase4 of Reference Processing due to unavailable references
[480.535s][debug][gc,age       ] GC(541) Desired survivor size 15400960 bytes, new threshold 6 (max threshold 6)
[480.536s][info ][gc,heap      ] GC(541) ParNew: 244568K->3885K(270976K)
[480.536s][info ][gc,heap      ] GC(541) CMS: 310109K->310118K(602112K)
[480.536s][info ][gc,metaspace ] GC(541) Metaspace: 57302K->57302K(1101824K)
[480.536s][info ][gc           ] GC(541) Pause Young (Allocation Failure) 541M->306M(852M) 4.076ms
[480.536s][info ][gc,cpu       ] GC(541) User=0.01s Sys=0.00s Real=0.01s
[480.536s][info ][safepoint    ] Leaving safepoint region
[480.536s][info ][safepoint    ] Total time for which application threads were stopped: 0.0042470 seconds, Stopping threads took: 0.0000160 seconds
[481.484s][info ][safepoint    ] Application time: 0.9487189 seconds
[481.484s][info ][safepoint    ] Entering safepoint region: GenCollectForAllocation
[481.484s][info ][gc,start     ] GC(542) Pause Young (Allocation Failure)
[481.484s][info ][gc,task      ] GC(542) Using 4 workers of 4 for evacuation
[481.490s][debug][gc,ref       ] GC(542) Skipped phase1 of Reference Processing due to unavailable references
[481.490s][debug][gc,ref       ] GC(542) Skipped phase2 of Reference Processing due to unavailable references
[481.490s][debug][gc,ref       ] GC(542) Skipped phase3 of Reference Processing due to unavailable references
[481.490s][debug][gc,ref       ] GC(542) Skipped phase4 of Reference Processing due to unavailable references
[481.490s][debug][gc,age       ] GC(542) Desired survivor size 15400960 bytes, new threshold 6 (max threshold 6)
[481.490s][info ][gc,heap      ] GC(542) ParNew: 244781K->2922K(270976K)
[481.490s][info ][gc,heap      ] GC(542) CMS: 310118K->310142K(602112K)
[481.490s][info ][gc,metaspace ] GC(542) Metaspace: 57303K->57303K(1101824K)
[481.490s][info ][gc           ] GC(542) Pause Young (Allocation Failure) 541M->305M(852M) 5.477ms
[481.490s][info ][gc,cpu       ] GC(542) User=0.03s Sys=0.00s Real=0.00s
[481.490s][info ][safepoint    ] Leaving safepoint region
[481.490s][info ][safepoint    ] Total time for which application threads were stopped: 0.0056450 seconds, Stopping threads took: 0.0000154 seconds
[482.490s][info ][safepoint    ] Application time: 1.0001469 seconds
[482.490s][info ][safepoint    ] Entering safepoint region: Cleanup
[482.490s][info ][safepoint    ] Leaving safepoint region
[482.490s][info ][safepoint    ] Total time for which application threads were stopped: 0.0000783 seconds, Stopping threads took: 0.0000138 seconds
[482.528s][info ][safepoint    ] Application time: 0.0382502 seconds
[482.529s][info ][safepoint    ] Entering safepoint region: GenCollectForAllocation
[482.529s][info ][gc,start     ] GC(543) Pause Young (Allocation Failure)
[482.529s][info ][gc,task      ] GC(543) Using 4 workers of 4 for evacuation
[482.533s][debug][gc,ref       ] GC(543) Skipped phase1 of Reference Processing due to unavailable references
[482.533s][debug][gc,ref       ] GC(543) Skipped phase2 of Reference Processing due to unavailable references
[482.533s][debug][gc,ref       ] GC(543) Skipped phase3 of Reference Processing due to unavailable references
[482.533s][debug][gc,ref       ] GC(543) Skipped phase4 of Reference Processing due to unavailable references
[482.533s][debug][gc,age       ] GC(543) Desired survivor size 15400960 bytes, new threshold 6 (max threshold 6)
[482.533s][info ][gc,heap      ] GC(543) ParNew: 243818K->3962K(270976K)
[482.533s][info ][gc,heap      ] GC(543) CMS: 310142K->310290K(602112K)
[482.533s][info ][gc,metaspace ] GC(543) Metaspace: 57303K->57303K(1101824K)
[482.533s][info ][gc           ] GC(543) Pause Young (Allocation Failure) 540M->306M(852M) 4.416ms
[482.533s][info ][gc,cpu       ] GC(543) User=0.01s Sys=0.00s Real=0.00s
[482.533s][info ][safepoint    ] Leaving safepoint region
[482.533s][info ][safepoint    ] Total time for which application threads were stopped: 0.0045641 seconds, Stopping threads took: 0.0000144 seconds
[483.533s][info ][safepoint    ] Application time: 1.0001710 seconds
[483.533s][info ][safepoint    ] Entering safepoint region: Cleanup
[483.533s][info ][safepoint    ] Leaving safepoint region
[483.533s][info ][safepoint    ] Total time for which application threads were stopped: 0.0000710 seconds, Stopping threads took: 0.0000161 seconds
[483.587s][info ][safepoint    ] Application time: 0.0539099 seconds
[483.587s][info ][safepoint    ] Entering safepoint region: GenCollectForAllocation
[483.587s][info ][gc,start     ] GC(544) Pause Young (Allocation Failure)
[483.587s][info ][gc,task      ] GC(544) Using 4 workers of 4 for evacuation
[483.591s][debug][gc,ref       ] GC(544) Skipped phase1 of Reference Processing due to unavailable references
[483.591s][debug][gc,ref       ] GC(544) Skipped phase2 of Reference Processing due to unavailable references
[483.591s][debug][gc,ref       ] GC(544) Skipped phase3 of Reference Processing due to unavailable references
[483.591s][debug][gc,ref       ] GC(544) Skipped phase4 of Reference Processing due to unavailable references
[483.592s][debug][gc,age       ] GC(544) Desired survivor size 15400960 bytes, new threshold 6 (max threshold 6)
[483.592s][info ][gc,heap      ] GC(544) ParNew: 244858K->3684K(270976K)
[483.592s][info ][gc,heap      ] GC(544) CMS: 310290K->310349K(602112K)
[483.592s][info ][gc,metaspace ] GC(544) Metaspace: 57303K->57303K(1101824K)
[483.592s][info ][gc           ] GC(544) Pause Young (Allocation Failure) 542M->306M(852M) 4.234ms
[483.592s][info ][gc,cpu       ] GC(544) User=0.01s Sys=0.00s Real=0.00s
[483.592s][info ][safepoint    ] Leaving safepoint region
[483.592s][info ][safepoint    ] Total time for which application threads were stopped: 0.0043925 seconds, Stopping threads took: 0.0000142 seconds
[484.527s][info ][safepoint    ] Application time: 0.9349639 seconds
[484.527s][info ][safepoint    ] Entering safepoint region: GenCollectForAllocation
[484.527s][info ][gc,start     ] GC(545) Pause Young (Allocation Failure)
[484.527s][info ][gc,task      ] GC(545) Using 4 workers of 4 for evacuation
[484.531s][debug][gc,ref       ] GC(545) Skipped phase1 of Reference Processing due to unavailable references
[484.531s][debug][gc,ref       ] GC(545) Skipped phase2 of Reference Processing due to unavailable references
[484.531s][debug][gc,ref       ] GC(545) Skipped phase3 of Reference Processing due to unavailable references
[484.531s][debug][gc,ref       ] GC(545) Skipped phase4 of Reference Processing due to unavailable references
[484.531s][debug][gc,age       ] GC(545) Desired survivor size 15400960 bytes, new threshold 6 (max threshold 6)
[484.531s][info ][gc,heap      ] GC(545) ParNew: 244580K->3764K(270976K)
[484.531s][info ][gc,heap      ] GC(545) CMS: 310349K->310438K(602112K)
[484.531s][info ][gc,metaspace ] GC(545) Metaspace: 57303K->57303K(1101824K)
[484.531s][info ][gc           ] GC(545) Pause Young (Allocation Failure) 541M->306M(852M) 4.257ms
[484.531s][info ][gc,cpu       ] GC(545) User=0.01s Sys=0.00s Real=0.00s
[484.531s][info ][safepoint    ] Leaving safepoint region
[484.531s][info ][safepoint    ] Total time for which application threads were stopped: 0.0044227 seconds, Stopping threads took: 0.0000186 seconds
[485.531s][info ][safepoint    ] Application time: 1.0001789 seconds
[485.531s][info ][safepoint    ] Entering safepoint region: Cleanup
[485.531s][info ][safepoint    ] Leaving safepoint region
[485.531s][info ][safepoint    ] Total time for which application threads were stopped: 0.0001212 seconds, Stopping threads took: 0.0000380 seconds
[485.633s][info ][safepoint    ] Application time: 0.1017118 seconds
[485.633s][info ][safepoint    ] Entering safepoint region: GenCollectForAllocation
[485.633s][info ][gc,start     ] GC(546) Pause Young (Allocation Failure)
[485.633s][info ][gc,task      ] GC(546) Using 4 workers of 4 for evacuation
[485.637s][debug][gc,ref       ] GC(546) Skipped phase1 of Reference Processing due to unavailable references
[485.637s][debug][gc,ref       ] GC(546) Skipped phase2 of Reference Processing due to unavailable references
[485.637s][debug][gc,ref       ] GC(546) Skipped phase3 of Reference Processing due to unavailable references
[485.637s][debug][gc,ref       ] GC(546) Skipped phase4 of Reference Processing due to unavailable references
[485.637s][debug][gc,age       ] GC(546) Desired survivor size 15400960 bytes, new threshold 6 (max threshold 6)
[485.637s][info ][gc,heap      ] GC(546) ParNew: 244660K->3254K(270976K)
[485.637s][info ][gc,heap      ] GC(546) CMS: 310438K->310443K(602112K)
[485.637s][info ][gc,metaspace ] GC(546) Metaspace: 57303K->57303K(1101824K)
[485.637s][info ][gc           ] GC(546) Pause Young (Allocation Failure) 542M->306M(852M) 4.058ms
[485.637s][info ][gc,cpu       ] GC(546) User=0.01s Sys=0.00s Real=0.01s
[485.637s][info ][safepoint    ] Leaving safepoint region
[485.637s][info ][safepoint    ] Total time for which application threads were stopped: 0.0041998 seconds, Stopping threads took: 0.0000161 seconds
[486.638s][info ][safepoint    ] Application time: 1.0001247 seconds
[486.638s][info ][safepoint    ] Entering safepoint region: Cleanup
[486.638s][info ][safepoint    ] Leaving safepoint region
[486.638s][info ][safepoint    ] Total time for which application threads were stopped: 0.0000652 seconds, Stopping threads took: 0.0000154 seconds
[486.716s][info ][safepoint    ] Application time: 0.0783544 seconds
[486.716s][info ][safepoint    ] Entering safepoint region: GenCollectForAllocation
[486.716s][info ][gc,start     ] GC(547) Pause Young (Allocation Failure)
[486.716s][info ][gc,task      ] GC(547) Using 4 workers of 4 for evacuation
[486.720s][debug][gc,ref       ] GC(547) Skipped phase1 of Reference Processing due to unavailable references
[486.720s][debug][gc,ref       ] GC(547) Skipped phase2 of Reference Processing due to unavailable references
[486.720s][debug][gc,ref       ] GC(547) Skipped phase3 of Reference Processing due to unavailable references
[486.720s][debug][gc,ref       ] GC(547) Skipped phase4 of Reference Processing due to unavailable references
[486.720s][debug][gc,age       ] GC(547) Desired survivor size 15400960 bytes, new threshold 6 (max threshold 6)
[486.720s][info ][gc,heap      ] GC(547) ParNew: 244150K->3209K(270976K)
[486.720s][info ][gc,heap      ] GC(547) CMS: 310443K->310545K(602112K)
[486.720s][info ][gc,metaspace ] GC(547) Metaspace: 57303K->57303K(1101824K)
[486.720s][info ][gc           ] GC(547) Pause Young (Allocation Failure) 541M->306M(852M) 4.093ms
[486.720s][info ][gc,cpu       ] GC(547) User=0.01s Sys=0.00s Real=0.00s
[486.720s][info ][safepoint    ] Leaving safepoint region
[486.720s][info ][safepoint    ] Total time for which application threads were stopped: 0.0042346 seconds, Stopping threads took: 0.0000152 seconds
[487.720s][info ][safepoint    ] Application time: 1.0001663 seconds
[487.721s][info ][safepoint    ] Entering safepoint region: Cleanup
[487.721s][info ][safepoint    ] Leaving safepoint region
[487.721s][info ][safepoint    ] Total time for which application threads were stopped: 0.0001346 seconds, Stopping threads took: 0.0000542 seconds
[487.778s][info ][safepoint    ] Application time: 0.0577061 seconds
[487.778s][info ][safepoint    ] Entering safepoint region: GenCollectForAllocation
[487.778s][info ][gc,start     ] GC(548) Pause Young (Allocation Failure)
[487.778s][info ][gc,task      ] GC(548) Using 4 workers of 4 for evacuation
[487.782s][debug][gc,ref       ] GC(548) Skipped phase1 of Reference Processing due to unavailable references
[487.782s][debug][gc,ref       ] GC(548) Skipped phase2 of Reference Processing due to unavailable references
[487.782s][debug][gc,ref       ] GC(548) Skipped phase3 of Reference Processing due to unavailable references
[487.782s][debug][gc,ref       ] GC(548) Skipped phase4 of Reference Processing due to unavailable references
[487.782s][debug][gc,age       ] GC(548) Desired survivor size 15400960 bytes, new threshold 6 (max threshold 6)
[487.782s][info ][gc,heap      ] GC(548) ParNew: 244105K->4193K(270976K)
[487.782s][info ][gc,heap      ] GC(548) CMS: 310545K->310620K(602112K)
[487.782s][info ][gc,metaspace ] GC(548) Metaspace: 57303K->57303K(1101824K)
[487.782s][info ][gc           ] GC(548) Pause Young (Allocation Failure) 541M->307M(852M) 3.979ms
[487.782s][info ][gc,cpu       ] GC(548) User=0.01s Sys=0.00s Real=0.00s
[487.782s][info ][safepoint    ] Leaving safepoint region
[487.782s][info ][safepoint    ] Total time for which application threads were stopped: 0.0041403 seconds, Stopping threads took: 0.0000144 seconds
[488.783s][info ][safepoint    ] Application time: 1.0001046 seconds
[488.783s][info ][safepoint    ] Entering safepoint region: Cleanup
[488.783s][info ][safepoint    ] Leaving safepoint region
[488.783s][info ][safepoint    ] Total time for which application threads were stopped: 0.0001474 seconds, Stopping threads took: 0.0000627 seconds
[488.837s][info ][safepoint    ] Application time: 0.0544253 seconds
[488.837s][info ][safepoint    ] Entering safepoint region: GenCollectForAllocation
[488.837s][info ][gc,start     ] GC(549) Pause Young (Allocation Failure)
[488.837s][info ][gc,task      ] GC(549) Using 4 workers of 4 for evacuation
[488.842s][debug][gc,ref       ] GC(549) Skipped phase1 of Reference Processing due to unavailable references
[488.842s][debug][gc,ref       ] GC(549) Skipped phase2 of Reference Processing due to unavailable references
[488.842s][debug][gc,ref       ] GC(549) Skipped phase3 of Reference Processing due to unavailable references
[488.842s][debug][gc,ref       ] GC(549) Skipped phase4 of Reference Processing due to unavailable references
[488.842s][debug][gc,age       ] GC(549) Desired survivor size 15400960 bytes, new threshold 6 (max threshold 6)
[488.842s][info ][gc,heap      ] GC(549) ParNew: 245089K->2473K(270976K)
[488.842s][info ][gc,heap      ] GC(549) CMS: 310620K->311114K(602112K)
[488.842s][info ][gc,metaspace ] GC(549) Metaspace: 57303K->57303K(1101824K)
[488.842s][info ][gc           ] GC(549) Pause Young (Allocation Failure) 542M->306M(852M) 4.339ms
[488.842s][info ][gc,cpu       ] GC(549) User=0.02s Sys=0.00s Real=0.00s
[488.842s][info ][safepoint    ] Leaving safepoint region
[488.842s][info ][safepoint    ] Total time for which application threads were stopped: 0.0044819 seconds, Stopping threads took: 0.0000172 seconds
[489.842s][info ][safepoint    ] Application time: 1.0001215 seconds
[489.842s][info ][safepoint    ] Entering safepoint region: Cleanup
[489.842s][info ][safepoint    ] Leaving safepoint region
[489.842s][info ][safepoint    ] Total time for which application threads were stopped: 0.0000724 seconds, Stopping threads took: 0.0000137 seconds
[489.947s][info ][safepoint    ] Application time: 0.1052816 seconds
[489.947s][info ][safepoint    ] Entering safepoint region: GenCollectForAllocation
[489.947s][info ][gc,start     ] GC(550) Pause Young (Allocation Failure)
[489.947s][info ][gc,task      ] GC(550) Using 4 workers of 4 for evacuation
[489.951s][debug][gc,ref       ] GC(550) Skipped phase1 of Reference Processing due to unavailable references
[489.951s][debug][gc,ref       ] GC(550) Skipped phase2 of Reference Processing due to unavailable references
[489.951s][debug][gc,ref       ] GC(550) Skipped phase3 of Reference Processing due to unavailable references
[489.951s][debug][gc,ref       ] GC(550) Skipped phase4 of Reference Processing due to unavailable references
[489.951s][debug][gc,age       ] GC(550) Desired survivor size 15400960 bytes, new threshold 6 (max threshold 6)
[489.951s][info ][gc,heap      ] GC(550) ParNew: 243369K->2760K(270976K)
[489.951s][info ][gc,heap      ] GC(550) CMS: 311114K->311281K(602112K)
[489.951s][info ][gc,metaspace ] GC(550) Metaspace: 57303K->57303K(1101824K)
[489.951s][info ][gc           ] GC(550) Pause Young (Allocation Failure) 541M->306M(852M) 3.823ms
[489.951s][info ][gc,cpu       ] GC(550) User=0.02s Sys=0.00s Real=0.00s
[489.951s][info ][safepoint    ] Leaving safepoint region
[489.951s][info ][safepoint    ] Total time for which application threads were stopped: 0.0039665 seconds, Stopping threads took: 0.0000147 seconds
[490.951s][info ][safepoint    ] Application time: 1.0001062 seconds
[490.951s][info ][safepoint    ] Entering safepoint region: Cleanup
[490.951s][info ][safepoint    ] Leaving safepoint region
[490.952s][info ][safepoint    ] Total time for which application threads were stopped: 0.0001016 seconds, Stopping threads took: 0.0000305 seconds
[491.004s][info ][safepoint    ] Application time: 0.0529766 seconds
[491.005s][info ][safepoint    ] Entering safepoint region: GenCollectForAllocation
[491.005s][info ][gc,start     ] GC(551) Pause Young (Allocation Failure)
[491.005s][info ][gc,task      ] GC(551) Using 4 workers of 4 for evacuation
[491.009s][debug][gc,ref       ] GC(551) Skipped phase1 of Reference Processing due to unavailable references
[491.009s][debug][gc,ref       ] GC(551) Skipped phase2 of Reference Processing due to unavailable references
[491.009s][debug][gc,ref       ] GC(551) Skipped phase3 of Reference Processing due to unavailable references
[491.009s][debug][gc,ref       ] GC(551) Skipped phase4 of Reference Processing due to unavailable references
[491.009s][debug][gc,age       ] GC(551) Desired survivor size 15400960 bytes, new threshold 6 (max threshold 6)
[491.009s][info ][gc,heap      ] GC(551) ParNew: 243656K->3076K(270976K)
[491.009s][info ][gc,heap      ] GC(551) CMS: 311281K->311572K(602112K)
[491.009s][info ][gc,metaspace ] GC(551) Metaspace: 57306K->57306K(1101824K)
[491.010s][info ][gc           ] GC(551) Pause Young (Allocation Failure) 541M->307M(852M) 4.873ms
[491.010s][info ][gc,cpu       ] GC(551) User=0.02s Sys=0.00s Real=0.00s
[491.010s][info ][safepoint    ] Leaving safepoint region
[491.010s][info ][safepoint    ] Total time for which application threads were stopped: 0.0050402 seconds, Stopping threads took: 0.0000291 seconds
[492.010s][info ][safepoint    ] Application time: 1.0000870 seconds
[492.010s][info ][safepoint    ] Entering safepoint region: Cleanup
[492.010s][info ][safepoint    ] Leaving safepoint region
[492.010s][info ][safepoint    ] Total time for which application threads were stopped: 0.0001495 seconds, Stopping threads took: 0.0000648 seconds
[492.059s][info ][safepoint    ] Application time: 0.0488669 seconds
[492.059s][info ][safepoint    ] Entering safepoint region: GenCollectForAllocation
[492.059s][info ][gc,start     ] GC(552) Pause Young (Allocation Failure)
[492.059s][info ][gc,task      ] GC(552) Using 4 workers of 4 for evacuation
[492.063s][debug][gc,ref       ] GC(552) Skipped phase1 of Reference Processing due to unavailable references
[492.063s][debug][gc,ref       ] GC(552) Skipped phase2 of Reference Processing due to unavailable references
[492.063s][debug][gc,ref       ] GC(552) Skipped phase3 of Reference Processing due to unavailable references
[492.063s][debug][gc,ref       ] GC(552) Skipped phase4 of Reference Processing due to unavailable references
[492.063s][debug][gc,age       ] GC(552) Desired survivor size 15400960 bytes, new threshold 6 (max threshold 6)
[492.063s][info ][gc,heap      ] GC(552) ParNew: 243972K->2384K(270976K)
[492.063s][info ][gc,heap      ] GC(552) CMS: 311572K->311592K(602112K)
[492.063s][info ][gc,metaspace ] GC(552) Metaspace: 57306K->57306K(1101824K)
[492.063s][info ][gc           ] GC(552) Pause Young (Allocation Failure) 542M->306M(852M) 3.970ms
[492.063s][info ][gc,cpu       ] GC(552) User=0.01s Sys=0.00s Real=0.00s
[492.063s][info ][safepoint    ] Leaving safepoint region
[492.063s][info ][safepoint    ] Total time for which application threads were stopped: 0.0041094 seconds, Stopping threads took: 0.0000142 seconds
[493.063s][info ][safepoint    ] Application time: 1.0001735 seconds
[493.063s][info ][safepoint    ] Entering safepoint region: Cleanup
[493.063s][info ][safepoint    ] Leaving safepoint region
[493.063s][info ][safepoint    ] Total time for which application threads were stopped: 0.0001498 seconds, Stopping threads took: 0.0000809 seconds
[493.070s][info ][safepoint    ] Application time: 0.0067362 seconds
[493.070s][info ][safepoint    ] Entering safepoint region: GenCollectForAllocation
[493.070s][info ][gc,start     ] GC(553) Pause Young (Allocation Failure)
[493.070s][info ][gc,task      ] GC(553) Using 4 workers of 4 for evacuation
[493.074s][debug][gc,ref       ] GC(553) Skipped phase1 of Reference Processing due to unavailable references
[493.074s][debug][gc,ref       ] GC(553) Skipped phase2 of Reference Processing due to unavailable references
[493.074s][debug][gc,ref       ] GC(553) Skipped phase3 of Reference Processing due to unavailable references
[493.074s][debug][gc,ref       ] GC(553) Skipped phase4 of Reference Processing due to unavailable references
[493.074s][debug][gc,age       ] GC(553) Desired survivor size 15400960 bytes, new threshold 6 (max threshold 6)
[493.074s][info ][gc,heap      ] GC(553) ParNew: 243280K->3009K(270976K)
[493.074s][info ][gc,heap      ] GC(553) CMS: 311592K->311608K(602112K)
[493.074s][info ][gc,metaspace ] GC(553) Metaspace: 57306K->57306K(1101824K)
[493.074s][info ][gc           ] GC(553) Pause Young (Allocation Failure) 541M->307M(852M) 4.367ms
[493.074s][info ][gc,cpu       ] GC(553) User=0.01s Sys=0.00s Real=0.00s
[493.074s][info ][safepoint    ] Leaving safepoint region
[493.074s][info ][safepoint    ] Total time for which application threads were stopped: 0.0045029 seconds, Stopping threads took: 0.0000147 seconds
[494.075s][info ][safepoint    ] Application time: 1.0001689 seconds
[494.075s][info ][safepoint    ] Entering safepoint region: Cleanup
[494.075s][info ][safepoint    ] Leaving safepoint region
[494.075s][info ][safepoint    ] Total time for which application threads were stopped: 0.0001379 seconds, Stopping threads took: 0.0000559 seconds
[494.122s][info ][safepoint    ] Application time: 0.0472047 seconds
[494.122s][info ][safepoint    ] Entering safepoint region: GenCollectForAllocation
[494.122s][info ][gc,start     ] GC(554) Pause Young (Allocation Failure)
[494.122s][info ][gc,task      ] GC(554) Using 4 workers of 4 for evacuation
[494.126s][debug][gc,ref       ] GC(554) Skipped phase1 of Reference Processing due to unavailable references
[494.126s][debug][gc,ref       ] GC(554) Skipped phase2 of Reference Processing due to unavailable references
[494.126s][debug][gc,ref       ] GC(554) Skipped phase3 of Reference Processing due to unavailable references
[494.126s][debug][gc,ref       ] GC(554) Skipped phase4 of Reference Processing due to unavailable references
[494.126s][debug][gc,age       ] GC(554) Desired survivor size 15400960 bytes, new threshold 6 (max threshold 6)
[494.126s][info ][gc,heap      ] GC(554) ParNew: 243905K->3744K(270976K)
[494.126s][info ][gc,heap      ] GC(554) CMS: 311608K->311624K(602112K)
[494.126s][info ][gc,metaspace ] GC(554) Metaspace: 57306K->57306K(1101824K)
[494.126s][info ][gc           ] GC(554) Pause Young (Allocation Failure) 542M->307M(852M) 3.981ms
[494.126s][info ][gc,cpu       ] GC(554) User=0.02s Sys=0.00s Real=0.01s
[494.126s][info ][safepoint    ] Leaving safepoint region
[494.126s][info ][safepoint    ] Total time for which application threads were stopped: 0.0041318 seconds, Stopping threads took: 0.0000145 seconds
[495.115s][info ][safepoint    ] Application time: 0.9885222 seconds
[495.115s][info ][safepoint    ] Entering safepoint region: GenCollectForAllocation
[495.115s][info ][gc,start     ] GC(555) Pause Young (Allocation Failure)
[495.115s][info ][gc,task      ] GC(555) Using 4 workers of 4 for evacuation
[495.119s][debug][gc,ref       ] GC(555) Skipped phase1 of Reference Processing due to unavailable references
[495.119s][debug][gc,ref       ] GC(555) Skipped phase2 of Reference Processing due to unavailable references
[495.119s][debug][gc,ref       ] GC(555) Skipped phase3 of Reference Processing due to unavailable references
[495.119s][debug][gc,ref       ] GC(555) Skipped phase4 of Reference Processing due to unavailable references
[495.119s][debug][gc,age       ] GC(555) Desired survivor size 15400960 bytes, new threshold 6 (max threshold 6)
[495.119s][info ][gc,heap      ] GC(555) ParNew: 244640K->2990K(270976K)
[495.119s][info ][gc,heap      ] GC(555) CMS: 311624K->311645K(602112K)
[495.119s][info ][gc,metaspace ] GC(555) Metaspace: 57306K->57306K(1101824K)
[495.119s][info ][gc           ] GC(555) Pause Young (Allocation Failure) 543M->307M(852M) 4.312ms
[495.119s][info ][gc,cpu       ] GC(555) User=0.01s Sys=0.00s Real=0.01s
[495.119s][info ][safepoint    ] Leaving safepoint region
[495.119s][info ][safepoint    ] Total time for which application threads were stopped: 0.0044686 seconds, Stopping threads took: 0.0000147 seconds
[496.085s][info ][safepoint    ] Application time: 0.9660129 seconds
[496.085s][info ][safepoint    ] Entering safepoint region: GenCollectForAllocation
[496.085s][info ][gc,start     ] GC(556) Pause Young (Allocation Failure)
[496.085s][info ][gc,task      ] GC(556) Using 4 workers of 4 for evacuation
[496.090s][debug][gc,ref       ] GC(556) Skipped phase1 of Reference Processing due to unavailable references
[496.090s][debug][gc,ref       ] GC(556) Skipped phase2 of Reference Processing due to unavailable references
[496.090s][debug][gc,ref       ] GC(556) Skipped phase3 of Reference Processing due to unavailable references
[496.090s][debug][gc,ref       ] GC(556) Skipped phase4 of Reference Processing due to unavailable references
[496.090s][debug][gc,age       ] GC(556) Desired survivor size 15400960 bytes, new threshold 6 (max threshold 6)
[496.090s][info ][gc,heap      ] GC(556) ParNew: 243886K->3800K(270976K)
[496.091s][info ][gc,heap      ] GC(556) CMS: 311645K->311726K(602112K)
[496.091s][info ][gc,metaspace ] GC(556) Metaspace: 57306K->57306K(1101824K)
[496.091s][info ][gc           ] GC(556) Pause Young (Allocation Failure) 542M->308M(852M) 5.142ms
[496.091s][info ][gc,cpu       ] GC(556) User=0.02s Sys=0.01s Real=0.00s
[496.091s][info ][safepoint    ] Leaving safepoint region
[496.091s][info ][safepoint    ] Total time for which application threads were stopped: 0.0052884 seconds, Stopping threads took: 0.0000142 seconds
[497.091s][info ][safepoint    ] Application time: 1.0000674 seconds
[497.091s][info ][safepoint    ] Entering safepoint region: Cleanup
[497.091s][info ][safepoint    ] Leaving safepoint region
[497.091s][info ][safepoint    ] Total time for which application threads were stopped: 0.0000651 seconds, Stopping threads took: 0.0000145 seconds
[497.197s][info ][safepoint    ] Application time: 0.1058714 seconds
[497.197s][info ][safepoint    ] Entering safepoint region: GenCollectForAllocation
[497.197s][info ][gc,start     ] GC(557) Pause Young (Allocation Failure)
[497.197s][info ][gc,task      ] GC(557) Using 4 workers of 4 for evacuation
[497.202s][debug][gc,ref       ] GC(557) Skipped phase1 of Reference Processing due to unavailable references
[497.202s][debug][gc,ref       ] GC(557) Skipped phase2 of Reference Processing due to unavailable references
[497.202s][debug][gc,ref       ] GC(557) Skipped phase3 of Reference Processing due to unavailable references
[497.202s][debug][gc,ref       ] GC(557) Skipped phase4 of Reference Processing due to unavailable references
[497.202s][debug][gc,age       ] GC(557) Desired survivor size 15400960 bytes, new threshold 6 (max threshold 6)
[497.202s][info ][gc,heap      ] GC(557) ParNew: 244696K->4471K(270976K)
[497.202s][info ][gc,heap      ] GC(557) CMS: 311726K->311814K(602112K)
[497.202s][info ][gc,metaspace ] GC(557) Metaspace: 57306K->57306K(1101824K)
[497.202s][info ][gc           ] GC(557) Pause Young (Allocation Failure) 543M->308M(852M) 5.356ms
[497.202s][info ][gc,cpu       ] GC(557) User=0.02s Sys=0.00s Real=0.00s
[497.202s][info ][safepoint    ] Leaving safepoint region
[497.202s][info ][safepoint    ] Total time for which application threads were stopped: 0.0054953 seconds, Stopping threads took: 0.0000141 seconds
[498.202s][info ][safepoint    ] Application time: 1.0000871 seconds
[498.202s][info ][safepoint    ] Entering safepoint region: Cleanup
[498.202s][info ][safepoint    ] Leaving safepoint region
[498.202s][info ][safepoint    ] Total time for which application threads were stopped: 0.0001364 seconds, Stopping threads took: 0.0000721 seconds
[498.244s][info ][safepoint    ] Application time: 0.0420732 seconds
[498.245s][info ][safepoint    ] Entering safepoint region: GenCollectForAllocation
[498.245s][info ][gc,start     ] GC(558) Pause Young (Allocation Failure)
[498.245s][info ][gc,task      ] GC(558) Using 4 workers of 4 for evacuation
[498.249s][debug][gc,ref       ] GC(558) Skipped phase1 of Reference Processing due to unavailable references
[498.249s][debug][gc,ref       ] GC(558) Skipped phase2 of Reference Processing due to unavailable references
[498.249s][debug][gc,ref       ] GC(558) Skipped phase3 of Reference Processing due to unavailable references
[498.249s][debug][gc,ref       ] GC(558) Skipped phase4 of Reference Processing due to unavailable references
[498.249s][debug][gc,age       ] GC(558) Desired survivor size 15400960 bytes, new threshold 6 (max threshold 6)
[498.249s][info ][gc,heap      ] GC(558) ParNew: 245367K->3345K(270976K)
[498.249s][info ][gc,heap      ] GC(558) CMS: 311814K->311826K(602112K)
[498.249s][info ][gc,metaspace ] GC(558) Metaspace: 57306K->57306K(1101824K)
[498.249s][info ][gc           ] GC(558) Pause Young (Allocation Failure) 544M->307M(852M) 4.789ms
[498.249s][info ][gc,cpu       ] GC(558) User=0.02s Sys=0.00s Real=0.00s
[498.249s][info ][safepoint    ] Leaving safepoint region
[498.249s][info ][safepoint    ] Total time for which application threads were stopped: 0.0049389 seconds, Stopping threads took: 0.0000127 seconds
[499.233s][info ][safepoint    ] Application time: 0.9838653 seconds
[499.233s][info ][safepoint    ] Entering safepoint region: GenCollectForAllocation
[499.233s][info ][gc,start     ] GC(559) Pause Young (Allocation Failure)
[499.233s][info ][gc,task      ] GC(559) Using 4 workers of 4 for evacuation
[499.238s][debug][gc,ref       ] GC(559) Skipped phase1 of Reference Processing due to unavailable references
[499.238s][debug][gc,ref       ] GC(559) Skipped phase2 of Reference Processing due to unavailable references
[499.238s][debug][gc,ref       ] GC(559) Skipped phase3 of Reference Processing due to unavailable references
[499.238s][debug][gc,ref       ] GC(559) Skipped phase4 of Reference Processing due to unavailable references
[499.238s][debug][gc,age       ] GC(559) Desired survivor size 15400960 bytes, new threshold 6 (max threshold 6)
[499.238s][info ][gc,heap      ] GC(559) ParNew: 244241K->4390K(270976K)
[499.238s][info ][gc,heap      ] GC(559) CMS: 311826K->311905K(602112K)
[499.238s][info ][gc,metaspace ] GC(559) Metaspace: 57306K->57306K(1101824K)
[499.238s][info ][gc           ] GC(559) Pause Young (Allocation Failure) 543M->308M(852M) 4.439ms
[499.238s][info ][gc,cpu       ] GC(559) User=0.02s Sys=0.00s Real=0.01s
[499.238s][info ][safepoint    ] Leaving safepoint region
[499.238s][info ][safepoint    ] Total time for which application threads were stopped: 0.0045837 seconds, Stopping threads took: 0.0000143 seconds
[500.238s][info ][safepoint    ] Application time: 1.0000866 seconds
[500.238s][info ][safepoint    ] Entering safepoint region: Cleanup
[500.238s][info ][safepoint    ] Leaving safepoint region
[500.238s][info ][safepoint    ] Total time for which application threads were stopped: 0.0000798 seconds, Stopping threads took: 0.0000149 seconds
[500.261s][info ][safepoint    ] Application time: 0.0231343 seconds
[500.261s][info ][safepoint    ] Entering safepoint region: GenCollectForAllocation
[500.261s][info ][gc,start     ] GC(560) Pause Young (Allocation Failure)
[500.261s][info ][gc,task      ] GC(560) Using 4 workers of 4 for evacuation
[500.266s][debug][gc,ref       ] GC(560) Skipped phase1 of Reference Processing due to unavailable references
[500.266s][debug][gc,ref       ] GC(560) Skipped phase2 of Reference Processing due to unavailable references
[500.266s][debug][gc,ref       ] GC(560) Skipped phase3 of Reference Processing due to unavailable references
[500.266s][debug][gc,ref       ] GC(560) Skipped phase4 of Reference Processing due to unavailable references
[500.266s][debug][gc,age       ] GC(560) Desired survivor size 15400960 bytes, new threshold 6 (max threshold 6)
[500.266s][info ][gc,heap      ] GC(560) ParNew: 245286K->4355K(270976K)
[500.266s][info ][gc,heap      ] GC(560) CMS: 311905K->312196K(602112K)
[500.266s][info ][gc,metaspace ] GC(560) Metaspace: 57311K->57311K(1101824K)
[500.266s][info ][gc           ] GC(560) Pause Young (Allocation Failure) 544M->309M(852M) 4.977ms
[500.266s][info ][gc,cpu       ] GC(560) User=0.02s Sys=0.00s Real=0.01s
[500.266s][info ][safepoint    ] Leaving safepoint region
[500.266s][info ][safepoint    ] Total time for which application threads were stopped: 0.0051351 seconds, Stopping threads took: 0.0000149 seconds
[501.230s][info ][safepoint    ] Application time: 0.9635903 seconds
[501.230s][info ][safepoint    ] Entering safepoint region: GenCollectForAllocation
[501.230s][info ][gc,start     ] GC(561) Pause Young (Allocation Failure)
[501.230s][info ][gc,task      ] GC(561) Using 4 workers of 4 for evacuation
[501.234s][debug][gc,ref       ] GC(561) Skipped phase1 of Reference Processing due to unavailable references
[501.234s][debug][gc,ref       ] GC(561) Skipped phase2 of Reference Processing due to unavailable references
[501.234s][debug][gc,ref       ] GC(561) Skipped phase3 of Reference Processing due to unavailable references
[501.234s][debug][gc,ref       ] GC(561) Skipped phase4 of Reference Processing due to unavailable references
[501.234s][debug][gc,age       ] GC(561) Desired survivor size 15400960 bytes, new threshold 6 (max threshold 6)
[501.234s][info ][gc,heap      ] GC(561) ParNew: 245251K->3267K(270976K)
[501.234s][info ][gc,heap      ] GC(561) CMS: 312196K->312221K(602112K)
[501.234s][info ][gc,metaspace ] GC(561) Metaspace: 57311K->57311K(1101824K)
[501.234s][info ][gc           ] GC(561) Pause Young (Allocation Failure) 544M->308M(852M) 4.249ms
[501.234s][info ][gc,cpu       ] GC(561) User=0.02s Sys=0.00s Real=0.00s
[501.234s][info ][safepoint    ] Leaving safepoint region
[501.234s][info ][safepoint    ] Total time for which application threads were stopped: 0.0043970 seconds, Stopping threads took: 0.0000132 seconds
[502.235s][info ][safepoint    ] Application time: 1.0000974 seconds
[502.235s][info ][safepoint    ] Entering safepoint region: Cleanup
[502.235s][info ][safepoint    ] Leaving safepoint region
[502.235s][info ][safepoint    ] Total time for which application threads were stopped: 0.0001230 seconds, Stopping threads took: 0.0000487 seconds
[502.271s][info ][safepoint    ] Application time: 0.0362850 seconds
[502.271s][info ][safepoint    ] Entering safepoint region: GenCollectForAllocation
[502.271s][info ][gc,start     ] GC(562) Pause Young (Allocation Failure)
[502.271s][info ][gc,task      ] GC(562) Using 4 workers of 4 for evacuation
[502.275s][debug][gc,ref       ] GC(562) Skipped phase1 of Reference Processing due to unavailable references
[502.275s][debug][gc,ref       ] GC(562) Skipped phase2 of Reference Processing due to unavailable references
[502.275s][debug][gc,ref       ] GC(562) Skipped phase3 of Reference Processing due to unavailable references
[502.275s][debug][gc,ref       ] GC(562) Skipped phase4 of Reference Processing due to unavailable references
[502.275s][debug][gc,age       ] GC(562) Desired survivor size 15400960 bytes, new threshold 6 (max threshold 6)
[502.275s][info ][gc,heap      ] GC(562) ParNew: 244163K->3268K(270976K)
[502.275s][info ][gc,heap      ] GC(562) CMS: 312221K->312310K(602112K)
[502.275s][info ][gc,metaspace ] GC(562) Metaspace: 57311K->57311K(1101824K)
[502.276s][info ][gc           ] GC(562) Pause Young (Allocation Failure) 543M->308M(852M) 4.381ms
[502.276s][info ][gc,cpu       ] GC(562) User=0.02s Sys=0.00s Real=0.01s
[502.276s][info ][safepoint    ] Leaving safepoint region
[502.276s][info ][safepoint    ] Total time for which application threads were stopped: 0.0045194 seconds, Stopping threads took: 0.0000136 seconds
[503.276s][info ][safepoint    ] Application time: 1.0001098 seconds
[503.276s][info ][safepoint    ] Entering safepoint region: Cleanup
[503.276s][info ][safepoint    ] Leaving safepoint region
[503.276s][info ][safepoint    ] Total time for which application threads were stopped: 0.0001425 seconds, Stopping threads took: 0.0000704 seconds
[503.388s][info ][safepoint    ] Application time: 0.1122123 seconds
[503.388s][info ][safepoint    ] Entering safepoint region: GenCollectForAllocation
[503.388s][info ][gc,start     ] GC(563) Pause Young (Allocation Failure)
[503.388s][info ][gc,task      ] GC(563) Using 4 workers of 4 for evacuation
[503.393s][debug][gc,ref       ] GC(563) Skipped phase1 of Reference Processing due to unavailable references
[503.393s][debug][gc,ref       ] GC(563) Skipped phase2 of Reference Processing due to unavailable references
[503.393s][debug][gc,ref       ] GC(563) Skipped phase3 of Reference Processing due to unavailable references
[503.393s][debug][gc,ref       ] GC(563) Skipped phase4 of Reference Processing due to unavailable references
[503.393s][debug][gc,age       ] GC(563) Desired survivor size 15400960 bytes, new threshold 6 (max threshold 6)
[503.393s][info ][gc,heap      ] GC(563) ParNew: 244164K->2908K(270976K)
[503.393s][info ][gc,heap      ] GC(563) CMS: 312310K->312486K(602112K)
[503.393s][info ][gc,metaspace ] GC(563) Metaspace: 57313K->57313K(1101824K)
[503.393s][info ][gc           ] GC(563) Pause Young (Allocation Failure) 543M->308M(852M) 4.808ms
[503.393s][info ][gc,cpu       ] GC(563) User=0.02s Sys=0.00s Real=0.00s
[503.393s][info ][safepoint    ] Leaving safepoint region
[503.393s][info ][safepoint    ] Total time for which application threads were stopped: 0.0049855 seconds, Stopping threads took: 0.0000175 seconds
[504.339s][info ][safepoint    ] Application time: 0.9463500 seconds
[504.339s][info ][safepoint    ] Entering safepoint region: GenCollectForAllocation
[504.340s][info ][gc,start     ] GC(564) Pause Young (Allocation Failure)
[504.340s][info ][gc,task      ] GC(564) Using 4 workers of 4 for evacuation
[504.344s][debug][gc,ref       ] GC(564) Skipped phase1 of Reference Processing due to unavailable references
[504.344s][debug][gc,ref       ] GC(564) Skipped phase2 of Reference Processing due to unavailable references
[504.344s][debug][gc,ref       ] GC(564) Skipped phase3 of Reference Processing due to unavailable references
[504.344s][debug][gc,ref       ] GC(564) Skipped phase4 of Reference Processing due to unavailable references
[504.344s][debug][gc,age       ] GC(564) Desired survivor size 15400960 bytes, new threshold 6 (max threshold 6)
[504.344s][info ][gc,heap      ] GC(564) ParNew: 243804K->2783K(270976K)
[504.344s][info ][gc,heap      ] GC(564) CMS: 312486K->312536K(602112K)
[504.344s][info ][gc,metaspace ] GC(564) Metaspace: 57313K->57313K(1101824K)
[504.344s][info ][gc           ] GC(564) Pause Young (Allocation Failure) 543M->307M(852M) 4.348ms
[504.344s][info ][gc,cpu       ] GC(564) User=0.02s Sys=0.00s Real=0.01s
[504.344s][info ][safepoint    ] Leaving safepoint region
[504.344s][info ][safepoint    ] Total time for which application threads were stopped: 0.0044912 seconds, Stopping threads took: 0.0000138 seconds
[505.344s][info ][safepoint    ] Application time: 1.0001327 seconds
[505.344s][info ][safepoint    ] Entering safepoint region: Cleanup
[505.344s][info ][safepoint    ] Leaving safepoint region
[505.344s][info ][safepoint    ] Total time for which application threads were stopped: 0.0000662 seconds, Stopping threads took: 0.0000143 seconds
[505.382s][info ][safepoint    ] Application time: 0.0378792 seconds
[505.382s][info ][safepoint    ] Entering safepoint region: GenCollectForAllocation
[505.382s][info ][gc,start     ] GC(565) Pause Young (Allocation Failure)
[505.382s][info ][gc,task      ] GC(565) Using 4 workers of 4 for evacuation
[505.386s][debug][gc,ref       ] GC(565) Skipped phase1 of Reference Processing due to unavailable references
[505.386s][debug][gc,ref       ] GC(565) Skipped phase2 of Reference Processing due to unavailable references
[505.386s][debug][gc,ref       ] GC(565) Skipped phase3 of Reference Processing due to unavailable references
[505.386s][debug][gc,ref       ] GC(565) Skipped phase4 of Reference Processing due to unavailable references
[505.386s][debug][gc,age       ] GC(565) Desired survivor size 15400960 bytes, new threshold 6 (max threshold 6)
[505.386s][info ][gc,heap      ] GC(565) ParNew: 243679K->2755K(270976K)
[505.386s][info ][gc,heap      ] GC(565) CMS: 312536K->312644K(602112K)
[505.386s][info ][gc,metaspace ] GC(565) Metaspace: 57313K->57313K(1101824K)
[505.386s][info ][gc           ] GC(565) Pause Young (Allocation Failure) 543M->308M(852M) 3.966ms
[505.386s][info ][gc,cpu       ] GC(565) User=0.02s Sys=0.00s Real=0.01s
[505.386s][info ][safepoint    ] Leaving safepoint region
[505.386s][info ][safepoint    ] Total time for which application threads were stopped: 0.0041572 seconds, Stopping threads took: 0.0000206 seconds
[506.386s][info ][safepoint    ] Application time: 1.0000864 seconds
[506.386s][info ][safepoint    ] Entering safepoint region: Cleanup
[506.386s][info ][safepoint    ] Leaving safepoint region
[506.386s][info ][safepoint    ] Total time for which application threads were stopped: 0.0000805 seconds, Stopping threads took: 0.0000145 seconds
[506.518s][info ][safepoint    ] Application time: 0.1313404 seconds
[506.518s][info ][safepoint    ] Entering safepoint region: GenCollectForAllocation
[506.518s][info ][gc,start     ] GC(566) Pause Young (Allocation Failure)
[506.518s][info ][gc,task      ] GC(566) Using 4 workers of 4 for evacuation
[506.522s][debug][gc,ref       ] GC(566) Skipped phase1 of Reference Processing due to unavailable references
[506.522s][debug][gc,ref       ] GC(566) Skipped phase2 of Reference Processing due to unavailable references
[506.522s][debug][gc,ref       ] GC(566) Skipped phase3 of Reference Processing due to unavailable references
[506.523s][debug][gc,ref       ] GC(566) Skipped phase4 of Reference Processing due to unavailable references
[506.523s][debug][gc,age       ] GC(566) Desired survivor size 15400960 bytes, new threshold 6 (max threshold 6)
[506.523s][info ][gc,heap      ] GC(566) ParNew: 243651K->3044K(270976K)
[506.523s][info ][gc,heap      ] GC(566) CMS: 312644K->312708K(602112K)
[506.523s][info ][gc,metaspace ] GC(566) Metaspace: 57313K->57313K(1101824K)
[506.523s][info ][gc           ] GC(566) Pause Young (Allocation Failure) 543M->308M(852M) 4.691ms
[506.523s][info ][gc,cpu       ] GC(566) User=0.01s Sys=0.00s Real=0.00s
[506.523s][info ][safepoint    ] Leaving safepoint region
[506.523s][info ][safepoint    ] Total time for which application threads were stopped: 0.0048496 seconds, Stopping threads took: 0.0000130 seconds
[507.523s][info ][safepoint    ] Application time: 1.0000942 seconds
[507.523s][info ][safepoint    ] Entering safepoint region: Cleanup
[507.523s][info ][safepoint    ] Leaving safepoint region
[507.523s][info ][safepoint    ] Total time for which application threads were stopped: 0.0001578 seconds, Stopping threads took: 0.0000730 seconds
[507.570s][info ][safepoint    ] Application time: 0.0474615 seconds
[507.570s][info ][safepoint    ] Entering safepoint region: GenCollectForAllocation
[507.571s][info ][gc,start     ] GC(567) Pause Young (Allocation Failure)
[507.571s][info ][gc,task      ] GC(567) Using 4 workers of 4 for evacuation
[507.575s][debug][gc,ref       ] GC(567) Skipped phase1 of Reference Processing due to unavailable references
[507.575s][debug][gc,ref       ] GC(567) Skipped phase3 of Reference Processing due to unavailable references
[507.575s][debug][gc,age       ] GC(567) Desired survivor size 15400960 bytes, new threshold 6 (max threshold 6)
[507.575s][info ][gc,heap      ] GC(567) ParNew: 243940K->3134K(270976K)
[507.575s][info ][gc,heap      ] GC(567) CMS: 312708K->312718K(602112K)
[507.575s][info ][gc,metaspace ] GC(567) Metaspace: 57318K->57318K(1101824K)
[507.575s][info ][gc           ] GC(567) Pause Young (Allocation Failure) 543M->308M(852M) 4.215ms
[507.575s][info ][gc,cpu       ] GC(567) User=0.01s Sys=0.00s Real=0.00s
[507.575s][info ][safepoint    ] Leaving safepoint region
[507.575s][info ][safepoint    ] Total time for which application threads were stopped: 0.0043598 seconds, Stopping threads took: 0.0000147 seconds
[508.537s][info ][safepoint    ] Application time: 0.9621577 seconds
[508.537s][info ][safepoint    ] Entering safepoint region: GenCollectForAllocation
[508.537s][info ][gc,start     ] GC(568) Pause Young (Allocation Failure)
[508.537s][info ][gc,task      ] GC(568) Using 4 workers of 4 for evacuation
[508.541s][debug][gc,ref       ] GC(568) Skipped phase1 of Reference Processing due to unavailable references
[508.541s][debug][gc,ref       ] GC(568) Skipped phase2 of Reference Processing due to unavailable references
[508.541s][debug][gc,ref       ] GC(568) Skipped phase3 of Reference Processing due to unavailable references
[508.541s][debug][gc,ref       ] GC(568) Skipped phase4 of Reference Processing due to unavailable references
[508.542s][debug][gc,age       ] GC(568) Desired survivor size 15400960 bytes, new threshold 6 (max threshold 6)
[508.542s][info ][gc,heap      ] GC(568) ParNew: 244030K->3189K(270976K)
[508.542s][info ][gc,heap      ] GC(568) CMS: 312718K->312765K(602112K)
[508.542s][info ][gc,metaspace ] GC(568) Metaspace: 57320K->57320K(1101824K)
[508.542s][info ][gc           ] GC(568) Pause Young (Allocation Failure) 543M->308M(852M) 4.406ms
[508.542s][info ][gc,cpu       ] GC(568) User=0.01s Sys=0.00s Real=0.00s
[508.542s][info ][safepoint    ] Leaving safepoint region
[508.542s][info ][safepoint    ] Total time for which application threads were stopped: 0.0045640 seconds, Stopping threads took: 0.0000146 seconds
[509.539s][info ][safepoint    ] Application time: 0.9976378 seconds
[509.539s][info ][safepoint    ] Entering safepoint region: GenCollectForAllocation
[509.539s][info ][gc,start     ] GC(569) Pause Young (Allocation Failure)
[509.539s][info ][gc,task      ] GC(569) Using 4 workers of 4 for evacuation
[509.545s][debug][gc,ref       ] GC(569) Skipped phase1 of Reference Processing due to unavailable references
[509.545s][debug][gc,ref       ] GC(569) Skipped phase2 of Reference Processing due to unavailable references
[509.545s][debug][gc,ref       ] GC(569) Skipped phase3 of Reference Processing due to unavailable references
[509.545s][debug][gc,ref       ] GC(569) Skipped phase4 of Reference Processing due to unavailable references
[509.545s][debug][gc,age       ] GC(569) Desired survivor size 15400960 bytes, new threshold 6 (max threshold 6)
[509.545s][info ][gc,heap      ] GC(569) ParNew: 244085K->2760K(270976K)
[509.545s][info ][gc,heap      ] GC(569) CMS: 312765K->312833K(602112K)
[509.545s][info ][gc,metaspace ] GC(569) Metaspace: 57320K->57320K(1101824K)
[509.545s][info ][gc           ] GC(569) Pause Young (Allocation Failure) 543M->308M(852M) 5.570ms
[509.545s][info ][gc,cpu       ] GC(569) User=0.02s Sys=0.00s Real=0.01s
[509.545s][info ][safepoint    ] Leaving safepoint region
[509.545s][info ][safepoint    ] Total time for which application threads were stopped: 0.0057206 seconds, Stopping threads took: 0.0000129 seconds
[510.545s][info ][safepoint    ] Application time: 1.0001008 seconds
[510.545s][info ][safepoint    ] Entering safepoint region: Cleanup
[510.545s][info ][safepoint    ] Leaving safepoint region
[510.545s][info ][safepoint    ] Total time for which application threads were stopped: 0.0000840 seconds, Stopping threads took: 0.0000149 seconds
[510.628s][info ][safepoint    ] Application time: 0.0825451 seconds
[510.628s][info ][safepoint    ] Entering safepoint region: GenCollectForAllocation
[510.628s][info ][gc,start     ] GC(570) Pause Young (Allocation Failure)
[510.628s][info ][gc,task      ] GC(570) Using 4 workers of 4 for evacuation
[510.632s][debug][gc,ref       ] GC(570) Skipped phase1 of Reference Processing due to unavailable references
[510.632s][debug][gc,ref       ] GC(570) Skipped phase2 of Reference Processing due to unavailable references
[510.632s][debug][gc,ref       ] GC(570) Skipped phase3 of Reference Processing due to unavailable references
[510.632s][debug][gc,ref       ] GC(570) Skipped phase4 of Reference Processing due to unavailable references
[510.632s][debug][gc,age       ] GC(570) Desired survivor size 15400960 bytes, new threshold 6 (max threshold 6)
[510.632s][info ][gc,heap      ] GC(570) ParNew: 243656K->3300K(270976K)
[510.632s][info ][gc,heap      ] GC(570) CMS: 312833K->312912K(602112K)
[510.632s][info ][gc,metaspace ] GC(570) Metaspace: 57320K->57320K(1101824K)
[510.632s][info ][gc           ] GC(570) Pause Young (Allocation Failure) 543M->308M(852M) 4.566ms
[510.632s][info ][gc,cpu       ] GC(570) User=0.02s Sys=0.00s Real=0.00s
[510.632s][info ][safepoint    ] Leaving safepoint region
[510.632s][info ][safepoint    ] Total time for which application threads were stopped: 0.0047082 seconds, Stopping threads took: 0.0000142 seconds
[511.633s][info ][safepoint    ] Application time: 1.0001015 seconds
[511.633s][info ][safepoint    ] Entering safepoint region: Cleanup
[511.633s][info ][safepoint    ] Leaving safepoint region
[511.633s][info ][safepoint    ] Total time for which application threads were stopped: 0.0001333 seconds, Stopping threads took: 0.0000711 seconds
[511.672s][info ][safepoint    ] Application time: 0.0396312 seconds
[511.672s][info ][safepoint    ] Entering safepoint region: GenCollectForAllocation
[511.673s][info ][gc,start     ] GC(571) Pause Young (Allocation Failure)
[511.673s][info ][gc,task      ] GC(571) Using 4 workers of 4 for evacuation
[511.677s][debug][gc,ref       ] GC(571) Skipped phase1 of Reference Processing due to unavailable references
[511.677s][debug][gc,ref       ] GC(571) Skipped phase2 of Reference Processing due to unavailable references
[511.677s][debug][gc,ref       ] GC(571) Skipped phase3 of Reference Processing due to unavailable references
[511.677s][debug][gc,ref       ] GC(571) Skipped phase4 of Reference Processing due to unavailable references
[511.677s][debug][gc,age       ] GC(571) Desired survivor size 15400960 bytes, new threshold 6 (max threshold 6)
[511.677s][info ][gc,heap      ] GC(571) ParNew: 244196K->2749K(270976K)
[511.677s][info ][gc,heap      ] GC(571) CMS: 312912K->312948K(602112K)
[511.677s][info ][gc,metaspace ] GC(571) Metaspace: 57320K->57320K(1101824K)
[511.677s][info ][gc           ] GC(571) Pause Young (Allocation Failure) 544M->308M(852M) 4.580ms
[511.677s][info ][gc,cpu       ] GC(571) User=0.02s Sys=0.00s Real=0.01s
[511.677s][info ][safepoint    ] Leaving safepoint region
[511.677s][info ][safepoint    ] Total time for which application threads were stopped: 0.0047308 seconds, Stopping threads took: 0.0000136 seconds
[512.677s][info ][safepoint    ] Application time: 1.0000975 seconds
[512.677s][info ][safepoint    ] Entering safepoint region: Cleanup
[512.677s][info ][safepoint    ] Leaving safepoint region
[512.677s][info ][safepoint    ] Total time for which application threads were stopped: 0.0001361 seconds, Stopping threads took: 0.0000642 seconds
[512.765s][info ][safepoint    ] Application time: 0.0875562 seconds
[512.765s][info ][safepoint    ] Entering safepoint region: GenCollectForAllocation
[512.765s][info ][gc,start     ] GC(572) Pause Young (Allocation Failure)
[512.765s][info ][gc,task      ] GC(572) Using 4 workers of 4 for evacuation
[512.769s][debug][gc,ref       ] GC(572) Skipped phase1 of Reference Processing due to unavailable references
[512.769s][debug][gc,ref       ] GC(572) Skipped phase2 of Reference Processing due to unavailable references
[512.769s][debug][gc,ref       ] GC(572) Skipped phase3 of Reference Processing due to unavailable references
[512.769s][debug][gc,ref       ] GC(572) Skipped phase4 of Reference Processing due to unavailable references
[512.769s][debug][gc,age       ] GC(572) Desired survivor size 15400960 bytes, new threshold 6 (max threshold 6)
[512.769s][info ][gc,heap      ] GC(572) ParNew: 243645K->3284K(270976K)
[512.769s][info ][gc,heap      ] GC(572) CMS: 312948K->312979K(602112K)
[512.769s][info ][gc,metaspace ] GC(572) Metaspace: 57320K->57320K(1101824K)
[512.769s][info ][gc           ] GC(572) Pause Young (Allocation Failure) 543M->308M(852M) 4.186ms
[512.769s][info ][gc,cpu       ] GC(572) User=0.02s Sys=0.00s Real=0.00s
[512.769s][info ][safepoint    ] Leaving safepoint region
[512.769s][info ][safepoint    ] Total time for which application threads were stopped: 0.0043275 seconds, Stopping threads took: 0.0000139 seconds
[513.730s][info ][safepoint    ] Application time: 0.9603778 seconds
[513.730s][info ][safepoint    ] Entering safepoint region: GenCollectForAllocation
[513.730s][info ][gc,start     ] GC(573) Pause Young (Allocation Failure)
[513.730s][info ][gc,task      ] GC(573) Using 4 workers of 4 for evacuation
[513.734s][debug][gc,ref       ] GC(573) Skipped phase1 of Reference Processing due to unavailable references
[513.735s][debug][gc,ref       ] GC(573) Skipped phase2 of Reference Processing due to unavailable references
[513.735s][debug][gc,ref       ] GC(573) Skipped phase3 of Reference Processing due to unavailable references
[513.735s][debug][gc,ref       ] GC(573) Skipped phase4 of Reference Processing due to unavailable references
[513.735s][debug][gc,age       ] GC(573) Desired survivor size 15400960 bytes, new threshold 6 (max threshold 6)
[513.735s][info ][gc,heap      ] GC(573) ParNew: 244180K->2728K(270976K)
[513.735s][info ][gc,heap      ] GC(573) CMS: 312979K->313022K(602112K)
[513.735s][info ][gc,metaspace ] GC(573) Metaspace: 57320K->57320K(1101824K)
[513.735s][info ][gc           ] GC(573) Pause Young (Allocation Failure) 544M->308M(852M) 4.833ms
[513.735s][info ][gc,cpu       ] GC(573) User=0.02s Sys=0.00s Real=0.00s
[513.735s][info ][safepoint    ] Leaving safepoint region
[513.735s][info ][safepoint    ] Total time for which application threads were stopped: 0.0049945 seconds, Stopping threads took: 0.0000283 seconds
[514.735s][info ][safepoint    ] Application time: 1.0001087 seconds
[514.735s][info ][safepoint    ] Entering safepoint region: Cleanup
[514.735s][info ][safepoint    ] Leaving safepoint region
[514.735s][info ][safepoint    ] Total time for which application threads were stopped: 0.0001385 seconds, Stopping threads took: 0.0000508 seconds
[514.769s][info ][safepoint    ] Application time: 0.0337123 seconds
[514.769s][info ][safepoint    ] Entering safepoint region: GenCollectForAllocation
[514.769s][info ][gc,start     ] GC(574) Pause Young (Allocation Failure)
[514.769s][info ][gc,task      ] GC(574) Using 4 workers of 4 for evacuation
[514.773s][debug][gc,ref       ] GC(574) Skipped phase1 of Reference Processing due to unavailable references
[514.773s][debug][gc,ref       ] GC(574) Skipped phase2 of Reference Processing due to unavailable references
[514.773s][debug][gc,ref       ] GC(574) Skipped phase3 of Reference Processing due to unavailable references
[514.773s][debug][gc,ref       ] GC(574) Skipped phase4 of Reference Processing due to unavailable references
[514.774s][debug][gc,age       ] GC(574) Desired survivor size 15400960 bytes, new threshold 6 (max threshold 6)
[514.774s][info ][gc,heap      ] GC(574) ParNew: 243624K->2611K(270976K)
[514.774s][info ][gc,heap      ] GC(574) CMS: 313022K->313135K(602112K)
[514.774s][info ][gc,metaspace ] GC(574) Metaspace: 57322K->57322K(1101824K)
[514.774s][info ][gc           ] GC(574) Pause Young (Allocation Failure) 543M->308M(852M) 4.721ms
[514.774s][info ][gc,cpu       ] GC(574) User=0.02s Sys=0.00s Real=0.00s
[514.774s][info ][safepoint    ] Leaving safepoint region
[514.774s][info ][safepoint    ] Total time for which application threads were stopped: 0.0048754 seconds, Stopping threads took: 0.0000144 seconds
[515.774s][info ][safepoint    ] Application time: 1.0001068 seconds
[515.774s][info ][safepoint    ] Entering safepoint region: Cleanup
[515.774s][info ][safepoint    ] Leaving safepoint region
[515.774s][info ][safepoint    ] Total time for which application threads were stopped: 0.0001329 seconds, Stopping threads took: 0.0000684 seconds
[515.854s][info ][safepoint    ] Application time: 0.0801395 seconds
[515.854s][info ][safepoint    ] Entering safepoint region: GenCollectForAllocation
[515.854s][info ][gc,start     ] GC(575) Pause Young (Allocation Failure)
[515.854s][info ][gc,task      ] GC(575) Using 4 workers of 4 for evacuation
[515.859s][debug][gc,ref       ] GC(575) Skipped phase1 of Reference Processing due to unavailable references
[515.859s][debug][gc,ref       ] GC(575) Skipped phase2 of Reference Processing due to unavailable references
[515.859s][debug][gc,ref       ] GC(575) Skipped phase3 of Reference Processing due to unavailable references
[515.859s][debug][gc,ref       ] GC(575) Skipped phase4 of Reference Processing due to unavailable references
[515.859s][debug][gc,age       ] GC(575) Desired survivor size 15400960 bytes, new threshold 6 (max threshold 6)
[515.859s][info ][gc,heap      ] GC(575) ParNew: 243507K->3179K(270976K)
[515.859s][info ][gc,heap      ] GC(575) CMS: 313135K->313213K(602112K)
[515.859s][info ][gc,metaspace ] GC(575) Metaspace: 57322K->57322K(1101824K)
[515.859s][info ][gc           ] GC(575) Pause Young (Allocation Failure) 543M->308M(852M) 4.494ms
[515.859s][info ][gc,cpu       ] GC(575) User=0.02s Sys=0.00s Real=0.01s
[515.859s][info ][safepoint    ] Leaving safepoint region
[515.859s][info ][safepoint    ] Total time for which application threads were stopped: 0.0046400 seconds, Stopping threads took: 0.0000156 seconds
[516.859s][info ][safepoint    ] Application time: 1.0001004 seconds
[516.859s][info ][safepoint    ] Entering safepoint region: Cleanup
[516.859s][info ][safepoint    ] Leaving safepoint region
[516.859s][info ][safepoint    ] Total time for which application threads were stopped: 0.0001370 seconds, Stopping threads took: 0.0000677 seconds
[516.905s][info ][safepoint    ] Application time: 0.0460926 seconds
[516.905s][info ][safepoint    ] Entering safepoint region: GenCollectForAllocation
[516.905s][info ][gc,start     ] GC(576) Pause Young (Allocation Failure)
[516.905s][info ][gc,task      ] GC(576) Using 4 workers of 4 for evacuation
[516.909s][debug][gc,ref       ] GC(576) Skipped phase1 of Reference Processing due to unavailable references
[516.909s][debug][gc,ref       ] GC(576) Skipped phase2 of Reference Processing due to unavailable references
[516.910s][debug][gc,ref       ] GC(576) Skipped phase3 of Reference Processing due to unavailable references
[516.910s][debug][gc,ref       ] GC(576) Skipped phase4 of Reference Processing due to unavailable references
[516.910s][debug][gc,age       ] GC(576) Desired survivor size 15400960 bytes, new threshold 6 (max threshold 6)
[516.910s][info ][gc,heap      ] GC(576) ParNew: 244075K->2666K(270976K)
[516.910s][info ][gc,heap      ] GC(576) CMS: 313213K->313264K(602112K)
[516.910s][info ][gc,metaspace ] GC(576) Metaspace: 57322K->57322K(1101824K)
[516.910s][info ][gc           ] GC(576) Pause Young (Allocation Failure) 544M->308M(852M) 4.395ms
[516.910s][info ][gc,cpu       ] GC(576) User=0.02s Sys=0.00s Real=0.00s
[516.910s][info ][safepoint    ] Leaving safepoint region
[516.910s][info ][safepoint    ] Total time for which application threads were stopped: 0.0045418 seconds, Stopping threads took: 0.0000151 seconds
[517.882s][info ][safepoint    ] Application time: 0.9725919 seconds
[517.882s][info ][safepoint    ] Entering safepoint region: GenCollectForAllocation
[517.882s][info ][gc,start     ] GC(577) Pause Young (Allocation Failure)
[517.882s][info ][gc,task      ] GC(577) Using 4 workers of 4 for evacuation
[517.886s][debug][gc,ref       ] GC(577) Skipped phase1 of Reference Processing due to unavailable references
[517.886s][debug][gc,ref       ] GC(577) Skipped phase2 of Reference Processing due to unavailable references
[517.886s][debug][gc,ref       ] GC(577) Skipped phase3 of Reference Processing due to unavailable references
[517.886s][debug][gc,ref       ] GC(577) Skipped phase4 of Reference Processing due to unavailable references
[517.887s][debug][gc,age       ] GC(577) Desired survivor size 15400960 bytes, new threshold 6 (max threshold 6)
[517.887s][info ][gc,heap      ] GC(577) ParNew: 243562K->2660K(270976K)
[517.887s][info ][gc,heap      ] GC(577) CMS: 313264K->313503K(602112K)
[517.887s][info ][gc,metaspace ] GC(577) Metaspace: 57322K->57322K(1101824K)
[517.887s][info ][gc           ] GC(577) Pause Young (Allocation Failure) 543M->308M(852M) 4.214ms
[517.887s][info ][gc,cpu       ] GC(577) User=0.02s Sys=0.00s Real=0.01s
[517.887s][info ][safepoint    ] Leaving safepoint region
[517.887s][info ][safepoint    ] Total time for which application threads were stopped: 0.0043574 seconds, Stopping threads took: 0.0000149 seconds
[518.887s][info ][safepoint    ] Application time: 1.0001097 seconds
[518.887s][info ][safepoint    ] Entering safepoint region: Cleanup
[518.887s][info ][safepoint    ] Leaving safepoint region
[518.887s][info ][safepoint    ] Total time for which application threads were stopped: 0.0001418 seconds, Stopping threads took: 0.0000614 seconds
[518.918s][info ][safepoint    ] Application time: 0.0308948 seconds
[518.918s][info ][safepoint    ] Entering safepoint region: GenCollectForAllocation
[518.918s][info ][gc,start     ] GC(578) Pause Young (Allocation Failure)
[518.918s][info ][gc,task      ] GC(578) Using 4 workers of 4 for evacuation
[518.922s][debug][gc,ref       ] GC(578) Skipped phase1 of Reference Processing due to unavailable references
[518.922s][debug][gc,ref       ] GC(578) Skipped phase2 of Reference Processing due to unavailable references
[518.922s][debug][gc,ref       ] GC(578) Skipped phase3 of Reference Processing due to unavailable references
[518.922s][debug][gc,ref       ] GC(578) Skipped phase4 of Reference Processing due to unavailable references
[518.922s][debug][gc,age       ] GC(578) Desired survivor size 15400960 bytes, new threshold 6 (max threshold 6)
[518.922s][info ][gc,heap      ] GC(578) ParNew: 243556K->2907K(270976K)
[518.922s][info ][gc,heap      ] GC(578) CMS: 313503K->313559K(602112K)
[518.922s][info ][gc,metaspace ] GC(578) Metaspace: 57322K->57322K(1101824K)
[518.922s][info ][gc           ] GC(578) Pause Young (Allocation Failure) 544M->309M(852M) 4.340ms
[518.922s][info ][gc,cpu       ] GC(578) User=0.01s Sys=0.01s Real=0.00s
[518.922s][info ][safepoint    ] Leaving safepoint region
[518.922s][info ][safepoint    ] Total time for which application threads were stopped: 0.0044810 seconds, Stopping threads took: 0.0000143 seconds
[519.923s][info ][safepoint    ] Application time: 1.0000997 seconds
[519.923s][info ][safepoint    ] Entering safepoint region: Cleanup
[519.923s][info ][safepoint    ] Leaving safepoint region
[519.923s][info ][safepoint    ] Total time for which application threads were stopped: 0.0001502 seconds, Stopping threads took: 0.0000846 seconds
[520.055s][info ][safepoint    ] Application time: 0.1321834 seconds
[520.055s][info ][safepoint    ] Entering safepoint region: GenCollectForAllocation
[520.055s][info ][gc,start     ] GC(579) Pause Young (Allocation Failure)
[520.055s][info ][gc,task      ] GC(579) Using 4 workers of 4 for evacuation
[520.059s][debug][gc,ref       ] GC(579) Skipped phase1 of Reference Processing due to unavailable references
[520.059s][debug][gc,ref       ] GC(579) Skipped phase2 of Reference Processing due to unavailable references
[520.059s][debug][gc,ref       ] GC(579) Skipped phase3 of Reference Processing due to unavailable references
[520.059s][debug][gc,ref       ] GC(579) Skipped phase4 of Reference Processing due to unavailable references
[520.059s][debug][gc,age       ] GC(579) Desired survivor size 15400960 bytes, new threshold 6 (max threshold 6)
[520.059s][info ][gc,heap      ] GC(579) ParNew: 243803K->3175K(270976K)
[520.059s][info ][gc,heap      ] GC(579) CMS: 313559K->313598K(602112K)
[520.059s][info ][gc,metaspace ] GC(579) Metaspace: 57322K->57322K(1101824K)
[520.059s][info ][gc           ] GC(579) Pause Young (Allocation Failure) 544M->309M(852M) 4.064ms
[520.059s][info ][gc,cpu       ] GC(579) User=0.01s Sys=0.00s Real=0.01s
[520.059s][info ][safepoint    ] Leaving safepoint region
[520.059s][info ][safepoint    ] Total time for which application threads were stopped: 0.0042642 seconds, Stopping threads took: 0.0000143 seconds
[521.059s][info ][safepoint    ] Application time: 1.0000984 seconds
[521.059s][info ][safepoint    ] Entering safepoint region: Cleanup
[521.059s][info ][safepoint    ] Leaving safepoint region
[521.060s][info ][safepoint    ] Total time for which application threads were stopped: 0.0001819 seconds, Stopping threads took: 0.0000476 seconds
[521.164s][info ][safepoint    ] Application time: 0.1046774 seconds
[521.164s][info ][safepoint    ] Entering safepoint region: GenCollectForAllocation
[521.164s][info ][gc,start     ] GC(580) Pause Young (Allocation Failure)
[521.164s][info ][gc,task      ] GC(580) Using 4 workers of 4 for evacuation
[521.169s][debug][gc,ref       ] GC(580) Skipped phase1 of Reference Processing due to unavailable references
[521.169s][debug][gc,ref       ] GC(580) Skipped phase2 of Reference Processing due to unavailable references
[521.169s][debug][gc,ref       ] GC(580) Skipped phase3 of Reference Processing due to unavailable references
[521.169s][debug][gc,ref       ] GC(580) Skipped phase4 of Reference Processing due to unavailable references
[521.169s][debug][gc,age       ] GC(580) Desired survivor size 15400960 bytes, new threshold 6 (max threshold 6)
[521.169s][info ][gc,heap      ] GC(580) ParNew: 244071K->2283K(270976K)
[521.169s][info ][gc,heap      ] GC(580) CMS: 313598K->313685K(602112K)
[521.169s][info ][gc,metaspace ] GC(580) Metaspace: 57322K->57322K(1101824K)
[521.169s][info ][gc           ] GC(580) Pause Young (Allocation Failure) 544M->308M(852M) 4.927ms
[521.169s][info ][gc,cpu       ] GC(580) User=0.02s Sys=0.00s Real=0.00s
[521.169s][info ][safepoint    ] Leaving safepoint region
[521.169s][info ][safepoint    ] Total time for which application threads were stopped: 0.0050825 seconds, Stopping threads took: 0.0000138 seconds
[522.169s][info ][safepoint    ] Application time: 1.0001076 seconds
[522.169s][info ][safepoint    ] Entering safepoint region: Cleanup
[522.170s][info ][safepoint    ] Leaving safepoint region
[522.170s][info ][safepoint    ] Total time for which application threads were stopped: 0.0001406 seconds, Stopping threads took: 0.0000649 seconds
[522.173s][info ][safepoint    ] Application time: 0.0032600 seconds
[522.173s][info ][safepoint    ] Entering safepoint region: GenCollectForAllocation
[522.173s][info ][gc,start     ] GC(581) Pause Young (Allocation Failure)
[522.173s][info ][gc,task      ] GC(581) Using 4 workers of 4 for evacuation
[522.177s][debug][gc,ref       ] GC(581) Skipped phase1 of Reference Processing due to unavailable references
[522.177s][debug][gc,ref       ] GC(581) Skipped phase2 of Reference Processing due to unavailable references
[522.177s][debug][gc,ref       ] GC(581) Skipped phase3 of Reference Processing due to unavailable references
[522.177s][debug][gc,ref       ] GC(581) Skipped phase4 of Reference Processing due to unavailable references
[522.177s][debug][gc,age       ] GC(581) Desired survivor size 15400960 bytes, new threshold 6 (max threshold 6)
[522.177s][info ][gc,heap      ] GC(581) ParNew: 243179K->2358K(270976K)
[522.177s][info ][gc,heap      ] GC(581) CMS: 313685K->313752K(602112K)
[522.177s][info ][gc,metaspace ] GC(581) Metaspace: 57323K->57323K(1101824K)
[522.177s][info ][gc           ] GC(581) Pause Young (Allocation Failure) 543M->308M(852M) 4.509ms
[522.177s][info ][gc,cpu       ] GC(581) User=0.02s Sys=0.00s Real=0.01s
[522.177s][info ][safepoint    ] Leaving safepoint region
[522.178s][info ][safepoint    ] Total time for which application threads were stopped: 0.0046390 seconds, Stopping threads took: 0.0000096 seconds
[523.178s][info ][safepoint    ] Application time: 1.0000975 seconds
[523.178s][info ][safepoint    ] Entering safepoint region: Cleanup
[523.178s][info ][safepoint    ] Leaving safepoint region
[523.178s][info ][safepoint    ] Total time for which application threads were stopped: 0.0001290 seconds, Stopping threads took: 0.0000532 seconds
[523.219s][info ][safepoint    ] Application time: 0.0416622 seconds
[523.219s][info ][safepoint    ] Entering safepoint region: GenCollectForAllocation
[523.220s][info ][gc,start     ] GC(582) Pause Young (Allocation Failure)
[523.220s][info ][gc,task      ] GC(582) Using 4 workers of 4 for evacuation
[523.223s][debug][gc,ref       ] GC(582) Skipped phase1 of Reference Processing due to unavailable references
[523.223s][debug][gc,ref       ] GC(582) Skipped phase2 of Reference Processing due to unavailable references
[523.223s][debug][gc,ref       ] GC(582) Skipped phase3 of Reference Processing due to unavailable references
[523.223s][debug][gc,ref       ] GC(582) Skipped phase4 of Reference Processing due to unavailable references
[523.223s][debug][gc,age       ] GC(582) Desired survivor size 15400960 bytes, new threshold 6 (max threshold 6)
[523.223s][info ][gc,heap      ] GC(582) ParNew: 243254K->2830K(270976K)
[523.223s][info ][gc,heap      ] GC(582) CMS: 313752K->313755K(602112K)
[523.223s][info ][gc,metaspace ] GC(582) Metaspace: 57323K->57323K(1101824K)
[523.223s][info ][gc           ] GC(582) Pause Young (Allocation Failure) 543M->309M(852M) 3.869ms
[523.223s][info ][gc,cpu       ] GC(582) User=0.02s Sys=0.00s Real=0.01s
[523.224s][info ][safepoint    ] Leaving safepoint region
[523.224s][info ][safepoint    ] Total time for which application threads were stopped: 0.0040234 seconds, Stopping threads took: 0.0000161 seconds
[524.224s][info ][safepoint    ] Application time: 1.0000970 seconds
[524.224s][info ][safepoint    ] Entering safepoint region: Cleanup
[524.224s][info ][safepoint    ] Leaving safepoint region
[524.224s][info ][safepoint    ] Total time for which application threads were stopped: 0.0001324 seconds, Stopping threads took: 0.0000672 seconds
[524.254s][info ][safepoint    ] Application time: 0.0301724 seconds
[524.254s][info ][safepoint    ] Entering safepoint region: GenCollectForAllocation
[524.254s][info ][gc,start     ] GC(583) Pause Young (Allocation Failure)
[524.254s][info ][gc,task      ] GC(583) Using 4 workers of 4 for evacuation
[524.258s][debug][gc,ref       ] GC(583) Skipped phase1 of Reference Processing due to unavailable references
[524.258s][debug][gc,ref       ] GC(583) Skipped phase2 of Reference Processing due to unavailable references
[524.258s][debug][gc,ref       ] GC(583) Skipped phase3 of Reference Processing due to unavailable references
[524.258s][debug][gc,ref       ] GC(583) Skipped phase4 of Reference Processing due to unavailable references
[524.258s][debug][gc,age       ] GC(583) Desired survivor size 15400960 bytes, new threshold 6 (max threshold 6)
[524.258s][info ][gc,heap      ] GC(583) ParNew: 243726K->2226K(270976K)
[524.258s][info ][gc,heap      ] GC(583) CMS: 313755K->313766K(602112K)
[524.258s][info ][gc,metaspace ] GC(583) Metaspace: 57327K->57327K(1101824K)
[524.258s][info ][gc           ] GC(583) Pause Young (Allocation Failure) 544M->308M(852M) 3.742ms
[524.258s][info ][gc,cpu       ] GC(583) User=0.01s Sys=0.00s Real=0.01s
[524.258s][info ][safepoint    ] Leaving safepoint region
[524.258s][info ][safepoint    ] Total time for which application threads were stopped: 0.0039033 seconds, Stopping threads took: 0.0000343 seconds
[525.258s][info ][safepoint    ] Application time: 1.0000685 seconds
[525.258s][info ][safepoint    ] Entering safepoint region: Cleanup
[525.258s][info ][safepoint    ] Leaving safepoint region
[525.258s][info ][safepoint    ] Total time for which application threads were stopped: 0.0001601 seconds, Stopping threads took: 0.0000661 seconds
[525.317s][info ][safepoint    ] Application time: 0.0590394 seconds
[525.317s][info ][safepoint    ] Entering safepoint region: GenCollectForAllocation
[525.317s][info ][gc,start     ] GC(584) Pause Young (Allocation Failure)
[525.317s][info ][gc,task      ] GC(584) Using 4 workers of 4 for evacuation
[525.321s][debug][gc,ref       ] GC(584) Skipped phase1 of Reference Processing due to unavailable references
[525.321s][debug][gc,ref       ] GC(584) Skipped phase2 of Reference Processing due to unavailable references
[525.321s][debug][gc,ref       ] GC(584) Skipped phase3 of Reference Processing due to unavailable references
[525.321s][debug][gc,ref       ] GC(584) Skipped phase4 of Reference Processing due to unavailable references
[525.321s][debug][gc,age       ] GC(584) Desired survivor size 15400960 bytes, new threshold 6 (max threshold 6)
[525.321s][info ][gc,heap      ] GC(584) ParNew: 243122K->3152K(270976K)
[525.321s][info ][gc,heap      ] GC(584) CMS: 313766K->313796K(602112K)
[525.321s][info ][gc,metaspace ] GC(584) Metaspace: 57327K->57327K(1101824K)
[525.321s][info ][gc           ] GC(584) Pause Young (Allocation Failure) 543M->309M(852M) 4.076ms
[525.321s][info ][gc,cpu       ] GC(584) User=0.01s Sys=0.00s Real=0.00s
[525.321s][info ][safepoint    ] Leaving safepoint region
[525.321s][info ][safepoint    ] Total time for which application threads were stopped: 0.0042246 seconds, Stopping threads took: 0.0000150 seconds
[526.322s][info ][safepoint    ] Application time: 1.0001009 seconds
[526.322s][info ][safepoint    ] Entering safepoint region: Cleanup
[526.322s][info ][safepoint    ] Leaving safepoint region
[526.322s][info ][safepoint    ] Total time for which application threads were stopped: 0.0001518 seconds, Stopping threads took: 0.0000819 seconds
[526.332s][info ][safepoint    ] Application time: 0.0101712 seconds
[526.332s][info ][safepoint    ] Entering safepoint region: GenCollectForAllocation
[526.332s][info ][gc,start     ] GC(585) Pause Young (Allocation Failure)
[526.332s][info ][gc,task      ] GC(585) Using 4 workers of 4 for evacuation
[526.336s][debug][gc,ref       ] GC(585) Skipped phase1 of Reference Processing due to unavailable references
[526.336s][debug][gc,ref       ] GC(585) Skipped phase3 of Reference Processing due to unavailable references
[526.336s][debug][gc,age       ] GC(585) Desired survivor size 15400960 bytes, new threshold 6 (max threshold 6)
[526.336s][info ][gc,heap      ] GC(585) ParNew: 244048K->2717K(270976K)
[526.336s][info ][gc,heap      ] GC(585) CMS: 313796K->313851K(602112K)
[526.336s][info ][gc,metaspace ] GC(585) Metaspace: 57331K->57331K(1101824K)
[526.336s][info ][gc           ] GC(585) Pause Young (Allocation Failure) 544M->309M(852M) 4.061ms
[526.336s][info ][gc,cpu       ] GC(585) User=0.01s Sys=0.00s Real=0.01s
[526.336s][info ][safepoint    ] Leaving safepoint region
[526.336s][info ][safepoint    ] Total time for which application threads were stopped: 0.0041950 seconds, Stopping threads took: 0.0000145 seconds
[527.336s][info ][safepoint    ] Application time: 1.0001019 seconds
[527.336s][info ][safepoint    ] Entering safepoint region: Cleanup
[527.336s][info ][safepoint    ] Leaving safepoint region
[527.336s][info ][safepoint    ] Total time for which application threads were stopped: 0.0000640 seconds, Stopping threads took: 0.0000155 seconds
[527.465s][info ][safepoint    ] Application time: 0.1286578 seconds
[527.465s][info ][safepoint    ] Entering safepoint region: GenCollectForAllocation
[527.465s][info ][gc,start     ] GC(586) Pause Young (Allocation Failure)
[527.465s][info ][gc,task      ] GC(586) Using 4 workers of 4 for evacuation
[527.469s][debug][gc,ref       ] GC(586) Skipped phase1 of Reference Processing due to unavailable references
[527.469s][debug][gc,ref       ] GC(586) Skipped phase2 of Reference Processing due to unavailable references
[527.469s][debug][gc,ref       ] GC(586) Skipped phase3 of Reference Processing due to unavailable references
[527.469s][debug][gc,ref       ] GC(586) Skipped phase4 of Reference Processing due to unavailable references
[527.469s][debug][gc,age       ] GC(586) Desired survivor size 15400960 bytes, new threshold 6 (max threshold 6)
[527.469s][info ][gc,heap      ] GC(586) ParNew: 243613K->3352K(270976K)
[527.469s][info ][gc,heap      ] GC(586) CMS: 313851K->313854K(602112K)
[527.469s][info ][gc,metaspace ] GC(586) Metaspace: 57332K->57332K(1101824K)
[527.469s][info ][gc           ] GC(586) Pause Young (Allocation Failure) 544M->309M(852M) 3.915ms
[527.469s][info ][gc,cpu       ] GC(586) User=0.01s Sys=0.00s Real=0.00s
[527.469s][info ][safepoint    ] Leaving safepoint region
[527.469s][info ][safepoint    ] Total time for which application threads were stopped: 0.0040817 seconds, Stopping threads took: 0.0000139 seconds
[528.469s][info ][safepoint    ] Application time: 1.0001021 seconds
[528.469s][info ][safepoint    ] Entering safepoint region: Cleanup
[528.469s][info ][safepoint    ] Leaving safepoint region
[528.469s][info ][safepoint    ] Total time for which application threads were stopped: 0.0001405 seconds, Stopping threads took: 0.0000716 seconds
[528.509s][info ][safepoint    ] Application time: 0.0393848 seconds
[528.509s][info ][safepoint    ] Entering safepoint region: GenCollectForAllocation
[528.509s][info ][gc,start     ] GC(587) Pause Young (Allocation Failure)
[528.509s][info ][gc,task      ] GC(587) Using 4 workers of 4 for evacuation
[528.513s][debug][gc,ref       ] GC(587) Skipped phase1 of Reference Processing due to unavailable references
[528.513s][debug][gc,ref       ] GC(587) Skipped phase2 of Reference Processing due to unavailable references
[528.513s][debug][gc,ref       ] GC(587) Skipped phase3 of Reference Processing due to unavailable references
[528.513s][debug][gc,ref       ] GC(587) Skipped phase4 of Reference Processing due to unavailable references
[528.513s][debug][gc,age       ] GC(587) Desired survivor size 15400960 bytes, new threshold 6 (max threshold 6)
[528.513s][info ][gc,heap      ] GC(587) ParNew: 244248K->3043K(270976K)
[528.513s][info ][gc,heap      ] GC(587) CMS: 313854K->313901K(602112K)
[528.513s][info ][gc,metaspace ] GC(587) Metaspace: 57332K->57332K(1101824K)
[528.513s][info ][gc           ] GC(587) Pause Young (Allocation Failure) 545M->309M(852M) 3.940ms
[528.513s][info ][gc,cpu       ] GC(587) User=0.02s Sys=0.00s Real=0.00s
[528.513s][info ][safepoint    ] Leaving safepoint region
[528.513s][info ][safepoint    ] Total time for which application threads were stopped: 0.0040856 seconds, Stopping threads took: 0.0000144 seconds
[529.513s][info ][safepoint    ] Application time: 1.0000991 seconds
[529.513s][info ][safepoint    ] Entering safepoint region: Cleanup
[529.513s][info ][safepoint    ] Leaving safepoint region
[529.513s][info ][safepoint    ] Total time for which application threads were stopped: 0.0001435 seconds, Stopping threads took: 0.0000787 seconds
[529.636s][info ][safepoint    ] Application time: 0.1232484 seconds
[529.636s][info ][safepoint    ] Entering safepoint region: GenCollectForAllocation
[529.637s][info ][gc,start     ] GC(588) Pause Young (Allocation Failure)
[529.637s][info ][gc,task      ] GC(588) Using 4 workers of 4 for evacuation
[529.640s][debug][gc,ref       ] GC(588) Skipped phase1 of Reference Processing due to unavailable references
[529.640s][debug][gc,ref       ] GC(588) Skipped phase2 of Reference Processing due to unavailable references
[529.640s][debug][gc,ref       ] GC(588) Skipped phase3 of Reference Processing due to unavailable references
[529.640s][debug][gc,ref       ] GC(588) Skipped phase4 of Reference Processing due to unavailable references
[529.640s][debug][gc,age       ] GC(588) Desired survivor size 15400960 bytes, new threshold 6 (max threshold 6)
[529.640s][info ][gc,heap      ] GC(588) ParNew: 243939K->3447K(270976K)
[529.640s][info ][gc,heap      ] GC(588) CMS: 313901K->313932K(602112K)
[529.640s][info ][gc,metaspace ] GC(588) Metaspace: 57332K->57332K(1101824K)
[529.640s][info ][gc           ] GC(588) Pause Young (Allocation Failure) 544M->309M(852M) 3.814ms
[529.640s][info ][gc,cpu       ] GC(588) User=0.02s Sys=0.00s Real=0.00s
[529.640s][info ][safepoint    ] Leaving safepoint region
[529.640s][info ][safepoint    ] Total time for which application threads were stopped: 0.0039704 seconds, Stopping threads took: 0.0000257 seconds
[530.641s][info ][safepoint    ] Application time: 1.0001038 seconds
[530.641s][info ][safepoint    ] Entering safepoint region: Cleanup
[530.641s][info ][safepoint    ] Leaving safepoint region
[530.641s][info ][safepoint    ] Total time for which application threads were stopped: 0.0001211 seconds, Stopping threads took: 0.0000585 seconds
[530.652s][info ][safepoint    ] Application time: 0.0110691 seconds
[530.652s][info ][safepoint    ] Entering safepoint region: GenCollectForAllocation
[530.652s][info ][gc,start     ] GC(589) Pause Young (Allocation Failure)
[530.652s][info ][gc,task      ] GC(589) Using 4 workers of 4 for evacuation
[530.656s][debug][gc,ref       ] GC(589) Skipped phase1 of Reference Processing due to unavailable references
[530.656s][debug][gc,ref       ] GC(589) Skipped phase2 of Reference Processing due to unavailable references
[530.656s][debug][gc,ref       ] GC(589) Skipped phase3 of Reference Processing due to unavailable references
[530.656s][debug][gc,ref       ] GC(589) Skipped phase4 of Reference Processing due to unavailable references
[530.656s][debug][gc,age       ] GC(589) Desired survivor size 15400960 bytes, new threshold 6 (max threshold 6)
[530.656s][info ][gc,heap      ] GC(589) ParNew: 244343K->2706K(270976K)
[530.656s][info ][gc,heap      ] GC(589) CMS: 313932K->314030K(602112K)
[530.656s][info ][gc,metaspace ] GC(589) Metaspace: 57332K->57332K(1101824K)
[530.656s][info ][gc           ] GC(589) Pause Young (Allocation Failure) 545M->309M(852M) 4.392ms
[530.656s][info ][gc,cpu       ] GC(589) User=0.02s Sys=0.00s Real=0.01s
[530.656s][info ][safepoint    ] Leaving safepoint region
[530.656s][info ][safepoint    ] Total time for which application threads were stopped: 0.0045361 seconds, Stopping threads took: 0.0000153 seconds
[531.657s][info ][safepoint    ] Application time: 1.0001676 seconds
[531.657s][info ][safepoint    ] Entering safepoint region: Cleanup
[531.657s][info ][safepoint    ] Leaving safepoint region
[531.657s][info ][safepoint    ] Total time for which application threads were stopped: 0.0001357 seconds, Stopping threads took: 0.0000533 seconds
[531.782s][info ][safepoint    ] Application time: 0.1253885 seconds
[531.782s][info ][safepoint    ] Entering safepoint region: GenCollectForAllocation
[531.782s][info ][gc,start     ] GC(590) Pause Young (Allocation Failure)
[531.782s][info ][gc,task      ] GC(590) Using 4 workers of 4 for evacuation
[531.786s][debug][gc,ref       ] GC(590) Skipped phase1 of Reference Processing due to unavailable references
[531.786s][debug][gc,ref       ] GC(590) Skipped phase2 of Reference Processing due to unavailable references
[531.786s][debug][gc,ref       ] GC(590) Skipped phase3 of Reference Processing due to unavailable references
[531.786s][debug][gc,ref       ] GC(590) Skipped phase4 of Reference Processing due to unavailable references
[531.786s][debug][gc,age       ] GC(590) Desired survivor size 15400960 bytes, new threshold 6 (max threshold 6)
[531.786s][info ][gc,heap      ] GC(590) ParNew: 243602K->2943K(270976K)
[531.786s][info ][gc,heap      ] GC(590) CMS: 314030K->314292K(602112K)
[531.786s][info ][gc,metaspace ] GC(590) Metaspace: 57333K->57333K(1101824K)
[531.786s][info ][gc           ] GC(590) Pause Young (Allocation Failure) 544M->309M(852M) 4.006ms
[531.786s][info ][gc,cpu       ] GC(590) User=0.02s Sys=0.00s Real=0.01s
[531.786s][info ][safepoint    ] Leaving safepoint region
[531.786s][info ][safepoint    ] Total time for which application threads were stopped: 0.0041672 seconds, Stopping threads took: 0.0000156 seconds
[532.786s][info ][safepoint    ] Application time: 1.0000872 seconds
[532.786s][info ][safepoint    ] Entering safepoint region: Cleanup
[532.787s][info ][safepoint    ] Leaving safepoint region
[532.787s][info ][safepoint    ] Total time for which application threads were stopped: 0.0001325 seconds, Stopping threads took: 0.0000633 seconds
[532.864s][info ][safepoint    ] Application time: 0.0774686 seconds
[532.864s][info ][safepoint    ] Entering safepoint region: GenCollectForAllocation
[532.864s][info ][gc,start     ] GC(591) Pause Young (Allocation Failure)
[532.864s][info ][gc,task      ] GC(591) Using 4 workers of 4 for evacuation
[532.868s][debug][gc,ref       ] GC(591) Skipped phase1 of Reference Processing due to unavailable references
[532.868s][debug][gc,ref       ] GC(591) Skipped phase2 of Reference Processing due to unavailable references
[532.868s][debug][gc,ref       ] GC(591) Skipped phase3 of Reference Processing due to unavailable references
[532.868s][debug][gc,ref       ] GC(591) Skipped phase4 of Reference Processing due to unavailable references
[532.868s][debug][gc,age       ] GC(591) Desired survivor size 15400960 bytes, new threshold 6 (max threshold 6)
[532.868s][info ][gc,heap      ] GC(591) ParNew: 243839K->2361K(270976K)
[532.868s][info ][gc,heap      ] GC(591) CMS: 314292K->314302K(602112K)
[532.868s][info ][gc,metaspace ] GC(591) Metaspace: 57333K->57333K(1101824K)
[532.868s][info ][gc           ] GC(591) Pause Young (Allocation Failure) 545M->309M(852M) 3.860ms
[532.868s][info ][gc,cpu       ] GC(591) User=0.01s Sys=0.00s Real=0.00s
[532.868s][info ][safepoint    ] Leaving safepoint region
[532.868s][info ][safepoint    ] Total time for which application threads were stopped: 0.0040580 seconds, Stopping threads took: 0.0000146 seconds
[533.868s][info ][safepoint    ] Application time: 1.0000939 seconds
[533.868s][info ][safepoint    ] Entering safepoint region: Cleanup
[533.868s][info ][safepoint    ] Leaving safepoint region
[533.868s][info ][safepoint    ] Total time for which application threads were stopped: 0.0001339 seconds, Stopping threads took: 0.0000670 seconds
[534.003s][info ][safepoint    ] Application time: 0.1346956 seconds
[534.003s][info ][safepoint    ] Entering safepoint region: GenCollectForAllocation
[534.003s][info ][gc,start     ] GC(592) Pause Young (Allocation Failure)
[534.003s][info ][gc,task      ] GC(592) Using 4 workers of 4 for evacuation
[534.008s][debug][gc,ref       ] GC(592) Skipped phase1 of Reference Processing due to unavailable references
[534.008s][debug][gc,ref       ] GC(592) Skipped phase2 of Reference Processing due to unavailable references
[534.008s][debug][gc,ref       ] GC(592) Skipped phase3 of Reference Processing due to unavailable references
[534.008s][debug][gc,ref       ] GC(592) Skipped phase4 of Reference Processing due to unavailable references
[534.008s][debug][gc,age       ] GC(592) Desired survivor size 15400960 bytes, new threshold 6 (max threshold 6)
[534.008s][info ][gc,heap      ] GC(592) ParNew: 243257K->2876K(270976K)
[534.008s][info ][gc,heap      ] GC(592) CMS: 314302K->314459K(602112K)
[534.008s][info ][gc,metaspace ] GC(592) Metaspace: 57334K->57334K(1101824K)
[534.008s][info ][gc           ] GC(592) Pause Young (Allocation Failure) 544M->309M(852M) 4.790ms
[534.008s][info ][gc,cpu       ] GC(592) User=0.01s Sys=0.00s Real=0.01s
[534.008s][info ][safepoint    ] Leaving safepoint region
[534.008s][info ][safepoint    ] Total time for which application threads were stopped: 0.0049631 seconds, Stopping threads took: 0.0000367 seconds
[534.989s][info ][safepoint    ] Application time: 0.9811490 seconds
[534.989s][info ][safepoint    ] Entering safepoint region: GenCollectForAllocation
[534.989s][info ][gc,start     ] GC(593) Pause Young (Allocation Failure)
[534.989s][info ][gc,task      ] GC(593) Using 4 workers of 4 for evacuation
[534.993s][debug][gc,ref       ] GC(593) Skipped phase1 of Reference Processing due to unavailable references
[534.993s][debug][gc,ref       ] GC(593) Skipped phase2 of Reference Processing due to unavailable references
[534.993s][debug][gc,ref       ] GC(593) Skipped phase3 of Reference Processing due to unavailable references
[534.993s][debug][gc,ref       ] GC(593) Skipped phase4 of Reference Processing due to unavailable references
[534.994s][debug][gc,age       ] GC(593) Desired survivor size 15400960 bytes, new threshold 6 (max threshold 6)
[534.994s][info ][gc,heap      ] GC(593) ParNew: 243772K->3597K(270976K)
[534.994s][info ][gc,heap      ] GC(593) CMS: 314459K->314472K(602112K)
[534.994s][info ][gc,metaspace ] GC(593) Metaspace: 57334K->57334K(1101824K)
[534.994s][info ][gc           ] GC(593) Pause Young (Allocation Failure) 545M->310M(852M) 4.146ms
[534.994s][info ][gc,cpu       ] GC(593) User=0.01s Sys=0.00s Real=0.00s
[534.994s][info ][safepoint    ] Leaving safepoint region
[534.994s][info ][safepoint    ] Total time for which application threads were stopped: 0.0043079 seconds, Stopping threads took: 0.0000257 seconds
[535.994s][info ][safepoint    ] Application time: 1.0001234 seconds
[535.994s][info ][safepoint    ] Entering safepoint region: Cleanup
[535.994s][info ][safepoint    ] Leaving safepoint region
[535.994s][info ][safepoint    ] Total time for which application threads were stopped: 0.0000869 seconds, Stopping threads took: 0.0000190 seconds
[536.112s][info ][safepoint    ] Application time: 0.1179700 seconds
[536.112s][info ][safepoint    ] Entering safepoint region: GenCollectForAllocation
[536.112s][info ][gc,start     ] GC(594) Pause Young (Allocation Failure)
[536.112s][info ][gc,task      ] GC(594) Using 4 workers of 4 for evacuation
[536.116s][debug][gc,ref       ] GC(594) Skipped phase1 of Reference Processing due to unavailable references
[536.116s][debug][gc,ref       ] GC(594) Skipped phase2 of Reference Processing due to unavailable references
[536.116s][debug][gc,ref       ] GC(594) Skipped phase3 of Reference Processing due to unavailable references
[536.116s][debug][gc,ref       ] GC(594) Skipped phase4 of Reference Processing due to unavailable references
[536.116s][debug][gc,age       ] GC(594) Desired survivor size 15400960 bytes, new threshold 6 (max threshold 6)
[536.116s][info ][gc,heap      ] GC(594) ParNew: 244493K->2499K(270976K)
[536.116s][info ][gc,heap      ] GC(594) CMS: 314472K->314513K(602112K)
[536.116s][info ][gc,metaspace ] GC(594) Metaspace: 57335K->57335K(1101824K)
[536.116s][info ][gc           ] GC(594) Pause Young (Allocation Failure) 545M->309M(852M) 4.174ms
[536.116s][info ][gc,cpu       ] GC(594) User=0.01s Sys=0.00s Real=0.01s
[536.116s][info ][safepoint    ] Leaving safepoint region
[536.116s][info ][safepoint    ] Total time for which application threads were stopped: 0.0043184 seconds, Stopping threads took: 0.0000144 seconds
[537.116s][info ][safepoint    ] Application time: 1.0001097 seconds
[537.116s][info ][safepoint    ] Entering safepoint region: Cleanup
[537.116s][info ][safepoint    ] Leaving safepoint region
[537.116s][info ][safepoint    ] Total time for which application threads were stopped: 0.0001205 seconds, Stopping threads took: 0.0000469 seconds
[537.227s][info ][safepoint    ] Application time: 0.1101509 seconds
[537.227s][info ][safepoint    ] Entering safepoint region: GenCollectForAllocation
[537.227s][info ][gc,start     ] GC(595) Pause Young (Allocation Failure)
[537.227s][info ][gc,task      ] GC(595) Using 4 workers of 4 for evacuation
[537.230s][debug][gc,ref       ] GC(595) Skipped phase1 of Reference Processing due to unavailable references
[537.230s][debug][gc,ref       ] GC(595) Skipped phase2 of Reference Processing due to unavailable references
[537.230s][debug][gc,ref       ] GC(595) Skipped phase3 of Reference Processing due to unavailable references
[537.230s][debug][gc,ref       ] GC(595) Skipped phase4 of Reference Processing due to unavailable references
[537.231s][debug][gc,age       ] GC(595) Desired survivor size 15400960 bytes, new threshold 6 (max threshold 6)
[537.231s][info ][gc,heap      ] GC(595) ParNew: 243395K->3000K(270976K)
[537.231s][info ][gc,heap      ] GC(595) CMS: 314513K->314559K(602112K)
[537.231s][info ][gc,metaspace ] GC(595) Metaspace: 57335K->57335K(1101824K)
[537.231s][info ][gc           ] GC(595) Pause Young (Allocation Failure) 544M->310M(852M) 3.917ms
[537.231s][info ][gc,cpu       ] GC(595) User=0.02s Sys=0.00s Real=0.00s
[537.231s][info ][safepoint    ] Leaving safepoint region
[537.231s][info ][safepoint    ] Total time for which application threads were stopped: 0.0040765 seconds, Stopping threads took: 0.0000171 seconds
[538.228s][info ][safepoint    ] Application time: 0.9972175 seconds
[538.228s][info ][safepoint    ] Entering safepoint region: GenCollectForAllocation
[538.228s][info ][gc,start     ] GC(596) Pause Young (Allocation Failure)
[538.228s][info ][gc,task      ] GC(596) Using 4 workers of 4 for evacuation
[538.232s][debug][gc,ref       ] GC(596) Skipped phase1 of Reference Processing due to unavailable references
[538.232s][debug][gc,ref       ] GC(596) Skipped phase2 of Reference Processing due to unavailable references
[538.232s][debug][gc,ref       ] GC(596) Skipped phase3 of Reference Processing due to unavailable references
[538.232s][debug][gc,ref       ] GC(596) Skipped phase4 of Reference Processing due to unavailable references
[538.232s][debug][gc,age       ] GC(596) Desired survivor size 15400960 bytes, new threshold 6 (max threshold 6)
[538.232s][info ][gc,heap      ] GC(596) ParNew: 243896K->3374K(270976K)
[538.232s][info ][gc,heap      ] GC(596) CMS: 314559K->314586K(602112K)
[538.232s][info ][gc,metaspace ] GC(596) Metaspace: 57335K->57335K(1101824K)
[538.232s][info ][gc           ] GC(596) Pause Young (Allocation Failure) 545M->310M(852M) 4.300ms
[538.232s][info ][gc,cpu       ] GC(596) User=0.01s Sys=0.00s Real=0.00s
[538.232s][info ][safepoint    ] Leaving safepoint region
[538.232s][info ][safepoint    ] Total time for which application threads were stopped: 0.0044372 seconds, Stopping threads took: 0.0000148 seconds
[539.233s][info ][safepoint    ] Application time: 1.0001913 seconds
[539.233s][info ][safepoint    ] Entering safepoint region: Cleanup
[539.233s][info ][safepoint    ] Leaving safepoint region
[539.233s][info ][safepoint    ] Total time for which application threads were stopped: 0.0001290 seconds, Stopping threads took: 0.0000670 seconds
[539.293s][info ][safepoint    ] Application time: 0.0601002 seconds
[539.293s][info ][safepoint    ] Entering safepoint region: GenCollectForAllocation
[539.293s][info ][gc,start     ] GC(597) Pause Young (Allocation Failure)
[539.293s][info ][gc,task      ] GC(597) Using 4 workers of 4 for evacuation
[539.297s][debug][gc,ref       ] GC(597) Skipped phase1 of Reference Processing due to unavailable references
[539.297s][debug][gc,ref       ] GC(597) Skipped phase2 of Reference Processing due to unavailable references
[539.297s][debug][gc,ref       ] GC(597) Skipped phase3 of Reference Processing due to unavailable references
[539.297s][debug][gc,ref       ] GC(597) Skipped phase4 of Reference Processing due to unavailable references
[539.297s][debug][gc,age       ] GC(597) Desired survivor size 15400960 bytes, new threshold 6 (max threshold 6)
[539.297s][info ][gc,heap      ] GC(597) ParNew: 244270K->2672K(270976K)
[539.297s][info ][gc,heap      ] GC(597) CMS: 314586K->314672K(602112K)
[539.297s][info ][gc,metaspace ] GC(597) Metaspace: 57335K->57335K(1101824K)
[539.297s][info ][gc           ] GC(597) Pause Young (Allocation Failure) 545M->309M(852M) 4.450ms
[539.297s][info ][gc,cpu       ] GC(597) User=0.02s Sys=0.00s Real=0.01s
[539.298s][info ][safepoint    ] Leaving safepoint region
[539.298s][info ][safepoint    ] Total time for which application threads were stopped: 0.0045943 seconds, Stopping threads took: 0.0000139 seconds
[540.298s][info ][safepoint    ] Application time: 1.0000918 seconds
[540.298s][info ][safepoint    ] Entering safepoint region: Cleanup
[540.298s][info ][safepoint    ] Leaving safepoint region
[540.298s][info ][safepoint    ] Total time for which application threads were stopped: 0.0000797 seconds, Stopping threads took: 0.0000149 seconds
[540.424s][info ][safepoint    ] Application time: 0.1261647 seconds
[540.424s][info ][safepoint    ] Entering safepoint region: GenCollectForAllocation
[540.424s][info ][gc,start     ] GC(598) Pause Young (Allocation Failure)
[540.424s][info ][gc,task      ] GC(598) Using 4 workers of 4 for evacuation
[540.429s][debug][gc,ref       ] GC(598) Skipped phase1 of Reference Processing due to unavailable references
[540.429s][debug][gc,ref       ] GC(598) Skipped phase2 of Reference Processing due to unavailable references
[540.429s][debug][gc,ref       ] GC(598) Skipped phase3 of Reference Processing due to unavailable references
[540.429s][debug][gc,ref       ] GC(598) Skipped phase4 of Reference Processing due to unavailable references
[540.429s][debug][gc,age       ] GC(598) Desired survivor size 15400960 bytes, new threshold 6 (max threshold 6)
[540.429s][info ][gc,heap      ] GC(598) ParNew: 243568K->3187K(270976K)
[540.429s][info ][gc,heap      ] GC(598) CMS: 314672K->314680K(602112K)
[540.429s][info ][gc,metaspace ] GC(598) Metaspace: 57335K->57335K(1101824K)
[540.429s][info ][gc           ] GC(598) Pause Young (Allocation Failure) 545M->310M(852M) 4.683ms
[540.429s][info ][gc,cpu       ] GC(598) User=0.02s Sys=0.00s Real=0.00s
[540.429s][info ][safepoint    ] Leaving safepoint region
[540.429s][info ][safepoint    ] Total time for which application threads were stopped: 0.0048579 seconds, Stopping threads took: 0.0000142 seconds
[541.429s][info ][safepoint    ] Application time: 1.0001084 seconds
[541.429s][info ][safepoint    ] Entering safepoint region: Cleanup
[541.429s][info ][safepoint    ] Leaving safepoint region
[541.429s][info ][safepoint    ] Total time for which application threads were stopped: 0.0001468 seconds, Stopping threads took: 0.0000722 seconds
[541.475s][info ][safepoint    ] Application time: 0.0458940 seconds
[541.475s][info ][safepoint    ] Entering safepoint region: GenCollectForAllocation
[541.475s][info ][gc,start     ] GC(599) Pause Young (Allocation Failure)
[541.475s][info ][gc,task      ] GC(599) Using 4 workers of 4 for evacuation
[541.479s][debug][gc,ref       ] GC(599) Skipped phase1 of Reference Processing due to unavailable references
[541.479s][debug][gc,ref       ] GC(599) Skipped phase2 of Reference Processing due to unavailable references
[541.479s][debug][gc,ref       ] GC(599) Skipped phase3 of Reference Processing due to unavailable references
[541.479s][debug][gc,ref       ] GC(599) Skipped phase4 of Reference Processing due to unavailable references
[541.479s][debug][gc,age       ] GC(599) Desired survivor size 15400960 bytes, new threshold 6 (max threshold 6)
[541.479s][info ][gc,heap      ] GC(599) ParNew: 244083K->2842K(270976K)
[541.479s][info ][gc,heap      ] GC(599) CMS: 314680K->314730K(602112K)
[541.480s][info ][gc,metaspace ] GC(599) Metaspace: 57335K->57335K(1101824K)
[541.480s][info ][gc           ] GC(599) Pause Young (Allocation Failure) 545M->310M(852M) 4.388ms
[541.480s][info ][gc,cpu       ] GC(599) User=0.01s Sys=0.00s Real=0.01s
[541.480s][info ][safepoint    ] Leaving safepoint region
[541.480s][info ][safepoint    ] Total time for which application threads were stopped: 0.0045436 seconds, Stopping threads took: 0.0000145 seconds
[542.480s][info ][safepoint    ] Application time: 1.0001150 seconds
[542.480s][info ][safepoint    ] Entering safepoint region: Cleanup
[542.480s][info ][safepoint    ] Leaving safepoint region
[542.480s][info ][safepoint    ] Total time for which application threads were stopped: 0.0001498 seconds, Stopping threads took: 0.0000654 seconds
[542.501s][info ][safepoint    ] Application time: 0.0215316 seconds
[542.501s][info ][safepoint    ] Entering safepoint region: GenCollectForAllocation
[542.502s][info ][gc,start     ] GC(600) Pause Young (Allocation Failure)
[542.502s][info ][gc,task      ] GC(600) Using 4 workers of 4 for evacuation
[542.506s][debug][gc,ref       ] GC(600) Skipped phase1 of Reference Processing due to unavailable references
[542.506s][debug][gc,ref       ] GC(600) Skipped phase2 of Reference Processing due to unavailable references
[542.506s][debug][gc,ref       ] GC(600) Skipped phase3 of Reference Processing due to unavailable references
[542.506s][debug][gc,ref       ] GC(600) Skipped phase4 of Reference Processing due to unavailable references
[542.506s][debug][gc,age       ] GC(600) Desired survivor size 15400960 bytes, new threshold 6 (max threshold 6)
[542.506s][info ][gc,heap      ] GC(600) ParNew: 243738K->3511K(270976K)
[542.506s][info ][gc,heap      ] GC(600) CMS: 314730K->314737K(602112K)
[542.506s][info ][gc,metaspace ] GC(600) Metaspace: 57335K->57335K(1101824K)
[542.506s][info ][gc           ] GC(600) Pause Young (Allocation Failure) 545M->310M(852M) 4.218ms
[542.506s][info ][gc,cpu       ] GC(600) User=0.02s Sys=0.00s Real=0.01s
[542.506s][info ][safepoint    ] Leaving safepoint region
[542.506s][info ][safepoint    ] Total time for which application threads were stopped: 0.0043966 seconds, Stopping threads took: 0.0000131 seconds
[543.505s][info ][safepoint    ] Application time: 0.9992139 seconds
[543.505s][info ][safepoint    ] Entering safepoint region: GenCollectForAllocation
[543.505s][info ][gc,start     ] GC(601) Pause Young (Allocation Failure)
[543.505s][info ][gc,task      ] GC(601) Using 4 workers of 4 for evacuation
[543.509s][debug][gc,ref       ] GC(601) Skipped phase1 of Reference Processing due to unavailable references
[543.509s][debug][gc,ref       ] GC(601) Skipped phase2 of Reference Processing due to unavailable references
[543.509s][debug][gc,ref       ] GC(601) Skipped phase3 of Reference Processing due to unavailable references
[543.509s][debug][gc,ref       ] GC(601) Skipped phase4 of Reference Processing due to unavailable references
[543.509s][debug][gc,age       ] GC(601) Desired survivor size 15400960 bytes, new threshold 6 (max threshold 6)
[543.509s][info ][gc,heap      ] GC(601) ParNew: 244407K->2679K(270976K)
[543.509s][info ][gc,heap      ] GC(601) CMS: 314737K->314793K(602112K)
[543.509s][info ][gc,metaspace ] GC(601) Metaspace: 57335K->57335K(1101824K)
[543.509s][info ][gc           ] GC(601) Pause Young (Allocation Failure) 546M->310M(852M) 3.975ms
[543.509s][info ][gc,cpu       ] GC(601) User=0.02s Sys=0.00s Real=0.00s
[543.509s][info ][safepoint    ] Leaving safepoint region
[543.509s][info ][safepoint    ] Total time for which application threads were stopped: 0.0041194 seconds, Stopping threads took: 0.0000138 seconds
[544.509s][info ][safepoint    ] Application time: 1.0000923 seconds
[544.509s][info ][safepoint    ] Entering safepoint region: Cleanup
[544.509s][info ][safepoint    ] Leaving safepoint region
[544.509s][info ][safepoint    ] Total time for which application threads were stopped: 0.0001474 seconds, Stopping threads took: 0.0000689 seconds
[544.553s][info ][safepoint    ] Application time: 0.0435449 seconds
[544.553s][info ][safepoint    ] Entering safepoint region: GenCollectForAllocation
[544.553s][info ][gc,start     ] GC(602) Pause Young (Allocation Failure)
[544.553s][info ][gc,task      ] GC(602) Using 4 workers of 4 for evacuation
[544.573s][debug][gc,ref       ] GC(602) Skipped phase1 of Reference Processing due to unavailable references
[544.573s][debug][gc,ref       ] GC(602) Skipped phase2 of Reference Processing due to unavailable references
[544.573s][debug][gc,ref       ] GC(602) Skipped phase3 of Reference Processing due to unavailable references
[544.573s][debug][gc,ref       ] GC(602) Skipped phase4 of Reference Processing due to unavailable references
[544.573s][debug][gc,age       ] GC(602) Desired survivor size 15400960 bytes, new threshold 6 (max threshold 6)
[544.573s][info ][gc,heap      ] GC(602) ParNew: 243575K->3161K(270976K)
[544.573s][info ][gc,heap      ] GC(602) CMS: 314793K->314921K(602112K)
[544.573s][info ][gc,metaspace ] GC(602) Metaspace: 57335K->57335K(1101824K)
[544.573s][info ][gc           ] GC(602) Pause Young (Allocation Failure) 545M->310M(852M) 19.719ms
[544.573s][info ][gc,cpu       ] GC(602) User=0.01s Sys=0.00s Real=0.02s
[544.573s][info ][safepoint    ] Leaving safepoint region
[544.573s][info ][safepoint    ] Total time for which application threads were stopped: 0.0199070 seconds, Stopping threads took: 0.0000620 seconds
[545.573s][info ][safepoint    ] Application time: 1.0000993 seconds
[545.573s][info ][safepoint    ] Entering safepoint region: Cleanup
[545.573s][info ][safepoint    ] Leaving safepoint region
[545.573s][info ][safepoint    ] Total time for which application threads were stopped: 0.0001420 seconds, Stopping threads took: 0.0000728 seconds
[545.622s][info ][safepoint    ] Application time: 0.0489633 seconds
[545.622s][info ][safepoint    ] Entering safepoint region: GenCollectForAllocation
[545.622s][info ][gc,start     ] GC(603) Pause Young (Allocation Failure)
[545.622s][info ][gc,task      ] GC(603) Using 4 workers of 4 for evacuation
[545.626s][debug][gc,ref       ] GC(603) Skipped phase1 of Reference Processing due to unavailable references
[545.626s][debug][gc,ref       ] GC(603) Skipped phase2 of Reference Processing due to unavailable references
[545.626s][debug][gc,ref       ] GC(603) Skipped phase3 of Reference Processing due to unavailable references
[545.626s][debug][gc,ref       ] GC(603) Skipped phase4 of Reference Processing due to unavailable references
[545.626s][debug][gc,age       ] GC(603) Desired survivor size 15400960 bytes, new threshold 6 (max threshold 6)
[545.626s][info ][gc,heap      ] GC(603) ParNew: 244057K->2733K(270976K)
[545.626s][info ][gc,heap      ] GC(603) CMS: 314921K->314961K(602112K)
[545.626s][info ][gc,metaspace ] GC(603) Metaspace: 57335K->57335K(1101824K)
[545.626s][info ][gc           ] GC(603) Pause Young (Allocation Failure) 545M->310M(852M) 4.054ms
[545.626s][info ][gc,cpu       ] GC(603) User=0.01s Sys=0.00s Real=0.01s
[545.626s][info ][safepoint    ] Leaving safepoint region
[545.626s][info ][safepoint    ] Total time for which application threads were stopped: 0.0042157 seconds, Stopping threads took: 0.0000143 seconds
[546.627s][info ][safepoint    ] Application time: 1.0001058 seconds
[546.627s][info ][safepoint    ] Entering safepoint region: Cleanup
[546.627s][info ][safepoint    ] Leaving safepoint region
[546.627s][info ][safepoint    ] Total time for which application threads were stopped: 0.0001260 seconds, Stopping threads took: 0.0000546 seconds
[546.667s][info ][safepoint    ] Application time: 0.0407112 seconds
[546.667s][info ][safepoint    ] Entering safepoint region: GenCollectForAllocation
[546.668s][info ][gc,start     ] GC(604) Pause Young (Allocation Failure)
[546.668s][info ][gc,task      ] GC(604) Using 4 workers of 4 for evacuation
[546.672s][debug][gc,ref       ] GC(604) Skipped phase1 of Reference Processing due to unavailable references
[546.672s][debug][gc,ref       ] GC(604) Skipped phase2 of Reference Processing due to unavailable references
[546.672s][debug][gc,ref       ] GC(604) Skipped phase3 of Reference Processing due to unavailable references
[546.672s][debug][gc,ref       ] GC(604) Skipped phase4 of Reference Processing due to unavailable references
[546.672s][debug][gc,age       ] GC(604) Desired survivor size 15400960 bytes, new threshold 6 (max threshold 6)
[546.672s][info ][gc,heap      ] GC(604) ParNew: 243629K->2792K(270976K)
[546.672s][info ][gc,heap      ] GC(604) CMS: 314961K->315065K(602112K)
[546.672s][info ][gc,metaspace ] GC(604) Metaspace: 57335K->57335K(1101824K)
[546.672s][info ][gc           ] GC(604) Pause Young (Allocation Failure) 545M->310M(852M) 4.445ms
[546.672s][info ][gc,cpu       ] GC(604) User=0.02s Sys=0.00s Real=0.00s
[546.672s][info ][safepoint    ] Leaving safepoint region
[546.672s][info ][safepoint    ] Total time for which application threads were stopped: 0.0045894 seconds, Stopping threads took: 0.0000135 seconds
[547.672s][info ][safepoint    ] Application time: 1.0001074 seconds
[547.672s][info ][safepoint    ] Entering safepoint region: Cleanup
[547.672s][info ][safepoint    ] Leaving safepoint region
[547.672s][info ][safepoint    ] Total time for which application threads were stopped: 0.0001257 seconds, Stopping threads took: 0.0000565 seconds
[547.689s][info ][safepoint    ] Application time: 0.0163228 seconds
[547.689s][info ][safepoint    ] Entering safepoint region: GenCollectForAllocation
[547.689s][info ][gc,start     ] GC(605) Pause Young (Allocation Failure)
[547.689s][info ][gc,task      ] GC(605) Using 4 workers of 4 for evacuation
[547.693s][debug][gc,ref       ] GC(605) Skipped phase1 of Reference Processing due to unavailable references
[547.693s][debug][gc,ref       ] GC(605) Skipped phase2 of Reference Processing due to unavailable references
[547.693s][debug][gc,ref       ] GC(605) Skipped phase3 of Reference Processing due to unavailable references
[547.693s][debug][gc,ref       ] GC(605) Skipped phase4 of Reference Processing due to unavailable references
[547.693s][debug][gc,age       ] GC(605) Desired survivor size 15400960 bytes, new threshold 6 (max threshold 6)
[547.693s][info ][gc,heap      ] GC(605) ParNew: 243688K->2907K(270976K)
[547.693s][info ][gc,heap      ] GC(605) CMS: 315065K->315140K(602112K)
[547.693s][info ][gc,metaspace ] GC(605) Metaspace: 57335K->57335K(1101824K)
[547.693s][info ][gc           ] GC(605) Pause Young (Allocation Failure) 545M->310M(852M) 4.445ms
[547.693s][info ][gc,cpu       ] GC(605) User=0.02s Sys=0.00s Real=0.00s
[547.693s][info ][safepoint    ] Leaving safepoint region
[547.693s][info ][safepoint    ] Total time for which application threads were stopped: 0.0045890 seconds, Stopping threads took: 0.0000139 seconds
[548.693s][info ][safepoint    ] Application time: 1.0001104 seconds
[548.693s][info ][safepoint    ] Entering safepoint region: Cleanup
[548.693s][info ][safepoint    ] Leaving safepoint region
[548.693s][info ][safepoint    ] Total time for which application threads were stopped: 0.0000711 seconds, Stopping threads took: 0.0000160 seconds
[548.827s][info ][safepoint    ] Application time: 0.1336205 seconds
[548.827s][info ][safepoint    ] Entering safepoint region: GenCollectForAllocation
[548.827s][info ][gc,start     ] GC(606) Pause Young (Allocation Failure)
[548.827s][info ][gc,task      ] GC(606) Using 4 workers of 4 for evacuation
[548.831s][debug][gc,ref       ] GC(606) Skipped phase1 of Reference Processing due to unavailable references
[548.831s][debug][gc,ref       ] GC(606) Skipped phase2 of Reference Processing due to unavailable references
[548.831s][debug][gc,ref       ] GC(606) Skipped phase3 of Reference Processing due to unavailable references
[548.831s][debug][gc,ref       ] GC(606) Skipped phase4 of Reference Processing due to unavailable references
[548.831s][debug][gc,age       ] GC(606) Desired survivor size 15400960 bytes, new threshold 6 (max threshold 6)
[548.831s][info ][gc,heap      ] GC(606) ParNew: 243803K->2960K(270976K)
[548.831s][info ][gc,heap      ] GC(606) CMS: 315140K->315155K(602112K)
[548.831s][info ][gc,metaspace ] GC(606) Metaspace: 57335K->57335K(1101824K)
[548.831s][info ][gc           ] GC(606) Pause Young (Allocation Failure) 545M->310M(852M) 3.658ms
[548.831s][info ][gc,cpu       ] GC(606) User=0.02s Sys=0.00s Real=0.00s
[548.831s][info ][safepoint    ] Leaving safepoint region
[548.831s][info ][safepoint    ] Total time for which application threads were stopped: 0.0038159 seconds, Stopping threads took: 0.0000139 seconds
[549.831s][info ][safepoint    ] Application time: 1.0000959 seconds
[549.831s][info ][safepoint    ] Entering safepoint region: Cleanup
[549.831s][info ][safepoint    ] Leaving safepoint region
[549.831s][info ][safepoint    ] Total time for which application threads were stopped: 0.0001678 seconds, Stopping threads took: 0.0000919 seconds
[549.838s][info ][safepoint    ] Application time: 0.0066663 seconds
[549.838s][info ][safepoint    ] Entering safepoint region: GenCollectForAllocation
[549.838s][info ][gc,start     ] GC(607) Pause Young (Allocation Failure)
[549.838s][info ][gc,task      ] GC(607) Using 4 workers of 4 for evacuation
[549.842s][debug][gc,ref       ] GC(607) Skipped phase1 of Reference Processing due to unavailable references
[549.842s][debug][gc,ref       ] GC(607) Skipped phase2 of Reference Processing due to unavailable references
[549.842s][debug][gc,ref       ] GC(607) Skipped phase3 of Reference Processing due to unavailable references
[549.842s][debug][gc,ref       ] GC(607) Skipped phase4 of Reference Processing due to unavailable references
[549.842s][debug][gc,age       ] GC(607) Desired survivor size 15400960 bytes, new threshold 6 (max threshold 6)
[549.842s][info ][gc,heap      ] GC(607) ParNew: 243856K->3601K(270976K)
[549.842s][info ][gc,heap      ] GC(607) CMS: 315155K->315201K(602112K)
[549.842s][info ][gc,metaspace ] GC(607) Metaspace: 57335K->57335K(1101824K)
[549.842s][info ][gc           ] GC(607) Pause Young (Allocation Failure) 545M->311M(852M) 3.974ms
[549.842s][info ][gc,cpu       ] GC(607) User=0.01s Sys=0.00s Real=0.00s
[549.842s][info ][safepoint    ] Leaving safepoint region
[549.842s][info ][safepoint    ] Total time for which application threads were stopped: 0.0040969 seconds, Stopping threads took: 0.0000105 seconds
[550.842s][info ][safepoint    ] Application time: 1.0000969 seconds
[550.842s][info ][safepoint    ] Entering safepoint region: Cleanup
[550.842s][info ][safepoint    ] Leaving safepoint region
[550.842s][info ][safepoint    ] Total time for which application threads were stopped: 0.0000654 seconds, Stopping threads took: 0.0000152 seconds
[550.893s][info ][safepoint    ] Application time: 0.0511563 seconds
[550.893s][info ][safepoint    ] Entering safepoint region: GenCollectForAllocation
[550.894s][info ][gc,start     ] GC(608) Pause Young (Allocation Failure)
[550.894s][info ][gc,task      ] GC(608) Using 4 workers of 4 for evacuation
[550.898s][debug][gc,ref       ] GC(608) Skipped phase1 of Reference Processing due to unavailable references
[550.898s][debug][gc,ref       ] GC(608) Skipped phase2 of Reference Processing due to unavailable references
[550.898s][debug][gc,ref       ] GC(608) Skipped phase3 of Reference Processing due to unavailable references
[550.898s][debug][gc,ref       ] GC(608) Skipped phase4 of Reference Processing due to unavailable references
[550.898s][debug][gc,age       ] GC(608) Desired survivor size 15400960 bytes, new threshold 6 (max threshold 6)
[550.898s][info ][gc,heap      ] GC(608) ParNew: 244497K->3680K(270976K)
[550.898s][info ][gc,heap      ] GC(608) CMS: 315201K->315276K(602112K)
[550.898s][info ][gc,metaspace ] GC(608) Metaspace: 57335K->57335K(1101824K)
[550.898s][info ][gc           ] GC(608) Pause Young (Allocation Failure) 546M->311M(852M) 4.149ms
[550.898s][info ][gc,cpu       ] GC(608) User=0.02s Sys=0.00s Real=0.01s
[550.898s][info ][safepoint    ] Leaving safepoint region
[550.898s][info ][safepoint    ] Total time for which application threads were stopped: 0.0043073 seconds, Stopping threads took: 0.0000142 seconds
[551.888s][info ][safepoint    ] Application time: 0.9903334 seconds
[551.888s][info ][safepoint    ] Entering safepoint region: GenCollectForAllocation
[551.888s][info ][gc,start     ] GC(609) Pause Young (Allocation Failure)
[551.888s][info ][gc,task      ] GC(609) Using 4 workers of 4 for evacuation
[551.892s][debug][gc,ref       ] GC(609) Skipped phase1 of Reference Processing due to unavailable references
[551.892s][debug][gc,ref       ] GC(609) Skipped phase2 of Reference Processing due to unavailable references
[551.892s][debug][gc,ref       ] GC(609) Skipped phase3 of Reference Processing due to unavailable references
[551.892s][debug][gc,ref       ] GC(609) Skipped phase4 of Reference Processing due to unavailable references
[551.892s][debug][gc,age       ] GC(609) Desired survivor size 15400960 bytes, new threshold 6 (max threshold 6)
[551.892s][info ][gc,heap      ] GC(609) ParNew: 244576K->2848K(270976K)
[551.892s][info ][gc,heap      ] GC(609) CMS: 315276K->315288K(602112K)
[551.892s][info ][gc,metaspace ] GC(609) Metaspace: 57335K->57335K(1101824K)
[551.892s][info ][gc           ] GC(609) Pause Young (Allocation Failure) 546M->310M(852M) 4.134ms
[551.892s][info ][gc,cpu       ] GC(609) User=0.02s Sys=0.00s Real=0.00s
[551.892s][info ][safepoint    ] Leaving safepoint region
[551.892s][info ][safepoint    ] Total time for which application threads were stopped: 0.0042890 seconds, Stopping threads took: 0.0000161 seconds
[552.893s][info ][safepoint    ] Application time: 1.0001034 seconds
[552.893s][info ][safepoint    ] Entering safepoint region: Cleanup
[552.893s][info ][safepoint    ] Leaving safepoint region
[552.893s][info ][safepoint    ] Total time for which application threads were stopped: 0.0001264 seconds, Stopping threads took: 0.0000601 seconds
[552.932s][info ][safepoint    ] Application time: 0.0390774 seconds
[552.932s][info ][safepoint    ] Entering safepoint region: GenCollectForAllocation
[552.932s][info ][gc,start     ] GC(610) Pause Young (Allocation Failure)
[552.932s][info ][gc,task      ] GC(610) Using 4 workers of 4 for evacuation
[552.936s][debug][gc,ref       ] GC(610) Skipped phase1 of Reference Processing due to unavailable references
[552.936s][debug][gc,ref       ] GC(610) Skipped phase2 of Reference Processing due to unavailable references
[552.936s][debug][gc,ref       ] GC(610) Skipped phase3 of Reference Processing due to unavailable references
[552.936s][debug][gc,ref       ] GC(610) Skipped phase4 of Reference Processing due to unavailable references
[552.936s][debug][gc,age       ] GC(610) Desired survivor size 15400960 bytes, new threshold 6 (max threshold 6)
[552.936s][info ][gc,heap      ] GC(610) ParNew: 243744K->3191K(270976K)
[552.936s][info ][gc,heap      ] GC(610) CMS: 315288K->315375K(602112K)
[552.936s][info ][gc,metaspace ] GC(610) Metaspace: 57335K->57335K(1101824K)
[552.936s][info ][gc           ] GC(610) Pause Young (Allocation Failure) 545M->311M(852M) 3.922ms
[552.936s][info ][gc,cpu       ] GC(610) User=0.01s Sys=0.00s Real=0.01s
[552.936s][info ][safepoint    ] Leaving safepoint region
[552.936s][info ][safepoint    ] Total time for which application threads were stopped: 0.0040601 seconds, Stopping threads took: 0.0000149 seconds
[553.936s][info ][safepoint    ] Application time: 1.0000930 seconds
[553.936s][info ][safepoint    ] Entering safepoint region: Cleanup
[553.936s][info ][safepoint    ] Leaving safepoint region
[553.936s][info ][safepoint    ] Total time for which application threads were stopped: 0.0001535 seconds, Stopping threads took: 0.0000827 seconds
[553.964s][info ][safepoint    ] Application time: 0.0282593 seconds
[553.964s][info ][safepoint    ] Entering safepoint region: GenCollectForAllocation
[553.965s][info ][gc,start     ] GC(611) Pause Young (Allocation Failure)
[553.965s][info ][gc,task      ] GC(611) Using 4 workers of 4 for evacuation
[553.980s][debug][gc,ref       ] GC(611) Skipped phase1 of Reference Processing due to unavailable references
[553.980s][debug][gc,ref       ] GC(611) Skipped phase2 of Reference Processing due to unavailable references
[553.980s][debug][gc,ref       ] GC(611) Skipped phase3 of Reference Processing due to unavailable references
[553.980s][debug][gc,ref       ] GC(611) Skipped phase4 of Reference Processing due to unavailable references
[553.980s][debug][gc,age       ] GC(611) Desired survivor size 15400960 bytes, new threshold 6 (max threshold 6)
[553.980s][info ][gc,heap      ] GC(611) ParNew: 244087K->3004K(270976K)
[553.980s][info ][gc,heap      ] GC(611) CMS: 315375K->315379K(602112K)
[553.980s][info ][gc,metaspace ] GC(611) Metaspace: 57335K->57335K(1101824K)
[553.980s][info ][gc           ] GC(611) Pause Young (Allocation Failure) 546M->310M(852M) 15.172ms
[553.980s][info ][gc,cpu       ] GC(611) User=0.02s Sys=0.00s Real=0.01s
[553.980s][info ][safepoint    ] Leaving safepoint region
[553.980s][info ][safepoint    ] Total time for which application threads were stopped: 0.0153285 seconds, Stopping threads took: 0.0000159 seconds
[554.900s][info ][safepoint    ] Application time: 0.9197855 seconds
[554.900s][info ][safepoint    ] Entering safepoint region: GenCollectForAllocation
[554.900s][info ][gc,start     ] GC(612) Pause Young (Allocation Failure)
[554.900s][info ][gc,task      ] GC(612) Using 4 workers of 4 for evacuation
[554.904s][debug][gc,ref       ] GC(612) Skipped phase1 of Reference Processing due to unavailable references
[554.904s][debug][gc,ref       ] GC(612) Skipped phase2 of Reference Processing due to unavailable references
[554.904s][debug][gc,ref       ] GC(612) Skipped phase3 of Reference Processing due to unavailable references
[554.904s][debug][gc,ref       ] GC(612) Skipped phase4 of Reference Processing due to unavailable references
[554.904s][debug][gc,age       ] GC(612) Desired survivor size 15400960 bytes, new threshold 6 (max threshold 6)
[554.904s][info ][gc,heap      ] GC(612) ParNew: 243900K->3497K(270976K)
[554.904s][info ][gc,heap      ] GC(612) CMS: 315379K->315527K(602112K)
[554.904s][info ][gc,metaspace ] GC(612) Metaspace: 57335K->57335K(1101824K)
[554.904s][info ][gc           ] GC(612) Pause Young (Allocation Failure) 546M->311M(852M) 4.685ms
[554.904s][info ][gc,cpu       ] GC(612) User=0.02s Sys=0.00s Real=0.01s
[554.904s][info ][safepoint    ] Leaving safepoint region
[554.904s][info ][safepoint    ] Total time for which application threads were stopped: 0.0048540 seconds, Stopping threads took: 0.0000146 seconds
[555.905s][info ][safepoint    ] Application time: 1.0000895 seconds
[555.905s][info ][safepoint    ] Entering safepoint region: Cleanup
[555.905s][info ][safepoint    ] Leaving safepoint region
[555.905s][info ][safepoint    ] Total time for which application threads were stopped: 0.0001822 seconds, Stopping threads took: 0.0000669 seconds
[555.908s][info ][safepoint    ] Application time: 0.0033270 seconds
[555.908s][info ][safepoint    ] Entering safepoint region: GenCollectForAllocation
[555.908s][info ][gc,start     ] GC(613) Pause Young (Allocation Failure)
[555.908s][info ][gc,task      ] GC(613) Using 4 workers of 4 for evacuation
[555.912s][debug][gc,ref       ] GC(613) Skipped phase1 of Reference Processing due to unavailable references
[555.912s][debug][gc,ref       ] GC(613) Skipped phase2 of Reference Processing due to unavailable references
[555.912s][debug][gc,ref       ] GC(613) Skipped phase3 of Reference Processing due to unavailable references
[555.912s][debug][gc,age       ] GC(613) Desired survivor size 15400960 bytes, new threshold 6 (max threshold 6)
[555.912s][info ][gc,heap      ] GC(613) ParNew: 244393K->2680K(270976K)
[555.912s][info ][gc,heap      ] GC(613) CMS: 315527K->315569K(602112K)
[555.912s][info ][gc,metaspace ] GC(613) Metaspace: 57338K->57338K(1101824K)
[555.912s][info ][gc           ] GC(613) Pause Young (Allocation Failure) 546M->310M(852M) 4.213ms
[555.912s][info ][gc,cpu       ] GC(613) User=0.02s Sys=0.00s Real=0.00s
[555.912s][info ][safepoint    ] Leaving safepoint region
[555.913s][info ][safepoint    ] Total time for which application threads were stopped: 0.0043757 seconds, Stopping threads took: 0.0000472 seconds
[556.913s][info ][safepoint    ] Application time: 1.0001647 seconds
[556.913s][info ][safepoint    ] Entering safepoint region: Cleanup
[556.913s][info ][safepoint    ] Leaving safepoint region
[556.913s][info ][safepoint    ] Total time for which application threads were stopped: 0.0002101 seconds, Stopping threads took: 0.0000392 seconds
[557.034s][info ][safepoint    ] Application time: 0.1210211 seconds
[557.034s][info ][safepoint    ] Entering safepoint region: GenCollectForAllocation
[557.034s][info ][gc,start     ] GC(614) Pause Young (Allocation Failure)
[557.034s][info ][gc,task      ] GC(614) Using 4 workers of 4 for evacuation
[557.038s][debug][gc,ref       ] GC(614) Skipped phase1 of Reference Processing due to unavailable references
[557.038s][debug][gc,ref       ] GC(614) Skipped phase2 of Reference Processing due to unavailable references
[557.038s][debug][gc,ref       ] GC(614) Skipped phase3 of Reference Processing due to unavailable references
[557.038s][debug][gc,ref       ] GC(614) Skipped phase4 of Reference Processing due to unavailable references
[557.038s][debug][gc,age       ] GC(614) Desired survivor size 15400960 bytes, new threshold 6 (max threshold 6)
[557.038s][info ][gc,heap      ] GC(614) ParNew: 243576K->2620K(270976K)
[557.038s][info ][gc,heap      ] GC(614) CMS: 315569K->315619K(602112K)
[557.038s][info ][gc,metaspace ] GC(614) Metaspace: 57338K->57338K(1101824K)
[557.038s][info ][gc           ] GC(614) Pause Young (Allocation Failure) 546M->310M(852M) 4.144ms
[557.038s][info ][gc,cpu       ] GC(614) User=0.02s Sys=0.00s Real=0.01s
[557.038s][info ][safepoint    ] Leaving safepoint region
[557.038s][info ][safepoint    ] Total time for which application threads were stopped: 0.0042870 seconds, Stopping threads took: 0.0000151 seconds
[558.038s][info ][safepoint    ] Application time: 1.0001026 seconds
[558.038s][info ][safepoint    ] Entering safepoint region: Cleanup
[558.039s][info ][safepoint    ] Leaving safepoint region
[558.039s][info ][safepoint    ] Total time for which application threads were stopped: 0.0001240 seconds, Stopping threads took: 0.0000468 seconds
[558.209s][info ][safepoint    ] Application time: 0.1704538 seconds
[558.209s][info ][safepoint    ] Entering safepoint region: GenCollectForAllocation
[558.209s][info ][gc,start     ] GC(615) Pause Young (Allocation Failure)
[558.209s][info ][gc,task      ] GC(615) Using 4 workers of 4 for evacuation
[558.213s][debug][gc,ref       ] GC(615) Skipped phase1 of Reference Processing due to unavailable references
[558.213s][debug][gc,ref       ] GC(615) Skipped phase2 of Reference Processing due to unavailable references
[558.213s][debug][gc,ref       ] GC(615) Skipped phase3 of Reference Processing due to unavailable references
[558.213s][debug][gc,ref       ] GC(615) Skipped phase4 of Reference Processing due to unavailable references
[558.213s][debug][gc,age       ] GC(615) Desired survivor size 15400960 bytes, new threshold 6 (max threshold 6)
[558.213s][info ][gc,heap      ] GC(615) ParNew: 243516K->3126K(270976K)
[558.213s][info ][gc,heap      ] GC(615) CMS: 315619K->315625K(602112K)
[558.213s][info ][gc,metaspace ] GC(615) Metaspace: 57339K->57339K(1101824K)
[558.213s][info ][gc           ] GC(615) Pause Young (Allocation Failure) 546M->311M(852M) 3.982ms
[558.213s][info ][gc,cpu       ] GC(615) User=0.01s Sys=0.00s Real=0.00s
[558.213s][info ][safepoint    ] Leaving safepoint region
[558.213s][info ][safepoint    ] Total time for which application threads were stopped: 0.0041305 seconds, Stopping threads took: 0.0000166 seconds
[559.213s][info ][safepoint    ] Application time: 1.0001055 seconds
[559.213s][info ][safepoint    ] Entering safepoint region: Cleanup
[559.213s][info ][safepoint    ] Leaving safepoint region
[559.213s][info ][safepoint    ] Total time for which application threads were stopped: 0.0001391 seconds, Stopping threads took: 0.0000712 seconds
[559.295s][info ][safepoint    ] Application time: 0.0816862 seconds
[559.295s][info ][safepoint    ] Entering safepoint region: GenCollectForAllocation
[559.295s][info ][gc,start     ] GC(616) Pause Young (Allocation Failure)
[559.295s][info ][gc,task      ] GC(616) Using 4 workers of 4 for evacuation
[559.299s][debug][gc,ref       ] GC(616) Skipped phase1 of Reference Processing due to unavailable references
[559.299s][debug][gc,ref       ] GC(616) Skipped phase2 of Reference Processing due to unavailable references
[559.299s][debug][gc,ref       ] GC(616) Skipped phase3 of Reference Processing due to unavailable references
[559.299s][debug][gc,ref       ] GC(616) Skipped phase4 of Reference Processing due to unavailable references
[559.299s][debug][gc,age       ] GC(616) Desired survivor size 15400960 bytes, new threshold 6 (max threshold 6)
[559.299s][info ][gc,heap      ] GC(616) ParNew: 244022K->2890K(270976K)
[559.299s][info ][gc,heap      ] GC(616) CMS: 315625K->315649K(602112K)
[559.299s][info ][gc,metaspace ] GC(616) Metaspace: 57340K->57340K(1101824K)
[559.299s][info ][gc           ] GC(616) Pause Young (Allocation Failure) 546M->311M(852M) 4.065ms
[559.299s][info ][gc,cpu       ] GC(616) User=0.02s Sys=0.00s Real=0.01s
[559.299s][info ][safepoint    ] Leaving safepoint region
[559.299s][info ][safepoint    ] Total time for which application threads were stopped: 0.0042158 seconds, Stopping threads took: 0.0000147 seconds
[560.300s][info ][safepoint    ] Application time: 1.0001602 seconds
[560.300s][info ][safepoint    ] Entering safepoint region: Cleanup
[560.300s][info ][safepoint    ] Leaving safepoint region
[560.300s][info ][safepoint    ] Total time for which application threads were stopped: 0.0000685 seconds, Stopping threads took: 0.0000166 seconds
[560.405s][info ][safepoint    ] Application time: 0.1057705 seconds
[560.406s][info ][safepoint    ] Entering safepoint region: GenCollectForAllocation
[560.406s][info ][gc,start     ] GC(617) Pause Young (Allocation Failure)
[560.406s][info ][gc,task      ] GC(617) Using 4 workers of 4 for evacuation
[560.409s][debug][gc,ref       ] GC(617) Skipped phase1 of Reference Processing due to unavailable references
[560.409s][debug][gc,ref       ] GC(617) Skipped phase2 of Reference Processing due to unavailable references
[560.409s][debug][gc,ref       ] GC(617) Skipped phase3 of Reference Processing due to unavailable references
[560.409s][debug][gc,ref       ] GC(617) Skipped phase4 of Reference Processing due to unavailable references
[560.410s][debug][gc,age       ] GC(617) Desired survivor size 15400960 bytes, new threshold 6 (max threshold 6)
[560.410s][info ][gc,heap      ] GC(617) ParNew: 243786K->2991K(270976K)
[560.410s][info ][gc,heap      ] GC(617) CMS: 315649K->315664K(602112K)
[560.410s][info ][gc,metaspace ] GC(617) Metaspace: 57346K->57346K(1101824K)
[560.410s][info ][gc           ] GC(617) Pause Young (Allocation Failure) 546M->311M(852M) 3.971ms
[560.410s][info ][gc,cpu       ] GC(617) User=0.01s Sys=0.00s Real=0.00s
[560.410s][info ][safepoint    ] Leaving safepoint region
[560.410s][info ][safepoint    ] Total time for which application threads were stopped: 0.0041100 seconds, Stopping threads took: 0.0000140 seconds
[561.410s][info ][safepoint    ] Application time: 1.0000600 seconds
[561.410s][info ][safepoint    ] Entering safepoint region: Cleanup
[561.410s][info ][safepoint    ] Leaving safepoint region
[561.410s][info ][safepoint    ] Total time for which application threads were stopped: 0.0001565 seconds, Stopping threads took: 0.0000803 seconds
[561.517s][info ][safepoint    ] Application time: 0.1074859 seconds
[561.517s][info ][safepoint    ] Entering safepoint region: GenCollectForAllocation
[561.517s][info ][gc,start     ] GC(618) Pause Young (Allocation Failure)
[561.518s][info ][gc,task      ] GC(618) Using 4 workers of 4 for evacuation
[561.522s][debug][gc,ref       ] GC(618) Skipped phase1 of Reference Processing due to unavailable references
[561.522s][debug][gc,ref       ] GC(618) Skipped phase2 of Reference Processing due to unavailable references
[561.522s][debug][gc,ref       ] GC(618) Skipped phase3 of Reference Processing due to unavailable references
[561.522s][debug][gc,ref       ] GC(618) Skipped phase4 of Reference Processing due to unavailable references
[561.522s][debug][gc,age       ] GC(618) Desired survivor size 15400960 bytes, new threshold 6 (max threshold 6)
[561.522s][info ][gc,heap      ] GC(618) ParNew: 243887K->2993K(270976K)
[561.522s][info ][gc,heap      ] GC(618) CMS: 315664K->315776K(602112K)
[561.522s][info ][gc,metaspace ] GC(618) Metaspace: 57348K->57348K(1101824K)
[561.522s][info ][gc           ] GC(618) Pause Young (Allocation Failure) 546M->311M(852M) 4.242ms
[561.522s][info ][gc,cpu       ] GC(618) User=0.02s Sys=0.00s Real=0.00s
[561.522s][info ][safepoint    ] Leaving safepoint region
[561.522s][info ][safepoint    ] Total time for which application threads were stopped: 0.0043867 seconds, Stopping threads took: 0.0000142 seconds
[562.522s][info ][safepoint    ] Application time: 1.0001027 seconds
[562.522s][info ][safepoint    ] Entering safepoint region: Cleanup
[562.522s][info ][safepoint    ] Leaving safepoint region
[562.522s][info ][safepoint    ] Total time for which application threads were stopped: 0.0001306 seconds, Stopping threads took: 0.0000527 seconds
[562.677s][info ][safepoint    ] Application time: 0.1546478 seconds
[562.677s][info ][safepoint    ] Entering safepoint region: GenCollectForAllocation
[562.677s][info ][gc,start     ] GC(619) Pause Young (Allocation Failure)
[562.677s][info ][gc,task      ] GC(619) Using 4 workers of 4 for evacuation
[562.681s][debug][gc,ref       ] GC(619) Skipped phase1 of Reference Processing due to unavailable references
[562.681s][debug][gc,ref       ] GC(619) Skipped phase2 of Reference Processing due to unavailable references
[562.681s][debug][gc,ref       ] GC(619) Skipped phase3 of Reference Processing due to unavailable references
[562.681s][debug][gc,ref       ] GC(619) Skipped phase4 of Reference Processing due to unavailable references
[562.682s][debug][gc,age       ] GC(619) Desired survivor size 15400960 bytes, new threshold 6 (max threshold 6)
[562.682s][info ][gc,heap      ] GC(619) ParNew: 243889K->2420K(270976K)
[562.682s][info ][gc,heap      ] GC(619) CMS: 315776K->315909K(602112K)
[562.682s][info ][gc,metaspace ] GC(619) Metaspace: 57348K->57348K(1101824K)
[562.682s][info ][gc           ] GC(619) Pause Young (Allocation Failure) 546M->310M(852M) 4.786ms
[562.682s][info ][gc,cpu       ] GC(619) User=0.02s Sys=0.00s Real=0.00s
[562.682s][info ][safepoint    ] Leaving safepoint region
[562.682s][info ][safepoint    ] Total time for which application threads were stopped: 0.0049335 seconds, Stopping threads took: 0.0000148 seconds
[563.666s][info ][safepoint    ] Application time: 0.9845167 seconds
[563.666s][info ][safepoint    ] Entering safepoint region: GenCollectForAllocation
[563.666s][info ][gc,start     ] GC(620) Pause Young (Allocation Failure)
[563.666s][info ][gc,task      ] GC(620) Using 4 workers of 4 for evacuation
[563.670s][debug][gc,ref       ] GC(620) Skipped phase1 of Reference Processing due to unavailable references
[563.670s][debug][gc,ref       ] GC(620) Skipped phase2 of Reference Processing due to unavailable references
[563.670s][debug][gc,ref       ] GC(620) Skipped phase3 of Reference Processing due to unavailable references
[563.670s][debug][gc,ref       ] GC(620) Skipped phase4 of Reference Processing due to unavailable references
[563.670s][debug][gc,age       ] GC(620) Desired survivor size 15400960 bytes, new threshold 6 (max threshold 6)
[563.670s][info ][gc,heap      ] GC(620) ParNew: 243316K->2731K(270976K)
[563.670s][info ][gc,heap      ] GC(620) CMS: 315909K->315910K(602112K)
[563.670s][info ][gc,metaspace ] GC(620) Metaspace: 57348K->57348K(1101824K)
[563.670s][info ][gc           ] GC(620) Pause Young (Allocation Failure) 546M->311M(852M) 4.050ms
[563.670s][info ][gc,cpu       ] GC(620) User=0.02s Sys=0.00s Real=0.00s
[563.670s][info ][safepoint    ] Leaving safepoint region
[563.670s][info ][safepoint    ] Total time for which application threads were stopped: 0.0041911 seconds, Stopping threads took: 0.0000138 seconds
[564.671s][info ][safepoint    ] Application time: 1.0001073 seconds
[564.671s][info ][safepoint    ] Entering safepoint region: Cleanup
[564.671s][info ][safepoint    ] Leaving safepoint region
[564.671s][info ][safepoint    ] Total time for which application threads were stopped: 0.0001283 seconds, Stopping threads took: 0.0000480 seconds
[564.853s][info ][safepoint    ] Application time: 0.1826522 seconds
[564.853s][info ][safepoint    ] Entering safepoint region: GenCollectForAllocation
[564.853s][info ][gc,start     ] GC(621) Pause Young (Allocation Failure)
[564.854s][info ][gc,task      ] GC(621) Using 4 workers of 4 for evacuation
[564.857s][debug][gc,ref       ] GC(621) Skipped phase1 of Reference Processing due to unavailable references
[564.857s][debug][gc,ref       ] GC(621) Skipped phase2 of Reference Processing due to unavailable references
[564.857s][debug][gc,ref       ] GC(621) Skipped phase3 of Reference Processing due to unavailable references
[564.857s][debug][gc,ref       ] GC(621) Skipped phase4 of Reference Processing due to unavailable references
[564.858s][debug][gc,age       ] GC(621) Desired survivor size 15400960 bytes, new threshold 6 (max threshold 6)
[564.858s][info ][gc,heap      ] GC(621) ParNew: 243627K->2331K(270976K)
[564.858s][info ][gc,heap      ] GC(621) CMS: 315910K->315924K(602112K)
[564.858s][info ][gc,metaspace ] GC(621) Metaspace: 57348K->57348K(1101824K)
[564.858s][info ][gc           ] GC(621) Pause Young (Allocation Failure) 546M->310M(852M) 4.064ms
[564.858s][info ][gc,cpu       ] GC(621) User=0.01s Sys=0.00s Real=0.01s
[564.858s][info ][safepoint    ] Leaving safepoint region
[564.858s][info ][safepoint    ] Total time for which application threads were stopped: 0.0042135 seconds, Stopping threads took: 0.0000275 seconds
[565.858s][info ][safepoint    ] Application time: 1.0001045 seconds
[565.858s][info ][safepoint    ] Entering safepoint region: Cleanup
[565.858s][info ][safepoint    ] Leaving safepoint region
[565.858s][info ][safepoint    ] Total time for which application threads were stopped: 0.0001262 seconds, Stopping threads took: 0.0000482 seconds
[565.912s][info ][safepoint    ] Application time: 0.0546173 seconds
[565.913s][info ][safepoint    ] Entering safepoint region: GenCollectForAllocation
[565.913s][info ][gc,start     ] GC(622) Pause Young (Allocation Failure)
[565.913s][info ][gc,task      ] GC(622) Using 4 workers of 4 for evacuation
[565.917s][debug][gc,ref       ] GC(622) Skipped phase1 of Reference Processing due to unavailable references
[565.917s][debug][gc,ref       ] GC(622) Skipped phase2 of Reference Processing due to unavailable references
[565.917s][debug][gc,ref       ] GC(622) Skipped phase3 of Reference Processing due to unavailable references
[565.917s][debug][gc,ref       ] GC(622) Skipped phase4 of Reference Processing due to unavailable references
[565.917s][debug][gc,age       ] GC(622) Desired survivor size 15400960 bytes, new threshold 6 (max threshold 6)
[565.917s][info ][gc,heap      ] GC(622) ParNew: 243227K->3327K(270976K)
[565.917s][info ][gc,heap      ] GC(622) CMS: 315924K->315991K(602112K)
[565.917s][info ][gc,metaspace ] GC(622) Metaspace: 57348K->57348K(1101824K)
[565.917s][info ][gc           ] GC(622) Pause Young (Allocation Failure) 546M->311M(852M) 4.689ms
[565.917s][info ][gc,cpu       ] GC(622) User=0.02s Sys=0.00s Real=0.01s
[565.917s][info ][safepoint    ] Leaving safepoint region
[565.917s][info ][safepoint    ] Total time for which application threads were stopped: 0.0048441 seconds, Stopping threads took: 0.0000146 seconds
[566.917s][info ][safepoint    ] Application time: 1.0000981 seconds
[566.918s][info ][safepoint    ] Entering safepoint region: Cleanup
[566.918s][info ][safepoint    ] Leaving safepoint region
[566.918s][info ][safepoint    ] Total time for which application threads were stopped: 0.0001328 seconds, Stopping threads took: 0.0000698 seconds
[566.953s][info ][safepoint    ] Application time: 0.0355920 seconds
[566.953s][info ][safepoint    ] Entering safepoint region: GenCollectForAllocation
[566.953s][info ][gc,start     ] GC(623) Pause Young (Allocation Failure)
[566.953s][info ][gc,task      ] GC(623) Using 4 workers of 4 for evacuation
[566.957s][debug][gc,ref       ] GC(623) Skipped phase1 of Reference Processing due to unavailable references
[566.957s][debug][gc,ref       ] GC(623) Skipped phase2 of Reference Processing due to unavailable references
[566.957s][debug][gc,ref       ] GC(623) Skipped phase3 of Reference Processing due to unavailable references
[566.957s][debug][gc,ref       ] GC(623) Skipped phase4 of Reference Processing due to unavailable references
[566.957s][debug][gc,age       ] GC(623) Desired survivor size 15400960 bytes, new threshold 6 (max threshold 6)
[566.957s][info ][gc,heap      ] GC(623) ParNew: 244223K->2526K(270976K)
[566.957s][info ][gc,heap      ] GC(623) CMS: 315991K->316032K(602112K)
[566.957s][info ][gc,metaspace ] GC(623) Metaspace: 57348K->57348K(1101824K)
[566.957s][info ][gc           ] GC(623) Pause Young (Allocation Failure) 547M->311M(852M) 4.057ms
[566.957s][info ][gc,cpu       ] GC(623) User=0.01s Sys=0.00s Real=0.01s
[566.958s][info ][safepoint    ] Leaving safepoint region
[566.958s][info ][safepoint    ] Total time for which application threads were stopped: 0.0042309 seconds, Stopping threads took: 0.0000448 seconds
[567.958s][info ][safepoint    ] Application time: 1.0001388 seconds
[567.958s][info ][safepoint    ] Entering safepoint region: Cleanup
[567.958s][info ][safepoint    ] Leaving safepoint region
[567.958s][info ][safepoint    ] Total time for which application threads were stopped: 0.0001208 seconds, Stopping threads took: 0.0000423 seconds
[568.020s][info ][safepoint    ] Application time: 0.0626124 seconds
[568.020s][info ][safepoint    ] Entering safepoint region: GenCollectForAllocation
[568.021s][info ][gc,start     ] GC(624) Pause Young (Allocation Failure)
[568.021s][info ][gc,task      ] GC(624) Using 4 workers of 4 for evacuation
[568.025s][debug][gc,ref       ] GC(624) Skipped phase1 of Reference Processing due to unavailable references
[568.025s][debug][gc,ref       ] GC(624) Skipped phase2 of Reference Processing due to unavailable references
[568.025s][debug][gc,ref       ] GC(624) Skipped phase3 of Reference Processing due to unavailable references
[568.025s][debug][gc,ref       ] GC(624) Skipped phase4 of Reference Processing due to unavailable references
[568.025s][debug][gc,age       ] GC(624) Desired survivor size 15400960 bytes, new threshold 6 (max threshold 6)
[568.025s][info ][gc,heap      ] GC(624) ParNew: 243422K->2667K(270976K)
[568.025s][info ][gc,heap      ] GC(624) CMS: 316032K->316077K(602112K)
[568.025s][info ][gc,metaspace ] GC(624) Metaspace: 57348K->57348K(1101824K)
[568.025s][info ][gc           ] GC(624) Pause Young (Allocation Failure) 546M->311M(852M) 4.506ms
[568.025s][info ][gc,cpu       ] GC(624) User=0.01s Sys=0.00s Real=0.01s
[568.025s][info ][safepoint    ] Leaving safepoint region
[568.025s][info ][safepoint    ] Total time for which application threads were stopped: 0.0046625 seconds, Stopping threads took: 0.0000265 seconds
[569.025s][info ][safepoint    ] Application time: 1.0001037 seconds
[569.025s][info ][safepoint    ] Entering safepoint region: Cleanup
[569.025s][info ][safepoint    ] Leaving safepoint region
[569.025s][info ][safepoint    ] Total time for which application threads were stopped: 0.0001454 seconds, Stopping threads took: 0.0000765 seconds
[569.072s][info ][safepoint    ] Application time: 0.0469289 seconds
[569.072s][info ][safepoint    ] Entering safepoint region: GenCollectForAllocation
[569.073s][info ][gc,start     ] GC(625) Pause Young (Allocation Failure)
[569.073s][info ][gc,task      ] GC(625) Using 4 workers of 4 for evacuation
[569.077s][debug][gc,ref       ] GC(625) Skipped phase1 of Reference Processing due to unavailable references
[569.077s][debug][gc,ref       ] GC(625) Skipped phase2 of Reference Processing due to unavailable references
[569.077s][debug][gc,ref       ] GC(625) Skipped phase3 of Reference Processing due to unavailable references
[569.077s][debug][gc,ref       ] GC(625) Skipped phase4 of Reference Processing due to unavailable references
[569.077s][debug][gc,age       ] GC(625) Desired survivor size 15400960 bytes, new threshold 6 (max threshold 6)
[569.077s][info ][gc,heap      ] GC(625) ParNew: 243563K->2742K(270976K)
[569.077s][info ][gc,heap      ] GC(625) CMS: 316077K->316116K(602112K)
[569.077s][info ][gc,metaspace ] GC(625) Metaspace: 57348K->57348K(1101824K)
[569.077s][info ][gc           ] GC(625) Pause Young (Allocation Failure) 546M->311M(852M) 4.553ms
[569.077s][info ][gc,cpu       ] GC(625) User=0.02s Sys=0.00s Real=0.01s
[569.077s][info ][safepoint    ] Leaving safepoint region
[569.077s][info ][safepoint    ] Total time for which application threads were stopped: 0.0047150 seconds, Stopping threads took: 0.0000177 seconds
[570.077s][info ][safepoint    ] Application time: 1.0000964 seconds
[570.077s][info ][safepoint    ] Entering safepoint region: Cleanup
[570.077s][info ][safepoint    ] Leaving safepoint region
[570.077s][info ][safepoint    ] Total time for which application threads were stopped: 0.0001307 seconds, Stopping threads took: 0.0000632 seconds
[570.178s][info ][safepoint    ] Application time: 0.1009560 seconds
[570.178s][info ][safepoint    ] Entering safepoint region: GenCollectForAllocation
[570.178s][info ][gc,start     ] GC(626) Pause Young (Allocation Failure)
[570.178s][info ][gc,task      ] GC(626) Using 4 workers of 4 for evacuation
[570.183s][debug][gc,ref       ] GC(626) Skipped phase1 of Reference Processing due to unavailable references
[570.183s][debug][gc,ref       ] GC(626) Skipped phase2 of Reference Processing due to unavailable references
[570.183s][debug][gc,ref       ] GC(626) Skipped phase3 of Reference Processing due to unavailable references
[570.183s][debug][gc,ref       ] GC(626) Skipped phase4 of Reference Processing due to unavailable references
[570.183s][debug][gc,age       ] GC(626) Desired survivor size 15400960 bytes, new threshold 6 (max threshold 6)
[570.183s][info ][gc,heap      ] GC(626) ParNew: 243638K->2738K(270976K)
[570.183s][info ][gc,heap      ] GC(626) CMS: 316116K->316122K(602112K)
[570.183s][info ][gc,metaspace ] GC(626) Metaspace: 57348K->57348K(1101824K)
[570.183s][info ][gc           ] GC(626) Pause Young (Allocation Failure) 546M->311M(852M) 4.249ms
[570.183s][info ][gc,cpu       ] GC(626) User=0.02s Sys=0.00s Real=0.00s
[570.183s][info ][safepoint    ] Leaving safepoint region
[570.183s][info ][safepoint    ] Total time for which application threads were stopped: 0.0044111 seconds, Stopping threads took: 0.0000140 seconds
[571.183s][info ][safepoint    ] Application time: 1.0001715 seconds
[571.183s][info ][safepoint    ] Entering safepoint region: Cleanup
[571.183s][info ][safepoint    ] Leaving safepoint region
[571.183s][info ][safepoint    ] Total time for which application threads were stopped: 0.0001267 seconds, Stopping threads took: 0.0000522 seconds
[571.240s][info ][safepoint    ] Application time: 0.0573069 seconds
[571.240s][info ][safepoint    ] Entering safepoint region: GenCollectForAllocation
[571.241s][info ][gc,start     ] GC(627) Pause Young (Allocation Failure)
[571.241s][info ][gc,task      ] GC(627) Using 4 workers of 4 for evacuation
[571.245s][debug][gc,ref       ] GC(627) Skipped phase1 of Reference Processing due to unavailable references
[571.245s][debug][gc,ref       ] GC(627) Skipped phase2 of Reference Processing due to unavailable references
[571.245s][debug][gc,ref       ] GC(627) Skipped phase3 of Reference Processing due to unavailable references
[571.245s][debug][gc,ref       ] GC(627) Skipped phase4 of Reference Processing due to unavailable references
[571.245s][debug][gc,age       ] GC(627) Desired survivor size 15400960 bytes, new threshold 6 (max threshold 6)
[571.245s][info ][gc,heap      ] GC(627) ParNew: 243634K->2700K(270976K)
[571.245s][info ][gc,heap      ] GC(627) CMS: 316122K->316166K(602112K)
[571.245s][info ][gc,metaspace ] GC(627) Metaspace: 57348K->57348K(1101824K)
[571.245s][info ][gc           ] GC(627) Pause Young (Allocation Failure) 546M->311M(852M) 4.484ms
[571.245s][info ][gc,cpu       ] GC(627) User=0.02s Sys=0.00s Real=0.01s
[571.245s][info ][safepoint    ] Leaving safepoint region
[571.245s][info ][safepoint    ] Total time for which application threads were stopped: 0.0046231 seconds, Stopping threads took: 0.0000138 seconds
[572.245s][info ][safepoint    ] Application time: 1.0001051 seconds
[572.245s][info ][safepoint    ] Entering safepoint region: Cleanup
[572.245s][info ][safepoint    ] Leaving safepoint region
[572.245s][info ][safepoint    ] Total time for which application threads were stopped: 0.0001396 seconds, Stopping threads took: 0.0000846 seconds
[572.318s][info ][safepoint    ] Application time: 0.0731441 seconds
[572.319s][info ][safepoint    ] Entering safepoint region: GenCollectForAllocation
[572.319s][info ][gc,start     ] GC(628) Pause Young (Allocation Failure)
[572.319s][info ][gc,task      ] GC(628) Using 4 workers of 4 for evacuation
[572.323s][debug][gc,ref       ] GC(628) Skipped phase1 of Reference Processing due to unavailable references
[572.324s][debug][gc,ref       ] GC(628) Skipped phase2 of Reference Processing due to unavailable references
[572.324s][debug][gc,ref       ] GC(628) Skipped phase3 of Reference Processing due to unavailable references
[572.324s][debug][gc,ref       ] GC(628) Skipped phase4 of Reference Processing due to unavailable references
[572.324s][debug][gc,age       ] GC(628) Desired survivor size 15400960 bytes, new threshold 6 (max threshold 6)
[572.324s][info ][gc,heap      ] GC(628) ParNew: 243596K->2641K(270976K)
[572.324s][info ][gc,heap      ] GC(628) CMS: 316166K->316343K(602112K)
[572.324s][info ][gc,metaspace ] GC(628) Metaspace: 57348K->57348K(1101824K)
[572.324s][info ][gc           ] GC(628) Pause Young (Allocation Failure) 546M->311M(852M) 5.088ms
[572.324s][info ][gc,cpu       ] GC(628) User=0.02s Sys=0.00s Real=0.01s
[572.324s][info ][safepoint    ] Leaving safepoint region
[572.324s][info ][safepoint    ] Total time for which application threads were stopped: 0.0052306 seconds, Stopping threads took: 0.0000143 seconds
[573.324s][info ][safepoint    ] Application time: 1.0000957 seconds
[573.324s][info ][safepoint    ] Entering safepoint region: Cleanup
[573.324s][info ][safepoint    ] Leaving safepoint region
[573.324s][info ][safepoint    ] Total time for which application threads were stopped: 0.0001448 seconds, Stopping threads took: 0.0000725 seconds
[573.456s][info ][safepoint    ] Application time: 0.1316837 seconds
[573.456s][info ][safepoint    ] Entering safepoint region: GenCollectForAllocation
[573.456s][info ][gc,start     ] GC(629) Pause Young (Allocation Failure)
[573.456s][info ][gc,task      ] GC(629) Using 4 workers of 4 for evacuation
[573.460s][debug][gc,ref       ] GC(629) Skipped phase1 of Reference Processing due to unavailable references
[573.460s][debug][gc,ref       ] GC(629) Skipped phase2 of Reference Processing due to unavailable references
[573.460s][debug][gc,ref       ] GC(629) Skipped phase3 of Reference Processing due to unavailable references
[573.460s][debug][gc,ref       ] GC(629) Skipped phase4 of Reference Processing due to unavailable references
[573.460s][debug][gc,age       ] GC(629) Desired survivor size 15400960 bytes, new threshold 6 (max threshold 6)
[573.460s][info ][gc,heap      ] GC(629) ParNew: 243537K->2955K(270976K)
[573.460s][info ][gc,heap      ] GC(629) CMS: 316343K->316424K(602112K)
[573.460s][info ][gc,metaspace ] GC(629) Metaspace: 57348K->57348K(1101824K)
[573.460s][info ][gc           ] GC(629) Pause Young (Allocation Failure) 546M->311M(852M) 4.062ms
[573.460s][info ][gc,cpu       ] GC(629) User=0.02s Sys=0.00s Real=0.00s
[573.460s][info ][safepoint    ] Leaving safepoint region
[573.460s][info ][safepoint    ] Total time for which application threads were stopped: 0.0042023 seconds, Stopping threads took: 0.0000138 seconds
[574.460s][info ][safepoint    ] Application time: 1.0000960 seconds
[574.460s][info ][safepoint    ] Entering safepoint region: Cleanup
[574.460s][info ][safepoint    ] Leaving safepoint region
[574.460s][info ][safepoint    ] Total time for which application threads were stopped: 0.0001354 seconds, Stopping threads took: 0.0000622 seconds
[574.510s][info ][safepoint    ] Application time: 0.0499812 seconds
[574.510s][info ][safepoint    ] Entering safepoint region: GenCollectForAllocation
[574.510s][info ][gc,start     ] GC(630) Pause Young (Allocation Failure)
[574.510s][info ][gc,task      ] GC(630) Using 4 workers of 4 for evacuation
[574.514s][debug][gc,ref       ] GC(630) Skipped phase1 of Reference Processing due to unavailable references
[574.515s][debug][gc,ref       ] GC(630) Skipped phase2 of Reference Processing due to unavailable references
[574.515s][debug][gc,ref       ] GC(630) Skipped phase3 of Reference Processing due to unavailable references
[574.515s][debug][gc,ref       ] GC(630) Skipped phase4 of Reference Processing due to unavailable references
[574.515s][debug][gc,age       ] GC(630) Desired survivor size 15400960 bytes, new threshold 6 (max threshold 6)
[574.515s][info ][gc,heap      ] GC(630) ParNew: 243851K->3037K(270976K)
[574.515s][info ][gc,heap      ] GC(630) CMS: 316424K->316481K(602112K)
[574.515s][info ][gc,metaspace ] GC(630) Metaspace: 57348K->57348K(1101824K)
[574.515s][info ][gc           ] GC(630) Pause Young (Allocation Failure) 547M->312M(852M) 4.368ms
[574.515s][info ][gc,cpu       ] GC(630) User=0.02s Sys=0.00s Real=0.00s
[574.515s][info ][safepoint    ] Leaving safepoint region
[574.515s][info ][safepoint    ] Total time for which application threads were stopped: 0.0045640 seconds, Stopping threads took: 0.0000145 seconds
[575.515s][info ][safepoint    ] Application time: 1.0001000 seconds
[575.515s][info ][safepoint    ] Entering safepoint region: Cleanup
[575.515s][info ][safepoint    ] Leaving safepoint region
[575.515s][info ][safepoint    ] Total time for which application threads were stopped: 0.0001503 seconds, Stopping threads took: 0.0000622 seconds
[575.576s][info ][safepoint    ] Application time: 0.0609137 seconds
[575.576s][info ][safepoint    ] Entering safepoint region: GenCollectForAllocation
[575.576s][info ][gc,start     ] GC(631) Pause Young (Allocation Failure)
[575.576s][info ][gc,task      ] GC(631) Using 4 workers of 4 for evacuation
[575.580s][debug][gc,ref       ] GC(631) Skipped phase1 of Reference Processing due to unavailable references
[575.580s][debug][gc,ref       ] GC(631) Skipped phase2 of Reference Processing due to unavailable references
[575.580s][debug][gc,ref       ] GC(631) Skipped phase3 of Reference Processing due to unavailable references
[575.580s][debug][gc,ref       ] GC(631) Skipped phase4 of Reference Processing due to unavailable references
[575.580s][debug][gc,age       ] GC(631) Desired survivor size 15400960 bytes, new threshold 6 (max threshold 6)
[575.580s][info ][gc,heap      ] GC(631) ParNew: 243933K->2369K(270976K)
[575.580s][info ][gc,heap      ] GC(631) CMS: 316481K->316526K(602112K)
[575.580s][info ][gc,metaspace ] GC(631) Metaspace: 57348K->57348K(1101824K)
[575.580s][info ][gc           ] GC(631) Pause Young (Allocation Failure) 547M->311M(852M) 4.163ms
[575.580s][info ][gc,cpu       ] GC(631) User=0.01s Sys=0.00s Real=0.00s
[575.580s][info ][safepoint    ] Leaving safepoint region
[575.580s][info ][safepoint    ] Total time for which application threads were stopped: 0.0043187 seconds, Stopping threads took: 0.0000138 seconds
[576.580s][info ][safepoint    ] Application time: 1.0000994 seconds
[576.581s][info ][safepoint    ] Entering safepoint region: Cleanup
[576.581s][info ][safepoint    ] Leaving safepoint region
[576.581s][info ][safepoint    ] Total time for which application threads were stopped: 0.0001636 seconds, Stopping threads took: 0.0000870 seconds
[576.616s][info ][safepoint    ] Application time: 0.0357259 seconds
[576.616s][info ][safepoint    ] Entering safepoint region: GenCollectForAllocation
[576.617s][info ][gc,start     ] GC(632) Pause Young (Allocation Failure)
[576.617s][info ][gc,task      ] GC(632) Using 4 workers of 4 for evacuation
[576.621s][debug][gc,ref       ] GC(632) Skipped phase1 of Reference Processing due to unavailable references
[576.621s][debug][gc,ref       ] GC(632) Skipped phase2 of Reference Processing due to unavailable references
[576.621s][debug][gc,ref       ] GC(632) Skipped phase3 of Reference Processing due to unavailable references
[576.621s][debug][gc,ref       ] GC(632) Skipped phase4 of Reference Processing due to unavailable references
[576.621s][debug][gc,age       ] GC(632) Desired survivor size 15400960 bytes, new threshold 6 (max threshold 6)
[576.621s][info ][gc,heap      ] GC(632) ParNew: 243265K->2450K(270976K)
[576.621s][info ][gc,heap      ] GC(632) CMS: 316526K->316580K(602112K)
[576.621s][info ][gc,metaspace ] GC(632) Metaspace: 57349K->57349K(1101824K)
[576.621s][info ][gc           ] GC(632) Pause Young (Allocation Failure) 546M->311M(852M) 4.226ms
[576.621s][info ][gc,cpu       ] GC(632) User=0.02s Sys=0.00s Real=0.00s
[576.621s][info ][safepoint    ] Leaving safepoint region
[576.621s][info ][safepoint    ] Total time for which application threads were stopped: 0.0043715 seconds, Stopping threads took: 0.0000143 seconds
[577.616s][info ][safepoint    ] Application time: 0.9954388 seconds
[577.616s][info ][safepoint    ] Entering safepoint region: GenCollectForAllocation
[577.616s][info ][gc,start     ] GC(633) Pause Young (Allocation Failure)
[577.616s][info ][gc,task      ] GC(633) Using 4 workers of 4 for evacuation
[577.620s][debug][gc,ref       ] GC(633) Skipped phase1 of Reference Processing due to unavailable references
[577.620s][debug][gc,ref       ] GC(633) Skipped phase2 of Reference Processing due to unavailable references
[577.620s][debug][gc,ref       ] GC(633) Skipped phase3 of Reference Processing due to unavailable references
[577.620s][debug][gc,ref       ] GC(633) Skipped phase4 of Reference Processing due to unavailable references
[577.621s][debug][gc,age       ] GC(633) Desired survivor size 15400960 bytes, new threshold 6 (max threshold 6)
[577.621s][info ][gc,heap      ] GC(633) ParNew: 243346K->2895K(270976K)
[577.621s][info ][gc,heap      ] GC(633) CMS: 316580K->316591K(602112K)
[577.621s][info ][gc,metaspace ] GC(633) Metaspace: 57349K->57349K(1101824K)
[577.621s][info ][gc           ] GC(633) Pause Young (Allocation Failure) 546M->311M(852M) 4.267ms
[577.621s][info ][gc,cpu       ] GC(633) User=0.02s Sys=0.00s Real=0.00s
[577.621s][info ][safepoint    ] Leaving safepoint region
[577.621s][info ][safepoint    ] Total time for which application threads were stopped: 0.0044145 seconds, Stopping threads took: 0.0000151 seconds
[578.621s][info ][safepoint    ] Application time: 1.0000903 seconds
[578.621s][info ][safepoint    ] Entering safepoint region: Cleanup
[578.621s][info ][safepoint    ] Leaving safepoint region
[578.621s][info ][safepoint    ] Total time for which application threads were stopped: 0.0001140 seconds, Stopping threads took: 0.0000372 seconds
[578.680s][info ][safepoint    ] Application time: 0.0592392 seconds
[578.680s][info ][safepoint    ] Entering safepoint region: GenCollectForAllocation
[578.680s][info ][gc,start     ] GC(634) Pause Young (Allocation Failure)
[578.680s][info ][gc,task      ] GC(634) Using 4 workers of 4 for evacuation
[578.684s][debug][gc,ref       ] GC(634) Skipped phase1 of Reference Processing due to unavailable references
[578.684s][debug][gc,ref       ] GC(634) Skipped phase2 of Reference Processing due to unavailable references
[578.684s][debug][gc,ref       ] GC(634) Skipped phase3 of Reference Processing due to unavailable references
[578.684s][debug][gc,ref       ] GC(634) Skipped phase4 of Reference Processing due to unavailable references
[578.685s][debug][gc,age       ] GC(634) Desired survivor size 15400960 bytes, new threshold 6 (max threshold 6)
[578.685s][info ][gc,heap      ] GC(634) ParNew: 243791K->3697K(270976K)
[578.685s][info ][gc,heap      ] GC(634) CMS: 316591K->316616K(602112K)
[578.685s][info ][gc,metaspace ] GC(634) Metaspace: 57349K->57349K(1101824K)
[578.685s][info ][gc           ] GC(634) Pause Young (Allocation Failure) 547M->312M(852M) 4.242ms
[578.685s][info ][gc,cpu       ] GC(634) User=0.02s Sys=0.00s Real=0.01s
[578.685s][info ][safepoint    ] Leaving safepoint region
[578.685s][info ][safepoint    ] Total time for which application threads were stopped: 0.0043941 seconds, Stopping threads took: 0.0000142 seconds
[579.685s][info ][safepoint    ] Application time: 1.0000995 seconds
[579.685s][info ][safepoint    ] Entering safepoint region: Cleanup
[579.685s][info ][safepoint    ] Leaving safepoint region
[579.685s][info ][safepoint    ] Total time for which application threads were stopped: 0.0002002 seconds, Stopping threads took: 0.0001134 seconds
[579.730s][info ][safepoint    ] Application time: 0.0453855 seconds
[579.730s][info ][safepoint    ] Entering safepoint region: GenCollectForAllocation
[579.730s][info ][gc,start     ] GC(635) Pause Young (Allocation Failure)
[579.730s][info ][gc,task      ] GC(635) Using 4 workers of 4 for evacuation
[579.734s][debug][gc,ref       ] GC(635) Skipped phase1 of Reference Processing due to unavailable references
[579.734s][debug][gc,ref       ] GC(635) Skipped phase2 of Reference Processing due to unavailable references
[579.734s][debug][gc,ref       ] GC(635) Skipped phase3 of Reference Processing due to unavailable references
[579.734s][debug][gc,ref       ] GC(635) Skipped phase4 of Reference Processing due to unavailable references
[579.734s][debug][gc,age       ] GC(635) Desired survivor size 15400960 bytes, new threshold 6 (max threshold 6)
[579.735s][info ][gc,heap      ] GC(635) ParNew: 244593K->2718K(270976K)
[579.735s][info ][gc,heap      ] GC(635) CMS: 316616K->316619K(602112K)
[579.735s][info ][gc,metaspace ] GC(635) Metaspace: 57352K->57352K(1101824K)
[579.735s][info ][gc           ] GC(635) Pause Young (Allocation Failure) 548M->311M(852M) 4.121ms
[579.735s][info ][gc,cpu       ] GC(635) User=0.01s Sys=0.00s Real=0.00s
[579.735s][info ][safepoint    ] Leaving safepoint region
[579.735s][info ][safepoint    ] Total time for which application threads were stopped: 0.0042727 seconds, Stopping threads took: 0.0000143 seconds
[580.735s][info ][safepoint    ] Application time: 1.0000926 seconds
[580.735s][info ][safepoint    ] Entering safepoint region: Cleanup
[580.735s][info ][safepoint    ] Leaving safepoint region
[580.735s][info ][safepoint    ] Total time for which application threads were stopped: 0.0001242 seconds, Stopping threads took: 0.0000592 seconds
[580.785s][info ][safepoint    ] Application time: 0.0504514 seconds
[580.785s][info ][safepoint    ] Entering safepoint region: GenCollectForAllocation
[580.785s][info ][gc,start     ] GC(636) Pause Young (Allocation Failure)
[580.786s][info ][gc,task      ] GC(636) Using 4 workers of 4 for evacuation
[580.790s][debug][gc,ref       ] GC(636) Skipped phase1 of Reference Processing due to unavailable references
[580.790s][debug][gc,ref       ] GC(636) Skipped phase2 of Reference Processing due to unavailable references
[580.790s][debug][gc,ref       ] GC(636) Skipped phase3 of Reference Processing due to unavailable references
[580.790s][debug][gc,ref       ] GC(636) Skipped phase4 of Reference Processing due to unavailable references
[580.790s][debug][gc,age       ] GC(636) Desired survivor size 15400960 bytes, new threshold 6 (max threshold 6)
[580.790s][info ][gc,heap      ] GC(636) ParNew: 243614K->3826K(270976K)
[580.790s][info ][gc,heap      ] GC(636) CMS: 316619K->316629K(602112K)
[580.790s][info ][gc,metaspace ] GC(636) Metaspace: 57353K->57353K(1101824K)
[580.790s][info ][gc           ] GC(636) Pause Young (Allocation Failure) 547M->312M(852M) 4.518ms
[580.790s][info ][gc,cpu       ] GC(636) User=0.02s Sys=0.00s Real=0.00s
[580.790s][info ][safepoint    ] Leaving safepoint region
[580.790s][info ][safepoint    ] Total time for which application threads were stopped: 0.0046875 seconds, Stopping threads took: 0.0000148 seconds
[581.790s][info ][safepoint    ] Application time: 1.0001043 seconds
[581.790s][info ][safepoint    ] Entering safepoint region: Cleanup
[581.790s][info ][safepoint    ] Leaving safepoint region
[581.790s][info ][safepoint    ] Total time for which application threads were stopped: 0.0001457 seconds, Stopping threads took: 0.0000619 seconds
[581.795s][info ][safepoint    ] Application time: 0.0048785 seconds
[581.795s][info ][safepoint    ] Entering safepoint region: GenCollectForAllocation
[581.795s][info ][gc,start     ] GC(637) Pause Young (Allocation Failure)
[581.795s][info ][gc,task      ] GC(637) Using 4 workers of 4 for evacuation
[581.799s][debug][gc,ref       ] GC(637) Skipped phase1 of Reference Processing due to unavailable references
[581.799s][debug][gc,ref       ] GC(637) Skipped phase2 of Reference Processing due to unavailable references
[581.799s][debug][gc,ref       ] GC(637) Skipped phase3 of Reference Processing due to unavailable references
[581.799s][debug][gc,ref       ] GC(637) Skipped phase4 of Reference Processing due to unavailable references
[581.799s][debug][gc,age       ] GC(637) Desired survivor size 15400960 bytes, new threshold 6 (max threshold 6)
[581.799s][info ][gc,heap      ] GC(637) ParNew: 244722K->2624K(270976K)
[581.799s][info ][gc,heap      ] GC(637) CMS: 316629K->316726K(602112K)
[581.799s][info ][gc,metaspace ] GC(637) Metaspace: 57354K->57354K(1101824K)
[581.799s][info ][gc           ] GC(637) Pause Young (Allocation Failure) 548M->311M(852M) 4.126ms
[581.799s][info ][gc,cpu       ] GC(637) User=0.02s Sys=0.00s Real=0.01s
[581.799s][info ][safepoint    ] Leaving safepoint region
[581.799s][info ][safepoint    ] Total time for which application threads were stopped: 0.0042526 seconds, Stopping threads took: 0.0000118 seconds
[582.800s][info ][safepoint    ] Application time: 1.0001013 seconds
[582.800s][info ][safepoint    ] Entering safepoint region: Cleanup
[582.800s][info ][safepoint    ] Leaving safepoint region
[582.800s][info ][safepoint    ] Total time for which application threads were stopped: 0.0000757 seconds, Stopping threads took: 0.0000149 seconds
[582.931s][info ][safepoint    ] Application time: 0.1314295 seconds
[582.931s][info ][safepoint    ] Entering safepoint region: GenCollectForAllocation
[582.931s][info ][gc,start     ] GC(638) Pause Young (Allocation Failure)
[582.931s][info ][gc,task      ] GC(638) Using 4 workers of 4 for evacuation
[582.935s][debug][gc,ref       ] GC(638) Skipped phase1 of Reference Processing due to unavailable references
[582.935s][debug][gc,ref       ] GC(638) Skipped phase3 of Reference Processing due to unavailable references
[582.935s][debug][gc,age       ] GC(638) Desired survivor size 15400960 bytes, new threshold 6 (max threshold 6)
[582.935s][info ][gc,heap      ] GC(638) ParNew: 243520K->3142K(270976K)
[582.935s][info ][gc,heap      ] GC(638) CMS: 316726K->316738K(602112K)
[582.935s][info ][gc,metaspace ] GC(638) Metaspace: 57382K->57382K(1101824K)
[582.935s][info ][gc           ] GC(638) Pause Young (Allocation Failure) 547M->312M(852M) 4.095ms
[582.935s][info ][gc,cpu       ] GC(638) User=0.02s Sys=0.00s Real=0.01s
[582.935s][info ][safepoint    ] Leaving safepoint region
[582.935s][info ][safepoint    ] Total time for which application threads were stopped: 0.0042813 seconds, Stopping threads took: 0.0000272 seconds
[583.008s][info ][safepoint    ] Application time: 0.0725162 seconds
[583.008s][info ][safepoint    ] Entering safepoint region: Deoptimize
[583.010s][info ][safepoint    ] Leaving safepoint region
[583.010s][info ][safepoint    ] Total time for which application threads were stopped: 0.0016762 seconds, Stopping threads took: 0.0000132 seconds
[583.880s][info ][safepoint    ] Application time: 0.8705032 seconds
[583.880s][info ][safepoint    ] Entering safepoint region: GenCollectForAllocation
[583.880s][info ][gc,start     ] GC(639) Pause Young (Allocation Failure)
[583.880s][info ][gc,task      ] GC(639) Using 4 workers of 4 for evacuation
[583.885s][debug][gc,ref       ] GC(639) Skipped phase1 of Reference Processing due to unavailable references
[583.885s][debug][gc,ref       ] GC(639) Skipped phase3 of Reference Processing due to unavailable references
[583.885s][debug][gc,age       ] GC(639) Desired survivor size 15400960 bytes, new threshold 6 (max threshold 6)
[583.885s][info ][gc,heap      ] GC(639) ParNew: 244038K->3047K(270976K)
[583.885s][info ][gc,heap      ] GC(639) CMS: 316738K->316800K(602112K)
[583.885s][info ][gc,metaspace ] GC(639) Metaspace: 57435K->57435K(1101824K)
[583.885s][info ][gc           ] GC(639) Pause Young (Allocation Failure) 547M->312M(852M) 4.654ms
[583.885s][info ][gc,cpu       ] GC(639) User=0.01s Sys=0.00s Real=0.01s
[583.885s][info ][safepoint    ] Leaving safepoint region
[583.885s][info ][safepoint    ] Total time for which application threads were stopped: 0.0048323 seconds, Stopping threads took: 0.0000145 seconds
[584.885s][info ][safepoint    ] Application time: 1.0001009 seconds
[584.885s][info ][safepoint    ] Entering safepoint region: Cleanup
[584.885s][info ][safepoint    ] Leaving safepoint region
[584.885s][info ][safepoint    ] Total time for which application threads were stopped: 0.0001272 seconds, Stopping threads took: 0.0000511 seconds
[585.003s][info ][safepoint    ] Application time: 0.1178466 seconds
[585.003s][info ][safepoint    ] Entering safepoint region: GenCollectForAllocation
[585.003s][info ][gc,start     ] GC(640) Pause Young (Allocation Failure)
[585.003s][info ][gc,task      ] GC(640) Using 4 workers of 4 for evacuation
[585.008s][debug][gc,ref       ] GC(640) Skipped phase1 of Reference Processing due to unavailable references
[585.008s][debug][gc,ref       ] GC(640) Skipped phase3 of Reference Processing due to unavailable references
[585.008s][debug][gc,ref       ] GC(640) Skipped phase4 of Reference Processing due to unavailable references
[585.008s][debug][gc,age       ] GC(640) Desired survivor size 15400960 bytes, new threshold 6 (max threshold 6)
[585.008s][info ][gc,heap      ] GC(640) ParNew: 243943K->2603K(270976K)
[585.008s][info ][gc,heap      ] GC(640) CMS: 316800K->316959K(602112K)
[585.008s][info ][gc,metaspace ] GC(640) Metaspace: 57443K->57443K(1101824K)
[585.008s][info ][gc           ] GC(640) Pause Young (Allocation Failure) 547M->312M(852M) 4.447ms
[585.008s][info ][gc,cpu       ] GC(640) User=0.02s Sys=0.00s Real=0.01s
[585.008s][info ][safepoint    ] Leaving safepoint region
[585.008s][info ][safepoint    ] Total time for which application threads were stopped: 0.0046586 seconds, Stopping threads took: 0.0000415 seconds
[585.973s][info ][safepoint    ] Application time: 0.9649176 seconds
[585.973s][info ][safepoint    ] Entering safepoint region: GenCollectForAllocation
[585.973s][info ][gc,start     ] GC(641) Pause Young (Allocation Failure)
[585.973s][info ][gc,task      ] GC(641) Using 4 workers of 4 for evacuation
[585.977s][debug][gc,ref       ] GC(641) Skipped phase1 of Reference Processing due to unavailable references
[585.977s][debug][gc,ref       ] GC(641) Skipped phase3 of Reference Processing due to unavailable references
[585.977s][debug][gc,ref       ] GC(641) Skipped phase4 of Reference Processing due to unavailable references
[585.977s][debug][gc,age       ] GC(641) Desired survivor size 15400960 bytes, new threshold 6 (max threshold 6)
[585.977s][info ][gc,heap      ] GC(641) ParNew: 243499K->2629K(270976K)
[585.977s][info ][gc,heap      ] GC(641) CMS: 316959K->316992K(602112K)
[585.977s][info ][gc,metaspace ] GC(641) Metaspace: 57443K->57443K(1101824K)
[585.977s][info ][gc           ] GC(641) Pause Young (Allocation Failure) 547M->312M(852M) 4.084ms
[585.977s][info ][gc,cpu       ] GC(641) User=0.01s Sys=0.00s Real=0.01s
[585.977s][info ][safepoint    ] Leaving safepoint region
[585.977s][info ][safepoint    ] Total time for which application threads were stopped: 0.0042477 seconds, Stopping threads took: 0.0000189 seconds
[586.977s][info ][safepoint    ] Application time: 1.0001015 seconds
[586.977s][info ][safepoint    ] Entering safepoint region: Cleanup
[586.977s][info ][safepoint    ] Leaving safepoint region
[586.977s][info ][safepoint    ] Total time for which application threads were stopped: 0.0001520 seconds, Stopping threads took: 0.0000700 seconds
[587.025s][info ][safepoint    ] Application time: 0.0476027 seconds
[587.025s][info ][safepoint    ] Entering safepoint region: GenCollectForAllocation
[587.025s][info ][gc,start     ] GC(642) Pause Young (Allocation Failure)
[587.025s][info ][gc,task      ] GC(642) Using 4 workers of 4 for evacuation
[587.029s][debug][gc,ref       ] GC(642) Skipped phase1 of Reference Processing due to unavailable references
[587.029s][debug][gc,ref       ] GC(642) Skipped phase3 of Reference Processing due to unavailable references
[587.029s][debug][gc,ref       ] GC(642) Skipped phase4 of Reference Processing due to unavailable references
[587.029s][debug][gc,age       ] GC(642) Desired survivor size 15400960 bytes, new threshold 6 (max threshold 6)
[587.029s][info ][gc,heap      ] GC(642) ParNew: 243525K->3482K(270976K)
[587.029s][info ][gc,heap      ] GC(642) CMS: 316992K->317062K(602112K)
[587.029s][info ][gc,metaspace ] GC(642) Metaspace: 57443K->57443K(1101824K)
[587.029s][info ][gc           ] GC(642) Pause Young (Allocation Failure) 547M->313M(852M) 4.106ms
[587.029s][info ][gc,cpu       ] GC(642) User=0.01s Sys=0.00s Real=0.00s
[587.029s][info ][safepoint    ] Leaving safepoint region
[587.029s][info ][safepoint    ] Total time for which application threads were stopped: 0.0042560 seconds, Stopping threads took: 0.0000155 seconds
[588.012s][info ][safepoint    ] Application time: 0.9827694 seconds
[588.012s][info ][safepoint    ] Entering safepoint region: GenCollectForAllocation
[588.012s][info ][gc,start     ] GC(643) Pause Young (Allocation Failure)
[588.012s][info ][gc,task      ] GC(643) Using 4 workers of 4 for evacuation
[588.016s][debug][gc,ref       ] GC(643) Skipped phase1 of Reference Processing due to unavailable references
[588.016s][debug][gc,ref       ] GC(643) Skipped phase3 of Reference Processing due to unavailable references
[588.016s][debug][gc,ref       ] GC(643) Skipped phase4 of Reference Processing due to unavailable references
[588.017s][debug][gc,age       ] GC(643) Desired survivor size 15400960 bytes, new threshold 6 (max threshold 6)
[588.017s][info ][gc,heap      ] GC(643) ParNew: 244378K->3845K(270976K)
[588.017s][info ][gc,heap      ] GC(643) CMS: 317062K->317094K(602112K)
[588.017s][info ][gc,metaspace ] GC(643) Metaspace: 57443K->57443K(1101824K)
[588.017s][info ][gc           ] GC(643) Pause Young (Allocation Failure) 548M->313M(852M) 4.461ms
[588.017s][info ][gc,cpu       ] GC(643) User=0.02s Sys=0.00s Real=0.01s
[588.017s][info ][safepoint    ] Leaving safepoint region
[588.017s][info ][safepoint    ] Total time for which application threads were stopped: 0.0046089 seconds, Stopping threads took: 0.0000138 seconds
[589.017s][info ][safepoint    ] Application time: 1.0000967 seconds
[589.017s][info ][safepoint    ] Entering safepoint region: Cleanup
[589.017s][info ][safepoint    ] Leaving safepoint region
[589.017s][info ][safepoint    ] Total time for which application threads were stopped: 0.0001545 seconds, Stopping threads took: 0.0000826 seconds
[589.024s][info ][safepoint    ] Application time: 0.0068286 seconds
[589.024s][info ][safepoint    ] Entering safepoint region: GenCollectForAllocation
[589.024s][info ][gc,start     ] GC(644) Pause Young (Allocation Failure)
[589.024s][info ][gc,task      ] GC(644) Using 4 workers of 4 for evacuation
[589.029s][debug][gc,ref       ] GC(644) Skipped phase1 of Reference Processing due to unavailable references
[589.029s][debug][gc,ref       ] GC(644) Skipped phase3 of Reference Processing due to unavailable references
[589.029s][debug][gc,ref       ] GC(644) Skipped phase4 of Reference Processing due to unavailable references
[589.029s][debug][gc,age       ] GC(644) Desired survivor size 15400960 bytes, new threshold 6 (max threshold 6)
[589.029s][info ][gc,heap      ] GC(644) ParNew: 244741K->4324K(270976K)
[589.029s][info ][gc,heap      ] GC(644) CMS: 317094K->317240K(602112K)
[589.029s][info ][gc,metaspace ] GC(644) Metaspace: 57443K->57443K(1101824K)
[589.029s][info ][gc           ] GC(644) Pause Young (Allocation Failure) 548M->314M(852M) 4.817ms
[589.029s][info ][gc,cpu       ] GC(644) User=0.02s Sys=0.00s Real=0.00s
[589.029s][info ][safepoint    ] Leaving safepoint region
[589.029s][info ][safepoint    ] Total time for which application threads were stopped: 0.0049496 seconds, Stopping threads took: 0.0000115 seconds
[590.014s][info ][safepoint    ] Application time: 0.9848274 seconds
[590.014s][info ][safepoint    ] Entering safepoint region: GenCollectForAllocation
[590.014s][info ][gc,start     ] GC(645) Pause Young (Allocation Failure)
[590.014s][info ][gc,task      ] GC(645) Using 4 workers of 4 for evacuation
[590.019s][debug][gc,ref       ] GC(645) Skipped phase1 of Reference Processing due to unavailable references
[590.019s][debug][gc,ref       ] GC(645) Skipped phase2 of Reference Processing due to unavailable references
[590.019s][debug][gc,ref       ] GC(645) Skipped phase3 of Reference Processing due to unavailable references
[590.019s][debug][gc,ref       ] GC(645) Skipped phase4 of Reference Processing due to unavailable references
[590.019s][debug][gc,age       ] GC(645) Desired survivor size 15400960 bytes, new threshold 6 (max threshold 6)
[590.019s][info ][gc,heap      ] GC(645) ParNew: 245220K->3866K(270976K)
[590.019s][info ][gc,heap      ] GC(645) CMS: 317240K->317517K(602112K)
[590.019s][info ][gc,metaspace ] GC(645) Metaspace: 57443K->57443K(1101824K)
[590.019s][info ][gc           ] GC(645) Pause Young (Allocation Failure) 549M->313M(852M) 5.200ms
[590.019s][info ][gc,cpu       ] GC(645) User=0.01s Sys=0.00s Real=0.01s
[590.019s][info ][safepoint    ] Leaving safepoint region
[590.019s][info ][safepoint    ] Total time for which application threads were stopped: 0.0053420 seconds, Stopping threads took: 0.0000142 seconds
[590.954s][info ][safepoint    ] Application time: 0.9353711 seconds
[590.954s][info ][safepoint    ] Entering safepoint region: GenCollectForAllocation
[590.954s][info ][gc,start     ] GC(646) Pause Young (Allocation Failure)
[590.955s][info ][gc,task      ] GC(646) Using 4 workers of 4 for evacuation
[590.959s][debug][gc,ref       ] GC(646) Skipped phase1 of Reference Processing due to unavailable references
[590.959s][debug][gc,ref       ] GC(646) Skipped phase2 of Reference Processing due to unavailable references
[590.959s][debug][gc,ref       ] GC(646) Skipped phase3 of Reference Processing due to unavailable references
[590.959s][debug][gc,ref       ] GC(646) Skipped phase4 of Reference Processing due to unavailable references
[590.959s][debug][gc,age       ] GC(646) Desired survivor size 15400960 bytes, new threshold 6 (max threshold 6)
[590.959s][info ][gc,heap      ] GC(646) ParNew: 244762K->3901K(270976K)
[590.959s][info ][gc,heap      ] GC(646) CMS: 317517K->317568K(602112K)
[590.959s][info ][gc,metaspace ] GC(646) Metaspace: 57443K->57443K(1101824K)
[590.959s][info ][gc           ] GC(646) Pause Young (Allocation Failure) 549M->313M(852M) 4.475ms
[590.959s][info ][gc,cpu       ] GC(646) User=0.02s Sys=0.00s Real=0.01s
[590.959s][info ][safepoint    ] Leaving safepoint region
[590.959s][info ][safepoint    ] Total time for which application threads were stopped: 0.0046352 seconds, Stopping threads took: 0.0000127 seconds
[591.959s][info ][safepoint    ] Application time: 1.0001574 seconds
[591.959s][info ][safepoint    ] Entering safepoint region: Cleanup
[591.959s][info ][safepoint    ] Leaving safepoint region
[591.959s][info ][safepoint    ] Total time for which application threads were stopped: 0.0001442 seconds, Stopping threads took: 0.0000683 seconds
[592.006s][info ][safepoint    ] Application time: 0.0469810 seconds
[592.006s][info ][safepoint    ] Entering safepoint region: GenCollectForAllocation
[592.006s][info ][gc,start     ] GC(647) Pause Young (Allocation Failure)
[592.006s][info ][gc,task      ] GC(647) Using 4 workers of 4 for evacuation
[592.011s][debug][gc,ref       ] GC(647) Skipped phase1 of Reference Processing due to unavailable references
[592.011s][debug][gc,ref       ] GC(647) Skipped phase2 of Reference Processing due to unavailable references
[592.011s][debug][gc,ref       ] GC(647) Skipped phase3 of Reference Processing due to unavailable references
[592.011s][debug][gc,ref       ] GC(647) Skipped phase4 of Reference Processing due to unavailable references
[592.011s][debug][gc,age       ] GC(647) Desired survivor size 15400960 bytes, new threshold 6 (max threshold 6)
[592.011s][info ][gc,heap      ] GC(647) ParNew: 244797K->4547K(270976K)
[592.011s][info ][gc,heap      ] GC(647) CMS: 317568K->317607K(602112K)
[592.011s][info ][gc,metaspace ] GC(647) Metaspace: 57446K->57446K(1101824K)
[592.011s][info ][gc           ] GC(647) Pause Young (Allocation Failure) 549M->314M(852M) 4.589ms
[592.011s][info ][gc,cpu       ] GC(647) User=0.02s Sys=0.00s Real=0.00s
[592.011s][info ][safepoint    ] Leaving safepoint region
[592.011s][info ][safepoint    ] Total time for which application threads were stopped: 0.0047440 seconds, Stopping threads took: 0.0000133 seconds
[593.011s][info ][safepoint    ] Application time: 1.0001084 seconds
[593.011s][info ][safepoint    ] Entering safepoint region: Cleanup
[593.011s][info ][safepoint    ] Leaving safepoint region
[593.011s][info ][safepoint    ] Total time for which application threads were stopped: 0.0001363 seconds, Stopping threads took: 0.0000683 seconds
[593.037s][info ][safepoint    ] Application time: 0.0255480 seconds
[593.037s][info ][safepoint    ] Entering safepoint region: GenCollectForAllocation
[593.037s][info ][gc,start     ] GC(648) Pause Young (Allocation Failure)
[593.037s][info ][gc,task      ] GC(648) Using 4 workers of 4 for evacuation
[593.041s][debug][gc,ref       ] GC(648) Skipped phase1 of Reference Processing due to unavailable references
[593.041s][debug][gc,ref       ] GC(648) Skipped phase2 of Reference Processing due to unavailable references
[593.041s][debug][gc,ref       ] GC(648) Skipped phase3 of Reference Processing due to unavailable references
[593.041s][debug][gc,ref       ] GC(648) Skipped phase4 of Reference Processing due to unavailable references
[593.041s][debug][gc,age       ] GC(648) Desired survivor size 15400960 bytes, new threshold 6 (max threshold 6)
[593.041s][info ][gc,heap      ] GC(648) ParNew: 245443K->4759K(270976K)
[593.041s][info ][gc,heap      ] GC(648) CMS: 317607K->317769K(602112K)
[593.041s][info ][gc,metaspace ] GC(648) Metaspace: 57446K->57446K(1101824K)
[593.041s][info ][gc           ] GC(648) Pause Young (Allocation Failure) 549M->314M(852M) 4.342ms
[593.041s][info ][gc,cpu       ] GC(648) User=0.02s Sys=0.00s Real=0.00s
[593.041s][info ][safepoint    ] Leaving safepoint region
[593.041s][info ][safepoint    ] Total time for which application threads were stopped: 0.0044908 seconds, Stopping threads took: 0.0000143 seconds
[594.042s][info ][safepoint    ] Application time: 1.0000421 seconds
[594.042s][info ][safepoint    ] Entering safepoint region: Cleanup
[594.042s][info ][safepoint    ] Leaving safepoint region
[594.042s][info ][safepoint    ] Total time for which application threads were stopped: 0.0001795 seconds, Stopping threads took: 0.0000803 seconds
[594.042s][info ][safepoint    ] Application time: 0.0006947 seconds
[594.042s][info ][safepoint    ] Entering safepoint region: GenCollectForAllocation
[594.042s][info ][gc,start     ] GC(649) Pause Young (Allocation Failure)
[594.043s][info ][gc,task      ] GC(649) Using 4 workers of 4 for evacuation
[594.047s][debug][gc,ref       ] GC(649) Skipped phase1 of Reference Processing due to unavailable references
[594.047s][debug][gc,ref       ] GC(649) Skipped phase2 of Reference Processing due to unavailable references
[594.047s][debug][gc,ref       ] GC(649) Skipped phase3 of Reference Processing due to unavailable references
[594.047s][debug][gc,ref       ] GC(649) Skipped phase4 of Reference Processing due to unavailable references
[594.047s][debug][gc,age       ] GC(649) Desired survivor size 15400960 bytes, new threshold 6 (max threshold 6)
[594.047s][info ][gc,heap      ] GC(649) ParNew: 245655K->3396K(270976K)
[594.047s][info ][gc,heap      ] GC(649) CMS: 317769K->318069K(602112K)
[594.047s][info ][gc,metaspace ] GC(649) Metaspace: 57451K->57451K(1101824K)
[594.047s][info ][gc           ] GC(649) Pause Young (Allocation Failure) 550M->313M(852M) 4.820ms
[594.047s][info ][gc,cpu       ] GC(649) User=0.01s Sys=0.00s Real=0.01s
[594.047s][info ][safepoint    ] Leaving safepoint region
[594.047s][info ][safepoint    ] Total time for which application threads were stopped: 0.0049154 seconds, Stopping threads took: 0.0000058 seconds
[595.000s][info ][safepoint    ] Application time: 0.9523200 seconds
[595.000s][info ][safepoint    ] Entering safepoint region: GenCollectForAllocation
[595.000s][info ][gc,start     ] GC(650) Pause Young (Allocation Failure)
[595.000s][info ][gc,task      ] GC(650) Using 4 workers of 4 for evacuation
[595.004s][debug][gc,ref       ] GC(650) Skipped phase1 of Reference Processing due to unavailable references
[595.004s][debug][gc,ref       ] GC(650) Skipped phase2 of Reference Processing due to unavailable references
[595.004s][debug][gc,ref       ] GC(650) Skipped phase3 of Reference Processing due to unavailable references
[595.004s][debug][gc,ref       ] GC(650) Skipped phase4 of Reference Processing due to unavailable references
[595.004s][debug][gc,age       ] GC(650) Desired survivor size 15400960 bytes, new threshold 6 (max threshold 6)
[595.004s][info ][gc,heap      ] GC(650) ParNew: 244292K->3458K(270976K)
[595.004s][info ][gc,heap      ] GC(650) CMS: 318069K->318634K(602112K)
[595.004s][info ][gc,metaspace ] GC(650) Metaspace: 57451K->57451K(1101824K)
[595.004s][info ][gc           ] GC(650) Pause Young (Allocation Failure) 549M->314M(852M) 4.289ms
[595.004s][info ][gc,cpu       ] GC(650) User=0.01s Sys=0.00s Real=0.01s
[595.004s][info ][safepoint    ] Leaving safepoint region
[595.004s][info ][safepoint    ] Total time for which application threads were stopped: 0.0044547 seconds, Stopping threads took: 0.0000144 seconds
[596.004s][info ][safepoint    ] Application time: 1.0001525 seconds
[596.004s][info ][safepoint    ] Entering safepoint region: Cleanup
[596.004s][info ][safepoint    ] Leaving safepoint region
[596.004s][info ][safepoint    ] Total time for which application threads were stopped: 0.0001293 seconds, Stopping threads took: 0.0000579 seconds
[596.013s][info ][safepoint    ] Application time: 0.0084198 seconds
[596.013s][info ][safepoint    ] Entering safepoint region: GenCollectForAllocation
[596.013s][info ][gc,start     ] GC(651) Pause Young (Allocation Failure)
[596.013s][info ][gc,task      ] GC(651) Using 4 workers of 4 for evacuation
[596.017s][debug][gc,ref       ] GC(651) Skipped phase1 of Reference Processing due to unavailable references
[596.017s][debug][gc,ref       ] GC(651) Skipped phase2 of Reference Processing due to unavailable references
[596.017s][debug][gc,ref       ] GC(651) Skipped phase3 of Reference Processing due to unavailable references
[596.017s][debug][gc,ref       ] GC(651) Skipped phase4 of Reference Processing due to unavailable references
[596.017s][debug][gc,age       ] GC(651) Desired survivor size 15400960 bytes, new threshold 6 (max threshold 6)
[596.017s][info ][gc,heap      ] GC(651) ParNew: 244354K->3875K(270976K)
[596.017s][info ][gc,heap      ] GC(651) CMS: 318634K->318757K(602112K)
[596.017s][info ][gc,metaspace ] GC(651) Metaspace: 57451K->57451K(1101824K)
[596.017s][info ][gc           ] GC(651) Pause Young (Allocation Failure) 549M->315M(852M) 4.316ms
[596.017s][info ][gc,cpu       ] GC(651) User=0.02s Sys=0.00s Real=0.01s
[596.017s][info ][safepoint    ] Leaving safepoint region
[596.017s][info ][safepoint    ] Total time for which application threads were stopped: 0.0044462 seconds, Stopping threads took: 0.0000115 seconds
[597.013s][info ][safepoint    ] Application time: 0.9954157 seconds
[597.013s][info ][safepoint    ] Entering safepoint region: GenCollectForAllocation
[597.013s][info ][gc,start     ] GC(652) Pause Young (Allocation Failure)
[597.013s][info ][gc,task      ] GC(652) Using 4 workers of 4 for evacuation
[597.017s][debug][gc,ref       ] GC(652) Skipped phase1 of Reference Processing due to unavailable references
[597.017s][debug][gc,ref       ] GC(652) Skipped phase2 of Reference Processing due to unavailable references
[597.017s][debug][gc,ref       ] GC(652) Skipped phase3 of Reference Processing due to unavailable references
[597.017s][debug][gc,ref       ] GC(652) Skipped phase4 of Reference Processing due to unavailable references
[597.017s][debug][gc,age       ] GC(652) Desired survivor size 15400960 bytes, new threshold 6 (max threshold 6)
[597.017s][info ][gc,heap      ] GC(652) ParNew: 244771K->2842K(270976K)
[597.017s][info ][gc,heap      ] GC(652) CMS: 318757K->318903K(602112K)
[597.017s][info ][gc,metaspace ] GC(652) Metaspace: 57452K->57452K(1101824K)
[597.017s][info ][gc           ] GC(652) Pause Young (Allocation Failure) 550M->314M(852M) 4.324ms
[597.017s][info ][gc,cpu       ] GC(652) User=0.02s Sys=0.00s Real=0.01s
[597.017s][info ][safepoint    ] Leaving safepoint region
[597.017s][info ][safepoint    ] Total time for which application threads were stopped: 0.0044770 seconds, Stopping threads took: 0.0000141 seconds
[598.017s][info ][safepoint    ] Application time: 1.0000974 seconds
[598.018s][info ][safepoint    ] Entering safepoint region: Cleanup
[598.018s][info ][safepoint    ] Leaving safepoint region
[598.018s][info ][safepoint    ] Total time for which application threads were stopped: 0.0001415 seconds, Stopping threads took: 0.0000580 seconds
[598.103s][info ][safepoint    ] Application time: 0.0855481 seconds
[598.103s][info ][safepoint    ] Entering safepoint region: GenCollectForAllocation
[598.103s][info ][gc,start     ] GC(653) Pause Young (Allocation Failure)
[598.103s][info ][gc,task      ] GC(653) Using 4 workers of 4 for evacuation
[598.108s][debug][gc,ref       ] GC(653) Skipped phase1 of Reference Processing due to unavailable references
[598.108s][debug][gc,ref       ] GC(653) Skipped phase3 of Reference Processing due to unavailable references
[598.108s][debug][gc,age       ] GC(653) Desired survivor size 15400960 bytes, new threshold 6 (max threshold 6)
[598.108s][info ][gc,heap      ] GC(653) ParNew: 243738K->2945K(270976K)
[598.108s][info ][gc,heap      ] GC(653) CMS: 318903K->319042K(602112K)
[598.108s][info ][gc,metaspace ] GC(653) Metaspace: 57457K->57457K(1101824K)
[598.108s][info ][gc           ] GC(653) Pause Young (Allocation Failure) 549M->314M(852M) 5.135ms
[598.108s][info ][gc,cpu       ] GC(653) User=0.01s Sys=0.00s Real=0.01s
[598.108s][info ][safepoint    ] Leaving safepoint region
[598.108s][info ][safepoint    ] Total time for which application threads were stopped: 0.0053139 seconds, Stopping threads took: 0.0000408 seconds
[599.109s][info ][safepoint    ] Application time: 1.0001197 seconds
[599.109s][info ][safepoint    ] Entering safepoint region: Cleanup
[599.109s][info ][safepoint    ] Leaving safepoint region
[599.109s][info ][safepoint    ] Total time for which application threads were stopped: 0.0001326 seconds, Stopping threads took: 0.0000680 seconds
[599.175s][info ][safepoint    ] Application time: 0.0660061 seconds
[599.175s][info ][safepoint    ] Entering safepoint region: GenCollectForAllocation
[599.175s][info ][gc,start     ] GC(654) Pause Young (Allocation Failure)
[599.175s][info ][gc,task      ] GC(654) Using 4 workers of 4 for evacuation
[599.179s][debug][gc,ref       ] GC(654) Skipped phase1 of Reference Processing due to unavailable references
[599.179s][debug][gc,ref       ] GC(654) Skipped phase2 of Reference Processing due to unavailable references
[599.179s][debug][gc,ref       ] GC(654) Skipped phase3 of Reference Processing due to unavailable references
[599.179s][debug][gc,ref       ] GC(654) Skipped phase4 of Reference Processing due to unavailable references
[599.179s][debug][gc,age       ] GC(654) Desired survivor size 15400960 bytes, new threshold 6 (max threshold 6)
[599.179s][info ][gc,heap      ] GC(654) ParNew: 243841K->3215K(270976K)
[599.179s][info ][gc,heap      ] GC(654) CMS: 319042K->319107K(602112K)
[599.179s][info ][gc,metaspace ] GC(654) Metaspace: 57457K->57457K(1101824K)
[599.179s][info ][gc           ] GC(654) Pause Young (Allocation Failure) 549M->314M(852M) 3.991ms
[599.179s][info ][gc,cpu       ] GC(654) User=0.01s Sys=0.00s Real=0.01s
[599.179s][info ][safepoint    ] Leaving safepoint region
[599.179s][info ][safepoint    ] Total time for which application threads were stopped: 0.0041414 seconds, Stopping threads took: 0.0000140 seconds
[600.179s][info ][safepoint    ] Application time: 1.0001047 seconds
[600.179s][info ][safepoint    ] Entering safepoint region: Cleanup
[600.179s][info ][safepoint    ] Leaving safepoint region
[600.179s][info ][safepoint    ] Total time for which application threads were stopped: 0.0001409 seconds, Stopping threads took: 0.0000670 seconds
[600.194s][info ][safepoint    ] Application time: 0.0147823 seconds
[600.194s][info ][safepoint    ] Entering safepoint region: GenCollectForAllocation
[600.194s][info ][gc,start     ] GC(655) Pause Young (Allocation Failure)
[600.194s][info ][gc,task      ] GC(655) Using 4 workers of 4 for evacuation
[600.199s][debug][gc,ref       ] GC(655) Skipped phase1 of Reference Processing due to unavailable references
[600.199s][debug][gc,ref       ] GC(655) Skipped phase2 of Reference Processing due to unavailable references
[600.199s][debug][gc,ref       ] GC(655) Skipped phase3 of Reference Processing due to unavailable references
[600.199s][debug][gc,ref       ] GC(655) Skipped phase4 of Reference Processing due to unavailable references
[600.199s][debug][gc,age       ] GC(655) Desired survivor size 15400960 bytes, new threshold 6 (max threshold 6)
[600.199s][info ][gc,heap      ] GC(655) ParNew: 244111K->3859K(270976K)
[600.199s][info ][gc,heap      ] GC(655) CMS: 319107K->319224K(602112K)
[600.199s][info ][gc,metaspace ] GC(655) Metaspace: 57457K->57457K(1101824K)
[600.199s][info ][gc           ] GC(655) Pause Young (Allocation Failure) 550M->315M(852M) 4.949ms
[600.199s][info ][gc,cpu       ] GC(655) User=0.02s Sys=0.00s Real=0.01s
[600.199s][info ][safepoint    ] Leaving safepoint region
[600.199s][info ][safepoint    ] Total time for which application threads were stopped: 0.0050895 seconds, Stopping threads took: 0.0000133 seconds
[601.199s][info ][safepoint    ] Application time: 1.0000911 seconds
[601.199s][info ][safepoint    ] Entering safepoint region: Cleanup
[601.199s][info ][safepoint    ] Leaving safepoint region
[601.199s][info ][safepoint    ] Total time for which application threads were stopped: 0.0001769 seconds, Stopping threads took: 0.0001016 seconds
[601.218s][info ][safepoint    ] Application time: 0.0184289 seconds
[601.218s][info ][safepoint    ] Entering safepoint region: GenCollectForAllocation
[601.218s][info ][gc,start     ] GC(656) Pause Young (Allocation Failure)
[601.218s][info ][gc,task      ] GC(656) Using 4 workers of 4 for evacuation
[601.222s][debug][gc,ref       ] GC(656) Skipped phase1 of Reference Processing due to unavailable references
[601.222s][debug][gc,ref       ] GC(656) Skipped phase2 of Reference Processing due to unavailable references
[601.222s][debug][gc,ref       ] GC(656) Skipped phase3 of Reference Processing due to unavailable references
[601.222s][debug][gc,ref       ] GC(656) Skipped phase4 of Reference Processing due to unavailable references
[601.222s][debug][gc,age       ] GC(656) Desired survivor size 15400960 bytes, new threshold 6 (max threshold 6)
[601.222s][info ][gc,heap      ] GC(656) ParNew: 244755K->2934K(270976K)
[601.222s][info ][gc,heap      ] GC(656) CMS: 319224K->319418K(602112K)
[601.222s][info ][gc,metaspace ] GC(656) Metaspace: 57458K->57458K(1101824K)
[601.222s][info ][gc           ] GC(656) Pause Young (Allocation Failure) 550M->314M(852M) 4.462ms
[601.223s][info ][gc,cpu       ] GC(656) User=0.01s Sys=0.00s Real=0.00s
[601.223s][info ][safepoint    ] Leaving safepoint region
[601.223s][info ][safepoint    ] Total time for which application threads were stopped: 0.0046102 seconds, Stopping threads took: 0.0000130 seconds
[602.223s][info ][safepoint    ] Application time: 1.0000958 seconds
[602.223s][info ][safepoint    ] Entering safepoint region: Cleanup
[602.223s][info ][safepoint    ] Leaving safepoint region
[602.223s][info ][safepoint    ] Total time for which application threads were stopped: 0.0001468 seconds, Stopping threads took: 0.0000768 seconds
[602.271s][info ][safepoint    ] Application time: 0.0481589 seconds
[602.271s][info ][safepoint    ] Entering safepoint region: GenCollectForAllocation
[602.271s][info ][gc,start     ] GC(657) Pause Young (Allocation Failure)
[602.271s][info ][gc,task      ] GC(657) Using 4 workers of 4 for evacuation
[602.275s][debug][gc,ref       ] GC(657) Skipped phase1 of Reference Processing due to unavailable references
[602.275s][debug][gc,ref       ] GC(657) Skipped phase2 of Reference Processing due to unavailable references
[602.275s][debug][gc,ref       ] GC(657) Skipped phase3 of Reference Processing due to unavailable references
[602.275s][debug][gc,ref       ] GC(657) Skipped phase4 of Reference Processing due to unavailable references
[602.275s][debug][gc,age       ] GC(657) Desired survivor size 15400960 bytes, new threshold 6 (max threshold 6)
[602.275s][info ][gc,heap      ] GC(657) ParNew: 243830K->2927K(270976K)
[602.275s][info ][gc,heap      ] GC(657) CMS: 319418K->319539K(602112K)
[602.275s][info ][gc,metaspace ] GC(657) Metaspace: 57458K->57458K(1101824K)
[602.275s][info ][gc           ] GC(657) Pause Young (Allocation Failure) 550M->314M(852M) 4.084ms
[602.275s][info ][gc,cpu       ] GC(657) User=0.02s Sys=0.00s Real=0.00s
[602.275s][info ][safepoint    ] Leaving safepoint region
[602.275s][info ][safepoint    ] Total time for which application threads were stopped: 0.0042454 seconds, Stopping threads took: 0.0000140 seconds
[603.275s][info ][safepoint    ] Application time: 1.0001008 seconds
[603.275s][info ][safepoint    ] Entering safepoint region: Cleanup
[603.276s][info ][safepoint    ] Leaving safepoint region
[603.276s][info ][safepoint    ] Total time for which application threads were stopped: 0.0001661 seconds, Stopping threads took: 0.0001081 seconds
[603.347s][info ][safepoint    ] Application time: 0.0716413 seconds
[603.347s][info ][safepoint    ] Entering safepoint region: GenCollectForAllocation
[603.347s][info ][gc,start     ] GC(658) Pause Young (Allocation Failure)
[603.347s][info ][gc,task      ] GC(658) Using 4 workers of 4 for evacuation
[603.353s][debug][gc,ref       ] GC(658) Skipped phase1 of Reference Processing due to unavailable references
[603.353s][debug][gc,ref       ] GC(658) Skipped phase2 of Reference Processing due to unavailable references
[603.353s][debug][gc,ref       ] GC(658) Skipped phase3 of Reference Processing due to unavailable references
[603.353s][debug][gc,ref       ] GC(658) Skipped phase4 of Reference Processing due to unavailable references
[603.353s][debug][gc,age       ] GC(658) Desired survivor size 15400960 bytes, new threshold 6 (max threshold 6)
[603.353s][info ][gc,heap      ] GC(658) ParNew: 243823K->2221K(270976K)
[603.353s][info ][gc,heap      ] GC(658) CMS: 319539K->319720K(602112K)
[603.353s][info ][gc,metaspace ] GC(658) Metaspace: 57458K->57458K(1101824K)
[603.353s][info ][gc           ] GC(658) Pause Young (Allocation Failure) 550M->314M(852M) 6.016ms
[603.353s][info ][gc,cpu       ] GC(658) User=0.01s Sys=0.01s Real=0.00s
[603.353s][info ][safepoint    ] Leaving safepoint region
[603.353s][info ][safepoint    ] Total time for which application threads were stopped: 0.0061625 seconds, Stopping threads took: 0.0000141 seconds
[604.354s][info ][safepoint    ] Application time: 1.0001967 seconds
[604.354s][info ][safepoint    ] Entering safepoint region: Cleanup
[604.354s][info ][safepoint    ] Leaving safepoint region
[604.354s][info ][safepoint    ] Total time for which application threads were stopped: 0.0001216 seconds, Stopping threads took: 0.0000534 seconds
[604.362s][info ][safepoint    ] Application time: 0.0084484 seconds
[604.362s][info ][safepoint    ] Entering safepoint region: GenCollectForAllocation
[604.362s][info ][gc,start     ] GC(659) Pause Young (Allocation Failure)
[604.362s][info ][gc,task      ] GC(659) Using 4 workers of 4 for evacuation
[604.367s][debug][gc,ref       ] GC(659) Skipped phase1 of Reference Processing due to unavailable references
[604.367s][debug][gc,ref       ] GC(659) Skipped phase2 of Reference Processing due to unavailable references
[604.367s][debug][gc,ref       ] GC(659) Skipped phase3 of Reference Processing due to unavailable references
[604.367s][debug][gc,ref       ] GC(659) Skipped phase4 of Reference Processing due to unavailable references
[604.367s][debug][gc,age       ] GC(659) Desired survivor size 15400960 bytes, new threshold 6 (max threshold 6)
[604.367s][info ][gc,heap      ] GC(659) ParNew: 243117K->2726K(270976K)
[604.367s][info ][gc,heap      ] GC(659) CMS: 319720K->319736K(602112K)
[604.367s][info ][gc,metaspace ] GC(659) Metaspace: 57458K->57458K(1101824K)
[604.367s][info ][gc           ] GC(659) Pause Young (Allocation Failure) 549M->314M(852M) 5.170ms
[604.367s][info ][gc,cpu       ] GC(659) User=0.02s Sys=0.00s Real=0.01s
[604.368s][info ][safepoint    ] Leaving safepoint region
[604.368s][info ][safepoint    ] Total time for which application threads were stopped: 0.0052977 seconds, Stopping threads took: 0.0000126 seconds
[605.353s][info ][safepoint    ] Application time: 0.9851225 seconds
[605.353s][info ][safepoint    ] Entering safepoint region: GenCollectForAllocation
[605.353s][info ][gc,start     ] GC(660) Pause Young (Allocation Failure)
[605.353s][info ][gc,task      ] GC(660) Using 4 workers of 4 for evacuation
[605.357s][debug][gc,ref       ] GC(660) Skipped phase1 of Reference Processing due to unavailable references
[605.357s][debug][gc,ref       ] GC(660) Skipped phase2 of Reference Processing due to unavailable references
[605.357s][debug][gc,ref       ] GC(660) Skipped phase3 of Reference Processing due to unavailable references
[605.357s][debug][gc,ref       ] GC(660) Skipped phase4 of Reference Processing due to unavailable references
[605.357s][debug][gc,age       ] GC(660) Desired survivor size 15400960 bytes, new threshold 6 (max threshold 6)
[605.357s][info ][gc,heap      ] GC(660) ParNew: 243622K->3760K(270976K)
[605.357s][info ][gc,heap      ] GC(660) CMS: 319736K->319810K(602112K)
[605.357s][info ][gc,metaspace ] GC(660) Metaspace: 57459K->57459K(1101824K)
[605.357s][info ][gc           ] GC(660) Pause Young (Allocation Failure) 550M->315M(852M) 4.258ms
[605.357s][info ][gc,cpu       ] GC(660) User=0.02s Sys=0.00s Real=0.01s
[605.357s][info ][safepoint    ] Leaving safepoint region
[605.357s][info ][safepoint    ] Total time for which application threads were stopped: 0.0044258 seconds, Stopping threads took: 0.0000144 seconds
[606.357s][info ][safepoint    ] Application time: 1.0000663 seconds
[606.357s][info ][safepoint    ] Entering safepoint region: Cleanup
[606.357s][info ][safepoint    ] Leaving safepoint region
[606.357s][info ][safepoint    ] Total time for which application threads were stopped: 0.0001658 seconds, Stopping threads took: 0.0000822 seconds
[606.363s][info ][safepoint    ] Application time: 0.0051223 seconds
[606.363s][info ][safepoint    ] Entering safepoint region: GenCollectForAllocation
[606.363s][info ][gc,start     ] GC(661) Pause Young (Allocation Failure)
[606.363s][info ][gc,task      ] GC(661) Using 4 workers of 4 for evacuation
[606.368s][debug][gc,ref       ] GC(661) Skipped phase1 of Reference Processing due to unavailable references
[606.368s][debug][gc,ref       ] GC(661) Skipped phase2 of Reference Processing due to unavailable references
[606.368s][debug][gc,ref       ] GC(661) Skipped phase3 of Reference Processing due to unavailable references
[606.368s][debug][gc,ref       ] GC(661) Skipped phase4 of Reference Processing due to unavailable references
[606.368s][debug][gc,age       ] GC(661) Desired survivor size 15400960 bytes, new threshold 6 (max threshold 6)
[606.368s][info ][gc,heap      ] GC(661) ParNew: 244656K->3458K(270976K)
[606.368s][info ][gc,heap      ] GC(661) CMS: 319810K->320084K(602112K)
[606.368s][info ][gc,metaspace ] GC(661) Metaspace: 57460K->57460K(1101824K)
[606.368s][info ][gc           ] GC(661) Pause Young (Allocation Failure) 551M->315M(852M) 5.684ms
[606.368s][info ][gc,cpu       ] GC(661) User=0.02s Sys=0.00s Real=0.01s
[606.368s][info ][safepoint    ] Leaving safepoint region
[606.368s][info ][safepoint    ] Total time for which application threads were stopped: 0.0058182 seconds, Stopping threads took: 0.0000106 seconds
[607.369s][info ][safepoint    ] Application time: 1.0001672 seconds
[607.369s][info ][safepoint    ] Entering safepoint region: Cleanup
[607.369s][info ][safepoint    ] Leaving safepoint region
[607.369s][info ][safepoint    ] Total time for which application threads were stopped: 0.0001247 seconds, Stopping threads took: 0.0000533 seconds
[607.373s][info ][safepoint    ] Application time: 0.0039344 seconds
[607.373s][info ][safepoint    ] Entering safepoint region: GenCollectForAllocation
[607.373s][info ][gc,start     ] GC(662) Pause Young (Allocation Failure)
[607.373s][info ][gc,task      ] GC(662) Using 4 workers of 4 for evacuation
[607.377s][debug][gc,ref       ] GC(662) Skipped phase1 of Reference Processing due to unavailable references
[607.377s][debug][gc,ref       ] GC(662) Skipped phase2 of Reference Processing due to unavailable references
[607.377s][debug][gc,ref       ] GC(662) Skipped phase3 of Reference Processing due to unavailable references
[607.377s][debug][gc,ref       ] GC(662) Skipped phase4 of Reference Processing due to unavailable references
[607.377s][debug][gc,age       ] GC(662) Desired survivor size 15400960 bytes, new threshold 6 (max threshold 6)
[607.377s][info ][gc,heap      ] GC(662) ParNew: 244354K->3343K(270976K)
[607.377s][info ][gc,heap      ] GC(662) CMS: 320084K->320114K(602112K)
[607.377s][info ][gc,metaspace ] GC(662) Metaspace: 57462K->57462K(1101824K)
[607.377s][info ][gc           ] GC(662) Pause Young (Allocation Failure) 551M->315M(852M) 4.555ms
[607.377s][info ][gc,cpu       ] GC(662) User=0.01s Sys=0.00s Real=0.01s
[607.377s][info ][safepoint    ] Leaving safepoint region
[607.377s][info ][safepoint    ] Total time for which application threads were stopped: 0.0046708 seconds, Stopping threads took: 0.0000105 seconds
[608.362s][info ][safepoint    ] Application time: 0.9846635 seconds
[608.362s][info ][safepoint    ] Entering safepoint region: GenCollectForAllocation
[608.362s][info ][gc,start     ] GC(663) Pause Young (Allocation Failure)
[608.362s][info ][gc,task      ] GC(663) Using 4 workers of 4 for evacuation
[608.367s][debug][gc,ref       ] GC(663) Skipped phase1 of Reference Processing due to unavailable references
[608.367s][debug][gc,ref       ] GC(663) Skipped phase2 of Reference Processing due to unavailable references
[608.367s][debug][gc,ref       ] GC(663) Skipped phase3 of Reference Processing due to unavailable references
[608.367s][debug][gc,ref       ] GC(663) Skipped phase4 of Reference Processing due to unavailable references
[608.367s][debug][gc,age       ] GC(663) Desired survivor size 15400960 bytes, new threshold 6 (max threshold 6)
[608.367s][info ][gc,heap      ] GC(663) ParNew: 244239K->3969K(270976K)
[608.367s][info ][gc,heap      ] GC(663) CMS: 320114K->320136K(602112K)
[608.367s][info ][gc,metaspace ] GC(663) Metaspace: 57462K->57462K(1101824K)
[608.367s][info ][gc           ] GC(663) Pause Young (Allocation Failure) 551M->316M(852M) 4.675ms
[608.367s][info ][gc,cpu       ] GC(663) User=0.01s Sys=0.00s Real=0.01s
[608.367s][info ][safepoint    ] Leaving safepoint region
[608.367s][info ][safepoint    ] Total time for which application threads were stopped: 0.0048263 seconds, Stopping threads took: 0.0000146 seconds
[609.311s][info ][safepoint    ] Application time: 0.9439568 seconds
[609.311s][info ][safepoint    ] Entering safepoint region: GenCollectForAllocation
[609.311s][info ][gc,start     ] GC(664) Pause Young (Allocation Failure)
[609.311s][info ][gc,task      ] GC(664) Using 4 workers of 4 for evacuation
[609.315s][debug][gc,ref       ] GC(664) Skipped phase1 of Reference Processing due to unavailable references
[609.315s][debug][gc,ref       ] GC(664) Skipped phase2 of Reference Processing due to unavailable references
[609.315s][debug][gc,ref       ] GC(664) Skipped phase3 of Reference Processing due to unavailable references
[609.315s][debug][gc,ref       ] GC(664) Skipped phase4 of Reference Processing due to unavailable references
[609.315s][debug][gc,age       ] GC(664) Desired survivor size 15400960 bytes, new threshold 6 (max threshold 6)
[609.315s][info ][gc,heap      ] GC(664) ParNew: 244865K->3625K(270976K)
[609.315s][info ][gc,heap      ] GC(664) CMS: 320136K->320254K(602112K)
[609.315s][info ][gc,metaspace ] GC(664) Metaspace: 57462K->57462K(1101824K)
[609.315s][info ][gc           ] GC(664) Pause Young (Allocation Failure) 551M->316M(852M) 4.373ms
[609.315s][info ][gc,cpu       ] GC(664) User=0.01s Sys=0.00s Real=0.00s
[609.315s][info ][safepoint    ] Leaving safepoint region
[609.315s][info ][safepoint    ] Total time for which application threads were stopped: 0.0045214 seconds, Stopping threads took: 0.0000141 seconds
[610.316s][info ][safepoint    ] Application time: 1.0001287 seconds
[610.316s][info ][safepoint    ] Entering safepoint region: Cleanup
[610.316s][info ][safepoint    ] Leaving safepoint region
[610.316s][info ][safepoint    ] Total time for which application threads were stopped: 0.0001227 seconds, Stopping threads took: 0.0000548 seconds
[610.372s][info ][safepoint    ] Application time: 0.0560347 seconds
[610.372s][info ][safepoint    ] Entering safepoint region: GenCollectForAllocation
[610.372s][info ][gc,start     ] GC(665) Pause Young (Allocation Failure)
[610.372s][info ][gc,task      ] GC(665) Using 4 workers of 4 for evacuation
[610.376s][debug][gc,ref       ] GC(665) Skipped phase1 of Reference Processing due to unavailable references
[610.376s][debug][gc,ref       ] GC(665) Skipped phase2 of Reference Processing due to unavailable references
[610.376s][debug][gc,ref       ] GC(665) Skipped phase3 of Reference Processing due to unavailable references
[610.376s][debug][gc,ref       ] GC(665) Skipped phase4 of Reference Processing due to unavailable references
[610.376s][debug][gc,age       ] GC(665) Desired survivor size 15400960 bytes, new threshold 6 (max threshold 6)
[610.376s][info ][gc,heap      ] GC(665) ParNew: 244521K->3227K(270976K)
[610.376s][info ][gc,heap      ] GC(665) CMS: 320254K->320401K(602112K)
[610.376s][info ][gc,metaspace ] GC(665) Metaspace: 57469K->57469K(1101824K)
[610.376s][info ][gc           ] GC(665) Pause Young (Allocation Failure) 551M->316M(852M) 4.381ms
[610.376s][info ][gc,cpu       ] GC(665) User=0.01s Sys=0.01s Real=0.01s
[610.376s][info ][safepoint    ] Leaving safepoint region
[610.376s][info ][safepoint    ] Total time for which application threads were stopped: 0.0045194 seconds, Stopping threads took: 0.0000146 seconds
[611.327s][info ][safepoint    ] Application time: 0.9506112 seconds
[611.327s][info ][safepoint    ] Entering safepoint region: GenCollectForAllocation
[611.327s][info ][gc,start     ] GC(666) Pause Young (Allocation Failure)
[611.327s][info ][gc,task      ] GC(666) Using 4 workers of 4 for evacuation
[611.331s][debug][gc,ref       ] GC(666) Skipped phase1 of Reference Processing due to unavailable references
[611.331s][debug][gc,ref       ] GC(666) Skipped phase2 of Reference Processing due to unavailable references
[611.331s][debug][gc,ref       ] GC(666) Skipped phase3 of Reference Processing due to unavailable references
[611.331s][debug][gc,ref       ] GC(666) Skipped phase4 of Reference Processing due to unavailable references
[611.331s][debug][gc,age       ] GC(666) Desired survivor size 15400960 bytes, new threshold 6 (max threshold 6)
[611.332s][info ][gc,heap      ] GC(666) ParNew: 244123K->3641K(270976K)
[611.332s][info ][gc,heap      ] GC(666) CMS: 320401K->320497K(602112K)
[611.332s][info ][gc,metaspace ] GC(666) Metaspace: 57470K->57470K(1101824K)
[611.332s][info ][gc           ] GC(666) Pause Young (Allocation Failure) 551M->316M(852M) 4.509ms
[611.332s][info ][gc,cpu       ] GC(666) User=0.02s Sys=0.00s Real=0.00s
[611.332s][info ][safepoint    ] Leaving safepoint region
[611.332s][info ][safepoint    ] Total time for which application threads were stopped: 0.0046601 seconds, Stopping threads took: 0.0000146 seconds
[612.332s][info ][safepoint    ] Application time: 1.0001031 seconds
[612.332s][info ][safepoint    ] Entering safepoint region: Cleanup
[612.332s][info ][safepoint    ] Leaving safepoint region
[612.332s][info ][safepoint    ] Total time for which application threads were stopped: 0.0001511 seconds, Stopping threads took: 0.0000771 seconds
[612.359s][info ][safepoint    ] Application time: 0.0275618 seconds
[612.359s][info ][safepoint    ] Entering safepoint region: GenCollectForAllocation
[612.360s][info ][gc,start     ] GC(667) Pause Young (Allocation Failure)
[612.360s][info ][gc,task      ] GC(667) Using 4 workers of 4 for evacuation
[612.364s][debug][gc,ref       ] GC(667) Skipped phase1 of Reference Processing due to unavailable references
[612.364s][debug][gc,ref       ] GC(667) Skipped phase2 of Reference Processing due to unavailable references
[612.364s][debug][gc,ref       ] GC(667) Skipped phase3 of Reference Processing due to unavailable references
[612.364s][debug][gc,ref       ] GC(667) Skipped phase4 of Reference Processing due to unavailable references
[612.364s][debug][gc,age       ] GC(667) Desired survivor size 15400960 bytes, new threshold 6 (max threshold 6)
[612.364s][info ][gc,heap      ] GC(667) ParNew: 244537K->3116K(270976K)
[612.364s][info ][gc,heap      ] GC(667) CMS: 320497K->320614K(602112K)
[612.364s][info ][gc,metaspace ] GC(667) Metaspace: 57473K->57473K(1101824K)
[612.364s][info ][gc           ] GC(667) Pause Young (Allocation Failure) 551M->316M(852M) 4.669ms
[612.364s][info ][gc,cpu       ] GC(667) User=0.02s Sys=0.00s Real=0.01s
[612.364s][info ][safepoint    ] Leaving safepoint region
[612.364s][info ][safepoint    ] Total time for which application threads were stopped: 0.0048164 seconds, Stopping threads took: 0.0000162 seconds
[613.246s][info ][safepoint    ] Application time: 0.8819349 seconds
[613.246s][info ][safepoint    ] Entering safepoint region: GenCollectForAllocation
[613.246s][info ][gc,start     ] GC(668) Pause Young (Allocation Failure)
[613.246s][info ][gc,task      ] GC(668) Using 4 workers of 4 for evacuation
[613.255s][debug][gc,ref       ] GC(668) Skipped phase1 of Reference Processing due to unavailable references
[613.255s][debug][gc,ref       ] GC(668) Skipped phase2 of Reference Processing due to unavailable references
[613.255s][debug][gc,ref       ] GC(668) Skipped phase3 of Reference Processing due to unavailable references
[613.255s][debug][gc,age       ] GC(668) Desired survivor size 15400960 bytes, new threshold 6 (max threshold 6)
[613.255s][info ][gc,heap      ] GC(668) ParNew: 244012K->13170K(270976K)
[613.255s][info ][gc,heap      ] GC(668) CMS: 320614K->320745K(602112K)
[613.255s][info ][gc,metaspace ] GC(668) Metaspace: 57481K->57481K(1101824K)
[613.255s][info ][gc           ] GC(668) Pause Young (Allocation Failure) 551M->326M(852M) 8.629ms
[613.255s][info ][gc,cpu       ] GC(668) User=0.04s Sys=0.00s Real=0.00s
[613.255s][info ][safepoint    ] Leaving safepoint region
[613.255s][info ][safepoint    ] Total time for which application threads were stopped: 0.0088059 seconds, Stopping threads took: 0.0000320 seconds
[614.026s][info ][safepoint    ] Application time: 0.7712863 seconds
[614.026s][info ][safepoint    ] Entering safepoint region: GenCollectForAllocation
[614.027s][info ][gc,start     ] GC(669) Pause Young (Allocation Failure)
[614.027s][info ][gc,task      ] GC(669) Using 4 workers of 4 for evacuation
[614.031s][debug][gc,ref       ] GC(669) Skipped phase1 of Reference Processing due to unavailable references
[614.031s][debug][gc,ref       ] GC(669) Skipped phase2 of Reference Processing due to unavailable references
[614.031s][debug][gc,ref       ] GC(669) Skipped phase3 of Reference Processing due to unavailable references
[614.031s][debug][gc,ref       ] GC(669) Skipped phase4 of Reference Processing due to unavailable references
[614.031s][debug][gc,age       ] GC(669) Desired survivor size 15400960 bytes, new threshold 6 (max threshold 6)
[614.031s][info ][gc,heap      ] GC(669) ParNew: 254066K->9346K(270976K)
[614.031s][info ][gc,heap      ] GC(669) CMS: 320745K->320770K(602112K)
[614.031s][info ][gc,metaspace ] GC(669) Metaspace: 57484K->57484K(1101824K)
[614.031s][info ][gc           ] GC(669) Pause Young (Allocation Failure) 561M->322M(852M) 4.599ms
[614.031s][info ][gc,cpu       ] GC(669) User=0.02s Sys=0.00s Real=0.00s
[614.031s][info ][safepoint    ] Leaving safepoint region
[614.031s][info ][safepoint    ] Total time for which application threads were stopped: 0.0047833 seconds, Stopping threads took: 0.0000145 seconds
[615.021s][info ][safepoint    ] Application time: 0.9895885 seconds
[615.021s][info ][safepoint    ] Entering safepoint region: GenCollectForAllocation
[615.021s][info ][gc,start     ] GC(670) Pause Young (Allocation Failure)
[615.021s][info ][gc,task      ] GC(670) Using 4 workers of 4 for evacuation
[615.027s][debug][gc,ref       ] GC(670) Skipped phase1 of Reference Processing due to unavailable references
[615.027s][debug][gc,ref       ] GC(670) Skipped phase2 of Reference Processing due to unavailable references
[615.027s][debug][gc,ref       ] GC(670) Skipped phase3 of Reference Processing due to unavailable references
[615.027s][debug][gc,ref       ] GC(670) Skipped phase4 of Reference Processing due to unavailable references
[615.027s][debug][gc,age       ] GC(670) Desired survivor size 15400960 bytes, new threshold 6 (max threshold 6)
[615.027s][info ][gc,heap      ] GC(670) ParNew: 250242K->2925K(270976K)
[615.027s][info ][gc,heap      ] GC(670) CMS: 320770K->320831K(602112K)
[615.027s][info ][gc,metaspace ] GC(670) Metaspace: 57485K->57485K(1101824K)
[615.027s][info ][gc           ] GC(670) Pause Young (Allocation Failure) 557M->316M(852M) 6.239ms
[615.027s][info ][gc,cpu       ] GC(670) User=0.02s Sys=0.00s Real=0.01s
[615.027s][info ][safepoint    ] Leaving safepoint region
[615.027s][info ][safepoint    ] Total time for which application threads were stopped: 0.0064154 seconds, Stopping threads took: 0.0000139 seconds
[616.027s][info ][safepoint    ] Application time: 1.0000981 seconds
[616.027s][info ][safepoint    ] Entering safepoint region: Cleanup
[616.028s][info ][safepoint    ] Leaving safepoint region
[616.028s][info ][safepoint    ] Total time for which application threads were stopped: 0.0002103 seconds, Stopping threads took: 0.0001063 seconds
[616.071s][info ][safepoint    ] Application time: 0.0437124 seconds
[616.071s][info ][safepoint    ] Entering safepoint region: GenCollectForAllocation
[616.071s][info ][gc,start     ] GC(671) Pause Young (Allocation Failure)
[616.071s][info ][gc,task      ] GC(671) Using 4 workers of 4 for evacuation
[616.077s][debug][gc,ref       ] GC(671) Skipped phase1 of Reference Processing due to unavailable references
[616.077s][debug][gc,ref       ] GC(671) Skipped phase2 of Reference Processing due to unavailable references
[616.077s][debug][gc,ref       ] GC(671) Skipped phase3 of Reference Processing due to unavailable references
[616.077s][debug][gc,ref       ] GC(671) Skipped phase4 of Reference Processing due to unavailable references
[616.077s][debug][gc,age       ] GC(671) Desired survivor size 15400960 bytes, new threshold 6 (max threshold 6)
[616.077s][info ][gc,heap      ] GC(671) ParNew: 243821K->2942K(270976K)
[616.077s][info ][gc,heap      ] GC(671) CMS: 320831K->321027K(602112K)
[616.077s][info ][gc,metaspace ] GC(671) Metaspace: 57485K->57485K(1101824K)
[616.077s][info ][gc           ] GC(671) Pause Young (Allocation Failure) 551M->316M(852M) 5.877ms
[616.077s][info ][gc,cpu       ] GC(671) User=0.01s Sys=0.00s Real=0.01s
[616.077s][info ][safepoint    ] Leaving safepoint region
[616.077s][info ][safepoint    ] Total time for which application threads were stopped: 0.0060243 seconds, Stopping threads took: 0.0000155 seconds
[617.077s][info ][safepoint    ] Application time: 1.0000946 seconds
[617.078s][info ][safepoint    ] Entering safepoint region: Cleanup
[617.078s][info ][safepoint    ] Leaving safepoint region
[617.078s][info ][safepoint    ] Total time for which application threads were stopped: 0.0001493 seconds, Stopping threads took: 0.0000752 seconds
[617.126s][info ][safepoint    ] Application time: 0.0486403 seconds
[617.126s][info ][safepoint    ] Entering safepoint region: GenCollectForAllocation
[617.126s][info ][gc,start     ] GC(672) Pause Young (Allocation Failure)
[617.126s][info ][gc,task      ] GC(672) Using 4 workers of 4 for evacuation
[617.131s][debug][gc,ref       ] GC(672) Skipped phase1 of Reference Processing due to unavailable references
[617.131s][debug][gc,ref       ] GC(672) Skipped phase2 of Reference Processing due to unavailable references
[617.131s][debug][gc,ref       ] GC(672) Skipped phase3 of Reference Processing due to unavailable references
[617.131s][debug][gc,ref       ] GC(672) Skipped phase4 of Reference Processing due to unavailable references
[617.131s][debug][gc,age       ] GC(672) Desired survivor size 15400960 bytes, new threshold 6 (max threshold 6)
[617.131s][info ][gc,heap      ] GC(672) ParNew: 243838K->2650K(270976K)
[617.131s][info ][gc,heap      ] GC(672) CMS: 321027K->321395K(602112K)
[617.131s][info ][gc,metaspace ] GC(672) Metaspace: 57485K->57485K(1101824K)
[617.131s][info ][gc           ] GC(672) Pause Young (Allocation Failure) 551M->316M(852M) 4.385ms
[617.131s][info ][gc,cpu       ] GC(672) User=0.02s Sys=0.00s Real=0.00s
[617.131s][info ][safepoint    ] Leaving safepoint region
[617.131s][info ][safepoint    ] Total time for which application threads were stopped: 0.0045609 seconds, Stopping threads took: 0.0000148 seconds
[618.131s][info ][safepoint    ] Application time: 1.0000775 seconds
[618.131s][info ][safepoint    ] Entering safepoint region: Cleanup
[618.131s][info ][safepoint    ] Leaving safepoint region
[618.131s][info ][safepoint    ] Total time for which application threads were stopped: 0.0001401 seconds, Stopping threads took: 0.0000564 seconds
[618.168s][info ][safepoint    ] Application time: 0.0364106 seconds
[618.168s][info ][safepoint    ] Entering safepoint region: GenCollectForAllocation
[618.168s][info ][gc,start     ] GC(673) Pause Young (Allocation Failure)
[618.168s][info ][gc,task      ] GC(673) Using 4 workers of 4 for evacuation
[618.172s][debug][gc,ref       ] GC(673) Skipped phase1 of Reference Processing due to unavailable references
[618.172s][debug][gc,ref       ] GC(673) Skipped phase2 of Reference Processing due to unavailable references
[618.172s][debug][gc,ref       ] GC(673) Skipped phase3 of Reference Processing due to unavailable references
[618.172s][debug][gc,ref       ] GC(673) Skipped phase4 of Reference Processing due to unavailable references
[618.172s][debug][gc,age       ] GC(673) Desired survivor size 15400960 bytes, new threshold 6 (max threshold 6)
[618.172s][info ][gc,heap      ] GC(673) ParNew: 243546K->3825K(270976K)
[618.172s][info ][gc,heap      ] GC(673) CMS: 321395K->321423K(602112K)
[618.172s][info ][gc,metaspace ] GC(673) Metaspace: 57485K->57485K(1101824K)
[618.172s][info ][gc           ] GC(673) Pause Young (Allocation Failure) 551M->317M(852M) 4.529ms
[618.172s][info ][gc,cpu       ] GC(673) User=0.02s Sys=0.00s Real=0.00s
[618.172s][info ][safepoint    ] Leaving safepoint region
[618.172s][info ][safepoint    ] Total time for which application threads were stopped: 0.0047020 seconds, Stopping threads took: 0.0000146 seconds
[619.172s][info ][safepoint    ] Application time: 1.0000998 seconds
[619.172s][info ][safepoint    ] Entering safepoint region: Cleanup
[619.173s][info ][safepoint    ] Leaving safepoint region
[619.173s][info ][safepoint    ] Total time for which application threads were stopped: 0.0001559 seconds, Stopping threads took: 0.0000801 seconds
[619.192s][info ][safepoint    ] Application time: 0.0198432 seconds
[619.192s][info ][safepoint    ] Entering safepoint region: GenCollectForAllocation
[619.193s][info ][gc,start     ] GC(674) Pause Young (Allocation Failure)
[619.193s][info ][gc,task      ] GC(674) Using 4 workers of 4 for evacuation
[619.197s][debug][gc,ref       ] GC(674) Skipped phase1 of Reference Processing due to unavailable references
[619.197s][debug][gc,ref       ] GC(674) Skipped phase2 of Reference Processing due to unavailable references
[619.197s][debug][gc,ref       ] GC(674) Skipped phase3 of Reference Processing due to unavailable references
[619.197s][debug][gc,ref       ] GC(674) Skipped phase4 of Reference Processing due to unavailable references
[619.197s][debug][gc,age       ] GC(674) Desired survivor size 15400960 bytes, new threshold 6 (max threshold 6)
[619.197s][info ][gc,heap      ] GC(674) ParNew: 244721K->2890K(270976K)
[619.197s][info ][gc,heap      ] GC(674) CMS: 321423K->321529K(602112K)
[619.197s][info ][gc,metaspace ] GC(674) Metaspace: 57485K->57485K(1101824K)
[619.197s][info ][gc           ] GC(674) Pause Young (Allocation Failure) 552M->316M(852M) 4.535ms
[619.197s][info ][gc,cpu       ] GC(674) User=0.02s Sys=0.00s Real=0.01s
[619.197s][info ][safepoint    ] Leaving safepoint region
[619.197s][info ][safepoint    ] Total time for which application threads were stopped: 0.0046857 seconds, Stopping threads took: 0.0000136 seconds
[620.197s][info ][safepoint    ] Application time: 1.0000973 seconds
[620.197s][info ][safepoint    ] Entering safepoint region: Cleanup
[620.197s][info ][safepoint    ] Leaving safepoint region
[620.197s][info ][safepoint    ] Total time for which application threads were stopped: 0.0001023 seconds, Stopping threads took: 0.0000151 seconds
[620.327s][info ][safepoint    ] Application time: 0.1293796 seconds
[620.327s][info ][safepoint    ] Entering safepoint region: GenCollectForAllocation
[620.327s][info ][gc,start     ] GC(675) Pause Young (Allocation Failure)
[620.327s][info ][gc,task      ] GC(675) Using 4 workers of 4 for evacuation
[620.331s][debug][gc,ref       ] GC(675) Skipped phase1 of Reference Processing due to unavailable references
[620.331s][debug][gc,ref       ] GC(675) Skipped phase3 of Reference Processing due to unavailable references
[620.331s][debug][gc,age       ] GC(675) Desired survivor size 15400960 bytes, new threshold 6 (max threshold 6)
[620.331s][info ][gc,heap      ] GC(675) ParNew: 243786K->2987K(270976K)
[620.331s][info ][gc,heap      ] GC(675) CMS: 321529K->321599K(602112K)
[620.331s][info ][gc,metaspace ] GC(675) Metaspace: 57502K->57502K(1101824K)
[620.331s][info ][gc           ] GC(675) Pause Young (Allocation Failure) 552M->316M(852M) 4.620ms
[620.331s][info ][gc,cpu       ] GC(675) User=0.02s Sys=0.00s Real=0.00s
[620.332s][info ][safepoint    ] Leaving safepoint region
[620.332s][info ][safepoint    ] Total time for which application threads were stopped: 0.0047847 seconds, Stopping threads took: 0.0000134 seconds
[621.281s][info ][safepoint    ] Application time: 0.9491297 seconds
[621.281s][info ][safepoint    ] Entering safepoint region: GenCollectForAllocation
[621.281s][info ][gc,start     ] GC(676) Pause Young (Allocation Failure)
[621.281s][info ][gc,task      ] GC(676) Using 4 workers of 4 for evacuation
[621.285s][debug][gc,ref       ] GC(676) Skipped phase1 of Reference Processing due to unavailable references
[621.285s][debug][gc,ref       ] GC(676) Skipped phase2 of Reference Processing due to unavailable references
[621.285s][debug][gc,ref       ] GC(676) Skipped phase3 of Reference Processing due to unavailable references
[621.285s][debug][gc,ref       ] GC(676) Skipped phase4 of Reference Processing due to unavailable references
[621.285s][debug][gc,age       ] GC(676) Desired survivor size 15400960 bytes, new threshold 6 (max threshold 6)
[621.285s][info ][gc,heap      ] GC(676) ParNew: 243883K->2595K(270976K)
[621.285s][info ][gc,heap      ] GC(676) CMS: 321599K->321797K(602112K)
[621.285s][info ][gc,metaspace ] GC(676) Metaspace: 57506K->57506K(1101824K)
[621.285s][info ][gc           ] GC(676) Pause Young (Allocation Failure) 552M->316M(852M) 4.295ms
[621.285s][info ][gc,cpu       ] GC(676) User=0.02s Sys=0.00s Real=0.01s
[621.285s][info ][safepoint    ] Leaving safepoint region
[621.285s][info ][safepoint    ] Total time for which application threads were stopped: 0.0044492 seconds, Stopping threads took: 0.0000141 seconds
[622.285s][info ][safepoint    ] Application time: 1.0001072 seconds
[622.285s][info ][safepoint    ] Entering safepoint region: Cleanup
[622.285s][info ][safepoint    ] Leaving safepoint region
[622.285s][info ][safepoint    ] Total time for which application threads were stopped: 0.0001587 seconds, Stopping threads took: 0.0000693 seconds
[622.376s][info ][safepoint    ] Application time: 0.0907474 seconds
[622.376s][info ][safepoint    ] Entering safepoint region: GenCollectForAllocation
[622.376s][info ][gc,start     ] GC(677) Pause Young (Allocation Failure)
[622.376s][info ][gc,task      ] GC(677) Using 4 workers of 4 for evacuation
[622.381s][debug][gc,ref       ] GC(677) Skipped phase1 of Reference Processing due to unavailable references
[622.381s][debug][gc,ref       ] GC(677) Skipped phase2 of Reference Processing due to unavailable references
[622.381s][debug][gc,ref       ] GC(677) Skipped phase3 of Reference Processing due to unavailable references
[622.381s][debug][gc,ref       ] GC(677) Skipped phase4 of Reference Processing due to unavailable references
[622.381s][debug][gc,age       ] GC(677) Desired survivor size 15400960 bytes, new threshold 6 (max threshold 6)
[622.381s][info ][gc,heap      ] GC(677) ParNew: 243491K->3193K(270976K)
[622.381s][info ][gc,heap      ] GC(677) CMS: 321797K->321819K(602112K)
[622.381s][info ][gc,metaspace ] GC(677) Metaspace: 57506K->57506K(1101824K)
[622.381s][info ][gc           ] GC(677) Pause Young (Allocation Failure) 552M->317M(852M) 4.528ms
[622.381s][info ][gc,cpu       ] GC(677) User=0.02s Sys=0.00s Real=0.00s
[622.381s][info ][safepoint    ] Leaving safepoint region
[622.381s][info ][safepoint    ] Total time for which application threads were stopped: 0.0046757 seconds, Stopping threads took: 0.0000151 seconds
[623.370s][info ][safepoint    ] Application time: 0.9894911 seconds
[623.370s][info ][safepoint    ] Entering safepoint region: GenCollectForAllocation
[623.371s][info ][gc,start     ] GC(678) Pause Young (Allocation Failure)
[623.371s][info ][gc,task      ] GC(678) Using 4 workers of 4 for evacuation
[623.375s][debug][gc,ref       ] GC(678) Skipped phase1 of Reference Processing due to unavailable references
[623.375s][debug][gc,ref       ] GC(678) Skipped phase2 of Reference Processing due to unavailable references
[623.375s][debug][gc,ref       ] GC(678) Skipped phase3 of Reference Processing due to unavailable references
[623.375s][debug][gc,ref       ] GC(678) Skipped phase4 of Reference Processing due to unavailable references
[623.375s][debug][gc,age       ] GC(678) Desired survivor size 15400960 bytes, new threshold 6 (max threshold 6)
[623.375s][info ][gc,heap      ] GC(678) ParNew: 244089K->3784K(270976K)
[623.375s][info ][gc,heap      ] GC(678) CMS: 321819K->321859K(602112K)
[623.375s][info ][gc,metaspace ] GC(678) Metaspace: 57507K->57507K(1101824K)
[623.375s][info ][gc           ] GC(678) Pause Young (Allocation Failure) 552M->318M(852M) 4.726ms
[623.375s][info ][gc,cpu       ] GC(678) User=0.02s Sys=0.00s Real=0.00s
[623.375s][info ][safepoint    ] Leaving safepoint region
[623.375s][info ][safepoint    ] Total time for which application threads were stopped: 0.0048861 seconds, Stopping threads took: 0.0000147 seconds
[624.336s][info ][safepoint    ] Application time: 0.9608397 seconds
[624.336s][info ][safepoint    ] Entering safepoint region: GenCollectForAllocation
[624.336s][info ][gc,start     ] GC(679) Pause Young (Allocation Failure)
[624.336s][info ][gc,task      ] GC(679) Using 4 workers of 4 for evacuation
[624.341s][debug][gc,ref       ] GC(679) Skipped phase1 of Reference Processing due to unavailable references
[624.341s][debug][gc,ref       ] GC(679) Skipped phase2 of Reference Processing due to unavailable references
[624.341s][debug][gc,ref       ] GC(679) Skipped phase3 of Reference Processing due to unavailable references
[624.341s][debug][gc,ref       ] GC(679) Skipped phase4 of Reference Processing due to unavailable references
[624.341s][debug][gc,age       ] GC(679) Desired survivor size 15400960 bytes, new threshold 6 (max threshold 6)
[624.341s][info ][gc,heap      ] GC(679) ParNew: 244680K->2888K(270976K)
[624.341s][info ][gc,heap      ] GC(679) CMS: 321859K->321964K(602112K)
[624.341s][info ][gc,metaspace ] GC(679) Metaspace: 57507K->57507K(1101824K)
[624.341s][info ][gc           ] GC(679) Pause Young (Allocation Failure) 553M->317M(852M) 4.750ms
[624.341s][info ][gc,cpu       ] GC(679) User=0.01s Sys=0.00s Real=0.00s
[624.341s][info ][safepoint    ] Leaving safepoint region
[624.341s][info ][safepoint    ] Total time for which application threads were stopped: 0.0049079 seconds, Stopping threads took: 0.0000138 seconds
[625.341s][info ][safepoint    ] Application time: 1.0001747 seconds
[625.341s][info ][safepoint    ] Entering safepoint region: Cleanup
[625.341s][info ][safepoint    ] Leaving safepoint region
[625.341s][info ][safepoint    ] Total time for which application threads were stopped: 0.0000695 seconds, Stopping threads took: 0.0000165 seconds
[625.378s][info ][safepoint    ] Application time: 0.0366827 seconds
[625.378s][info ][safepoint    ] Entering safepoint region: GenCollectForAllocation
[625.378s][info ][gc,start     ] GC(680) Pause Young (Allocation Failure)
[625.378s][info ][gc,task      ] GC(680) Using 4 workers of 4 for evacuation
[625.383s][debug][gc,ref       ] GC(680) Skipped phase1 of Reference Processing due to unavailable references
[625.383s][debug][gc,ref       ] GC(680) Skipped phase2 of Reference Processing due to unavailable references
[625.383s][debug][gc,ref       ] GC(680) Skipped phase3 of Reference Processing due to unavailable references
[625.383s][debug][gc,ref       ] GC(680) Skipped phase4 of Reference Processing due to unavailable references
[625.383s][debug][gc,age       ] GC(680) Desired survivor size 15400960 bytes, new threshold 6 (max threshold 6)
[625.383s][info ][gc,heap      ] GC(680) ParNew: 243784K->3555K(270976K)
[625.383s][info ][gc,heap      ] GC(680) CMS: 321964K->321985K(602112K)
[625.383s][info ][gc,metaspace ] GC(680) Metaspace: 57508K->57508K(1101824K)
[625.383s][info ][gc           ] GC(680) Pause Young (Allocation Failure) 552M->317M(852M) 4.609ms
[625.383s][info ][gc,cpu       ] GC(680) User=0.02s Sys=0.00s Real=0.00s
[625.383s][info ][safepoint    ] Leaving safepoint region
[625.383s][info ][safepoint    ] Total time for which application threads were stopped: 0.0047852 seconds, Stopping threads took: 0.0000293 seconds
[626.383s][info ][safepoint    ] Application time: 1.0000792 seconds
[626.383s][info ][safepoint    ] Entering safepoint region: Cleanup
[626.383s][info ][safepoint    ] Leaving safepoint region
[626.383s][info ][safepoint    ] Total time for which application threads were stopped: 0.0000736 seconds, Stopping threads took: 0.0000145 seconds
[626.405s][info ][safepoint    ] Application time: 0.0216199 seconds
[626.405s][info ][safepoint    ] Entering safepoint region: GenCollectForAllocation
[626.405s][info ][gc,start     ] GC(681) Pause Young (Allocation Failure)
[626.405s][info ][gc,task      ] GC(681) Using 4 workers of 4 for evacuation
[626.410s][debug][gc,ref       ] GC(681) Skipped phase1 of Reference Processing due to unavailable references
[626.410s][debug][gc,ref       ] GC(681) Skipped phase2 of Reference Processing due to unavailable references
[626.410s][debug][gc,ref       ] GC(681) Skipped phase3 of Reference Processing due to unavailable references
[626.410s][debug][gc,ref       ] GC(681) Skipped phase4 of Reference Processing due to unavailable references
[626.410s][debug][gc,age       ] GC(681) Desired survivor size 15400960 bytes, new threshold 6 (max threshold 6)
[626.410s][info ][gc,heap      ] GC(681) ParNew: 244451K->2411K(270976K)
[626.410s][info ][gc,heap      ] GC(681) CMS: 321985K->322291K(602112K)
[626.410s][info ][gc,metaspace ] GC(681) Metaspace: 57508K->57508K(1101824K)
[626.410s][info ][gc           ] GC(681) Pause Young (Allocation Failure) 553M->317M(852M) 5.354ms
[626.410s][info ][gc,cpu       ] GC(681) User=0.02s Sys=0.00s Real=0.00s
[626.410s][info ][safepoint    ] Leaving safepoint region
[626.410s][info ][safepoint    ] Total time for which application threads were stopped: 0.0055151 seconds, Stopping threads took: 0.0000142 seconds
[627.403s][info ][safepoint    ] Application time: 0.9930840 seconds
[627.403s][info ][safepoint    ] Entering safepoint region: GenCollectForAllocation
[627.404s][info ][gc,start     ] GC(682) Pause Young (Allocation Failure)
[627.404s][info ][gc,task      ] GC(682) Using 4 workers of 4 for evacuation
[627.408s][debug][gc,ref       ] GC(682) Skipped phase1 of Reference Processing due to unavailable references
[627.408s][debug][gc,ref       ] GC(682) Skipped phase2 of Reference Processing due to unavailable references
[627.408s][debug][gc,ref       ] GC(682) Skipped phase3 of Reference Processing due to unavailable references
[627.408s][debug][gc,ref       ] GC(682) Skipped phase4 of Reference Processing due to unavailable references
[627.408s][debug][gc,age       ] GC(682) Desired survivor size 15400960 bytes, new threshold 6 (max threshold 6)
[627.408s][info ][gc,heap      ] GC(682) ParNew: 243307K->2955K(270976K)
[627.408s][info ][gc,heap      ] GC(682) CMS: 322291K->322347K(602112K)
[627.408s][info ][gc,metaspace ] GC(682) Metaspace: 57508K->57508K(1101824K)
[627.408s][info ][gc           ] GC(682) Pause Young (Allocation Failure) 552M->317M(852M) 4.404ms
[627.408s][info ][gc,cpu       ] GC(682) User=0.01s Sys=0.00s Real=0.00s
[627.408s][info ][safepoint    ] Leaving safepoint region
[627.408s][info ][safepoint    ] Total time for which application threads were stopped: 0.0045823 seconds, Stopping threads took: 0.0000148 seconds
[628.408s][info ][safepoint    ] Application time: 1.0000959 seconds
[628.408s][info ][safepoint    ] Entering safepoint region: Cleanup
[628.408s][info ][safepoint    ] Leaving safepoint region
[628.408s][info ][safepoint    ] Total time for which application threads were stopped: 0.0001447 seconds, Stopping threads took: 0.0000552 seconds
[628.494s][info ][safepoint    ] Application time: 0.0857800 seconds
[628.494s][info ][safepoint    ] Entering safepoint region: GenCollectForAllocation
[628.494s][info ][gc,start     ] GC(683) Pause Young (Allocation Failure)
[628.494s][info ][gc,task      ] GC(683) Using 4 workers of 4 for evacuation
[628.498s][debug][gc,ref       ] GC(683) Skipped phase1 of Reference Processing due to unavailable references
[628.498s][debug][gc,ref       ] GC(683) Skipped phase2 of Reference Processing due to unavailable references
[628.498s][debug][gc,ref       ] GC(683) Skipped phase3 of Reference Processing due to unavailable references
[628.498s][debug][gc,ref       ] GC(683) Skipped phase4 of Reference Processing due to unavailable references
[628.499s][debug][gc,age       ] GC(683) Desired survivor size 15400960 bytes, new threshold 6 (max threshold 6)
[628.499s][info ][gc,heap      ] GC(683) ParNew: 243851K->3105K(270976K)
[628.499s][info ][gc,heap      ] GC(683) CMS: 322347K->322472K(602112K)
[628.499s][info ][gc,metaspace ] GC(683) Metaspace: 57508K->57508K(1101824K)
[628.499s][info ][gc           ] GC(683) Pause Young (Allocation Failure) 552M->317M(852M) 4.417ms
[628.499s][info ][gc,cpu       ] GC(683) User=0.01s Sys=0.00s Real=0.01s
[628.499s][info ][safepoint    ] Leaving safepoint region
[628.499s][info ][safepoint    ] Total time for which application threads were stopped: 0.0045629 seconds, Stopping threads took: 0.0000138 seconds
[629.499s][info ][safepoint    ] Application time: 1.0001072 seconds
[629.499s][info ][safepoint    ] Entering safepoint region: Cleanup
[629.499s][info ][safepoint    ] Leaving safepoint region
[629.499s][info ][safepoint    ] Total time for which application threads were stopped: 0.0000735 seconds, Stopping threads took: 0.0000155 seconds
[629.553s][info ][safepoint    ] Application time: 0.0541681 seconds
[629.553s][info ][safepoint    ] Entering safepoint region: GenCollectForAllocation
[629.553s][info ][gc,start     ] GC(684) Pause Young (Allocation Failure)
[629.553s][info ][gc,task      ] GC(684) Using 4 workers of 4 for evacuation
[629.557s][debug][gc,ref       ] GC(684) Skipped phase1 of Reference Processing due to unavailable references
[629.557s][debug][gc,ref       ] GC(684) Skipped phase2 of Reference Processing due to unavailable references
[629.557s][debug][gc,ref       ] GC(684) Skipped phase3 of Reference Processing due to unavailable references
[629.557s][debug][gc,ref       ] GC(684) Skipped phase4 of Reference Processing due to unavailable references
[629.558s][debug][gc,age       ] GC(684) Desired survivor size 15400960 bytes, new threshold 6 (max threshold 6)
[629.558s][info ][gc,heap      ] GC(684) ParNew: 244001K->3748K(270976K)
[629.558s][info ][gc,heap      ] GC(684) CMS: 322472K->322651K(602112K)
[629.558s][info ][gc,metaspace ] GC(684) Metaspace: 57508K->57508K(1101824K)
[629.558s][info ][gc           ] GC(684) Pause Young (Allocation Failure) 553M->318M(852M) 4.435ms
[629.558s][info ][gc,cpu       ] GC(684) User=0.02s Sys=0.00s Real=0.01s
[629.558s][info ][safepoint    ] Leaving safepoint region
[629.558s][info ][safepoint    ] Total time for which application threads were stopped: 0.0045968 seconds, Stopping threads took: 0.0000347 seconds
[630.558s][info ][safepoint    ] Application time: 1.0001150 seconds
[630.558s][info ][safepoint    ] Entering safepoint region: Cleanup
[630.558s][info ][safepoint    ] Leaving safepoint region
[630.558s][info ][safepoint    ] Total time for which application threads were stopped: 0.0001031 seconds, Stopping threads took: 0.0000360 seconds
[630.561s][info ][safepoint    ] Application time: 0.0028184 seconds
[630.561s][info ][safepoint    ] Entering safepoint region: GenCollectForAllocation
[630.561s][info ][gc,start     ] GC(685) Pause Young (Allocation Failure)
[630.561s][info ][gc,task      ] GC(685) Using 4 workers of 4 for evacuation
[630.565s][debug][gc,ref       ] GC(685) Skipped phase1 of Reference Processing due to unavailable references
[630.565s][debug][gc,ref       ] GC(685) Skipped phase2 of Reference Processing due to unavailable references
[630.565s][debug][gc,ref       ] GC(685) Skipped phase3 of Reference Processing due to unavailable references
[630.565s][debug][gc,ref       ] GC(685) Skipped phase4 of Reference Processing due to unavailable references
[630.565s][debug][gc,age       ] GC(685) Desired survivor size 15400960 bytes, new threshold 6 (max threshold 6)
[630.565s][info ][gc,heap      ] GC(685) ParNew: 244644K->3270K(270976K)
[630.565s][info ][gc,heap      ] GC(685) CMS: 322651K->322746K(602112K)
[630.565s][info ][gc,metaspace ] GC(685) Metaspace: 57508K->57508K(1101824K)
[630.565s][info ][gc           ] GC(685) Pause Young (Allocation Failure) 554M->318M(852M) 4.616ms
[630.565s][info ][gc,cpu       ] GC(685) User=0.02s Sys=0.00s Real=0.01s
[630.566s][info ][safepoint    ] Leaving safepoint region
[630.566s][info ][safepoint    ] Total time for which application threads were stopped: 0.0047589 seconds, Stopping threads took: 0.0000132 seconds
[631.566s][info ][safepoint    ] Application time: 1.0000996 seconds
[631.566s][info ][safepoint    ] Entering safepoint region: Cleanup
[631.566s][info ][safepoint    ] Leaving safepoint region
[631.566s][info ][safepoint    ] Total time for which application threads were stopped: 0.0001181 seconds, Stopping threads took: 0.0000439 seconds
[631.671s][info ][safepoint    ] Application time: 0.1049930 seconds
[631.671s][info ][safepoint    ] Entering safepoint region: GenCollectForAllocation
[631.671s][info ][gc,start     ] GC(686) Pause Young (Allocation Failure)
[631.671s][info ][gc,task      ] GC(686) Using 4 workers of 4 for evacuation
[631.675s][debug][gc,ref       ] GC(686) Skipped phase1 of Reference Processing due to unavailable references
[631.675s][debug][gc,ref       ] GC(686) Skipped phase2 of Reference Processing due to unavailable references
[631.675s][debug][gc,ref       ] GC(686) Skipped phase3 of Reference Processing due to unavailable references
[631.675s][debug][gc,ref       ] GC(686) Skipped phase4 of Reference Processing due to unavailable references
[631.675s][debug][gc,age       ] GC(686) Desired survivor size 15400960 bytes, new threshold 6 (max threshold 6)
[631.675s][info ][gc,heap      ] GC(686) ParNew: 244166K->3175K(270976K)
[631.675s][info ][gc,heap      ] GC(686) CMS: 322746K->322910K(602112K)
[631.675s][info ][gc,metaspace ] GC(686) Metaspace: 57508K->57508K(1101824K)
[631.675s][info ][gc           ] GC(686) Pause Young (Allocation Failure) 553M->318M(852M) 4.548ms
[631.675s][info ][gc,cpu       ] GC(686) User=0.01s Sys=0.01s Real=0.01s
[631.675s][info ][safepoint    ] Leaving safepoint region
[631.676s][info ][safepoint    ] Total time for which application threads were stopped: 0.0047078 seconds, Stopping threads took: 0.0000147 seconds
[632.676s][info ][safepoint    ] Application time: 1.0001027 seconds
[632.676s][info ][safepoint    ] Entering safepoint region: Cleanup
[632.676s][info ][safepoint    ] Leaving safepoint region
[632.676s][info ][safepoint    ] Total time for which application threads were stopped: 0.0001395 seconds, Stopping threads took: 0.0000654 seconds
[632.766s][info ][safepoint    ] Application time: 0.0900915 seconds
[632.766s][info ][safepoint    ] Entering safepoint region: GenCollectForAllocation
[632.766s][info ][gc,start     ] GC(687) Pause Young (Allocation Failure)
[632.766s][info ][gc,task      ] GC(687) Using 4 workers of 4 for evacuation
[632.771s][debug][gc,ref       ] GC(687) Skipped phase1 of Reference Processing due to unavailable references
[632.771s][debug][gc,ref       ] GC(687) Skipped phase2 of Reference Processing due to unavailable references
[632.771s][debug][gc,ref       ] GC(687) Skipped phase3 of Reference Processing due to unavailable references
[632.771s][debug][gc,ref       ] GC(687) Skipped phase4 of Reference Processing due to unavailable references
[632.771s][debug][gc,age       ] GC(687) Desired survivor size 15400960 bytes, new threshold 6 (max threshold 6)
[632.771s][info ][gc,heap      ] GC(687) ParNew: 244071K->3193K(270976K)
[632.771s][info ][gc,heap      ] GC(687) CMS: 322910K->322921K(602112K)
[632.771s][info ][gc,metaspace ] GC(687) Metaspace: 57508K->57508K(1101824K)
[632.771s][info ][gc           ] GC(687) Pause Young (Allocation Failure) 553M->318M(852M) 5.229ms
[632.771s][info ][gc,cpu       ] GC(687) User=0.02s Sys=0.00s Real=0.00s
[632.771s][info ][safepoint    ] Leaving safepoint region
[632.771s][info ][safepoint    ] Total time for which application threads were stopped: 0.0053710 seconds, Stopping threads took: 0.0000138 seconds
[633.771s][info ][safepoint    ] Application time: 1.0001411 seconds
[633.772s][info ][safepoint    ] Entering safepoint region: Cleanup
[633.772s][info ][safepoint    ] Leaving safepoint region
[633.772s][info ][safepoint    ] Total time for which application threads were stopped: 0.0001321 seconds, Stopping threads took: 0.0000453 seconds
[633.803s][info ][safepoint    ] Application time: 0.0314908 seconds
[633.803s][info ][safepoint    ] Entering safepoint region: GenCollectForAllocation
[633.803s][info ][gc,start     ] GC(688) Pause Young (Allocation Failure)
[633.803s][info ][gc,task      ] GC(688) Using 4 workers of 4 for evacuation
[633.808s][debug][gc,ref       ] GC(688) Skipped phase1 of Reference Processing due to unavailable references
[633.808s][debug][gc,ref       ] GC(688) Skipped phase2 of Reference Processing due to unavailable references
[633.808s][debug][gc,ref       ] GC(688) Skipped phase3 of Reference Processing due to unavailable references
[633.808s][debug][gc,ref       ] GC(688) Skipped phase4 of Reference Processing due to unavailable references
[633.808s][debug][gc,age       ] GC(688) Desired survivor size 15400960 bytes, new threshold 6 (max threshold 6)
[633.808s][info ][gc,heap      ] GC(688) ParNew: 244089K->3436K(270976K)
[633.808s][info ][gc,heap      ] GC(688) CMS: 322921K->323137K(602112K)
[633.808s][info ][gc,metaspace ] GC(688) Metaspace: 57509K->57509K(1101824K)
[633.808s][info ][gc           ] GC(688) Pause Young (Allocation Failure) 553M->318M(852M) 4.617ms
[633.808s][info ][gc,cpu       ] GC(688) User=0.02s Sys=0.00s Real=0.01s
[633.808s][info ][safepoint    ] Leaving safepoint region
[633.808s][info ][safepoint    ] Total time for which application threads were stopped: 0.0047784 seconds, Stopping threads took: 0.0000427 seconds
[634.808s][info ][safepoint    ] Application time: 1.0000988 seconds
[634.808s][info ][safepoint    ] Entering safepoint region: Cleanup
[634.808s][info ][safepoint    ] Leaving safepoint region
[634.808s][info ][safepoint    ] Total time for which application threads were stopped: 0.0001314 seconds, Stopping threads took: 0.0000668 seconds
[634.907s][info ][safepoint    ] Application time: 0.0985537 seconds
[634.907s][info ][safepoint    ] Entering safepoint region: GenCollectForAllocation
[634.907s][info ][gc,start     ] GC(689) Pause Young (Allocation Failure)
[634.907s][info ][gc,task      ] GC(689) Using 4 workers of 4 for evacuation
[634.911s][debug][gc,ref       ] GC(689) Skipped phase1 of Reference Processing due to unavailable references
[634.911s][debug][gc,ref       ] GC(689) Skipped phase2 of Reference Processing due to unavailable references
[634.911s][debug][gc,ref       ] GC(689) Skipped phase3 of Reference Processing due to unavailable references
[634.911s][debug][gc,ref       ] GC(689) Skipped phase4 of Reference Processing due to unavailable references
[634.912s][debug][gc,age       ] GC(689) Desired survivor size 15400960 bytes, new threshold 6 (max threshold 6)
[634.912s][info ][gc,heap      ] GC(689) ParNew: 244332K->2863K(270976K)
[634.912s][info ][gc,heap      ] GC(689) CMS: 323137K->323155K(602112K)
[634.912s][info ][gc,metaspace ] GC(689) Metaspace: 57509K->57509K(1101824K)
[634.912s][info ][gc           ] GC(689) Pause Young (Allocation Failure) 554M->318M(852M) 4.698ms
[634.912s][info ][gc,cpu       ] GC(689) User=0.02s Sys=0.00s Real=0.00s
[634.912s][info ][safepoint    ] Leaving safepoint region
[634.912s][info ][safepoint    ] Total time for which application threads were stopped: 0.0048500 seconds, Stopping threads took: 0.0000149 seconds
[635.912s][info ][safepoint    ] Application time: 1.0000895 seconds
[635.912s][info ][safepoint    ] Entering safepoint region: Cleanup
[635.912s][info ][safepoint    ] Leaving safepoint region
[635.912s][info ][safepoint    ] Total time for which application threads were stopped: 0.0001341 seconds, Stopping threads took: 0.0000673 seconds
[635.973s][info ][safepoint    ] Application time: 0.0612198 seconds
[635.973s][info ][safepoint    ] Entering safepoint region: GenCollectForAllocation
[635.973s][info ][gc,start     ] GC(690) Pause Young (Allocation Failure)
[635.973s][info ][gc,task      ] GC(690) Using 4 workers of 4 for evacuation
[635.977s][debug][gc,ref       ] GC(690) Skipped phase1 of Reference Processing due to unavailable references
[635.977s][debug][gc,ref       ] GC(690) Skipped phase2 of Reference Processing due to unavailable references
[635.977s][debug][gc,ref       ] GC(690) Skipped phase3 of Reference Processing due to unavailable references
[635.977s][debug][gc,ref       ] GC(690) Skipped phase4 of Reference Processing due to unavailable references
[635.977s][debug][gc,age       ] GC(690) Desired survivor size 15400960 bytes, new threshold 6 (max threshold 6)
[635.977s][info ][gc,heap      ] GC(690) ParNew: 243759K->3213K(270976K)
[635.977s][info ][gc,heap      ] GC(690) CMS: 323155K->323177K(602112K)
[635.977s][info ][gc,metaspace ] GC(690) Metaspace: 57509K->57509K(1101824K)
[635.977s][info ][gc           ] GC(690) Pause Young (Allocation Failure) 553M->318M(852M) 4.084ms
[635.977s][info ][gc,cpu       ] GC(690) User=0.02s Sys=0.00s Real=0.01s
[635.977s][info ][safepoint    ] Leaving safepoint region
[635.977s][info ][safepoint    ] Total time for which application threads were stopped: 0.0042392 seconds, Stopping threads took: 0.0000148 seconds
[636.978s][info ][safepoint    ] Application time: 1.0001069 seconds
[636.978s][info ][safepoint    ] Entering safepoint region: Cleanup
[636.978s][info ][safepoint    ] Leaving safepoint region
[636.978s][info ][safepoint    ] Total time for which application threads were stopped: 0.0001164 seconds, Stopping threads took: 0.0000487 seconds
[637.057s][info ][safepoint    ] Application time: 0.0791062 seconds
[637.057s][info ][safepoint    ] Entering safepoint region: GenCollectForAllocation
[637.057s][info ][gc,start     ] GC(691) Pause Young (Allocation Failure)
[637.057s][info ][gc,task      ] GC(691) Using 4 workers of 4 for evacuation
[637.061s][debug][gc,ref       ] GC(691) Skipped phase1 of Reference Processing due to unavailable references
[637.061s][debug][gc,ref       ] GC(691) Skipped phase2 of Reference Processing due to unavailable references
[637.061s][debug][gc,ref       ] GC(691) Skipped phase3 of Reference Processing due to unavailable references
[637.061s][debug][gc,ref       ] GC(691) Skipped phase4 of Reference Processing due to unavailable references
[637.061s][debug][gc,age       ] GC(691) Desired survivor size 15400960 bytes, new threshold 6 (max threshold 6)
[637.061s][info ][gc,heap      ] GC(691) ParNew: 244109K->2649K(270976K)
[637.061s][info ][gc,heap      ] GC(691) CMS: 323177K->323237K(602112K)
[637.061s][info ][gc,metaspace ] GC(691) Metaspace: 57509K->57509K(1101824K)
[637.061s][info ][gc           ] GC(691) Pause Young (Allocation Failure) 553M->318M(852M) 3.897ms
[637.061s][info ][gc,cpu       ] GC(691) User=0.02s Sys=0.00s Real=0.00s
[637.061s][info ][safepoint    ] Leaving safepoint region
[637.061s][info ][safepoint    ] Total time for which application threads were stopped: 0.0040566 seconds, Stopping threads took: 0.0000132 seconds
[638.061s][info ][safepoint    ] Application time: 1.0001082 seconds
[638.061s][info ][safepoint    ] Entering safepoint region: Cleanup
[638.061s][info ][safepoint    ] Leaving safepoint region
[638.061s][info ][safepoint    ] Total time for which application threads were stopped: 0.0001394 seconds, Stopping threads took: 0.0000491 seconds
[638.153s][info ][safepoint    ] Application time: 0.0923018 seconds
[638.154s][info ][safepoint    ] Entering safepoint region: GenCollectForAllocation
[638.154s][info ][gc,start     ] GC(692) Pause Young (Allocation Failure)
[638.154s][info ][gc,task      ] GC(692) Using 4 workers of 4 for evacuation
[638.158s][debug][gc,ref       ] GC(692) Skipped phase1 of Reference Processing due to unavailable references
[638.158s][debug][gc,ref       ] GC(692) Skipped phase2 of Reference Processing due to unavailable references
[638.158s][debug][gc,ref       ] GC(692) Skipped phase3 of Reference Processing due to unavailable references
[638.158s][debug][gc,ref       ] GC(692) Skipped phase4 of Reference Processing due to unavailable references
[638.158s][debug][gc,age       ] GC(692) Desired survivor size 15400960 bytes, new threshold 6 (max threshold 6)
[638.158s][info ][gc,heap      ] GC(692) ParNew: 243545K->3438K(270976K)
[638.158s][info ][gc,heap      ] GC(692) CMS: 323237K->323617K(602112K)
[638.158s][info ][gc,metaspace ] GC(692) Metaspace: 57509K->57509K(1101824K)
[638.158s][info ][gc           ] GC(692) Pause Young (Allocation Failure) 553M->319M(852M) 4.561ms
[638.158s][info ][gc,cpu       ] GC(692) User=0.02s Sys=0.00s Real=0.01s
[638.158s][info ][safepoint    ] Leaving safepoint region
[638.158s][info ][safepoint    ] Total time for which application threads were stopped: 0.0047218 seconds, Stopping threads took: 0.0000133 seconds
[639.158s][info ][safepoint    ] Application time: 1.0000963 seconds
[639.158s][info ][safepoint    ] Entering safepoint region: Cleanup
[639.158s][info ][safepoint    ] Leaving safepoint region
[639.159s][info ][safepoint    ] Total time for which application threads were stopped: 0.0001353 seconds, Stopping threads took: 0.0000628 seconds
[639.167s][info ][safepoint    ] Application time: 0.0088594 seconds
[639.167s][info ][safepoint    ] Entering safepoint region: GenCollectForAllocation
[639.167s][info ][gc,start     ] GC(693) Pause Young (Allocation Failure)
[639.168s][info ][gc,task      ] GC(693) Using 4 workers of 4 for evacuation
[639.173s][debug][gc,ref       ] GC(693) Skipped phase1 of Reference Processing due to unavailable references
[639.173s][debug][gc,ref       ] GC(693) Skipped phase2 of Reference Processing due to unavailable references
[639.173s][debug][gc,ref       ] GC(693) Skipped phase3 of Reference Processing due to unavailable references
[639.173s][debug][gc,ref       ] GC(693) Skipped phase4 of Reference Processing due to unavailable references
[639.173s][debug][gc,age       ] GC(693) Desired survivor size 15400960 bytes, new threshold 6 (max threshold 6)
[639.173s][info ][gc,heap      ] GC(693) ParNew: 244334K->2107K(270976K)
[639.173s][info ][gc,heap      ] GC(693) CMS: 323617K->323738K(602112K)
[639.173s][info ][gc,metaspace ] GC(693) Metaspace: 57509K->57509K(1101824K)
[639.173s][info ][gc           ] GC(693) Pause Young (Allocation Failure) 554M->318M(852M) 5.310ms
[639.173s][info ][gc,cpu       ] GC(693) User=0.02s Sys=0.00s Real=0.00s
[639.173s][info ][safepoint    ] Leaving safepoint region
[639.173s][info ][safepoint    ] Total time for which application threads were stopped: 0.0054558 seconds, Stopping threads took: 0.0000119 seconds
[640.173s][info ][safepoint    ] Application time: 1.0001131 seconds
[640.173s][info ][safepoint    ] Entering safepoint region: Cleanup
[640.173s][info ][safepoint    ] Leaving safepoint region
[640.173s][info ][safepoint    ] Total time for which application threads were stopped: 0.0001192 seconds, Stopping threads took: 0.0000482 seconds
[640.219s][info ][safepoint    ] Application time: 0.0457245 seconds
[640.219s][info ][safepoint    ] Entering safepoint region: GenCollectForAllocation
[640.219s][info ][gc,start     ] GC(694) Pause Young (Allocation Failure)
[640.219s][info ][gc,task      ] GC(694) Using 4 workers of 4 for evacuation
[640.223s][debug][gc,ref       ] GC(694) Skipped phase1 of Reference Processing due to unavailable references
[640.223s][debug][gc,ref       ] GC(694) Skipped phase2 of Reference Processing due to unavailable references
[640.223s][debug][gc,ref       ] GC(694) Skipped phase3 of Reference Processing due to unavailable references
[640.223s][debug][gc,ref       ] GC(694) Skipped phase4 of Reference Processing due to unavailable references
[640.223s][debug][gc,age       ] GC(694) Desired survivor size 15400960 bytes, new threshold 6 (max threshold 6)
[640.223s][info ][gc,heap      ] GC(694) ParNew: 243003K->2808K(270976K)
[640.223s][info ][gc,heap      ] GC(694) CMS: 323738K->323801K(602112K)
[640.223s][info ][gc,metaspace ] GC(694) Metaspace: 57509K->57509K(1101824K)
[640.223s][info ][gc           ] GC(694) Pause Young (Allocation Failure) 553M->318M(852M) 4.384ms
[640.223s][info ][gc,cpu       ] GC(694) User=0.01s Sys=0.00s Real=0.00s
[640.223s][info ][safepoint    ] Leaving safepoint region
[640.223s][info ][safepoint    ] Total time for which application threads were stopped: 0.0045405 seconds, Stopping threads took: 0.0000148 seconds
[641.224s][info ][safepoint    ] Application time: 1.0000975 seconds
[641.224s][info ][safepoint    ] Entering safepoint region: Cleanup
[641.224s][info ][safepoint    ] Leaving safepoint region
[641.224s][info ][safepoint    ] Total time for which application threads were stopped: 0.0001748 seconds, Stopping threads took: 0.0000866 seconds
[641.298s][info ][safepoint    ] Application time: 0.0745190 seconds
[641.298s][info ][safepoint    ] Entering safepoint region: GenCollectForAllocation
[641.298s][info ][gc,start     ] GC(695) Pause Young (Allocation Failure)
[641.298s][info ][gc,task      ] GC(695) Using 4 workers of 4 for evacuation
[641.302s][debug][gc,ref       ] GC(695) Skipped phase1 of Reference Processing due to unavailable references
[641.303s][debug][gc,ref       ] GC(695) Skipped phase2 of Reference Processing due to unavailable references
[641.303s][debug][gc,ref       ] GC(695) Skipped phase3 of Reference Processing due to unavailable references
[641.303s][debug][gc,ref       ] GC(695) Skipped phase4 of Reference Processing due to unavailable references
[641.303s][debug][gc,age       ] GC(695) Desired survivor size 15400960 bytes, new threshold 6 (max threshold 6)
[641.303s][info ][gc,heap      ] GC(695) ParNew: 243704K->3624K(270976K)
[641.303s][info ][gc,heap      ] GC(695) CMS: 323801K->323840K(602112K)
[641.303s][info ][gc,metaspace ] GC(695) Metaspace: 57512K->57512K(1101824K)
[641.303s][info ][gc           ] GC(695) Pause Young (Allocation Failure) 554M->319M(852M) 4.283ms
[641.303s][info ][gc,cpu       ] GC(695) User=0.02s Sys=0.00s Real=0.00s
[641.303s][info ][safepoint    ] Leaving safepoint region
[641.303s][info ][safepoint    ] Total time for which application threads were stopped: 0.0044238 seconds, Stopping threads took: 0.0000136 seconds
[642.303s][info ][safepoint    ] Application time: 1.0000932 seconds
[642.303s][info ][safepoint    ] Entering safepoint region: Cleanup
[642.303s][info ][safepoint    ] Leaving safepoint region
[642.303s][info ][safepoint    ] Total time for which application threads were stopped: 0.0001282 seconds, Stopping threads took: 0.0000751 seconds
[642.321s][info ][safepoint    ] Application time: 0.0178373 seconds
[642.321s][info ][safepoint    ] Entering safepoint region: GenCollectForAllocation
[642.321s][info ][gc,start     ] GC(696) Pause Young (Allocation Failure)
[642.321s][info ][gc,task      ] GC(696) Using 4 workers of 4 for evacuation
[642.325s][debug][gc,ref       ] GC(696) Skipped phase1 of Reference Processing due to unavailable references
[642.325s][debug][gc,ref       ] GC(696) Skipped phase2 of Reference Processing due to unavailable references
[642.325s][debug][gc,ref       ] GC(696) Skipped phase3 of Reference Processing due to unavailable references
[642.325s][debug][gc,ref       ] GC(696) Skipped phase4 of Reference Processing due to unavailable references
[642.325s][debug][gc,age       ] GC(696) Desired survivor size 15400960 bytes, new threshold 6 (max threshold 6)
[642.325s][info ][gc,heap      ] GC(696) ParNew: 244520K->2813K(270976K)
[642.325s][info ][gc,heap      ] GC(696) CMS: 323840K->323875K(602112K)
[642.325s][info ][gc,metaspace ] GC(696) Metaspace: 57512K->57512K(1101824K)
[642.325s][info ][gc           ] GC(696) Pause Young (Allocation Failure) 555M->319M(852M) 4.069ms
[642.325s][info ][gc,cpu       ] GC(696) User=0.01s Sys=0.00s Real=0.01s
[642.325s][info ][safepoint    ] Leaving safepoint region
[642.325s][info ][safepoint    ] Total time for which application threads were stopped: 0.0042163 seconds, Stopping threads took: 0.0000145 seconds
[643.316s][info ][safepoint    ] Application time: 0.9909462 seconds
[643.316s][info ][safepoint    ] Entering safepoint region: GenCollectForAllocation
[643.316s][info ][gc,start     ] GC(697) Pause Young (Allocation Failure)
[643.316s][info ][gc,task      ] GC(697) Using 4 workers of 4 for evacuation
[643.320s][debug][gc,ref       ] GC(697) Skipped phase1 of Reference Processing due to unavailable references
[643.320s][debug][gc,ref       ] GC(697) Skipped phase2 of Reference Processing due to unavailable references
[643.320s][debug][gc,ref       ] GC(697) Skipped phase3 of Reference Processing due to unavailable references
[643.320s][debug][gc,ref       ] GC(697) Skipped phase4 of Reference Processing due to unavailable references
[643.321s][debug][gc,age       ] GC(697) Desired survivor size 15400960 bytes, new threshold 6 (max threshold 6)
[643.321s][info ][gc,heap      ] GC(697) ParNew: 243709K->3608K(270976K)
[643.321s][info ][gc,heap      ] GC(697) CMS: 323875K->323918K(602112K)
[643.321s][info ][gc,metaspace ] GC(697) Metaspace: 57512K->57512K(1101824K)
[643.321s][info ][gc           ] GC(697) Pause Young (Allocation Failure) 554M->319M(852M) 4.438ms
[643.321s][info ][gc,cpu       ] GC(697) User=0.02s Sys=0.00s Real=0.00s
[643.321s][info ][safepoint    ] Leaving safepoint region
[643.321s][info ][safepoint    ] Total time for which application threads were stopped: 0.0045908 seconds, Stopping threads took: 0.0000269 seconds
[644.321s][info ][safepoint    ] Application time: 1.0001043 seconds
[644.321s][info ][safepoint    ] Entering safepoint region: GenCollectForAllocation
[644.321s][info ][gc,start     ] GC(698) Pause Young (Allocation Failure)
[644.321s][info ][gc,task      ] GC(698) Using 4 workers of 4 for evacuation
[644.325s][debug][gc,ref       ] GC(698) Skipped phase1 of Reference Processing due to unavailable references
[644.325s][debug][gc,ref       ] GC(698) Skipped phase2 of Reference Processing due to unavailable references
[644.325s][debug][gc,ref       ] GC(698) Skipped phase3 of Reference Processing due to unavailable references
[644.325s][debug][gc,ref       ] GC(698) Skipped phase4 of Reference Processing due to unavailable references
[644.326s][debug][gc,age       ] GC(698) Desired survivor size 15400960 bytes, new threshold 6 (max threshold 6)
[644.326s][info ][gc,heap      ] GC(698) ParNew: 244504K->3815K(270976K)
[644.326s][info ][gc,heap      ] GC(698) CMS: 323918K->323979K(602112K)
[644.326s][info ][gc,metaspace ] GC(698) Metaspace: 57512K->57512K(1101824K)
[644.326s][info ][gc           ] GC(698) Pause Young (Allocation Failure) 555M->320M(852M) 4.677ms
[644.326s][info ][gc,cpu       ] GC(698) User=0.01s Sys=0.00s Real=0.01s
[644.326s][info ][safepoint    ] Leaving safepoint region
[644.326s][info ][safepoint    ] Total time for which application threads were stopped: 0.0048353 seconds, Stopping threads took: 0.0000141 seconds
[645.326s][info ][safepoint    ] Application time: 1.0001124 seconds
[645.326s][info ][safepoint    ] Entering safepoint region: Cleanup
[645.326s][info ][safepoint    ] Leaving safepoint region
[645.326s][info ][safepoint    ] Total time for which application threads were stopped: 0.0001448 seconds, Stopping threads took: 0.0000753 seconds
[645.394s][info ][safepoint    ] Application time: 0.0676916 seconds
[645.394s][info ][safepoint    ] Entering safepoint region: GenCollectForAllocation
[645.394s][info ][gc,start     ] GC(699) Pause Young (Allocation Failure)
[645.394s][info ][gc,task      ] GC(699) Using 4 workers of 4 for evacuation
[645.398s][debug][gc,ref       ] GC(699) Skipped phase1 of Reference Processing due to unavailable references
[645.398s][debug][gc,ref       ] GC(699) Skipped phase2 of Reference Processing due to unavailable references
[645.398s][debug][gc,ref       ] GC(699) Skipped phase3 of Reference Processing due to unavailable references
[645.398s][debug][gc,ref       ] GC(699) Skipped phase4 of Reference Processing due to unavailable references
[645.398s][debug][gc,age       ] GC(699) Desired survivor size 15400960 bytes, new threshold 6 (max threshold 6)
[645.398s][info ][gc,heap      ] GC(699) ParNew: 244711K->3475K(270976K)
[645.398s][info ][gc,heap      ] GC(699) CMS: 323979K->324059K(602112K)
[645.398s][info ][gc,metaspace ] GC(699) Metaspace: 57512K->57512K(1101824K)
[645.398s][info ][gc           ] GC(699) Pause Young (Allocation Failure) 555M->319M(852M) 4.424ms
[645.398s][info ][gc,cpu       ] GC(699) User=0.02s Sys=0.00s Real=0.01s
[645.398s][info ][safepoint    ] Leaving safepoint region
[645.398s][info ][safepoint    ] Total time for which application threads were stopped: 0.0045643 seconds, Stopping threads took: 0.0000160 seconds
[646.379s][info ][safepoint    ] Application time: 0.9804990 seconds
[646.379s][info ][safepoint    ] Entering safepoint region: GenCollectForAllocation
[646.379s][info ][gc,start     ] GC(700) Pause Young (Allocation Failure)
[646.379s][info ][gc,task      ] GC(700) Using 4 workers of 4 for evacuation
[646.384s][debug][gc,ref       ] GC(700) Skipped phase1 of Reference Processing due to unavailable references
[646.384s][debug][gc,ref       ] GC(700) Skipped phase2 of Reference Processing due to unavailable references
[646.384s][debug][gc,ref       ] GC(700) Skipped phase3 of Reference Processing due to unavailable references
[646.384s][debug][gc,ref       ] GC(700) Skipped phase4 of Reference Processing due to unavailable references
[646.384s][debug][gc,age       ] GC(700) Desired survivor size 15400960 bytes, new threshold 6 (max threshold 6)
[646.384s][info ][gc,heap      ] GC(700) ParNew: 244371K->4052K(270976K)
[646.384s][info ][gc,heap      ] GC(700) CMS: 324059K->324179K(602112K)
[646.384s][info ][gc,metaspace ] GC(700) Metaspace: 57512K->57512K(1101824K)
[646.384s][info ][gc           ] GC(700) Pause Young (Allocation Failure) 555M->320M(852M) 5.320ms
[646.384s][info ][gc,cpu       ] GC(700) User=0.02s Sys=0.00s Real=0.01s
[646.384s][info ][safepoint    ] Leaving safepoint region
[646.384s][info ][safepoint    ] Total time for which application threads were stopped: 0.0054939 seconds, Stopping threads took: 0.0000284 seconds
[647.384s][info ][safepoint    ] Application time: 1.0000568 seconds
[647.384s][info ][safepoint    ] Entering safepoint region: Cleanup
[647.384s][info ][safepoint    ] Leaving safepoint region
[647.384s][info ][safepoint    ] Total time for which application threads were stopped: 0.0000812 seconds, Stopping threads took: 0.0000160 seconds
[647.532s][info ][safepoint    ] Application time: 0.1480243 seconds
[647.532s][info ][safepoint    ] Entering safepoint region: GenCollectForAllocation
[647.533s][info ][gc,start     ] GC(701) Pause Young (Allocation Failure)
[647.533s][info ][gc,task      ] GC(701) Using 4 workers of 4 for evacuation
[647.537s][debug][gc,ref       ] GC(701) Skipped phase1 of Reference Processing due to unavailable references
[647.537s][debug][gc,ref       ] GC(701) Skipped phase2 of Reference Processing due to unavailable references
[647.537s][debug][gc,ref       ] GC(701) Skipped phase3 of Reference Processing due to unavailable references
[647.537s][debug][gc,ref       ] GC(701) Skipped phase4 of Reference Processing due to unavailable references
[647.537s][debug][gc,age       ] GC(701) Desired survivor size 15400960 bytes, new threshold 6 (max threshold 6)
[647.537s][info ][gc,heap      ] GC(701) ParNew: 244948K->3043K(270976K)
[647.537s][info ][gc,heap      ] GC(701) CMS: 324179K->324251K(602112K)
[647.537s][info ][gc,metaspace ] GC(701) Metaspace: 57512K->57512K(1101824K)
[647.537s][info ][gc           ] GC(701) Pause Young (Allocation Failure) 555M->319M(852M) 4.296ms
[647.537s][info ][gc,cpu       ] GC(701) User=0.02s Sys=0.00s Real=0.01s
[647.537s][info ][safepoint    ] Leaving safepoint region
[647.537s][info ][safepoint    ] Total time for which application threads were stopped: 0.0044613 seconds, Stopping threads took: 0.0000142 seconds
[648.537s][info ][safepoint    ] Application time: 1.0001019 seconds
[648.537s][info ][safepoint    ] Entering safepoint region: Cleanup
[648.537s][info ][safepoint    ] Leaving safepoint region
[648.537s][info ][safepoint    ] Total time for which application threads were stopped: 0.0000678 seconds, Stopping threads took: 0.0000144 seconds
[648.589s][info ][safepoint    ] Application time: 0.0519232 seconds
[648.589s][info ][safepoint    ] Entering safepoint region: GenCollectForAllocation
[648.589s][info ][gc,start     ] GC(702) Pause Young (Allocation Failure)
[648.589s][info ][gc,task      ] GC(702) Using 4 workers of 4 for evacuation
[648.595s][debug][gc,ref       ] GC(702) Skipped phase1 of Reference Processing due to unavailable references
[648.595s][debug][gc,ref       ] GC(702) Skipped phase2 of Reference Processing due to unavailable references
[648.595s][debug][gc,ref       ] GC(702) Skipped phase3 of Reference Processing due to unavailable references
[648.595s][debug][gc,ref       ] GC(702) Skipped phase4 of Reference Processing due to unavailable references
[648.595s][debug][gc,age       ] GC(702) Desired survivor size 15400960 bytes, new threshold 6 (max threshold 6)
[648.595s][info ][gc,heap      ] GC(702) ParNew: 243939K->3895K(270976K)
[648.595s][info ][gc,heap      ] GC(702) CMS: 324251K->324403K(602112K)
[648.595s][info ][gc,metaspace ] GC(702) Metaspace: 57512K->57512K(1101824K)
[648.595s][info ][gc           ] GC(702) Pause Young (Allocation Failure) 554M->320M(852M) 5.774ms
[648.595s][info ][gc,cpu       ] GC(702) User=0.02s Sys=0.00s Real=0.00s
[648.595s][info ][safepoint    ] Leaving safepoint region
[648.595s][info ][safepoint    ] Total time for which application threads were stopped: 0.0059290 seconds, Stopping threads took: 0.0000144 seconds
[649.595s][info ][safepoint    ] Application time: 1.0000981 seconds
[649.595s][info ][safepoint    ] Entering safepoint region: Cleanup
[649.595s][info ][safepoint    ] Leaving safepoint region
[649.595s][info ][safepoint    ] Total time for which application threads were stopped: 0.0001519 seconds, Stopping threads took: 0.0000565 seconds
[649.681s][info ][safepoint    ] Application time: 0.0860341 seconds
[649.681s][info ][safepoint    ] Entering safepoint region: GenCollectForAllocation
[649.681s][info ][gc,start     ] GC(703) Pause Young (Allocation Failure)
[649.682s][info ][gc,task      ] GC(703) Using 4 workers of 4 for evacuation
[649.685s][debug][gc,ref       ] GC(703) Skipped phase1 of Reference Processing due to unavailable references
[649.686s][debug][gc,ref       ] GC(703) Skipped phase2 of Reference Processing due to unavailable references
[649.686s][debug][gc,ref       ] GC(703) Skipped phase3 of Reference Processing due to unavailable references
[649.686s][debug][gc,ref       ] GC(703) Skipped phase4 of Reference Processing due to unavailable references
[649.686s][debug][gc,age       ] GC(703) Desired survivor size 15400960 bytes, new threshold 6 (max threshold 6)
[649.686s][info ][gc,heap      ] GC(703) ParNew: 244791K->2485K(270976K)
[649.686s][info ][gc,heap      ] GC(703) CMS: 324403K->324436K(602112K)
[649.686s][info ][gc,metaspace ] GC(703) Metaspace: 57512K->57512K(1101824K)
[649.686s][info ][gc           ] GC(703) Pause Young (Allocation Failure) 555M->319M(852M) 4.198ms
[649.686s][info ][gc,cpu       ] GC(703) User=0.01s Sys=0.00s Real=0.01s
[649.686s][info ][safepoint    ] Leaving safepoint region
[649.686s][info ][safepoint    ] Total time for which application threads were stopped: 0.0043441 seconds, Stopping threads took: 0.0000143 seconds
[650.686s][info ][safepoint    ] Application time: 1.0000926 seconds
[650.686s][info ][safepoint    ] Entering safepoint region: Cleanup
[650.686s][info ][safepoint    ] Leaving safepoint region
[650.686s][info ][safepoint    ] Total time for which application threads were stopped: 0.0001697 seconds, Stopping threads took: 0.0000871 seconds
[650.762s][info ][safepoint    ] Application time: 0.0761612 seconds
[650.762s][info ][safepoint    ] Entering safepoint region: GenCollectForAllocation
[650.762s][info ][gc,start     ] GC(704) Pause Young (Allocation Failure)
[650.762s][info ][gc,task      ] GC(704) Using 4 workers of 4 for evacuation
[650.766s][debug][gc,ref       ] GC(704) Skipped phase1 of Reference Processing due to unavailable references
[650.766s][debug][gc,ref       ] GC(704) Skipped phase2 of Reference Processing due to unavailable references
[650.766s][debug][gc,ref       ] GC(704) Skipped phase3 of Reference Processing due to unavailable references
[650.766s][debug][gc,ref       ] GC(704) Skipped phase4 of Reference Processing due to unavailable references
[650.767s][debug][gc,age       ] GC(704) Desired survivor size 15400960 bytes, new threshold 6 (max threshold 6)
[650.767s][info ][gc,heap      ] GC(704) ParNew: 243381K->3165K(270976K)
[650.767s][info ][gc,heap      ] GC(704) CMS: 324436K->324517K(602112K)
[650.767s][info ][gc,metaspace ] GC(704) Metaspace: 57512K->57512K(1101824K)
[650.767s][info ][gc           ] GC(704) Pause Young (Allocation Failure) 554M->320M(852M) 4.270ms
[650.767s][info ][gc,cpu       ] GC(704) User=0.01s Sys=0.00s Real=0.01s
[650.767s][info ][safepoint    ] Leaving safepoint region
[650.767s][info ][safepoint    ] Total time for which application threads were stopped: 0.0044186 seconds, Stopping threads took: 0.0000141 seconds
[651.767s][info ][safepoint    ] Application time: 1.0000891 seconds
[651.767s][info ][safepoint    ] Entering safepoint region: Cleanup
[651.767s][info ][safepoint    ] Leaving safepoint region
[651.767s][info ][safepoint    ] Total time for which application threads were stopped: 0.0001105 seconds, Stopping threads took: 0.0000452 seconds
[651.856s][info ][safepoint    ] Application time: 0.0891386 seconds
[651.856s][info ][safepoint    ] Entering safepoint region: GenCollectForAllocation
[651.856s][info ][gc,start     ] GC(705) Pause Young (Allocation Failure)
[651.856s][info ][gc,task      ] GC(705) Using 4 workers of 4 for evacuation
[651.860s][debug][gc,ref       ] GC(705) Skipped phase1 of Reference Processing due to unavailable references
[651.860s][debug][gc,ref       ] GC(705) Skipped phase2 of Reference Processing due to unavailable references
[651.860s][debug][gc,ref       ] GC(705) Skipped phase3 of Reference Processing due to unavailable references
[651.860s][debug][gc,ref       ] GC(705) Skipped phase4 of Reference Processing due to unavailable references
[651.861s][debug][gc,age       ] GC(705) Desired survivor size 15400960 bytes, new threshold 6 (max threshold 6)
[651.861s][info ][gc,heap      ] GC(705) ParNew: 244061K->3344K(270976K)
[651.861s][info ][gc,heap      ] GC(705) CMS: 324517K->324692K(602112K)
[651.861s][info ][gc,metaspace ] GC(705) Metaspace: 57512K->57512K(1101824K)
[651.861s][info ][gc           ] GC(705) Pause Young (Allocation Failure) 555M->320M(852M) 4.332ms
[651.861s][info ][gc,cpu       ] GC(705) User=0.02s Sys=0.00s Real=0.00s
[651.861s][info ][safepoint    ] Leaving safepoint region
[651.861s][info ][safepoint    ] Total time for which application threads were stopped: 0.0044876 seconds, Stopping threads took: 0.0000141 seconds
[652.861s][info ][safepoint    ] Application time: 1.0001245 seconds
[652.861s][info ][safepoint    ] Entering safepoint region: Cleanup
[652.861s][info ][safepoint    ] Leaving safepoint region
[652.861s][info ][safepoint    ] Total time for which application threads were stopped: 0.0001578 seconds, Stopping threads took: 0.0000823 seconds
[652.919s][info ][safepoint    ] Application time: 0.0582751 seconds
[652.919s][info ][safepoint    ] Entering safepoint region: GenCollectForAllocation
[652.919s][info ][gc,start     ] GC(706) Pause Young (Allocation Failure)
[652.919s][info ][gc,task      ] GC(706) Using 4 workers of 4 for evacuation
[652.924s][debug][gc,ref       ] GC(706) Skipped phase1 of Reference Processing due to unavailable references
[652.924s][debug][gc,ref       ] GC(706) Skipped phase2 of Reference Processing due to unavailable references
[652.924s][debug][gc,ref       ] GC(706) Skipped phase3 of Reference Processing due to unavailable references
[652.924s][debug][gc,ref       ] GC(706) Skipped phase4 of Reference Processing due to unavailable references
[652.924s][debug][gc,age       ] GC(706) Desired survivor size 15400960 bytes, new threshold 6 (max threshold 6)
[652.924s][info ][gc,heap      ] GC(706) ParNew: 244240K->2582K(270976K)
[652.924s][info ][gc,heap      ] GC(706) CMS: 324692K->324768K(602112K)
[652.924s][info ][gc,metaspace ] GC(706) Metaspace: 57512K->57512K(1101824K)
[652.924s][info ][gc           ] GC(706) Pause Young (Allocation Failure) 555M->319M(852M) 4.607ms
[652.924s][info ][gc,cpu       ] GC(706) User=0.01s Sys=0.01s Real=0.01s
[652.924s][info ][safepoint    ] Leaving safepoint region
[652.924s][info ][safepoint    ] Total time for which application threads were stopped: 0.0047564 seconds, Stopping threads took: 0.0000141 seconds
[653.924s][info ][safepoint    ] Application time: 1.0001109 seconds
[653.924s][info ][safepoint    ] Entering safepoint region: Cleanup
[653.924s][info ][safepoint    ] Leaving safepoint region
[653.924s][info ][safepoint    ] Total time for which application threads were stopped: 0.0001197 seconds, Stopping threads took: 0.0000493 seconds
[654.021s][info ][safepoint    ] Application time: 0.0967234 seconds
[654.021s][info ][safepoint    ] Entering safepoint region: GenCollectForAllocation
[654.021s][info ][gc,start     ] GC(707) Pause Young (Allocation Failure)
[654.021s][info ][gc,task      ] GC(707) Using 4 workers of 4 for evacuation
[654.025s][debug][gc,ref       ] GC(707) Skipped phase1 of Reference Processing due to unavailable references
[654.025s][debug][gc,ref       ] GC(707) Skipped phase2 of Reference Processing due to unavailable references
[654.025s][debug][gc,ref       ] GC(707) Skipped phase3 of Reference Processing due to unavailable references
[654.025s][debug][gc,ref       ] GC(707) Skipped phase4 of Reference Processing due to unavailable references
[654.025s][debug][gc,age       ] GC(707) Desired survivor size 15400960 bytes, new threshold 6 (max threshold 6)
[654.025s][info ][gc,heap      ] GC(707) ParNew: 243478K->3118K(270976K)
[654.025s][info ][gc,heap      ] GC(707) CMS: 324768K->324839K(602112K)
[654.025s][info ][gc,metaspace ] GC(707) Metaspace: 57512K->57512K(1101824K)
[654.025s][info ][gc           ] GC(707) Pause Young (Allocation Failure) 554M->320M(852M) 4.093ms
[654.025s][info ][gc,cpu       ] GC(707) User=0.01s Sys=0.00s Real=0.01s
[654.025s][info ][safepoint    ] Leaving safepoint region
[654.025s][info ][safepoint    ] Total time for which application threads were stopped: 0.0042470 seconds, Stopping threads took: 0.0000148 seconds
[655.025s][info ][safepoint    ] Application time: 1.0001725 seconds
[655.026s][info ][safepoint    ] Entering safepoint region: Cleanup
[655.026s][info ][safepoint    ] Leaving safepoint region
[655.026s][info ][safepoint    ] Total time for which application threads were stopped: 0.0001929 seconds, Stopping threads took: 0.0001114 seconds
[655.075s][info ][safepoint    ] Application time: 0.0496932 seconds
[655.075s][info ][safepoint    ] Entering safepoint region: GenCollectForAllocation
[655.076s][info ][gc,start     ] GC(708) Pause Young (Allocation Failure)
[655.076s][info ][gc,task      ] GC(708) Using 4 workers of 4 for evacuation
[655.083s][debug][gc,ref       ] GC(708) Skipped phase1 of Reference Processing due to unavailable references
[655.083s][debug][gc,ref       ] GC(708) Skipped phase2 of Reference Processing due to unavailable references
[655.083s][debug][gc,ref       ] GC(708) Skipped phase3 of Reference Processing due to unavailable references
[655.083s][debug][gc,ref       ] GC(708) Skipped phase4 of Reference Processing due to unavailable references
[655.083s][debug][gc,age       ] GC(708) Desired survivor size 15400960 bytes, new threshold 6 (max threshold 6)
[655.083s][info ][gc,heap      ] GC(708) ParNew: 244014K->2534K(270976K)
[655.083s][info ][gc,heap      ] GC(708) CMS: 324839K->325091K(602112K)
[655.083s][info ][gc,metaspace ] GC(708) Metaspace: 57512K->57512K(1101824K)
[655.083s][info ][gc           ] GC(708) Pause Young (Allocation Failure) 555M->319M(852M) 7.487ms
[655.083s][info ][gc,cpu       ] GC(708) User=0.02s Sys=0.00s Real=0.00s
[655.083s][info ][safepoint    ] Leaving safepoint region
[655.083s][info ][safepoint    ] Total time for which application threads were stopped: 0.0076565 seconds, Stopping threads took: 0.0000140 seconds
[656.059s][info ][safepoint    ] Application time: 0.9762586 seconds
[656.059s][info ][safepoint    ] Entering safepoint region: GenCollectForAllocation
[656.059s][info ][gc,start     ] GC(709) Pause Young (Allocation Failure)
[656.060s][info ][gc,task      ] GC(709) Using 4 workers of 4 for evacuation
[656.064s][debug][gc,ref       ] GC(709) Skipped phase1 of Reference Processing due to unavailable references
[656.064s][debug][gc,ref       ] GC(709) Skipped phase2 of Reference Processing due to unavailable references
[656.064s][debug][gc,ref       ] GC(709) Skipped phase3 of Reference Processing due to unavailable references
[656.064s][debug][gc,ref       ] GC(709) Skipped phase4 of Reference Processing due to unavailable references
[656.064s][debug][gc,age       ] GC(709) Desired survivor size 15400960 bytes, new threshold 6 (max threshold 6)
[656.064s][info ][gc,heap      ] GC(709) ParNew: 243430K->2863K(270976K)
[656.064s][info ][gc,heap      ] GC(709) CMS: 325091K->325106K(602112K)
[656.064s][info ][gc,metaspace ] GC(709) Metaspace: 57516K->57516K(1101824K)
[656.064s][info ][gc           ] GC(709) Pause Young (Allocation Failure) 555M->320M(852M) 4.624ms
[656.064s][info ][gc,cpu       ] GC(709) User=0.02s Sys=0.00s Real=0.01s
[656.064s][info ][safepoint    ] Leaving safepoint region
[656.064s][info ][safepoint    ] Total time for which application threads were stopped: 0.0047975 seconds, Stopping threads took: 0.0000155 seconds
[657.064s][info ][safepoint    ] Application time: 1.0000959 seconds
[657.064s][info ][safepoint    ] Entering safepoint region: Cleanup
[657.064s][info ][safepoint    ] Leaving safepoint region
[657.064s][info ][safepoint    ] Total time for which application threads were stopped: 0.0001376 seconds, Stopping threads took: 0.0000626 seconds
[657.134s][info ][safepoint    ] Application time: 0.0694247 seconds
[657.134s][info ][safepoint    ] Entering safepoint region: GenCollectForAllocation
[657.134s][info ][gc,start     ] GC(710) Pause Young (Allocation Failure)
[657.134s][info ][gc,task      ] GC(710) Using 4 workers of 4 for evacuation
[657.138s][debug][gc,ref       ] GC(710) Skipped phase1 of Reference Processing due to unavailable references
[657.138s][debug][gc,ref       ] GC(710) Skipped phase2 of Reference Processing due to unavailable references
[657.138s][debug][gc,ref       ] GC(710) Skipped phase3 of Reference Processing due to unavailable references
[657.138s][debug][gc,ref       ] GC(710) Skipped phase4 of Reference Processing due to unavailable references
[657.138s][debug][gc,age       ] GC(710) Desired survivor size 15400960 bytes, new threshold 6 (max threshold 6)
[657.138s][info ][gc,heap      ] GC(710) ParNew: 243759K->2928K(270976K)
[657.138s][info ][gc,heap      ] GC(710) CMS: 325106K->325177K(602112K)
[657.138s][info ][gc,metaspace ] GC(710) Metaspace: 57516K->57516K(1101824K)
[657.138s][info ][gc           ] GC(710) Pause Young (Allocation Failure) 555M->320M(852M) 4.263ms
[657.138s][info ][gc,cpu       ] GC(710) User=0.01s Sys=0.00s Real=0.01s
[657.138s][info ][safepoint    ] Leaving safepoint region
[657.138s][info ][safepoint    ] Total time for which application threads were stopped: 0.0044109 seconds, Stopping threads took: 0.0000147 seconds
[658.138s][info ][safepoint    ] Application time: 1.0000787 seconds
[658.138s][info ][safepoint    ] Entering safepoint region: Cleanup
[658.139s][info ][safepoint    ] Leaving safepoint region
[658.139s][info ][safepoint    ] Total time for which application threads were stopped: 0.0001417 seconds, Stopping threads took: 0.0000665 seconds
[658.143s][info ][safepoint    ] Application time: 0.0042873 seconds
[658.143s][info ][safepoint    ] Entering safepoint region: GenCollectForAllocation
[658.143s][info ][gc,start     ] GC(711) Pause Young (Allocation Failure)
[658.143s][info ][gc,task      ] GC(711) Using 4 workers of 4 for evacuation
[658.147s][debug][gc,ref       ] GC(711) Skipped phase1 of Reference Processing due to unavailable references
[658.147s][debug][gc,ref       ] GC(711) Skipped phase2 of Reference Processing due to unavailable references
[658.147s][debug][gc,ref       ] GC(711) Skipped phase3 of Reference Processing due to unavailable references
[658.147s][debug][gc,ref       ] GC(711) Skipped phase4 of Reference Processing due to unavailable references
[658.147s][debug][gc,age       ] GC(711) Desired survivor size 15400960 bytes, new threshold 6 (max threshold 6)
[658.147s][info ][gc,heap      ] GC(711) ParNew: 243824K->3622K(270976K)
[658.147s][info ][gc,heap      ] GC(711) CMS: 325177K->325203K(602112K)
[658.147s][info ][gc,metaspace ] GC(711) Metaspace: 57516K->57516K(1101824K)
[658.147s][info ][gc           ] GC(711) Pause Young (Allocation Failure) 555M->321M(852M) 4.387ms
[658.147s][info ][gc,cpu       ] GC(711) User=0.02s Sys=0.00s Real=0.01s
[658.147s][info ][safepoint    ] Leaving safepoint region
[658.147s][info ][safepoint    ] Total time for which application threads were stopped: 0.0045221 seconds, Stopping threads took: 0.0000126 seconds
[659.148s][info ][safepoint    ] Application time: 1.0001158 seconds
[659.148s][info ][safepoint    ] Entering safepoint region: Cleanup
[659.148s][info ][safepoint    ] Leaving safepoint region
[659.148s][info ][safepoint    ] Total time for which application threads were stopped: 0.0000853 seconds, Stopping threads took: 0.0000154 seconds
[659.205s][info ][safepoint    ] Application time: 0.0572092 seconds
[659.205s][info ][safepoint    ] Entering safepoint region: GenCollectForAllocation
[659.205s][info ][gc,start     ] GC(712) Pause Young (Allocation Failure)
[659.205s][info ][gc,task      ] GC(712) Using 4 workers of 4 for evacuation
[659.209s][debug][gc,ref       ] GC(712) Skipped phase1 of Reference Processing due to unavailable references
[659.209s][debug][gc,ref       ] GC(712) Skipped phase2 of Reference Processing due to unavailable references
[659.209s][debug][gc,ref       ] GC(712) Skipped phase3 of Reference Processing due to unavailable references
[659.209s][debug][gc,ref       ] GC(712) Skipped phase4 of Reference Processing due to unavailable references
[659.209s][debug][gc,age       ] GC(712) Desired survivor size 15400960 bytes, new threshold 6 (max threshold 6)
[659.209s][info ][gc,heap      ] GC(712) ParNew: 244518K->2593K(270976K)
[659.209s][info ][gc,heap      ] GC(712) CMS: 325203K->325246K(602112K)
[659.209s][info ][gc,metaspace ] GC(712) Metaspace: 57516K->57516K(1101824K)
[659.209s][info ][gc           ] GC(712) Pause Young (Allocation Failure) 556M->320M(852M) 4.353ms
[659.209s][info ][gc,cpu       ] GC(712) User=0.02s Sys=0.00s Real=0.00s
[659.209s][info ][safepoint    ] Leaving safepoint region
[659.209s][info ][safepoint    ] Total time for which application threads were stopped: 0.0045174 seconds, Stopping threads took: 0.0000151 seconds
[660.209s][info ][safepoint    ] Application time: 1.0000835 seconds
[660.210s][info ][safepoint    ] Entering safepoint region: Cleanup
[660.210s][info ][safepoint    ] Leaving safepoint region
[660.210s][info ][safepoint    ] Total time for which application threads were stopped: 0.0001396 seconds, Stopping threads took: 0.0000649 seconds
[660.219s][info ][safepoint    ] Application time: 0.0097645 seconds
[660.219s][info ][safepoint    ] Entering safepoint region: GenCollectForAllocation
[660.220s][info ][gc,start     ] GC(713) Pause Young (Allocation Failure)
[660.220s][info ][gc,task      ] GC(713) Using 4 workers of 4 for evacuation
[660.224s][debug][gc,ref       ] GC(713) Skipped phase1 of Reference Processing due to unavailable references
[660.224s][debug][gc,ref       ] GC(713) Skipped phase2 of Reference Processing due to unavailable references
[660.224s][debug][gc,ref       ] GC(713) Skipped phase3 of Reference Processing due to unavailable references
[660.224s][debug][gc,ref       ] GC(713) Skipped phase4 of Reference Processing due to unavailable references
[660.224s][debug][gc,age       ] GC(713) Desired survivor size 15400960 bytes, new threshold 6 (max threshold 6)
[660.224s][info ][gc,heap      ] GC(713) ParNew: 243489K->2810K(270976K)
[660.224s][info ][gc,heap      ] GC(713) CMS: 325246K->325274K(602112K)
[660.224s][info ][gc,metaspace ] GC(713) Metaspace: 57516K->57516K(1101824K)
[660.224s][info ][gc           ] GC(713) Pause Young (Allocation Failure) 555M->320M(852M) 4.593ms
[660.224s][info ][gc,cpu       ] GC(713) User=0.02s Sys=0.00s Real=0.01s
[660.224s][info ][safepoint    ] Leaving safepoint region
[660.224s][info ][safepoint    ] Total time for which application threads were stopped: 0.0047346 seconds, Stopping threads took: 0.0000128 seconds
[661.224s][info ][safepoint    ] Application time: 1.0001109 seconds
[661.224s][info ][safepoint    ] Entering safepoint region: Cleanup
[661.225s][info ][safepoint    ] Leaving safepoint region
[661.225s][info ][safepoint    ] Total time for which application threads were stopped: 0.0001768 seconds, Stopping threads took: 0.0001139 seconds
[661.363s][info ][safepoint    ] Application time: 0.1385367 seconds
[661.363s][info ][safepoint    ] Entering safepoint region: GenCollectForAllocation
[661.363s][info ][gc,start     ] GC(714) Pause Young (Allocation Failure)
[661.363s][info ][gc,task      ] GC(714) Using 4 workers of 4 for evacuation
[661.368s][debug][gc,ref       ] GC(714) Skipped phase1 of Reference Processing due to unavailable references
[661.368s][debug][gc,ref       ] GC(714) Skipped phase2 of Reference Processing due to unavailable references
[661.368s][debug][gc,ref       ] GC(714) Skipped phase3 of Reference Processing due to unavailable references
[661.368s][debug][gc,ref       ] GC(714) Skipped phase4 of Reference Processing due to unavailable references
[661.368s][debug][gc,age       ] GC(714) Desired survivor size 15400960 bytes, new threshold 6 (max threshold 6)
[661.368s][info ][gc,heap      ] GC(714) ParNew: 243706K->3003K(270976K)
[661.368s][info ][gc,heap      ] GC(714) CMS: 325274K->325285K(602112K)
[661.368s][info ][gc,metaspace ] GC(714) Metaspace: 57518K->57518K(1101824K)
[661.368s][info ][gc           ] GC(714) Pause Young (Allocation Failure) 555M->320M(852M) 4.632ms
[661.368s][info ][gc,cpu       ] GC(714) User=0.02s Sys=0.00s Real=0.01s
[661.368s][info ][safepoint    ] Leaving safepoint region
[661.368s][info ][safepoint    ] Total time for which application threads were stopped: 0.0047927 seconds, Stopping threads took: 0.0000146 seconds
[662.365s][info ][safepoint    ] Application time: 0.9969701 seconds
[662.365s][info ][safepoint    ] Entering safepoint region: GenCollectForAllocation
[662.365s][info ][gc,start     ] GC(715) Pause Young (Allocation Failure)
[662.365s][info ][gc,task      ] GC(715) Using 4 workers of 4 for evacuation
[662.369s][debug][gc,ref       ] GC(715) Skipped phase1 of Reference Processing due to unavailable references
[662.369s][debug][gc,ref       ] GC(715) Skipped phase2 of Reference Processing due to unavailable references
[662.369s][debug][gc,ref       ] GC(715) Skipped phase3 of Reference Processing due to unavailable references
[662.369s][debug][gc,ref       ] GC(715) Skipped phase4 of Reference Processing due to unavailable references
[662.370s][debug][gc,age       ] GC(715) Desired survivor size 15400960 bytes, new threshold 6 (max threshold 6)
[662.370s][info ][gc,heap      ] GC(715) ParNew: 243899K->2602K(270976K)
[662.370s][info ][gc,heap      ] GC(715) CMS: 325285K->325352K(602112K)
[662.370s][info ][gc,metaspace ] GC(715) Metaspace: 57518K->57518K(1101824K)
[662.370s][info ][gc           ] GC(715) Pause Young (Allocation Failure) 555M->320M(852M) 4.573ms
[662.370s][info ][gc,cpu       ] GC(715) User=0.01s Sys=0.00s Real=0.00s
[662.370s][info ][safepoint    ] Leaving safepoint region
[662.370s][info ][safepoint    ] Total time for which application threads were stopped: 0.0047275 seconds, Stopping threads took: 0.0000144 seconds
[663.353s][info ][safepoint    ] Application time: 0.9833960 seconds
[663.353s][info ][safepoint    ] Entering safepoint region: GenCollectForAllocation
[663.353s][info ][gc,start     ] GC(716) Pause Young (Allocation Failure)
[663.353s][info ][gc,task      ] GC(716) Using 4 workers of 4 for evacuation
[663.357s][debug][gc,ref       ] GC(716) Skipped phase1 of Reference Processing due to unavailable references
[663.357s][debug][gc,ref       ] GC(716) Skipped phase2 of Reference Processing due to unavailable references
[663.357s][debug][gc,ref       ] GC(716) Skipped phase3 of Reference Processing due to unavailable references
[663.357s][debug][gc,ref       ] GC(716) Skipped phase4 of Reference Processing due to unavailable references
[663.357s][debug][gc,age       ] GC(716) Desired survivor size 15400960 bytes, new threshold 6 (max threshold 6)
[663.357s][info ][gc,heap      ] GC(716) ParNew: 243498K->3090K(270976K)
[663.357s][info ][gc,heap      ] GC(716) CMS: 325352K->325491K(602112K)
[663.357s][info ][gc,metaspace ] GC(716) Metaspace: 57518K->57518K(1101824K)
[663.357s][info ][gc           ] GC(716) Pause Young (Allocation Failure) 555M->320M(852M) 4.264ms
[663.357s][info ][gc,cpu       ] GC(716) User=0.02s Sys=0.00s Real=0.01s
[663.358s][info ][safepoint    ] Leaving safepoint region
[663.358s][info ][safepoint    ] Total time for which application threads were stopped: 0.0044782 seconds, Stopping threads took: 0.0000823 seconds
[664.358s][info ][safepoint    ] Application time: 1.0000827 seconds
[664.358s][info ][safepoint    ] Entering safepoint region: Cleanup
[664.358s][info ][safepoint    ] Leaving safepoint region
[664.358s][info ][safepoint    ] Total time for which application threads were stopped: 0.0001399 seconds, Stopping threads took: 0.0000555 seconds
[664.367s][info ][safepoint    ] Application time: 0.0094887 seconds
[664.367s][info ][safepoint    ] Entering safepoint region: GenCollectForAllocation
[664.367s][info ][gc,start     ] GC(717) Pause Young (Allocation Failure)
[664.367s][info ][gc,task      ] GC(717) Using 4 workers of 4 for evacuation
[664.371s][debug][gc,ref       ] GC(717) Skipped phase1 of Reference Processing due to unavailable references
[664.371s][debug][gc,ref       ] GC(717) Skipped phase2 of Reference Processing due to unavailable references
[664.371s][debug][gc,ref       ] GC(717) Skipped phase3 of Reference Processing due to unavailable references
[664.371s][debug][gc,ref       ] GC(717) Skipped phase4 of Reference Processing due to unavailable references
[664.372s][debug][gc,age       ] GC(717) Desired survivor size 15400960 bytes, new threshold 6 (max threshold 6)
[664.372s][info ][gc,heap      ] GC(717) ParNew: 243986K->3288K(270976K)
[664.372s][info ][gc,heap      ] GC(717) CMS: 325491K->325630K(602112K)
[664.372s][info ][gc,metaspace ] GC(717) Metaspace: 57518K->57518K(1101824K)
[664.372s][info ][gc           ] GC(717) Pause Young (Allocation Failure) 556M->321M(852M) 4.139ms
[664.372s][info ][gc,cpu       ] GC(717) User=0.02s Sys=0.00s Real=0.00s
[664.372s][info ][safepoint    ] Leaving safepoint region
[664.372s][info ][safepoint    ] Total time for which application threads were stopped: 0.0043141 seconds, Stopping threads took: 0.0000135 seconds
[665.372s][info ][safepoint    ] Application time: 1.0001061 seconds
[665.372s][info ][safepoint    ] Entering safepoint region: Cleanup
[665.372s][info ][safepoint    ] Leaving safepoint region
[665.372s][info ][safepoint    ] Total time for which application threads were stopped: 0.0001590 seconds, Stopping threads took: 0.0000680 seconds
[665.424s][info ][safepoint    ] Application time: 0.0521208 seconds
[665.424s][info ][safepoint    ] Entering safepoint region: GenCollectForAllocation
[665.424s][info ][gc,start     ] GC(718) Pause Young (Allocation Failure)
[665.424s][info ][gc,task      ] GC(718) Using 4 workers of 4 for evacuation
[665.429s][debug][gc,ref       ] GC(718) Skipped phase1 of Reference Processing due to unavailable references
[665.429s][debug][gc,ref       ] GC(718) Skipped phase2 of Reference Processing due to unavailable references
[665.429s][debug][gc,ref       ] GC(718) Skipped phase3 of Reference Processing due to unavailable references
[665.429s][debug][gc,ref       ] GC(718) Skipped phase4 of Reference Processing due to unavailable references
[665.429s][debug][gc,age       ] GC(718) Desired survivor size 15400960 bytes, new threshold 6 (max threshold 6)
[665.429s][info ][gc,heap      ] GC(718) ParNew: 244184K->3204K(270976K)
[665.429s][info ][gc,heap      ] GC(718) CMS: 325630K->325689K(602112K)
[665.429s][info ][gc,metaspace ] GC(718) Metaspace: 57518K->57518K(1101824K)
[665.429s][info ][gc           ] GC(718) Pause Young (Allocation Failure) 556M->321M(852M) 4.780ms
[665.429s][info ][gc,cpu       ] GC(718) User=0.01s Sys=0.00s Real=0.00s
[665.429s][info ][safepoint    ] Leaving safepoint region
[665.429s][info ][safepoint    ] Total time for which application threads were stopped: 0.0049416 seconds, Stopping threads took: 0.0000152 seconds
[666.429s][info ][safepoint    ] Application time: 1.0000458 seconds
[666.429s][info ][safepoint    ] Entering safepoint region: Cleanup
[666.429s][info ][safepoint    ] Leaving safepoint region
[666.429s][info ][safepoint    ] Total time for which application threads were stopped: 0.0001824 seconds, Stopping threads took: 0.0000857 seconds
[666.519s][info ][safepoint    ] Application time: 0.0898864 seconds
[666.519s][info ][safepoint    ] Entering safepoint region: GenCollectForAllocation
[666.519s][info ][gc,start     ] GC(719) Pause Young (Allocation Failure)
[666.519s][info ][gc,task      ] GC(719) Using 4 workers of 4 for evacuation
[666.523s][debug][gc,ref       ] GC(719) Skipped phase1 of Reference Processing due to unavailable references
[666.523s][debug][gc,ref       ] GC(719) Skipped phase2 of Reference Processing due to unavailable references
[666.523s][debug][gc,ref       ] GC(719) Skipped phase3 of Reference Processing due to unavailable references
[666.523s][debug][gc,ref       ] GC(719) Skipped phase4 of Reference Processing due to unavailable references
[666.524s][debug][gc,age       ] GC(719) Desired survivor size 15400960 bytes, new threshold 6 (max threshold 6)
[666.524s][info ][gc,heap      ] GC(719) ParNew: 244100K->3126K(270976K)
[666.524s][info ][gc,heap      ] GC(719) CMS: 325689K->325707K(602112K)
[666.524s][info ][gc,metaspace ] GC(719) Metaspace: 57518K->57518K(1101824K)
[666.524s][info ][gc           ] GC(719) Pause Young (Allocation Failure) 556M->321M(852M) 4.260ms
[666.524s][info ][gc,cpu       ] GC(719) User=0.01s Sys=0.01s Real=0.01s
[666.524s][info ][safepoint    ] Leaving safepoint region
[666.524s][info ][safepoint    ] Total time for which application threads were stopped: 0.0044225 seconds, Stopping threads took: 0.0000141 seconds
[667.524s][info ][safepoint    ] Application time: 1.0001602 seconds
[667.524s][info ][safepoint    ] Entering safepoint region: Cleanup
[667.524s][info ][safepoint    ] Leaving safepoint region
[667.524s][info ][safepoint    ] Total time for which application threads were stopped: 0.0006336 seconds, Stopping threads took: 0.0005547 seconds
[667.617s][info ][safepoint    ] Application time: 0.0928546 seconds
[667.617s][info ][safepoint    ] Entering safepoint region: GenCollectForAllocation
[667.617s][info ][gc,start     ] GC(720) Pause Young (Allocation Failure)
[667.617s][info ][gc,task      ] GC(720) Using 4 workers of 4 for evacuation
[667.621s][debug][gc,ref       ] GC(720) Skipped phase1 of Reference Processing due to unavailable references
[667.621s][debug][gc,ref       ] GC(720) Skipped phase2 of Reference Processing due to unavailable references
[667.621s][debug][gc,ref       ] GC(720) Skipped phase3 of Reference Processing due to unavailable references
[667.621s][debug][gc,ref       ] GC(720) Skipped phase4 of Reference Processing due to unavailable references
[667.622s][debug][gc,age       ] GC(720) Desired survivor size 15400960 bytes, new threshold 6 (max threshold 6)
[667.622s][info ][gc,heap      ] GC(720) ParNew: 244022K->3082K(270976K)
[667.622s][info ][gc,heap      ] GC(720) CMS: 325707K->325788K(602112K)
[667.622s][info ][gc,metaspace ] GC(720) Metaspace: 57518K->57518K(1101824K)
[667.622s][info ][gc           ] GC(720) Pause Young (Allocation Failure) 556M->321M(852M) 4.095ms
[667.622s][info ][gc,cpu       ] GC(720) User=0.01s Sys=0.00s Real=0.00s
[667.622s][info ][safepoint    ] Leaving safepoint region
[667.622s][info ][safepoint    ] Total time for which application threads were stopped: 0.0042390 seconds, Stopping threads took: 0.0000151 seconds
[668.613s][info ][safepoint    ] Application time: 0.9916331 seconds
[668.613s][info ][safepoint    ] Entering safepoint region: GenCollectForAllocation
[668.613s][info ][gc,start     ] GC(721) Pause Young (Allocation Failure)
[668.613s][info ][gc,task      ] GC(721) Using 4 workers of 4 for evacuation
[668.618s][debug][gc,ref       ] GC(721) Skipped phase1 of Reference Processing due to unavailable references
[668.618s][debug][gc,ref       ] GC(721) Skipped phase2 of Reference Processing due to unavailable references
[668.618s][debug][gc,ref       ] GC(721) Skipped phase3 of Reference Processing due to unavailable references
[668.618s][debug][gc,ref       ] GC(721) Skipped phase4 of Reference Processing due to unavailable references
[668.618s][debug][gc,age       ] GC(721) Desired survivor size 15400960 bytes, new threshold 6 (max threshold 6)
[668.618s][info ][gc,heap      ] GC(721) ParNew: 243978K->3656K(270976K)
[668.618s][info ][gc,heap      ] GC(721) CMS: 325788K->325836K(602112K)
[668.618s][info ][gc,metaspace ] GC(721) Metaspace: 57518K->57518K(1101824K)
[668.618s][info ][gc           ] GC(721) Pause Young (Allocation Failure) 556M->321M(852M) 4.490ms
[668.618s][info ][gc,cpu       ] GC(721) User=0.02s Sys=0.00s Real=0.01s
[668.618s][info ][safepoint    ] Leaving safepoint region
[668.618s][info ][safepoint    ] Total time for which application threads were stopped: 0.0046565 seconds, Stopping threads took: 0.0000147 seconds
[669.620s][info ][safepoint    ] Application time: 1.0023008 seconds
[669.620s][info ][safepoint    ] Entering safepoint region: Cleanup
[669.620s][info ][safepoint    ] Leaving safepoint region
[669.620s][info ][safepoint    ] Total time for which application threads were stopped: 0.0001301 seconds, Stopping threads took: 0.0000590 seconds
[669.782s][info ][safepoint    ] Application time: 0.1620141 seconds
[669.782s][info ][safepoint    ] Entering safepoint region: GenCollectForAllocation
[669.783s][info ][gc,start     ] GC(722) Pause Young (Allocation Failure)
[669.783s][info ][gc,task      ] GC(722) Using 4 workers of 4 for evacuation
[669.787s][debug][gc,ref       ] GC(722) Skipped phase1 of Reference Processing due to unavailable references
[669.787s][debug][gc,ref       ] GC(722) Skipped phase2 of Reference Processing due to unavailable references
[669.787s][debug][gc,ref       ] GC(722) Skipped phase3 of Reference Processing due to unavailable references
[669.787s][debug][gc,ref       ] GC(722) Skipped phase4 of Reference Processing due to unavailable references
[669.787s][debug][gc,age       ] GC(722) Desired survivor size 15400960 bytes, new threshold 6 (max threshold 6)
[669.787s][info ][gc,heap      ] GC(722) ParNew: 244552K->2702K(270976K)
[669.787s][info ][gc,heap      ] GC(722) CMS: 325836K->326022K(602112K)
[669.787s][info ][gc,metaspace ] GC(722) Metaspace: 57518K->57518K(1101824K)
[669.787s][info ][gc           ] GC(722) Pause Young (Allocation Failure) 557M->321M(852M) 4.486ms
[669.787s][info ][gc,cpu       ] GC(722) User=0.02s Sys=0.00s Real=0.01s
[669.787s][info ][safepoint    ] Leaving safepoint region
[669.787s][info ][safepoint    ] Total time for which application threads were stopped: 0.0046449 seconds, Stopping threads took: 0.0000138 seconds
[670.787s][info ][safepoint    ] Application time: 1.0000489 seconds
[670.787s][info ][safepoint    ] Entering safepoint region: Cleanup
[670.787s][info ][safepoint    ] Leaving safepoint region
[670.787s][info ][safepoint    ] Total time for which application threads were stopped: 0.0001560 seconds, Stopping threads took: 0.0000749 seconds
[670.834s][info ][safepoint    ] Application time: 0.0469277 seconds
[670.834s][info ][safepoint    ] Entering safepoint region: GenCollectForAllocation
[670.834s][info ][gc,start     ] GC(723) Pause Young (Allocation Failure)
[670.834s][info ][gc,task      ] GC(723) Using 4 workers of 4 for evacuation
[670.839s][debug][gc,ref       ] GC(723) Skipped phase1 of Reference Processing due to unavailable references
[670.839s][debug][gc,ref       ] GC(723) Skipped phase2 of Reference Processing due to unavailable references
[670.839s][debug][gc,ref       ] GC(723) Skipped phase3 of Reference Processing due to unavailable references
[670.839s][debug][gc,ref       ] GC(723) Skipped phase4 of Reference Processing due to unavailable references
[670.839s][debug][gc,age       ] GC(723) Desired survivor size 15400960 bytes, new threshold 6 (max threshold 6)
[670.839s][info ][gc,heap      ] GC(723) ParNew: 243598K->3077K(270976K)
[670.839s][info ][gc,heap      ] GC(723) CMS: 326022K->326160K(602112K)
[670.839s][info ][gc,metaspace ] GC(723) Metaspace: 57518K->57518K(1101824K)
[670.839s][info ][gc           ] GC(723) Pause Young (Allocation Failure) 556M->321M(852M) 4.631ms
[670.839s][info ][gc,cpu       ] GC(723) User=0.02s Sys=0.00s Real=0.01s
[670.839s][info ][safepoint    ] Leaving safepoint region
[670.839s][info ][safepoint    ] Total time for which application threads were stopped: 0.0047903 seconds, Stopping threads took: 0.0000143 seconds
[671.839s][info ][safepoint    ] Application time: 1.0001708 seconds
[671.839s][info ][safepoint    ] Entering safepoint region: Cleanup
[671.839s][info ][safepoint    ] Leaving safepoint region
[671.839s][info ][safepoint    ] Total time for which application threads were stopped: 0.0000720 seconds, Stopping threads took: 0.0000155 seconds
[671.880s][info ][safepoint    ] Application time: 0.0410250 seconds
[671.880s][info ][safepoint    ] Entering safepoint region: GenCollectForAllocation
[671.881s][info ][gc,start     ] GC(724) Pause Young (Allocation Failure)
[671.881s][info ][gc,task      ] GC(724) Using 4 workers of 4 for evacuation
[671.885s][debug][gc,ref       ] GC(724) Skipped phase1 of Reference Processing due to unavailable references
[671.885s][debug][gc,ref       ] GC(724) Skipped phase2 of Reference Processing due to unavailable references
[671.885s][debug][gc,ref       ] GC(724) Skipped phase3 of Reference Processing due to unavailable references
[671.885s][debug][gc,ref       ] GC(724) Skipped phase4 of Reference Processing due to unavailable references
[671.885s][debug][gc,age       ] GC(724) Desired survivor size 15400960 bytes, new threshold 6 (max threshold 6)
[671.885s][info ][gc,heap      ] GC(724) ParNew: 243973K->2463K(270976K)
[671.885s][info ][gc,heap      ] GC(724) CMS: 326160K->326172K(602112K)
[671.885s][info ][gc,metaspace ] GC(724) Metaspace: 57518K->57518K(1101824K)
[671.885s][info ][gc           ] GC(724) Pause Young (Allocation Failure) 556M->320M(852M) 4.544ms
[671.885s][info ][gc,cpu       ] GC(724) User=0.02s Sys=0.00s Real=0.01s
[671.885s][info ][safepoint    ] Leaving safepoint region
[671.885s][info ][safepoint    ] Total time for which application threads were stopped: 0.0047003 seconds, Stopping threads took: 0.0000137 seconds
[672.885s][info ][safepoint    ] Application time: 1.0000997 seconds
[672.885s][info ][safepoint    ] Entering safepoint region: Cleanup
[672.885s][info ][safepoint    ] Leaving safepoint region
[672.885s][info ][safepoint    ] Total time for which application threads were stopped: 0.0000679 seconds, Stopping threads took: 0.0000137 seconds
[672.959s][info ][safepoint    ] Application time: 0.0733653 seconds
[672.959s][info ][safepoint    ] Entering safepoint region: GenCollectForAllocation
[672.959s][info ][gc,start     ] GC(725) Pause Young (Allocation Failure)
[672.959s][info ][gc,task      ] GC(725) Using 4 workers of 4 for evacuation
[672.963s][debug][gc,ref       ] GC(725) Skipped phase1 of Reference Processing due to unavailable references
[672.963s][debug][gc,ref       ] GC(725) Skipped phase2 of Reference Processing due to unavailable references
[672.963s][debug][gc,ref       ] GC(725) Skipped phase3 of Reference Processing due to unavailable references
[672.963s][debug][gc,ref       ] GC(725) Skipped phase4 of Reference Processing due to unavailable references
[672.963s][debug][gc,age       ] GC(725) Desired survivor size 15400960 bytes, new threshold 6 (max threshold 6)
[672.963s][info ][gc,heap      ] GC(725) ParNew: 243359K->2956K(270976K)
[672.963s][info ][gc,heap      ] GC(725) CMS: 326172K->326216K(602112K)
[672.963s][info ][gc,metaspace ] GC(725) Metaspace: 57518K->57518K(1101824K)
[672.963s][info ][gc           ] GC(725) Pause Young (Allocation Failure) 556M->321M(852M) 4.103ms
[672.963s][info ][gc,cpu       ] GC(725) User=0.02s Sys=0.00s Real=0.00s
[672.963s][info ][safepoint    ] Leaving safepoint region
[672.963s][info ][safepoint    ] Total time for which application threads were stopped: 0.0042471 seconds, Stopping threads took: 0.0000133 seconds
[673.944s][info ][safepoint    ] Application time: 0.9807156 seconds
[673.944s][info ][safepoint    ] Entering safepoint region: GenCollectForAllocation
[673.944s][info ][gc,start     ] GC(726) Pause Young (Allocation Failure)
[673.944s][info ][gc,task      ] GC(726) Using 4 workers of 4 for evacuation
[673.948s][debug][gc,ref       ] GC(726) Skipped phase1 of Reference Processing due to unavailable references
[673.948s][debug][gc,ref       ] GC(726) Skipped phase2 of Reference Processing due to unavailable references
[673.948s][debug][gc,ref       ] GC(726) Skipped phase3 of Reference Processing due to unavailable references
[673.948s][debug][gc,ref       ] GC(726) Skipped phase4 of Reference Processing due to unavailable references
[673.948s][debug][gc,age       ] GC(726) Desired survivor size 15400960 bytes, new threshold 6 (max threshold 6)
[673.948s][info ][gc,heap      ] GC(726) ParNew: 243852K->2483K(270976K)
[673.948s][info ][gc,heap      ] GC(726) CMS: 326216K->326535K(602112K)
[673.948s][info ][gc,metaspace ] GC(726) Metaspace: 57519K->57519K(1101824K)
[673.948s][info ][gc           ] GC(726) Pause Young (Allocation Failure) 556M->321M(852M) 4.061ms
[673.948s][info ][gc,cpu       ] GC(726) User=0.02s Sys=0.00s Real=0.00s
[673.948s][info ][safepoint    ] Leaving safepoint region
[673.948s][info ][safepoint    ] Total time for which application threads were stopped: 0.0042160 seconds, Stopping threads took: 0.0000144 seconds
[674.924s][info ][safepoint    ] Application time: 0.9764749 seconds
[674.925s][info ][safepoint    ] Entering safepoint region: GenCollectForAllocation
[674.925s][info ][gc,start     ] GC(727) Pause Young (Allocation Failure)
[674.925s][info ][gc,task      ] GC(727) Using 4 workers of 4 for evacuation
[674.929s][debug][gc,ref       ] GC(727) Skipped phase1 of Reference Processing due to unavailable references
[674.929s][debug][gc,ref       ] GC(727) Skipped phase2 of Reference Processing due to unavailable references
[674.929s][debug][gc,ref       ] GC(727) Skipped phase3 of Reference Processing due to unavailable references
[674.929s][debug][gc,ref       ] GC(727) Skipped phase4 of Reference Processing due to unavailable references
[674.929s][debug][gc,age       ] GC(727) Desired survivor size 15400960 bytes, new threshold 6 (max threshold 6)
[674.929s][info ][gc,heap      ] GC(727) ParNew: 243379K->3072K(270976K)
[674.929s][info ][gc,heap      ] GC(727) CMS: 326535K->326596K(602112K)
[674.929s][info ][gc,metaspace ] GC(727) Metaspace: 57519K->57519K(1101824K)
[674.929s][info ][gc           ] GC(727) Pause Young (Allocation Failure) 556M->321M(852M) 4.118ms
[674.929s][info ][gc,cpu       ] GC(727) User=0.02s Sys=0.00s Real=0.00s
[674.929s][info ][safepoint    ] Leaving safepoint region
[674.929s][info ][safepoint    ] Total time for which application threads were stopped: 0.0042655 seconds, Stopping threads took: 0.0000148 seconds
[675.884s][info ][safepoint    ] Application time: 0.9548537 seconds
[675.884s][info ][safepoint    ] Entering safepoint region: GenCollectForAllocation
[675.884s][info ][gc,start     ] GC(728) Pause Young (Allocation Failure)
[675.884s][info ][gc,task      ] GC(728) Using 4 workers of 4 for evacuation
[675.888s][debug][gc,ref       ] GC(728) Skipped phase1 of Reference Processing due to unavailable references
[675.888s][debug][gc,ref       ] GC(728) Skipped phase2 of Reference Processing due to unavailable references
[675.888s][debug][gc,ref       ] GC(728) Skipped phase3 of Reference Processing due to unavailable references
[675.888s][debug][gc,ref       ] GC(728) Skipped phase4 of Reference Processing due to unavailable references
[675.888s][debug][gc,age       ] GC(728) Desired survivor size 15400960 bytes, new threshold 6 (max threshold 6)
[675.888s][info ][gc,heap      ] GC(728) ParNew: 243968K->3209K(270976K)
[675.888s][info ][gc,heap      ] GC(728) CMS: 326596K->326602K(602112K)
[675.888s][info ][gc,metaspace ] GC(728) Metaspace: 57519K->57519K(1101824K)
[675.888s][info ][gc           ] GC(728) Pause Young (Allocation Failure) 557M->322M(852M) 4.251ms
[675.888s][info ][gc,cpu       ] GC(728) User=0.01s Sys=0.00s Real=0.00s
[675.888s][info ][safepoint    ] Leaving safepoint region
[675.888s][info ][safepoint    ] Total time for which application threads were stopped: 0.0044072 seconds, Stopping threads took: 0.0000157 seconds
[676.888s][info ][safepoint    ] Application time: 1.0001140 seconds
[676.888s][info ][safepoint    ] Entering safepoint region: Cleanup
[676.888s][info ][safepoint    ] Leaving safepoint region
[676.888s][info ][safepoint    ] Total time for which application threads were stopped: 0.0001257 seconds, Stopping threads took: 0.0000566 seconds
[676.903s][info ][safepoint    ] Application time: 0.0145510 seconds
[676.903s][info ][safepoint    ] Entering safepoint region: GenCollectForAllocation
[676.903s][info ][gc,start     ] GC(729) Pause Young (Allocation Failure)
[676.903s][info ][gc,task      ] GC(729) Using 4 workers of 4 for evacuation
[676.907s][debug][gc,ref       ] GC(729) Skipped phase1 of Reference Processing due to unavailable references
[676.907s][debug][gc,ref       ] GC(729) Skipped phase2 of Reference Processing due to unavailable references
[676.907s][debug][gc,ref       ] GC(729) Skipped phase3 of Reference Processing due to unavailable references
[676.907s][debug][gc,ref       ] GC(729) Skipped phase4 of Reference Processing due to unavailable references
[676.907s][debug][gc,age       ] GC(729) Desired survivor size 15400960 bytes, new threshold 6 (max threshold 6)
[676.907s][info ][gc,heap      ] GC(729) ParNew: 244105K->3553K(270976K)
[676.907s][info ][gc,heap      ] GC(729) CMS: 326602K->326615K(602112K)
[676.907s][info ][gc,metaspace ] GC(729) Metaspace: 57519K->57519K(1101824K)
[676.907s][info ][gc           ] GC(729) Pause Young (Allocation Failure) 557M->322M(852M) 4.143ms
[676.907s][info ][gc,cpu       ] GC(729) User=0.02s Sys=0.00s Real=0.01s
[676.907s][info ][safepoint    ] Leaving safepoint region
[676.907s][info ][safepoint    ] Total time for which application threads were stopped: 0.0043059 seconds, Stopping threads took: 0.0000248 seconds
[677.907s][info ][safepoint    ] Application time: 1.0001020 seconds
[677.907s][info ][safepoint    ] Entering safepoint region: Cleanup
[677.908s][info ][safepoint    ] Leaving safepoint region
[677.908s][info ][safepoint    ] Total time for which application threads were stopped: 0.0001696 seconds, Stopping threads took: 0.0000833 seconds
[678.010s][info ][safepoint    ] Application time: 0.1023052 seconds
[678.010s][info ][safepoint    ] Entering safepoint region: GenCollectForAllocation
[678.010s][info ][gc,start     ] GC(730) Pause Young (Allocation Failure)
[678.010s][info ][gc,task      ] GC(730) Using 4 workers of 4 for evacuation
[678.014s][debug][gc,ref       ] GC(730) Skipped phase1 of Reference Processing due to unavailable references
[678.014s][debug][gc,ref       ] GC(730) Skipped phase2 of Reference Processing due to unavailable references
[678.014s][debug][gc,ref       ] GC(730) Skipped phase3 of Reference Processing due to unavailable references
[678.014s][debug][gc,ref       ] GC(730) Skipped phase4 of Reference Processing due to unavailable references
[678.014s][debug][gc,age       ] GC(730) Desired survivor size 15400960 bytes, new threshold 6 (max threshold 6)
[678.014s][info ][gc,heap      ] GC(730) ParNew: 244449K->3223K(270976K)
[678.014s][info ][gc,heap      ] GC(730) CMS: 326615K->326700K(602112K)
[678.014s][info ][gc,metaspace ] GC(730) Metaspace: 57519K->57519K(1101824K)
[678.014s][info ][gc           ] GC(730) Pause Young (Allocation Failure) 557M->322M(852M) 4.256ms
[678.014s][info ][gc,cpu       ] GC(730) User=0.02s Sys=0.00s Real=0.00s
[678.014s][info ][safepoint    ] Leaving safepoint region
[678.014s][info ][safepoint    ] Total time for which application threads were stopped: 0.0044383 seconds, Stopping threads took: 0.0000148 seconds
[679.014s][info ][safepoint    ] Application time: 1.0001016 seconds
[679.015s][info ][safepoint    ] Entering safepoint region: Cleanup
[679.015s][info ][safepoint    ] Leaving safepoint region
[679.015s][info ][safepoint    ] Total time for which application threads were stopped: 0.0001419 seconds, Stopping threads took: 0.0000633 seconds
[679.125s][info ][safepoint    ] Application time: 0.1106173 seconds
[679.125s][info ][safepoint    ] Entering safepoint region: GenCollectForAllocation
[679.125s][info ][gc,start     ] GC(731) Pause Young (Allocation Failure)
[679.125s][info ][gc,task      ] GC(731) Using 4 workers of 4 for evacuation
[679.130s][debug][gc,ref       ] GC(731) Skipped phase1 of Reference Processing due to unavailable references
[679.130s][debug][gc,ref       ] GC(731) Skipped phase2 of Reference Processing due to unavailable references
[679.130s][debug][gc,ref       ] GC(731) Skipped phase3 of Reference Processing due to unavailable references
[679.130s][debug][gc,ref       ] GC(731) Skipped phase4 of Reference Processing due to unavailable references
[679.130s][debug][gc,age       ] GC(731) Desired survivor size 15400960 bytes, new threshold 6 (max threshold 6)
[679.130s][info ][gc,heap      ] GC(731) ParNew: 244119K->3214K(270976K)
[679.130s][info ][gc,heap      ] GC(731) CMS: 326700K->326755K(602112K)
[679.130s][info ][gc,metaspace ] GC(731) Metaspace: 57519K->57519K(1101824K)
[679.130s][info ][gc           ] GC(731) Pause Young (Allocation Failure) 557M->322M(852M) 4.627ms
[679.130s][info ][gc,cpu       ] GC(731) User=0.01s Sys=0.00s Real=0.00s
[679.130s][info ][safepoint    ] Leaving safepoint region
[679.130s][info ][safepoint    ] Total time for which application threads were stopped: 0.0047709 seconds, Stopping threads took: 0.0000140 seconds
[680.086s][info ][safepoint    ] Application time: 0.9564530 seconds
[680.087s][info ][safepoint    ] Entering safepoint region: GenCollectForAllocation
[680.087s][info ][gc,start     ] GC(732) Pause Young (Allocation Failure)
[680.087s][info ][gc,task      ] GC(732) Using 4 workers of 4 for evacuation
[680.092s][debug][gc,ref       ] GC(732) Skipped phase1 of Reference Processing due to unavailable references
[680.092s][debug][gc,ref       ] GC(732) Skipped phase2 of Reference Processing due to unavailable references
[680.092s][debug][gc,ref       ] GC(732) Skipped phase3 of Reference Processing due to unavailable references
[680.092s][debug][gc,ref       ] GC(732) Skipped phase4 of Reference Processing due to unavailable references
[680.092s][debug][gc,age       ] GC(732) Desired survivor size 15400960 bytes, new threshold 6 (max threshold 6)
[680.092s][info ][gc,heap      ] GC(732) ParNew: 244110K->3500K(270976K)
[680.092s][info ][gc,heap      ] GC(732) CMS: 326755K->326825K(602112K)
[680.092s][info ][gc,metaspace ] GC(732) Metaspace: 57520K->57520K(1101824K)
[680.092s][info ][gc           ] GC(732) Pause Young (Allocation Failure) 557M->322M(852M) 5.379ms
[680.092s][info ][gc,cpu       ] GC(732) User=0.02s Sys=0.00s Real=0.00s
[680.092s][info ][safepoint    ] Leaving safepoint region
[680.092s][info ][safepoint    ] Total time for which application threads were stopped: 0.0055412 seconds, Stopping threads took: 0.0000153 seconds
[681.092s][info ][safepoint    ] Application time: 1.0000976 seconds
[681.092s][info ][safepoint    ] Entering safepoint region: Cleanup
[681.092s][info ][safepoint    ] Leaving safepoint region
[681.092s][info ][safepoint    ] Total time for which application threads were stopped: 0.0000721 seconds, Stopping threads took: 0.0000148 seconds
[681.203s][info ][safepoint    ] Application time: 0.1109744 seconds
[681.203s][info ][safepoint    ] Entering safepoint region: GenCollectForAllocation
[681.203s][info ][gc,start     ] GC(733) Pause Young (Allocation Failure)
[681.203s][info ][gc,task      ] GC(733) Using 4 workers of 4 for evacuation
[681.208s][debug][gc,ref       ] GC(733) Skipped phase1 of Reference Processing due to unavailable references
[681.208s][debug][gc,ref       ] GC(733) Skipped phase2 of Reference Processing due to unavailable references
[681.208s][debug][gc,ref       ] GC(733) Skipped phase3 of Reference Processing due to unavailable references
[681.208s][debug][gc,ref       ] GC(733) Skipped phase4 of Reference Processing due to unavailable references
[681.208s][debug][gc,age       ] GC(733) Desired survivor size 15400960 bytes, new threshold 6 (max threshold 6)
[681.208s][info ][gc,heap      ] GC(733) ParNew: 244396K->3248K(270976K)
[681.208s][info ][gc,heap      ] GC(733) CMS: 326825K->326966K(602112K)
[681.208s][info ][gc,metaspace ] GC(733) Metaspace: 57520K->57520K(1101824K)
[681.208s][info ][gc           ] GC(733) Pause Young (Allocation Failure) 557M->322M(852M) 4.495ms
[681.208s][info ][gc,cpu       ] GC(733) User=0.02s Sys=0.00s Real=0.00s
[681.208s][info ][safepoint    ] Leaving safepoint region
[681.208s][info ][safepoint    ] Total time for which application threads were stopped: 0.0047182 seconds, Stopping threads took: 0.0000915 seconds
[682.208s][info ][safepoint    ] Application time: 1.0001016 seconds
[682.208s][info ][safepoint    ] Entering safepoint region: Cleanup
[682.208s][info ][safepoint    ] Leaving safepoint region
[682.208s][info ][safepoint    ] Total time for which application threads were stopped: 0.0001403 seconds, Stopping threads took: 0.0000665 seconds
[682.281s][info ][safepoint    ] Application time: 0.0731822 seconds
[682.282s][info ][safepoint    ] Entering safepoint region: GenCollectForAllocation
[682.282s][info ][gc,start     ] GC(734) Pause Young (Allocation Failure)
[682.282s][info ][gc,task      ] GC(734) Using 4 workers of 4 for evacuation
[682.286s][debug][gc,ref       ] GC(734) Skipped phase1 of Reference Processing due to unavailable references
[682.286s][debug][gc,ref       ] GC(734) Skipped phase2 of Reference Processing due to unavailable references
[682.286s][debug][gc,ref       ] GC(734) Skipped phase3 of Reference Processing due to unavailable references
[682.286s][debug][gc,ref       ] GC(734) Skipped phase4 of Reference Processing due to unavailable references
[682.286s][debug][gc,age       ] GC(734) Desired survivor size 15400960 bytes, new threshold 6 (max threshold 6)
[682.286s][info ][gc,heap      ] GC(734) ParNew: 244144K->2808K(270976K)
[682.286s][info ][gc,heap      ] GC(734) CMS: 326966K->327138K(602112K)
[682.286s][info ][gc,metaspace ] GC(734) Metaspace: 57521K->57521K(1101824K)
[682.286s][info ][gc           ] GC(734) Pause Young (Allocation Failure) 557M->322M(852M) 4.415ms
[682.286s][info ][gc,cpu       ] GC(734) User=0.02s Sys=0.00s Real=0.01s
[682.286s][info ][safepoint    ] Leaving safepoint region
[682.286s][info ][safepoint    ] Total time for which application threads were stopped: 0.0045697 seconds, Stopping threads took: 0.0000145 seconds
[683.136s][info ][safepoint    ] Application time: 0.8503649 seconds
[683.136s][info ][safepoint    ] Entering safepoint region: GenCollectForAllocation
[683.137s][info ][gc,start     ] GC(735) Pause Young (Allocation Failure)
[683.137s][info ][gc,task      ] GC(735) Using 4 workers of 4 for evacuation
[683.142s][debug][gc,ref       ] GC(735) Skipped phase1 of Reference Processing due to unavailable references
[683.142s][debug][gc,ref       ] GC(735) Skipped phase3 of Reference Processing due to unavailable references
[683.142s][debug][gc,age       ] GC(735) Desired survivor size 15400960 bytes, new threshold 6 (max threshold 6)
[683.142s][info ][gc,heap      ] GC(735) ParNew: 243704K->3755K(270976K)
[683.142s][info ][gc,heap      ] GC(735) CMS: 327138K->327216K(602112K)
[683.142s][info ][gc,metaspace ] GC(735) Metaspace: 57533K->57533K(1101824K)
[683.142s][info ][gc           ] GC(735) Pause Young (Allocation Failure) 557M->323M(852M) 5.316ms
[683.142s][info ][gc,cpu       ] GC(735) User=0.02s Sys=0.00s Real=0.00s
[683.142s][info ][safepoint    ] Leaving safepoint region
[683.142s][info ][safepoint    ] Total time for which application threads were stopped: 0.0054893 seconds, Stopping threads took: 0.0000130 seconds
[683.964s][info ][safepoint    ] Application time: 0.8216086 seconds
[683.964s][info ][safepoint    ] Entering safepoint region: GenCollectForAllocation
[683.964s][info ][gc,start     ] GC(736) Pause Young (Allocation Failure)
[683.964s][info ][gc,task      ] GC(736) Using 4 workers of 4 for evacuation
[683.969s][debug][gc,ref       ] GC(736) Skipped phase1 of Reference Processing due to unavailable references
[683.969s][debug][gc,ref       ] GC(736) Skipped phase3 of Reference Processing due to unavailable references
[683.969s][debug][gc,ref       ] GC(736) Skipped phase4 of Reference Processing due to unavailable references
[683.969s][debug][gc,age       ] GC(736) Desired survivor size 15400960 bytes, new threshold 6 (max threshold 6)
[683.969s][info ][gc,heap      ] GC(736) ParNew: 244651K->4450K(270976K)
[683.969s][info ][gc,heap      ] GC(736) CMS: 327216K->327252K(602112K)
[683.969s][info ][gc,metaspace ] GC(736) Metaspace: 57538K->57538K(1101824K)
[683.969s][info ][gc           ] GC(736) Pause Young (Allocation Failure) 558M->323M(852M) 5.381ms
[683.969s][info ][gc,cpu       ] GC(736) User=0.02s Sys=0.00s Real=0.00s
[683.969s][info ][safepoint    ] Leaving safepoint region
[683.969s][info ][safepoint    ] Total time for which application threads were stopped: 0.0055851 seconds, Stopping threads took: 0.0000565 seconds
[684.775s][info ][safepoint    ] Application time: 0.8054862 seconds
[684.775s][info ][safepoint    ] Entering safepoint region: GenCollectForAllocation
[684.775s][info ][gc,start     ] GC(737) Pause Young (Allocation Failure)
[684.775s][info ][gc,task      ] GC(737) Using 4 workers of 4 for evacuation
[684.790s][debug][gc,ref       ] GC(737) Skipped phase1 of Reference Processing due to unavailable references
[684.790s][debug][gc,ref       ] GC(737) Skipped phase3 of Reference Processing due to unavailable references
[684.790s][debug][gc,ref       ] GC(737) Skipped phase4 of Reference Processing due to unavailable references
[684.790s][debug][gc,age       ] GC(737) Desired survivor size 15400960 bytes, new threshold 6 (max threshold 6)
[684.790s][info ][gc,heap      ] GC(737) ParNew: 245346K->4460K(270976K)
[684.790s][info ][gc,heap      ] GC(737) CMS: 327252K->327313K(602112K)
[684.790s][info ][gc,metaspace ] GC(737) Metaspace: 57539K->57539K(1101824K)
[684.790s][info ][gc           ] GC(737) Pause Young (Allocation Failure) 559M->323M(852M) 15.471ms
[684.790s][info ][gc,cpu       ] GC(737) User=0.02s Sys=0.00s Real=0.02s
[684.790s][info ][safepoint    ] Leaving safepoint region
[684.790s][info ][safepoint    ] Total time for which application threads were stopped: 0.0156312 seconds, Stopping threads took: 0.0000155 seconds
[685.640s][info ][safepoint    ] Application time: 0.8496847 seconds
[685.640s][info ][safepoint    ] Entering safepoint region: GenCollectForAllocation
[685.640s][info ][gc,start     ] GC(738) Pause Young (Allocation Failure)
[685.640s][info ][gc,task      ] GC(738) Using 4 workers of 4 for evacuation
[685.647s][debug][gc,ref       ] GC(738) Skipped phase1 of Reference Processing due to unavailable references
[685.647s][debug][gc,ref       ] GC(738) Skipped phase3 of Reference Processing due to unavailable references
[685.647s][debug][gc,ref       ] GC(738) Skipped phase4 of Reference Processing due to unavailable references
[685.647s][debug][gc,age       ] GC(738) Desired survivor size 15400960 bytes, new threshold 6 (max threshold 6)
[685.647s][info ][gc,heap      ] GC(738) ParNew: 245356K->4870K(270976K)
[685.647s][info ][gc,heap      ] GC(738) CMS: 327313K->327415K(602112K)
[685.647s][info ][gc,metaspace ] GC(738) Metaspace: 57539K->57539K(1101824K)
[685.647s][info ][gc           ] GC(738) Pause Young (Allocation Failure) 559M->324M(852M) 7.122ms
[685.647s][info ][gc,cpu       ] GC(738) User=0.03s Sys=0.00s Real=0.01s
[685.647s][info ][safepoint    ] Leaving safepoint region
[685.647s][info ][safepoint    ] Total time for which application threads were stopped: 0.0072825 seconds, Stopping threads took: 0.0000138 seconds
[686.467s][info ][safepoint    ] Application time: 0.8197082 seconds
[686.467s][info ][safepoint    ] Entering safepoint region: GenCollectForAllocation
[686.467s][info ][gc,start     ] GC(739) Pause Young (Allocation Failure)
[686.467s][info ][gc,task      ] GC(739) Using 4 workers of 4 for evacuation
[686.473s][debug][gc,ref       ] GC(739) Skipped phase1 of Reference Processing due to unavailable references
[686.473s][debug][gc,ref       ] GC(739) Skipped phase3 of Reference Processing due to unavailable references
[686.473s][debug][gc,ref       ] GC(739) Skipped phase4 of Reference Processing due to unavailable references
[686.473s][debug][gc,age       ] GC(739) Desired survivor size 15400960 bytes, new threshold 6 (max threshold 6)
[686.473s][info ][gc,heap      ] GC(739) ParNew: 245766K->4310K(270976K)
[686.473s][info ][gc,heap      ] GC(739) CMS: 327415K->327497K(602112K)
[686.473s][info ][gc,metaspace ] GC(739) Metaspace: 57539K->57539K(1101824K)
[686.473s][info ][gc           ] GC(739) Pause Young (Allocation Failure) 559M->324M(852M) 5.696ms
[686.473s][info ][gc,cpu       ] GC(739) User=0.02s Sys=0.00s Real=0.00s
[686.473s][info ][safepoint    ] Leaving safepoint region
[686.473s][info ][safepoint    ] Total time for which application threads were stopped: 0.0059113 seconds, Stopping threads took: 0.0000137 seconds
[687.250s][info ][safepoint    ] Application time: 0.7773210 seconds
[687.250s][info ][safepoint    ] Entering safepoint region: GenCollectForAllocation
[687.251s][info ][gc,start     ] GC(740) Pause Young (Allocation Failure)
[687.251s][info ][gc,task      ] GC(740) Using 4 workers of 4 for evacuation
[687.256s][debug][gc,ref       ] GC(740) Skipped phase1 of Reference Processing due to unavailable references
[687.256s][debug][gc,ref       ] GC(740) Skipped phase3 of Reference Processing due to unavailable references
[687.256s][debug][gc,ref       ] GC(740) Skipped phase4 of Reference Processing due to unavailable references
[687.256s][debug][gc,age       ] GC(740) Desired survivor size 15400960 bytes, new threshold 6 (max threshold 6)
[687.256s][info ][gc,heap      ] GC(740) ParNew: 245206K->4471K(270976K)
[687.256s][info ][gc,heap      ] GC(740) CMS: 327497K->327510K(602112K)
[687.256s][info ][gc,metaspace ] GC(740) Metaspace: 57539K->57539K(1101824K)
[687.256s][info ][gc           ] GC(740) Pause Young (Allocation Failure) 559M->324M(852M) 5.579ms
[687.256s][info ][gc,cpu       ] GC(740) User=0.02s Sys=0.00s Real=0.01s
[687.256s][info ][safepoint    ] Leaving safepoint region
[687.256s][info ][safepoint    ] Total time for which application threads were stopped: 0.0057395 seconds, Stopping threads took: 0.0000144 seconds
[688.058s][info ][safepoint    ] Application time: 0.8020012 seconds
[688.058s][info ][safepoint    ] Entering safepoint region: GenCollectForAllocation
[688.058s][info ][gc,start     ] GC(741) Pause Young (Allocation Failure)
[688.058s][info ][gc,task      ] GC(741) Using 4 workers of 4 for evacuation
[688.064s][debug][gc,ref       ] GC(741) Skipped phase1 of Reference Processing due to unavailable references
[688.064s][debug][gc,ref       ] GC(741) Skipped phase2 of Reference Processing due to unavailable references
[688.064s][debug][gc,ref       ] GC(741) Skipped phase3 of Reference Processing due to unavailable references
[688.064s][debug][gc,ref       ] GC(741) Skipped phase4 of Reference Processing due to unavailable references
[688.064s][debug][gc,age       ] GC(741) Desired survivor size 15400960 bytes, new threshold 6 (max threshold 6)
[688.064s][info ][gc,heap      ] GC(741) ParNew: 245367K->4584K(270976K)
[688.064s][info ][gc,heap      ] GC(741) CMS: 327510K->327725K(602112K)
[688.064s][info ][gc,metaspace ] GC(741) Metaspace: 57543K->57543K(1101824K)
[688.064s][info ][gc           ] GC(741) Pause Young (Allocation Failure) 559M->324M(852M) 5.783ms
[688.064s][info ][gc,cpu       ] GC(741) User=0.02s Sys=0.00s Real=0.01s
[688.064s][info ][safepoint    ] Leaving safepoint region
[688.064s][info ][safepoint    ] Total time for which application threads were stopped: 0.0059672 seconds, Stopping threads took: 0.0000134 seconds
[688.894s][info ][safepoint    ] Application time: 0.8296315 seconds
[688.894s][info ][safepoint    ] Entering safepoint region: GenCollectForAllocation
[688.894s][info ][gc,start     ] GC(742) Pause Young (Allocation Failure)
[688.894s][info ][gc,task      ] GC(742) Using 4 workers of 4 for evacuation
[688.900s][debug][gc,ref       ] GC(742) Skipped phase1 of Reference Processing due to unavailable references
[688.900s][debug][gc,ref       ] GC(742) Skipped phase2 of Reference Processing due to unavailable references
[688.900s][debug][gc,ref       ] GC(742) Skipped phase3 of Reference Processing due to unavailable references
[688.900s][debug][gc,ref       ] GC(742) Skipped phase4 of Reference Processing due to unavailable references
[688.900s][debug][gc,age       ] GC(742) Desired survivor size 15400960 bytes, new threshold 6 (max threshold 6)
[688.900s][info ][gc,heap      ] GC(742) ParNew: 245480K->4472K(270976K)
[688.900s][info ][gc,heap      ] GC(742) CMS: 327725K->327914K(602112K)
[688.900s][info ][gc,metaspace ] GC(742) Metaspace: 57545K->57545K(1101824K)
[688.900s][info ][gc           ] GC(742) Pause Young (Allocation Failure) 559M->324M(852M) 6.404ms
[688.900s][info ][gc,cpu       ] GC(742) User=0.03s Sys=0.00s Real=0.01s
[688.900s][info ][safepoint    ] Leaving safepoint region
[688.900s][info ][safepoint    ] Total time for which application threads were stopped: 0.0065611 seconds, Stopping threads took: 0.0000275 seconds
[689.708s][info ][safepoint    ] Application time: 0.8078593 seconds
[689.708s][info ][safepoint    ] Entering safepoint region: GenCollectForAllocation
[689.708s][info ][gc,start     ] GC(743) Pause Young (Allocation Failure)
[689.708s][info ][gc,task      ] GC(743) Using 4 workers of 4 for evacuation
[689.714s][debug][gc,ref       ] GC(743) Skipped phase1 of Reference Processing due to unavailable references
[689.714s][debug][gc,ref       ] GC(743) Skipped phase2 of Reference Processing due to unavailable references
[689.714s][debug][gc,ref       ] GC(743) Skipped phase3 of Reference Processing due to unavailable references
[689.714s][debug][gc,ref       ] GC(743) Skipped phase4 of Reference Processing due to unavailable references
[689.714s][debug][gc,age       ] GC(743) Desired survivor size 15400960 bytes, new threshold 6 (max threshold 6)
[689.714s][info ][gc,heap      ] GC(743) ParNew: 245368K->4391K(270976K)
[689.714s][info ][gc,heap      ] GC(743) CMS: 327914K->328033K(602112K)
[689.714s][info ][gc,metaspace ] GC(743) Metaspace: 57545K->57545K(1101824K)
[689.714s][info ][gc           ] GC(743) Pause Young (Allocation Failure) 559M->324M(852M) 5.489ms
[689.714s][info ][gc,cpu       ] GC(743) User=0.02s Sys=0.00s Real=0.00s
[689.714s][info ][safepoint    ] Leaving safepoint region
[689.714s][info ][safepoint    ] Total time for which application threads were stopped: 0.0056395 seconds, Stopping threads took: 0.0000138 seconds
[690.578s][info ][safepoint    ] Application time: 0.8645855 seconds
[690.579s][info ][safepoint    ] Entering safepoint region: GenCollectForAllocation
[690.579s][info ][gc,start     ] GC(744) Pause Young (Allocation Failure)
[690.579s][info ][gc,task      ] GC(744) Using 4 workers of 4 for evacuation
[690.584s][debug][gc,ref       ] GC(744) Skipped phase1 of Reference Processing due to unavailable references
[690.584s][debug][gc,ref       ] GC(744) Skipped phase2 of Reference Processing due to unavailable references
[690.584s][debug][gc,ref       ] GC(744) Skipped phase3 of Reference Processing due to unavailable references
[690.584s][debug][gc,ref       ] GC(744) Skipped phase4 of Reference Processing due to unavailable references
[690.584s][debug][gc,age       ] GC(744) Desired survivor size 15400960 bytes, new threshold 6 (max threshold 6)
[690.584s][info ][gc,heap      ] GC(744) ParNew: 245287K->4985K(270976K)
[690.584s][info ][gc,heap      ] GC(744) CMS: 328033K->328104K(602112K)
[690.584s][info ][gc,metaspace ] GC(744) Metaspace: 57545K->57545K(1101824K)
[690.584s][info ][gc           ] GC(744) Pause Young (Allocation Failure) 559M->325M(852M) 5.838ms
[690.584s][info ][gc,cpu       ] GC(744) User=0.02s Sys=0.00s Real=0.01s
[690.585s][info ][safepoint    ] Leaving safepoint region
[690.585s][info ][safepoint    ] Total time for which application threads were stopped: 0.0060091 seconds, Stopping threads took: 0.0000166 seconds
[691.393s][info ][safepoint    ] Application time: 0.8088907 seconds
[691.393s][info ][safepoint    ] Entering safepoint region: GenCollectForAllocation
[691.394s][info ][gc,start     ] GC(745) Pause Young (Allocation Failure)
[691.394s][info ][gc,task      ] GC(745) Using 4 workers of 4 for evacuation
[691.400s][debug][gc,ref       ] GC(745) Skipped phase1 of Reference Processing due to unavailable references
[691.400s][debug][gc,ref       ] GC(745) Skipped phase2 of Reference Processing due to unavailable references
[691.400s][debug][gc,ref       ] GC(745) Skipped phase3 of Reference Processing due to unavailable references
[691.400s][debug][gc,ref       ] GC(745) Skipped phase4 of Reference Processing due to unavailable references
[691.400s][debug][gc,age       ] GC(745) Desired survivor size 15400960 bytes, new threshold 6 (max threshold 6)
[691.400s][info ][gc,heap      ] GC(745) ParNew: 245881K->5112K(270976K)
[691.400s][info ][gc,heap      ] GC(745) CMS: 328104K->328265K(602112K)
[691.400s][info ][gc,metaspace ] GC(745) Metaspace: 57546K->57546K(1101824K)
[691.400s][info ][gc           ] GC(745) Pause Young (Allocation Failure) 560M->325M(852M) 6.583ms
[691.400s][info ][gc,cpu       ] GC(745) User=0.03s Sys=0.00s Real=0.01s
[691.400s][info ][safepoint    ] Leaving safepoint region
[691.400s][info ][safepoint    ] Total time for which application threads were stopped: 0.0067317 seconds, Stopping threads took: 0.0000147 seconds
[692.203s][info ][safepoint    ] Application time: 0.8032538 seconds
[692.203s][info ][safepoint    ] Entering safepoint region: GenCollectForAllocation
[692.204s][info ][gc,start     ] GC(746) Pause Young (Allocation Failure)
[692.204s][info ][gc,task      ] GC(746) Using 4 workers of 4 for evacuation
[692.209s][debug][gc,ref       ] GC(746) Skipped phase1 of Reference Processing due to unavailable references
[692.209s][debug][gc,ref       ] GC(746) Skipped phase2 of Reference Processing due to unavailable references
[692.209s][debug][gc,ref       ] GC(746) Skipped phase3 of Reference Processing due to unavailable references
[692.209s][debug][gc,ref       ] GC(746) Skipped phase4 of Reference Processing due to unavailable references
[692.209s][debug][gc,age       ] GC(746) Desired survivor size 15400960 bytes, new threshold 6 (max threshold 6)
[692.209s][info ][gc,heap      ] GC(746) ParNew: 246008K->5297K(270976K)
[692.209s][info ][gc,heap      ] GC(746) CMS: 328265K->328357K(602112K)
[692.209s][info ][gc,metaspace ] GC(746) Metaspace: 57546K->57546K(1101824K)
[692.209s][info ][gc           ] GC(746) Pause Young (Allocation Failure) 560M->325M(852M) 5.138ms
[692.209s][info ][gc,cpu       ] GC(746) User=0.01s Sys=0.01s Real=0.00s
[692.209s][info ][safepoint    ] Leaving safepoint region
[692.209s][info ][safepoint    ] Total time for which application threads were stopped: 0.0052946 seconds, Stopping threads took: 0.0000146 seconds
[692.998s][info ][safepoint    ] Application time: 0.7888185 seconds
[692.998s][info ][safepoint    ] Entering safepoint region: GenCollectForAllocation
[692.998s][info ][gc,start     ] GC(747) Pause Young (Allocation Failure)
[692.998s][info ][gc,task      ] GC(747) Using 4 workers of 4 for evacuation
[693.003s][debug][gc,ref       ] GC(747) Skipped phase1 of Reference Processing due to unavailable references
[693.003s][debug][gc,ref       ] GC(747) Skipped phase2 of Reference Processing due to unavailable references
[693.003s][debug][gc,ref       ] GC(747) Skipped phase3 of Reference Processing due to unavailable references
[693.003s][debug][gc,ref       ] GC(747) Skipped phase4 of Reference Processing due to unavailable references
[693.003s][debug][gc,age       ] GC(747) Desired survivor size 15400960 bytes, new threshold 6 (max threshold 6)
[693.003s][info ][gc,heap      ] GC(747) ParNew: 246193K->5309K(270976K)
[693.003s][info ][gc,heap      ] GC(747) CMS: 328357K->328662K(602112K)
[693.003s][info ][gc,metaspace ] GC(747) Metaspace: 57546K->57546K(1101824K)
[693.003s][info ][gc           ] GC(747) Pause Young (Allocation Failure) 561M->326M(852M) 5.588ms
[693.003s][info ][gc,cpu       ] GC(747) User=0.02s Sys=0.00s Real=0.00s
[693.003s][info ][safepoint    ] Leaving safepoint region
[693.003s][info ][safepoint    ] Total time for which application threads were stopped: 0.0057378 seconds, Stopping threads took: 0.0000142 seconds
[693.792s][info ][safepoint    ] Application time: 0.7886011 seconds
[693.792s][info ][safepoint    ] Entering safepoint region: GenCollectForAllocation
[693.792s][info ][gc,start     ] GC(748) Pause Young (Allocation Failure)
[693.792s][info ][gc,task      ] GC(748) Using 4 workers of 4 for evacuation
[693.798s][debug][gc,ref       ] GC(748) Skipped phase1 of Reference Processing due to unavailable references
[693.798s][debug][gc,ref       ] GC(748) Skipped phase2 of Reference Processing due to unavailable references
[693.798s][debug][gc,ref       ] GC(748) Skipped phase3 of Reference Processing due to unavailable references
[693.798s][debug][gc,ref       ] GC(748) Skipped phase4 of Reference Processing due to unavailable references
[693.798s][debug][gc,age       ] GC(748) Desired survivor size 15400960 bytes, new threshold 6 (max threshold 6)
[693.798s][info ][gc,heap      ] GC(748) ParNew: 246205K->5003K(270976K)
[693.798s][info ][gc,heap      ] GC(748) CMS: 328662K->328844K(602112K)
[693.798s][info ][gc,metaspace ] GC(748) Metaspace: 57549K->57549K(1101824K)
[693.798s][info ][gc           ] GC(748) Pause Young (Allocation Failure) 561M->326M(852M) 5.638ms
[693.798s][info ][gc,cpu       ] GC(748) User=0.02s Sys=0.00s Real=0.01s
[693.798s][info ][safepoint    ] Leaving safepoint region
[693.798s][info ][safepoint    ] Total time for which application threads were stopped: 0.0057916 seconds, Stopping threads took: 0.0000138 seconds
[694.586s][info ][safepoint    ] Application time: 0.7885138 seconds
[694.586s][info ][safepoint    ] Entering safepoint region: GenCollectForAllocation
[694.586s][info ][gc,start     ] GC(749) Pause Young (Allocation Failure)
[694.586s][info ][gc,task      ] GC(749) Using 4 workers of 4 for evacuation
[694.591s][debug][gc,ref       ] GC(749) Skipped phase1 of Reference Processing due to unavailable references
[694.591s][debug][gc,ref       ] GC(749) Skipped phase2 of Reference Processing due to unavailable references
[694.591s][debug][gc,ref       ] GC(749) Skipped phase3 of Reference Processing due to unavailable references
[694.591s][debug][gc,ref       ] GC(749) Skipped phase4 of Reference Processing due to unavailable references
[694.591s][debug][gc,age       ] GC(749) Desired survivor size 15400960 bytes, new threshold 6 (max threshold 6)
[694.591s][info ][gc,heap      ] GC(749) ParNew: 245899K->4905K(270976K)
[694.591s][info ][gc,heap      ] GC(749) CMS: 328844K->329034K(602112K)
[694.591s][info ][gc,metaspace ] GC(749) Metaspace: 57551K->57551K(1101824K)
[694.591s][info ][gc           ] GC(749) Pause Young (Allocation Failure) 561M->326M(852M) 4.922ms
[694.591s][info ][gc,cpu       ] GC(749) User=0.02s Sys=0.00s Real=0.00s
[694.591s][info ][safepoint    ] Leaving safepoint region
[694.591s][info ][safepoint    ] Total time for which application threads were stopped: 0.0051122 seconds, Stopping threads took: 0.0000144 seconds
[695.385s][info ][safepoint    ] Application time: 0.7938032 seconds
[695.385s][info ][safepoint    ] Entering safepoint region: GenCollectForAllocation
[695.385s][info ][gc,start     ] GC(750) Pause Young (Allocation Failure)
[695.385s][info ][gc,task      ] GC(750) Using 4 workers of 4 for evacuation
[695.390s][debug][gc,ref       ] GC(750) Skipped phase1 of Reference Processing due to unavailable references
[695.390s][debug][gc,ref       ] GC(750) Skipped phase2 of Reference Processing due to unavailable references
[695.390s][debug][gc,ref       ] GC(750) Skipped phase3 of Reference Processing due to unavailable references
[695.390s][debug][gc,ref       ] GC(750) Skipped phase4 of Reference Processing due to unavailable references
[695.391s][debug][gc,age       ] GC(750) Desired survivor size 15400960 bytes, new threshold 6 (max threshold 6)
[695.391s][info ][gc,heap      ] GC(750) ParNew: 245801K->5373K(270976K)
[695.391s][info ][gc,heap      ] GC(750) CMS: 329034K->329126K(602112K)
[695.391s][info ][gc,metaspace ] GC(750) Metaspace: 57551K->57551K(1101824K)
[695.391s][info ][gc           ] GC(750) Pause Young (Allocation Failure) 561M->326M(852M) 5.269ms
[695.391s][info ][gc,cpu       ] GC(750) User=0.02s Sys=0.00s Real=0.00s
[695.391s][info ][safepoint    ] Leaving safepoint region
[695.391s][info ][safepoint    ] Total time for which application threads were stopped: 0.0054120 seconds, Stopping threads took: 0.0000148 seconds
[696.186s][info ][safepoint    ] Application time: 0.7956313 seconds
[696.186s][info ][safepoint    ] Entering safepoint region: GenCollectForAllocation
[696.186s][info ][gc,start     ] GC(751) Pause Young (Allocation Failure)
[696.187s][info ][gc,task      ] GC(751) Using 4 workers of 4 for evacuation
[696.191s][debug][gc,ref       ] GC(751) Skipped phase1 of Reference Processing due to unavailable references
[696.191s][debug][gc,ref       ] GC(751) Skipped phase2 of Reference Processing due to unavailable references
[696.191s][debug][gc,ref       ] GC(751) Skipped phase3 of Reference Processing due to unavailable references
[696.191s][debug][gc,ref       ] GC(751) Skipped phase4 of Reference Processing due to unavailable references
[696.192s][debug][gc,age       ] GC(751) Desired survivor size 15400960 bytes, new threshold 6 (max threshold 6)
[696.192s][info ][gc,heap      ] GC(751) ParNew: 246269K->3900K(270976K)
[696.192s][info ][gc,heap      ] GC(751) CMS: 329126K->329266K(602112K)
[696.192s][info ][gc,metaspace ] GC(751) Metaspace: 57551K->57551K(1101824K)
[696.192s][info ][gc           ] GC(751) Pause Young (Allocation Failure) 561M->325M(852M) 5.137ms
[696.192s][info ][gc,cpu       ] GC(751) User=0.02s Sys=0.00s Real=0.00s
[696.192s][info ][safepoint    ] Leaving safepoint region
[696.192s][info ][safepoint    ] Total time for which application threads were stopped: 0.0052915 seconds, Stopping threads took: 0.0000152 seconds
[697.004s][info ][safepoint    ] Application time: 0.8127370 seconds
[697.004s][info ][safepoint    ] Entering safepoint region: GenCollectForAllocation
[697.005s][info ][gc,start     ] GC(752) Pause Young (Allocation Failure)
[697.005s][info ][gc,task      ] GC(752) Using 4 workers of 4 for evacuation
[697.011s][debug][gc,ref       ] GC(752) Skipped phase1 of Reference Processing due to unavailable references
[697.011s][debug][gc,ref       ] GC(752) Skipped phase2 of Reference Processing due to unavailable references
[697.011s][debug][gc,ref       ] GC(752) Skipped phase3 of Reference Processing due to unavailable references
[697.011s][debug][gc,ref       ] GC(752) Skipped phase4 of Reference Processing due to unavailable references
[697.011s][debug][gc,age       ] GC(752) Desired survivor size 15400960 bytes, new threshold 6 (max threshold 6)
[697.011s][info ][gc,heap      ] GC(752) ParNew: 244796K->4312K(270976K)
[697.011s][info ][gc,heap      ] GC(752) CMS: 329266K->329510K(602112K)
[697.011s][info ][gc,metaspace ] GC(752) Metaspace: 57551K->57551K(1101824K)
[697.011s][info ][gc           ] GC(752) Pause Young (Allocation Failure) 560M->325M(852M) 6.480ms
[697.011s][info ][gc,cpu       ] GC(752) User=0.02s Sys=0.00s Real=0.00s
[697.011s][info ][safepoint    ] Leaving safepoint region
[697.011s][info ][safepoint    ] Total time for which application threads were stopped: 0.0066343 seconds, Stopping threads took: 0.0000146 seconds
[697.814s][info ][safepoint    ] Application time: 0.8028446 seconds
[697.814s][info ][safepoint    ] Entering safepoint region: GenCollectForAllocation
[697.814s][info ][gc,start     ] GC(753) Pause Young (Allocation Failure)
[697.814s][info ][gc,task      ] GC(753) Using 4 workers of 4 for evacuation
[697.819s][debug][gc,ref       ] GC(753) Skipped phase1 of Reference Processing due to unavailable references
[697.819s][debug][gc,ref       ] GC(753) Skipped phase2 of Reference Processing due to unavailable references
[697.819s][debug][gc,ref       ] GC(753) Skipped phase3 of Reference Processing due to unavailable references
[697.819s][debug][gc,ref       ] GC(753) Skipped phase4 of Reference Processing due to unavailable references
[697.819s][debug][gc,age       ] GC(753) Desired survivor size 15400960 bytes, new threshold 6 (max threshold 6)
[697.819s][info ][gc,heap      ] GC(753) ParNew: 245208K->4669K(270976K)
[697.819s][info ][gc,heap      ] GC(753) CMS: 329510K->329543K(602112K)
[697.819s][info ][gc,metaspace ] GC(753) Metaspace: 57551K->57551K(1101824K)
[697.819s][info ][gc           ] GC(753) Pause Young (Allocation Failure) 561M->326M(852M) 5.395ms
[697.819s][info ][gc,cpu       ] GC(753) User=0.02s Sys=0.00s Real=0.01s
[697.820s][info ][safepoint    ] Leaving safepoint region
[697.820s][info ][safepoint    ] Total time for which application threads were stopped: 0.0055641 seconds, Stopping threads took: 0.0000284 seconds
[698.618s][info ][safepoint    ] Application time: 0.7986341 seconds
[698.618s][info ][safepoint    ] Entering safepoint region: GenCollectForAllocation
[698.618s][info ][gc,start     ] GC(754) Pause Young (Allocation Failure)
[698.618s][info ][gc,task      ] GC(754) Using 4 workers of 4 for evacuation
[698.624s][debug][gc,ref       ] GC(754) Skipped phase1 of Reference Processing due to unavailable references
[698.624s][debug][gc,ref       ] GC(754) Skipped phase2 of Reference Processing due to unavailable references
[698.624s][debug][gc,ref       ] GC(754) Skipped phase3 of Reference Processing due to unavailable references
[698.624s][debug][gc,ref       ] GC(754) Skipped phase4 of Reference Processing due to unavailable references
[698.625s][debug][gc,age       ] GC(754) Desired survivor size 15400960 bytes, new threshold 6 (max threshold 6)
[698.625s][info ][gc,heap      ] GC(754) ParNew: 245565K->4777K(270976K)
[698.625s][info ][gc,heap      ] GC(754) CMS: 329543K->329746K(602112K)
[698.625s][info ][gc,metaspace ] GC(754) Metaspace: 57551K->57551K(1101824K)
[698.625s][info ][gc           ] GC(754) Pause Young (Allocation Failure) 561M->326M(852M) 6.337ms
[698.625s][info ][gc,cpu       ] GC(754) User=0.02s Sys=0.00s Real=0.01s
[698.625s][info ][safepoint    ] Leaving safepoint region
[698.625s][info ][safepoint    ] Total time for which application threads were stopped: 0.0065241 seconds, Stopping threads took: 0.0000295 seconds
[699.412s][info ][safepoint    ] Application time: 0.7868989 seconds
[699.412s][info ][safepoint    ] Entering safepoint region: GenCollectForAllocation
[699.412s][info ][gc,start     ] GC(755) Pause Young (Allocation Failure)
[699.412s][info ][gc,task      ] GC(755) Using 4 workers of 4 for evacuation
[699.416s][debug][gc,ref       ] GC(755) Skipped phase1 of Reference Processing due to unavailable references
[699.416s][debug][gc,ref       ] GC(755) Skipped phase2 of Reference Processing due to unavailable references
[699.416s][debug][gc,ref       ] GC(755) Skipped phase3 of Reference Processing due to unavailable references
[699.416s][debug][gc,ref       ] GC(755) Skipped phase4 of Reference Processing due to unavailable references
[699.417s][debug][gc,age       ] GC(755) Desired survivor size 15400960 bytes, new threshold 6 (max threshold 6)
[699.417s][info ][gc,heap      ] GC(755) ParNew: 245673K->3960K(270976K)
[699.417s][info ][gc,heap      ] GC(755) CMS: 329746K->329774K(602112K)
[699.417s][info ][gc,metaspace ] GC(755) Metaspace: 57552K->57552K(1101824K)
[699.417s][info ][gc           ] GC(755) Pause Young (Allocation Failure) 561M->325M(852M) 4.884ms
[699.417s][info ][gc,cpu       ] GC(755) User=0.02s Sys=0.00s Real=0.01s
[699.417s][info ][safepoint    ] Leaving safepoint region
[699.417s][info ][safepoint    ] Total time for which application threads were stopped: 0.0050593 seconds, Stopping threads took: 0.0000136 seconds
[700.220s][info ][safepoint    ] Application time: 0.8032241 seconds
[700.220s][info ][safepoint    ] Entering safepoint region: GenCollectForAllocation
[700.220s][info ][gc,start     ] GC(756) Pause Young (Allocation Failure)
[700.220s][info ][gc,task      ] GC(756) Using 4 workers of 4 for evacuation
[700.225s][debug][gc,ref       ] GC(756) Skipped phase1 of Reference Processing due to unavailable references
[700.225s][debug][gc,ref       ] GC(756) Skipped phase2 of Reference Processing due to unavailable references
[700.225s][debug][gc,ref       ] GC(756) Skipped phase3 of Reference Processing due to unavailable references
[700.225s][debug][gc,ref       ] GC(756) Skipped phase4 of Reference Processing due to unavailable references
[700.225s][debug][gc,age       ] GC(756) Desired survivor size 15400960 bytes, new threshold 6 (max threshold 6)
[700.225s][info ][gc,heap      ] GC(756) ParNew: 244856K->3878K(270976K)
[700.225s][info ][gc,heap      ] GC(756) CMS: 329774K->329932K(602112K)
[700.225s][info ][gc,metaspace ] GC(756) Metaspace: 57553K->57553K(1101824K)
[700.225s][info ][gc           ] GC(756) Pause Young (Allocation Failure) 561M->325M(852M) 5.263ms
[700.225s][info ][gc,cpu       ] GC(756) User=0.02s Sys=0.00s Real=0.01s
[700.225s][info ][safepoint    ] Leaving safepoint region
[700.225s][info ][safepoint    ] Total time for which application threads were stopped: 0.0054171 seconds, Stopping threads took: 0.0000160 seconds
[701.014s][info ][safepoint    ] Application time: 0.7886726 seconds
[701.014s][info ][safepoint    ] Entering safepoint region: GenCollectForAllocation
[701.014s][info ][gc,start     ] GC(757) Pause Young (Allocation Failure)
[701.014s][info ][gc,task      ] GC(757) Using 4 workers of 4 for evacuation
[701.019s][debug][gc,ref       ] GC(757) Skipped phase1 of Reference Processing due to unavailable references
[701.019s][debug][gc,ref       ] GC(757) Skipped phase2 of Reference Processing due to unavailable references
[701.019s][debug][gc,ref       ] GC(757) Skipped phase3 of Reference Processing due to unavailable references
[701.019s][debug][gc,ref       ] GC(757) Skipped phase4 of Reference Processing due to unavailable references
[701.019s][debug][gc,age       ] GC(757) Desired survivor size 15400960 bytes, new threshold 6 (max threshold 6)
[701.019s][info ][gc,heap      ] GC(757) ParNew: 244774K->3833K(270976K)
[701.019s][info ][gc,heap      ] GC(757) CMS: 329932K->330109K(602112K)
[701.019s][info ][gc,metaspace ] GC(757) Metaspace: 57553K->57553K(1101824K)
[701.019s][info ][gc           ] GC(757) Pause Young (Allocation Failure) 561M->326M(852M) 5.060ms
[701.019s][info ][gc,cpu       ] GC(757) User=0.02s Sys=0.00s Real=0.01s
[701.019s][info ][safepoint    ] Leaving safepoint region
[701.019s][info ][safepoint    ] Total time for which application threads were stopped: 0.0052112 seconds, Stopping threads took: 0.0000147 seconds
[701.910s][info ][safepoint    ] Application time: 0.8909867 seconds
[701.910s][info ][safepoint    ] Entering safepoint region: GenCollectForAllocation
[701.910s][info ][gc,start     ] GC(758) Pause Young (Allocation Failure)
[701.910s][info ][gc,task      ] GC(758) Using 4 workers of 4 for evacuation
[701.916s][debug][gc,ref       ] GC(758) Skipped phase1 of Reference Processing due to unavailable references
[701.916s][debug][gc,ref       ] GC(758) Skipped phase2 of Reference Processing due to unavailable references
[701.916s][debug][gc,ref       ] GC(758) Skipped phase3 of Reference Processing due to unavailable references
[701.916s][debug][gc,ref       ] GC(758) Skipped phase4 of Reference Processing due to unavailable references
[701.916s][debug][gc,age       ] GC(758) Desired survivor size 15400960 bytes, new threshold 6 (max threshold 6)
[701.916s][info ][gc,heap      ] GC(758) ParNew: 244729K->3773K(270976K)
[701.916s][info ][gc,heap      ] GC(758) CMS: 330109K->330184K(602112K)
[701.916s][info ][gc,metaspace ] GC(758) Metaspace: 57553K->57553K(1101824K)
[701.916s][info ][gc           ] GC(758) Pause Young (Allocation Failure) 561M->326M(852M) 5.291ms
[701.916s][info ][gc,cpu       ] GC(758) User=0.02s Sys=0.00s Real=0.01s
[701.916s][info ][safepoint    ] Leaving safepoint region
[701.916s][info ][safepoint    ] Total time for which application threads were stopped: 0.0054459 seconds, Stopping threads took: 0.0000150 seconds
[702.846s][info ][safepoint    ] Application time: 0.9297491 seconds
[702.846s][info ][safepoint    ] Entering safepoint region: GenCollectForAllocation
[702.846s][info ][gc,start     ] GC(759) Pause Young (Allocation Failure)
[702.846s][info ][gc,task      ] GC(759) Using 4 workers of 4 for evacuation
[702.850s][debug][gc,ref       ] GC(759) Skipped phase1 of Reference Processing due to unavailable references
[702.850s][debug][gc,ref       ] GC(759) Skipped phase2 of Reference Processing due to unavailable references
[702.850s][debug][gc,ref       ] GC(759) Skipped phase3 of Reference Processing due to unavailable references
[702.850s][debug][gc,ref       ] GC(759) Skipped phase4 of Reference Processing due to unavailable references
[702.850s][debug][gc,age       ] GC(759) Desired survivor size 15400960 bytes, new threshold 6 (max threshold 6)
[702.850s][info ][gc,heap      ] GC(759) ParNew: 244669K->3593K(270976K)
[702.850s][info ][gc,heap      ] GC(759) CMS: 330184K->330321K(602112K)
[702.850s][info ][gc,metaspace ] GC(759) Metaspace: 57553K->57553K(1101824K)
[702.850s][info ][gc           ] GC(759) Pause Young (Allocation Failure) 561M->326M(852M) 4.767ms
[702.850s][info ][gc,cpu       ] GC(759) User=0.01s Sys=0.00s Real=0.00s
[702.850s][info ][safepoint    ] Leaving safepoint region
[702.850s][info ][safepoint    ] Total time for which application threads were stopped: 0.0049273 seconds, Stopping threads took: 0.0000150 seconds
[703.774s][info ][safepoint    ] Application time: 0.9235661 seconds
[703.774s][info ][safepoint    ] Entering safepoint region: GenCollectForAllocation
[703.774s][info ][gc,start     ] GC(760) Pause Young (Allocation Failure)
[703.774s][info ][gc,task      ] GC(760) Using 4 workers of 4 for evacuation
[703.779s][debug][gc,ref       ] GC(760) Skipped phase1 of Reference Processing due to unavailable references
[703.779s][debug][gc,ref       ] GC(760) Skipped phase2 of Reference Processing due to unavailable references
[703.779s][debug][gc,ref       ] GC(760) Skipped phase3 of Reference Processing due to unavailable references
[703.779s][debug][gc,ref       ] GC(760) Skipped phase4 of Reference Processing due to unavailable references
[703.780s][debug][gc,age       ] GC(760) Desired survivor size 15400960 bytes, new threshold 6 (max threshold 6)
[703.780s][info ][gc,heap      ] GC(760) ParNew: 244489K->3516K(270976K)
[703.780s][info ][gc,heap      ] GC(760) CMS: 330321K->330488K(602112K)
[703.780s][info ][gc,metaspace ] GC(760) Metaspace: 57553K->57553K(1101824K)
[703.780s][info ][gc           ] GC(760) Pause Young (Allocation Failure) 561M->326M(852M) 5.334ms
[703.780s][info ][gc,cpu       ] GC(760) User=0.02s Sys=0.00s Real=0.01s
[703.780s][info ][safepoint    ] Leaving safepoint region
[703.780s][info ][safepoint    ] Total time for which application threads were stopped: 0.0055115 seconds, Stopping threads took: 0.0000149 seconds
[704.644s][info ][safepoint    ] Application time: 0.8642170 seconds
[704.644s][info ][safepoint    ] Entering safepoint region: GenCollectForAllocation
[704.644s][info ][gc,start     ] GC(761) Pause Young (Allocation Failure)
[704.644s][info ][gc,task      ] GC(761) Using 4 workers of 4 for evacuation
[704.649s][debug][gc,ref       ] GC(761) Skipped phase1 of Reference Processing due to unavailable references
[704.649s][debug][gc,ref       ] GC(761) Skipped phase2 of Reference Processing due to unavailable references
[704.649s][debug][gc,ref       ] GC(761) Skipped phase3 of Reference Processing due to unavailable references
[704.649s][debug][gc,ref       ] GC(761) Skipped phase4 of Reference Processing due to unavailable references
[704.649s][debug][gc,age       ] GC(761) Desired survivor size 15400960 bytes, new threshold 6 (max threshold 6)
[704.649s][info ][gc,heap      ] GC(761) ParNew: 244412K->4760K(270976K)
[704.649s][info ][gc,heap      ] GC(761) CMS: 330488K->330542K(602112K)
[704.649s][info ][gc,metaspace ] GC(761) Metaspace: 57553K->57553K(1101824K)
[704.649s][info ][gc           ] GC(761) Pause Young (Allocation Failure) 561M->327M(852M) 5.459ms
[704.649s][info ][gc,cpu       ] GC(761) User=0.02s Sys=0.00s Real=0.00s
[704.650s][info ][safepoint    ] Leaving safepoint region
[704.650s][info ][safepoint    ] Total time for which application threads were stopped: 0.0056358 seconds, Stopping threads took: 0.0000140 seconds
[705.470s][info ][safepoint    ] Application time: 0.8208310 seconds
[705.470s][info ][safepoint    ] Entering safepoint region: GenCollectForAllocation
[705.471s][info ][gc,start     ] GC(762) Pause Young (Allocation Failure)
[705.471s][info ][gc,task      ] GC(762) Using 4 workers of 4 for evacuation
[705.475s][debug][gc,ref       ] GC(762) Skipped phase1 of Reference Processing due to unavailable references
[705.475s][debug][gc,ref       ] GC(762) Skipped phase2 of Reference Processing due to unavailable references
[705.475s][debug][gc,ref       ] GC(762) Skipped phase3 of Reference Processing due to unavailable references
[705.475s][debug][gc,ref       ] GC(762) Skipped phase4 of Reference Processing due to unavailable references
[705.476s][debug][gc,age       ] GC(762) Desired survivor size 15400960 bytes, new threshold 6 (max threshold 6)
[705.476s][info ][gc,heap      ] GC(762) ParNew: 245656K->3858K(270976K)
[705.476s][info ][gc,heap      ] GC(762) CMS: 330542K->330646K(602112K)
[705.476s][info ][gc,metaspace ] GC(762) Metaspace: 57554K->57554K(1101824K)
[705.476s][info ][gc           ] GC(762) Pause Young (Allocation Failure) 562M->326M(852M) 5.106ms
[705.476s][info ][gc,cpu       ] GC(762) User=0.02s Sys=0.00s Real=0.01s
[705.476s][info ][safepoint    ] Leaving safepoint region
[705.476s][info ][safepoint    ] Total time for which application threads were stopped: 0.0052744 seconds, Stopping threads took: 0.0000149 seconds
[706.426s][info ][safepoint    ] Application time: 0.9499353 seconds
[706.426s][info ][safepoint    ] Entering safepoint region: GenCollectForAllocation
[706.426s][info ][gc,start     ] GC(763) Pause Young (Allocation Failure)
[706.426s][info ][gc,task      ] GC(763) Using 4 workers of 4 for evacuation
[706.431s][debug][gc,ref       ] GC(763) Skipped phase1 of Reference Processing due to unavailable references
[706.431s][debug][gc,ref       ] GC(763) Skipped phase2 of Reference Processing due to unavailable references
[706.431s][debug][gc,ref       ] GC(763) Skipped phase3 of Reference Processing due to unavailable references
[706.431s][debug][gc,ref       ] GC(763) Skipped phase4 of Reference Processing due to unavailable references
[706.431s][debug][gc,age       ] GC(763) Desired survivor size 15400960 bytes, new threshold 6 (max threshold 6)
[706.431s][info ][gc,heap      ] GC(763) ParNew: 244754K->4576K(270976K)
[706.431s][info ][gc,heap      ] GC(763) CMS: 330646K->330777K(602112K)
[706.431s][info ][gc,metaspace ] GC(763) Metaspace: 57554K->57554K(1101824K)
[706.431s][info ][gc           ] GC(763) Pause Young (Allocation Failure) 561M->327M(852M) 5.463ms
[706.431s][info ][gc,cpu       ] GC(763) User=0.02s Sys=0.00s Real=0.00s
[706.431s][info ][safepoint    ] Leaving safepoint region
[706.431s][info ][safepoint    ] Total time for which application threads were stopped: 0.0056124 seconds, Stopping threads took: 0.0000163 seconds
[707.353s][info ][safepoint    ] Application time: 0.9212860 seconds
[707.353s][info ][safepoint    ] Entering safepoint region: GenCollectForAllocation
[707.353s][info ][gc,start     ] GC(764) Pause Young (Allocation Failure)
[707.353s][info ][gc,task      ] GC(764) Using 4 workers of 4 for evacuation
[707.358s][debug][gc,ref       ] GC(764) Skipped phase1 of Reference Processing due to unavailable references
[707.358s][debug][gc,ref       ] GC(764) Skipped phase2 of Reference Processing due to unavailable references
[707.358s][debug][gc,ref       ] GC(764) Skipped phase3 of Reference Processing due to unavailable references
[707.358s][debug][gc,ref       ] GC(764) Skipped phase4 of Reference Processing due to unavailable references
[707.358s][debug][gc,age       ] GC(764) Desired survivor size 15400960 bytes, new threshold 6 (max threshold 6)
[707.358s][info ][gc,heap      ] GC(764) ParNew: 245472K->3527K(270976K)
[707.358s][info ][gc,heap      ] GC(764) CMS: 330777K->330979K(602112K)
[707.358s][info ][gc,metaspace ] GC(764) Metaspace: 57556K->57556K(1101824K)
[707.358s][info ][gc           ] GC(764) Pause Young (Allocation Failure) 562M->326M(852M) 5.442ms
[707.358s][info ][gc,cpu       ] GC(764) User=0.02s Sys=0.00s Real=0.01s
[707.358s][info ][safepoint    ] Leaving safepoint region
[707.358s][info ][safepoint    ] Total time for which application threads were stopped: 0.0056397 seconds, Stopping threads took: 0.0000606 seconds
[708.327s][info ][safepoint    ] Application time: 0.9689136 seconds
[708.327s][info ][safepoint    ] Entering safepoint region: GenCollectForAllocation
[708.327s][info ][gc,start     ] GC(765) Pause Young (Allocation Failure)
[708.327s][info ][gc,task      ] GC(765) Using 4 workers of 4 for evacuation
[708.332s][debug][gc,ref       ] GC(765) Skipped phase1 of Reference Processing due to unavailable references
[708.332s][debug][gc,ref       ] GC(765) Skipped phase2 of Reference Processing due to unavailable references
[708.332s][debug][gc,ref       ] GC(765) Skipped phase3 of Reference Processing due to unavailable references
[708.332s][debug][gc,ref       ] GC(765) Skipped phase4 of Reference Processing due to unavailable references
[708.332s][debug][gc,age       ] GC(765) Desired survivor size 15400960 bytes, new threshold 6 (max threshold 6)
[708.332s][info ][gc,heap      ] GC(765) ParNew: 244423K->3369K(270976K)
[708.332s][info ][gc,heap      ] GC(765) CMS: 330979K->331145K(602112K)
[708.332s][info ][gc,metaspace ] GC(765) Metaspace: 57556K->57556K(1101824K)
[708.332s][info ][gc           ] GC(765) Pause Young (Allocation Failure) 561M->326M(852M) 4.985ms
[708.332s][info ][gc,cpu       ] GC(765) User=0.02s Sys=0.00s Real=0.00s
[708.332s][info ][safepoint    ] Leaving safepoint region
[708.332s][info ][safepoint    ] Total time for which application threads were stopped: 0.0051387 seconds, Stopping threads took: 0.0000149 seconds
[709.180s][info ][safepoint    ] Application time: 0.8481687 seconds
[709.181s][info ][safepoint    ] Entering safepoint region: GenCollectForAllocation
[709.181s][info ][gc,start     ] GC(766) Pause Young (Allocation Failure)
[709.181s][info ][gc,task      ] GC(766) Using 4 workers of 4 for evacuation
[709.186s][debug][gc,ref       ] GC(766) Skipped phase1 of Reference Processing due to unavailable references
[709.186s][debug][gc,ref       ] GC(766) Skipped phase2 of Reference Processing due to unavailable references
[709.186s][debug][gc,ref       ] GC(766) Skipped phase3 of Reference Processing due to unavailable references
[709.186s][debug][gc,ref       ] GC(766) Skipped phase4 of Reference Processing due to unavailable references
[709.186s][debug][gc,age       ] GC(766) Desired survivor size 15400960 bytes, new threshold 6 (max threshold 6)
[709.186s][info ][gc,heap      ] GC(766) ParNew: 244265K->4406K(270976K)
[709.186s][info ][gc,heap      ] GC(766) CMS: 331145K->331254K(602112K)
[709.186s][info ][gc,metaspace ] GC(766) Metaspace: 57557K->57557K(1101824K)
[709.186s][info ][gc           ] GC(766) Pause Young (Allocation Failure) 561M->327M(852M) 5.159ms
[709.186s][info ][gc,cpu       ] GC(766) User=0.02s Sys=0.00s Real=0.01s
[709.186s][info ][safepoint    ] Leaving safepoint region
[709.186s][info ][safepoint    ] Total time for which application threads were stopped: 0.0053026 seconds, Stopping threads took: 0.0000141 seconds
[710.059s][info ][safepoint    ] Application time: 0.8727993 seconds
[710.059s][info ][safepoint    ] Entering safepoint region: GenCollectForAllocation
[710.059s][info ][gc,start     ] GC(767) Pause Young (Allocation Failure)
[710.059s][info ][gc,task      ] GC(767) Using 4 workers of 4 for evacuation
[710.063s][debug][gc,ref       ] GC(767) Skipped phase1 of Reference Processing due to unavailable references
[710.063s][debug][gc,ref       ] GC(767) Skipped phase2 of Reference Processing due to unavailable references
[710.063s][debug][gc,ref       ] GC(767) Skipped phase3 of Reference Processing due to unavailable references
[710.064s][debug][gc,ref       ] GC(767) Skipped phase4 of Reference Processing due to unavailable references
[710.064s][debug][gc,age       ] GC(767) Desired survivor size 15400960 bytes, new threshold 6 (max threshold 6)
[710.064s][info ][gc,heap      ] GC(767) ParNew: 245302K->3951K(270976K)
[710.064s][info ][gc,heap      ] GC(767) CMS: 331254K->331428K(602112K)
[710.064s][info ][gc,metaspace ] GC(767) Metaspace: 57557K->57557K(1101824K)
[710.064s][info ][gc           ] GC(767) Pause Young (Allocation Failure) 563M->327M(852M) 4.913ms
[710.064s][info ][gc,cpu       ] GC(767) User=0.02s Sys=0.00s Real=0.01s
[710.064s][info ][safepoint    ] Leaving safepoint region
[710.064s][info ][safepoint    ] Total time for which application threads were stopped: 0.0050650 seconds, Stopping threads took: 0.0000145 seconds
[710.911s][info ][safepoint    ] Application time: 0.8472834 seconds
[710.911s][info ][safepoint    ] Entering safepoint region: GenCollectForAllocation
[710.911s][info ][gc,start     ] GC(768) Pause Young (Allocation Failure)
[710.911s][info ][gc,task      ] GC(768) Using 4 workers of 4 for evacuation
[710.916s][debug][gc,ref       ] GC(768) Skipped phase1 of Reference Processing due to unavailable references
[710.916s][debug][gc,ref       ] GC(768) Skipped phase2 of Reference Processing due to unavailable references
[710.916s][debug][gc,ref       ] GC(768) Skipped phase3 of Reference Processing due to unavailable references
[710.916s][debug][gc,ref       ] GC(768) Skipped phase4 of Reference Processing due to unavailable references
[710.916s][debug][gc,age       ] GC(768) Desired survivor size 15400960 bytes, new threshold 6 (max threshold 6)
[710.916s][info ][gc,heap      ] GC(768) ParNew: 244847K->4364K(270976K)
[710.916s][info ][gc,heap      ] GC(768) CMS: 331428K->331619K(602112K)
[710.916s][info ][gc,metaspace ] GC(768) Metaspace: 57557K->57557K(1101824K)
[710.916s][info ][gc           ] GC(768) Pause Young (Allocation Failure) 562M->328M(852M) 5.166ms
[710.916s][info ][gc,cpu       ] GC(768) User=0.02s Sys=0.00s Real=0.01s
[710.916s][info ][safepoint    ] Leaving safepoint region
[710.916s][info ][safepoint    ] Total time for which application threads were stopped: 0.0053193 seconds, Stopping threads took: 0.0000150 seconds
[711.788s][info ][safepoint    ] Application time: 0.8715409 seconds
[711.788s][info ][safepoint    ] Entering safepoint region: GenCollectForAllocation
[711.788s][info ][gc,start     ] GC(769) Pause Young (Allocation Failure)
[711.788s][info ][gc,task      ] GC(769) Using 4 workers of 4 for evacuation
[711.793s][debug][gc,ref       ] GC(769) Skipped phase1 of Reference Processing due to unavailable references
[711.793s][debug][gc,ref       ] GC(769) Skipped phase2 of Reference Processing due to unavailable references
[711.793s][debug][gc,ref       ] GC(769) Skipped phase3 of Reference Processing due to unavailable references
[711.793s][debug][gc,ref       ] GC(769) Skipped phase4 of Reference Processing due to unavailable references
[711.793s][debug][gc,age       ] GC(769) Desired survivor size 15400960 bytes, new threshold 6 (max threshold 6)
[711.793s][info ][gc,heap      ] GC(769) ParNew: 245260K->3490K(270976K)
[711.793s][info ][gc,heap      ] GC(769) CMS: 331619K->331635K(602112K)
[711.793s][info ][gc,metaspace ] GC(769) Metaspace: 57557K->57557K(1101824K)
[711.793s][info ][gc           ] GC(769) Pause Young (Allocation Failure) 563M->327M(852M) 5.418ms
[711.793s][info ][gc,cpu       ] GC(769) User=0.02s Sys=0.00s Real=0.00s
[711.793s][info ][safepoint    ] Leaving safepoint region
[711.793s][info ][safepoint    ] Total time for which application threads were stopped: 0.0055790 seconds, Stopping threads took: 0.0000139 seconds
[712.612s][info ][safepoint    ] Application time: 0.8187078 seconds
[712.612s][info ][safepoint    ] Entering safepoint region: GenCollectForAllocation
[712.612s][info ][gc,start     ] GC(770) Pause Young (Allocation Failure)
[712.612s][info ][gc,task      ] GC(770) Using 4 workers of 4 for evacuation
[712.618s][debug][gc,ref       ] GC(770) Skipped phase1 of Reference Processing due to unavailable references
[712.618s][debug][gc,ref       ] GC(770) Skipped phase2 of Reference Processing due to unavailable references
[712.618s][debug][gc,ref       ] GC(770) Skipped phase3 of Reference Processing due to unavailable references
[712.618s][debug][gc,ref       ] GC(770) Skipped phase4 of Reference Processing due to unavailable references
[712.618s][debug][gc,age       ] GC(770) Desired survivor size 15400960 bytes, new threshold 6 (max threshold 6)
[712.618s][info ][gc,heap      ] GC(770) ParNew: 244386K->3450K(270976K)
[712.618s][info ][gc,heap      ] GC(770) CMS: 331635K->331794K(602112K)
[712.618s][info ][gc,metaspace ] GC(770) Metaspace: 57557K->57557K(1101824K)
[712.618s][info ][gc           ] GC(770) Pause Young (Allocation Failure) 562M->327M(852M) 5.287ms
[712.618s][info ][gc,cpu       ] GC(770) User=0.02s Sys=0.00s Real=0.01s
[712.618s][info ][safepoint    ] Leaving safepoint region
[712.618s][info ][safepoint    ] Total time for which application threads were stopped: 0.0054491 seconds, Stopping threads took: 0.0000192 seconds
[713.457s][info ][safepoint    ] Application time: 0.8393318 seconds
[713.457s][info ][safepoint    ] Entering safepoint region: GenCollectForAllocation
[713.457s][info ][gc,start     ] GC(771) Pause Young (Allocation Failure)
[713.457s][info ][gc,task      ] GC(771) Using 4 workers of 4 for evacuation
[713.462s][debug][gc,ref       ] GC(771) Skipped phase1 of Reference Processing due to unavailable references
[713.462s][debug][gc,ref       ] GC(771) Skipped phase2 of Reference Processing due to unavailable references
[713.462s][debug][gc,ref       ] GC(771) Skipped phase3 of Reference Processing due to unavailable references
[713.462s][debug][gc,ref       ] GC(771) Skipped phase4 of Reference Processing due to unavailable references
[713.462s][debug][gc,age       ] GC(771) Desired survivor size 15400960 bytes, new threshold 6 (max threshold 6)
[713.462s][info ][gc,heap      ] GC(771) ParNew: 244346K->4475K(270976K)
[713.462s][info ][gc,heap      ] GC(771) CMS: 331794K->331847K(602112K)
[713.462s][info ][gc,metaspace ] GC(771) Metaspace: 57557K->57557K(1101824K)
[713.462s][info ][gc           ] GC(771) Pause Young (Allocation Failure) 562M->328M(852M) 4.936ms
[713.462s][info ][gc,cpu       ] GC(771) User=0.02s Sys=0.01s Real=0.00s
[713.462s][info ][safepoint    ] Leaving safepoint region
[713.462s][info ][safepoint    ] Total time for which application threads were stopped: 0.0050871 seconds, Stopping threads took: 0.0000168 seconds
[714.357s][info ][safepoint    ] Application time: 0.8947193 seconds
[714.357s][info ][safepoint    ] Entering safepoint region: GenCollectForAllocation
[714.357s][info ][gc,start     ] GC(772) Pause Young (Allocation Failure)
[714.357s][info ][gc,task      ] GC(772) Using 4 workers of 4 for evacuation
[714.362s][debug][gc,ref       ] GC(772) Skipped phase1 of Reference Processing due to unavailable references
[714.362s][debug][gc,ref       ] GC(772) Skipped phase2 of Reference Processing due to unavailable references
[714.362s][debug][gc,ref       ] GC(772) Skipped phase3 of Reference Processing due to unavailable references
[714.362s][debug][gc,ref       ] GC(772) Skipped phase4 of Reference Processing due to unavailable references
[714.362s][debug][gc,age       ] GC(772) Desired survivor size 15400960 bytes, new threshold 6 (max threshold 6)
[714.362s][info ][gc,heap      ] GC(772) ParNew: 245371K->3451K(270976K)
[714.362s][info ][gc,heap      ] GC(772) CMS: 331847K->331877K(602112K)
[714.362s][info ][gc,metaspace ] GC(772) Metaspace: 57557K->57557K(1101824K)
[714.362s][info ][gc           ] GC(772) Pause Young (Allocation Failure) 563M->327M(852M) 4.749ms
[714.362s][info ][gc,cpu       ] GC(772) User=0.01s Sys=0.00s Real=0.00s
[714.362s][info ][safepoint    ] Leaving safepoint region
[714.362s][info ][safepoint    ] Total time for which application threads were stopped: 0.0049136 seconds, Stopping threads took: 0.0000137 seconds
[715.234s][info ][safepoint    ] Application time: 0.8724809 seconds
[715.234s][info ][safepoint    ] Entering safepoint region: GenCollectForAllocation
[715.234s][info ][gc,start     ] GC(773) Pause Young (Allocation Failure)
[715.235s][info ][gc,task      ] GC(773) Using 4 workers of 4 for evacuation
[715.240s][debug][gc,ref       ] GC(773) Skipped phase1 of Reference Processing due to unavailable references
[715.240s][debug][gc,ref       ] GC(773) Skipped phase2 of Reference Processing due to unavailable references
[715.240s][debug][gc,ref       ] GC(773) Skipped phase3 of Reference Processing due to unavailable references
[715.240s][debug][gc,ref       ] GC(773) Skipped phase4 of Reference Processing due to unavailable references
[715.240s][debug][gc,age       ] GC(773) Desired survivor size 15400960 bytes, new threshold 6 (max threshold 6)
[715.240s][info ][gc,heap      ] GC(773) ParNew: 244347K->3627K(270976K)
[715.240s][info ][gc,heap      ] GC(773) CMS: 331877K->331986K(602112K)
[715.240s][info ][gc,metaspace ] GC(773) Metaspace: 57557K->57557K(1101824K)
[715.240s][info ][gc           ] GC(773) Pause Young (Allocation Failure) 562M->327M(852M) 5.663ms
[715.240s][info ][gc,cpu       ] GC(773) User=0.03s Sys=0.00s Real=0.01s
[715.240s][info ][safepoint    ] Leaving safepoint region
[715.240s][info ][safepoint    ] Total time for which application threads were stopped: 0.0058002 seconds, Stopping threads took: 0.0000138 seconds
[716.039s][info ][safepoint    ] Application time: 0.7989134 seconds
[716.039s][info ][safepoint    ] Entering safepoint region: GenCollectForAllocation
[716.039s][info ][gc,start     ] GC(774) Pause Young (Allocation Failure)
[716.039s][info ][gc,task      ] GC(774) Using 4 workers of 4 for evacuation
[716.044s][debug][gc,ref       ] GC(774) Skipped phase1 of Reference Processing due to unavailable references
[716.044s][debug][gc,ref       ] GC(774) Skipped phase2 of Reference Processing due to unavailable references
[716.044s][debug][gc,ref       ] GC(774) Skipped phase3 of Reference Processing due to unavailable references
[716.044s][debug][gc,ref       ] GC(774) Skipped phase4 of Reference Processing due to unavailable references
[716.044s][debug][gc,age       ] GC(774) Desired survivor size 15400960 bytes, new threshold 6 (max threshold 6)
[716.044s][info ][gc,heap      ] GC(774) ParNew: 244523K->4439K(270976K)
[716.044s][info ][gc,heap      ] GC(774) CMS: 331986K->332135K(602112K)
[716.044s][info ][gc,metaspace ] GC(774) Metaspace: 57557K->57557K(1101824K)
[716.044s][info ][gc           ] GC(774) Pause Young (Allocation Failure) 562M->328M(852M) 4.891ms
[716.044s][info ][gc,cpu       ] GC(774) User=0.02s Sys=0.00s Real=0.01s
[716.044s][info ][safepoint    ] Leaving safepoint region
[716.044s][info ][safepoint    ] Total time for which application threads were stopped: 0.0050397 seconds, Stopping threads took: 0.0000145 seconds
[716.903s][info ][safepoint    ] Application time: 0.8583369 seconds
[716.903s][info ][safepoint    ] Entering safepoint region: GenCollectForAllocation
[716.903s][info ][gc,start     ] GC(775) Pause Young (Allocation Failure)
[716.903s][info ][gc,task      ] GC(775) Using 4 workers of 4 for evacuation
[716.907s][debug][gc,ref       ] GC(775) Skipped phase1 of Reference Processing due to unavailable references
[716.907s][debug][gc,ref       ] GC(775) Skipped phase2 of Reference Processing due to unavailable references
[716.907s][debug][gc,ref       ] GC(775) Skipped phase3 of Reference Processing due to unavailable references
[716.907s][debug][gc,ref       ] GC(775) Skipped phase4 of Reference Processing due to unavailable references
[716.907s][debug][gc,age       ] GC(775) Desired survivor size 15400960 bytes, new threshold 6 (max threshold 6)
[716.907s][info ][gc,heap      ] GC(775) ParNew: 245335K->4385K(270976K)
[716.907s][info ][gc,heap      ] GC(775) CMS: 332135K->332162K(602112K)
[716.907s][info ][gc,metaspace ] GC(775) Metaspace: 57557K->57557K(1101824K)
[716.907s][info ][gc           ] GC(775) Pause Young (Allocation Failure) 563M->328M(852M) 4.699ms
[716.907s][info ][gc,cpu       ] GC(775) User=0.02s Sys=0.00s Real=0.01s
[716.907s][info ][safepoint    ] Leaving safepoint region
[716.907s][info ][safepoint    ] Total time for which application threads were stopped: 0.0048350 seconds, Stopping threads took: 0.0000147 seconds
[717.873s][info ][safepoint    ] Application time: 0.9656794 seconds
[717.873s][info ][safepoint    ] Entering safepoint region: GenCollectForAllocation
[717.873s][info ][gc,start     ] GC(776) Pause Young (Allocation Failure)
[717.873s][info ][gc,task      ] GC(776) Using 4 workers of 4 for evacuation
[717.879s][debug][gc,ref       ] GC(776) Skipped phase1 of Reference Processing due to unavailable references
[717.879s][debug][gc,ref       ] GC(776) Skipped phase2 of Reference Processing due to unavailable references
[717.879s][debug][gc,ref       ] GC(776) Skipped phase3 of Reference Processing due to unavailable references
[717.879s][debug][gc,ref       ] GC(776) Skipped phase4 of Reference Processing due to unavailable references
[717.879s][debug][gc,age       ] GC(776) Desired survivor size 15400960 bytes, new threshold 6 (max threshold 6)
[717.879s][info ][gc,heap      ] GC(776) ParNew: 245281K->3811K(270976K)
[717.879s][info ][gc,heap      ] GC(776) CMS: 332162K->332433K(602112K)
[717.879s][info ][gc,metaspace ] GC(776) Metaspace: 57557K->57557K(1101824K)
[717.879s][info ][gc           ] GC(776) Pause Young (Allocation Failure) 563M->328M(852M) 5.554ms
[717.879s][info ][gc,cpu       ] GC(776) User=0.02s Sys=0.00s Real=0.01s
[717.879s][info ][safepoint    ] Leaving safepoint region
[717.879s][info ][safepoint    ] Total time for which application threads were stopped: 0.0057081 seconds, Stopping threads took: 0.0000147 seconds
[718.764s][info ][safepoint    ] Application time: 0.8853854 seconds
[718.764s][info ][safepoint    ] Entering safepoint region: GenCollectForAllocation
[718.764s][info ][gc,start     ] GC(777) Pause Young (Allocation Failure)
[718.764s][info ][gc,task      ] GC(777) Using 4 workers of 4 for evacuation
[718.769s][debug][gc,ref       ] GC(777) Skipped phase1 of Reference Processing due to unavailable references
[718.769s][debug][gc,ref       ] GC(777) Skipped phase2 of Reference Processing due to unavailable references
[718.769s][debug][gc,ref       ] GC(777) Skipped phase3 of Reference Processing due to unavailable references
[718.769s][debug][gc,ref       ] GC(777) Skipped phase4 of Reference Processing due to unavailable references
[718.769s][debug][gc,age       ] GC(777) Desired survivor size 15400960 bytes, new threshold 6 (max threshold 6)
[718.769s][info ][gc,heap      ] GC(777) ParNew: 244707K->4443K(270976K)
[718.769s][info ][gc,heap      ] GC(777) CMS: 332433K->332653K(602112K)
[718.769s][info ][gc,metaspace ] GC(777) Metaspace: 57557K->57557K(1101824K)
[718.769s][info ][gc           ] GC(777) Pause Young (Allocation Failure) 563M->329M(852M) 4.933ms
[718.769s][info ][gc,cpu       ] GC(777) User=0.01s Sys=0.00s Real=0.00s
[718.769s][info ][safepoint    ] Leaving safepoint region
[718.769s][info ][safepoint    ] Total time for which application threads were stopped: 0.0051086 seconds, Stopping threads took: 0.0000145 seconds
[719.656s][info ][safepoint    ] Application time: 0.8863285 seconds
[719.656s][info ][safepoint    ] Entering safepoint region: GenCollectForAllocation
[719.656s][info ][gc,start     ] GC(778) Pause Young (Allocation Failure)
[719.656s][info ][gc,task      ] GC(778) Using 4 workers of 4 for evacuation
[719.661s][debug][gc,ref       ] GC(778) Skipped phase1 of Reference Processing due to unavailable references
[719.661s][debug][gc,ref       ] GC(778) Skipped phase3 of Reference Processing due to unavailable references
[719.661s][debug][gc,ref       ] GC(778) Skipped phase4 of Reference Processing due to unavailable references
[719.661s][debug][gc,age       ] GC(778) Desired survivor size 15400960 bytes, new threshold 6 (max threshold 6)
[719.661s][info ][gc,heap      ] GC(778) ParNew: 245339K->5704K(270976K)
[719.661s][info ][gc,heap      ] GC(778) CMS: 332653K->332661K(602112K)
[719.661s][info ][gc,metaspace ] GC(778) Metaspace: 57558K->57558K(1101824K)
[719.661s][info ][gc           ] GC(778) Pause Young (Allocation Failure) 564M->330M(852M) 4.933ms
[719.661s][info ][gc,cpu       ] GC(778) User=0.01s Sys=0.00s Real=0.00s
[719.661s][info ][safepoint    ] Leaving safepoint region
[719.661s][info ][safepoint    ] Total time for which application threads were stopped: 0.0051278 seconds, Stopping threads took: 0.0000139 seconds
[720.531s][info ][safepoint    ] Application time: 0.8696918 seconds
[720.531s][info ][safepoint    ] Entering safepoint region: GenCollectForAllocation
[720.531s][info ][gc,start     ] GC(779) Pause Young (Allocation Failure)
[720.531s][info ][gc,task      ] GC(779) Using 4 workers of 4 for evacuation
[720.535s][debug][gc,ref       ] GC(779) Skipped phase1 of Reference Processing due to unavailable references
[720.535s][debug][gc,ref       ] GC(779) Skipped phase3 of Reference Processing due to unavailable references
[720.535s][debug][gc,ref       ] GC(779) Skipped phase4 of Reference Processing due to unavailable references
[720.536s][debug][gc,age       ] GC(779) Desired survivor size 15400960 bytes, new threshold 6 (max threshold 6)
[720.536s][info ][gc,heap      ] GC(779) ParNew: 246600K->4224K(270976K)
[720.536s][info ][gc,heap      ] GC(779) CMS: 332661K->332810K(602112K)
[720.536s][info ][gc,metaspace ] GC(779) Metaspace: 57558K->57558K(1101824K)
[720.536s][info ][gc           ] GC(779) Pause Young (Allocation Failure) 565M->329M(852M) 4.947ms
[720.536s][info ][gc,cpu       ] GC(779) User=0.02s Sys=0.00s Real=0.01s
[720.536s][info ][safepoint    ] Leaving safepoint region
[720.536s][info ][safepoint    ] Total time for which application threads were stopped: 0.0051491 seconds, Stopping threads took: 0.0000153 seconds
[721.376s][info ][safepoint    ] Application time: 0.8403240 seconds
[721.376s][info ][safepoint    ] Entering safepoint region: GenCollectForAllocation
[721.376s][info ][gc,start     ] GC(780) Pause Young (Allocation Failure)
[721.376s][info ][gc,task      ] GC(780) Using 4 workers of 4 for evacuation
[721.381s][debug][gc,ref       ] GC(780) Skipped phase1 of Reference Processing due to unavailable references
[721.381s][debug][gc,ref       ] GC(780) Skipped phase3 of Reference Processing due to unavailable references
[721.381s][debug][gc,ref       ] GC(780) Skipped phase4 of Reference Processing due to unavailable references
[721.381s][debug][gc,age       ] GC(780) Desired survivor size 15400960 bytes, new threshold 6 (max threshold 6)
[721.381s][info ][gc,heap      ] GC(780) ParNew: 245120K->4864K(270976K)
[721.381s][info ][gc,heap      ] GC(780) CMS: 332810K->332874K(602112K)
[721.381s][info ][gc,metaspace ] GC(780) Metaspace: 57558K->57558K(1101824K)
[721.381s][info ][gc           ] GC(780) Pause Young (Allocation Failure) 564M->329M(852M) 4.776ms
[721.381s][info ][gc,cpu       ] GC(780) User=0.02s Sys=0.00s Real=0.00s
[721.381s][info ][safepoint    ] Leaving safepoint region
[721.381s][info ][safepoint    ] Total time for which application threads were stopped: 0.0049476 seconds, Stopping threads took: 0.0000143 seconds
[722.274s][info ][safepoint    ] Application time: 0.8930154 seconds
[722.274s][info ][safepoint    ] Entering safepoint region: GenCollectForAllocation
[722.274s][info ][gc,start     ] GC(781) Pause Young (Allocation Failure)
[722.274s][info ][gc,task      ] GC(781) Using 4 workers of 4 for evacuation
[722.279s][debug][gc,ref       ] GC(781) Skipped phase1 of Reference Processing due to unavailable references
[722.279s][debug][gc,ref       ] GC(781) Skipped phase3 of Reference Processing due to unavailable references
[722.279s][debug][gc,ref       ] GC(781) Skipped phase4 of Reference Processing due to unavailable references
[722.279s][debug][gc,age       ] GC(781) Desired survivor size 15400960 bytes, new threshold 6 (max threshold 6)
[722.279s][info ][gc,heap      ] GC(781) ParNew: 245760K->3835K(270976K)
[722.279s][info ][gc,heap      ] GC(781) CMS: 332874K->333038K(602112K)
[722.279s][info ][gc,metaspace ] GC(781) Metaspace: 57558K->57558K(1101824K)
[722.279s][info ][gc           ] GC(781) Pause Young (Allocation Failure) 565M->328M(852M) 5.052ms
[722.279s][info ][gc,cpu       ] GC(781) User=0.02s Sys=0.00s Real=0.01s
[722.279s][info ][safepoint    ] Leaving safepoint region
[722.279s][info ][safepoint    ] Total time for which application threads were stopped: 0.0052118 seconds, Stopping threads took: 0.0000166 seconds
[723.190s][info ][safepoint    ] Application time: 0.9103641 seconds
[723.190s][info ][safepoint    ] Entering safepoint region: GenCollectForAllocation
[723.190s][info ][gc,start     ] GC(782) Pause Young (Allocation Failure)
[723.190s][info ][gc,task      ] GC(782) Using 4 workers of 4 for evacuation
[723.195s][debug][gc,ref       ] GC(782) Skipped phase1 of Reference Processing due to unavailable references
[723.195s][debug][gc,ref       ] GC(782) Skipped phase3 of Reference Processing due to unavailable references
[723.195s][debug][gc,ref       ] GC(782) Skipped phase4 of Reference Processing due to unavailable references
[723.195s][debug][gc,age       ] GC(782) Desired survivor size 15400960 bytes, new threshold 6 (max threshold 6)
[723.195s][info ][gc,heap      ] GC(782) ParNew: 244731K->3734K(270976K)
[723.195s][info ][gc,heap      ] GC(782) CMS: 333038K->333181K(602112K)
[723.195s][info ][gc,metaspace ] GC(782) Metaspace: 57558K->57558K(1101824K)
[723.195s][info ][gc           ] GC(782) Pause Young (Allocation Failure) 564M->329M(852M) 4.900ms
[723.195s][info ][gc,cpu       ] GC(782) User=0.02s Sys=0.01s Real=0.00s
[723.195s][info ][safepoint    ] Leaving safepoint region
[723.195s][info ][safepoint    ] Total time for which application threads were stopped: 0.0050942 seconds, Stopping threads took: 0.0000633 seconds
[724.010s][info ][safepoint    ] Application time: 0.8151282 seconds
[724.010s][info ][safepoint    ] Entering safepoint region: GenCollectForAllocation
[724.010s][info ][gc,start     ] GC(783) Pause Young (Allocation Failure)
[724.010s][info ][gc,task      ] GC(783) Using 4 workers of 4 for evacuation
[724.015s][debug][gc,ref       ] GC(783) Skipped phase1 of Reference Processing due to unavailable references
[724.015s][debug][gc,ref       ] GC(783) Skipped phase3 of Reference Processing due to unavailable references
[724.015s][debug][gc,ref       ] GC(783) Skipped phase4 of Reference Processing due to unavailable references
[724.015s][debug][gc,age       ] GC(783) Desired survivor size 15400960 bytes, new threshold 6 (max threshold 6)
[724.015s][info ][gc,heap      ] GC(783) ParNew: 244630K->3731K(270976K)
[724.015s][info ][gc,heap      ] GC(783) CMS: 333181K->333290K(602112K)
[724.015s][info ][gc,metaspace ] GC(783) Metaspace: 57558K->57558K(1101824K)
[724.015s][info ][gc           ] GC(783) Pause Young (Allocation Failure) 564M->329M(852M) 5.296ms
[724.015s][info ][gc,cpu       ] GC(783) User=0.02s Sys=0.00s Real=0.00s
[724.015s][info ][safepoint    ] Leaving safepoint region
[724.015s][info ][safepoint    ] Total time for which application threads were stopped: 0.0054314 seconds, Stopping threads took: 0.0000130 seconds
[724.931s][info ][safepoint    ] Application time: 0.9157440 seconds
[724.931s][info ][safepoint    ] Entering safepoint region: GenCollectForAllocation
[724.931s][info ][gc,start     ] GC(784) Pause Young (Allocation Failure)
[724.931s][info ][gc,task      ] GC(784) Using 4 workers of 4 for evacuation
[724.936s][debug][gc,ref       ] GC(784) Skipped phase1 of Reference Processing due to unavailable references
[724.936s][debug][gc,ref       ] GC(784) Skipped phase2 of Reference Processing due to unavailable references
[724.936s][debug][gc,ref       ] GC(784) Skipped phase3 of Reference Processing due to unavailable references
[724.936s][debug][gc,ref       ] GC(784) Skipped phase4 of Reference Processing due to unavailable references
[724.936s][debug][gc,age       ] GC(784) Desired survivor size 15400960 bytes, new threshold 6 (max threshold 6)
[724.936s][info ][gc,heap      ] GC(784) ParNew: 244627K->4447K(270976K)
[724.936s][info ][gc,heap      ] GC(784) CMS: 333290K->333375K(602112K)
[724.936s][info ][gc,metaspace ] GC(784) Metaspace: 57558K->57558K(1101824K)
[724.936s][info ][gc           ] GC(784) Pause Young (Allocation Failure) 564M->329M(852M) 4.822ms
[724.936s][info ][gc,cpu       ] GC(784) User=0.02s Sys=0.00s Real=0.01s
[724.936s][info ][safepoint    ] Leaving safepoint region
[724.936s][info ][safepoint    ] Total time for which application threads were stopped: 0.0049626 seconds, Stopping threads took: 0.0000142 seconds
[725.916s][info ][safepoint    ] Application time: 0.9794280 seconds
[725.916s][info ][safepoint    ] Entering safepoint region: GenCollectForAllocation
[725.916s][info ][gc,start     ] GC(785) Pause Young (Allocation Failure)
[725.916s][info ][gc,task      ] GC(785) Using 4 workers of 4 for evacuation
[725.920s][debug][gc,ref       ] GC(785) Skipped phase1 of Reference Processing due to unavailable references
[725.920s][debug][gc,ref       ] GC(785) Skipped phase2 of Reference Processing due to unavailable references
[725.920s][debug][gc,ref       ] GC(785) Skipped phase3 of Reference Processing due to unavailable references
[725.920s][debug][gc,ref       ] GC(785) Skipped phase4 of Reference Processing due to unavailable references
[725.920s][debug][gc,age       ] GC(785) Desired survivor size 15400960 bytes, new threshold 6 (max threshold 6)
[725.920s][info ][gc,heap      ] GC(785) ParNew: 245343K->5198K(270976K)
[725.920s][info ][gc,heap      ] GC(785) CMS: 333375K->333592K(602112K)
[725.920s][info ][gc,metaspace ] GC(785) Metaspace: 57558K->57558K(1101824K)
[725.921s][info ][gc           ] GC(785) Pause Young (Allocation Failure) 565M->330M(852M) 4.833ms
[725.921s][info ][gc,cpu       ] GC(785) User=0.01s Sys=0.00s Real=0.00s
[725.921s][info ][safepoint    ] Leaving safepoint region
[725.921s][info ][safepoint    ] Total time for which application threads were stopped: 0.0049765 seconds, Stopping threads took: 0.0000154 seconds
[726.860s][info ][safepoint    ] Application time: 0.9392151 seconds
[726.860s][info ][safepoint    ] Entering safepoint region: GenCollectForAllocation
[726.860s][info ][gc,start     ] GC(786) Pause Young (Allocation Failure)
[726.860s][info ][gc,task      ] GC(786) Using 4 workers of 4 for evacuation
[726.865s][debug][gc,ref       ] GC(786) Skipped phase1 of Reference Processing due to unavailable references
[726.865s][debug][gc,ref       ] GC(786) Skipped phase2 of Reference Processing due to unavailable references
[726.865s][debug][gc,ref       ] GC(786) Skipped phase3 of Reference Processing due to unavailable references
[726.865s][debug][gc,ref       ] GC(786) Skipped phase4 of Reference Processing due to unavailable references
[726.865s][debug][gc,age       ] GC(786) Desired survivor size 15400960 bytes, new threshold 6 (max threshold 6)
[726.865s][info ][gc,heap      ] GC(786) ParNew: 246094K->3701K(270976K)
[726.865s][info ][gc,heap      ] GC(786) CMS: 333592K->333709K(602112K)
[726.865s][info ][gc,metaspace ] GC(786) Metaspace: 57558K->57558K(1101824K)
[726.865s][info ][gc           ] GC(786) Pause Young (Allocation Failure) 566M->329M(852M) 4.933ms
[726.865s][info ][gc,cpu       ] GC(786) User=0.02s Sys=0.00s Real=0.01s
[726.865s][info ][safepoint    ] Leaving safepoint region
[726.865s][info ][safepoint    ] Total time for which application threads were stopped: 0.0050955 seconds, Stopping threads took: 0.0000151 seconds
[727.773s][info ][safepoint    ] Application time: 0.9078022 seconds
[727.773s][info ][safepoint    ] Entering safepoint region: GenCollectForAllocation
[727.773s][info ][gc,start     ] GC(787) Pause Young (Allocation Failure)
[727.773s][info ][gc,task      ] GC(787) Using 4 workers of 4 for evacuation
[727.778s][debug][gc,ref       ] GC(787) Skipped phase1 of Reference Processing due to unavailable references
[727.778s][debug][gc,ref       ] GC(787) Skipped phase2 of Reference Processing due to unavailable references
[727.778s][debug][gc,ref       ] GC(787) Skipped phase3 of Reference Processing due to unavailable references
[727.778s][debug][gc,ref       ] GC(787) Skipped phase4 of Reference Processing due to unavailable references
[727.778s][debug][gc,age       ] GC(787) Desired survivor size 15400960 bytes, new threshold 6 (max threshold 6)
[727.778s][info ][gc,heap      ] GC(787) ParNew: 244597K->3920K(270976K)
[727.778s][info ][gc,heap      ] GC(787) CMS: 333709K->333972K(602112K)
[727.778s][info ][gc,metaspace ] GC(787) Metaspace: 57559K->57559K(1101824K)
[727.778s][info ][gc           ] GC(787) Pause Young (Allocation Failure) 564M->329M(852M) 5.068ms
[727.778s][info ][gc,cpu       ] GC(787) User=0.02s Sys=0.00s Real=0.01s
[727.778s][info ][safepoint    ] Leaving safepoint region
[727.778s][info ][safepoint    ] Total time for which application threads were stopped: 0.0052264 seconds, Stopping threads took: 0.0000155 seconds
[728.653s][info ][safepoint    ] Application time: 0.8752349 seconds
[728.653s][info ][safepoint    ] Entering safepoint region: GenCollectForAllocation
[728.653s][info ][gc,start     ] GC(788) Pause Young (Allocation Failure)
[728.653s][info ][gc,task      ] GC(788) Using 4 workers of 4 for evacuation
[728.658s][debug][gc,ref       ] GC(788) Skipped phase1 of Reference Processing due to unavailable references
[728.658s][debug][gc,ref       ] GC(788) Skipped phase2 of Reference Processing due to unavailable references
[728.658s][debug][gc,ref       ] GC(788) Skipped phase3 of Reference Processing due to unavailable references
[728.658s][debug][gc,ref       ] GC(788) Skipped phase4 of Reference Processing due to unavailable references
[728.658s][debug][gc,age       ] GC(788) Desired survivor size 15400960 bytes, new threshold 6 (max threshold 6)
[728.658s][info ][gc,heap      ] GC(788) ParNew: 244816K->3880K(270976K)
[728.658s][info ][gc,heap      ] GC(788) CMS: 333972K->334083K(602112K)
[728.658s][info ][gc,metaspace ] GC(788) Metaspace: 57560K->57560K(1101824K)
[728.658s][info ][gc           ] GC(788) Pause Young (Allocation Failure) 565M->330M(852M) 4.872ms
[728.658s][info ][gc,cpu       ] GC(788) User=0.01s Sys=0.00s Real=0.01s
[728.658s][info ][safepoint    ] Leaving safepoint region
[728.658s][info ][safepoint    ] Total time for which application threads were stopped: 0.0050430 seconds, Stopping threads took: 0.0000526 seconds
[729.635s][info ][safepoint    ] Application time: 0.9766020 seconds
[729.635s][info ][safepoint    ] Entering safepoint region: GenCollectForAllocation
[729.635s][info ][gc,start     ] GC(789) Pause Young (Allocation Failure)
[729.635s][info ][gc,task      ] GC(789) Using 4 workers of 4 for evacuation
[729.639s][debug][gc,ref       ] GC(789) Skipped phase1 of Reference Processing due to unavailable references
[729.639s][debug][gc,ref       ] GC(789) Skipped phase2 of Reference Processing due to unavailable references
[729.639s][debug][gc,ref       ] GC(789) Skipped phase3 of Reference Processing due to unavailable references
[729.639s][debug][gc,ref       ] GC(789) Skipped phase4 of Reference Processing due to unavailable references
[729.640s][debug][gc,age       ] GC(789) Desired survivor size 15400960 bytes, new threshold 6 (max threshold 6)
[729.640s][info ][gc,heap      ] GC(789) ParNew: 244776K->3388K(270976K)
[729.640s][info ][gc,heap      ] GC(789) CMS: 334083K->334197K(602112K)
[729.640s][info ][gc,metaspace ] GC(789) Metaspace: 57560K->57560K(1101824K)
[729.640s][info ][gc           ] GC(789) Pause Young (Allocation Failure) 565M->329M(852M) 4.616ms
[729.640s][info ][gc,cpu       ] GC(789) User=0.01s Sys=0.00s Real=0.01s
[729.640s][info ][safepoint    ] Leaving safepoint region
[729.640s][info ][safepoint    ] Total time for which application threads were stopped: 0.0047838 seconds, Stopping threads took: 0.0000160 seconds
[730.608s][info ][safepoint    ] Application time: 0.9683256 seconds
[730.608s][info ][safepoint    ] Entering safepoint region: GenCollectForAllocation
[730.608s][info ][gc,start     ] GC(790) Pause Young (Allocation Failure)
[730.608s][info ][gc,task      ] GC(790) Using 4 workers of 4 for evacuation
[730.613s][debug][gc,ref       ] GC(790) Skipped phase1 of Reference Processing due to unavailable references
[730.613s][debug][gc,ref       ] GC(790) Skipped phase2 of Reference Processing due to unavailable references
[730.613s][debug][gc,ref       ] GC(790) Skipped phase3 of Reference Processing due to unavailable references
[730.613s][debug][gc,ref       ] GC(790) Skipped phase4 of Reference Processing due to unavailable references
[730.613s][debug][gc,age       ] GC(790) Desired survivor size 15400960 bytes, new threshold 6 (max threshold 6)
[730.613s][info ][gc,heap      ] GC(790) ParNew: 244284K->4042K(270976K)
[730.613s][info ][gc,heap      ] GC(790) CMS: 334197K->334272K(602112K)
[730.613s][info ][gc,metaspace ] GC(790) Metaspace: 57560K->57560K(1101824K)
[730.613s][info ][gc           ] GC(790) Pause Young (Allocation Failure) 564M->330M(852M) 4.661ms
[730.613s][info ][gc,cpu       ] GC(790) User=0.02s Sys=0.00s Real=0.00s
[730.613s][info ][safepoint    ] Leaving safepoint region
[730.613s][info ][safepoint    ] Total time for which application threads were stopped: 0.0049122 seconds, Stopping threads took: 0.0000297 seconds
[731.498s][info ][safepoint    ] Application time: 0.8852155 seconds
[731.498s][info ][safepoint    ] Entering safepoint region: GenCollectForAllocation
[731.498s][info ][gc,start     ] GC(791) Pause Young (Allocation Failure)
[731.498s][info ][gc,task      ] GC(791) Using 4 workers of 4 for evacuation
[731.503s][debug][gc,ref       ] GC(791) Skipped phase1 of Reference Processing due to unavailable references
[731.503s][debug][gc,ref       ] GC(791) Skipped phase2 of Reference Processing due to unavailable references
[731.503s][debug][gc,ref       ] GC(791) Skipped phase3 of Reference Processing due to unavailable references
[731.503s][debug][gc,ref       ] GC(791) Skipped phase4 of Reference Processing due to unavailable references
[731.503s][debug][gc,age       ] GC(791) Desired survivor size 15400960 bytes, new threshold 6 (max threshold 6)
[731.503s][info ][gc,heap      ] GC(791) ParNew: 244938K->3611K(270976K)
[731.503s][info ][gc,heap      ] GC(791) CMS: 334272K->334348K(602112K)
[731.503s][info ][gc,metaspace ] GC(791) Metaspace: 57560K->57560K(1101824K)
[731.503s][info ][gc           ] GC(791) Pause Young (Allocation Failure) 565M->330M(852M) 4.847ms
[731.503s][info ][gc,cpu       ] GC(791) User=0.02s Sys=0.00s Real=0.00s
[731.503s][info ][safepoint    ] Leaving safepoint region
[731.503s][info ][safepoint    ] Total time for which application threads were stopped: 0.0050085 seconds, Stopping threads took: 0.0000150 seconds
[732.479s][info ][safepoint    ] Application time: 0.9755277 seconds
[732.479s][info ][safepoint    ] Entering safepoint region: GenCollectForAllocation
[732.479s][info ][gc,start     ] GC(792) Pause Young (Allocation Failure)
[732.479s][info ][gc,task      ] GC(792) Using 4 workers of 4 for evacuation
[732.483s][debug][gc,ref       ] GC(792) Skipped phase1 of Reference Processing due to unavailable references
[732.483s][debug][gc,ref       ] GC(792) Skipped phase2 of Reference Processing due to unavailable references
[732.483s][debug][gc,ref       ] GC(792) Skipped phase3 of Reference Processing due to unavailable references
[732.483s][debug][gc,ref       ] GC(792) Skipped phase4 of Reference Processing due to unavailable references
[732.483s][debug][gc,age       ] GC(792) Desired survivor size 15400960 bytes, new threshold 6 (max threshold 6)
[732.483s][info ][gc,heap      ] GC(792) ParNew: 244507K->4724K(270976K)
[732.483s][info ][gc,heap      ] GC(792) CMS: 334348K->334378K(602112K)
[732.483s][info ][gc,metaspace ] GC(792) Metaspace: 57560K->57560K(1101824K)
[732.483s][info ][gc           ] GC(792) Pause Young (Allocation Failure) 565M->331M(852M) 4.387ms
[732.483s][info ][gc,cpu       ] GC(792) User=0.02s Sys=0.00s Real=0.00s
[732.483s][info ][safepoint    ] Leaving safepoint region
[732.483s][info ][safepoint    ] Total time for which application threads were stopped: 0.0045572 seconds, Stopping threads took: 0.0000137 seconds
[733.407s][info ][safepoint    ] Application time: 0.9234044 seconds
[733.407s][info ][safepoint    ] Entering safepoint region: GenCollectForAllocation
[733.407s][info ][gc,start     ] GC(793) Pause Young (Allocation Failure)
[733.407s][info ][gc,task      ] GC(793) Using 4 workers of 4 for evacuation
[733.412s][debug][gc,ref       ] GC(793) Skipped phase1 of Reference Processing due to unavailable references
[733.412s][debug][gc,ref       ] GC(793) Skipped phase2 of Reference Processing due to unavailable references
[733.412s][debug][gc,ref       ] GC(793) Skipped phase3 of Reference Processing due to unavailable references
[733.412s][debug][gc,ref       ] GC(793) Skipped phase4 of Reference Processing due to unavailable references
[733.412s][debug][gc,age       ] GC(793) Desired survivor size 15400960 bytes, new threshold 6 (max threshold 6)
[733.412s][info ][gc,heap      ] GC(793) ParNew: 245620K->4217K(270976K)
[733.412s][info ][gc,heap      ] GC(793) CMS: 334378K->334450K(602112K)
[733.412s][info ][gc,metaspace ] GC(793) Metaspace: 57560K->57560K(1101824K)
[733.412s][info ][gc           ] GC(793) Pause Young (Allocation Failure) 566M->330M(852M) 4.867ms
[733.412s][info ][gc,cpu       ] GC(793) User=0.02s Sys=0.00s Real=0.00s
[733.412s][info ][safepoint    ] Leaving safepoint region
[733.412s][info ][safepoint    ] Total time for which application threads were stopped: 0.0050238 seconds, Stopping threads took: 0.0000134 seconds
[734.384s][info ][safepoint    ] Application time: 0.9716825 seconds
[734.384s][info ][safepoint    ] Entering safepoint region: GenCollectForAllocation
[734.384s][info ][gc,start     ] GC(794) Pause Young (Allocation Failure)
[734.384s][info ][gc,task      ] GC(794) Using 4 workers of 4 for evacuation
[734.389s][debug][gc,ref       ] GC(794) Skipped phase1 of Reference Processing due to unavailable references
[734.389s][debug][gc,ref       ] GC(794) Skipped phase2 of Reference Processing due to unavailable references
[734.389s][debug][gc,ref       ] GC(794) Skipped phase3 of Reference Processing due to unavailable references
[734.389s][debug][gc,ref       ] GC(794) Skipped phase4 of Reference Processing due to unavailable references
[734.389s][debug][gc,age       ] GC(794) Desired survivor size 15400960 bytes, new threshold 6 (max threshold 6)
[734.389s][info ][gc,heap      ] GC(794) ParNew: 245113K->3518K(270976K)
[734.389s][info ][gc,heap      ] GC(794) CMS: 334450K->334649K(602112K)
[734.389s][info ][gc,metaspace ] GC(794) Metaspace: 57560K->57560K(1101824K)
[734.389s][info ][gc           ] GC(794) Pause Young (Allocation Failure) 565M->330M(852M) 5.002ms
[734.389s][info ][gc,cpu       ] GC(794) User=0.02s Sys=0.01s Real=0.00s
[734.389s][info ][safepoint    ] Leaving safepoint region
[734.389s][info ][safepoint    ] Total time for which application threads were stopped: 0.0051644 seconds, Stopping threads took: 0.0000153 seconds
[735.333s][info ][safepoint    ] Application time: 0.9438384 seconds
[735.333s][info ][safepoint    ] Entering safepoint region: GenCollectForAllocation
[735.333s][info ][gc,start     ] GC(795) Pause Young (Allocation Failure)
[735.333s][info ][gc,task      ] GC(795) Using 4 workers of 4 for evacuation
[735.337s][debug][gc,ref       ] GC(795) Skipped phase1 of Reference Processing due to unavailable references
[735.337s][debug][gc,ref       ] GC(795) Skipped phase2 of Reference Processing due to unavailable references
[735.337s][debug][gc,ref       ] GC(795) Skipped phase3 of Reference Processing due to unavailable references
[735.337s][debug][gc,ref       ] GC(795) Skipped phase4 of Reference Processing due to unavailable references
[735.338s][debug][gc,age       ] GC(795) Desired survivor size 15400960 bytes, new threshold 6 (max threshold 6)
[735.338s][info ][gc,heap      ] GC(795) ParNew: 244414K->3482K(270976K)
[735.338s][info ][gc,heap      ] GC(795) CMS: 334649K->334713K(602112K)
[735.338s][info ][gc,metaspace ] GC(795) Metaspace: 57560K->57560K(1101824K)
[735.338s][info ][gc           ] GC(795) Pause Young (Allocation Failure) 565M->330M(852M) 4.938ms
[735.338s][info ][gc,cpu       ] GC(795) User=0.02s Sys=0.00s Real=0.01s
[735.338s][info ][safepoint    ] Leaving safepoint region
[735.338s][info ][safepoint    ] Total time for which application threads were stopped: 0.0050860 seconds, Stopping threads took: 0.0000150 seconds
[736.193s][info ][safepoint    ] Application time: 0.8555865 seconds
[736.193s][info ][safepoint    ] Entering safepoint region: GenCollectForAllocation
[736.193s][info ][gc,start     ] GC(796) Pause Young (Allocation Failure)
[736.193s][info ][gc,task      ] GC(796) Using 4 workers of 4 for evacuation
[736.198s][debug][gc,ref       ] GC(796) Skipped phase1 of Reference Processing due to unavailable references
[736.198s][debug][gc,ref       ] GC(796) Skipped phase2 of Reference Processing due to unavailable references
[736.198s][debug][gc,ref       ] GC(796) Skipped phase3 of Reference Processing due to unavailable references
[736.198s][debug][gc,ref       ] GC(796) Skipped phase4 of Reference Processing due to unavailable references
[736.198s][debug][gc,age       ] GC(796) Desired survivor size 15400960 bytes, new threshold 6 (max threshold 6)
[736.198s][info ][gc,heap      ] GC(796) ParNew: 244378K->4925K(270976K)
[736.198s][info ][gc,heap      ] GC(796) CMS: 334713K->334729K(602112K)
[736.198s][info ][gc,metaspace ] GC(796) Metaspace: 57560K->57560K(1101824K)
[736.198s][info ][gc           ] GC(796) Pause Young (Allocation Failure) 565M->331M(852M) 4.805ms
[736.198s][info ][gc,cpu       ] GC(796) User=0.02s Sys=0.00s Real=0.01s
[736.198s][info ][safepoint    ] Leaving safepoint region
[736.198s][info ][safepoint    ] Total time for which application threads were stopped: 0.0049693 seconds, Stopping threads took: 0.0000141 seconds
[737.097s][info ][safepoint    ] Application time: 0.8989512 seconds
[737.097s][info ][safepoint    ] Entering safepoint region: GenCollectForAllocation
[737.097s][info ][gc,start     ] GC(797) Pause Young (Allocation Failure)
[737.097s][info ][gc,task      ] GC(797) Using 4 workers of 4 for evacuation
[737.103s][debug][gc,ref       ] GC(797) Skipped phase1 of Reference Processing due to unavailable references
[737.103s][debug][gc,ref       ] GC(797) Skipped phase2 of Reference Processing due to unavailable references
[737.103s][debug][gc,ref       ] GC(797) Skipped phase3 of Reference Processing due to unavailable references
[737.103s][debug][gc,ref       ] GC(797) Skipped phase4 of Reference Processing due to unavailable references
[737.103s][debug][gc,age       ] GC(797) Desired survivor size 15400960 bytes, new threshold 6 (max threshold 6)
[737.103s][info ][gc,heap      ] GC(797) ParNew: 245821K->3806K(270976K)
[737.103s][info ][gc,heap      ] GC(797) CMS: 334729K->335029K(602112K)
[737.103s][info ][gc,metaspace ] GC(797) Metaspace: 57561K->57561K(1101824K)
[737.103s][info ][gc           ] GC(797) Pause Young (Allocation Failure) 566M->330M(852M) 5.487ms
[737.103s][info ][gc,cpu       ] GC(797) User=0.02s Sys=0.00s Real=0.00s
[737.103s][info ][safepoint    ] Leaving safepoint region
[737.103s][info ][safepoint    ] Total time for which application threads were stopped: 0.0056544 seconds, Stopping threads took: 0.0000148 seconds
[738.056s][info ][safepoint    ] Application time: 0.9527536 seconds
[738.056s][info ][safepoint    ] Entering safepoint region: GenCollectForAllocation
[738.056s][info ][gc,start     ] GC(798) Pause Young (Allocation Failure)
[738.056s][info ][gc,task      ] GC(798) Using 4 workers of 4 for evacuation
[738.060s][debug][gc,ref       ] GC(798) Skipped phase1 of Reference Processing due to unavailable references
[738.060s][debug][gc,ref       ] GC(798) Skipped phase2 of Reference Processing due to unavailable references
[738.060s][debug][gc,ref       ] GC(798) Skipped phase3 of Reference Processing due to unavailable references
[738.060s][debug][gc,ref       ] GC(798) Skipped phase4 of Reference Processing due to unavailable references
[738.060s][debug][gc,age       ] GC(798) Desired survivor size 15400960 bytes, new threshold 6 (max threshold 6)
[738.060s][info ][gc,heap      ] GC(798) ParNew: 244702K->4457K(270976K)
[738.060s][info ][gc,heap      ] GC(798) CMS: 335029K->335104K(602112K)
[738.060s][info ][gc,metaspace ] GC(798) Metaspace: 57561K->57561K(1101824K)
[738.060s][info ][gc           ] GC(798) Pause Young (Allocation Failure) 566M->331M(852M) 4.589ms
[738.060s][info ][gc,cpu       ] GC(798) User=0.01s Sys=0.00s Real=0.00s
[738.060s][info ][safepoint    ] Leaving safepoint region
[738.060s][info ][safepoint    ] Total time for which application threads were stopped: 0.0047576 seconds, Stopping threads took: 0.0000288 seconds
[739.032s][info ][safepoint    ] Application time: 0.9716592 seconds
[739.032s][info ][safepoint    ] Entering safepoint region: GenCollectForAllocation
[739.032s][info ][gc,start     ] GC(799) Pause Young (Allocation Failure)
[739.032s][info ][gc,task      ] GC(799) Using 4 workers of 4 for evacuation
[739.037s][debug][gc,ref       ] GC(799) Skipped phase1 of Reference Processing due to unavailable references
[739.037s][debug][gc,ref       ] GC(799) Skipped phase2 of Reference Processing due to unavailable references
[739.037s][debug][gc,ref       ] GC(799) Skipped phase3 of Reference Processing due to unavailable references
[739.037s][debug][gc,ref       ] GC(799) Skipped phase4 of Reference Processing due to unavailable references
[739.037s][debug][gc,age       ] GC(799) Desired survivor size 15400960 bytes, new threshold 6 (max threshold 6)
[739.037s][info ][gc,heap      ] GC(799) ParNew: 245353K->3669K(270976K)
[739.037s][info ][gc,heap      ] GC(799) CMS: 335104K->335256K(602112K)
[739.037s][info ][gc,metaspace ] GC(799) Metaspace: 57561K->57561K(1101824K)
[739.037s][info ][gc           ] GC(799) Pause Young (Allocation Failure) 566M->330M(852M) 5.017ms
[739.037s][info ][gc,cpu       ] GC(799) User=0.01s Sys=0.00s Real=0.01s
[739.037s][info ][safepoint    ] Leaving safepoint region
[739.037s][info ][safepoint    ] Total time for which application threads were stopped: 0.0051813 seconds, Stopping threads took: 0.0000143 seconds
[739.913s][info ][safepoint    ] Application time: 0.8752703 seconds
[739.913s][info ][safepoint    ] Entering safepoint region: GenCollectForAllocation
[739.913s][info ][gc,start     ] GC(800) Pause Young (Allocation Failure)
[739.913s][info ][gc,task      ] GC(800) Using 4 workers of 4 for evacuation
[739.917s][debug][gc,ref       ] GC(800) Skipped phase1 of Reference Processing due to unavailable references
[739.918s][debug][gc,ref       ] GC(800) Skipped phase2 of Reference Processing due to unavailable references
[739.918s][debug][gc,ref       ] GC(800) Skipped phase3 of Reference Processing due to unavailable references
[739.918s][debug][gc,ref       ] GC(800) Skipped phase4 of Reference Processing due to unavailable references
[739.918s][debug][gc,age       ] GC(800) Desired survivor size 15400960 bytes, new threshold 6 (max threshold 6)
[739.918s][info ][gc,heap      ] GC(800) ParNew: 244565K->4122K(270976K)
[739.918s][info ][gc,heap      ] GC(800) CMS: 335256K->335376K(602112K)
[739.918s][info ][gc,metaspace ] GC(800) Metaspace: 57562K->57562K(1101824K)
[739.918s][info ][gc           ] GC(800) Pause Young (Allocation Failure) 566M->331M(852M) 4.936ms
[739.918s][info ][gc,cpu       ] GC(800) User=0.02s Sys=0.00s Real=0.01s
[739.918s][info ][safepoint    ] Leaving safepoint region
[739.918s][info ][safepoint    ] Total time for which application threads were stopped: 0.0050840 seconds, Stopping threads took: 0.0000137 seconds
[740.820s][info ][safepoint    ] Application time: 0.9019772 seconds
[740.820s][info ][safepoint    ] Entering safepoint region: GenCollectForAllocation
[740.820s][info ][gc,start     ] GC(801) Pause Young (Allocation Failure)
[740.820s][info ][gc,task      ] GC(801) Using 4 workers of 4 for evacuation
[740.825s][debug][gc,ref       ] GC(801) Skipped phase1 of Reference Processing due to unavailable references
[740.825s][debug][gc,ref       ] GC(801) Skipped phase2 of Reference Processing due to unavailable references
[740.825s][debug][gc,ref       ] GC(801) Skipped phase3 of Reference Processing due to unavailable references
[740.825s][debug][gc,ref       ] GC(801) Skipped phase4 of Reference Processing due to unavailable references
[740.825s][debug][gc,age       ] GC(801) Desired survivor size 15400960 bytes, new threshold 6 (max threshold 6)
[740.825s][info ][gc,heap      ] GC(801) ParNew: 245018K->4161K(270976K)
[740.825s][info ][gc,heap      ] GC(801) CMS: 335376K->335425K(602112K)
[740.825s][info ][gc,metaspace ] GC(801) Metaspace: 57572K->57572K(1101824K)
[740.825s][info ][gc           ] GC(801) Pause Young (Allocation Failure) 566M->331M(852M) 5.220ms
[740.825s][info ][gc,cpu       ] GC(801) User=0.02s Sys=0.00s Real=0.01s
[740.825s][info ][safepoint    ] Leaving safepoint region
[740.825s][info ][safepoint    ] Total time for which application threads were stopped: 0.0053788 seconds, Stopping threads took: 0.0000165 seconds
[741.704s][info ][safepoint    ] Application time: 0.8787772 seconds
[741.704s][info ][safepoint    ] Entering safepoint region: GenCollectForAllocation
[741.704s][info ][gc,start     ] GC(802) Pause Young (Allocation Failure)
[741.704s][info ][gc,task      ] GC(802) Using 4 workers of 4 for evacuation
[741.709s][debug][gc,ref       ] GC(802) Skipped phase1 of Reference Processing due to unavailable references
[741.709s][debug][gc,ref       ] GC(802) Skipped phase2 of Reference Processing due to unavailable references
[741.709s][debug][gc,ref       ] GC(802) Skipped phase3 of Reference Processing due to unavailable references
[741.709s][debug][gc,ref       ] GC(802) Skipped phase4 of Reference Processing due to unavailable references
[741.709s][debug][gc,age       ] GC(802) Desired survivor size 15400960 bytes, new threshold 6 (max threshold 6)
[741.709s][info ][gc,heap      ] GC(802) ParNew: 245057K->5110K(270976K)
[741.709s][info ][gc,heap      ] GC(802) CMS: 335425K->335498K(602112K)
[741.709s][info ][gc,metaspace ] GC(802) Metaspace: 57572K->57572K(1101824K)
[741.709s][info ][gc           ] GC(802) Pause Young (Allocation Failure) 566M->332M(852M) 5.083ms
[741.709s][info ][gc,cpu       ] GC(802) User=0.02s Sys=0.00s Real=0.00s
[741.709s][info ][safepoint    ] Leaving safepoint region
[741.709s][info ][safepoint    ] Total time for which application threads were stopped: 0.0052449 seconds, Stopping threads took: 0.0000351 seconds
[742.709s][info ][safepoint    ] Application time: 1.0001022 seconds
[742.709s][info ][safepoint    ] Entering safepoint region: Cleanup
[742.709s][info ][safepoint    ] Leaving safepoint region
[742.709s][info ][safepoint    ] Total time for which application threads were stopped: 0.0001240 seconds, Stopping threads took: 0.0000571 seconds
[742.830s][info ][safepoint    ] Application time: 0.1206112 seconds
[742.830s][info ][safepoint    ] Entering safepoint region: GenCollectForAllocation
[742.830s][info ][gc,start     ] GC(803) Pause Young (Allocation Failure)
[742.830s][info ][gc,task      ] GC(803) Using 4 workers of 4 for evacuation
[742.835s][debug][gc,ref       ] GC(803) Skipped phase1 of Reference Processing due to unavailable references
[742.835s][debug][gc,ref       ] GC(803) Skipped phase2 of Reference Processing due to unavailable references
[742.835s][debug][gc,ref       ] GC(803) Skipped phase3 of Reference Processing due to unavailable references
[742.835s][debug][gc,ref       ] GC(803) Skipped phase4 of Reference Processing due to unavailable references
[742.835s][debug][gc,age       ] GC(803) Desired survivor size 15400960 bytes, new threshold 6 (max threshold 6)
[742.835s][info ][gc,heap      ] GC(803) ParNew: 246006K->3511K(270976K)
[742.835s][info ][gc,heap      ] GC(803) CMS: 335498K->335597K(602112K)
[742.835s][info ][gc,metaspace ] GC(803) Metaspace: 57573K->57573K(1101824K)
[742.835s][info ][gc           ] GC(803) Pause Young (Allocation Failure) 567M->331M(852M) 4.805ms
[742.835s][info ][gc,cpu       ] GC(803) User=0.02s Sys=0.00s Real=0.00s
[742.835s][info ][safepoint    ] Leaving safepoint region
[742.835s][info ][safepoint    ] Total time for which application threads were stopped: 0.0049630 seconds, Stopping threads took: 0.0000147 seconds
[743.721s][info ][safepoint    ] Application time: 0.8859796 seconds
[743.721s][info ][safepoint    ] Entering safepoint region: GenCollectForAllocation
[743.721s][info ][gc,start     ] GC(804) Pause Young (Allocation Failure)
[743.721s][info ][gc,task      ] GC(804) Using 4 workers of 4 for evacuation
[743.726s][debug][gc,ref       ] GC(804) Skipped phase1 of Reference Processing due to unavailable references
[743.726s][debug][gc,ref       ] GC(804) Skipped phase2 of Reference Processing due to unavailable references
[743.726s][debug][gc,ref       ] GC(804) Skipped phase3 of Reference Processing due to unavailable references
[743.726s][debug][gc,ref       ] GC(804) Skipped phase4 of Reference Processing due to unavailable references
[743.726s][debug][gc,age       ] GC(804) Desired survivor size 15400960 bytes, new threshold 6 (max threshold 6)
[743.726s][info ][gc,heap      ] GC(804) ParNew: 244407K->3894K(270976K)
[743.726s][info ][gc,heap      ] GC(804) CMS: 335597K->335699K(602112K)
[743.726s][info ][gc,metaspace ] GC(804) Metaspace: 57573K->57573K(1101824K)
[743.726s][info ][gc           ] GC(804) Pause Young (Allocation Failure) 566M->331M(852M) 5.202ms
[743.726s][info ][gc,cpu       ] GC(804) User=0.02s Sys=0.00s Real=0.01s
[743.726s][info ][safepoint    ] Leaving safepoint region
[743.726s][info ][safepoint    ] Total time for which application threads were stopped: 0.0053478 seconds, Stopping threads took: 0.0000137 seconds
[744.714s][info ][safepoint    ] Application time: 0.9880406 seconds
[744.715s][info ][safepoint    ] Entering safepoint region: GenCollectForAllocation
[744.715s][info ][gc,start     ] GC(805) Pause Young (Allocation Failure)
[744.715s][info ][gc,task      ] GC(805) Using 4 workers of 4 for evacuation
[744.720s][debug][gc,ref       ] GC(805) Skipped phase1 of Reference Processing due to unavailable references
[744.720s][debug][gc,ref       ] GC(805) Skipped phase2 of Reference Processing due to unavailable references
[744.720s][debug][gc,ref       ] GC(805) Skipped phase3 of Reference Processing due to unavailable references
[744.720s][debug][gc,ref       ] GC(805) Skipped phase4 of Reference Processing due to unavailable references
[744.720s][debug][gc,age       ] GC(805) Desired survivor size 15400960 bytes, new threshold 6 (max threshold 6)
[744.720s][info ][gc,heap      ] GC(805) ParNew: 244790K->4137K(270976K)
[744.720s][info ][gc,heap      ] GC(805) CMS: 335699K->335792K(602112K)
[744.720s][info ][gc,metaspace ] GC(805) Metaspace: 57573K->57573K(1101824K)
[744.720s][info ][gc           ] GC(805) Pause Young (Allocation Failure) 566M->331M(852M) 5.076ms
[744.720s][info ][gc,cpu       ] GC(805) User=0.02s Sys=0.00s Real=0.01s
[744.720s][info ][safepoint    ] Leaving safepoint region
[744.720s][info ][safepoint    ] Total time for which application threads were stopped: 0.0052334 seconds, Stopping threads took: 0.0000135 seconds
[745.718s][info ][safepoint    ] Application time: 0.9984425 seconds
[745.718s][info ][safepoint    ] Entering safepoint region: GenCollectForAllocation
[745.718s][info ][gc,start     ] GC(806) Pause Young (Allocation Failure)
[745.718s][info ][gc,task      ] GC(806) Using 4 workers of 4 for evacuation
[745.723s][debug][gc,ref       ] GC(806) Skipped phase1 of Reference Processing due to unavailable references
[745.723s][debug][gc,ref       ] GC(806) Skipped phase2 of Reference Processing due to unavailable references
[745.723s][debug][gc,ref       ] GC(806) Skipped phase3 of Reference Processing due to unavailable references
[745.723s][debug][gc,ref       ] GC(806) Skipped phase4 of Reference Processing due to unavailable references
[745.724s][debug][gc,age       ] GC(806) Desired survivor size 15400960 bytes, new threshold 6 (max threshold 6)
[745.724s][info ][gc,heap      ] GC(806) ParNew: 245033K->4268K(270976K)
[745.724s][info ][gc,heap      ] GC(806) CMS: 335792K->335955K(602112K)
[745.724s][info ][gc,metaspace ] GC(806) Metaspace: 57573K->57573K(1101824K)
[745.724s][info ][gc           ] GC(806) Pause Young (Allocation Failure) 567M->332M(852M) 5.232ms
[745.724s][info ][gc,cpu       ] GC(806) User=0.02s Sys=0.00s Real=0.01s
[745.724s][info ][safepoint    ] Leaving safepoint region
[745.724s][info ][safepoint    ] Total time for which application threads were stopped: 0.0054333 seconds, Stopping threads took: 0.0000216 seconds
[746.705s][info ][safepoint    ] Application time: 0.9812067 seconds
[746.705s][info ][safepoint    ] Entering safepoint region: GenCollectForAllocation
[746.705s][info ][gc,start     ] GC(807) Pause Young (Allocation Failure)
[746.705s][info ][gc,task      ] GC(807) Using 4 workers of 4 for evacuation
[746.710s][debug][gc,ref       ] GC(807) Skipped phase1 of Reference Processing due to unavailable references
[746.710s][debug][gc,ref       ] GC(807) Skipped phase2 of Reference Processing due to unavailable references
[746.710s][debug][gc,ref       ] GC(807) Skipped phase3 of Reference Processing due to unavailable references
[746.710s][debug][gc,ref       ] GC(807) Skipped phase4 of Reference Processing due to unavailable references
[746.710s][debug][gc,age       ] GC(807) Desired survivor size 15400960 bytes, new threshold 6 (max threshold 6)
[746.710s][info ][gc,heap      ] GC(807) ParNew: 245164K->4190K(270976K)
[746.710s][info ][gc,heap      ] GC(807) CMS: 335955K->336037K(602112K)
[746.710s][info ][gc,metaspace ] GC(807) Metaspace: 57574K->57574K(1101824K)
[746.710s][info ][gc           ] GC(807) Pause Young (Allocation Failure) 567M->332M(852M) 4.950ms
[746.710s][info ][gc,cpu       ] GC(807) User=0.01s Sys=0.00s Real=0.00s
[746.710s][info ][safepoint    ] Leaving safepoint region
[746.710s][info ][safepoint    ] Total time for which application threads were stopped: 0.0050937 seconds, Stopping threads took: 0.0000147 seconds
[747.710s][info ][safepoint    ] Application time: 1.0000938 seconds
[747.710s][info ][safepoint    ] Entering safepoint region: Cleanup
[747.710s][info ][safepoint    ] Leaving safepoint region
[747.710s][info ][safepoint    ] Total time for which application threads were stopped: 0.0001409 seconds, Stopping threads took: 0.0000700 seconds
[747.711s][info ][safepoint    ] Application time: 0.0006459 seconds
[747.711s][info ][safepoint    ] Entering safepoint region: GenCollectForAllocation
[747.711s][info ][gc,start     ] GC(808) Pause Young (Allocation Failure)
[747.711s][info ][gc,task      ] GC(808) Using 4 workers of 4 for evacuation
[747.716s][debug][gc,ref       ] GC(808) Skipped phase1 of Reference Processing due to unavailable references
[747.716s][debug][gc,ref       ] GC(808) Skipped phase3 of Reference Processing due to unavailable references
[747.716s][debug][gc,age       ] GC(808) Desired survivor size 15400960 bytes, new threshold 6 (max threshold 6)
[747.716s][info ][gc,heap      ] GC(808) ParNew: 245086K->4275K(270976K)
[747.716s][info ][gc,heap      ] GC(808) CMS: 336037K->336077K(602112K)
[747.716s][info ][gc,metaspace ] GC(808) Metaspace: 57578K->57578K(1101824K)
[747.716s][info ][gc           ] GC(808) Pause Young (Allocation Failure) 567M->332M(852M) 5.039ms
[747.716s][info ][gc,cpu       ] GC(808) User=0.02s Sys=0.00s Real=0.01s
[747.716s][info ][safepoint    ] Leaving safepoint region
[747.716s][info ][safepoint    ] Total time for which application threads were stopped: 0.0051518 seconds, Stopping threads took: 0.0000080 seconds
[748.564s][info ][safepoint    ] Application time: 0.8474329 seconds
[748.564s][info ][safepoint    ] Entering safepoint region: GenCollectForAllocation
[748.564s][info ][gc,start     ] GC(809) Pause Young (Allocation Failure)
[748.564s][info ][gc,task      ] GC(809) Using 4 workers of 4 for evacuation
[748.569s][debug][gc,ref       ] GC(809) Skipped phase1 of Reference Processing due to unavailable references
[748.569s][debug][gc,ref       ] GC(809) Skipped phase3 of Reference Processing due to unavailable references
[748.569s][debug][gc,ref       ] GC(809) Skipped phase4 of Reference Processing due to unavailable references
[748.569s][debug][gc,age       ] GC(809) Desired survivor size 15400960 bytes, new threshold 6 (max threshold 6)
[748.569s][info ][gc,heap      ] GC(809) ParNew: 245171K->4886K(270976K)
[748.569s][info ][gc,heap      ] GC(809) CMS: 336077K->336147K(602112K)
[748.569s][info ][gc,metaspace ] GC(809) Metaspace: 57580K->57580K(1101824K)
[748.569s][info ][gc           ] GC(809) Pause Young (Allocation Failure) 567M->333M(852M) 5.480ms
[748.569s][info ][gc,cpu       ] GC(809) User=0.02s Sys=0.00s Real=0.00s
[748.569s][info ][safepoint    ] Leaving safepoint region
[748.569s][info ][safepoint    ] Total time for which application threads were stopped: 0.0056325 seconds, Stopping threads took: 0.0000174 seconds
[749.510s][info ][safepoint    ] Application time: 0.9409269 seconds
[749.510s][info ][safepoint    ] Entering safepoint region: GenCollectForAllocation
[749.510s][info ][gc,start     ] GC(810) Pause Young (Allocation Failure)
[749.510s][info ][gc,task      ] GC(810) Using 4 workers of 4 for evacuation
[749.515s][debug][gc,ref       ] GC(810) Skipped phase1 of Reference Processing due to unavailable references
[749.515s][debug][gc,ref       ] GC(810) Skipped phase3 of Reference Processing due to unavailable references
[749.515s][debug][gc,ref       ] GC(810) Skipped phase4 of Reference Processing due to unavailable references
[749.516s][debug][gc,age       ] GC(810) Desired survivor size 15400960 bytes, new threshold 6 (max threshold 6)
[749.516s][info ][gc,heap      ] GC(810) ParNew: 245782K->4556K(270976K)
[749.516s][info ][gc,heap      ] GC(810) CMS: 336147K->336208K(602112K)
[749.516s][info ][gc,metaspace ] GC(810) Metaspace: 57580K->57580K(1101824K)
[749.516s][info ][gc           ] GC(810) Pause Young (Allocation Failure) 568M->332M(852M) 5.352ms
[749.516s][info ][gc,cpu       ] GC(810) User=0.02s Sys=0.00s Real=0.01s
[749.516s][info ][safepoint    ] Leaving safepoint region
[749.516s][info ][safepoint    ] Total time for which application threads were stopped: 0.0055136 seconds, Stopping threads took: 0.0000253 seconds
[750.471s][info ][safepoint    ] Application time: 0.9556038 seconds
[750.471s][info ][safepoint    ] Entering safepoint region: GenCollectForAllocation
[750.471s][info ][gc,start     ] GC(811) Pause Young (Allocation Failure)
[750.472s][info ][gc,task      ] GC(811) Using 4 workers of 4 for evacuation
[750.477s][debug][gc,ref       ] GC(811) Skipped phase1 of Reference Processing due to unavailable references
[750.477s][debug][gc,ref       ] GC(811) Skipped phase3 of Reference Processing due to unavailable references
[750.477s][debug][gc,ref       ] GC(811) Skipped phase4 of Reference Processing due to unavailable references
[750.477s][debug][gc,age       ] GC(811) Desired survivor size 15400960 bytes, new threshold 6 (max threshold 6)
[750.477s][info ][gc,heap      ] GC(811) ParNew: 245452K->3918K(270976K)
[750.477s][info ][gc,heap      ] GC(811) CMS: 336208K->336316K(602112K)
[750.477s][info ][gc,metaspace ] GC(811) Metaspace: 57581K->57581K(1101824K)
[750.477s][info ][gc           ] GC(811) Pause Young (Allocation Failure) 568M->332M(852M) 5.622ms
[750.477s][info ][gc,cpu       ] GC(811) User=0.02s Sys=0.00s Real=0.01s
[750.477s][info ][safepoint    ] Leaving safepoint region
[750.477s][info ][safepoint    ] Total time for which application threads were stopped: 0.0058121 seconds, Stopping threads took: 0.0000380 seconds
[751.331s][info ][safepoint    ] Application time: 0.8533672 seconds
[751.331s][info ][safepoint    ] Entering safepoint region: GenCollectForAllocation
[751.331s][info ][gc,start     ] GC(812) Pause Young (Allocation Failure)
[751.331s][info ][gc,task      ] GC(812) Using 4 workers of 4 for evacuation
[751.336s][debug][gc,ref       ] GC(812) Skipped phase1 of Reference Processing due to unavailable references
[751.336s][debug][gc,ref       ] GC(812) Skipped phase3 of Reference Processing due to unavailable references
[751.336s][debug][gc,ref       ] GC(812) Skipped phase4 of Reference Processing due to unavailable references
[751.336s][debug][gc,age       ] GC(812) Desired survivor size 15400960 bytes, new threshold 6 (max threshold 6)
[751.336s][info ][gc,heap      ] GC(812) ParNew: 244814K->3911K(270976K)
[751.336s][info ][gc,heap      ] GC(812) CMS: 336316K->336387K(602112K)
[751.336s][info ][gc,metaspace ] GC(812) Metaspace: 57581K->57581K(1101824K)
[751.336s][info ][gc           ] GC(812) Pause Young (Allocation Failure) 567M->332M(852M) 5.483ms
[751.336s][info ][gc,cpu       ] GC(812) User=0.02s Sys=0.00s Real=0.01s
[751.336s][info ][safepoint    ] Leaving safepoint region
[751.336s][info ][safepoint    ] Total time for which application threads were stopped: 0.0056504 seconds, Stopping threads took: 0.0000152 seconds
[752.232s][info ][safepoint    ] Application time: 0.8953355 seconds
[752.232s][info ][safepoint    ] Entering safepoint region: GenCollectForAllocation
[752.232s][info ][gc,start     ] GC(813) Pause Young (Allocation Failure)
[752.232s][info ][gc,task      ] GC(813) Using 4 workers of 4 for evacuation
[752.237s][debug][gc,ref       ] GC(813) Skipped phase1 of Reference Processing due to unavailable references
[752.237s][debug][gc,ref       ] GC(813) Skipped phase3 of Reference Processing due to unavailable references
[752.237s][debug][gc,ref       ] GC(813) Skipped phase4 of Reference Processing due to unavailable references
[752.237s][debug][gc,age       ] GC(813) Desired survivor size 15400960 bytes, new threshold 6 (max threshold 6)
[752.237s][info ][gc,heap      ] GC(813) ParNew: 244807K->5456K(270976K)
[752.237s][info ][gc,heap      ] GC(813) CMS: 336387K->336456K(602112K)
[752.237s][info ][gc,metaspace ] GC(813) Metaspace: 57581K->57581K(1101824K)
[752.237s][info ][gc           ] GC(813) Pause Young (Allocation Failure) 567M->333M(852M) 5.366ms
[752.237s][info ][gc,cpu       ] GC(813) User=0.02s Sys=0.00s Real=0.01s
[752.237s][info ][safepoint    ] Leaving safepoint region
[752.237s][info ][safepoint    ] Total time for which application threads were stopped: 0.0055255 seconds, Stopping threads took: 0.0000163 seconds
[753.071s][info ][safepoint    ] Application time: 0.8338112 seconds
[753.071s][info ][safepoint    ] Entering safepoint region: GenCollectForAllocation
[753.071s][info ][gc,start     ] GC(814) Pause Young (Allocation Failure)
[753.071s][info ][gc,task      ] GC(814) Using 4 workers of 4 for evacuation
[753.076s][debug][gc,ref       ] GC(814) Skipped phase1 of Reference Processing due to unavailable references
[753.076s][debug][gc,ref       ] GC(814) Skipped phase2 of Reference Processing due to unavailable references
[753.076s][debug][gc,ref       ] GC(814) Skipped phase3 of Reference Processing due to unavailable references
[753.076s][debug][gc,ref       ] GC(814) Skipped phase4 of Reference Processing due to unavailable references
[753.076s][debug][gc,age       ] GC(814) Desired survivor size 15400960 bytes, new threshold 6 (max threshold 6)
[753.076s][info ][gc,heap      ] GC(814) ParNew: 246352K->4072K(270976K)
[753.076s][info ][gc,heap      ] GC(814) CMS: 336456K->336547K(602112K)
[753.076s][info ][gc,metaspace ] GC(814) Metaspace: 57581K->57581K(1101824K)
[753.076s][info ][gc           ] GC(814) Pause Young (Allocation Failure) 569M->332M(852M) 5.414ms
[753.076s][info ][gc,cpu       ] GC(814) User=0.02s Sys=0.01s Real=0.01s
[753.077s][info ][safepoint    ] Leaving safepoint region
[753.077s][info ][safepoint    ] Total time for which application threads were stopped: 0.0055754 seconds, Stopping threads took: 0.0000151 seconds
[754.007s][info ][safepoint    ] Application time: 0.9300197 seconds
[754.007s][info ][safepoint    ] Entering safepoint region: GenCollectForAllocation
[754.007s][info ][gc,start     ] GC(815) Pause Young (Allocation Failure)
[754.007s][info ][gc,task      ] GC(815) Using 4 workers of 4 for evacuation
[754.012s][debug][gc,ref       ] GC(815) Skipped phase1 of Reference Processing due to unavailable references
[754.012s][debug][gc,ref       ] GC(815) Skipped phase2 of Reference Processing due to unavailable references
[754.012s][debug][gc,ref       ] GC(815) Skipped phase3 of Reference Processing due to unavailable references
[754.012s][debug][gc,ref       ] GC(815) Skipped phase4 of Reference Processing due to unavailable references
[754.012s][debug][gc,age       ] GC(815) Desired survivor size 15400960 bytes, new threshold 6 (max threshold 6)
[754.012s][info ][gc,heap      ] GC(815) ParNew: 244968K->4050K(270976K)
[754.012s][info ][gc,heap      ] GC(815) CMS: 336547K->336831K(602112K)
[754.012s][info ][gc,metaspace ] GC(815) Metaspace: 57581K->57581K(1101824K)
[754.012s][info ][gc           ] GC(815) Pause Young (Allocation Failure) 567M->332M(852M) 5.365ms
[754.012s][info ][gc,cpu       ] GC(815) User=0.02s Sys=0.00s Real=0.00s
[754.012s][info ][safepoint    ] Leaving safepoint region
[754.012s][info ][safepoint    ] Total time for which application threads were stopped: 0.0055160 seconds, Stopping threads took: 0.0000138 seconds
[754.922s][info ][safepoint    ] Application time: 0.9100477 seconds
[754.922s][info ][safepoint    ] Entering safepoint region: GenCollectForAllocation
[754.922s][info ][gc,start     ] GC(816) Pause Young (Allocation Failure)
[754.922s][info ][gc,task      ] GC(816) Using 4 workers of 4 for evacuation
[754.927s][debug][gc,ref       ] GC(816) Skipped phase1 of Reference Processing due to unavailable references
[754.927s][debug][gc,ref       ] GC(816) Skipped phase2 of Reference Processing due to unavailable references
[754.927s][debug][gc,ref       ] GC(816) Skipped phase3 of Reference Processing due to unavailable references
[754.927s][debug][gc,ref       ] GC(816) Skipped phase4 of Reference Processing due to unavailable references
[754.928s][debug][gc,age       ] GC(816) Desired survivor size 15400960 bytes, new threshold 6 (max threshold 6)
[754.928s][info ][gc,heap      ] GC(816) ParNew: 244946K->3828K(270976K)
[754.928s][info ][gc,heap      ] GC(816) CMS: 336831K->336983K(602112K)
[754.928s][info ][gc,metaspace ] GC(816) Metaspace: 57581K->57581K(1101824K)
[754.928s][info ][gc           ] GC(816) Pause Young (Allocation Failure) 568M->332M(852M) 5.280ms
[754.928s][info ][gc,cpu       ] GC(816) User=0.02s Sys=0.00s Real=0.01s
[754.928s][info ][safepoint    ] Leaving safepoint region
[754.928s][info ][safepoint    ] Total time for which application threads were stopped: 0.0054323 seconds, Stopping threads took: 0.0000163 seconds
[755.863s][info ][safepoint    ] Application time: 0.9354110 seconds
[755.863s][info ][safepoint    ] Entering safepoint region: GenCollectForAllocation
[755.863s][info ][gc,start     ] GC(817) Pause Young (Allocation Failure)
[755.863s][info ][gc,task      ] GC(817) Using 4 workers of 4 for evacuation
[755.868s][debug][gc,ref       ] GC(817) Skipped phase1 of Reference Processing due to unavailable references
[755.868s][debug][gc,ref       ] GC(817) Skipped phase2 of Reference Processing due to unavailable references
[755.868s][debug][gc,ref       ] GC(817) Skipped phase3 of Reference Processing due to unavailable references
[755.868s][debug][gc,ref       ] GC(817) Skipped phase4 of Reference Processing due to unavailable references
[755.868s][debug][gc,age       ] GC(817) Desired survivor size 15400960 bytes, new threshold 6 (max threshold 6)
[755.868s][info ][gc,heap      ] GC(817) ParNew: 244724K->3779K(270976K)
[755.868s][info ][gc,heap      ] GC(817) CMS: 336983K->337298K(602112K)
[755.868s][info ][gc,metaspace ] GC(817) Metaspace: 57581K->57581K(1101824K)
[755.868s][info ][gc           ] GC(817) Pause Young (Allocation Failure) 568M->333M(852M) 5.211ms
[755.868s][info ][gc,cpu       ] GC(817) User=0.02s Sys=0.00s Real=0.01s
[755.868s][info ][safepoint    ] Leaving safepoint region
[755.868s][info ][safepoint    ] Total time for which application threads were stopped: 0.0053515 seconds, Stopping threads took: 0.0000134 seconds
[756.715s][info ][safepoint    ] Application time: 0.8461907 seconds
[756.715s][info ][safepoint    ] Entering safepoint region: GenCollectForAllocation
[756.715s][info ][gc,start     ] GC(818) Pause Young (Allocation Failure)
[756.715s][info ][gc,task      ] GC(818) Using 4 workers of 4 for evacuation
[756.720s][debug][gc,ref       ] GC(818) Skipped phase1 of Reference Processing due to unavailable references
[756.720s][debug][gc,ref       ] GC(818) Skipped phase2 of Reference Processing due to unavailable references
[756.720s][debug][gc,ref       ] GC(818) Skipped phase3 of Reference Processing due to unavailable references
[756.720s][debug][gc,ref       ] GC(818) Skipped phase4 of Reference Processing due to unavailable references
[756.720s][debug][gc,age       ] GC(818) Desired survivor size 15400960 bytes, new threshold 6 (max threshold 6)
[756.720s][info ][gc,heap      ] GC(818) ParNew: 244675K->3585K(270976K)
[756.720s][info ][gc,heap      ] GC(818) CMS: 337298K->337512K(602112K)
[756.720s][info ][gc,metaspace ] GC(818) Metaspace: 57581K->57581K(1101824K)
[756.720s][info ][gc           ] GC(818) Pause Young (Allocation Failure) 568M->333M(852M) 5.385ms
[756.720s][info ][gc,cpu       ] GC(818) User=0.02s Sys=0.00s Real=0.01s
[756.720s][info ][safepoint    ] Leaving safepoint region
[756.720s][info ][safepoint    ] Total time for which application threads were stopped: 0.0055488 seconds, Stopping threads took: 0.0000140 seconds
[757.662s][info ][safepoint    ] Application time: 0.9413484 seconds
[757.662s][info ][safepoint    ] Entering safepoint region: GenCollectForAllocation
[757.662s][info ][gc,start     ] GC(819) Pause Young (Allocation Failure)
[757.662s][info ][gc,task      ] GC(819) Using 4 workers of 4 for evacuation
[757.666s][debug][gc,ref       ] GC(819) Skipped phase1 of Reference Processing due to unavailable references
[757.666s][debug][gc,ref       ] GC(819) Skipped phase2 of Reference Processing due to unavailable references
[757.666s][debug][gc,ref       ] GC(819) Skipped phase3 of Reference Processing due to unavailable references
[757.666s][debug][gc,ref       ] GC(819) Skipped phase4 of Reference Processing due to unavailable references
[757.666s][debug][gc,age       ] GC(819) Desired survivor size 15400960 bytes, new threshold 6 (max threshold 6)
[757.666s][info ][gc,heap      ] GC(819) ParNew: 244481K->3659K(270976K)
[757.666s][info ][gc,heap      ] GC(819) CMS: 337512K->337643K(602112K)
[757.666s][info ][gc,metaspace ] GC(819) Metaspace: 57581K->57581K(1101824K)
[757.666s][info ][gc           ] GC(819) Pause Young (Allocation Failure) 568M->333M(852M) 4.612ms
[757.666s][info ][gc,cpu       ] GC(819) User=0.01s Sys=0.00s Real=0.01s
[757.666s][info ][safepoint    ] Leaving safepoint region
[757.666s][info ][safepoint    ] Total time for which application threads were stopped: 0.0047939 seconds, Stopping threads took: 0.0000425 seconds
[758.666s][info ][safepoint    ] Application time: 1.0001014 seconds
[758.667s][info ][safepoint    ] Entering safepoint region: Cleanup
[758.667s][info ][safepoint    ] Leaving safepoint region
[758.667s][info ][safepoint    ] Total time for which application threads were stopped: 0.0001386 seconds, Stopping threads took: 0.0000788 seconds
[758.675s][info ][safepoint    ] Application time: 0.0086929 seconds
[758.675s][info ][safepoint    ] Entering safepoint region: GenCollectForAllocation
[758.675s][info ][gc,start     ] GC(820) Pause Young (Allocation Failure)
[758.676s][info ][gc,task      ] GC(820) Using 4 workers of 4 for evacuation
[758.680s][debug][gc,ref       ] GC(820) Skipped phase1 of Reference Processing due to unavailable references
[758.680s][debug][gc,ref       ] GC(820) Skipped phase2 of Reference Processing due to unavailable references
[758.680s][debug][gc,ref       ] GC(820) Skipped phase3 of Reference Processing due to unavailable references
[758.680s][debug][gc,ref       ] GC(820) Skipped phase4 of Reference Processing due to unavailable references
[758.680s][debug][gc,age       ] GC(820) Desired survivor size 15400960 bytes, new threshold 6 (max threshold 6)
[758.680s][info ][gc,heap      ] GC(820) ParNew: 244555K->4306K(270976K)
[758.680s][info ][gc,heap      ] GC(820) CMS: 337643K->337740K(602112K)
[758.680s][info ][gc,metaspace ] GC(820) Metaspace: 57581K->57581K(1101824K)
[758.681s][info ][gc           ] GC(820) Pause Young (Allocation Failure) 568M->334M(852M) 5.021ms
[758.681s][info ][gc,cpu       ] GC(820) User=0.02s Sys=0.00s Real=0.00s
[758.681s][info ][safepoint    ] Leaving safepoint region
[758.681s][info ][safepoint    ] Total time for which application threads were stopped: 0.0051913 seconds, Stopping threads took: 0.0000137 seconds
[759.702s][info ][safepoint    ] Application time: 1.0214866 seconds
[759.702s][info ][safepoint    ] Entering safepoint region: GenCollectForAllocation
[759.702s][info ][gc,start     ] GC(821) Pause Young (Allocation Failure)
[759.702s][info ][gc,task      ] GC(821) Using 4 workers of 4 for evacuation
[759.707s][debug][gc,ref       ] GC(821) Skipped phase1 of Reference Processing due to unavailable references
[759.707s][debug][gc,ref       ] GC(821) Skipped phase2 of Reference Processing due to unavailable references
[759.707s][debug][gc,ref       ] GC(821) Skipped phase3 of Reference Processing due to unavailable references
[759.707s][debug][gc,ref       ] GC(821) Skipped phase4 of Reference Processing due to unavailable references
[759.707s][debug][gc,age       ] GC(821) Desired survivor size 15400960 bytes, new threshold 6 (max threshold 6)
[759.707s][info ][gc,heap      ] GC(821) ParNew: 245202K->3567K(270976K)
[759.707s][info ][gc,heap      ] GC(821) CMS: 337740K->337800K(602112K)
[759.707s][info ][gc,metaspace ] GC(821) Metaspace: 57581K->57581K(1101824K)
[759.707s][info ][gc           ] GC(821) Pause Young (Allocation Failure) 569M->333M(852M) 4.622ms
[759.707s][info ][gc,cpu       ] GC(821) User=0.02s Sys=0.00s Real=0.01s
[759.707s][info ][safepoint    ] Leaving safepoint region
[759.707s][info ][safepoint    ] Total time for which application threads were stopped: 0.0047579 seconds, Stopping threads took: 0.0000145 seconds
[760.541s][info ][safepoint    ] Application time: 0.8338629 seconds
[760.541s][info ][safepoint    ] Entering safepoint region: GenCollectForAllocation
[760.541s][info ][gc,start     ] GC(822) Pause Young (Allocation Failure)
[760.541s][info ][gc,task      ] GC(822) Using 4 workers of 4 for evacuation
[760.557s][debug][gc,ref       ] GC(822) Skipped phase1 of Reference Processing due to unavailable references
[760.557s][debug][gc,ref       ] GC(822) Skipped phase2 of Reference Processing due to unavailable references
[760.557s][debug][gc,ref       ] GC(822) Skipped phase3 of Reference Processing due to unavailable references
[760.557s][debug][gc,ref       ] GC(822) Skipped phase4 of Reference Processing due to unavailable references
[760.557s][debug][gc,age       ] GC(822) Desired survivor size 15400960 bytes, new threshold 6 (max threshold 6)
[760.557s][info ][gc,heap      ] GC(822) ParNew: 244463K->3490K(270976K)
[760.557s][info ][gc,heap      ] GC(822) CMS: 337800K->337933K(602112K)
[760.557s][info ][gc,metaspace ] GC(822) Metaspace: 57581K->57581K(1101824K)
[760.557s][info ][gc           ] GC(822) Pause Young (Allocation Failure) 568M->333M(852M) 15.944ms
[760.557s][info ][gc,cpu       ] GC(822) User=0.02s Sys=0.00s Real=0.02s
[760.557s][info ][safepoint    ] Leaving safepoint region
[760.557s][info ][safepoint    ] Total time for which application threads were stopped: 0.0161385 seconds, Stopping threads took: 0.0000136 seconds
[761.490s][info ][safepoint    ] Application time: 0.9334667 seconds
[761.490s][info ][safepoint    ] Entering safepoint region: GenCollectForAllocation
[761.490s][info ][gc,start     ] GC(823) Pause Young (Allocation Failure)
[761.491s][info ][gc,task      ] GC(823) Using 4 workers of 4 for evacuation
[761.495s][debug][gc,ref       ] GC(823) Skipped phase1 of Reference Processing due to unavailable references
[761.495s][debug][gc,ref       ] GC(823) Skipped phase2 of Reference Processing due to unavailable references
[761.495s][debug][gc,ref       ] GC(823) Skipped phase3 of Reference Processing due to unavailable references
[761.495s][debug][gc,ref       ] GC(823) Skipped phase4 of Reference Processing due to unavailable references
[761.495s][debug][gc,age       ] GC(823) Desired survivor size 15400960 bytes, new threshold 6 (max threshold 6)
[761.495s][info ][gc,heap      ] GC(823) ParNew: 244386K->4125K(270976K)
[761.495s][info ][gc,heap      ] GC(823) CMS: 337933K->337955K(602112K)
[761.495s][info ][gc,metaspace ] GC(823) Metaspace: 57582K->57582K(1101824K)
[761.495s][info ][gc           ] GC(823) Pause Young (Allocation Failure) 568M->334M(852M) 4.902ms
[761.495s][info ][gc,cpu       ] GC(823) User=0.02s Sys=0.00s Real=0.00s
[761.495s][info ][safepoint    ] Leaving safepoint region
[761.495s][info ][safepoint    ] Total time for which application threads were stopped: 0.0050591 seconds, Stopping threads took: 0.0000148 seconds
[762.317s][info ][safepoint    ] Application time: 0.8216731 seconds
[762.317s][info ][safepoint    ] Entering safepoint region: GenCollectForAllocation
[762.317s][info ][gc,start     ] GC(824) Pause Young (Allocation Failure)
[762.317s][info ][gc,task      ] GC(824) Using 4 workers of 4 for evacuation
[762.322s][debug][gc,ref       ] GC(824) Skipped phase1 of Reference Processing due to unavailable references
[762.322s][debug][gc,ref       ] GC(824) Skipped phase2 of Reference Processing due to unavailable references
[762.322s][debug][gc,ref       ] GC(824) Skipped phase3 of Reference Processing due to unavailable references
[762.322s][debug][gc,ref       ] GC(824) Skipped phase4 of Reference Processing due to unavailable references
[762.322s][debug][gc,age       ] GC(824) Desired survivor size 15400960 bytes, new threshold 6 (max threshold 6)
[762.322s][info ][gc,heap      ] GC(824) ParNew: 245021K->4195K(270976K)
[762.322s][info ][gc,heap      ] GC(824) CMS: 337955K->338159K(602112K)
[762.322s][info ][gc,metaspace ] GC(824) Metaspace: 57582K->57582K(1101824K)
[762.322s][info ][gc           ] GC(824) Pause Young (Allocation Failure) 569M->334M(852M) 4.766ms
[762.322s][info ][gc,cpu       ] GC(824) User=0.02s Sys=0.00s Real=0.00s
[762.322s][info ][safepoint    ] Leaving safepoint region
[762.322s][info ][safepoint    ] Total time for which application threads were stopped: 0.0049189 seconds, Stopping threads took: 0.0000139 seconds
[763.322s][info ][safepoint    ] Application time: 1.0000918 seconds
[763.322s][info ][safepoint    ] Entering safepoint region: Cleanup
[763.322s][info ][safepoint    ] Leaving safepoint region
[763.322s][info ][safepoint    ] Total time for which application threads were stopped: 0.0001354 seconds, Stopping threads took: 0.0000618 seconds
[763.364s][info ][safepoint    ] Application time: 0.0416265 seconds
[763.364s][info ][safepoint    ] Entering safepoint region: GenCollectForAllocation
[763.364s][info ][gc,start     ] GC(825) Pause Young (Allocation Failure)
[763.364s][info ][gc,task      ] GC(825) Using 4 workers of 4 for evacuation
[763.369s][debug][gc,ref       ] GC(825) Skipped phase1 of Reference Processing due to unavailable references
[763.369s][debug][gc,ref       ] GC(825) Skipped phase2 of Reference Processing due to unavailable references
[763.369s][debug][gc,ref       ] GC(825) Skipped phase3 of Reference Processing due to unavailable references
[763.369s][debug][gc,ref       ] GC(825) Skipped phase4 of Reference Processing due to unavailable references
[763.369s][debug][gc,age       ] GC(825) Desired survivor size 15400960 bytes, new threshold 6 (max threshold 6)
[763.369s][info ][gc,heap      ] GC(825) ParNew: 245091K->4729K(270976K)
[763.369s][info ][gc,heap      ] GC(825) CMS: 338159K->338235K(602112K)
[763.369s][info ][gc,metaspace ] GC(825) Metaspace: 57586K->57586K(1101824K)
[763.369s][info ][gc           ] GC(825) Pause Young (Allocation Failure) 569M->334M(852M) 4.748ms
[763.369s][info ][gc,cpu       ] GC(825) User=0.02s Sys=0.00s Real=0.00s
[763.369s][info ][safepoint    ] Leaving safepoint region
[763.369s][info ][safepoint    ] Total time for which application threads were stopped: 0.0048941 seconds, Stopping threads took: 0.0000148 seconds
[764.281s][info ][safepoint    ] Application time: 0.9121539 seconds
[764.281s][info ][safepoint    ] Entering safepoint region: GenCollectForAllocation
[764.281s][info ][gc,start     ] GC(826) Pause Young (Allocation Failure)
[764.281s][info ][gc,task      ] GC(826) Using 4 workers of 4 for evacuation
[764.286s][debug][gc,ref       ] GC(826) Skipped phase1 of Reference Processing due to unavailable references
[764.286s][debug][gc,ref       ] GC(826) Skipped phase2 of Reference Processing due to unavailable references
[764.286s][debug][gc,ref       ] GC(826) Skipped phase3 of Reference Processing due to unavailable references
[764.286s][debug][gc,ref       ] GC(826) Skipped phase4 of Reference Processing due to unavailable references
[764.286s][debug][gc,age       ] GC(826) Desired survivor size 15400960 bytes, new threshold 6 (max threshold 6)
[764.286s][info ][gc,heap      ] GC(826) ParNew: 245625K->4291K(270976K)
[764.286s][info ][gc,heap      ] GC(826) CMS: 338235K->338256K(602112K)
[764.286s][info ][gc,metaspace ] GC(826) Metaspace: 57586K->57586K(1101824K)
[764.286s][info ][gc           ] GC(826) Pause Young (Allocation Failure) 570M->334M(852M) 5.258ms
[764.286s][info ][gc,cpu       ] GC(826) User=0.02s Sys=0.00s Real=0.01s
[764.286s][info ][safepoint    ] Leaving safepoint region
[764.287s][info ][safepoint    ] Total time for which application threads were stopped: 0.0054267 seconds, Stopping threads took: 0.0000153 seconds
[765.130s][info ][safepoint    ] Application time: 0.8436320 seconds
[765.130s][info ][safepoint    ] Entering safepoint region: GenCollectForAllocation
[765.130s][info ][gc,start     ] GC(827) Pause Young (Allocation Failure)
[765.130s][info ][gc,task      ] GC(827) Using 4 workers of 4 for evacuation
[765.135s][debug][gc,ref       ] GC(827) Skipped phase1 of Reference Processing due to unavailable references
[765.135s][debug][gc,ref       ] GC(827) Skipped phase2 of Reference Processing due to unavailable references
[765.135s][debug][gc,ref       ] GC(827) Skipped phase3 of Reference Processing due to unavailable references
[765.135s][debug][gc,ref       ] GC(827) Skipped phase4 of Reference Processing due to unavailable references
[765.135s][debug][gc,age       ] GC(827) Desired survivor size 15400960 bytes, new threshold 6 (max threshold 6)
[765.135s][info ][gc,heap      ] GC(827) ParNew: 245187K->3798K(270976K)
[765.135s][info ][gc,heap      ] GC(827) CMS: 338256K->338365K(602112K)
[765.135s][info ][gc,metaspace ] GC(827) Metaspace: 57586K->57586K(1101824K)
[765.135s][info ][gc           ] GC(827) Pause Young (Allocation Failure) 569M->334M(852M) 5.026ms
[765.135s][info ][gc,cpu       ] GC(827) User=0.02s Sys=0.00s Real=0.00s
[765.135s][info ][safepoint    ] Leaving safepoint region
[765.135s][info ][safepoint    ] Total time for which application threads were stopped: 0.0052270 seconds, Stopping threads took: 0.0000136 seconds
[766.047s][info ][safepoint    ] Application time: 0.9110915 seconds
[766.047s][info ][safepoint    ] Entering safepoint region: GenCollectForAllocation
[766.047s][info ][gc,start     ] GC(828) Pause Young (Allocation Failure)
[766.047s][info ][gc,task      ] GC(828) Using 4 workers of 4 for evacuation
[766.052s][debug][gc,ref       ] GC(828) Skipped phase1 of Reference Processing due to unavailable references
[766.052s][debug][gc,ref       ] GC(828) Skipped phase2 of Reference Processing due to unavailable references
[766.052s][debug][gc,ref       ] GC(828) Skipped phase3 of Reference Processing due to unavailable references
[766.052s][debug][gc,ref       ] GC(828) Skipped phase4 of Reference Processing due to unavailable references
[766.052s][debug][gc,age       ] GC(828) Desired survivor size 15400960 bytes, new threshold 6 (max threshold 6)
[766.052s][info ][gc,heap      ] GC(828) ParNew: 244694K->3800K(270976K)
[766.052s][info ][gc,heap      ] GC(828) CMS: 338365K->338552K(602112K)
[766.052s][info ][gc,metaspace ] GC(828) Metaspace: 57586K->57586K(1101824K)
[766.052s][info ][gc           ] GC(828) Pause Young (Allocation Failure) 569M->334M(852M) 5.229ms
[766.052s][info ][gc,cpu       ] GC(828) User=0.02s Sys=0.00s Real=0.00s
[766.052s][info ][safepoint    ] Leaving safepoint region
[766.052s][info ][safepoint    ] Total time for which application threads were stopped: 0.0053799 seconds, Stopping threads took: 0.0000143 seconds
[767.004s][info ][safepoint    ] Application time: 0.9521586 seconds
[767.004s][info ][safepoint    ] Entering safepoint region: GenCollectForAllocation
[767.004s][info ][gc,start     ] GC(829) Pause Young (Allocation Failure)
[767.004s][info ][gc,task      ] GC(829) Using 4 workers of 4 for evacuation
[767.011s][debug][gc,ref       ] GC(829) Skipped phase1 of Reference Processing due to unavailable references
[767.011s][debug][gc,ref       ] GC(829) Skipped phase2 of Reference Processing due to unavailable references
[767.011s][debug][gc,ref       ] GC(829) Skipped phase3 of Reference Processing due to unavailable references
[767.011s][debug][gc,ref       ] GC(829) Skipped phase4 of Reference Processing due to unavailable references
[767.011s][debug][gc,age       ] GC(829) Desired survivor size 15400960 bytes, new threshold 6 (max threshold 6)
[767.011s][info ][gc,heap      ] GC(829) ParNew: 244696K->3629K(270976K)
[767.011s][info ][gc,heap      ] GC(829) CMS: 338552K->338605K(602112K)
[767.011s][info ][gc,metaspace ] GC(829) Metaspace: 57586K->57586K(1101824K)
[767.011s][info ][gc           ] GC(829) Pause Young (Allocation Failure) 569M->334M(852M) 6.609ms
[767.011s][info ][gc,cpu       ] GC(829) User=0.02s Sys=0.00s Real=0.00s
[767.011s][info ][safepoint    ] Leaving safepoint region
[767.011s][info ][safepoint    ] Total time for which application threads were stopped: 0.0067612 seconds, Stopping threads took: 0.0000146 seconds
[768.018s][info ][safepoint    ] Application time: 1.0069299 seconds
[768.018s][info ][safepoint    ] Entering safepoint region: GenCollectForAllocation
[768.018s][info ][gc,start     ] GC(830) Pause Young (Allocation Failure)
[768.018s][info ][gc,task      ] GC(830) Using 4 workers of 4 for evacuation
[768.023s][debug][gc,ref       ] GC(830) Skipped phase1 of Reference Processing due to unavailable references
[768.023s][debug][gc,ref       ] GC(830) Skipped phase2 of Reference Processing due to unavailable references
[768.023s][debug][gc,ref       ] GC(830) Skipped phase3 of Reference Processing due to unavailable references
[768.023s][debug][gc,ref       ] GC(830) Skipped phase4 of Reference Processing due to unavailable references
[768.023s][debug][gc,age       ] GC(830) Desired survivor size 15400960 bytes, new threshold 6 (max threshold 6)
[768.023s][info ][gc,heap      ] GC(830) ParNew: 244525K->4308K(270976K)
[768.023s][info ][gc,heap      ] GC(830) CMS: 338605K->338614K(602112K)
[768.023s][info ][gc,metaspace ] GC(830) Metaspace: 57586K->57586K(1101824K)
[768.023s][info ][gc           ] GC(830) Pause Young (Allocation Failure) 569M->334M(852M) 4.854ms
[768.023s][info ][gc,cpu       ] GC(830) User=0.01s Sys=0.00s Real=0.00s
[768.023s][info ][safepoint    ] Leaving safepoint region
[768.023s][info ][safepoint    ] Total time for which application threads were stopped: 0.0050061 seconds, Stopping threads took: 0.0000144 seconds
[768.936s][info ][safepoint    ] Application time: 0.9131160 seconds
[768.936s][info ][safepoint    ] Entering safepoint region: GenCollectForAllocation
[768.936s][info ][gc,start     ] GC(831) Pause Young (Allocation Failure)
[768.936s][info ][gc,task      ] GC(831) Using 4 workers of 4 for evacuation
[768.941s][debug][gc,ref       ] GC(831) Skipped phase1 of Reference Processing due to unavailable references
[768.941s][debug][gc,ref       ] GC(831) Skipped phase2 of Reference Processing due to unavailable references
[768.941s][debug][gc,ref       ] GC(831) Skipped phase3 of Reference Processing due to unavailable references
[768.941s][debug][gc,ref       ] GC(831) Skipped phase4 of Reference Processing due to unavailable references
[768.941s][debug][gc,age       ] GC(831) Desired survivor size 15400960 bytes, new threshold 6 (max threshold 6)
[768.941s][info ][gc,heap      ] GC(831) ParNew: 245204K->3779K(270976K)
[768.941s][info ][gc,heap      ] GC(831) CMS: 338614K->338805K(602112K)
[768.941s][info ][gc,metaspace ] GC(831) Metaspace: 57586K->57586K(1101824K)
[768.941s][info ][gc           ] GC(831) Pause Young (Allocation Failure) 570M->334M(852M) 5.051ms
[768.941s][info ][gc,cpu       ] GC(831) User=0.02s Sys=0.00s Real=0.00s
[768.941s][info ][safepoint    ] Leaving safepoint region
[768.941s][info ][safepoint    ] Total time for which application threads were stopped: 0.0052289 seconds, Stopping threads took: 0.0000258 seconds
[769.835s][info ][safepoint    ] Application time: 0.8936484 seconds
[769.835s][info ][safepoint    ] Entering safepoint region: GenCollectForAllocation
[769.835s][info ][gc,start     ] GC(832) Pause Young (Allocation Failure)
[769.835s][info ][gc,task      ] GC(832) Using 4 workers of 4 for evacuation
[769.839s][debug][gc,ref       ] GC(832) Skipped phase1 of Reference Processing due to unavailable references
[769.839s][debug][gc,ref       ] GC(832) Skipped phase2 of Reference Processing due to unavailable references
[769.839s][debug][gc,ref       ] GC(832) Skipped phase3 of Reference Processing due to unavailable references
[769.839s][debug][gc,ref       ] GC(832) Skipped phase4 of Reference Processing due to unavailable references
[769.840s][debug][gc,age       ] GC(832) Desired survivor size 15400960 bytes, new threshold 6 (max threshold 6)
[769.840s][info ][gc,heap      ] GC(832) ParNew: 244675K->4348K(270976K)
[769.840s][info ][gc,heap      ] GC(832) CMS: 338805K->338970K(602112K)
[769.840s][info ][gc,metaspace ] GC(832) Metaspace: 57586K->57586K(1101824K)
[769.840s][info ][gc           ] GC(832) Pause Young (Allocation Failure) 569M->335M(852M) 4.629ms
[769.840s][info ][gc,cpu       ] GC(832) User=0.01s Sys=0.00s Real=0.01s
[769.840s][info ][safepoint    ] Leaving safepoint region
[769.840s][info ][safepoint    ] Total time for which application threads were stopped: 0.0047838 seconds, Stopping threads took: 0.0000313 seconds
[770.840s][info ][safepoint    ] Application time: 1.0000986 seconds
[770.840s][info ][safepoint    ] Entering safepoint region: Cleanup
[770.840s][info ][safepoint    ] Leaving safepoint region
[770.840s][info ][safepoint    ] Total time for which application threads were stopped: 0.0001563 seconds, Stopping threads took: 0.0000612 seconds
[770.873s][info ][safepoint    ] Application time: 0.0334409 seconds
[770.873s][info ][safepoint    ] Entering safepoint region: GenCollectForAllocation
[770.874s][info ][gc,start     ] GC(833) Pause Young (Allocation Failure)
[770.874s][info ][gc,task      ] GC(833) Using 4 workers of 4 for evacuation
[770.878s][debug][gc,ref       ] GC(833) Skipped phase1 of Reference Processing due to unavailable references
[770.878s][debug][gc,ref       ] GC(833) Skipped phase2 of Reference Processing due to unavailable references
[770.878s][debug][gc,ref       ] GC(833) Skipped phase3 of Reference Processing due to unavailable references
[770.878s][debug][gc,ref       ] GC(833) Skipped phase4 of Reference Processing due to unavailable references
[770.879s][debug][gc,age       ] GC(833) Desired survivor size 15400960 bytes, new threshold 6 (max threshold 6)
[770.879s][info ][gc,heap      ] GC(833) ParNew: 245244K->4242K(270976K)
[770.879s][info ][gc,heap      ] GC(833) CMS: 338970K->339067K(602112K)
[770.879s][info ][gc,metaspace ] GC(833) Metaspace: 57587K->57587K(1101824K)
[770.879s][info ][gc           ] GC(833) Pause Young (Allocation Failure) 570M->335M(852M) 5.043ms
[770.879s][info ][gc,cpu       ] GC(833) User=0.02s Sys=0.00s Real=0.01s
[770.879s][info ][safepoint    ] Leaving safepoint region
[770.879s][info ][safepoint    ] Total time for which application threads were stopped: 0.0051930 seconds, Stopping threads took: 0.0000156 seconds
[771.916s][info ][safepoint    ] Application time: 1.0376752 seconds
[771.916s][info ][safepoint    ] Entering safepoint region: GenCollectForAllocation
[771.916s][info ][gc,start     ] GC(834) Pause Young (Allocation Failure)
[771.916s][info ][gc,task      ] GC(834) Using 4 workers of 4 for evacuation
[771.921s][debug][gc,ref       ] GC(834) Skipped phase1 of Reference Processing due to unavailable references
[771.921s][debug][gc,ref       ] GC(834) Skipped phase2 of Reference Processing due to unavailable references
[771.921s][debug][gc,ref       ] GC(834) Skipped phase3 of Reference Processing due to unavailable references
[771.921s][debug][gc,ref       ] GC(834) Skipped phase4 of Reference Processing due to unavailable references
[771.921s][debug][gc,age       ] GC(834) Desired survivor size 15400960 bytes, new threshold 6 (max threshold 6)
[771.921s][info ][gc,heap      ] GC(834) ParNew: 245138K->3550K(270976K)
[771.921s][info ][gc,heap      ] GC(834) CMS: 339067K->339124K(602112K)
[771.921s][info ][gc,metaspace ] GC(834) Metaspace: 57587K->57587K(1101824K)
[771.921s][info ][gc           ] GC(834) Pause Young (Allocation Failure) 570M->334M(852M) 4.496ms
[771.921s][info ][gc,cpu       ] GC(834) User=0.02s Sys=0.00s Real=0.00s
[771.921s][info ][safepoint    ] Leaving safepoint region
[771.921s][info ][safepoint    ] Total time for which application threads were stopped: 0.0046355 seconds, Stopping threads took: 0.0000146 seconds
[772.823s][info ][safepoint    ] Application time: 0.9018041 seconds
[772.823s][info ][safepoint    ] Entering safepoint region: GenCollectForAllocation
[772.823s][info ][gc,start     ] GC(835) Pause Young (Allocation Failure)
[772.823s][info ][gc,task      ] GC(835) Using 4 workers of 4 for evacuation
[772.828s][debug][gc,ref       ] GC(835) Skipped phase1 of Reference Processing due to unavailable references
[772.828s][debug][gc,ref       ] GC(835) Skipped phase2 of Reference Processing due to unavailable references
[772.828s][debug][gc,ref       ] GC(835) Skipped phase3 of Reference Processing due to unavailable references
[772.828s][debug][gc,ref       ] GC(835) Skipped phase4 of Reference Processing due to unavailable references
[772.829s][debug][gc,age       ] GC(835) Desired survivor size 15400960 bytes, new threshold 6 (max threshold 6)
[772.829s][info ][gc,heap      ] GC(835) ParNew: 244446K->3546K(270976K)
[772.829s][info ][gc,heap      ] GC(835) CMS: 339124K->339131K(602112K)
[772.829s][info ][gc,metaspace ] GC(835) Metaspace: 57587K->57587K(1101824K)
[772.829s][info ][gc           ] GC(835) Pause Young (Allocation Failure) 569M->334M(852M) 5.634ms
[772.829s][info ][gc,cpu       ] GC(835) User=0.02s Sys=0.00s Real=0.01s
[772.829s][info ][safepoint    ] Leaving safepoint region
[772.829s][info ][safepoint    ] Total time for which application threads were stopped: 0.0058029 seconds, Stopping threads took: 0.0000143 seconds
[773.834s][info ][safepoint    ] Application time: 1.0057818 seconds
[773.834s][info ][safepoint    ] Entering safepoint region: GenCollectForAllocation
[773.835s][info ][gc,start     ] GC(836) Pause Young (Allocation Failure)
[773.835s][info ][gc,task      ] GC(836) Using 4 workers of 4 for evacuation
[773.839s][debug][gc,ref       ] GC(836) Skipped phase1 of Reference Processing due to unavailable references
[773.839s][debug][gc,ref       ] GC(836) Skipped phase2 of Reference Processing due to unavailable references
[773.839s][debug][gc,ref       ] GC(836) Skipped phase3 of Reference Processing due to unavailable references
[773.839s][debug][gc,ref       ] GC(836) Skipped phase4 of Reference Processing due to unavailable references
[773.839s][debug][gc,age       ] GC(836) Desired survivor size 15400960 bytes, new threshold 6 (max threshold 6)
[773.839s][info ][gc,heap      ] GC(836) ParNew: 244442K->3654K(270976K)
[773.839s][info ][gc,heap      ] GC(836) CMS: 339131K->339224K(602112K)
[773.839s][info ][gc,metaspace ] GC(836) Metaspace: 57587K->57587K(1101824K)
[773.839s][info ][gc           ] GC(836) Pause Young (Allocation Failure) 569M->334M(852M) 4.753ms
[773.839s][info ][gc,cpu       ] GC(836) User=0.02s Sys=0.00s Real=0.01s
[773.839s][info ][safepoint    ] Leaving safepoint region
[773.839s][info ][safepoint    ] Total time for which application threads were stopped: 0.0049060 seconds, Stopping threads took: 0.0000143 seconds
[774.770s][info ][safepoint    ] Application time: 0.9308509 seconds
[774.770s][info ][safepoint    ] Entering safepoint region: GenCollectForAllocation
[774.770s][info ][gc,start     ] GC(837) Pause Young (Allocation Failure)
[774.770s][info ][gc,task      ] GC(837) Using 4 workers of 4 for evacuation
[774.775s][debug][gc,ref       ] GC(837) Skipped phase1 of Reference Processing due to unavailable references
[774.775s][debug][gc,ref       ] GC(837) Skipped phase2 of Reference Processing due to unavailable references
[774.775s][debug][gc,ref       ] GC(837) Skipped phase3 of Reference Processing due to unavailable references
[774.775s][debug][gc,ref       ] GC(837) Skipped phase4 of Reference Processing due to unavailable references
[774.776s][debug][gc,age       ] GC(837) Desired survivor size 15400960 bytes, new threshold 6 (max threshold 6)
[774.776s][info ][gc,heap      ] GC(837) ParNew: 244550K->4404K(270976K)
[774.776s][info ][gc,heap      ] GC(837) CMS: 339224K->339302K(602112K)
[774.776s][info ][gc,metaspace ] GC(837) Metaspace: 57588K->57588K(1101824K)
[774.776s][info ][gc           ] GC(837) Pause Young (Allocation Failure) 570M->335M(852M) 5.272ms
[774.776s][info ][gc,cpu       ] GC(837) User=0.02s Sys=0.00s Real=0.01s
[774.776s][info ][safepoint    ] Leaving safepoint region
[774.776s][info ][safepoint    ] Total time for which application threads were stopped: 0.0054315 seconds, Stopping threads took: 0.0000190 seconds
[775.776s][info ][safepoint    ] Application time: 1.0000964 seconds
[775.776s][info ][safepoint    ] Entering safepoint region: Cleanup
[775.776s][info ][safepoint    ] Leaving safepoint region
[775.776s][info ][safepoint    ] Total time for which application threads were stopped: 0.0001336 seconds, Stopping threads took: 0.0000374 seconds
[775.834s][info ][safepoint    ] Application time: 0.0583717 seconds
[775.834s][info ][safepoint    ] Entering safepoint region: GenCollectForAllocation
[775.834s][info ][gc,start     ] GC(838) Pause Young (Allocation Failure)
[775.835s][info ][gc,task      ] GC(838) Using 4 workers of 4 for evacuation
[775.839s][debug][gc,ref       ] GC(838) Skipped phase1 of Reference Processing due to unavailable references
[775.839s][debug][gc,ref       ] GC(838) Skipped phase2 of Reference Processing due to unavailable references
[775.839s][debug][gc,ref       ] GC(838) Skipped phase3 of Reference Processing due to unavailable references
[775.839s][debug][gc,ref       ] GC(838) Skipped phase4 of Reference Processing due to unavailable references
[775.839s][debug][gc,age       ] GC(838) Desired survivor size 15400960 bytes, new threshold 6 (max threshold 6)
[775.839s][info ][gc,heap      ] GC(838) ParNew: 245300K->3710K(270976K)
[775.839s][info ][gc,heap      ] GC(838) CMS: 339302K->339363K(602112K)
[775.839s][info ][gc,metaspace ] GC(838) Metaspace: 57588K->57588K(1101824K)
[775.839s][info ][gc           ] GC(838) Pause Young (Allocation Failure) 570M->335M(852M) 4.707ms
[775.839s][info ][gc,cpu       ] GC(838) User=0.02s Sys=0.00s Real=0.01s
[775.839s][info ][safepoint    ] Leaving safepoint region
[775.839s][info ][safepoint    ] Total time for which application threads were stopped: 0.0048640 seconds, Stopping threads took: 0.0000170 seconds
[776.744s][info ][safepoint    ] Application time: 0.9042920 seconds
[776.744s][info ][safepoint    ] Entering safepoint region: GenCollectForAllocation
[776.744s][info ][gc,start     ] GC(839) Pause Young (Allocation Failure)
[776.744s][info ][gc,task      ] GC(839) Using 4 workers of 4 for evacuation
[776.749s][debug][gc,ref       ] GC(839) Skipped phase1 of Reference Processing due to unavailable references
[776.749s][debug][gc,ref       ] GC(839) Skipped phase2 of Reference Processing due to unavailable references
[776.749s][debug][gc,ref       ] GC(839) Skipped phase3 of Reference Processing due to unavailable references
[776.749s][debug][gc,ref       ] GC(839) Skipped phase4 of Reference Processing due to unavailable references
[776.749s][debug][gc,age       ] GC(839) Desired survivor size 15400960 bytes, new threshold 6 (max threshold 6)
[776.749s][info ][gc,heap      ] GC(839) ParNew: 244606K->4329K(270976K)
[776.749s][info ][gc,heap      ] GC(839) CMS: 339363K->339612K(602112K)
[776.749s][info ][gc,metaspace ] GC(839) Metaspace: 57588K->57588K(1101824K)
[776.749s][info ][gc           ] GC(839) Pause Young (Allocation Failure) 570M->335M(852M) 5.701ms
[776.749s][info ][gc,cpu       ] GC(839) User=0.03s Sys=0.00s Real=0.00s
[776.749s][info ][safepoint    ] Leaving safepoint region
[776.749s][info ][safepoint    ] Total time for which application threads were stopped: 0.0058728 seconds, Stopping threads took: 0.0000149 seconds
[777.579s][info ][safepoint    ] Application time: 0.8298769 seconds
[777.579s][info ][safepoint    ] Entering safepoint region: GenCollectForAllocation
[777.579s][info ][gc,start     ] GC(840) Pause Young (Allocation Failure)
[777.579s][info ][gc,task      ] GC(840) Using 4 workers of 4 for evacuation
[777.584s][debug][gc,ref       ] GC(840) Skipped phase1 of Reference Processing due to unavailable references
[777.584s][debug][gc,ref       ] GC(840) Skipped phase2 of Reference Processing due to unavailable references
[777.584s][debug][gc,ref       ] GC(840) Skipped phase3 of Reference Processing due to unavailable references
[777.584s][debug][gc,ref       ] GC(840) Skipped phase4 of Reference Processing due to unavailable references
[777.584s][debug][gc,age       ] GC(840) Desired survivor size 15400960 bytes, new threshold 6 (max threshold 6)
[777.584s][info ][gc,heap      ] GC(840) ParNew: 245225K->4242K(270976K)
[777.584s][info ][gc,heap      ] GC(840) CMS: 339612K->339638K(602112K)
[777.584s][info ][gc,metaspace ] GC(840) Metaspace: 57588K->57588K(1101824K)
[777.584s][info ][gc           ] GC(840) Pause Young (Allocation Failure) 571M->335M(852M) 4.775ms
[777.584s][info ][gc,cpu       ] GC(840) User=0.02s Sys=0.00s Real=0.01s
[777.584s][info ][safepoint    ] Leaving safepoint region
[777.584s][info ][safepoint    ] Total time for which application threads were stopped: 0.0049311 seconds, Stopping threads took: 0.0000148 seconds
[778.584s][info ][safepoint    ] Application time: 1.0001189 seconds
[778.585s][info ][safepoint    ] Entering safepoint region: Cleanup
[778.585s][info ][safepoint    ] Leaving safepoint region
[778.585s][info ][safepoint    ] Total time for which application threads were stopped: 0.0001663 seconds, Stopping threads took: 0.0000699 seconds
[778.591s][info ][safepoint    ] Application time: 0.0062718 seconds
[778.591s][info ][safepoint    ] Entering safepoint region: GenCollectForAllocation
[778.591s][info ][gc,start     ] GC(841) Pause Young (Allocation Failure)
[778.591s][info ][gc,task      ] GC(841) Using 4 workers of 4 for evacuation
[778.595s][debug][gc,ref       ] GC(841) Skipped phase1 of Reference Processing due to unavailable references
[778.595s][debug][gc,ref       ] GC(841) Skipped phase2 of Reference Processing due to unavailable references
[778.595s][debug][gc,ref       ] GC(841) Skipped phase3 of Reference Processing due to unavailable references
[778.595s][debug][gc,ref       ] GC(841) Skipped phase4 of Reference Processing due to unavailable references
[778.595s][debug][gc,age       ] GC(841) Desired survivor size 15400960 bytes, new threshold 6 (max threshold 6)
[778.595s][info ][gc,heap      ] GC(841) ParNew: 245138K->4404K(270976K)
[778.595s][info ][gc,heap      ] GC(841) CMS: 339638K->339683K(602112K)
[778.595s][info ][gc,metaspace ] GC(841) Metaspace: 57588K->57588K(1101824K)
[778.595s][info ][gc           ] GC(841) Pause Young (Allocation Failure) 571M->336M(852M) 4.374ms
[778.595s][info ][gc,cpu       ] GC(841) User=0.01s Sys=0.00s Real=0.00s
[778.595s][info ][safepoint    ] Leaving safepoint region
[778.595s][info ][safepoint    ] Total time for which application threads were stopped: 0.0045157 seconds, Stopping threads took: 0.0000118 seconds
[779.596s][info ][safepoint    ] Application time: 1.0001188 seconds
[779.596s][info ][safepoint    ] Entering safepoint region: Cleanup
[779.596s][info ][safepoint    ] Leaving safepoint region
[779.596s][info ][safepoint    ] Total time for which application threads were stopped: 0.0001202 seconds, Stopping threads took: 0.0000393 seconds
[779.607s][info ][safepoint    ] Application time: 0.0108637 seconds
[779.607s][info ][safepoint    ] Entering safepoint region: GenCollectForAllocation
[779.607s][info ][gc,start     ] GC(842) Pause Young (Allocation Failure)
[779.607s][info ][gc,task      ] GC(842) Using 4 workers of 4 for evacuation
[779.611s][debug][gc,ref       ] GC(842) Skipped phase1 of Reference Processing due to unavailable references
[779.611s][debug][gc,ref       ] GC(842) Skipped phase2 of Reference Processing due to unavailable references
[779.611s][debug][gc,ref       ] GC(842) Skipped phase3 of Reference Processing due to unavailable references
[779.611s][debug][gc,ref       ] GC(842) Skipped phase4 of Reference Processing due to unavailable references
[779.611s][debug][gc,age       ] GC(842) Desired survivor size 15400960 bytes, new threshold 6 (max threshold 6)
[779.611s][info ][gc,heap      ] GC(842) ParNew: 245300K->3693K(270976K)
[779.611s][info ][gc,heap      ] GC(842) CMS: 339683K->339731K(602112K)
[779.611s][info ][gc,metaspace ] GC(842) Metaspace: 57588K->57588K(1101824K)
[779.611s][info ][gc           ] GC(842) Pause Young (Allocation Failure) 571M->335M(852M) 4.479ms
[779.611s][info ][gc,cpu       ] GC(842) User=0.01s Sys=0.00s Real=0.00s
[779.611s][info ][safepoint    ] Leaving safepoint region
[779.611s][info ][safepoint    ] Total time for which application threads were stopped: 0.0046090 seconds, Stopping threads took: 0.0000136 seconds
[780.562s][info ][safepoint    ] Application time: 0.9512315 seconds
[780.562s][info ][safepoint    ] Entering safepoint region: GenCollectForAllocation
[780.563s][info ][gc,start     ] GC(843) Pause Young (Allocation Failure)
[780.563s][info ][gc,task      ] GC(843) Using 4 workers of 4 for evacuation
[780.567s][debug][gc,ref       ] GC(843) Skipped phase1 of Reference Processing due to unavailable references
[780.567s][debug][gc,ref       ] GC(843) Skipped phase2 of Reference Processing due to unavailable references
[780.567s][debug][gc,ref       ] GC(843) Skipped phase3 of Reference Processing due to unavailable references
[780.567s][debug][gc,ref       ] GC(843) Skipped phase4 of Reference Processing due to unavailable references
[780.567s][debug][gc,age       ] GC(843) Desired survivor size 15400960 bytes, new threshold 6 (max threshold 6)
[780.567s][info ][gc,heap      ] GC(843) ParNew: 244589K->3653K(270976K)
[780.567s][info ][gc,heap      ] GC(843) CMS: 339731K->339799K(602112K)
[780.567s][info ][gc,metaspace ] GC(843) Metaspace: 57588K->57588K(1101824K)
[780.567s][info ][gc           ] GC(843) Pause Young (Allocation Failure) 570M->335M(852M) 4.706ms
[780.567s][info ][gc,cpu       ] GC(843) User=0.02s Sys=0.00s Real=0.01s
[780.567s][info ][safepoint    ] Leaving safepoint region
[780.567s][info ][safepoint    ] Total time for which application threads were stopped: 0.0048680 seconds, Stopping threads took: 0.0000154 seconds
[781.545s][info ][safepoint    ] Application time: 0.9779389 seconds
[781.545s][info ][safepoint    ] Entering safepoint region: GenCollectForAllocation
[781.545s][info ][gc,start     ] GC(844) Pause Young (Allocation Failure)
[781.545s][info ][gc,task      ] GC(844) Using 4 workers of 4 for evacuation
[781.550s][debug][gc,ref       ] GC(844) Skipped phase1 of Reference Processing due to unavailable references
[781.550s][debug][gc,ref       ] GC(844) Skipped phase2 of Reference Processing due to unavailable references
[781.550s][debug][gc,ref       ] GC(844) Skipped phase3 of Reference Processing due to unavailable references
[781.550s][debug][gc,ref       ] GC(844) Skipped phase4 of Reference Processing due to unavailable references
[781.550s][debug][gc,age       ] GC(844) Desired survivor size 15400960 bytes, new threshold 6 (max threshold 6)
[781.550s][info ][gc,heap      ] GC(844) ParNew: 244549K->3536K(270976K)
[781.550s][info ][gc,heap      ] GC(844) CMS: 339799K->339877K(602112K)
[781.550s][info ][gc,metaspace ] GC(844) Metaspace: 57588K->57588K(1101824K)
[781.550s][info ][gc           ] GC(844) Pause Young (Allocation Failure) 570M->335M(852M) 4.395ms
[781.550s][info ][gc,cpu       ] GC(844) User=0.01s Sys=0.00s Real=0.00s
[781.550s][info ][safepoint    ] Leaving safepoint region
[781.550s][info ][safepoint    ] Total time for which application threads were stopped: 0.0045666 seconds, Stopping threads took: 0.0000130 seconds
[782.513s][info ][safepoint    ] Application time: 0.9628946 seconds
[782.513s][info ][safepoint    ] Entering safepoint region: GenCollectForAllocation
[782.513s][info ][gc,start     ] GC(845) Pause Young (Allocation Failure)
[782.513s][info ][gc,task      ] GC(845) Using 4 workers of 4 for evacuation
[782.518s][debug][gc,ref       ] GC(845) Skipped phase1 of Reference Processing due to unavailable references
[782.518s][debug][gc,ref       ] GC(845) Skipped phase2 of Reference Processing due to unavailable references
[782.518s][debug][gc,ref       ] GC(845) Skipped phase3 of Reference Processing due to unavailable references
[782.518s][debug][gc,ref       ] GC(845) Skipped phase4 of Reference Processing due to unavailable references
[782.518s][debug][gc,age       ] GC(845) Desired survivor size 15400960 bytes, new threshold 6 (max threshold 6)
[782.518s][info ][gc,heap      ] GC(845) ParNew: 244432K->4111K(270976K)
[782.518s][info ][gc,heap      ] GC(845) CMS: 339877K->340308K(602112K)
[782.518s][info ][gc,metaspace ] GC(845) Metaspace: 57588K->57588K(1101824K)
[782.518s][info ][gc           ] GC(845) Pause Young (Allocation Failure) 570M->336M(852M) 4.850ms
[782.518s][info ][gc,cpu       ] GC(845) User=0.02s Sys=0.00s Real=0.01s
[782.518s][info ][safepoint    ] Leaving safepoint region
[782.518s][info ][safepoint    ] Total time for which application threads were stopped: 0.0050138 seconds, Stopping threads took: 0.0000136 seconds
[783.466s][info ][safepoint    ] Application time: 0.9485964 seconds
[783.466s][info ][safepoint    ] Entering safepoint region: GenCollectForAllocation
[783.467s][info ][gc,start     ] GC(846) Pause Young (Allocation Failure)
[783.467s][info ][gc,task      ] GC(846) Using 4 workers of 4 for evacuation
[783.471s][debug][gc,ref       ] GC(846) Skipped phase1 of Reference Processing due to unavailable references
[783.471s][debug][gc,ref       ] GC(846) Skipped phase2 of Reference Processing due to unavailable references
[783.471s][debug][gc,ref       ] GC(846) Skipped phase3 of Reference Processing due to unavailable references
[783.471s][debug][gc,ref       ] GC(846) Skipped phase4 of Reference Processing due to unavailable references
[783.471s][debug][gc,age       ] GC(846) Desired survivor size 15400960 bytes, new threshold 6 (max threshold 6)
[783.471s][info ][gc,heap      ] GC(846) ParNew: 245007K->4496K(270976K)
[783.471s][info ][gc,heap      ] GC(846) CMS: 340308K->340474K(602112K)
[783.471s][info ][gc,metaspace ] GC(846) Metaspace: 57588K->57588K(1101824K)
[783.471s][info ][gc           ] GC(846) Pause Young (Allocation Failure) 571M->336M(852M) 4.301ms
[783.471s][info ][gc,cpu       ] GC(846) User=0.02s Sys=0.00s Real=0.00s
[783.471s][info ][safepoint    ] Leaving safepoint region
[783.471s][info ][safepoint    ] Total time for which application threads were stopped: 0.0044451 seconds, Stopping threads took: 0.0000149 seconds
[784.343s][info ][safepoint    ] Application time: 0.8719463 seconds
[784.343s][info ][safepoint    ] Entering safepoint region: GenCollectForAllocation
[784.343s][info ][gc,start     ] GC(847) Pause Young (Allocation Failure)
[784.343s][info ][gc,task      ] GC(847) Using 4 workers of 4 for evacuation
[784.347s][debug][gc,ref       ] GC(847) Skipped phase1 of Reference Processing due to unavailable references
[784.348s][debug][gc,ref       ] GC(847) Skipped phase2 of Reference Processing due to unavailable references
[784.348s][debug][gc,ref       ] GC(847) Skipped phase3 of Reference Processing due to unavailable references
[784.348s][debug][gc,ref       ] GC(847) Skipped phase4 of Reference Processing due to unavailable references
[784.348s][debug][gc,age       ] GC(847) Desired survivor size 15400960 bytes, new threshold 6 (max threshold 6)
[784.348s][info ][gc,heap      ] GC(847) ParNew: 245392K->3177K(270976K)
[784.348s][info ][gc,heap      ] GC(847) CMS: 340474K->340489K(602112K)
[784.348s][info ][gc,metaspace ] GC(847) Metaspace: 57588K->57588K(1101824K)
[784.348s][info ][gc           ] GC(847) Pause Young (Allocation Failure) 572M->335M(852M) 4.718ms
[784.348s][info ][gc,cpu       ] GC(847) User=0.01s Sys=0.01s Real=0.01s
[784.348s][info ][safepoint    ] Leaving safepoint region
[784.348s][info ][safepoint    ] Total time for which application threads were stopped: 0.0049550 seconds, Stopping threads took: 0.0000138 seconds
[785.206s][info ][safepoint    ] Application time: 0.8578088 seconds
[785.206s][info ][safepoint    ] Entering safepoint region: GenCollectForAllocation
[785.206s][info ][gc,start     ] GC(848) Pause Young (Allocation Failure)
[785.206s][info ][gc,task      ] GC(848) Using 4 workers of 4 for evacuation
[785.211s][debug][gc,ref       ] GC(848) Skipped phase1 of Reference Processing due to unavailable references
[785.211s][debug][gc,ref       ] GC(848) Skipped phase2 of Reference Processing due to unavailable references
[785.211s][debug][gc,ref       ] GC(848) Skipped phase3 of Reference Processing due to unavailable references
[785.211s][debug][gc,ref       ] GC(848) Skipped phase4 of Reference Processing due to unavailable references
[785.211s][debug][gc,age       ] GC(848) Desired survivor size 15400960 bytes, new threshold 6 (max threshold 6)
[785.212s][info ][gc,heap      ] GC(848) ParNew: 244073K->4279K(270976K)
[785.212s][info ][gc,heap      ] GC(848) CMS: 340489K->340523K(602112K)
[785.212s][info ][gc,metaspace ] GC(848) Metaspace: 57588K->57588K(1101824K)
[785.212s][info ][gc           ] GC(848) Pause Young (Allocation Failure) 570M->336M(852M) 5.746ms
[785.212s][info ][gc,cpu       ] GC(848) User=0.02s Sys=0.00s Real=0.00s
[785.212s][info ][safepoint    ] Leaving safepoint region
[785.212s][info ][safepoint    ] Total time for which application threads were stopped: 0.0059145 seconds, Stopping threads took: 0.0000153 seconds
[786.160s][info ][safepoint    ] Application time: 0.9485188 seconds
[786.160s][info ][safepoint    ] Entering safepoint region: GenCollectForAllocation
[786.160s][info ][gc,start     ] GC(849) Pause Young (Allocation Failure)
[786.160s][info ][gc,task      ] GC(849) Using 4 workers of 4 for evacuation
[786.165s][debug][gc,ref       ] GC(849) Skipped phase1 of Reference Processing due to unavailable references
[786.165s][debug][gc,ref       ] GC(849) Skipped phase2 of Reference Processing due to unavailable references
[786.165s][debug][gc,ref       ] GC(849) Skipped phase3 of Reference Processing due to unavailable references
[786.165s][debug][gc,ref       ] GC(849) Skipped phase4 of Reference Processing due to unavailable references
[786.165s][debug][gc,age       ] GC(849) Desired survivor size 15400960 bytes, new threshold 6 (max threshold 6)
[786.165s][info ][gc,heap      ] GC(849) ParNew: 245175K->4119K(270976K)
[786.165s][info ][gc,heap      ] GC(849) CMS: 340523K->340648K(602112K)
[786.165s][info ][gc,metaspace ] GC(849) Metaspace: 57588K->57588K(1101824K)
[786.165s][info ][gc           ] GC(849) Pause Young (Allocation Failure) 571M->336M(852M) 4.835ms
[786.165s][info ][gc,cpu       ] GC(849) User=0.01s Sys=0.00s Real=0.01s
[786.165s][info ][safepoint    ] Leaving safepoint region
[786.165s][info ][safepoint    ] Total time for which application threads were stopped: 0.0050040 seconds, Stopping threads took: 0.0000141 seconds
[787.118s][info ][safepoint    ] Application time: 0.9528532 seconds
[787.118s][info ][safepoint    ] Entering safepoint region: GenCollectForAllocation
[787.118s][info ][gc,start     ] GC(850) Pause Young (Allocation Failure)
[787.118s][info ][gc,task      ] GC(850) Using 4 workers of 4 for evacuation
[787.123s][debug][gc,ref       ] GC(850) Skipped phase1 of Reference Processing due to unavailable references
[787.123s][debug][gc,ref       ] GC(850) Skipped phase2 of Reference Processing due to unavailable references
[787.123s][debug][gc,ref       ] GC(850) Skipped phase3 of Reference Processing due to unavailable references
[787.123s][debug][gc,ref       ] GC(850) Skipped phase4 of Reference Processing due to unavailable references
[787.123s][debug][gc,age       ] GC(850) Desired survivor size 15400960 bytes, new threshold 6 (max threshold 6)
[787.123s][info ][gc,heap      ] GC(850) ParNew: 245015K->4176K(270976K)
[787.123s][info ][gc,heap      ] GC(850) CMS: 340648K->340763K(602112K)
[787.123s][info ][gc,metaspace ] GC(850) Metaspace: 57589K->57589K(1101824K)
[787.123s][info ][gc           ] GC(850) Pause Young (Allocation Failure) 571M->336M(852M) 4.665ms
[787.123s][info ][gc,cpu       ] GC(850) User=0.02s Sys=0.00s Real=0.00s
[787.123s][info ][safepoint    ] Leaving safepoint region
[787.123s][info ][safepoint    ] Total time for which application threads were stopped: 0.0047999 seconds, Stopping threads took: 0.0000146 seconds
[788.078s][info ][safepoint    ] Application time: 0.9553436 seconds
[788.078s][info ][safepoint    ] Entering safepoint region: GenCollectForAllocation
[788.078s][info ][gc,start     ] GC(851) Pause Young (Allocation Failure)
[788.078s][info ][gc,task      ] GC(851) Using 4 workers of 4 for evacuation
[788.083s][debug][gc,ref       ] GC(851) Skipped phase1 of Reference Processing due to unavailable references
[788.083s][debug][gc,ref       ] GC(851) Skipped phase2 of Reference Processing due to unavailable references
[788.083s][debug][gc,ref       ] GC(851) Skipped phase3 of Reference Processing due to unavailable references
[788.083s][debug][gc,ref       ] GC(851) Skipped phase4 of Reference Processing due to unavailable references
[788.083s][debug][gc,age       ] GC(851) Desired survivor size 15400960 bytes, new threshold 6 (max threshold 6)
[788.083s][info ][gc,heap      ] GC(851) ParNew: 245072K->3565K(270976K)
[788.083s][info ][gc,heap      ] GC(851) CMS: 340763K->340911K(602112K)
[788.083s][info ][gc,metaspace ] GC(851) Metaspace: 57589K->57589K(1101824K)
[788.083s][info ][gc           ] GC(851) Pause Young (Allocation Failure) 572M->336M(852M) 4.996ms
[788.083s][info ][gc,cpu       ] GC(851) User=0.02s Sys=0.00s Real=0.00s
[788.083s][info ][safepoint    ] Leaving safepoint region
[788.083s][info ][safepoint    ] Total time for which application threads were stopped: 0.0051453 seconds, Stopping threads took: 0.0000137 seconds
[788.896s][info ][safepoint    ] Application time: 0.8129241 seconds
[788.896s][info ][safepoint    ] Entering safepoint region: GenCollectForAllocation
[788.896s][info ][gc,start     ] GC(852) Pause Young (Allocation Failure)
[788.897s][info ][gc,task      ] GC(852) Using 4 workers of 4 for evacuation
[788.902s][debug][gc,ref       ] GC(852) Skipped phase1 of Reference Processing due to unavailable references
[788.902s][debug][gc,ref       ] GC(852) Skipped phase2 of Reference Processing due to unavailable references
[788.902s][debug][gc,ref       ] GC(852) Skipped phase3 of Reference Processing due to unavailable references
[788.902s][debug][gc,ref       ] GC(852) Skipped phase4 of Reference Processing due to unavailable references
[788.902s][debug][gc,age       ] GC(852) Desired survivor size 15400960 bytes, new threshold 6 (max threshold 6)
[788.902s][info ][gc,heap      ] GC(852) ParNew: 244461K->3585K(270976K)
[788.902s][info ][gc,heap      ] GC(852) CMS: 340911K->340992K(602112K)
[788.902s][info ][gc,metaspace ] GC(852) Metaspace: 57589K->57589K(1101824K)
[788.902s][info ][gc           ] GC(852) Pause Young (Allocation Failure) 571M->336M(852M) 5.233ms
[788.902s][info ][gc,cpu       ] GC(852) User=0.02s Sys=0.00s Real=0.00s
[788.902s][info ][safepoint    ] Leaving safepoint region
[788.902s][info ][safepoint    ] Total time for which application threads were stopped: 0.0054011 seconds, Stopping threads took: 0.0000167 seconds
[789.861s][info ][safepoint    ] Application time: 0.9592817 seconds
[789.861s][info ][safepoint    ] Entering safepoint region: GenCollectForAllocation
[789.861s][info ][gc,start     ] GC(853) Pause Young (Allocation Failure)
[789.861s][info ][gc,task      ] GC(853) Using 4 workers of 4 for evacuation
[789.866s][debug][gc,ref       ] GC(853) Skipped phase1 of Reference Processing due to unavailable references
[789.866s][debug][gc,ref       ] GC(853) Skipped phase2 of Reference Processing due to unavailable references
[789.866s][debug][gc,ref       ] GC(853) Skipped phase3 of Reference Processing due to unavailable references
[789.866s][debug][gc,ref       ] GC(853) Skipped phase4 of Reference Processing due to unavailable references
[789.866s][debug][gc,age       ] GC(853) Desired survivor size 15400960 bytes, new threshold 6 (max threshold 6)
[789.866s][info ][gc,heap      ] GC(853) ParNew: 244481K->3512K(270976K)
[789.866s][info ][gc,heap      ] GC(853) CMS: 340992K->341009K(602112K)
[789.866s][info ][gc,metaspace ] GC(853) Metaspace: 57589K->57589K(1101824K)
[789.866s][info ][gc           ] GC(853) Pause Young (Allocation Failure) 571M->336M(852M) 4.844ms
[789.866s][info ][gc,cpu       ] GC(853) User=0.02s Sys=0.00s Real=0.01s
[789.866s][info ][safepoint    ] Leaving safepoint region
[789.866s][info ][safepoint    ] Total time for which application threads were stopped: 0.0049929 seconds, Stopping threads took: 0.0000144 seconds
[790.823s][info ][safepoint    ] Application time: 0.9571939 seconds
[790.823s][info ][safepoint    ] Entering safepoint region: GenCollectForAllocation
[790.823s][info ][gc,start     ] GC(854) Pause Young (Allocation Failure)
[790.824s][info ][gc,task      ] GC(854) Using 4 workers of 4 for evacuation
[790.828s][debug][gc,ref       ] GC(854) Skipped phase1 of Reference Processing due to unavailable references
[790.828s][debug][gc,ref       ] GC(854) Skipped phase2 of Reference Processing due to unavailable references
[790.828s][debug][gc,ref       ] GC(854) Skipped phase3 of Reference Processing due to unavailable references
[790.828s][debug][gc,ref       ] GC(854) Skipped phase4 of Reference Processing due to unavailable references
[790.828s][debug][gc,age       ] GC(854) Desired survivor size 15400960 bytes, new threshold 6 (max threshold 6)
[790.828s][info ][gc,heap      ] GC(854) ParNew: 244408K->4087K(270976K)
[790.828s][info ][gc,heap      ] GC(854) CMS: 341009K->341021K(602112K)
[790.828s][info ][gc,metaspace ] GC(854) Metaspace: 57589K->57589K(1101824K)
[790.828s][info ][gc           ] GC(854) Pause Young (Allocation Failure) 571M->337M(852M) 4.520ms
[790.828s][info ][gc,cpu       ] GC(854) User=0.02s Sys=0.00s Real=0.00s
[790.828s][info ][safepoint    ] Leaving safepoint region
[790.828s][info ][safepoint    ] Total time for which application threads were stopped: 0.0047383 seconds, Stopping threads took: 0.0000196 seconds
[791.863s][info ][safepoint    ] Application time: 1.0345837 seconds
[791.863s][info ][safepoint    ] Entering safepoint region: GenCollectForAllocation
[791.863s][info ][gc,start     ] GC(855) Pause Young (Allocation Failure)
[791.863s][info ][gc,task      ] GC(855) Using 4 workers of 4 for evacuation
[791.867s][debug][gc,ref       ] GC(855) Skipped phase1 of Reference Processing due to unavailable references
[791.867s][debug][gc,ref       ] GC(855) Skipped phase2 of Reference Processing due to unavailable references
[791.867s][debug][gc,ref       ] GC(855) Skipped phase3 of Reference Processing due to unavailable references
[791.867s][debug][gc,ref       ] GC(855) Skipped phase4 of Reference Processing due to unavailable references
[791.868s][debug][gc,age       ] GC(855) Desired survivor size 15400960 bytes, new threshold 6 (max threshold 6)
[791.868s][info ][gc,heap      ] GC(855) ParNew: 244983K->4814K(270976K)
[791.868s][info ][gc,heap      ] GC(855) CMS: 341021K->341168K(602112K)
[791.868s][info ][gc,metaspace ] GC(855) Metaspace: 57589K->57589K(1101824K)
[791.868s][info ][gc           ] GC(855) Pause Young (Allocation Failure) 572M->337M(852M) 4.799ms
[791.868s][info ][gc,cpu       ] GC(855) User=0.02s Sys=0.00s Real=0.01s
[791.868s][info ][safepoint    ] Leaving safepoint region
[791.868s][info ][safepoint    ] Total time for which application threads were stopped: 0.0049591 seconds, Stopping threads took: 0.0000150 seconds
[792.805s][info ][safepoint    ] Application time: 0.9377902 seconds
[792.805s][info ][safepoint    ] Entering safepoint region: GenCollectForAllocation
[792.806s][info ][gc,start     ] GC(856) Pause Young (Allocation Failure)
[792.806s][info ][gc,task      ] GC(856) Using 4 workers of 4 for evacuation
[792.810s][debug][gc,ref       ] GC(856) Skipped phase1 of Reference Processing due to unavailable references
[792.810s][debug][gc,ref       ] GC(856) Skipped phase2 of Reference Processing due to unavailable references
[792.810s][debug][gc,ref       ] GC(856) Skipped phase3 of Reference Processing due to unavailable references
[792.810s][debug][gc,ref       ] GC(856) Skipped phase4 of Reference Processing due to unavailable references
[792.810s][debug][gc,age       ] GC(856) Desired survivor size 15400960 bytes, new threshold 6 (max threshold 6)
[792.810s][info ][gc,heap      ] GC(856) ParNew: 245710K->3399K(270976K)
[792.810s][info ][gc,heap      ] GC(856) CMS: 341168K->341391K(602112K)
[792.810s][info ][gc,metaspace ] GC(856) Metaspace: 57589K->57589K(1101824K)
[792.810s][info ][gc           ] GC(856) Pause Young (Allocation Failure) 573M->336M(852M) 4.632ms
[792.810s][info ][gc,cpu       ] GC(856) User=0.01s Sys=0.00s Real=0.00s
[792.810s][info ][safepoint    ] Leaving safepoint region
[792.810s][info ][safepoint    ] Total time for which application threads were stopped: 0.0047908 seconds, Stopping threads took: 0.0000149 seconds
[793.666s][info ][safepoint    ] Application time: 0.8558846 seconds
[793.666s][info ][safepoint    ] Entering safepoint region: GenCollectForAllocation
[793.666s][info ][gc,start     ] GC(857) Pause Young (Allocation Failure)
[793.666s][info ][gc,task      ] GC(857) Using 4 workers of 4 for evacuation
[793.671s][debug][gc,ref       ] GC(857) Skipped phase1 of Reference Processing due to unavailable references
[793.671s][debug][gc,ref       ] GC(857) Skipped phase2 of Reference Processing due to unavailable references
[793.671s][debug][gc,ref       ] GC(857) Skipped phase3 of Reference Processing due to unavailable references
[793.671s][debug][gc,ref       ] GC(857) Skipped phase4 of Reference Processing due to unavailable references
[793.671s][debug][gc,age       ] GC(857) Desired survivor size 15400960 bytes, new threshold 6 (max threshold 6)
[793.671s][info ][gc,heap      ] GC(857) ParNew: 244295K->4186K(270976K)
[793.671s][info ][gc,heap      ] GC(857) CMS: 341391K->341489K(602112K)
[793.671s][info ][gc,metaspace ] GC(857) Metaspace: 57589K->57589K(1101824K)
[793.671s][info ][gc           ] GC(857) Pause Young (Allocation Failure) 571M->337M(852M) 5.060ms
[793.671s][info ][gc,cpu       ] GC(857) User=0.02s Sys=0.00s Real=0.00s
[793.671s][info ][safepoint    ] Leaving safepoint region
[793.671s][info ][safepoint    ] Total time for which application threads were stopped: 0.0052167 seconds, Stopping threads took: 0.0000143 seconds
[794.619s][info ][safepoint    ] Application time: 0.9471262 seconds
[794.619s][info ][safepoint    ] Entering safepoint region: GenCollectForAllocation
[794.619s][info ][gc,start     ] GC(858) Pause Young (Allocation Failure)
[794.619s][info ][gc,task      ] GC(858) Using 4 workers of 4 for evacuation
[794.624s][debug][gc,ref       ] GC(858) Skipped phase1 of Reference Processing due to unavailable references
[794.624s][debug][gc,ref       ] GC(858) Skipped phase2 of Reference Processing due to unavailable references
[794.624s][debug][gc,ref       ] GC(858) Skipped phase3 of Reference Processing due to unavailable references
[794.624s][debug][gc,ref       ] GC(858) Skipped phase4 of Reference Processing due to unavailable references
[794.624s][debug][gc,age       ] GC(858) Desired survivor size 15400960 bytes, new threshold 6 (max threshold 6)
[794.624s][info ][gc,heap      ] GC(858) ParNew: 245082K->3978K(270976K)
[794.624s][info ][gc,heap      ] GC(858) CMS: 341489K->341700K(602112K)
[794.624s][info ][gc,metaspace ] GC(858) Metaspace: 57589K->57589K(1101824K)
[794.624s][info ][gc           ] GC(858) Pause Young (Allocation Failure) 572M->337M(852M) 5.230ms
[794.624s][info ][gc,cpu       ] GC(858) User=0.02s Sys=0.00s Real=0.01s
[794.624s][info ][safepoint    ] Leaving safepoint region
[794.624s][info ][safepoint    ] Total time for which application threads were stopped: 0.0053701 seconds, Stopping threads took: 0.0000145 seconds
[795.587s][info ][safepoint    ] Application time: 0.9633020 seconds
[795.587s][info ][safepoint    ] Entering safepoint region: GenCollectForAllocation
[795.587s][info ][gc,start     ] GC(859) Pause Young (Allocation Failure)
[795.587s][info ][gc,task      ] GC(859) Using 4 workers of 4 for evacuation
[795.592s][debug][gc,ref       ] GC(859) Skipped phase1 of Reference Processing due to unavailable references
[795.592s][debug][gc,ref       ] GC(859) Skipped phase2 of Reference Processing due to unavailable references
[795.592s][debug][gc,ref       ] GC(859) Skipped phase3 of Reference Processing due to unavailable references
[795.592s][debug][gc,ref       ] GC(859) Skipped phase4 of Reference Processing due to unavailable references
[795.592s][debug][gc,age       ] GC(859) Desired survivor size 15400960 bytes, new threshold 6 (max threshold 6)
[795.592s][info ][gc,heap      ] GC(859) ParNew: 244874K->3944K(270976K)
[795.592s][info ][gc,heap      ] GC(859) CMS: 341700K->341748K(602112K)
[795.592s][info ][gc,metaspace ] GC(859) Metaspace: 57589K->57589K(1101824K)
[795.592s][info ][gc           ] GC(859) Pause Young (Allocation Failure) 572M->337M(852M) 4.879ms
[795.592s][info ][gc,cpu       ] GC(859) User=0.02s Sys=0.00s Real=0.00s
[795.592s][info ][safepoint    ] Leaving safepoint region
[795.592s][info ][safepoint    ] Total time for which application threads were stopped: 0.0050838 seconds, Stopping threads took: 0.0000144 seconds
[796.548s][info ][safepoint    ] Application time: 0.9554505 seconds
[796.548s][info ][safepoint    ] Entering safepoint region: GenCollectForAllocation
[796.548s][info ][gc,start     ] GC(860) Pause Young (Allocation Failure)
[796.548s][info ][gc,task      ] GC(860) Using 4 workers of 4 for evacuation
[796.553s][debug][gc,ref       ] GC(860) Skipped phase1 of Reference Processing due to unavailable references
[796.553s][debug][gc,ref       ] GC(860) Skipped phase2 of Reference Processing due to unavailable references
[796.553s][debug][gc,ref       ] GC(860) Skipped phase3 of Reference Processing due to unavailable references
[796.553s][debug][gc,ref       ] GC(860) Skipped phase4 of Reference Processing due to unavailable references
[796.553s][debug][gc,age       ] GC(860) Desired survivor size 15400960 bytes, new threshold 6 (max threshold 6)
[796.553s][info ][gc,heap      ] GC(860) ParNew: 244840K->4130K(270976K)
[796.553s][info ][gc,heap      ] GC(860) CMS: 341748K->341816K(602112K)
[796.553s][info ][gc,metaspace ] GC(860) Metaspace: 57589K->57589K(1101824K)
[796.553s][info ][gc           ] GC(860) Pause Young (Allocation Failure) 572M->337M(852M) 5.064ms
[796.553s][info ][gc,cpu       ] GC(860) User=0.02s Sys=0.00s Real=0.00s
[796.553s][info ][safepoint    ] Leaving safepoint region
[796.553s][info ][safepoint    ] Total time for which application threads were stopped: 0.0052213 seconds, Stopping threads took: 0.0000142 seconds
[797.401s][info ][safepoint    ] Application time: 0.8477844 seconds
[797.401s][info ][safepoint    ] Entering safepoint region: GenCollectForAllocation
[797.401s][info ][gc,start     ] GC(861) Pause Young (Allocation Failure)
[797.401s][info ][gc,task      ] GC(861) Using 4 workers of 4 for evacuation
[797.406s][debug][gc,ref       ] GC(861) Skipped phase1 of Reference Processing due to unavailable references
[797.406s][debug][gc,ref       ] GC(861) Skipped phase2 of Reference Processing due to unavailable references
[797.406s][debug][gc,ref       ] GC(861) Skipped phase3 of Reference Processing due to unavailable references
[797.406s][debug][gc,ref       ] GC(861) Skipped phase4 of Reference Processing due to unavailable references
[797.406s][debug][gc,age       ] GC(861) Desired survivor size 15400960 bytes, new threshold 6 (max threshold 6)
[797.406s][info ][gc,heap      ] GC(861) ParNew: 245026K->4298K(270976K)
[797.406s][info ][gc,heap      ] GC(861) CMS: 341816K->341954K(602112K)
[797.406s][info ][gc,metaspace ] GC(861) Metaspace: 57589K->57589K(1101824K)
[797.406s][info ][gc           ] GC(861) Pause Young (Allocation Failure) 573M->338M(852M) 5.177ms
[797.406s][info ][gc,cpu       ] GC(861) User=0.01s Sys=0.00s Real=0.01s
[797.406s][info ][safepoint    ] Leaving safepoint region
[797.406s][info ][safepoint    ] Total time for which application threads were stopped: 0.0053792 seconds, Stopping threads took: 0.0000566 seconds
[798.294s][info ][safepoint    ] Application time: 0.8873942 seconds
[798.294s][info ][safepoint    ] Entering safepoint region: GenCollectForAllocation
[798.294s][info ][gc,start     ] GC(862) Pause Young (Allocation Failure)
[798.294s][info ][gc,task      ] GC(862) Using 4 workers of 4 for evacuation
[798.299s][debug][gc,ref       ] GC(862) Skipped phase1 of Reference Processing due to unavailable references
[798.299s][debug][gc,ref       ] GC(862) Skipped phase2 of Reference Processing due to unavailable references
[798.299s][debug][gc,ref       ] GC(862) Skipped phase3 of Reference Processing due to unavailable references
[798.299s][debug][gc,ref       ] GC(862) Skipped phase4 of Reference Processing due to unavailable references
[798.299s][debug][gc,age       ] GC(862) Desired survivor size 15400960 bytes, new threshold 6 (max threshold 6)
[798.299s][info ][gc,heap      ] GC(862) ParNew: 245194K->4320K(270976K)
[798.299s][info ][gc,heap      ] GC(862) CMS: 341954K->342129K(602112K)
[798.299s][info ][gc,metaspace ] GC(862) Metaspace: 57589K->57589K(1101824K)
[798.299s][info ][gc           ] GC(862) Pause Young (Allocation Failure) 573M->338M(852M) 5.580ms
[798.299s][info ][gc,cpu       ] GC(862) User=0.02s Sys=0.00s Real=0.01s
[798.299s][info ][safepoint    ] Leaving safepoint region
[798.299s][info ][safepoint    ] Total time for which application threads were stopped: 0.0057472 seconds, Stopping threads took: 0.0000144 seconds
[799.307s][info ][safepoint    ] Application time: 1.0076530 seconds
[799.307s][info ][safepoint    ] Entering safepoint region: GenCollectForAllocation
[799.307s][info ][gc,start     ] GC(863) Pause Young (Allocation Failure)
[799.307s][info ][gc,task      ] GC(863) Using 4 workers of 4 for evacuation
[799.312s][debug][gc,ref       ] GC(863) Skipped phase1 of Reference Processing due to unavailable references
[799.312s][debug][gc,ref       ] GC(863) Skipped phase2 of Reference Processing due to unavailable references
[799.312s][debug][gc,ref       ] GC(863) Skipped phase3 of Reference Processing due to unavailable references
[799.312s][debug][gc,ref       ] GC(863) Skipped phase4 of Reference Processing due to unavailable references
[799.312s][debug][gc,age       ] GC(863) Desired survivor size 15400960 bytes, new threshold 6 (max threshold 6)
[799.312s][info ][gc,heap      ] GC(863) ParNew: 245216K->4235K(270976K)
[799.312s][info ][gc,heap      ] GC(863) CMS: 342129K->342222K(602112K)
[799.312s][info ][gc,metaspace ] GC(863) Metaspace: 57592K->57592K(1101824K)
[799.312s][info ][gc           ] GC(863) Pause Young (Allocation Failure) 573M->338M(852M) 4.961ms
[799.312s][info ][gc,cpu       ] GC(863) User=0.02s Sys=0.00s Real=0.00s
[799.312s][info ][safepoint    ] Leaving safepoint region
[799.312s][info ][safepoint    ] Total time for which application threads were stopped: 0.0051081 seconds, Stopping threads took: 0.0000151 seconds
[800.374s][info ][safepoint    ] Application time: 1.0621526 seconds
[800.374s][info ][safepoint    ] Entering safepoint region: GenCollectForAllocation
[800.375s][info ][gc,start     ] GC(864) Pause Young (Allocation Failure)
[800.375s][info ][gc,task      ] GC(864) Using 4 workers of 4 for evacuation
[800.379s][debug][gc,ref       ] GC(864) Skipped phase1 of Reference Processing due to unavailable references
[800.379s][debug][gc,ref       ] GC(864) Skipped phase2 of Reference Processing due to unavailable references
[800.379s][debug][gc,ref       ] GC(864) Skipped phase3 of Reference Processing due to unavailable references
[800.379s][debug][gc,ref       ] GC(864) Skipped phase4 of Reference Processing due to unavailable references
[800.379s][debug][gc,age       ] GC(864) Desired survivor size 15400960 bytes, new threshold 6 (max threshold 6)
[800.379s][info ][gc,heap      ] GC(864) ParNew: 245131K->4260K(270976K)
[800.379s][info ][gc,heap      ] GC(864) CMS: 342222K->342258K(602112K)
[800.379s][info ][gc,metaspace ] GC(864) Metaspace: 57592K->57592K(1101824K)
[800.381s][info ][gc           ] GC(864) Pause Young (Allocation Failure) 573M->338M(852M) 6.332ms
[800.381s][info ][gc,cpu       ] GC(864) User=0.01s Sys=0.01s Real=0.01s
[800.381s][info ][safepoint    ] Leaving safepoint region
[800.381s][info ][safepoint    ] Total time for which application threads were stopped: 0.0069431 seconds, Stopping threads took: 0.0000142 seconds
[801.193s][info ][safepoint    ] Application time: 0.8114846 seconds
[801.193s][info ][safepoint    ] Entering safepoint region: GenCollectForAllocation
[801.193s][info ][gc,start     ] GC(865) Pause Young (Allocation Failure)
[801.193s][info ][gc,task      ] GC(865) Using 4 workers of 4 for evacuation
[801.199s][debug][gc,ref       ] GC(865) Skipped phase1 of Reference Processing due to unavailable references
[801.199s][debug][gc,ref       ] GC(865) Skipped phase2 of Reference Processing due to unavailable references
[801.199s][debug][gc,ref       ] GC(865) Skipped phase3 of Reference Processing due to unavailable references
[801.199s][debug][gc,ref       ] GC(865) Skipped phase4 of Reference Processing due to unavailable references
[801.199s][debug][gc,age       ] GC(865) Desired survivor size 15400960 bytes, new threshold 6 (max threshold 6)
[801.199s][info ][gc,heap      ] GC(865) ParNew: 245156K->4865K(270976K)
[801.199s][info ][gc,heap      ] GC(865) CMS: 342258K->342348K(602112K)
[801.199s][info ][gc,metaspace ] GC(865) Metaspace: 57595K->57595K(1101824K)
[801.199s][info ][gc           ] GC(865) Pause Young (Allocation Failure) 573M->339M(852M) 5.689ms
[801.199s][info ][gc,cpu       ] GC(865) User=0.02s Sys=0.00s Real=0.01s
[801.199s][info ][safepoint    ] Leaving safepoint region
[801.199s][info ][safepoint    ] Total time for which application threads were stopped: 0.0058410 seconds, Stopping threads took: 0.0000144 seconds
[802.081s][info ][safepoint    ] Application time: 0.8817303 seconds
[802.081s][info ][safepoint    ] Entering safepoint region: GenCollectForAllocation
[802.081s][info ][gc,start     ] GC(866) Pause Young (Allocation Failure)
[802.081s][info ][gc,task      ] GC(866) Using 4 workers of 4 for evacuation
[802.086s][debug][gc,ref       ] GC(866) Skipped phase1 of Reference Processing due to unavailable references
[802.086s][debug][gc,ref       ] GC(866) Skipped phase2 of Reference Processing due to unavailable references
[802.086s][debug][gc,ref       ] GC(866) Skipped phase3 of Reference Processing due to unavailable references
[802.086s][debug][gc,ref       ] GC(866) Skipped phase4 of Reference Processing due to unavailable references
[802.086s][debug][gc,age       ] GC(866) Desired survivor size 15400960 bytes, new threshold 6 (max threshold 6)
[802.086s][info ][gc,heap      ] GC(866) ParNew: 245761K->3564K(270976K)
[802.087s][info ][gc,heap      ] GC(866) CMS: 342348K->342501K(602112K)
[802.087s][info ][gc,metaspace ] GC(866) Metaspace: 57595K->57595K(1101824K)
[802.087s][info ][gc           ] GC(866) Pause Young (Allocation Failure) 574M->337M(852M) 5.899ms
[802.087s][info ][gc,cpu       ] GC(866) User=0.02s Sys=0.00s Real=0.01s
[802.087s][info ][safepoint    ] Leaving safepoint region
[802.087s][info ][safepoint    ] Total time for which application threads were stopped: 0.0060452 seconds, Stopping threads took: 0.0000151 seconds
[803.003s][info ][safepoint    ] Application time: 0.9166442 seconds
[803.003s][info ][safepoint    ] Entering safepoint region: GenCollectForAllocation
[803.003s][info ][gc,start     ] GC(867) Pause Young (Allocation Failure)
[803.003s][info ][gc,task      ] GC(867) Using 4 workers of 4 for evacuation
[803.008s][debug][gc,ref       ] GC(867) Skipped phase1 of Reference Processing due to unavailable references
[803.008s][debug][gc,ref       ] GC(867) Skipped phase2 of Reference Processing due to unavailable references
[803.008s][debug][gc,ref       ] GC(867) Skipped phase3 of Reference Processing due to unavailable references
[803.008s][debug][gc,ref       ] GC(867) Skipped phase4 of Reference Processing due to unavailable references
[803.009s][debug][gc,age       ] GC(867) Desired survivor size 15400960 bytes, new threshold 6 (max threshold 6)
[803.009s][info ][gc,heap      ] GC(867) ParNew: 244460K->5252K(270976K)
[803.009s][info ][gc,heap      ] GC(867) CMS: 342501K->342659K(602112K)
[803.009s][info ][gc,metaspace ] GC(867) Metaspace: 57595K->57595K(1101824K)
[803.009s][info ][gc           ] GC(867) Pause Young (Allocation Failure) 573M->339M(852M) 5.238ms
[803.009s][info ][gc,cpu       ] GC(867) User=0.02s Sys=0.00s Real=0.01s
[803.009s][info ][safepoint    ] Leaving safepoint region
[803.009s][info ][safepoint    ] Total time for which application threads were stopped: 0.0053933 seconds, Stopping threads took: 0.0000242 seconds
[803.891s][info ][safepoint    ] Application time: 0.8818495 seconds
[803.891s][info ][safepoint    ] Entering safepoint region: GenCollectForAllocation
[803.891s][info ][gc,start     ] GC(868) Pause Young (Allocation Failure)
[803.891s][info ][gc,task      ] GC(868) Using 4 workers of 4 for evacuation
[803.896s][debug][gc,ref       ] GC(868) Skipped phase1 of Reference Processing due to unavailable references
[803.896s][debug][gc,ref       ] GC(868) Skipped phase2 of Reference Processing due to unavailable references
[803.896s][debug][gc,ref       ] GC(868) Skipped phase3 of Reference Processing due to unavailable references
[803.896s][debug][gc,ref       ] GC(868) Skipped phase4 of Reference Processing due to unavailable references
[803.897s][debug][gc,age       ] GC(868) Desired survivor size 15400960 bytes, new threshold 6 (max threshold 6)
[803.897s][info ][gc,heap      ] GC(868) ParNew: 246148K->3893K(270976K)
[803.897s][info ][gc,heap      ] GC(868) CMS: 342659K->342677K(602112K)
[803.897s][info ][gc,metaspace ] GC(868) Metaspace: 57595K->57595K(1101824K)
[803.897s][info ][gc           ] GC(868) Pause Young (Allocation Failure) 575M->338M(852M) 5.920ms
[803.897s][info ][gc,cpu       ] GC(868) User=0.02s Sys=0.00s Real=0.01s
[803.897s][info ][safepoint    ] Leaving safepoint region
[803.897s][info ][safepoint    ] Total time for which application threads were stopped: 0.0060898 seconds, Stopping threads took: 0.0000145 seconds
[804.790s][info ][safepoint    ] Application time: 0.8929598 seconds
[804.790s][info ][safepoint    ] Entering safepoint region: GenCollectForAllocation
[804.790s][info ][gc,start     ] GC(869) Pause Young (Allocation Failure)
[804.790s][info ][gc,task      ] GC(869) Using 4 workers of 4 for evacuation
[804.794s][debug][gc,ref       ] GC(869) Skipped phase1 of Reference Processing due to unavailable references
[804.794s][debug][gc,ref       ] GC(869) Skipped phase2 of Reference Processing due to unavailable references
[804.794s][debug][gc,ref       ] GC(869) Skipped phase3 of Reference Processing due to unavailable references
[804.794s][debug][gc,ref       ] GC(869) Skipped phase4 of Reference Processing due to unavailable references
[804.794s][debug][gc,age       ] GC(869) Desired survivor size 15400960 bytes, new threshold 6 (max threshold 6)
[804.794s][info ][gc,heap      ] GC(869) ParNew: 244789K->4897K(270976K)
[804.794s][info ][gc,heap      ] GC(869) CMS: 342677K->342701K(602112K)
[804.794s][info ][gc,metaspace ] GC(869) Metaspace: 57595K->57595K(1101824K)
[804.794s][info ][gc           ] GC(869) Pause Young (Allocation Failure) 573M->339M(852M) 4.748ms
[804.795s][info ][gc,cpu       ] GC(869) User=0.02s Sys=0.00s Real=0.00s
[804.795s][info ][safepoint    ] Leaving safepoint region
[804.795s][info ][safepoint    ] Total time for which application threads were stopped: 0.0049056 seconds, Stopping threads took: 0.0000163 seconds
[805.636s][info ][safepoint    ] Application time: 0.8415245 seconds
[805.636s][info ][safepoint    ] Entering safepoint region: GenCollectForAllocation
[805.636s][info ][gc,start     ] GC(870) Pause Young (Allocation Failure)
[805.636s][info ][gc,task      ] GC(870) Using 4 workers of 4 for evacuation
[805.641s][debug][gc,ref       ] GC(870) Skipped phase1 of Reference Processing due to unavailable references
[805.641s][debug][gc,ref       ] GC(870) Skipped phase2 of Reference Processing due to unavailable references
[805.641s][debug][gc,ref       ] GC(870) Skipped phase3 of Reference Processing due to unavailable references
[805.641s][debug][gc,ref       ] GC(870) Skipped phase4 of Reference Processing due to unavailable references
[805.642s][debug][gc,age       ] GC(870) Desired survivor size 15400960 bytes, new threshold 6 (max threshold 6)
[805.642s][info ][gc,heap      ] GC(870) ParNew: 245793K->5105K(270976K)
[805.642s][info ][gc,heap      ] GC(870) CMS: 342701K->342743K(602112K)
[805.642s][info ][gc,metaspace ] GC(870) Metaspace: 57595K->57595K(1101824K)
[805.642s][info ][gc           ] GC(870) Pause Young (Allocation Failure) 574M->339M(852M) 5.369ms
[805.642s][info ][gc,cpu       ] GC(870) User=0.02s Sys=0.00s Real=0.00s
[805.642s][info ][safepoint    ] Leaving safepoint region
[805.642s][info ][safepoint    ] Total time for which application threads were stopped: 0.0055109 seconds, Stopping threads took: 0.0000146 seconds
[806.556s][info ][safepoint    ] Application time: 0.9143127 seconds
[806.556s][info ][safepoint    ] Entering safepoint region: GenCollectForAllocation
[806.556s][info ][gc,start     ] GC(871) Pause Young (Allocation Failure)
[806.556s][info ][gc,task      ] GC(871) Using 4 workers of 4 for evacuation
[806.561s][debug][gc,ref       ] GC(871) Skipped phase1 of Reference Processing due to unavailable references
[806.561s][debug][gc,ref       ] GC(871) Skipped phase2 of Reference Processing due to unavailable references
[806.561s][debug][gc,ref       ] GC(871) Skipped phase3 of Reference Processing due to unavailable references
[806.561s][debug][gc,ref       ] GC(871) Skipped phase4 of Reference Processing due to unavailable references
[806.561s][debug][gc,age       ] GC(871) Desired survivor size 15400960 bytes, new threshold 6 (max threshold 6)
[806.561s][info ][gc,heap      ] GC(871) ParNew: 246001K->4645K(270976K)
[806.561s][info ][gc,heap      ] GC(871) CMS: 342743K->342904K(602112K)
[806.561s][info ][gc,metaspace ] GC(871) Metaspace: 57598K->57598K(1101824K)
[806.561s][info ][gc           ] GC(871) Pause Young (Allocation Failure) 574M->339M(852M) 5.192ms
[806.561s][info ][gc,cpu       ] GC(871) User=0.02s Sys=0.00s Real=0.00s
[806.561s][info ][safepoint    ] Leaving safepoint region
[806.561s][info ][safepoint    ] Total time for which application threads were stopped: 0.0053679 seconds, Stopping threads took: 0.0000559 seconds
[807.561s][info ][safepoint    ] Application time: 1.0000987 seconds
[807.562s][info ][safepoint    ] Entering safepoint region: Cleanup
[807.562s][info ][safepoint    ] Leaving safepoint region
[807.562s][info ][safepoint    ] Total time for which application threads were stopped: 0.0001457 seconds, Stopping threads took: 0.0000796 seconds
[807.596s][info ][safepoint    ] Application time: 0.0341846 seconds
[807.596s][info ][safepoint    ] Entering safepoint region: GenCollectForAllocation
[807.596s][info ][gc,start     ] GC(872) Pause Young (Allocation Failure)
[807.596s][info ][gc,task      ] GC(872) Using 4 workers of 4 for evacuation
[807.601s][debug][gc,ref       ] GC(872) Skipped phase1 of Reference Processing due to unavailable references
[807.601s][debug][gc,ref       ] GC(872) Skipped phase2 of Reference Processing due to unavailable references
[807.601s][debug][gc,ref       ] GC(872) Skipped phase3 of Reference Processing due to unavailable references
[807.601s][debug][gc,ref       ] GC(872) Skipped phase4 of Reference Processing due to unavailable references
[807.601s][debug][gc,age       ] GC(872) Desired survivor size 15400960 bytes, new threshold 6 (max threshold 6)
[807.601s][info ][gc,heap      ] GC(872) ParNew: 245541K->3689K(270976K)
[807.601s][info ][gc,heap      ] GC(872) CMS: 342904K->343012K(602112K)
[807.601s][info ][gc,metaspace ] GC(872) Metaspace: 57598K->57598K(1101824K)
[807.601s][info ][gc           ] GC(872) Pause Young (Allocation Failure) 574M->338M(852M) 4.816ms
[807.601s][info ][gc,cpu       ] GC(872) User=0.02s Sys=0.00s Real=0.00s
[807.601s][info ][safepoint    ] Leaving safepoint region
[807.601s][info ][safepoint    ] Total time for which application threads were stopped: 0.0049700 seconds, Stopping threads took: 0.0000157 seconds
[808.558s][info ][safepoint    ] Application time: 0.9569436 seconds
[808.558s][info ][safepoint    ] Entering safepoint region: GenCollectForAllocation
[808.558s][info ][gc,start     ] GC(873) Pause Young (Allocation Failure)
[808.558s][info ][gc,task      ] GC(873) Using 4 workers of 4 for evacuation
[808.563s][debug][gc,ref       ] GC(873) Skipped phase1 of Reference Processing due to unavailable references
[808.563s][debug][gc,ref       ] GC(873) Skipped phase2 of Reference Processing due to unavailable references
[808.563s][debug][gc,ref       ] GC(873) Skipped phase3 of Reference Processing due to unavailable references
[808.563s][debug][gc,ref       ] GC(873) Skipped phase4 of Reference Processing due to unavailable references
[808.563s][debug][gc,age       ] GC(873) Desired survivor size 15400960 bytes, new threshold 6 (max threshold 6)
[808.563s][info ][gc,heap      ] GC(873) ParNew: 244585K->3695K(270976K)
[808.563s][info ][gc,heap      ] GC(873) CMS: 343012K->343076K(602112K)
[808.563s][info ][gc,metaspace ] GC(873) Metaspace: 57598K->57598K(1101824K)
[808.563s][info ][gc           ] GC(873) Pause Young (Allocation Failure) 573M->338M(852M) 5.306ms
[808.563s][info ][gc,cpu       ] GC(873) User=0.02s Sys=0.00s Real=0.00s
[808.563s][info ][safepoint    ] Leaving safepoint region
[808.563s][info ][safepoint    ] Total time for which application threads were stopped: 0.0054887 seconds, Stopping threads took: 0.0000195 seconds
[809.402s][info ][safepoint    ] Application time: 0.8384392 seconds
[809.402s][info ][safepoint    ] Entering safepoint region: GenCollectForAllocation
[809.402s][info ][gc,start     ] GC(874) Pause Young (Allocation Failure)
[809.402s][info ][gc,task      ] GC(874) Using 4 workers of 4 for evacuation
[809.407s][debug][gc,ref       ] GC(874) Skipped phase1 of Reference Processing due to unavailable references
[809.407s][debug][gc,ref       ] GC(874) Skipped phase2 of Reference Processing due to unavailable references
[809.407s][debug][gc,ref       ] GC(874) Skipped phase3 of Reference Processing due to unavailable references
[809.407s][debug][gc,ref       ] GC(874) Skipped phase4 of Reference Processing due to unavailable references
[809.407s][debug][gc,age       ] GC(874) Desired survivor size 15400960 bytes, new threshold 6 (max threshold 6)
[809.407s][info ][gc,heap      ] GC(874) ParNew: 244591K->5135K(270976K)
[809.407s][info ][gc,heap      ] GC(874) CMS: 343076K->343187K(602112K)
[809.407s][info ][gc,metaspace ] GC(874) Metaspace: 57598K->57598K(1101824K)
[809.407s][info ][gc           ] GC(874) Pause Young (Allocation Failure) 573M->340M(852M) 5.323ms
[809.407s][info ][gc,cpu       ] GC(874) User=0.02s Sys=0.00s Real=0.01s
[809.407s][info ][safepoint    ] Leaving safepoint region
[809.407s][info ][safepoint    ] Total time for which application threads were stopped: 0.0054838 seconds, Stopping threads took: 0.0000159 seconds
[810.208s][info ][safepoint    ] Application time: 0.8004644 seconds
[810.208s][info ][safepoint    ] Entering safepoint region: GenCollectForAllocation
[810.208s][info ][gc,start     ] GC(875) Pause Young (Allocation Failure)
[810.208s][info ][gc,task      ] GC(875) Using 4 workers of 4 for evacuation
[810.213s][debug][gc,ref       ] GC(875) Skipped phase1 of Reference Processing due to unavailable references
[810.213s][debug][gc,ref       ] GC(875) Skipped phase2 of Reference Processing due to unavailable references
[810.213s][debug][gc,ref       ] GC(875) Skipped phase3 of Reference Processing due to unavailable references
[810.213s][debug][gc,ref       ] GC(875) Skipped phase4 of Reference Processing due to unavailable references
[810.213s][debug][gc,age       ] GC(875) Desired survivor size 15400960 bytes, new threshold 6 (max threshold 6)
[810.213s][info ][gc,heap      ] GC(875) ParNew: 246031K->4663K(270976K)
[810.213s][info ][gc,heap      ] GC(875) CMS: 343187K->343304K(602112K)
[810.213s][info ][gc,metaspace ] GC(875) Metaspace: 57598K->57598K(1101824K)
[810.213s][info ][gc           ] GC(875) Pause Young (Allocation Failure) 575M->339M(852M) 5.268ms
[810.213s][info ][gc,cpu       ] GC(875) User=0.02s Sys=0.00s Real=0.00s
[810.213s][info ][safepoint    ] Leaving safepoint region
[810.213s][info ][safepoint    ] Total time for which application threads were stopped: 0.0054170 seconds, Stopping threads took: 0.0000160 seconds
[811.075s][info ][safepoint    ] Application time: 0.8615630 seconds
[811.075s][info ][safepoint    ] Entering safepoint region: GenCollectForAllocation
[811.075s][info ][gc,start     ] GC(876) Pause Young (Allocation Failure)
[811.075s][info ][gc,task      ] GC(876) Using 4 workers of 4 for evacuation
[811.080s][debug][gc,ref       ] GC(876) Skipped phase1 of Reference Processing due to unavailable references
[811.080s][debug][gc,ref       ] GC(876) Skipped phase2 of Reference Processing due to unavailable references
[811.080s][debug][gc,ref       ] GC(876) Skipped phase3 of Reference Processing due to unavailable references
[811.080s][debug][gc,ref       ] GC(876) Skipped phase4 of Reference Processing due to unavailable references
[811.080s][debug][gc,age       ] GC(876) Desired survivor size 15400960 bytes, new threshold 6 (max threshold 6)
[811.080s][info ][gc,heap      ] GC(876) ParNew: 245559K->3856K(270976K)
[811.080s][info ][gc,heap      ] GC(876) CMS: 343304K->343393K(602112K)
[811.080s][info ][gc,metaspace ] GC(876) Metaspace: 57598K->57598K(1101824K)
[811.080s][info ][gc           ] GC(876) Pause Young (Allocation Failure) 575M->339M(852M) 5.290ms
[811.080s][info ][gc,cpu       ] GC(876) User=0.02s Sys=0.00s Real=0.01s
[811.080s][info ][safepoint    ] Leaving safepoint region
[811.080s][info ][safepoint    ] Total time for which application threads were stopped: 0.0054306 seconds, Stopping threads took: 0.0000161 seconds
[812.055s][info ][safepoint    ] Application time: 0.9747805 seconds
[812.055s][info ][safepoint    ] Entering safepoint region: GenCollectForAllocation
[812.055s][info ][gc,start     ] GC(877) Pause Young (Allocation Failure)
[812.055s][info ][gc,task      ] GC(877) Using 4 workers of 4 for evacuation
[812.060s][debug][gc,ref       ] GC(877) Skipped phase1 of Reference Processing due to unavailable references
[812.060s][debug][gc,ref       ] GC(877) Skipped phase2 of Reference Processing due to unavailable references
[812.060s][debug][gc,ref       ] GC(877) Skipped phase3 of Reference Processing due to unavailable references
[812.060s][debug][gc,ref       ] GC(877) Skipped phase4 of Reference Processing due to unavailable references
[812.060s][debug][gc,age       ] GC(877) Desired survivor size 15400960 bytes, new threshold 6 (max threshold 6)
[812.060s][info ][gc,heap      ] GC(877) ParNew: 244752K->3798K(270976K)
[812.060s][info ][gc,heap      ] GC(877) CMS: 343393K->343459K(602112K)
[812.060s][info ][gc,metaspace ] GC(877) Metaspace: 57598K->57598K(1101824K)
[812.060s][info ][gc           ] GC(877) Pause Young (Allocation Failure) 574M->339M(852M) 4.637ms
[812.060s][info ][gc,cpu       ] GC(877) User=0.01s Sys=0.00s Real=0.01s
[812.060s][info ][safepoint    ] Leaving safepoint region
[812.060s][info ][safepoint    ] Total time for which application threads were stopped: 0.0047756 seconds, Stopping threads took: 0.0000140 seconds
[813.116s][info ][safepoint    ] Application time: 1.0561041 seconds
[813.116s][info ][safepoint    ] Entering safepoint region: GenCollectForAllocation
[813.116s][info ][gc,start     ] GC(878) Pause Young (Allocation Failure)
[813.116s][info ][gc,task      ] GC(878) Using 4 workers of 4 for evacuation
[813.121s][debug][gc,ref       ] GC(878) Skipped phase1 of Reference Processing due to unavailable references
[813.121s][debug][gc,ref       ] GC(878) Skipped phase2 of Reference Processing due to unavailable references
[813.121s][debug][gc,ref       ] GC(878) Skipped phase3 of Reference Processing due to unavailable references
[813.121s][debug][gc,ref       ] GC(878) Skipped phase4 of Reference Processing due to unavailable references
[813.122s][debug][gc,age       ] GC(878) Desired survivor size 15400960 bytes, new threshold 6 (max threshold 6)
[813.122s][info ][gc,heap      ] GC(878) ParNew: 244694K->3509K(270976K)
[813.122s][info ][gc,heap      ] GC(878) CMS: 343459K->343673K(602112K)
[813.122s][info ][gc,metaspace ] GC(878) Metaspace: 57598K->57598K(1101824K)
[813.122s][info ][gc           ] GC(878) Pause Young (Allocation Failure) 574M->339M(852M) 5.499ms
[813.122s][info ][gc,cpu       ] GC(878) User=0.02s Sys=0.01s Real=0.00s
[813.122s][info ][safepoint    ] Leaving safepoint region
[813.122s][info ][safepoint    ] Total time for which application threads were stopped: 0.0056427 seconds, Stopping threads took: 0.0000161 seconds
[814.128s][info ][safepoint    ] Application time: 1.0060185 seconds
[814.128s][info ][safepoint    ] Entering safepoint region: GenCollectForAllocation
[814.128s][info ][gc,start     ] GC(879) Pause Young (Allocation Failure)
[814.128s][info ][gc,task      ] GC(879) Using 4 workers of 4 for evacuation
[814.133s][debug][gc,ref       ] GC(879) Skipped phase1 of Reference Processing due to unavailable references
[814.133s][debug][gc,ref       ] GC(879) Skipped phase2 of Reference Processing due to unavailable references
[814.133s][debug][gc,ref       ] GC(879) Skipped phase3 of Reference Processing due to unavailable references
[814.133s][debug][gc,ref       ] GC(879) Skipped phase4 of Reference Processing due to unavailable references
[814.133s][debug][gc,age       ] GC(879) Desired survivor size 15400960 bytes, new threshold 6 (max threshold 6)
[814.133s][info ][gc,heap      ] GC(879) ParNew: 244405K->3397K(270976K)
[814.133s][info ][gc,heap      ] GC(879) CMS: 343673K->343813K(602112K)
[814.133s][info ][gc,metaspace ] GC(879) Metaspace: 57598K->57598K(1101824K)
[814.133s][info ][gc           ] GC(879) Pause Young (Allocation Failure) 574M->339M(852M) 4.993ms
[814.133s][info ][gc,cpu       ] GC(879) User=0.02s Sys=0.00s Real=0.00s
[814.133s][info ][safepoint    ] Leaving safepoint region
[814.133s][info ][safepoint    ] Total time for which application threads were stopped: 0.0051450 seconds, Stopping threads took: 0.0000142 seconds
[815.047s][info ][safepoint    ] Application time: 0.9143104 seconds
[815.047s][info ][safepoint    ] Entering safepoint region: GenCollectForAllocation
[815.047s][info ][gc,start     ] GC(880) Pause Young (Allocation Failure)
[815.047s][info ][gc,task      ] GC(880) Using 4 workers of 4 for evacuation
[815.057s][debug][gc,ref       ] GC(880) Skipped phase1 of Reference Processing due to unavailable references
[815.057s][debug][gc,ref       ] GC(880) Skipped phase2 of Reference Processing due to unavailable references
[815.057s][debug][gc,ref       ] GC(880) Skipped phase3 of Reference Processing due to unavailable references
[815.057s][debug][gc,ref       ] GC(880) Skipped phase4 of Reference Processing due to unavailable references
[815.057s][debug][gc,age       ] GC(880) Desired survivor size 15400960 bytes, new threshold 6 (max threshold 6)
[815.057s][info ][gc,heap      ] GC(880) ParNew: 244293K->4882K(270976K)
[815.057s][info ][gc,heap      ] GC(880) CMS: 343813K->343905K(602112K)
[815.057s][info ][gc,metaspace ] GC(880) Metaspace: 57599K->57599K(1101824K)
[815.057s][info ][gc           ] GC(880) Pause Young (Allocation Failure) 574M->340M(852M) 9.793ms
[815.057s][info ][gc,cpu       ] GC(880) User=0.02s Sys=0.00s Real=0.01s
[815.057s][info ][safepoint    ] Leaving safepoint region
[815.057s][info ][safepoint    ] Total time for which application threads were stopped: 0.0099541 seconds, Stopping threads took: 0.0000140 seconds
[815.980s][info ][safepoint    ] Application time: 0.9226373 seconds
[815.980s][info ][safepoint    ] Entering safepoint region: GenCollectForAllocation
[815.980s][info ][gc,start     ] GC(881) Pause Young (Allocation Failure)
[815.980s][info ][gc,task      ] GC(881) Using 4 workers of 4 for evacuation
[815.985s][debug][gc,ref       ] GC(881) Skipped phase1 of Reference Processing due to unavailable references
[815.985s][debug][gc,ref       ] GC(881) Skipped phase2 of Reference Processing due to unavailable references
[815.985s][debug][gc,ref       ] GC(881) Skipped phase3 of Reference Processing due to unavailable references
[815.985s][debug][gc,ref       ] GC(881) Skipped phase4 of Reference Processing due to unavailable references
[815.985s][debug][gc,age       ] GC(881) Desired survivor size 15400960 bytes, new threshold 6 (max threshold 6)
[815.985s][info ][gc,heap      ] GC(881) ParNew: 245778K->3723K(270976K)
[815.985s][info ][gc,heap      ] GC(881) CMS: 343905K->343923K(602112K)
[815.985s][info ][gc,metaspace ] GC(881) Metaspace: 57599K->57599K(1101824K)
[815.985s][info ][gc           ] GC(881) Pause Young (Allocation Failure) 575M->339M(852M) 5.203ms
[815.985s][info ][gc,cpu       ] GC(881) User=0.02s Sys=0.00s Real=0.01s
[815.985s][info ][safepoint    ] Leaving safepoint region
[815.985s][info ][safepoint    ] Total time for which application threads were stopped: 0.0053538 seconds, Stopping threads took: 0.0000148 seconds
[816.909s][info ][safepoint    ] Application time: 0.9241648 seconds
[816.909s][info ][safepoint    ] Entering safepoint region: GenCollectForAllocation
[816.909s][info ][gc,start     ] GC(882) Pause Young (Allocation Failure)
[816.909s][info ][gc,task      ] GC(882) Using 4 workers of 4 for evacuation
[816.914s][debug][gc,ref       ] GC(882) Skipped phase1 of Reference Processing due to unavailable references
[816.914s][debug][gc,ref       ] GC(882) Skipped phase2 of Reference Processing due to unavailable references
[816.914s][debug][gc,ref       ] GC(882) Skipped phase3 of Reference Processing due to unavailable references
[816.914s][debug][gc,ref       ] GC(882) Skipped phase4 of Reference Processing due to unavailable references
[816.914s][debug][gc,age       ] GC(882) Desired survivor size 15400960 bytes, new threshold 6 (max threshold 6)
[816.915s][info ][gc,heap      ] GC(882) ParNew: 244619K->4442K(270976K)
[816.915s][info ][gc,heap      ] GC(882) CMS: 343923K->343994K(602112K)
[816.915s][info ][gc,metaspace ] GC(882) Metaspace: 57599K->57599K(1101824K)
[816.915s][info ][gc           ] GC(882) Pause Young (Allocation Failure) 574M->340M(852M) 5.113ms
[816.915s][info ][gc,cpu       ] GC(882) User=0.02s Sys=0.00s Real=0.00s
[816.915s][info ][safepoint    ] Leaving safepoint region
[816.915s][info ][safepoint    ] Total time for which application threads were stopped: 0.0052638 seconds, Stopping threads took: 0.0000145 seconds
[817.761s][info ][safepoint    ] Application time: 0.8464871 seconds
[817.761s][info ][safepoint    ] Entering safepoint region: GenCollectForAllocation
[817.761s][info ][gc,start     ] GC(883) Pause Young (Allocation Failure)
[817.761s][info ][gc,task      ] GC(883) Using 4 workers of 4 for evacuation
[817.776s][debug][gc,ref       ] GC(883) Skipped phase1 of Reference Processing due to unavailable references
[817.776s][debug][gc,ref       ] GC(883) Skipped phase2 of Reference Processing due to unavailable references
[817.776s][debug][gc,ref       ] GC(883) Skipped phase3 of Reference Processing due to unavailable references
[817.776s][debug][gc,ref       ] GC(883) Skipped phase4 of Reference Processing due to unavailable references
[817.776s][debug][gc,age       ] GC(883) Desired survivor size 15400960 bytes, new threshold 6 (max threshold 6)
[817.776s][info ][gc,heap      ] GC(883) ParNew: 245338K->3767K(270976K)
[817.776s][info ][gc,heap      ] GC(883) CMS: 343994K->344092K(602112K)
[817.776s][info ][gc,metaspace ] GC(883) Metaspace: 57599K->57599K(1101824K)
[817.776s][info ][gc           ] GC(883) Pause Young (Allocation Failure) 575M->339M(852M) 14.504ms
[817.776s][info ][gc,cpu       ] GC(883) User=0.02s Sys=0.00s Real=0.02s
[817.776s][info ][safepoint    ] Leaving safepoint region
[817.776s][info ][safepoint    ] Total time for which application threads were stopped: 0.0146593 seconds, Stopping threads took: 0.0000141 seconds
[818.766s][info ][safepoint    ] Application time: 0.9900498 seconds
[818.766s][info ][safepoint    ] Entering safepoint region: GenCollectForAllocation
[818.766s][info ][gc,start     ] GC(884) Pause Young (Allocation Failure)
[818.766s][info ][gc,task      ] GC(884) Using 4 workers of 4 for evacuation
[818.773s][debug][gc,ref       ] GC(884) Skipped phase1 of Reference Processing due to unavailable references
[818.773s][debug][gc,ref       ] GC(884) Skipped phase2 of Reference Processing due to unavailable references
[818.773s][debug][gc,ref       ] GC(884) Skipped phase3 of Reference Processing due to unavailable references
[818.773s][debug][gc,ref       ] GC(884) Skipped phase4 of Reference Processing due to unavailable references
[818.773s][debug][gc,age       ] GC(884) Desired survivor size 15400960 bytes, new threshold 6 (max threshold 6)
[818.773s][info ][gc,heap      ] GC(884) ParNew: 244663K->4670K(270976K)
[818.773s][info ][gc,heap      ] GC(884) CMS: 344092K->344441K(602112K)
[818.773s][info ][gc,metaspace ] GC(884) Metaspace: 57599K->57599K(1101824K)
[818.773s][info ][gc           ] GC(884) Pause Young (Allocation Failure) 574M->340M(852M) 6.685ms
[818.773s][info ][gc,cpu       ] GC(884) User=0.02s Sys=0.00s Real=0.00s
[818.773s][info ][safepoint    ] Leaving safepoint region
[818.773s][info ][safepoint    ] Total time for which application threads were stopped: 0.0069220 seconds, Stopping threads took: 0.0001049 seconds
[819.754s][info ][safepoint    ] Application time: 0.9807375 seconds
[819.754s][info ][safepoint    ] Entering safepoint region: GenCollectForAllocation
[819.754s][info ][gc,start     ] GC(885) Pause Young (Allocation Failure)
[819.754s][info ][gc,task      ] GC(885) Using 4 workers of 4 for evacuation
[819.758s][debug][gc,ref       ] GC(885) Skipped phase1 of Reference Processing due to unavailable references
[819.758s][debug][gc,ref       ] GC(885) Skipped phase2 of Reference Processing due to unavailable references
[819.758s][debug][gc,ref       ] GC(885) Skipped phase3 of Reference Processing due to unavailable references
[819.758s][debug][gc,ref       ] GC(885) Skipped phase4 of Reference Processing due to unavailable references
[819.758s][debug][gc,age       ] GC(885) Desired survivor size 15400960 bytes, new threshold 6 (max threshold 6)
[819.758s][info ][gc,heap      ] GC(885) ParNew: 245566K->3150K(270976K)
[819.758s][info ][gc,heap      ] GC(885) CMS: 344441K->344512K(602112K)
[819.758s][info ][gc,metaspace ] GC(885) Metaspace: 57599K->57599K(1101824K)
[819.758s][info ][gc           ] GC(885) Pause Young (Allocation Failure) 576M->339M(852M) 4.765ms
[819.758s][info ][gc,cpu       ] GC(885) User=0.02s Sys=0.00s Real=0.01s
[819.758s][info ][safepoint    ] Leaving safepoint region
[819.758s][info ][safepoint    ] Total time for which application threads were stopped: 0.0049201 seconds, Stopping threads took: 0.0000148 seconds
[820.629s][info ][safepoint    ] Application time: 0.8702444 seconds
[820.629s][info ][safepoint    ] Entering safepoint region: GenCollectForAllocation
[820.629s][info ][gc,start     ] GC(886) Pause Young (Allocation Failure)
[820.629s][info ][gc,task      ] GC(886) Using 4 workers of 4 for evacuation
[820.634s][debug][gc,ref       ] GC(886) Skipped phase1 of Reference Processing due to unavailable references
[820.634s][debug][gc,ref       ] GC(886) Skipped phase2 of Reference Processing due to unavailable references
[820.634s][debug][gc,ref       ] GC(886) Skipped phase3 of Reference Processing due to unavailable references
[820.634s][debug][gc,ref       ] GC(886) Skipped phase4 of Reference Processing due to unavailable references
[820.635s][debug][gc,age       ] GC(886) Desired survivor size 15400960 bytes, new threshold 6 (max threshold 6)
[820.635s][info ][gc,heap      ] GC(886) ParNew: 244046K->3755K(270976K)
[820.635s][info ][gc,heap      ] GC(886) CMS: 344512K->344682K(602112K)
[820.635s][info ][gc,metaspace ] GC(886) Metaspace: 57599K->57599K(1101824K)
[820.635s][info ][gc           ] GC(886) Pause Young (Allocation Failure) 574M->340M(852M) 5.866ms
[820.635s][info ][gc,cpu       ] GC(886) User=0.02s Sys=0.00s Real=0.00s
[820.635s][info ][safepoint    ] Leaving safepoint region
[820.635s][info ][safepoint    ] Total time for which application threads were stopped: 0.0060698 seconds, Stopping threads took: 0.0000137 seconds
[821.621s][info ][safepoint    ] Application time: 0.9857424 seconds
[821.621s][info ][safepoint    ] Entering safepoint region: GenCollectForAllocation
[821.621s][info ][gc,start     ] GC(887) Pause Young (Allocation Failure)
[821.621s][info ][gc,task      ] GC(887) Using 4 workers of 4 for evacuation
[821.625s][debug][gc,ref       ] GC(887) Skipped phase1 of Reference Processing due to unavailable references
[821.625s][debug][gc,ref       ] GC(887) Skipped phase2 of Reference Processing due to unavailable references
[821.625s][debug][gc,ref       ] GC(887) Skipped phase3 of Reference Processing due to unavailable references
[821.625s][debug][gc,ref       ] GC(887) Skipped phase4 of Reference Processing due to unavailable references
[821.625s][debug][gc,age       ] GC(887) Desired survivor size 15400960 bytes, new threshold 6 (max threshold 6)
[821.625s][info ][gc,heap      ] GC(887) ParNew: 244651K->4788K(270976K)
[821.625s][info ][gc,heap      ] GC(887) CMS: 344682K->344704K(602112K)
[821.625s][info ][gc,metaspace ] GC(887) Metaspace: 57599K->57599K(1101824K)
[821.625s][info ][gc           ] GC(887) Pause Young (Allocation Failure) 575M->341M(852M) 4.771ms
[821.625s][info ][gc,cpu       ] GC(887) User=0.02s Sys=0.00s Real=0.01s
[821.626s][info ][safepoint    ] Leaving safepoint region
[821.626s][info ][safepoint    ] Total time for which application threads were stopped: 0.0049152 seconds, Stopping threads took: 0.0000163 seconds
[822.625s][info ][safepoint    ] Application time: 0.9993126 seconds
[822.625s][info ][safepoint    ] Entering safepoint region: GenCollectForAllocation
[822.625s][info ][gc,start     ] GC(888) Pause Young (Allocation Failure)
[822.625s][info ][gc,task      ] GC(888) Using 4 workers of 4 for evacuation
[822.637s][debug][gc,ref       ] GC(888) Skipped phase1 of Reference Processing due to unavailable references
[822.637s][debug][gc,ref       ] GC(888) Skipped phase2 of Reference Processing due to unavailable references
[822.637s][debug][gc,ref       ] GC(888) Skipped phase3 of Reference Processing due to unavailable references
[822.637s][debug][gc,ref       ] GC(888) Skipped phase4 of Reference Processing due to unavailable references
[822.637s][debug][gc,age       ] GC(888) Desired survivor size 15400960 bytes, new threshold 6 (max threshold 6)
[822.637s][info ][gc,heap      ] GC(888) ParNew: 245684K->4331K(270976K)
[822.637s][info ][gc,heap      ] GC(888) CMS: 344704K->344945K(602112K)
[822.638s][info ][gc,metaspace ] GC(888) Metaspace: 57599K->57599K(1101824K)
[822.638s][info ][gc           ] GC(888) Pause Young (Allocation Failure) 576M->341M(852M) 12.558ms
[822.638s][info ][gc,cpu       ] GC(888) User=0.04s Sys=0.00s Real=0.01s
[822.638s][info ][safepoint    ] Leaving safepoint region
[822.638s][info ][safepoint    ] Total time for which application threads were stopped: 0.0127035 seconds, Stopping threads took: 0.0000139 seconds
[823.593s][info ][safepoint    ] Application time: 0.9552452 seconds
[823.593s][info ][safepoint    ] Entering safepoint region: GenCollectForAllocation
[823.593s][info ][gc,start     ] GC(889) Pause Young (Allocation Failure)
[823.593s][info ][gc,task      ] GC(889) Using 4 workers of 4 for evacuation
[823.598s][debug][gc,ref       ] GC(889) Skipped phase1 of Reference Processing due to unavailable references
[823.598s][debug][gc,ref       ] GC(889) Skipped phase2 of Reference Processing due to unavailable references
[823.598s][debug][gc,ref       ] GC(889) Skipped phase3 of Reference Processing due to unavailable references
[823.598s][debug][gc,ref       ] GC(889) Skipped phase4 of Reference Processing due to unavailable references
[823.598s][debug][gc,age       ] GC(889) Desired survivor size 15400960 bytes, new threshold 6 (max threshold 6)
[823.598s][info ][gc,heap      ] GC(889) ParNew: 245227K->5108K(270976K)
[823.598s][info ][gc,heap      ] GC(889) CMS: 344945K->345129K(602112K)
[823.598s][info ][gc,metaspace ] GC(889) Metaspace: 57601K->57601K(1101824K)
[823.598s][info ][gc           ] GC(889) Pause Young (Allocation Failure) 576M->342M(852M) 5.244ms
[823.598s][info ][gc,cpu       ] GC(889) User=0.02s Sys=0.00s Real=0.01s
[823.598s][info ][safepoint    ] Leaving safepoint region
[823.598s][info ][safepoint    ] Total time for which application threads were stopped: 0.0054179 seconds, Stopping threads took: 0.0000131 seconds
[824.559s][info ][safepoint    ] Application time: 0.9608435 seconds
[824.559s][info ][safepoint    ] Entering safepoint region: GenCollectForAllocation
[824.559s][info ][gc,start     ] GC(890) Pause Young (Allocation Failure)
[824.559s][info ][gc,task      ] GC(890) Using 4 workers of 4 for evacuation
[824.565s][debug][gc,ref       ] GC(890) Skipped phase1 of Reference Processing due to unavailable references
[824.565s][debug][gc,ref       ] GC(890) Skipped phase2 of Reference Processing due to unavailable references
[824.565s][debug][gc,ref       ] GC(890) Skipped phase3 of Reference Processing due to unavailable references
[824.565s][debug][gc,ref       ] GC(890) Skipped phase4 of Reference Processing due to unavailable references
[824.565s][debug][gc,age       ] GC(890) Desired survivor size 15400960 bytes, new threshold 6 (max threshold 6)
[824.565s][info ][gc,heap      ] GC(890) ParNew: 246004K->4676K(270976K)
[824.565s][info ][gc,heap      ] GC(890) CMS: 345129K->345137K(602112K)
[824.565s][info ][gc,metaspace ] GC(890) Metaspace: 57601K->57601K(1101824K)
[824.565s][info ][gc           ] GC(890) Pause Young (Allocation Failure) 577M->341M(852M) 6.086ms
[824.565s][info ][gc,cpu       ] GC(890) User=0.02s Sys=0.00s Real=0.01s
[824.565s][info ][safepoint    ] Leaving safepoint region
[824.565s][info ][safepoint    ] Total time for which application threads were stopped: 0.0062711 seconds, Stopping threads took: 0.0000135 seconds
[825.511s][info ][safepoint    ] Application time: 0.9453727 seconds
[825.511s][info ][safepoint    ] Entering safepoint region: GenCollectForAllocation
[825.511s][info ][gc,start     ] GC(891) Pause Young (Allocation Failure)
[825.511s][info ][gc,task      ] GC(891) Using 4 workers of 4 for evacuation
[825.516s][debug][gc,ref       ] GC(891) Skipped phase1 of Reference Processing due to unavailable references
[825.516s][debug][gc,ref       ] GC(891) Skipped phase2 of Reference Processing due to unavailable references
[825.516s][debug][gc,ref       ] GC(891) Skipped phase3 of Reference Processing due to unavailable references
[825.516s][debug][gc,ref       ] GC(891) Skipped phase4 of Reference Processing due to unavailable references
[825.516s][debug][gc,age       ] GC(891) Desired survivor size 15400960 bytes, new threshold 6 (max threshold 6)
[825.516s][info ][gc,heap      ] GC(891) ParNew: 245572K->4739K(270976K)
[825.516s][info ][gc,heap      ] GC(891) CMS: 345137K->345228K(602112K)
[825.516s][info ][gc,metaspace ] GC(891) Metaspace: 57601K->57601K(1101824K)
[825.516s][info ][gc           ] GC(891) Pause Young (Allocation Failure) 576M->341M(852M) 5.113ms
[825.516s][info ][gc,cpu       ] GC(891) User=0.02s Sys=0.00s Real=0.01s
[825.516s][info ][safepoint    ] Leaving safepoint region
[825.516s][info ][safepoint    ] Total time for which application threads were stopped: 0.0052746 seconds, Stopping threads took: 0.0000137 seconds
[826.478s][info ][safepoint    ] Application time: 0.9614053 seconds
[826.478s][info ][safepoint    ] Entering safepoint region: GenCollectForAllocation
[826.478s][info ][gc,start     ] GC(892) Pause Young (Allocation Failure)
[826.478s][info ][gc,task      ] GC(892) Using 4 workers of 4 for evacuation
[826.482s][debug][gc,ref       ] GC(892) Skipped phase1 of Reference Processing due to unavailable references
[826.482s][debug][gc,ref       ] GC(892) Skipped phase2 of Reference Processing due to unavailable references
[826.482s][debug][gc,ref       ] GC(892) Skipped phase3 of Reference Processing due to unavailable references
[826.482s][debug][gc,ref       ] GC(892) Skipped phase4 of Reference Processing due to unavailable references
[826.482s][debug][gc,age       ] GC(892) Desired survivor size 15400960 bytes, new threshold 6 (max threshold 6)
[826.482s][info ][gc,heap      ] GC(892) ParNew: 245635K->3969K(270976K)
[826.482s][info ][gc,heap      ] GC(892) CMS: 345228K->345260K(602112K)
[826.482s][info ][gc,metaspace ] GC(892) Metaspace: 57601K->57601K(1101824K)
[826.482s][info ][gc           ] GC(892) Pause Young (Allocation Failure) 577M->341M(852M) 4.635ms
[826.482s][info ][gc,cpu       ] GC(892) User=0.02s Sys=0.00s Real=0.00s
[826.482s][info ][safepoint    ] Leaving safepoint region
[826.482s][info ][safepoint    ] Total time for which application threads were stopped: 0.0047852 seconds, Stopping threads took: 0.0000140 seconds
[827.523s][info ][safepoint    ] Application time: 1.0401852 seconds
[827.523s][info ][safepoint    ] Entering safepoint region: GenCollectForAllocation
[827.523s][info ][gc,start     ] GC(893) Pause Young (Allocation Failure)
[827.523s][info ][gc,task      ] GC(893) Using 4 workers of 4 for evacuation
[827.527s][debug][gc,ref       ] GC(893) Skipped phase1 of Reference Processing due to unavailable references
[827.527s][debug][gc,ref       ] GC(893) Skipped phase2 of Reference Processing due to unavailable references
[827.527s][debug][gc,ref       ] GC(893) Skipped phase3 of Reference Processing due to unavailable references
[827.527s][debug][gc,ref       ] GC(893) Skipped phase4 of Reference Processing due to unavailable references
[827.527s][debug][gc,age       ] GC(893) Desired survivor size 15400960 bytes, new threshold 6 (max threshold 6)
[827.527s][info ][gc,heap      ] GC(893) ParNew: 244865K->3739K(270976K)
[827.527s][info ][gc,heap      ] GC(893) CMS: 345260K->345517K(602112K)
[827.527s][info ][gc,metaspace ] GC(893) Metaspace: 57602K->57602K(1101824K)
[827.528s][info ][gc           ] GC(893) Pause Young (Allocation Failure) 576M->341M(852M) 4.850ms
[827.528s][info ][gc,cpu       ] GC(893) User=0.01s Sys=0.00s Real=0.01s
[827.528s][info ][safepoint    ] Leaving safepoint region
[827.528s][info ][safepoint    ] Total time for which application threads were stopped: 0.0049896 seconds, Stopping threads took: 0.0000130 seconds
[828.560s][info ][safepoint    ] Application time: 1.0323143 seconds
[828.560s][info ][safepoint    ] Entering safepoint region: GenCollectForAllocation
[828.560s][info ][gc,start     ] GC(894) Pause Young (Allocation Failure)
[828.560s][info ][gc,task      ] GC(894) Using 4 workers of 4 for evacuation
[828.565s][debug][gc,ref       ] GC(894) Skipped phase1 of Reference Processing due to unavailable references
[828.565s][debug][gc,ref       ] GC(894) Skipped phase2 of Reference Processing due to unavailable references
[828.565s][debug][gc,ref       ] GC(894) Skipped phase3 of Reference Processing due to unavailable references
[828.565s][debug][gc,ref       ] GC(894) Skipped phase4 of Reference Processing due to unavailable references
[828.565s][debug][gc,age       ] GC(894) Desired survivor size 15400960 bytes, new threshold 6 (max threshold 6)
[828.565s][info ][gc,heap      ] GC(894) ParNew: 244635K->4381K(270976K)
[828.565s][info ][gc,heap      ] GC(894) CMS: 345517K->345696K(602112K)
[828.565s][info ][gc,metaspace ] GC(894) Metaspace: 57602K->57602K(1101824K)
[828.565s][info ][gc           ] GC(894) Pause Young (Allocation Failure) 576M->341M(852M) 4.721ms
[828.565s][info ][gc,cpu       ] GC(894) User=0.02s Sys=0.00s Real=0.01s
[828.565s][info ][safepoint    ] Leaving safepoint region
[828.565s][info ][safepoint    ] Total time for which application threads were stopped: 0.0048878 seconds, Stopping threads took: 0.0000149 seconds
[829.430s][info ][safepoint    ] Application time: 0.8653910 seconds
[829.430s][info ][safepoint    ] Entering safepoint region: GenCollectForAllocation
[829.430s][info ][gc,start     ] GC(895) Pause Young (Allocation Failure)
[829.430s][info ][gc,task      ] GC(895) Using 4 workers of 4 for evacuation
[829.435s][debug][gc,ref       ] GC(895) Skipped phase1 of Reference Processing due to unavailable references
[829.435s][debug][gc,ref       ] GC(895) Skipped phase2 of Reference Processing due to unavailable references
[829.435s][debug][gc,ref       ] GC(895) Skipped phase3 of Reference Processing due to unavailable references
[829.435s][debug][gc,ref       ] GC(895) Skipped phase4 of Reference Processing due to unavailable references
[829.436s][debug][gc,age       ] GC(895) Desired survivor size 15400960 bytes, new threshold 6 (max threshold 6)
[829.436s][info ][gc,heap      ] GC(895) ParNew: 245277K->4445K(270976K)
[829.436s][info ][gc,heap      ] GC(895) CMS: 345696K->345977K(602112K)
[829.436s][info ][gc,metaspace ] GC(895) Metaspace: 57602K->57602K(1101824K)
[829.436s][info ][gc           ] GC(895) Pause Young (Allocation Failure) 577M->342M(852M) 5.326ms
[829.436s][info ][gc,cpu       ] GC(895) User=0.02s Sys=0.00s Real=0.01s
[829.436s][info ][safepoint    ] Leaving safepoint region
[829.436s][info ][safepoint    ] Total time for which application threads were stopped: 0.0054734 seconds, Stopping threads took: 0.0000145 seconds
[830.393s][info ][safepoint    ] Application time: 0.9575255 seconds
[830.393s][info ][safepoint    ] Entering safepoint region: GenCollectForAllocation
[830.393s][info ][gc,start     ] GC(896) Pause Young (Allocation Failure)
[830.393s][info ][gc,task      ] GC(896) Using 4 workers of 4 for evacuation
[830.401s][debug][gc,ref       ] GC(896) Skipped phase1 of Reference Processing due to unavailable references
[830.401s][debug][gc,ref       ] GC(896) Skipped phase2 of Reference Processing due to unavailable references
[830.401s][debug][gc,ref       ] GC(896) Skipped phase3 of Reference Processing due to unavailable references
[830.401s][debug][gc,ref       ] GC(896) Skipped phase4 of Reference Processing due to unavailable references
[830.401s][debug][gc,age       ] GC(896) Desired survivor size 15400960 bytes, new threshold 6 (max threshold 6)
[830.401s][info ][gc,heap      ] GC(896) ParNew: 245341K->5241K(270976K)
[830.401s][info ][gc,heap      ] GC(896) CMS: 345977K->346241K(602112K)
[830.401s][info ][gc,metaspace ] GC(896) Metaspace: 57603K->57603K(1101824K)
[830.401s][info ][gc           ] GC(896) Pause Young (Allocation Failure) 577M->343M(852M) 7.771ms
[830.401s][info ][gc,cpu       ] GC(896) User=0.02s Sys=0.00s Real=0.01s
[830.401s][info ][safepoint    ] Leaving safepoint region
[830.401s][info ][safepoint    ] Total time for which application threads were stopped: 0.0079282 seconds, Stopping threads took: 0.0000229 seconds
[831.376s][info ][safepoint    ] Application time: 0.9751756 seconds
[831.376s][info ][safepoint    ] Entering safepoint region: GenCollectForAllocation
[831.376s][info ][gc,start     ] GC(897) Pause Young (Allocation Failure)
[831.377s][info ][gc,task      ] GC(897) Using 4 workers of 4 for evacuation
[831.387s][debug][gc,ref       ] GC(897) Skipped phase1 of Reference Processing due to unavailable references
[831.388s][debug][gc,ref       ] GC(897) Skipped phase2 of Reference Processing due to unavailable references
[831.388s][debug][gc,ref       ] GC(897) Skipped phase3 of Reference Processing due to unavailable references
[831.388s][debug][gc,ref       ] GC(897) Skipped phase4 of Reference Processing due to unavailable references
[831.388s][debug][gc,age       ] GC(897) Desired survivor size 15400960 bytes, new threshold 6 (max threshold 6)
[831.388s][info ][gc,heap      ] GC(897) ParNew: 246137K->3734K(270976K)
[831.388s][info ][gc,heap      ] GC(897) CMS: 346241K->346353K(602112K)
[831.388s][info ][gc,metaspace ] GC(897) Metaspace: 57603K->57603K(1101824K)
[831.388s][info ][gc           ] GC(897) Pause Young (Allocation Failure) 578M->341M(852M) 11.204ms
[831.388s][info ][gc,cpu       ] GC(897) User=0.02s Sys=0.00s Real=0.01s
[831.388s][info ][safepoint    ] Leaving safepoint region
[831.388s][info ][safepoint    ] Total time for which application threads were stopped: 0.0113616 seconds, Stopping threads took: 0.0000243 seconds
[832.326s][info ][safepoint    ] Application time: 0.9383279 seconds
[832.326s][info ][safepoint    ] Entering safepoint region: GenCollectForAllocation
[832.326s][info ][gc,start     ] GC(898) Pause Young (Allocation Failure)
[832.326s][info ][gc,task      ] GC(898) Using 4 workers of 4 for evacuation
[832.336s][debug][gc,ref       ] GC(898) Skipped phase1 of Reference Processing due to unavailable references
[832.336s][debug][gc,ref       ] GC(898) Skipped phase2 of Reference Processing due to unavailable references
[832.336s][debug][gc,ref       ] GC(898) Skipped phase3 of Reference Processing due to unavailable references
[832.336s][debug][gc,ref       ] GC(898) Skipped phase4 of Reference Processing due to unavailable references
[832.336s][debug][gc,age       ] GC(898) Desired survivor size 15400960 bytes, new threshold 6 (max threshold 6)
[832.336s][info ][gc,heap      ] GC(898) ParNew: 244630K->3765K(270976K)
[832.336s][info ][gc,heap      ] GC(898) CMS: 346353K->346408K(602112K)
[832.336s][info ][gc,metaspace ] GC(898) Metaspace: 57614K->57614K(1101824K)
[832.336s][info ][gc           ] GC(898) Pause Young (Allocation Failure) 577M->341M(852M) 9.578ms
[832.336s][info ][gc,cpu       ] GC(898) User=0.02s Sys=0.00s Real=0.01s
[832.336s][info ][safepoint    ] Leaving safepoint region
[832.336s][info ][safepoint    ] Total time for which application threads were stopped: 0.0097161 seconds, Stopping threads took: 0.0000140 seconds
[833.290s][info ][safepoint    ] Application time: 0.9546229 seconds
[833.290s][info ][safepoint    ] Entering safepoint region: GenCollectForAllocation
[833.291s][info ][gc,start     ] GC(899) Pause Young (Allocation Failure)
[833.291s][info ][gc,task      ] GC(899) Using 4 workers of 4 for evacuation
[833.299s][debug][gc,ref       ] GC(899) Skipped phase1 of Reference Processing due to unavailable references
[833.299s][debug][gc,ref       ] GC(899) Skipped phase2 of Reference Processing due to unavailable references
[833.299s][debug][gc,ref       ] GC(899) Skipped phase3 of Reference Processing due to unavailable references
[833.299s][debug][gc,ref       ] GC(899) Skipped phase4 of Reference Processing due to unavailable references
[833.300s][debug][gc,age       ] GC(899) Desired survivor size 15400960 bytes, new threshold 6 (max threshold 6)
[833.300s][info ][gc,heap      ] GC(899) ParNew: 244661K->4345K(270976K)
[833.300s][info ][gc,heap      ] GC(899) CMS: 346408K->346507K(602112K)
[833.300s][info ][gc,metaspace ] GC(899) Metaspace: 57614K->57614K(1101824K)
[833.300s][info ][gc           ] GC(899) Pause Young (Allocation Failure) 577M->342M(852M) 9.074ms
[833.300s][info ][gc,cpu       ] GC(899) User=0.02s Sys=0.00s Real=0.01s
[833.300s][info ][safepoint    ] Leaving safepoint region
[833.300s][info ][safepoint    ] Total time for which application threads were stopped: 0.0092438 seconds, Stopping threads took: 0.0000142 seconds
[834.214s][info ][safepoint    ] Application time: 0.9144293 seconds
[834.214s][info ][safepoint    ] Entering safepoint region: GenCollectForAllocation
[834.214s][info ][gc,start     ] GC(900) Pause Young (Allocation Failure)
[834.214s][info ][gc,task      ] GC(900) Using 4 workers of 4 for evacuation
[834.224s][debug][gc,ref       ] GC(900) Skipped phase1 of Reference Processing due to unavailable references
[834.224s][debug][gc,ref       ] GC(900) Skipped phase2 of Reference Processing due to unavailable references
[834.224s][debug][gc,ref       ] GC(900) Skipped phase3 of Reference Processing due to unavailable references
[834.224s][debug][gc,ref       ] GC(900) Skipped phase4 of Reference Processing due to unavailable references
[834.224s][debug][gc,age       ] GC(900) Desired survivor size 15400960 bytes, new threshold 6 (max threshold 6)
[834.224s][info ][gc,heap      ] GC(900) ParNew: 245241K->4221K(270976K)
[834.224s][info ][gc,heap      ] GC(900) CMS: 346507K->346528K(602112K)
[834.224s][info ][gc,metaspace ] GC(900) Metaspace: 57614K->57614K(1101824K)
[834.224s][info ][gc           ] GC(900) Pause Young (Allocation Failure) 577M->342M(852M) 9.468ms
[834.224s][info ][gc,cpu       ] GC(900) User=0.02s Sys=0.00s Real=0.02s
[834.224s][info ][safepoint    ] Leaving safepoint region
[834.224s][info ][safepoint    ] Total time for which application threads were stopped: 0.0096329 seconds, Stopping threads took: 0.0000322 seconds
[835.103s][info ][safepoint    ] Application time: 0.8787876 seconds
[835.103s][info ][safepoint    ] Entering safepoint region: GenCollectForAllocation
[835.103s][info ][gc,start     ] GC(901) Pause Young (Allocation Failure)
[835.103s][info ][gc,task      ] GC(901) Using 4 workers of 4 for evacuation
[835.111s][debug][gc,ref       ] GC(901) Skipped phase1 of Reference Processing due to unavailable references
[835.111s][debug][gc,ref       ] GC(901) Skipped phase2 of Reference Processing due to unavailable references
[835.111s][debug][gc,ref       ] GC(901) Skipped phase3 of Reference Processing due to unavailable references
[835.111s][debug][gc,ref       ] GC(901) Skipped phase4 of Reference Processing due to unavailable references
[835.112s][debug][gc,age       ] GC(901) Desired survivor size 15400960 bytes, new threshold 6 (max threshold 6)
[835.112s][info ][gc,heap      ] GC(901) ParNew: 245117K->4412K(270976K)
[835.112s][info ][gc,heap      ] GC(901) CMS: 346528K->346583K(602112K)
[835.112s][info ][gc,metaspace ] GC(901) Metaspace: 57615K->57615K(1101824K)
[835.112s][info ][gc           ] GC(901) Pause Young (Allocation Failure) 577M->342M(852M) 8.928ms
[835.112s][info ][gc,cpu       ] GC(901) User=0.02s Sys=0.00s Real=0.01s
[835.112s][info ][safepoint    ] Leaving safepoint region
[835.112s][info ][safepoint    ] Total time for which application threads were stopped: 0.0090671 seconds, Stopping threads took: 0.0000134 seconds
[836.096s][info ][safepoint    ] Application time: 0.9846221 seconds
[836.096s][info ][safepoint    ] Entering safepoint region: GenCollectForAllocation
[836.096s][info ][gc,start     ] GC(902) Pause Young (Allocation Failure)
[836.097s][info ][gc,task      ] GC(902) Using 4 workers of 4 for evacuation
[836.101s][debug][gc,ref       ] GC(902) Skipped phase1 of Reference Processing due to unavailable references
[836.101s][debug][gc,ref       ] GC(902) Skipped phase2 of Reference Processing due to unavailable references
[836.101s][debug][gc,ref       ] GC(902) Skipped phase3 of Reference Processing due to unavailable references
[836.101s][debug][gc,ref       ] GC(902) Skipped phase4 of Reference Processing due to unavailable references
[836.101s][debug][gc,age       ] GC(902) Desired survivor size 15400960 bytes, new threshold 6 (max threshold 6)
[836.101s][info ][gc,heap      ] GC(902) ParNew: 245308K->3730K(270976K)
[836.101s][info ][gc,heap      ] GC(902) CMS: 346583K->346607K(602112K)
[836.101s][info ][gc,metaspace ] GC(902) Metaspace: 57615K->57615K(1101824K)
[836.101s][info ][gc           ] GC(902) Pause Young (Allocation Failure) 578M->342M(852M) 4.902ms
[836.101s][info ][gc,cpu       ] GC(902) User=0.01s Sys=0.00s Real=0.00s
[836.101s][info ][safepoint    ] Leaving safepoint region
[836.101s][info ][safepoint    ] Total time for which application threads were stopped: 0.0050706 seconds, Stopping threads took: 0.0000380 seconds
[837.030s][info ][safepoint    ] Application time: 0.9285826 seconds
[837.030s][info ][safepoint    ] Entering safepoint region: GenCollectForAllocation
[837.030s][info ][gc,start     ] GC(903) Pause Young (Allocation Failure)
[837.030s][info ][gc,task      ] GC(903) Using 4 workers of 4 for evacuation
[837.037s][debug][gc,ref       ] GC(903) Skipped phase1 of Reference Processing due to unavailable references
[837.037s][debug][gc,ref       ] GC(903) Skipped phase2 of Reference Processing due to unavailable references
[837.037s][debug][gc,ref       ] GC(903) Skipped phase3 of Reference Processing due to unavailable references
[837.037s][debug][gc,ref       ] GC(903) Skipped phase4 of Reference Processing due to unavailable references
[837.037s][debug][gc,age       ] GC(903) Desired survivor size 15400960 bytes, new threshold 6 (max threshold 6)
[837.037s][info ][gc,heap      ] GC(903) ParNew: 244626K->4521K(270976K)
[837.037s][info ][gc,heap      ] GC(903) CMS: 346607K->346690K(602112K)
[837.037s][info ][gc,metaspace ] GC(903) Metaspace: 57621K->57621K(1101824K)
[837.037s][info ][gc           ] GC(903) Pause Young (Allocation Failure) 577M->342M(852M) 6.677ms
[837.037s][info ][gc,cpu       ] GC(903) User=0.01s Sys=0.00s Real=0.01s
[837.037s][info ][safepoint    ] Leaving safepoint region
[837.037s][info ][safepoint    ] Total time for which application threads were stopped: 0.0069023 seconds, Stopping threads took: 0.0000140 seconds
[837.880s][info ][safepoint    ] Application time: 0.8434606 seconds
[837.880s][info ][safepoint    ] Entering safepoint region: GenCollectForAllocation
[837.881s][info ][gc,start     ] GC(904) Pause Young (Allocation Failure)
[837.881s][info ][gc,task      ] GC(904) Using 4 workers of 4 for evacuation
[837.891s][debug][gc,ref       ] GC(904) Skipped phase1 of Reference Processing due to unavailable references
[837.892s][debug][gc,ref       ] GC(904) Skipped phase2 of Reference Processing due to unavailable references
[837.892s][debug][gc,ref       ] GC(904) Skipped phase3 of Reference Processing due to unavailable references
[837.892s][debug][gc,ref       ] GC(904) Skipped phase4 of Reference Processing due to unavailable references
[837.892s][debug][gc,age       ] GC(904) Desired survivor size 15400960 bytes, new threshold 6 (max threshold 6)
[837.892s][info ][gc,heap      ] GC(904) ParNew: 245417K->3501K(270976K)
[837.892s][info ][gc,heap      ] GC(904) CMS: 346690K->346775K(602112K)
[837.892s][info ][gc,metaspace ] GC(904) Metaspace: 57629K->57629K(1101824K)
[837.892s][info ][gc           ] GC(904) Pause Young (Allocation Failure) 578M->342M(852M) 11.103ms
[837.892s][info ][gc,cpu       ] GC(904) User=0.02s Sys=0.00s Real=0.01s
[837.892s][info ][safepoint    ] Leaving safepoint region
[837.892s][info ][safepoint    ] Total time for which application threads were stopped: 0.0113040 seconds, Stopping threads took: 0.0000148 seconds
[838.829s][info ][safepoint    ] Application time: 0.9376107 seconds
[838.829s][info ][safepoint    ] Entering safepoint region: GenCollectForAllocation
[838.830s][info ][gc,start     ] GC(905) Pause Young (Allocation Failure)
[838.830s][info ][gc,task      ] GC(905) Using 4 workers of 4 for evacuation
[838.845s][debug][gc,ref       ] GC(905) Skipped phase1 of Reference Processing due to unavailable references
[838.845s][debug][gc,ref       ] GC(905) Skipped phase2 of Reference Processing due to unavailable references
[838.845s][debug][gc,ref       ] GC(905) Skipped phase3 of Reference Processing due to unavailable references
[838.845s][debug][gc,ref       ] GC(905) Skipped phase4 of Reference Processing due to unavailable references
[838.845s][debug][gc,age       ] GC(905) Desired survivor size 15400960 bytes, new threshold 6 (max threshold 6)
[838.845s][info ][gc,heap      ] GC(905) ParNew: 244397K->3627K(270976K)
[838.845s][info ][gc,heap      ] GC(905) CMS: 346775K->346921K(602112K)
[838.845s][info ][gc,metaspace ] GC(905) Metaspace: 57629K->57629K(1101824K)
[838.845s][info ][gc           ] GC(905) Pause Young (Allocation Failure) 577M->342M(852M) 15.842ms
[838.845s][info ][gc,cpu       ] GC(905) User=0.04s Sys=0.00s Real=0.02s
[838.845s][info ][safepoint    ] Leaving safepoint region
[838.845s][info ][safepoint    ] Total time for which application threads were stopped: 0.0160831 seconds, Stopping threads took: 0.0000745 seconds
[839.871s][info ][safepoint    ] Application time: 1.0258895 seconds
[839.871s][info ][safepoint    ] Entering safepoint region: GenCollectForAllocation
[839.872s][info ][gc,start     ] GC(906) Pause Young (Allocation Failure)
[839.872s][info ][gc,task      ] GC(906) Using 4 workers of 4 for evacuation
[839.886s][debug][gc,ref       ] GC(906) Skipped phase1 of Reference Processing due to unavailable references
[839.886s][debug][gc,ref       ] GC(906) Skipped phase2 of Reference Processing due to unavailable references
[839.886s][debug][gc,ref       ] GC(906) Skipped phase3 of Reference Processing due to unavailable references
[839.886s][debug][gc,ref       ] GC(906) Skipped phase4 of Reference Processing due to unavailable references
[839.886s][debug][gc,age       ] GC(906) Desired survivor size 15400960 bytes, new threshold 6 (max threshold 6)
[839.886s][info ][gc,heap      ] GC(906) ParNew: 244523K->3585K(270976K)
[839.886s][info ][gc,heap      ] GC(906) CMS: 346921K->347004K(602112K)
[839.886s][info ][gc,metaspace ] GC(906) Metaspace: 57629K->57629K(1101824K)
[839.886s][info ][gc           ] GC(906) Pause Young (Allocation Failure) 577M->342M(852M) 14.710ms
[839.886s][info ][gc,cpu       ] GC(906) User=0.02s Sys=0.01s Real=0.02s
[839.886s][info ][safepoint    ] Leaving safepoint region
[839.886s][info ][safepoint    ] Total time for which application threads were stopped: 0.0148753 seconds, Stopping threads took: 0.0000283 seconds
[840.861s][info ][safepoint    ] Application time: 0.9744282 seconds
[840.861s][info ][safepoint    ] Entering safepoint region: GenCollectForAllocation
[840.861s][info ][gc,start     ] GC(907) Pause Young (Allocation Failure)
[840.861s][info ][gc,task      ] GC(907) Using 4 workers of 4 for evacuation
[840.869s][debug][gc,ref       ] GC(907) Skipped phase1 of Reference Processing due to unavailable references
[840.869s][debug][gc,ref       ] GC(907) Skipped phase2 of Reference Processing due to unavailable references
[840.869s][debug][gc,ref       ] GC(907) Skipped phase3 of Reference Processing due to unavailable references
[840.869s][debug][gc,ref       ] GC(907) Skipped phase4 of Reference Processing due to unavailable references
[840.869s][debug][gc,age       ] GC(907) Desired survivor size 15400960 bytes, new threshold 6 (max threshold 6)
[840.869s][info ][gc,heap      ] GC(907) ParNew: 244481K->4216K(270976K)
[840.869s][info ][gc,heap      ] GC(907) CMS: 347004K->347085K(602112K)
[840.869s][info ][gc,metaspace ] GC(907) Metaspace: 57629K->57629K(1101824K)
[840.869s][info ][gc           ] GC(907) Pause Young (Allocation Failure) 577M->343M(852M) 8.393ms
[840.869s][info ][gc,cpu       ] GC(907) User=0.01s Sys=0.00s Real=0.01s
[840.869s][info ][safepoint    ] Leaving safepoint region
[840.869s][info ][safepoint    ] Total time for which application threads were stopped: 0.0085600 seconds, Stopping threads took: 0.0000134 seconds
[841.698s][info ][safepoint    ] Application time: 0.8291612 seconds
[841.699s][info ][safepoint    ] Entering safepoint region: GenCollectForAllocation
[841.699s][info ][gc,start     ] GC(908) Pause Young (Allocation Failure)
[841.699s][info ][gc,task      ] GC(908) Using 4 workers of 4 for evacuation
[841.703s][debug][gc,ref       ] GC(908) Skipped phase1 of Reference Processing due to unavailable references
[841.703s][debug][gc,ref       ] GC(908) Skipped phase2 of Reference Processing due to unavailable references
[841.703s][debug][gc,ref       ] GC(908) Skipped phase3 of Reference Processing due to unavailable references
[841.703s][debug][gc,ref       ] GC(908) Skipped phase4 of Reference Processing due to unavailable references
[841.703s][debug][gc,age       ] GC(908) Desired survivor size 15400960 bytes, new threshold 6 (max threshold 6)
[841.703s][info ][gc,heap      ] GC(908) ParNew: 245112K->3633K(270976K)
[841.703s][info ][gc,heap      ] GC(908) CMS: 347085K->347200K(602112K)
[841.703s][info ][gc,metaspace ] GC(908) Metaspace: 57631K->57631K(1101824K)
[841.703s][info ][gc           ] GC(908) Pause Young (Allocation Failure) 578M->342M(852M) 4.808ms
[841.703s][info ][gc,cpu       ] GC(908) User=0.02s Sys=0.00s Real=0.01s
[841.703s][info ][safepoint    ] Leaving safepoint region
[841.703s][info ][safepoint    ] Total time for which application threads were stopped: 0.0049617 seconds, Stopping threads took: 0.0000145 seconds
[842.682s][info ][safepoint    ] Application time: 0.9789991 seconds
[842.683s][info ][safepoint    ] Entering safepoint region: GenCollectForAllocation
[842.683s][info ][gc,start     ] GC(909) Pause Young (Allocation Failure)
[842.683s][info ][gc,task      ] GC(909) Using 4 workers of 4 for evacuation
[842.688s][debug][gc,ref       ] GC(909) Skipped phase1 of Reference Processing due to unavailable references
[842.688s][debug][gc,ref       ] GC(909) Skipped phase2 of Reference Processing due to unavailable references
[842.688s][debug][gc,ref       ] GC(909) Skipped phase3 of Reference Processing due to unavailable references
[842.688s][debug][gc,ref       ] GC(909) Skipped phase4 of Reference Processing due to unavailable references
[842.688s][debug][gc,age       ] GC(909) Desired survivor size 15400960 bytes, new threshold 6 (max threshold 6)
[842.688s][info ][gc,heap      ] GC(909) ParNew: 244529K->3520K(270976K)
[842.688s][info ][gc,heap      ] GC(909) CMS: 347200K->347327K(602112K)
[842.688s][info ][gc,metaspace ] GC(909) Metaspace: 57631K->57631K(1101824K)
[842.688s][info ][gc           ] GC(909) Pause Young (Allocation Failure) 577M->342M(852M) 5.127ms
[842.688s][info ][gc,cpu       ] GC(909) User=0.02s Sys=0.00s Real=0.01s
[842.688s][info ][safepoint    ] Leaving safepoint region
[842.688s][info ][safepoint    ] Total time for which application threads were stopped: 0.0052905 seconds, Stopping threads took: 0.0000144 seconds
[843.688s][info ][safepoint    ] Application time: 1.0000941 seconds
[843.688s][info ][safepoint    ] Entering safepoint region: Cleanup
[843.688s][info ][safepoint    ] Leaving safepoint region
[843.688s][info ][safepoint    ] Total time for which application threads were stopped: 0.0000700 seconds, Stopping threads took: 0.0000148 seconds
[843.704s][info ][safepoint    ] Application time: 0.0160775 seconds
[843.704s][info ][safepoint    ] Entering safepoint region: GenCollectForAllocation
[843.704s][info ][gc,start     ] GC(910) Pause Young (Allocation Failure)
[843.704s][info ][gc,task      ] GC(910) Using 4 workers of 4 for evacuation
[843.709s][debug][gc,ref       ] GC(910) Skipped phase1 of Reference Processing due to unavailable references
[843.709s][debug][gc,ref       ] GC(910) Skipped phase2 of Reference Processing due to unavailable references
[843.709s][debug][gc,ref       ] GC(910) Skipped phase3 of Reference Processing due to unavailable references
[843.709s][debug][gc,ref       ] GC(910) Skipped phase4 of Reference Processing due to unavailable references
[843.709s][debug][gc,age       ] GC(910) Desired survivor size 15400960 bytes, new threshold 6 (max threshold 6)
[843.709s][info ][gc,heap      ] GC(910) ParNew: 244416K->3501K(270976K)
[843.709s][info ][gc,heap      ] GC(910) CMS: 347327K->347431K(602112K)
[843.709s][info ][gc,metaspace ] GC(910) Metaspace: 57635K->57635K(1101824K)
[843.709s][info ][gc           ] GC(910) Pause Young (Allocation Failure) 577M->342M(852M) 4.808ms
[843.709s][info ][gc,cpu       ] GC(910) User=0.01s Sys=0.00s Real=0.00s
[843.709s][info ][safepoint    ] Leaving safepoint region
[843.709s][info ][safepoint    ] Total time for which application threads were stopped: 0.0049659 seconds, Stopping threads took: 0.0000131 seconds
[844.626s][info ][safepoint    ] Application time: 0.9171337 seconds
[844.626s][info ][safepoint    ] Entering safepoint region: GenCollectForAllocation
[844.626s][info ][gc,start     ] GC(911) Pause Young (Allocation Failure)
[844.626s][info ][gc,task      ] GC(911) Using 4 workers of 4 for evacuation
[844.632s][debug][gc,ref       ] GC(911) Skipped phase1 of Reference Processing due to unavailable references
[844.632s][debug][gc,ref       ] GC(911) Skipped phase2 of Reference Processing due to unavailable references
[844.632s][debug][gc,ref       ] GC(911) Skipped phase3 of Reference Processing due to unavailable references
[844.632s][debug][gc,ref       ] GC(911) Skipped phase4 of Reference Processing due to unavailable references
[844.632s][debug][gc,age       ] GC(911) Desired survivor size 15400960 bytes, new threshold 6 (max threshold 6)
[844.632s][info ][gc,heap      ] GC(911) ParNew: 244397K->3447K(270976K)
[844.632s][info ][gc,heap      ] GC(911) CMS: 347431K->347767K(602112K)
[844.632s][info ][gc,metaspace ] GC(911) Metaspace: 57635K->57635K(1101824K)
[844.632s][info ][gc           ] GC(911) Pause Young (Allocation Failure) 577M->342M(852M) 6.033ms
[844.632s][info ][gc,cpu       ] GC(911) User=0.02s Sys=0.00s Real=0.00s
[844.632s][info ][safepoint    ] Leaving safepoint region
[844.632s][info ][safepoint    ] Total time for which application threads were stopped: 0.0061964 seconds, Stopping threads took: 0.0000168 seconds
[845.528s][info ][safepoint    ] Application time: 0.8952243 seconds
[845.528s][info ][safepoint    ] Entering safepoint region: GenCollectForAllocation
[845.528s][info ][gc,start     ] GC(912) Pause Young (Allocation Failure)
[845.528s][info ][gc,task      ] GC(912) Using 4 workers of 4 for evacuation
[845.533s][debug][gc,ref       ] GC(912) Skipped phase1 of Reference Processing due to unavailable references
[845.533s][debug][gc,ref       ] GC(912) Skipped phase2 of Reference Processing due to unavailable references
[845.533s][debug][gc,ref       ] GC(912) Skipped phase3 of Reference Processing due to unavailable references
[845.533s][debug][gc,ref       ] GC(912) Skipped phase4 of Reference Processing due to unavailable references
[845.533s][debug][gc,age       ] GC(912) Desired survivor size 15400960 bytes, new threshold 6 (max threshold 6)
[845.533s][info ][gc,heap      ] GC(912) ParNew: 244343K->3241K(270976K)
[845.533s][info ][gc,heap      ] GC(912) CMS: 347767K->347888K(602112K)
[845.533s][info ][gc,metaspace ] GC(912) Metaspace: 57635K->57635K(1101824K)
[845.533s][info ][gc           ] GC(912) Pause Young (Allocation Failure) 578M->342M(852M) 5.401ms
[845.533s][info ][gc,cpu       ] GC(912) User=0.02s Sys=0.00s Real=0.00s
[845.533s][info ][safepoint    ] Leaving safepoint region
[845.533s][info ][safepoint    ] Total time for which application threads were stopped: 0.0056188 seconds, Stopping threads took: 0.0000646 seconds
[846.386s][info ][safepoint    ] Application time: 0.8525954 seconds
[846.386s][info ][safepoint    ] Entering safepoint region: GenCollectForAllocation
[846.386s][info ][gc,start     ] GC(913) Pause Young (Allocation Failure)
[846.386s][info ][gc,task      ] GC(913) Using 4 workers of 4 for evacuation
[846.391s][debug][gc,ref       ] GC(913) Skipped phase1 of Reference Processing due to unavailable references
[846.391s][debug][gc,ref       ] GC(913) Skipped phase2 of Reference Processing due to unavailable references
[846.391s][debug][gc,ref       ] GC(913) Skipped phase3 of Reference Processing due to unavailable references
[846.391s][debug][gc,ref       ] GC(913) Skipped phase4 of Reference Processing due to unavailable references
[846.391s][debug][gc,age       ] GC(913) Desired survivor size 15400960 bytes, new threshold 6 (max threshold 6)
[846.391s][info ][gc,heap      ] GC(913) ParNew: 244137K->3961K(270976K)
[846.391s][info ][gc,heap      ] GC(913) CMS: 347888K->347977K(602112K)
[846.391s][info ][gc,metaspace ] GC(913) Metaspace: 57635K->57635K(1101824K)
[846.391s][info ][gc           ] GC(913) Pause Young (Allocation Failure) 578M->343M(852M) 5.281ms
[846.391s][info ][gc,cpu       ] GC(913) User=0.02s Sys=0.00s Real=0.00s
[846.391s][info ][safepoint    ] Leaving safepoint region
[846.391s][info ][safepoint    ] Total time for which application threads were stopped: 0.0055009 seconds, Stopping threads took: 0.0000812 seconds
[847.233s][info ][safepoint    ] Application time: 0.8415041 seconds
[847.233s][info ][safepoint    ] Entering safepoint region: GenCollectForAllocation
[847.233s][info ][gc,start     ] GC(914) Pause Young (Allocation Failure)
[847.233s][info ][gc,task      ] GC(914) Using 4 workers of 4 for evacuation
[847.240s][debug][gc,ref       ] GC(914) Skipped phase1 of Reference Processing due to unavailable references
[847.240s][debug][gc,ref       ] GC(914) Skipped phase2 of Reference Processing due to unavailable references
[847.240s][debug][gc,ref       ] GC(914) Skipped phase3 of Reference Processing due to unavailable references
[847.240s][debug][gc,ref       ] GC(914) Skipped phase4 of Reference Processing due to unavailable references
[847.240s][debug][gc,age       ] GC(914) Desired survivor size 15400960 bytes, new threshold 6 (max threshold 6)
[847.240s][info ][gc,heap      ] GC(914) ParNew: 244857K->4273K(270976K)
[847.240s][info ][gc,heap      ] GC(914) CMS: 347977K->348096K(602112K)
[847.241s][info ][gc,metaspace ] GC(914) Metaspace: 57635K->57635K(1101824K)
[847.241s][info ][gc           ] GC(914) Pause Young (Allocation Failure) 578M->344M(852M) 7.439ms
[847.241s][info ][gc,cpu       ] GC(914) User=0.02s Sys=0.00s Real=0.01s
[847.241s][info ][safepoint    ] Leaving safepoint region
[847.241s][info ][safepoint    ] Total time for which application threads were stopped: 0.0075927 seconds, Stopping threads took: 0.0000147 seconds
[848.171s][info ][safepoint    ] Application time: 0.9307401 seconds
[848.171s][info ][safepoint    ] Entering safepoint region: GenCollectForAllocation
[848.172s][info ][gc,start     ] GC(915) Pause Young (Allocation Failure)
[848.172s][info ][gc,task      ] GC(915) Using 4 workers of 4 for evacuation
[848.184s][debug][gc,ref       ] GC(915) Skipped phase1 of Reference Processing due to unavailable references
[848.184s][debug][gc,ref       ] GC(915) Skipped phase2 of Reference Processing due to unavailable references
[848.184s][debug][gc,ref       ] GC(915) Skipped phase3 of Reference Processing due to unavailable references
[848.184s][debug][gc,ref       ] GC(915) Skipped phase4 of Reference Processing due to unavailable references
[848.184s][debug][gc,age       ] GC(915) Desired survivor size 15400960 bytes, new threshold 6 (max threshold 6)
[848.184s][info ][gc,heap      ] GC(915) ParNew: 245169K->5263K(270976K)
[848.184s][info ][gc,heap      ] GC(915) CMS: 348096K->348112K(602112K)
[848.184s][info ][gc,metaspace ] GC(915) Metaspace: 57635K->57635K(1101824K)
[848.184s][info ][gc           ] GC(915) Pause Young (Allocation Failure) 579M->345M(852M) 12.215ms
[848.184s][info ][gc,cpu       ] GC(915) User=0.02s Sys=0.00s Real=0.02s
[848.184s][info ][safepoint    ] Leaving safepoint region
[848.184s][info ][safepoint    ] Total time for which application threads were stopped: 0.0124210 seconds, Stopping threads took: 0.0000396 seconds
[849.173s][info ][safepoint    ] Application time: 0.9894348 seconds
[849.173s][info ][safepoint    ] Entering safepoint region: GenCollectForAllocation
[849.173s][info ][gc,start     ] GC(916) Pause Young (Allocation Failure)
[849.173s][info ][gc,task      ] GC(916) Using 4 workers of 4 for evacuation
[849.179s][debug][gc,ref       ] GC(916) Skipped phase1 of Reference Processing due to unavailable references
[849.179s][debug][gc,ref       ] GC(916) Skipped phase2 of Reference Processing due to unavailable references
[849.179s][debug][gc,ref       ] GC(916) Skipped phase3 of Reference Processing due to unavailable references
[849.179s][debug][gc,ref       ] GC(916) Skipped phase4 of Reference Processing due to unavailable references
[849.180s][debug][gc,age       ] GC(916) Desired survivor size 15400960 bytes, new threshold 6 (max threshold 6)
[849.180s][info ][gc,heap      ] GC(916) ParNew: 246159K->4011K(270976K)
[849.180s][info ][gc,heap      ] GC(916) CMS: 348112K->348275K(602112K)
[849.180s][info ][gc,metaspace ] GC(916) Metaspace: 57636K->57636K(1101824K)
[849.180s][info ][gc           ] GC(916) Pause Young (Allocation Failure) 580M->344M(852M) 6.231ms
[849.180s][info ][gc,cpu       ] GC(916) User=0.02s Sys=0.00s Real=0.01s
[849.180s][info ][safepoint    ] Leaving safepoint region
[849.180s][info ][safepoint    ] Total time for which application threads were stopped: 0.0063840 seconds, Stopping threads took: 0.0000157 seconds
[850.075s][info ][safepoint    ] Application time: 0.8951302 seconds
[850.075s][info ][safepoint    ] Entering safepoint region: GenCollectForAllocation
[850.075s][info ][gc,start     ] GC(917) Pause Young (Allocation Failure)
[850.075s][info ][gc,task      ] GC(917) Using 4 workers of 4 for evacuation
[850.081s][debug][gc,ref       ] GC(917) Skipped phase1 of Reference Processing due to unavailable references
[850.081s][debug][gc,ref       ] GC(917) Skipped phase2 of Reference Processing due to unavailable references
[850.081s][debug][gc,ref       ] GC(917) Skipped phase3 of Reference Processing due to unavailable references
[850.081s][debug][gc,ref       ] GC(917) Skipped phase4 of Reference Processing due to unavailable references
[850.082s][debug][gc,age       ] GC(917) Desired survivor size 15400960 bytes, new threshold 6 (max threshold 6)
[850.082s][info ][gc,heap      ] GC(917) ParNew: 244907K->4571K(270976K)
[850.082s][info ][gc,heap      ] GC(917) CMS: 348275K->348455K(602112K)
[850.082s][info ][gc,metaspace ] GC(917) Metaspace: 57642K->57642K(1101824K)
[850.082s][info ][gc           ] GC(917) Pause Young (Allocation Failure) 579M->344M(852M) 6.769ms
[850.082s][info ][gc,cpu       ] GC(917) User=0.02s Sys=0.00s Real=0.01s
[850.082s][info ][safepoint    ] Leaving safepoint region
[850.082s][info ][safepoint    ] Total time for which application threads were stopped: 0.0069350 seconds, Stopping threads took: 0.0000145 seconds
[851.033s][info ][safepoint    ] Application time: 0.9517376 seconds
[851.033s][info ][safepoint    ] Entering safepoint region: GenCollectForAllocation
[851.034s][info ][gc,start     ] GC(918) Pause Young (Allocation Failure)
[851.034s][info ][gc,task      ] GC(918) Using 4 workers of 4 for evacuation
[851.038s][debug][gc,ref       ] GC(918) Skipped phase1 of Reference Processing due to unavailable references
[851.038s][debug][gc,ref       ] GC(918) Skipped phase2 of Reference Processing due to unavailable references
[851.038s][debug][gc,ref       ] GC(918) Skipped phase3 of Reference Processing due to unavailable references
[851.038s][debug][gc,ref       ] GC(918) Skipped phase4 of Reference Processing due to unavailable references
[851.038s][debug][gc,age       ] GC(918) Desired survivor size 15400960 bytes, new threshold 6 (max threshold 6)
[851.038s][info ][gc,heap      ] GC(918) ParNew: 245467K->4267K(270976K)
[851.038s][info ][gc,heap      ] GC(918) CMS: 348455K->348650K(602112K)
[851.038s][info ][gc,metaspace ] GC(918) Metaspace: 57642K->57642K(1101824K)
[851.039s][info ][gc           ] GC(918) Pause Young (Allocation Failure) 580M->344M(852M) 4.925ms
[851.039s][info ][gc,cpu       ] GC(918) User=0.01s Sys=0.00s Real=0.01s
[851.039s][info ][safepoint    ] Leaving safepoint region
[851.039s][info ][safepoint    ] Total time for which application threads were stopped: 0.0050656 seconds, Stopping threads took: 0.0000144 seconds
[851.977s][info ][safepoint    ] Application time: 0.9383430 seconds
[851.977s][info ][safepoint    ] Entering safepoint region: GenCollectForAllocation
[851.977s][info ][gc,start     ] GC(919) Pause Young (Allocation Failure)
[851.977s][info ][gc,task      ] GC(919) Using 4 workers of 4 for evacuation
[851.982s][debug][gc,ref       ] GC(919) Skipped phase1 of Reference Processing due to unavailable references
[851.982s][debug][gc,ref       ] GC(919) Skipped phase2 of Reference Processing due to unavailable references
[851.982s][debug][gc,ref       ] GC(919) Skipped phase3 of Reference Processing due to unavailable references
[851.982s][debug][gc,ref       ] GC(919) Skipped phase4 of Reference Processing due to unavailable references
[851.982s][debug][gc,age       ] GC(919) Desired survivor size 15400960 bytes, new threshold 6 (max threshold 6)
[851.982s][info ][gc,heap      ] GC(919) ParNew: 245163K->3515K(270976K)
[851.982s][info ][gc,heap      ] GC(919) CMS: 348650K->348659K(602112K)
[851.982s][info ][gc,metaspace ] GC(919) Metaspace: 57642K->57642K(1101824K)
[851.982s][info ][gc           ] GC(919) Pause Young (Allocation Failure) 579M->343M(852M) 4.840ms
[851.982s][info ][gc,cpu       ] GC(919) User=0.02s Sys=0.00s Real=0.00s
[851.982s][info ][safepoint    ] Leaving safepoint region
[851.982s][info ][safepoint    ] Total time for which application threads were stopped: 0.0049817 seconds, Stopping threads took: 0.0000150 seconds
[853.022s][info ][safepoint    ] Application time: 1.0403771 seconds
[853.022s][info ][safepoint    ] Entering safepoint region: GenCollectForAllocation
[853.022s][info ][gc,start     ] GC(920) Pause Young (Allocation Failure)
[853.022s][info ][gc,task      ] GC(920) Using 4 workers of 4 for evacuation
[853.028s][debug][gc,ref       ] GC(920) Skipped phase1 of Reference Processing due to unavailable references
[853.028s][debug][gc,ref       ] GC(920) Skipped phase2 of Reference Processing due to unavailable references
[853.028s][debug][gc,ref       ] GC(920) Skipped phase3 of Reference Processing due to unavailable references
[853.028s][debug][gc,ref       ] GC(920) Skipped phase4 of Reference Processing due to unavailable references
[853.028s][debug][gc,age       ] GC(920) Desired survivor size 15400960 bytes, new threshold 6 (max threshold 6)
[853.028s][info ][gc,heap      ] GC(920) ParNew: 244411K->4127K(270976K)
[853.028s][info ][gc,heap      ] GC(920) CMS: 348659K->348996K(602112K)
[853.028s][info ][gc,metaspace ] GC(920) Metaspace: 57642K->57642K(1101824K)
[853.028s][info ][gc           ] GC(920) Pause Young (Allocation Failure) 579M->344M(852M) 5.880ms
[853.028s][info ][gc,cpu       ] GC(920) User=0.02s Sys=0.00s Real=0.01s
[853.028s][info ][safepoint    ] Leaving safepoint region
[853.028s][info ][safepoint    ] Total time for which application threads were stopped: 0.0060511 seconds, Stopping threads took: 0.0000449 seconds
[853.947s][info ][safepoint    ] Application time: 0.9181436 seconds
[853.947s][info ][safepoint    ] Entering safepoint region: GenCollectForAllocation
[853.947s][info ][gc,start     ] GC(921) Pause Young (Allocation Failure)
[853.947s][info ][gc,task      ] GC(921) Using 4 workers of 4 for evacuation
[853.951s][debug][gc,ref       ] GC(921) Skipped phase1 of Reference Processing due to unavailable references
[853.951s][debug][gc,ref       ] GC(921) Skipped phase2 of Reference Processing due to unavailable references
[853.951s][debug][gc,ref       ] GC(921) Skipped phase3 of Reference Processing due to unavailable references
[853.951s][debug][gc,ref       ] GC(921) Skipped phase4 of Reference Processing due to unavailable references
[853.951s][debug][gc,age       ] GC(921) Desired survivor size 15400960 bytes, new threshold 6 (max threshold 6)
[853.951s][info ][gc,heap      ] GC(921) ParNew: 245023K->4488K(270976K)
[853.951s][info ][gc,heap      ] GC(921) CMS: 348996K->349067K(602112K)
[853.951s][info ][gc,metaspace ] GC(921) Metaspace: 57642K->57642K(1101824K)
[853.951s][info ][gc           ] GC(921) Pause Young (Allocation Failure) 580M->345M(852M) 4.680ms
[853.951s][info ][gc,cpu       ] GC(921) User=0.02s Sys=0.00s Real=0.00s
[853.951s][info ][safepoint    ] Leaving safepoint region
[853.951s][info ][safepoint    ] Total time for which application threads were stopped: 0.0048440 seconds, Stopping threads took: 0.0000137 seconds
[854.889s][info ][safepoint    ] Application time: 0.9374110 seconds
[854.889s][info ][safepoint    ] Entering safepoint region: GenCollectForAllocation
[854.889s][info ][gc,start     ] GC(922) Pause Young (Allocation Failure)
[854.889s][info ][gc,task      ] GC(922) Using 4 workers of 4 for evacuation
[854.894s][debug][gc,ref       ] GC(922) Skipped phase1 of Reference Processing due to unavailable references
[854.894s][debug][gc,ref       ] GC(922) Skipped phase2 of Reference Processing due to unavailable references
[854.894s][debug][gc,ref       ] GC(922) Skipped phase3 of Reference Processing due to unavailable references
[854.894s][debug][gc,ref       ] GC(922) Skipped phase4 of Reference Processing due to unavailable references
[854.894s][debug][gc,age       ] GC(922) Desired survivor size 15400960 bytes, new threshold 6 (max threshold 6)
[854.894s][info ][gc,heap      ] GC(922) ParNew: 245384K->3984K(270976K)
[854.894s][info ][gc,heap      ] GC(922) CMS: 349067K->349180K(602112K)
[854.894s][info ][gc,metaspace ] GC(922) Metaspace: 57642K->57642K(1101824K)
[854.894s][info ][gc           ] GC(922) Pause Young (Allocation Failure) 580M->344M(852M) 4.807ms
[854.894s][info ][gc,cpu       ] GC(922) User=0.01s Sys=0.00s Real=0.00s
[854.894s][info ][safepoint    ] Leaving safepoint region
[854.894s][info ][safepoint    ] Total time for which application threads were stopped: 0.0049506 seconds, Stopping threads took: 0.0000164 seconds
[855.924s][info ][safepoint    ] Application time: 1.0301074 seconds
[855.924s][info ][safepoint    ] Entering safepoint region: GenCollectForAllocation
[855.924s][info ][gc,start     ] GC(923) Pause Young (Allocation Failure)
[855.924s][info ][gc,task      ] GC(923) Using 4 workers of 4 for evacuation
[855.928s][debug][gc,ref       ] GC(923) Skipped phase1 of Reference Processing due to unavailable references
[855.928s][debug][gc,ref       ] GC(923) Skipped phase2 of Reference Processing due to unavailable references
[855.928s][debug][gc,ref       ] GC(923) Skipped phase3 of Reference Processing due to unavailable references
[855.928s][debug][gc,ref       ] GC(923) Skipped phase4 of Reference Processing due to unavailable references
[855.928s][debug][gc,age       ] GC(923) Desired survivor size 15400960 bytes, new threshold 6 (max threshold 6)
[855.928s][info ][gc,heap      ] GC(923) ParNew: 244880K->4142K(270976K)
[855.928s][info ][gc,heap      ] GC(923) CMS: 349180K->349197K(602112K)
[855.928s][info ][gc,metaspace ] GC(923) Metaspace: 57642K->57642K(1101824K)
[855.928s][info ][gc           ] GC(923) Pause Young (Allocation Failure) 580M->345M(852M) 4.414ms
[855.928s][info ][gc,cpu       ] GC(923) User=0.02s Sys=0.00s Real=0.00s
[855.928s][info ][safepoint    ] Leaving safepoint region
[855.928s][info ][safepoint    ] Total time for which application threads were stopped: 0.0045584 seconds, Stopping threads took: 0.0000144 seconds
[856.929s][info ][safepoint    ] Application time: 1.0001035 seconds
[856.929s][info ][safepoint    ] Entering safepoint region: Cleanup
[856.929s][info ][safepoint    ] Leaving safepoint region
[856.929s][info ][safepoint    ] Total time for which application threads were stopped: 0.0001486 seconds, Stopping threads took: 0.0000706 seconds
[856.942s][info ][safepoint    ] Application time: 0.0132778 seconds
[856.942s][info ][safepoint    ] Entering safepoint region: GenCollectForAllocation
[856.942s][info ][gc,start     ] GC(924) Pause Young (Allocation Failure)
[856.942s][info ][gc,task      ] GC(924) Using 4 workers of 4 for evacuation
[856.948s][debug][gc,ref       ] GC(924) Skipped phase1 of Reference Processing due to unavailable references
[856.948s][debug][gc,ref       ] GC(924) Skipped phase2 of Reference Processing due to unavailable references
[856.948s][debug][gc,ref       ] GC(924) Skipped phase3 of Reference Processing due to unavailable references
[856.948s][debug][gc,ref       ] GC(924) Skipped phase4 of Reference Processing due to unavailable references
[856.949s][debug][gc,age       ] GC(924) Desired survivor size 15400960 bytes, new threshold 6 (max threshold 6)
[856.949s][info ][gc,heap      ] GC(924) ParNew: 245038K->3457K(270976K)
[856.949s][info ][gc,heap      ] GC(924) CMS: 349197K->349276K(602112K)
[856.949s][info ][gc,metaspace ] GC(924) Metaspace: 57642K->57642K(1101824K)
[856.949s][info ][gc           ] GC(924) Pause Young (Allocation Failure) 580M->344M(852M) 6.308ms
[856.949s][info ][gc,cpu       ] GC(924) User=0.02s Sys=0.00s Real=0.01s
[856.949s][info ][safepoint    ] Leaving safepoint region
[856.949s][info ][safepoint    ] Total time for which application threads were stopped: 0.0065179 seconds, Stopping threads took: 0.0000434 seconds
[857.903s][info ][safepoint    ] Application time: 0.9546697 seconds
[857.903s][info ][safepoint    ] Entering safepoint region: GenCollectForAllocation
[857.904s][info ][gc,start     ] GC(925) Pause Young (Allocation Failure)
[857.904s][info ][gc,task      ] GC(925) Using 4 workers of 4 for evacuation
[857.908s][debug][gc,ref       ] GC(925) Skipped phase1 of Reference Processing due to unavailable references
[857.908s][debug][gc,ref       ] GC(925) Skipped phase2 of Reference Processing due to unavailable references
[857.908s][debug][gc,ref       ] GC(925) Skipped phase3 of Reference Processing due to unavailable references
[857.908s][debug][gc,ref       ] GC(925) Skipped phase4 of Reference Processing due to unavailable references
[857.908s][debug][gc,age       ] GC(925) Desired survivor size 15400960 bytes, new threshold 6 (max threshold 6)
[857.908s][info ][gc,heap      ] GC(925) ParNew: 244353K->3988K(270976K)
[857.908s][info ][gc,heap      ] GC(925) CMS: 349276K->349354K(602112K)
[857.908s][info ][gc,metaspace ] GC(925) Metaspace: 57643K->57643K(1101824K)
[857.908s][info ][gc           ] GC(925) Pause Young (Allocation Failure) 579M->345M(852M) 4.764ms
[857.908s][info ][gc,cpu       ] GC(925) User=0.02s Sys=0.00s Real=0.00s
[857.908s][info ][safepoint    ] Leaving safepoint region
[857.908s][info ][safepoint    ] Total time for which application threads were stopped: 0.0049652 seconds, Stopping threads took: 0.0000600 seconds
[858.877s][info ][safepoint    ] Application time: 0.9690017 seconds
[858.877s][info ][safepoint    ] Entering safepoint region: GenCollectForAllocation
[858.877s][info ][gc,start     ] GC(926) Pause Young (Allocation Failure)
[858.878s][info ][gc,task      ] GC(926) Using 4 workers of 4 for evacuation
[858.882s][debug][gc,ref       ] GC(926) Skipped phase1 of Reference Processing due to unavailable references
[858.882s][debug][gc,ref       ] GC(926) Skipped phase2 of Reference Processing due to unavailable references
[858.882s][debug][gc,ref       ] GC(926) Skipped phase3 of Reference Processing due to unavailable references
[858.882s][debug][gc,ref       ] GC(926) Skipped phase4 of Reference Processing due to unavailable references
[858.882s][debug][gc,age       ] GC(926) Desired survivor size 15400960 bytes, new threshold 6 (max threshold 6)
[858.882s][info ][gc,heap      ] GC(926) ParNew: 244884K->3590K(270976K)
[858.882s][info ][gc,heap      ] GC(926) CMS: 349354K->349430K(602112K)
[858.882s][info ][gc,metaspace ] GC(926) Metaspace: 57643K->57643K(1101824K)
[858.882s][info ][gc           ] GC(926) Pause Young (Allocation Failure) 580M->344M(852M) 4.579ms
[858.882s][info ][gc,cpu       ] GC(926) User=0.02s Sys=0.00s Real=0.00s
[858.882s][info ][safepoint    ] Leaving safepoint region
[858.882s][info ][safepoint    ] Total time for which application threads were stopped: 0.0047285 seconds, Stopping threads took: 0.0000146 seconds
[859.921s][info ][safepoint    ] Application time: 1.0388811 seconds
[859.921s][info ][safepoint    ] Entering safepoint region: GenCollectForAllocation
[859.921s][info ][gc,start     ] GC(927) Pause Young (Allocation Failure)
[859.921s][info ][gc,task      ] GC(927) Using 4 workers of 4 for evacuation
[859.929s][debug][gc,ref       ] GC(927) Skipped phase1 of Reference Processing due to unavailable references
[859.929s][debug][gc,ref       ] GC(927) Skipped phase2 of Reference Processing due to unavailable references
[859.929s][debug][gc,ref       ] GC(927) Skipped phase3 of Reference Processing due to unavailable references
[859.929s][debug][gc,ref       ] GC(927) Skipped phase4 of Reference Processing due to unavailable references
[859.929s][debug][gc,age       ] GC(927) Desired survivor size 15400960 bytes, new threshold 6 (max threshold 6)
[859.929s][info ][gc,heap      ] GC(927) ParNew: 244486K->4126K(270976K)
[859.929s][info ][gc,heap      ] GC(927) CMS: 349430K->349549K(602112K)
[859.929s][info ][gc,metaspace ] GC(927) Metaspace: 57643K->57643K(1101824K)
[859.929s][info ][gc           ] GC(927) Pause Young (Allocation Failure) 579M->345M(852M) 8.376ms
[859.930s][info ][gc,cpu       ] GC(927) User=0.03s Sys=0.00s Real=0.01s
[859.930s][info ][safepoint    ] Leaving safepoint region
[859.930s][info ][safepoint    ] Total time for which application threads were stopped: 0.0085229 seconds, Stopping threads took: 0.0000143 seconds
[860.858s][info ][safepoint    ] Application time: 0.9282378 seconds
[860.858s][info ][safepoint    ] Entering safepoint region: GenCollectForAllocation
[860.858s][info ][gc,start     ] GC(928) Pause Young (Allocation Failure)
[860.858s][info ][gc,task      ] GC(928) Using 4 workers of 4 for evacuation
[860.863s][debug][gc,ref       ] GC(928) Skipped phase1 of Reference Processing due to unavailable references
[860.863s][debug][gc,ref       ] GC(928) Skipped phase2 of Reference Processing due to unavailable references
[860.863s][debug][gc,ref       ] GC(928) Skipped phase3 of Reference Processing due to unavailable references
[860.863s][debug][gc,ref       ] GC(928) Skipped phase4 of Reference Processing due to unavailable references
[860.863s][debug][gc,age       ] GC(928) Desired survivor size 15400960 bytes, new threshold 6 (max threshold 6)
[860.863s][info ][gc,heap      ] GC(928) ParNew: 245022K->4121K(270976K)
[860.863s][info ][gc,heap      ] GC(928) CMS: 349549K->349658K(602112K)
[860.863s][info ][gc,metaspace ] GC(928) Metaspace: 57647K->57647K(1101824K)
[860.863s][info ][gc           ] GC(928) Pause Young (Allocation Failure) 580M->345M(852M) 5.024ms
[860.863s][info ][gc,cpu       ] GC(928) User=0.01s Sys=0.00s Real=0.00s
[860.863s][info ][safepoint    ] Leaving safepoint region
[860.863s][info ][safepoint    ] Total time for which application threads were stopped: 0.0051606 seconds, Stopping threads took: 0.0000132 seconds
[861.792s][info ][safepoint    ] Application time: 0.9290601 seconds
[861.792s][info ][safepoint    ] Entering safepoint region: GenCollectForAllocation
[861.792s][info ][gc,start     ] GC(929) Pause Young (Allocation Failure)
[861.792s][info ][gc,task      ] GC(929) Using 4 workers of 4 for evacuation
[861.797s][debug][gc,ref       ] GC(929) Skipped phase1 of Reference Processing due to unavailable references
[861.797s][debug][gc,ref       ] GC(929) Skipped phase2 of Reference Processing due to unavailable references
[861.797s][debug][gc,ref       ] GC(929) Skipped phase3 of Reference Processing due to unavailable references
[861.797s][debug][gc,ref       ] GC(929) Skipped phase4 of Reference Processing due to unavailable references
[861.797s][debug][gc,age       ] GC(929) Desired survivor size 15400960 bytes, new threshold 6 (max threshold 6)
[861.797s][info ][gc,heap      ] GC(929) ParNew: 245017K->4019K(270976K)
[861.798s][info ][gc,heap      ] GC(929) CMS: 349658K->349756K(602112K)
[861.798s][info ][gc,metaspace ] GC(929) Metaspace: 57647K->57647K(1101824K)
[861.798s][info ][gc           ] GC(929) Pause Young (Allocation Failure) 580M->345M(852M) 5.346ms
[861.798s][info ][gc,cpu       ] GC(929) User=0.02s Sys=0.00s Real=0.01s
[861.798s][info ][safepoint    ] Leaving safepoint region
[861.798s][info ][safepoint    ] Total time for which application threads were stopped: 0.0054992 seconds, Stopping threads took: 0.0000141 seconds
[862.690s][info ][safepoint    ] Application time: 0.8927567 seconds
[862.690s][info ][safepoint    ] Entering safepoint region: GenCollectForAllocation
[862.690s][info ][gc,start     ] GC(930) Pause Young (Allocation Failure)
[862.690s][info ][gc,task      ] GC(930) Using 4 workers of 4 for evacuation
[862.695s][debug][gc,ref       ] GC(930) Skipped phase1 of Reference Processing due to unavailable references
[862.695s][debug][gc,ref       ] GC(930) Skipped phase2 of Reference Processing due to unavailable references
[862.695s][debug][gc,ref       ] GC(930) Skipped phase3 of Reference Processing due to unavailable references
[862.695s][debug][gc,ref       ] GC(930) Skipped phase4 of Reference Processing due to unavailable references
[862.696s][debug][gc,age       ] GC(930) Desired survivor size 15400960 bytes, new threshold 6 (max threshold 6)
[862.696s][info ][gc,heap      ] GC(930) ParNew: 244915K->5458K(270976K)
[862.696s][info ][gc,heap      ] GC(930) CMS: 349756K->349769K(602112K)
[862.696s][info ][gc,metaspace ] GC(930) Metaspace: 57647K->57647K(1101824K)
[862.696s][info ][gc           ] GC(930) Pause Young (Allocation Failure) 580M->346M(852M) 5.170ms
[862.696s][info ][gc,cpu       ] GC(930) User=0.01s Sys=0.00s Real=0.01s
[862.696s][info ][safepoint    ] Leaving safepoint region
[862.696s][info ][safepoint    ] Total time for which application threads were stopped: 0.0053204 seconds, Stopping threads took: 0.0000145 seconds
[863.717s][info ][safepoint    ] Application time: 1.0210703 seconds
[863.717s][info ][safepoint    ] Entering safepoint region: GenCollectForAllocation
[863.717s][info ][gc,start     ] GC(931) Pause Young (Allocation Failure)
[863.717s][info ][gc,task      ] GC(931) Using 4 workers of 4 for evacuation
[863.721s][debug][gc,ref       ] GC(931) Skipped phase1 of Reference Processing due to unavailable references
[863.721s][debug][gc,ref       ] GC(931) Skipped phase2 of Reference Processing due to unavailable references
[863.721s][debug][gc,ref       ] GC(931) Skipped phase3 of Reference Processing due to unavailable references
[863.721s][debug][gc,ref       ] GC(931) Skipped phase4 of Reference Processing due to unavailable references
[863.721s][debug][gc,age       ] GC(931) Desired survivor size 15400960 bytes, new threshold 6 (max threshold 6)
[863.721s][info ][gc,heap      ] GC(931) ParNew: 246354K->4073K(270976K)
[863.721s][info ][gc,heap      ] GC(931) CMS: 349769K->349805K(602112K)
[863.721s][info ][gc,metaspace ] GC(931) Metaspace: 57647K->57647K(1101824K)
[863.721s][info ][gc           ] GC(931) Pause Young (Allocation Failure) 582M->345M(852M) 4.465ms
[863.721s][info ][gc,cpu       ] GC(931) User=0.02s Sys=0.00s Real=0.00s
[863.721s][info ][safepoint    ] Leaving safepoint region
[863.721s][info ][safepoint    ] Total time for which application threads were stopped: 0.0046149 seconds, Stopping threads took: 0.0000146 seconds
[864.732s][info ][safepoint    ] Application time: 1.0109801 seconds
[864.732s][info ][safepoint    ] Entering safepoint region: GenCollectForAllocation
[864.733s][info ][gc,start     ] GC(932) Pause Young (Allocation Failure)
[864.733s][info ][gc,task      ] GC(932) Using 4 workers of 4 for evacuation
[864.738s][debug][gc,ref       ] GC(932) Skipped phase1 of Reference Processing due to unavailable references
[864.738s][debug][gc,ref       ] GC(932) Skipped phase2 of Reference Processing due to unavailable references
[864.738s][debug][gc,ref       ] GC(932) Skipped phase3 of Reference Processing due to unavailable references
[864.738s][debug][gc,ref       ] GC(932) Skipped phase4 of Reference Processing due to unavailable references
[864.738s][debug][gc,age       ] GC(932) Desired survivor size 15400960 bytes, new threshold 6 (max threshold 6)
[864.738s][info ][gc,heap      ] GC(932) ParNew: 244969K->4086K(270976K)
[864.738s][info ][gc,heap      ] GC(932) CMS: 349805K->349983K(602112K)
[864.738s][info ][gc,metaspace ] GC(932) Metaspace: 57647K->57647K(1101824K)
[864.738s][info ][gc           ] GC(932) Pause Young (Allocation Failure) 580M->345M(852M) 5.188ms
[864.738s][info ][gc,cpu       ] GC(932) User=0.02s Sys=0.00s Real=0.01s
[864.738s][info ][safepoint    ] Leaving safepoint region
[864.738s][info ][safepoint    ] Total time for which application threads were stopped: 0.0053597 seconds, Stopping threads took: 0.0000355 seconds
[865.689s][info ][safepoint    ] Application time: 0.9510314 seconds
[865.689s][info ][safepoint    ] Entering safepoint region: GenCollectForAllocation
[865.689s][info ][gc,start     ] GC(933) Pause Young (Allocation Failure)
[865.689s][info ][gc,task      ] GC(933) Using 4 workers of 4 for evacuation
[865.695s][debug][gc,ref       ] GC(933) Skipped phase1 of Reference Processing due to unavailable references
[865.695s][debug][gc,ref       ] GC(933) Skipped phase2 of Reference Processing due to unavailable references
[865.695s][debug][gc,ref       ] GC(933) Skipped phase3 of Reference Processing due to unavailable references
[865.695s][debug][gc,ref       ] GC(933) Skipped phase4 of Reference Processing due to unavailable references
[865.695s][debug][gc,age       ] GC(933) Desired survivor size 15400960 bytes, new threshold 6 (max threshold 6)
[865.695s][info ][gc,heap      ] GC(933) ParNew: 244982K->4204K(270976K)
[865.695s][info ][gc,heap      ] GC(933) CMS: 349983K->350095K(602112K)
[865.695s][info ][gc,metaspace ] GC(933) Metaspace: 57647K->57647K(1101824K)
[865.695s][info ][gc           ] GC(933) Pause Young (Allocation Failure) 581M->345M(852M) 6.040ms
[865.695s][info ][gc,cpu       ] GC(933) User=0.02s Sys=0.01s Real=0.00s
[865.695s][info ][safepoint    ] Leaving safepoint region
[865.695s][info ][safepoint    ] Total time for which application threads were stopped: 0.0061988 seconds, Stopping threads took: 0.0000161 seconds
[866.681s][info ][safepoint    ] Application time: 0.9856611 seconds
[866.681s][info ][safepoint    ] Entering safepoint region: GenCollectForAllocation
[866.681s][info ][gc,start     ] GC(934) Pause Young (Allocation Failure)
[866.681s][info ][gc,task      ] GC(934) Using 4 workers of 4 for evacuation
[866.686s][debug][gc,ref       ] GC(934) Skipped phase1 of Reference Processing due to unavailable references
[866.686s][debug][gc,ref       ] GC(934) Skipped phase2 of Reference Processing due to unavailable references
[866.686s][debug][gc,ref       ] GC(934) Skipped phase3 of Reference Processing due to unavailable references
[866.686s][debug][gc,ref       ] GC(934) Skipped phase4 of Reference Processing due to unavailable references
[866.686s][debug][gc,age       ] GC(934) Desired survivor size 15400960 bytes, new threshold 6 (max threshold 6)
[866.686s][info ][gc,heap      ] GC(934) ParNew: 245100K->5195K(270976K)
[866.686s][info ][gc,heap      ] GC(934) CMS: 350095K->350137K(602112K)
[866.686s][info ][gc,metaspace ] GC(934) Metaspace: 57647K->57647K(1101824K)
[866.686s][info ][gc           ] GC(934) Pause Young (Allocation Failure) 581M->347M(852M) 5.172ms
[866.686s][info ][gc,cpu       ] GC(934) User=0.02s Sys=0.00s Real=0.01s
[866.686s][info ][safepoint    ] Leaving safepoint region
[866.686s][info ][safepoint    ] Total time for which application threads were stopped: 0.0053214 seconds, Stopping threads took: 0.0000144 seconds
[867.661s][info ][safepoint    ] Application time: 0.9748498 seconds
[867.661s][info ][safepoint    ] Entering safepoint region: GenCollectForAllocation
[867.661s][info ][gc,start     ] GC(935) Pause Young (Allocation Failure)
[867.661s][info ][gc,task      ] GC(935) Using 4 workers of 4 for evacuation
[867.666s][debug][gc,ref       ] GC(935) Skipped phase1 of Reference Processing due to unavailable references
[867.666s][debug][gc,ref       ] GC(935) Skipped phase2 of Reference Processing due to unavailable references
[867.666s][debug][gc,ref       ] GC(935) Skipped phase3 of Reference Processing due to unavailable references
[867.666s][debug][gc,ref       ] GC(935) Skipped phase4 of Reference Processing due to unavailable references
[867.666s][debug][gc,age       ] GC(935) Desired survivor size 15400960 bytes, new threshold 6 (max threshold 6)
[867.666s][info ][gc,heap      ] GC(935) ParNew: 246091K->3910K(270976K)
[867.666s][info ][gc,heap      ] GC(935) CMS: 350137K->350268K(602112K)
[867.666s][info ][gc,metaspace ] GC(935) Metaspace: 57647K->57647K(1101824K)
[867.666s][info ][gc           ] GC(935) Pause Young (Allocation Failure) 582M->345M(852M) 5.253ms
[867.666s][info ][gc,cpu       ] GC(935) User=0.02s Sys=0.00s Real=0.01s
[867.666s][info ][safepoint    ] Leaving safepoint region
[867.666s][info ][safepoint    ] Total time for which application threads were stopped: 0.0054035 seconds, Stopping threads took: 0.0000144 seconds
[868.627s][info ][safepoint    ] Application time: 0.9603502 seconds
[868.627s][info ][safepoint    ] Entering safepoint region: GenCollectForAllocation
[868.627s][info ][gc,start     ] GC(936) Pause Young (Allocation Failure)
[868.627s][info ][gc,task      ] GC(936) Using 4 workers of 4 for evacuation
[868.632s][debug][gc,ref       ] GC(936) Skipped phase1 of Reference Processing due to unavailable references
[868.632s][debug][gc,ref       ] GC(936) Skipped phase2 of Reference Processing due to unavailable references
[868.632s][debug][gc,ref       ] GC(936) Skipped phase3 of Reference Processing due to unavailable references
[868.632s][debug][gc,ref       ] GC(936) Skipped phase4 of Reference Processing due to unavailable references
[868.632s][debug][gc,age       ] GC(936) Desired survivor size 15400960 bytes, new threshold 6 (max threshold 6)
[868.632s][info ][gc,heap      ] GC(936) ParNew: 244806K->3817K(270976K)
[868.632s][info ][gc,heap      ] GC(936) CMS: 350268K->350676K(602112K)
[868.632s][info ][gc,metaspace ] GC(936) Metaspace: 57647K->57647K(1101824K)
[868.632s][info ][gc           ] GC(936) Pause Young (Allocation Failure) 581M->346M(852M) 5.000ms
[868.632s][info ][gc,cpu       ] GC(936) User=0.02s Sys=0.00s Real=0.00s
[868.632s][info ][safepoint    ] Leaving safepoint region
[868.632s][info ][safepoint    ] Total time for which application threads were stopped: 0.0051434 seconds, Stopping threads took: 0.0000154 seconds
[869.633s][info ][safepoint    ] Application time: 1.0013214 seconds
[869.633s][info ][safepoint    ] Entering safepoint region: GenCollectForAllocation
[869.633s][info ][gc,start     ] GC(937) Pause Young (Allocation Failure)
[869.633s][info ][gc,task      ] GC(937) Using 4 workers of 4 for evacuation
[869.638s][debug][gc,ref       ] GC(937) Skipped phase1 of Reference Processing due to unavailable references
[869.638s][debug][gc,ref       ] GC(937) Skipped phase2 of Reference Processing due to unavailable references
[869.638s][debug][gc,ref       ] GC(937) Skipped phase3 of Reference Processing due to unavailable references
[869.638s][debug][gc,ref       ] GC(937) Skipped phase4 of Reference Processing due to unavailable references
[869.638s][debug][gc,age       ] GC(937) Desired survivor size 15400960 bytes, new threshold 6 (max threshold 6)
[869.638s][info ][gc,heap      ] GC(937) ParNew: 244713K->3941K(270976K)
[869.638s][info ][gc,heap      ] GC(937) CMS: 350676K->350709K(602112K)
[869.638s][info ][gc,metaspace ] GC(937) Metaspace: 57647K->57647K(1101824K)
[869.638s][info ][gc           ] GC(937) Pause Young (Allocation Failure) 581M->346M(852M) 4.783ms
[869.638s][info ][gc,cpu       ] GC(937) User=0.01s Sys=0.00s Real=0.01s
[869.638s][info ][safepoint    ] Leaving safepoint region
[869.638s][info ][safepoint    ] Total time for which application threads were stopped: 0.0049398 seconds, Stopping threads took: 0.0000153 seconds
[870.503s][info ][safepoint    ] Application time: 0.8646754 seconds
[870.503s][info ][safepoint    ] Entering safepoint region: GenCollectForAllocation
[870.503s][info ][gc,start     ] GC(938) Pause Young (Allocation Failure)
[870.503s][info ][gc,task      ] GC(938) Using 4 workers of 4 for evacuation
[870.508s][debug][gc,ref       ] GC(938) Skipped phase1 of Reference Processing due to unavailable references
[870.508s][debug][gc,ref       ] GC(938) Skipped phase2 of Reference Processing due to unavailable references
[870.508s][debug][gc,ref       ] GC(938) Skipped phase3 of Reference Processing due to unavailable references
[870.508s][debug][gc,ref       ] GC(938) Skipped phase4 of Reference Processing due to unavailable references
[870.508s][debug][gc,age       ] GC(938) Desired survivor size 15400960 bytes, new threshold 6 (max threshold 6)
[870.508s][info ][gc,heap      ] GC(938) ParNew: 244837K->4010K(270976K)
[870.508s][info ][gc,heap      ] GC(938) CMS: 350709K->350815K(602112K)
[870.508s][info ][gc,metaspace ] GC(938) Metaspace: 57647K->57647K(1101824K)
[870.508s][info ][gc           ] GC(938) Pause Young (Allocation Failure) 581M->346M(852M) 5.098ms
[870.508s][info ][gc,cpu       ] GC(938) User=0.02s Sys=0.00s Real=0.01s
[870.508s][info ][safepoint    ] Leaving safepoint region
[870.508s][info ][safepoint    ] Total time for which application threads were stopped: 0.0052739 seconds, Stopping threads took: 0.0000140 seconds
[871.393s][info ][safepoint    ] Application time: 0.8845005 seconds
[871.393s][info ][safepoint    ] Entering safepoint region: GenCollectForAllocation
[871.393s][info ][gc,start     ] GC(939) Pause Young (Allocation Failure)
[871.393s][info ][gc,task      ] GC(939) Using 4 workers of 4 for evacuation
[871.398s][debug][gc,ref       ] GC(939) Skipped phase1 of Reference Processing due to unavailable references
[871.398s][debug][gc,ref       ] GC(939) Skipped phase2 of Reference Processing due to unavailable references
[871.398s][debug][gc,ref       ] GC(939) Skipped phase3 of Reference Processing due to unavailable references
[871.398s][debug][gc,ref       ] GC(939) Skipped phase4 of Reference Processing due to unavailable references
[871.398s][debug][gc,age       ] GC(939) Desired survivor size 15400960 bytes, new threshold 6 (max threshold 6)
[871.398s][info ][gc,heap      ] GC(939) ParNew: 244906K->4097K(270976K)
[871.398s][info ][gc,heap      ] GC(939) CMS: 350815K->350937K(602112K)
[871.398s][info ][gc,metaspace ] GC(939) Metaspace: 57650K->57650K(1101824K)
[871.398s][info ][gc           ] GC(939) Pause Young (Allocation Failure) 581M->346M(852M) 5.122ms
[871.398s][info ][gc,cpu       ] GC(939) User=0.02s Sys=0.00s Real=0.01s
[871.398s][info ][safepoint    ] Leaving safepoint region
[871.398s][info ][safepoint    ] Total time for which application threads were stopped: 0.0052952 seconds, Stopping threads took: 0.0000163 seconds
[872.252s][info ][safepoint    ] Application time: 0.8535052 seconds
[872.252s][info ][safepoint    ] Entering safepoint region: GenCollectForAllocation
[872.252s][info ][gc,start     ] GC(940) Pause Young (Allocation Failure)
[872.252s][info ][gc,task      ] GC(940) Using 4 workers of 4 for evacuation
[872.257s][debug][gc,ref       ] GC(940) Skipped phase1 of Reference Processing due to unavailable references
[872.257s][debug][gc,ref       ] GC(940) Skipped phase2 of Reference Processing due to unavailable references
[872.257s][debug][gc,ref       ] GC(940) Skipped phase3 of Reference Processing due to unavailable references
[872.257s][debug][gc,ref       ] GC(940) Skipped phase4 of Reference Processing due to unavailable references
[872.257s][debug][gc,age       ] GC(940) Desired survivor size 15400960 bytes, new threshold 6 (max threshold 6)
[872.257s][info ][gc,heap      ] GC(940) ParNew: 244993K->3418K(270976K)
[872.257s][info ][gc,heap      ] GC(940) CMS: 350937K->351027K(602112K)
[872.257s][info ][gc,metaspace ] GC(940) Metaspace: 57650K->57650K(1101824K)
[872.257s][info ][gc           ] GC(940) Pause Young (Allocation Failure) 581M->346M(852M) 5.126ms
[872.257s][info ][gc,cpu       ] GC(940) User=0.02s Sys=0.00s Real=0.01s
[872.257s][info ][safepoint    ] Leaving safepoint region
[872.257s][info ][safepoint    ] Total time for which application threads were stopped: 0.0052638 seconds, Stopping threads took: 0.0000137 seconds
[873.257s][info ][safepoint    ] Application time: 1.0001006 seconds
[873.257s][info ][safepoint    ] Entering safepoint region: Cleanup
[873.257s][info ][safepoint    ] Leaving safepoint region
[873.257s][info ][safepoint    ] Total time for which application threads were stopped: 0.0001362 seconds, Stopping threads took: 0.0000622 seconds
[873.259s][info ][safepoint    ] Application time: 0.0018992 seconds
[873.259s][info ][safepoint    ] Entering safepoint region: GenCollectForAllocation
[873.259s][info ][gc,start     ] GC(941) Pause Young (Allocation Failure)
[873.259s][info ][gc,task      ] GC(941) Using 4 workers of 4 for evacuation
[873.264s][debug][gc,ref       ] GC(941) Skipped phase1 of Reference Processing due to unavailable references
[873.264s][debug][gc,ref       ] GC(941) Skipped phase2 of Reference Processing due to unavailable references
[873.264s][debug][gc,ref       ] GC(941) Skipped phase3 of Reference Processing due to unavailable references
[873.264s][debug][gc,ref       ] GC(941) Skipped phase4 of Reference Processing due to unavailable references
[873.264s][debug][gc,age       ] GC(941) Desired survivor size 15400960 bytes, new threshold 6 (max threshold 6)
[873.264s][info ][gc,heap      ] GC(941) ParNew: 244314K->3392K(270976K)
[873.264s][info ][gc,heap      ] GC(941) CMS: 351027K->351103K(602112K)
[873.264s][info ][gc,metaspace ] GC(941) Metaspace: 57650K->57650K(1101824K)
[873.264s][info ][gc           ] GC(941) Pause Young (Allocation Failure) 581M->346M(852M) 4.806ms
[873.264s][info ][gc,cpu       ] GC(941) User=0.02s Sys=0.00s Real=0.01s
[873.264s][info ][safepoint    ] Leaving safepoint region
[873.264s][info ][safepoint    ] Total time for which application threads were stopped: 0.0049439 seconds, Stopping threads took: 0.0000288 seconds
[874.236s][info ][safepoint    ] Application time: 0.9721062 seconds
[874.236s][info ][safepoint    ] Entering safepoint region: GenCollectForAllocation
[874.236s][info ][gc,start     ] GC(942) Pause Young (Allocation Failure)
[874.236s][info ][gc,task      ] GC(942) Using 4 workers of 4 for evacuation
[874.242s][debug][gc,ref       ] GC(942) Skipped phase1 of Reference Processing due to unavailable references
[874.242s][debug][gc,ref       ] GC(942) Skipped phase2 of Reference Processing due to unavailable references
[874.242s][debug][gc,ref       ] GC(942) Skipped phase3 of Reference Processing due to unavailable references
[874.242s][debug][gc,ref       ] GC(942) Skipped phase4 of Reference Processing due to unavailable references
[874.242s][debug][gc,age       ] GC(942) Desired survivor size 15400960 bytes, new threshold 6 (max threshold 6)
[874.242s][info ][gc,heap      ] GC(942) ParNew: 244288K->4800K(270976K)
[874.242s][info ][gc,heap      ] GC(942) CMS: 351103K->351195K(602112K)
[874.242s][info ][gc,metaspace ] GC(942) Metaspace: 57650K->57650K(1101824K)
[874.242s][info ][gc           ] GC(942) Pause Young (Allocation Failure) 581M->347M(852M) 5.675ms
[874.242s][info ][gc,cpu       ] GC(942) User=0.02s Sys=0.00s Real=0.00s
[874.242s][info ][safepoint    ] Leaving safepoint region
[874.242s][info ][safepoint    ] Total time for which application threads were stopped: 0.0058295 seconds, Stopping threads took: 0.0000156 seconds
[875.184s][info ][safepoint    ] Application time: 0.9424436 seconds
[875.184s][info ][safepoint    ] Entering safepoint region: GenCollectForAllocation
[875.185s][info ][gc,start     ] GC(943) Pause Young (Allocation Failure)
[875.185s][info ][gc,task      ] GC(943) Using 4 workers of 4 for evacuation
[875.189s][debug][gc,ref       ] GC(943) Skipped phase1 of Reference Processing due to unavailable references
[875.189s][debug][gc,ref       ] GC(943) Skipped phase2 of Reference Processing due to unavailable references
[875.189s][debug][gc,ref       ] GC(943) Skipped phase3 of Reference Processing due to unavailable references
[875.189s][debug][gc,ref       ] GC(943) Skipped phase4 of Reference Processing due to unavailable references
[875.190s][debug][gc,age       ] GC(943) Desired survivor size 15400960 bytes, new threshold 6 (max threshold 6)
[875.190s][info ][gc,heap      ] GC(943) ParNew: 245696K->4247K(270976K)
[875.190s][info ][gc,heap      ] GC(943) CMS: 351195K->351264K(602112K)
[875.190s][info ][gc,metaspace ] GC(943) Metaspace: 57650K->57650K(1101824K)
[875.190s][info ][gc           ] GC(943) Pause Young (Allocation Failure) 582M->347M(852M) 5.109ms
[875.190s][info ][gc,cpu       ] GC(943) User=0.02s Sys=0.00s Real=0.00s
[875.190s][info ][safepoint    ] Leaving safepoint region
[875.190s][info ][safepoint    ] Total time for which application threads were stopped: 0.0052678 seconds, Stopping threads took: 0.0000171 seconds
[876.190s][info ][safepoint    ] Application time: 1.0008193 seconds
[876.191s][info ][safepoint    ] Entering safepoint region: GenCollectForAllocation
[876.191s][info ][gc,start     ] GC(944) Pause Young (Allocation Failure)
[876.191s][info ][gc,task      ] GC(944) Using 4 workers of 4 for evacuation
[876.196s][debug][gc,ref       ] GC(944) Skipped phase1 of Reference Processing due to unavailable references
[876.196s][debug][gc,ref       ] GC(944) Skipped phase2 of Reference Processing due to unavailable references
[876.196s][debug][gc,ref       ] GC(944) Skipped phase3 of Reference Processing due to unavailable references
[876.196s][debug][gc,ref       ] GC(944) Skipped phase4 of Reference Processing due to unavailable references
[876.196s][debug][gc,age       ] GC(944) Desired survivor size 15400960 bytes, new threshold 6 (max threshold 6)
[876.196s][info ][gc,heap      ] GC(944) ParNew: 245143K->4983K(270976K)
[876.196s][info ][gc,heap      ] GC(944) CMS: 351264K->351431K(602112K)
[876.196s][info ][gc,metaspace ] GC(944) Metaspace: 57650K->57650K(1101824K)
[876.196s][info ][gc           ] GC(944) Pause Young (Allocation Failure) 582M->348M(852M) 5.513ms
[876.196s][info ][gc,cpu       ] GC(944) User=0.02s Sys=0.00s Real=0.01s
[876.196s][info ][safepoint    ] Leaving safepoint region
[876.196s][info ][safepoint    ] Total time for which application threads were stopped: 0.0056621 seconds, Stopping threads took: 0.0000144 seconds
[877.178s][info ][safepoint    ] Application time: 0.9820056 seconds
[877.178s][info ][safepoint    ] Entering safepoint region: GenCollectForAllocation
[877.178s][info ][gc,start     ] GC(945) Pause Young (Allocation Failure)
[877.178s][info ][gc,task      ] GC(945) Using 4 workers of 4 for evacuation
[877.183s][debug][gc,ref       ] GC(945) Skipped phase1 of Reference Processing due to unavailable references
[877.183s][debug][gc,ref       ] GC(945) Skipped phase2 of Reference Processing due to unavailable references
[877.183s][debug][gc,ref       ] GC(945) Skipped phase3 of Reference Processing due to unavailable references
[877.183s][debug][gc,ref       ] GC(945) Skipped phase4 of Reference Processing due to unavailable references
[877.183s][debug][gc,age       ] GC(945) Desired survivor size 15400960 bytes, new threshold 6 (max threshold 6)
[877.183s][info ][gc,heap      ] GC(945) ParNew: 245879K->4437K(270976K)
[877.183s][info ][gc,heap      ] GC(945) CMS: 351431K->351521K(602112K)
[877.183s][info ][gc,metaspace ] GC(945) Metaspace: 57650K->57650K(1101824K)
[877.183s][info ][gc           ] GC(945) Pause Young (Allocation Failure) 583M->347M(852M) 4.930ms
[877.183s][info ][gc,cpu       ] GC(945) User=0.02s Sys=0.00s Real=0.00s
[877.183s][info ][safepoint    ] Leaving safepoint region
[877.183s][info ][safepoint    ] Total time for which application threads were stopped: 0.0050812 seconds, Stopping threads took: 0.0000148 seconds
[878.111s][info ][safepoint    ] Application time: 0.9278889 seconds
[878.111s][info ][safepoint    ] Entering safepoint region: GenCollectForAllocation
[878.111s][info ][gc,start     ] GC(946) Pause Young (Allocation Failure)
[878.111s][info ][gc,task      ] GC(946) Using 4 workers of 4 for evacuation
[878.117s][debug][gc,ref       ] GC(946) Skipped phase1 of Reference Processing due to unavailable references
[878.117s][debug][gc,ref       ] GC(946) Skipped phase2 of Reference Processing due to unavailable references
[878.117s][debug][gc,ref       ] GC(946) Skipped phase3 of Reference Processing due to unavailable references
[878.117s][debug][gc,ref       ] GC(946) Skipped phase4 of Reference Processing due to unavailable references
[878.117s][debug][gc,age       ] GC(946) Desired survivor size 15400960 bytes, new threshold 6 (max threshold 6)
[878.117s][info ][gc,heap      ] GC(946) ParNew: 245333K->4393K(270976K)
[878.117s][info ][gc,heap      ] GC(946) CMS: 351521K->351593K(602112K)
[878.117s][info ][gc,metaspace ] GC(946) Metaspace: 57650K->57650K(1101824K)
[878.117s][info ][gc           ] GC(946) Pause Young (Allocation Failure) 582M->347M(852M) 5.900ms
[878.117s][info ][gc,cpu       ] GC(946) User=0.01s Sys=0.01s Real=0.01s
[878.117s][info ][safepoint    ] Leaving safepoint region
[878.117s][info ][safepoint    ] Total time for which application threads were stopped: 0.0060565 seconds, Stopping threads took: 0.0000185 seconds
[879.095s][info ][safepoint    ] Application time: 0.9773422 seconds
[879.095s][info ][safepoint    ] Entering safepoint region: GenCollectForAllocation
[879.095s][info ][gc,start     ] GC(947) Pause Young (Allocation Failure)
[879.095s][info ][gc,task      ] GC(947) Using 4 workers of 4 for evacuation
[879.099s][debug][gc,ref       ] GC(947) Skipped phase1 of Reference Processing due to unavailable references
[879.099s][debug][gc,ref       ] GC(947) Skipped phase2 of Reference Processing due to unavailable references
[879.099s][debug][gc,ref       ] GC(947) Skipped phase3 of Reference Processing due to unavailable references
[879.100s][debug][gc,ref       ] GC(947) Skipped phase4 of Reference Processing due to unavailable references
[879.100s][debug][gc,age       ] GC(947) Desired survivor size 15400960 bytes, new threshold 6 (max threshold 6)
[879.100s][info ][gc,heap      ] GC(947) ParNew: 245289K->4451K(270976K)
[879.100s][info ][gc,heap      ] GC(947) CMS: 351593K->351632K(602112K)
[879.100s][info ][gc,metaspace ] GC(947) Metaspace: 57650K->57650K(1101824K)
[879.100s][info ][gc           ] GC(947) Pause Young (Allocation Failure) 582M->347M(852M) 4.889ms
[879.100s][info ][gc,cpu       ] GC(947) User=0.02s Sys=0.00s Real=0.01s
[879.100s][info ][safepoint    ] Leaving safepoint region
[879.100s][info ][safepoint    ] Total time for which application threads were stopped: 0.0050521 seconds, Stopping threads took: 0.0000272 seconds
[880.110s][info ][safepoint    ] Application time: 1.0101298 seconds
[880.110s][info ][safepoint    ] Entering safepoint region: GenCollectForAllocation
[880.110s][info ][gc,start     ] GC(948) Pause Young (Allocation Failure)
[880.110s][info ][gc,task      ] GC(948) Using 4 workers of 4 for evacuation
[880.116s][debug][gc,ref       ] GC(948) Skipped phase1 of Reference Processing due to unavailable references
[880.116s][debug][gc,ref       ] GC(948) Skipped phase2 of Reference Processing due to unavailable references
[880.116s][debug][gc,ref       ] GC(948) Skipped phase3 of Reference Processing due to unavailable references
[880.116s][debug][gc,ref       ] GC(948) Skipped phase4 of Reference Processing due to unavailable references
[880.116s][debug][gc,age       ] GC(948) Desired survivor size 15400960 bytes, new threshold 6 (max threshold 6)
[880.116s][info ][gc,heap      ] GC(948) ParNew: 245347K->4467K(270976K)
[880.116s][info ][gc,heap      ] GC(948) CMS: 351632K->351892K(602112K)
[880.116s][info ][gc,metaspace ] GC(948) Metaspace: 57650K->57650K(1101824K)
[880.116s][info ][gc           ] GC(948) Pause Young (Allocation Failure) 582M->348M(852M) 5.739ms
[880.116s][info ][gc,cpu       ] GC(948) User=0.03s Sys=0.00s Real=0.01s
[880.116s][info ][safepoint    ] Leaving safepoint region
[880.116s][info ][safepoint    ] Total time for which application threads were stopped: 0.0058873 seconds, Stopping threads took: 0.0000159 seconds
[881.107s][info ][safepoint    ] Application time: 0.9913319 seconds
[881.107s][info ][safepoint    ] Entering safepoint region: GenCollectForAllocation
[881.107s][info ][gc,start     ] GC(949) Pause Young (Allocation Failure)
[881.107s][info ][gc,task      ] GC(949) Using 4 workers of 4 for evacuation
[881.112s][debug][gc,ref       ] GC(949) Skipped phase1 of Reference Processing due to unavailable references
[881.112s][debug][gc,ref       ] GC(949) Skipped phase2 of Reference Processing due to unavailable references
[881.112s][debug][gc,ref       ] GC(949) Skipped phase3 of Reference Processing due to unavailable references
[881.112s][debug][gc,ref       ] GC(949) Skipped phase4 of Reference Processing due to unavailable references
[881.112s][debug][gc,age       ] GC(949) Desired survivor size 15400960 bytes, new threshold 6 (max threshold 6)
[881.112s][info ][gc,heap      ] GC(949) ParNew: 245363K->4971K(270976K)
[881.112s][info ][gc,heap      ] GC(949) CMS: 351892K->351910K(602112K)
[881.112s][info ][gc,metaspace ] GC(949) Metaspace: 57654K->57654K(1101824K)
[881.112s][info ][gc           ] GC(949) Pause Young (Allocation Failure) 583M->348M(852M) 4.982ms
[881.112s][info ][gc,cpu       ] GC(949) User=0.02s Sys=0.00s Real=0.00s
[881.112s][info ][safepoint    ] Leaving safepoint region
[881.112s][info ][safepoint    ] Total time for which application threads were stopped: 0.0051306 seconds, Stopping threads took: 0.0000141 seconds
[882.055s][info ][safepoint    ] Application time: 0.9431011 seconds
[882.055s][info ][safepoint    ] Entering safepoint region: GenCollectForAllocation
[882.056s][info ][gc,start     ] GC(950) Pause Young (Allocation Failure)
[882.056s][info ][gc,task      ] GC(950) Using 4 workers of 4 for evacuation
[882.061s][debug][gc,ref       ] GC(950) Skipped phase1 of Reference Processing due to unavailable references
[882.061s][debug][gc,ref       ] GC(950) Skipped phase2 of Reference Processing due to unavailable references
[882.061s][debug][gc,ref       ] GC(950) Skipped phase3 of Reference Processing due to unavailable references
[882.061s][debug][gc,ref       ] GC(950) Skipped phase4 of Reference Processing due to unavailable references
[882.061s][debug][gc,age       ] GC(950) Desired survivor size 15400960 bytes, new threshold 6 (max threshold 6)
[882.061s][info ][gc,heap      ] GC(950) ParNew: 245867K->3841K(270976K)
[882.061s][info ][gc,heap      ] GC(950) CMS: 351910K->352081K(602112K)
[882.061s][info ][gc,metaspace ] GC(950) Metaspace: 57654K->57654K(1101824K)
[882.061s][info ][gc           ] GC(950) Pause Young (Allocation Failure) 583M->347M(852M) 5.785ms
[882.061s][info ][gc,cpu       ] GC(950) User=0.02s Sys=0.00s Real=0.00s
[882.061s][info ][safepoint    ] Leaving safepoint region
[882.061s][info ][safepoint    ] Total time for which application threads were stopped: 0.0059364 seconds, Stopping threads took: 0.0000133 seconds
[882.964s][info ][safepoint    ] Application time: 0.9023152 seconds
[882.964s][info ][safepoint    ] Entering safepoint region: GenCollectForAllocation
[882.964s][info ][gc,start     ] GC(951) Pause Young (Allocation Failure)
[882.964s][info ][gc,task      ] GC(951) Using 4 workers of 4 for evacuation
[882.969s][debug][gc,ref       ] GC(951) Skipped phase1 of Reference Processing due to unavailable references
[882.969s][debug][gc,ref       ] GC(951) Skipped phase2 of Reference Processing due to unavailable references
[882.969s][debug][gc,ref       ] GC(951) Skipped phase3 of Reference Processing due to unavailable references
[882.969s][debug][gc,ref       ] GC(951) Skipped phase4 of Reference Processing due to unavailable references
[882.969s][debug][gc,age       ] GC(951) Desired survivor size 15400960 bytes, new threshold 6 (max threshold 6)
[882.969s][info ][gc,heap      ] GC(951) ParNew: 244737K->4576K(270976K)
[882.969s][info ][gc,heap      ] GC(951) CMS: 352081K->352145K(602112K)
[882.969s][info ][gc,metaspace ] GC(951) Metaspace: 57654K->57654K(1101824K)
[882.969s][info ][gc           ] GC(951) Pause Young (Allocation Failure) 582M->348M(852M) 4.876ms
[882.969s][info ][gc,cpu       ] GC(951) User=0.02s Sys=0.00s Real=0.00s
[882.969s][info ][safepoint    ] Leaving safepoint region
[882.969s][info ][safepoint    ] Total time for which application threads were stopped: 0.0050164 seconds, Stopping threads took: 0.0000138 seconds
[883.924s][info ][safepoint    ] Application time: 0.9553492 seconds
[883.924s][info ][safepoint    ] Entering safepoint region: GenCollectForAllocation
[883.924s][info ][gc,start     ] GC(952) Pause Young (Allocation Failure)
[883.924s][info ][gc,task      ] GC(952) Using 4 workers of 4 for evacuation
[883.931s][debug][gc,ref       ] GC(952) Skipped phase1 of Reference Processing due to unavailable references
[883.931s][debug][gc,ref       ] GC(952) Skipped phase2 of Reference Processing due to unavailable references
[883.931s][debug][gc,ref       ] GC(952) Skipped phase3 of Reference Processing due to unavailable references
[883.931s][debug][gc,ref       ] GC(952) Skipped phase4 of Reference Processing due to unavailable references
[883.931s][debug][gc,age       ] GC(952) Desired survivor size 15400960 bytes, new threshold 6 (max threshold 6)
[883.931s][info ][gc,heap      ] GC(952) ParNew: 245472K->4799K(270976K)
[883.931s][info ][gc,heap      ] GC(952) CMS: 352145K->352365K(602112K)
[883.931s][info ][gc,metaspace ] GC(952) Metaspace: 57654K->57654K(1101824K)
[883.931s][info ][gc           ] GC(952) Pause Young (Allocation Failure) 583M->348M(852M) 6.585ms
[883.931s][info ][gc,cpu       ] GC(952) User=0.02s Sys=0.00s Real=0.00s
[883.931s][info ][safepoint    ] Leaving safepoint region
[883.931s][info ][safepoint    ] Total time for which application threads were stopped: 0.0067683 seconds, Stopping threads took: 0.0000584 seconds
[885.048s][info ][safepoint    ] Application time: 1.1167614 seconds
[885.048s][info ][safepoint    ] Entering safepoint region: GenCollectForAllocation
[885.048s][info ][gc,start     ] GC(953) Pause Young (Allocation Failure)
[885.048s][info ][gc,task      ] GC(953) Using 4 workers of 4 for evacuation
[885.052s][debug][gc,ref       ] GC(953) Skipped phase1 of Reference Processing due to unavailable references
[885.052s][debug][gc,ref       ] GC(953) Skipped phase2 of Reference Processing due to unavailable references
[885.052s][debug][gc,ref       ] GC(953) Skipped phase3 of Reference Processing due to unavailable references
[885.052s][debug][gc,ref       ] GC(953) Skipped phase4 of Reference Processing due to unavailable references
[885.052s][debug][gc,age       ] GC(953) Desired survivor size 15400960 bytes, new threshold 6 (max threshold 6)
[885.052s][info ][gc,heap      ] GC(953) ParNew: 245695K->5464K(270976K)
[885.052s][info ][gc,heap      ] GC(953) CMS: 352365K->352377K(602112K)
[885.052s][info ][gc,metaspace ] GC(953) Metaspace: 57654K->57654K(1101824K)
[885.052s][info ][gc           ] GC(953) Pause Young (Allocation Failure) 584M->349M(852M) 4.673ms
[885.052s][info ][gc,cpu       ] GC(953) User=0.02s Sys=0.00s Real=0.00s
[885.052s][info ][safepoint    ] Leaving safepoint region
[885.053s][info ][safepoint    ] Total time for which application threads were stopped: 0.0048156 seconds, Stopping threads took: 0.0000147 seconds
[886.080s][info ][safepoint    ] Application time: 1.0275390 seconds
[886.080s][info ][safepoint    ] Entering safepoint region: GenCollectForAllocation
[886.080s][info ][gc,start     ] GC(954) Pause Young (Allocation Failure)
[886.080s][info ][gc,task      ] GC(954) Using 4 workers of 4 for evacuation
[886.086s][debug][gc,ref       ] GC(954) Skipped phase1 of Reference Processing due to unavailable references
[886.086s][debug][gc,ref       ] GC(954) Skipped phase2 of Reference Processing due to unavailable references
[886.086s][debug][gc,ref       ] GC(954) Skipped phase3 of Reference Processing due to unavailable references
[886.086s][debug][gc,ref       ] GC(954) Skipped phase4 of Reference Processing due to unavailable references
[886.087s][debug][gc,age       ] GC(954) Desired survivor size 15400960 bytes, new threshold 6 (max threshold 6)
[886.087s][info ][gc,heap      ] GC(954) ParNew: 246360K->3784K(270976K)
[886.087s][info ][gc,heap      ] GC(954) CMS: 352377K->352461K(602112K)
[886.087s][info ][gc,metaspace ] GC(954) Metaspace: 57654K->57654K(1101824K)
[886.087s][info ][gc           ] GC(954) Pause Young (Allocation Failure) 584M->347M(852M) 6.376ms
[886.087s][info ][gc,cpu       ] GC(954) User=0.02s Sys=0.00s Real=0.01s
[886.087s][info ][safepoint    ] Leaving safepoint region
[886.087s][info ][safepoint    ] Total time for which application threads were stopped: 0.0065365 seconds, Stopping threads took: 0.0000152 seconds
[887.103s][info ][safepoint    ] Application time: 1.0166694 seconds
[887.103s][info ][safepoint    ] Entering safepoint region: GenCollectForAllocation
[887.103s][info ][gc,start     ] GC(955) Pause Young (Allocation Failure)
[887.103s][info ][gc,task      ] GC(955) Using 4 workers of 4 for evacuation
[887.108s][debug][gc,ref       ] GC(955) Skipped phase1 of Reference Processing due to unavailable references
[887.108s][debug][gc,ref       ] GC(955) Skipped phase2 of Reference Processing due to unavailable references
[887.108s][debug][gc,ref       ] GC(955) Skipped phase3 of Reference Processing due to unavailable references
[887.108s][debug][gc,ref       ] GC(955) Skipped phase4 of Reference Processing due to unavailable references
[887.109s][debug][gc,age       ] GC(955) Desired survivor size 15400960 bytes, new threshold 6 (max threshold 6)
[887.109s][info ][gc,heap      ] GC(955) ParNew: 244680K->4348K(270976K)
[887.109s][info ][gc,heap      ] GC(955) CMS: 352461K->352691K(602112K)
[887.109s][info ][gc,metaspace ] GC(955) Metaspace: 57654K->57654K(1101824K)
[887.109s][info ][gc           ] GC(955) Pause Young (Allocation Failure) 583M->348M(852M) 5.167ms
[887.109s][info ][gc,cpu       ] GC(955) User=0.02s Sys=0.00s Real=0.00s
[887.109s][info ][safepoint    ] Leaving safepoint region
[887.109s][info ][safepoint    ] Total time for which application threads were stopped: 0.0053415 seconds, Stopping threads took: 0.0000331 seconds
[888.109s][info ][safepoint    ] Application time: 1.0000964 seconds
[888.109s][info ][safepoint    ] Entering safepoint region: Cleanup
[888.109s][info ][safepoint    ] Leaving safepoint region
[888.109s][info ][safepoint    ] Total time for which application threads were stopped: 0.0001512 seconds, Stopping threads took: 0.0000756 seconds
[888.128s][info ][safepoint    ] Application time: 0.0187765 seconds
[888.128s][info ][safepoint    ] Entering safepoint region: GenCollectForAllocation
[888.128s][info ][gc,start     ] GC(956) Pause Young (Allocation Failure)
[888.128s][info ][gc,task      ] GC(956) Using 4 workers of 4 for evacuation
[888.132s][debug][gc,ref       ] GC(956) Skipped phase1 of Reference Processing due to unavailable references
[888.132s][debug][gc,ref       ] GC(956) Skipped phase2 of Reference Processing due to unavailable references
[888.132s][debug][gc,ref       ] GC(956) Skipped phase3 of Reference Processing due to unavailable references
[888.132s][debug][gc,ref       ] GC(956) Skipped phase4 of Reference Processing due to unavailable references
[888.132s][debug][gc,age       ] GC(956) Desired survivor size 15400960 bytes, new threshold 6 (max threshold 6)
[888.132s][info ][gc,heap      ] GC(956) ParNew: 245244K->4421K(270976K)
[888.132s][info ][gc,heap      ] GC(956) CMS: 352691K->352718K(602112K)
[888.132s][info ][gc,metaspace ] GC(956) Metaspace: 57654K->57654K(1101824K)
[888.132s][info ][gc           ] GC(956) Pause Young (Allocation Failure) 583M->348M(852M) 4.620ms
[888.133s][info ][gc,cpu       ] GC(956) User=0.02s Sys=0.00s Real=0.00s
[888.133s][info ][safepoint    ] Leaving safepoint region
[888.133s][info ][safepoint    ] Total time for which application threads were stopped: 0.0047614 seconds, Stopping threads took: 0.0000133 seconds
[889.253s][info ][safepoint    ] Application time: 1.1204472 seconds
[889.253s][info ][safepoint    ] Entering safepoint region: GenCollectForAllocation
[889.253s][info ][gc,start     ] GC(957) Pause Young (Allocation Failure)
[889.253s][info ][gc,task      ] GC(957) Using 4 workers of 4 for evacuation
[889.258s][debug][gc,ref       ] GC(957) Skipped phase1 of Reference Processing due to unavailable references
[889.258s][debug][gc,ref       ] GC(957) Skipped phase2 of Reference Processing due to unavailable references
[889.258s][debug][gc,ref       ] GC(957) Skipped phase3 of Reference Processing due to unavailable references
[889.258s][debug][gc,ref       ] GC(957) Skipped phase4 of Reference Processing due to unavailable references
[889.258s][debug][gc,age       ] GC(957) Desired survivor size 15400960 bytes, new threshold 6 (max threshold 6)
[889.258s][info ][gc,heap      ] GC(957) ParNew: 245317K->4469K(270976K)
[889.258s][info ][gc,heap      ] GC(957) CMS: 352718K->352774K(602112K)
[889.258s][info ][gc,metaspace ] GC(957) Metaspace: 57654K->57654K(1101824K)
[889.258s][info ][gc           ] GC(957) Pause Young (Allocation Failure) 584M->348M(852M) 4.580ms
[889.258s][info ][gc,cpu       ] GC(957) User=0.02s Sys=0.00s Real=0.01s
[889.258s][info ][safepoint    ] Leaving safepoint region
[889.258s][info ][safepoint    ] Total time for which application threads were stopped: 0.0047617 seconds, Stopping threads took: 0.0000634 seconds
[890.228s][info ][safepoint    ] Application time: 0.9706728 seconds
[890.229s][info ][safepoint    ] Entering safepoint region: GenCollectForAllocation
[890.229s][info ][gc,start     ] GC(958) Pause Young (Allocation Failure)
[890.229s][info ][gc,task      ] GC(958) Using 4 workers of 4 for evacuation
[890.234s][debug][gc,ref       ] GC(958) Skipped phase1 of Reference Processing due to unavailable references
[890.234s][debug][gc,ref       ] GC(958) Skipped phase2 of Reference Processing due to unavailable references
[890.234s][debug][gc,ref       ] GC(958) Skipped phase3 of Reference Processing due to unavailable references
[890.234s][debug][gc,ref       ] GC(958) Skipped phase4 of Reference Processing due to unavailable references
[890.234s][debug][gc,age       ] GC(958) Desired survivor size 15400960 bytes, new threshold 6 (max threshold 6)
[890.234s][info ][gc,heap      ] GC(958) ParNew: 245365K->5467K(270976K)
[890.234s][info ][gc,heap      ] GC(958) CMS: 352774K->352885K(602112K)
[890.234s][info ][gc,metaspace ] GC(958) Metaspace: 57655K->57655K(1101824K)
[890.234s][info ][gc           ] GC(958) Pause Young (Allocation Failure) 584M->349M(852M) 5.736ms
[890.234s][info ][gc,cpu       ] GC(958) User=0.02s Sys=0.00s Real=0.00s
[890.234s][info ][safepoint    ] Leaving safepoint region
[890.234s][info ][safepoint    ] Total time for which application threads were stopped: 0.0059068 seconds, Stopping threads took: 0.0000360 seconds
[891.246s][info ][safepoint    ] Application time: 1.0120749 seconds
[891.247s][info ][safepoint    ] Entering safepoint region: GenCollectForAllocation
[891.247s][info ][gc,start     ] GC(959) Pause Young (Allocation Failure)
[891.247s][info ][gc,task      ] GC(959) Using 4 workers of 4 for evacuation
[891.260s][debug][gc,ref       ] GC(959) Skipped phase1 of Reference Processing due to unavailable references
[891.260s][debug][gc,ref       ] GC(959) Skipped phase2 of Reference Processing due to unavailable references
[891.260s][debug][gc,ref       ] GC(959) Skipped phase3 of Reference Processing due to unavailable references
[891.260s][debug][gc,ref       ] GC(959) Skipped phase4 of Reference Processing due to unavailable references
[891.260s][debug][gc,age       ] GC(959) Desired survivor size 15400960 bytes, new threshold 6 (max threshold 6)
[891.260s][info ][gc,heap      ] GC(959) ParNew: 246363K->5647K(270976K)
[891.260s][info ][gc,heap      ] GC(959) CMS: 352885K->352918K(602112K)
[891.260s][info ][gc,metaspace ] GC(959) Metaspace: 57655K->57655K(1101824K)
[891.260s][info ][gc           ] GC(959) Pause Young (Allocation Failure) 585M->350M(852M) 13.847ms
[891.260s][info ][gc,cpu       ] GC(959) User=0.04s Sys=0.01s Real=0.01s
[891.261s][info ][safepoint    ] Leaving safepoint region
[891.261s][info ][safepoint    ] Total time for which application threads were stopped: 0.0140014 seconds, Stopping threads took: 0.0000136 seconds
[892.261s][info ][safepoint    ] Application time: 1.0000982 seconds
[892.261s][info ][safepoint    ] Entering safepoint region: Cleanup
[892.261s][info ][safepoint    ] Leaving safepoint region
[892.261s][info ][safepoint    ] Total time for which application threads were stopped: 0.0001353 seconds, Stopping threads took: 0.0000555 seconds
[892.311s][info ][safepoint    ] Application time: 0.0497424 seconds
[892.311s][info ][safepoint    ] Entering safepoint region: GenCollectForAllocation
[892.311s][info ][gc,start     ] GC(960) Pause Young (Allocation Failure)
[892.311s][info ][gc,task      ] GC(960) Using 4 workers of 4 for evacuation
[892.316s][debug][gc,ref       ] GC(960) Skipped phase1 of Reference Processing due to unavailable references
[892.316s][debug][gc,ref       ] GC(960) Skipped phase2 of Reference Processing due to unavailable references
[892.316s][debug][gc,ref       ] GC(960) Skipped phase3 of Reference Processing due to unavailable references
[892.316s][debug][gc,ref       ] GC(960) Skipped phase4 of Reference Processing due to unavailable references
[892.316s][debug][gc,age       ] GC(960) Desired survivor size 15400960 bytes, new threshold 6 (max threshold 6)
[892.316s][info ][gc,heap      ] GC(960) ParNew: 246543K->4031K(270976K)
[892.316s][info ][gc,heap      ] GC(960) CMS: 352918K->353196K(602112K)
[892.316s][info ][gc,metaspace ] GC(960) Metaspace: 57657K->57657K(1101824K)
[892.316s][info ][gc           ] GC(960) Pause Young (Allocation Failure) 585M->348M(852M) 5.287ms
[892.316s][info ][gc,cpu       ] GC(960) User=0.02s Sys=0.01s Real=0.01s
[892.316s][info ][safepoint    ] Leaving safepoint region
[892.316s][info ][safepoint    ] Total time for which application threads were stopped: 0.0054271 seconds, Stopping threads took: 0.0000124 seconds
[893.369s][info ][safepoint    ] Application time: 1.0526960 seconds
[893.369s][info ][safepoint    ] Entering safepoint region: GenCollectForAllocation
[893.369s][info ][gc,start     ] GC(961) Pause Young (Allocation Failure)
[893.369s][info ][gc,task      ] GC(961) Using 4 workers of 4 for evacuation
[893.373s][debug][gc,ref       ] GC(961) Skipped phase1 of Reference Processing due to unavailable references
[893.373s][debug][gc,ref       ] GC(961) Skipped phase2 of Reference Processing due to unavailable references
[893.373s][debug][gc,ref       ] GC(961) Skipped phase3 of Reference Processing due to unavailable references
[893.373s][debug][gc,ref       ] GC(961) Skipped phase4 of Reference Processing due to unavailable references
[893.374s][debug][gc,age       ] GC(961) Desired survivor size 15400960 bytes, new threshold 6 (max threshold 6)
[893.374s][info ][gc,heap      ] GC(961) ParNew: 244927K->4397K(270976K)
[893.374s][info ][gc,heap      ] GC(961) CMS: 353196K->353598K(602112K)
[893.374s][info ][gc,metaspace ] GC(961) Metaspace: 57657K->57657K(1101824K)
[893.374s][info ][gc           ] GC(961) Pause Young (Allocation Failure) 584M->349M(852M) 4.799ms
[893.374s][info ][gc,cpu       ] GC(961) User=0.02s Sys=0.00s Real=0.00s
[893.374s][info ][safepoint    ] Leaving safepoint region
[893.374s][info ][safepoint    ] Total time for which application threads were stopped: 0.0049593 seconds, Stopping threads took: 0.0000141 seconds
[894.339s][info ][safepoint    ] Application time: 0.9652100 seconds
[894.339s][info ][safepoint    ] Entering safepoint region: GenCollectForAllocation
[894.339s][info ][gc,start     ] GC(962) Pause Young (Allocation Failure)
[894.339s][info ][gc,task      ] GC(962) Using 4 workers of 4 for evacuation
[894.344s][debug][gc,ref       ] GC(962) Skipped phase1 of Reference Processing due to unavailable references
[894.344s][debug][gc,ref       ] GC(962) Skipped phase2 of Reference Processing due to unavailable references
[894.344s][debug][gc,ref       ] GC(962) Skipped phase3 of Reference Processing due to unavailable references
[894.344s][debug][gc,ref       ] GC(962) Skipped phase4 of Reference Processing due to unavailable references
[894.344s][debug][gc,age       ] GC(962) Desired survivor size 15400960 bytes, new threshold 6 (max threshold 6)
[894.344s][info ][gc,heap      ] GC(962) ParNew: 245293K->4453K(270976K)
[894.344s][info ][gc,heap      ] GC(962) CMS: 353598K->353734K(602112K)
[894.344s][info ][gc,metaspace ] GC(962) Metaspace: 57659K->57659K(1101824K)
[894.344s][info ][gc           ] GC(962) Pause Young (Allocation Failure) 584M->349M(852M) 4.857ms
[894.344s][info ][gc,cpu       ] GC(962) User=0.02s Sys=0.00s Real=0.01s
[894.344s][info ][safepoint    ] Leaving safepoint region
[894.344s][info ][safepoint    ] Total time for which application threads were stopped: 0.0050101 seconds, Stopping threads took: 0.0000153 seconds
[895.313s][info ][safepoint    ] Application time: 0.9691030 seconds
[895.313s][info ][safepoint    ] Entering safepoint region: GenCollectForAllocation
[895.313s][info ][gc,start     ] GC(963) Pause Young (Allocation Failure)
[895.313s][info ][gc,task      ] GC(963) Using 4 workers of 4 for evacuation
[895.318s][debug][gc,ref       ] GC(963) Skipped phase1 of Reference Processing due to unavailable references
[895.318s][debug][gc,ref       ] GC(963) Skipped phase2 of Reference Processing due to unavailable references
[895.318s][debug][gc,ref       ] GC(963) Skipped phase3 of Reference Processing due to unavailable references
[895.318s][debug][gc,ref       ] GC(963) Skipped phase4 of Reference Processing due to unavailable references
[895.318s][debug][gc,age       ] GC(963) Desired survivor size 15400960 bytes, new threshold 6 (max threshold 6)
[895.318s][info ][gc,heap      ] GC(963) ParNew: 245349K->5066K(270976K)
[895.318s][info ][gc,heap      ] GC(963) CMS: 353734K->353773K(602112K)
[895.318s][info ][gc,metaspace ] GC(963) Metaspace: 57659K->57659K(1101824K)
[895.318s][info ][gc           ] GC(963) Pause Young (Allocation Failure) 585M->350M(852M) 4.866ms
[895.318s][info ][gc,cpu       ] GC(963) User=0.01s Sys=0.00s Real=0.01s
[895.318s][info ][safepoint    ] Leaving safepoint region
[895.318s][info ][safepoint    ] Total time for which application threads were stopped: 0.0050066 seconds, Stopping threads took: 0.0000135 seconds
[896.331s][info ][safepoint    ] Application time: 1.0124279 seconds
[896.331s][info ][safepoint    ] Entering safepoint region: GenCollectForAllocation
[896.331s][info ][gc,start     ] GC(964) Pause Young (Allocation Failure)
[896.331s][info ][gc,task      ] GC(964) Using 4 workers of 4 for evacuation
[896.336s][debug][gc,ref       ] GC(964) Skipped phase1 of Reference Processing due to unavailable references
[896.336s][debug][gc,ref       ] GC(964) Skipped phase2 of Reference Processing due to unavailable references
[896.336s][debug][gc,ref       ] GC(964) Skipped phase3 of Reference Processing due to unavailable references
[896.336s][debug][gc,ref       ] GC(964) Skipped phase4 of Reference Processing due to unavailable references
[896.336s][debug][gc,age       ] GC(964) Desired survivor size 15400960 bytes, new threshold 6 (max threshold 6)
[896.336s][info ][gc,heap      ] GC(964) ParNew: 245962K->3085K(270976K)
[896.336s][info ][gc,heap      ] GC(964) CMS: 353773K->353963K(602112K)
[896.336s][info ][gc,metaspace ] GC(964) Metaspace: 57659K->57659K(1101824K)
[896.336s][info ][gc           ] GC(964) Pause Young (Allocation Failure) 585M->348M(852M) 5.205ms
[896.336s][info ][gc,cpu       ] GC(964) User=0.02s Sys=0.00s Real=0.01s
[896.336s][info ][safepoint    ] Leaving safepoint region
[896.336s][info ][safepoint    ] Total time for which application threads were stopped: 0.0053610 seconds, Stopping threads took: 0.0000150 seconds
[897.262s][info ][safepoint    ] Application time: 0.9264120 seconds
[897.262s][info ][safepoint    ] Entering safepoint region: GenCollectForAllocation
[897.263s][info ][gc,start     ] GC(965) Pause Young (Allocation Failure)
[897.263s][info ][gc,task      ] GC(965) Using 4 workers of 4 for evacuation
[897.268s][debug][gc,ref       ] GC(965) Skipped phase1 of Reference Processing due to unavailable references
[897.268s][debug][gc,ref       ] GC(965) Skipped phase2 of Reference Processing due to unavailable references
[897.268s][debug][gc,ref       ] GC(965) Skipped phase3 of Reference Processing due to unavailable references
[897.268s][debug][gc,ref       ] GC(965) Skipped phase4 of Reference Processing due to unavailable references
[897.268s][debug][gc,age       ] GC(965) Desired survivor size 15400960 bytes, new threshold 6 (max threshold 6)
[897.268s][info ][gc,heap      ] GC(965) ParNew: 243981K->4480K(270976K)
[897.268s][info ][gc,heap      ] GC(965) CMS: 353963K->354012K(602112K)
[897.268s][info ][gc,metaspace ] GC(965) Metaspace: 57659K->57659K(1101824K)
[897.268s][info ][gc           ] GC(965) Pause Young (Allocation Failure) 583M->350M(852M) 5.768ms
[897.268s][info ][gc,cpu       ] GC(965) User=0.02s Sys=0.00s Real=0.01s
[897.268s][info ][safepoint    ] Leaving safepoint region
[897.268s][info ][safepoint    ] Total time for which application threads were stopped: 0.0059796 seconds, Stopping threads took: 0.0000164 seconds
[898.307s][info ][safepoint    ] Application time: 1.0383807 seconds
[898.307s][info ][safepoint    ] Entering safepoint region: GenCollectForAllocation
[898.307s][info ][gc,start     ] GC(966) Pause Young (Allocation Failure)
[898.307s][info ][gc,task      ] GC(966) Using 4 workers of 4 for evacuation
[898.312s][debug][gc,ref       ] GC(966) Skipped phase1 of Reference Processing due to unavailable references
[898.312s][debug][gc,ref       ] GC(966) Skipped phase2 of Reference Processing due to unavailable references
[898.312s][debug][gc,ref       ] GC(966) Skipped phase3 of Reference Processing due to unavailable references
[898.312s][debug][gc,ref       ] GC(966) Skipped phase4 of Reference Processing due to unavailable references
[898.312s][debug][gc,age       ] GC(966) Desired survivor size 15400960 bytes, new threshold 6 (max threshold 6)
[898.312s][info ][gc,heap      ] GC(966) ParNew: 245376K->3873K(270976K)
[898.312s][info ][gc,heap      ] GC(966) CMS: 354012K->354163K(602112K)
[898.312s][info ][gc,metaspace ] GC(966) Metaspace: 57659K->57659K(1101824K)
[898.312s][info ][gc           ] GC(966) Pause Young (Allocation Failure) 585M->349M(852M) 5.129ms
[898.312s][info ][gc,cpu       ] GC(966) User=0.01s Sys=0.00s Real=0.00s
[898.312s][info ][safepoint    ] Leaving safepoint region
[898.312s][info ][safepoint    ] Total time for which application threads were stopped: 0.0052805 seconds, Stopping threads took: 0.0000144 seconds
[899.139s][info ][safepoint    ] Application time: 0.8267408 seconds
[899.139s][info ][safepoint    ] Entering safepoint region: GenCollectForAllocation
[899.139s][info ][gc,start     ] GC(967) Pause Young (Allocation Failure)
[899.139s][info ][gc,task      ] GC(967) Using 4 workers of 4 for evacuation
[899.144s][debug][gc,ref       ] GC(967) Skipped phase1 of Reference Processing due to unavailable references
[899.144s][debug][gc,ref       ] GC(967) Skipped phase2 of Reference Processing due to unavailable references
[899.144s][debug][gc,ref       ] GC(967) Skipped phase3 of Reference Processing due to unavailable references
[899.144s][debug][gc,ref       ] GC(967) Skipped phase4 of Reference Processing due to unavailable references
[899.144s][debug][gc,age       ] GC(967) Desired survivor size 15400960 bytes, new threshold 6 (max threshold 6)
[899.144s][info ][gc,heap      ] GC(967) ParNew: 244769K->4228K(270976K)
[899.144s][info ][gc,heap      ] GC(967) CMS: 354163K->354264K(602112K)
[899.144s][info ][gc,metaspace ] GC(967) Metaspace: 57660K->57660K(1101824K)
[899.144s][info ][gc           ] GC(967) Pause Young (Allocation Failure) 584M->350M(852M) 4.986ms
[899.144s][info ][gc,cpu       ] GC(967) User=0.02s Sys=0.00s Real=0.01s
[899.144s][info ][safepoint    ] Leaving safepoint region
[899.144s][info ][safepoint    ] Total time for which application threads were stopped: 0.0051456 seconds, Stopping threads took: 0.0000134 seconds
[900.091s][info ][safepoint    ] Application time: 0.9468614 seconds
[900.091s][info ][safepoint    ] Entering safepoint region: GenCollectForAllocation
[900.091s][info ][gc,start     ] GC(968) Pause Young (Allocation Failure)
[900.091s][info ][gc,task      ] GC(968) Using 4 workers of 4 for evacuation
[900.097s][debug][gc,ref       ] GC(968) Skipped phase1 of Reference Processing due to unavailable references
[900.097s][debug][gc,ref       ] GC(968) Skipped phase2 of Reference Processing due to unavailable references
[900.097s][debug][gc,ref       ] GC(968) Skipped phase3 of Reference Processing due to unavailable references
[900.097s][debug][gc,ref       ] GC(968) Skipped phase4 of Reference Processing due to unavailable references
[900.097s][debug][gc,age       ] GC(968) Desired survivor size 15400960 bytes, new threshold 6 (max threshold 6)
[900.097s][info ][gc,heap      ] GC(968) ParNew: 245124K->3705K(270976K)
[900.097s][info ][gc,heap      ] GC(968) CMS: 354264K->354322K(602112K)
[900.097s][info ][gc,metaspace ] GC(968) Metaspace: 57660K->57660K(1101824K)
[900.097s][info ][gc           ] GC(968) Pause Young (Allocation Failure) 585M->349M(852M) 5.868ms
[900.097s][info ][gc,cpu       ] GC(968) User=0.02s Sys=0.00s Real=0.01s
[900.097s][info ][safepoint    ] Leaving safepoint region
[900.097s][info ][safepoint    ] Total time for which application threads were stopped: 0.0060246 seconds, Stopping threads took: 0.0000142 seconds
[901.121s][info ][safepoint    ] Application time: 1.0242298 seconds
[901.121s][info ][safepoint    ] Entering safepoint region: GenCollectForAllocation
[901.121s][info ][gc,start     ] GC(969) Pause Young (Allocation Failure)
[901.121s][info ][gc,task      ] GC(969) Using 4 workers of 4 for evacuation
[901.132s][debug][gc,ref       ] GC(969) Skipped phase1 of Reference Processing due to unavailable references
[901.132s][debug][gc,ref       ] GC(969) Skipped phase2 of Reference Processing due to unavailable references
[901.132s][debug][gc,ref       ] GC(969) Skipped phase3 of Reference Processing due to unavailable references
[901.132s][debug][gc,ref       ] GC(969) Skipped phase4 of Reference Processing due to unavailable references
[901.132s][debug][gc,age       ] GC(969) Desired survivor size 15400960 bytes, new threshold 6 (max threshold 6)
[901.132s][info ][gc,heap      ] GC(969) ParNew: 244601K->3837K(270976K)
[901.132s][info ][gc,heap      ] GC(969) CMS: 354322K->354469K(602112K)
[901.132s][info ][gc,metaspace ] GC(969) Metaspace: 57660K->57660K(1101824K)
[901.132s][info ][gc           ] GC(969) Pause Young (Allocation Failure) 584M->349M(852M) 10.476ms
[901.132s][info ][gc,cpu       ] GC(969) User=0.02s Sys=0.00s Real=0.01s
[901.132s][info ][safepoint    ] Leaving safepoint region
[901.132s][info ][safepoint    ] Total time for which application threads were stopped: 0.0106363 seconds, Stopping threads took: 0.0000146 seconds
[902.124s][info ][safepoint    ] Application time: 0.9917047 seconds
[902.124s][info ][safepoint    ] Entering safepoint region: GenCollectForAllocation
[902.124s][info ][gc,start     ] GC(970) Pause Young (Allocation Failure)
[902.124s][info ][gc,task      ] GC(970) Using 4 workers of 4 for evacuation
[902.132s][debug][gc,ref       ] GC(970) Skipped phase1 of Reference Processing due to unavailable references
[902.132s][debug][gc,ref       ] GC(970) Skipped phase2 of Reference Processing due to unavailable references
[902.132s][debug][gc,ref       ] GC(970) Skipped phase3 of Reference Processing due to unavailable references
[902.132s][debug][gc,ref       ] GC(970) Skipped phase4 of Reference Processing due to unavailable references
[902.132s][debug][gc,age       ] GC(970) Desired survivor size 15400960 bytes, new threshold 6 (max threshold 6)
[902.132s][info ][gc,heap      ] GC(970) ParNew: 244733K->4260K(270976K)
[902.132s][info ][gc,heap      ] GC(970) CMS: 354469K->354512K(602112K)
[902.132s][info ][gc,metaspace ] GC(970) Metaspace: 57660K->57660K(1101824K)
[902.132s][info ][gc           ] GC(970) Pause Young (Allocation Failure) 585M->350M(852M) 8.334ms
[902.132s][info ][gc,cpu       ] GC(970) User=0.01s Sys=0.00s Real=0.00s
[902.132s][info ][safepoint    ] Leaving safepoint region
[902.132s][info ][safepoint    ] Total time for which application threads were stopped: 0.0085006 seconds, Stopping threads took: 0.0000254 seconds
[903.107s][info ][safepoint    ] Application time: 0.9746643 seconds
[903.107s][info ][safepoint    ] Entering safepoint region: GenCollectForAllocation
[903.107s][info ][gc,start     ] GC(971) Pause Young (Allocation Failure)
[903.107s][info ][gc,task      ] GC(971) Using 4 workers of 4 for evacuation
[903.111s][debug][gc,ref       ] GC(971) Skipped phase1 of Reference Processing due to unavailable references
[903.111s][debug][gc,ref       ] GC(971) Skipped phase2 of Reference Processing due to unavailable references
[903.111s][debug][gc,ref       ] GC(971) Skipped phase3 of Reference Processing due to unavailable references
[903.111s][debug][gc,ref       ] GC(971) Skipped phase4 of Reference Processing due to unavailable references
[903.111s][debug][gc,age       ] GC(971) Desired survivor size 15400960 bytes, new threshold 6 (max threshold 6)
[903.111s][info ][gc,heap      ] GC(971) ParNew: 245156K->3548K(270976K)
[903.111s][info ][gc,heap      ] GC(971) CMS: 354512K->354797K(602112K)
[903.111s][info ][gc,metaspace ] GC(971) Metaspace: 57660K->57660K(1101824K)
[903.111s][info ][gc           ] GC(971) Pause Young (Allocation Failure) 585M->349M(852M) 4.519ms
[903.111s][info ][gc,cpu       ] GC(971) User=0.02s Sys=0.00s Real=0.00s
[903.111s][info ][safepoint    ] Leaving safepoint region
[903.111s][info ][safepoint    ] Total time for which application threads were stopped: 0.0046913 seconds, Stopping threads took: 0.0000145 seconds
[904.116s][info ][safepoint    ] Application time: 1.0050302 seconds
[904.117s][info ][safepoint    ] Entering safepoint region: GenCollectForAllocation
[904.117s][info ][gc,start     ] GC(972) Pause Young (Allocation Failure)
[904.117s][info ][gc,task      ] GC(972) Using 4 workers of 4 for evacuation
[904.133s][debug][gc,ref       ] GC(972) Skipped phase1 of Reference Processing due to unavailable references
[904.133s][debug][gc,ref       ] GC(972) Skipped phase2 of Reference Processing due to unavailable references
[904.133s][debug][gc,ref       ] GC(972) Skipped phase3 of Reference Processing due to unavailable references
[904.133s][debug][gc,ref       ] GC(972) Skipped phase4 of Reference Processing due to unavailable references
[904.133s][debug][gc,age       ] GC(972) Desired survivor size 15400960 bytes, new threshold 6 (max threshold 6)
[904.133s][info ][gc,heap      ] GC(972) ParNew: 244444K->3355K(270976K)
[904.133s][info ][gc,heap      ] GC(972) CMS: 354797K->354900K(602112K)
[904.133s][info ][gc,metaspace ] GC(972) Metaspace: 57660K->57660K(1101824K)
[904.133s][info ][gc           ] GC(972) Pause Young (Allocation Failure) 585M->349M(852M) 16.286ms
[904.133s][info ][gc,cpu       ] GC(972) User=0.05s Sys=0.00s Real=0.01s
[904.133s][info ][safepoint    ] Leaving safepoint region
[904.133s][info ][safepoint    ] Total time for which application threads were stopped: 0.0164714 seconds, Stopping threads took: 0.0000147 seconds
[905.168s][info ][safepoint    ] Application time: 1.0349340 seconds
[905.168s][info ][safepoint    ] Entering safepoint region: GenCollectForAllocation
[905.168s][info ][gc,start     ] GC(973) Pause Young (Allocation Failure)
[905.168s][info ][gc,task      ] GC(973) Using 4 workers of 4 for evacuation
[905.183s][debug][gc,ref       ] GC(973) Skipped phase1 of Reference Processing due to unavailable references
[905.183s][debug][gc,ref       ] GC(973) Skipped phase2 of Reference Processing due to unavailable references
[905.183s][debug][gc,ref       ] GC(973) Skipped phase3 of Reference Processing due to unavailable references
[905.183s][debug][gc,ref       ] GC(973) Skipped phase4 of Reference Processing due to unavailable references
[905.183s][debug][gc,age       ] GC(973) Desired survivor size 15400960 bytes, new threshold 6 (max threshold 6)
[905.183s][info ][gc,heap      ] GC(973) ParNew: 244251K->4493K(270976K)
[905.183s][info ][gc,heap      ] GC(973) CMS: 354900K->355188K(602112K)
[905.183s][info ][gc,metaspace ] GC(973) Metaspace: 57660K->57660K(1101824K)
[905.183s][info ][gc           ] GC(973) Pause Young (Allocation Failure) 585M->351M(852M) 15.028ms
[905.183s][info ][gc,cpu       ] GC(973) User=0.02s Sys=0.00s Real=0.01s
[905.183s][info ][safepoint    ] Leaving safepoint region
[905.183s][info ][safepoint    ] Total time for which application threads were stopped: 0.0151934 seconds, Stopping threads took: 0.0000142 seconds
[906.183s][info ][safepoint    ] Application time: 1.0001448 seconds
[906.183s][info ][safepoint    ] Entering safepoint region: Cleanup
[906.183s][info ][safepoint    ] Leaving safepoint region
[906.183s][info ][safepoint    ] Total time for which application threads were stopped: 0.0001136 seconds, Stopping threads took: 0.0000154 seconds
[906.235s][info ][safepoint    ] Application time: 0.0520379 seconds
[906.236s][info ][safepoint    ] Entering safepoint region: GenCollectForAllocation
[906.236s][info ][gc,start     ] GC(974) Pause Young (Allocation Failure)
[906.236s][info ][gc,task      ] GC(974) Using 4 workers of 4 for evacuation
[906.241s][debug][gc,ref       ] GC(974) Skipped phase1 of Reference Processing due to unavailable references
[906.241s][debug][gc,ref       ] GC(974) Skipped phase2 of Reference Processing due to unavailable references
[906.241s][debug][gc,ref       ] GC(974) Skipped phase3 of Reference Processing due to unavailable references
[906.241s][debug][gc,ref       ] GC(974) Skipped phase4 of Reference Processing due to unavailable references
[906.241s][debug][gc,age       ] GC(974) Desired survivor size 15400960 bytes, new threshold 6 (max threshold 6)
[906.241s][info ][gc,heap      ] GC(974) ParNew: 245389K->3282K(270976K)
[906.241s][info ][gc,heap      ] GC(974) CMS: 355188K->355348K(602112K)
[906.241s][info ][gc,metaspace ] GC(974) Metaspace: 57660K->57660K(1101824K)
[906.241s][info ][gc           ] GC(974) Pause Young (Allocation Failure) 586M->350M(852M) 5.662ms
[906.241s][info ][gc,cpu       ] GC(974) User=0.02s Sys=0.00s Real=0.00s
[906.241s][info ][safepoint    ] Leaving safepoint region
[906.241s][info ][safepoint    ] Total time for which application threads were stopped: 0.0058172 seconds, Stopping threads took: 0.0000142 seconds
[907.167s][info ][safepoint    ] Application time: 0.9258967 seconds
[907.167s][info ][safepoint    ] Entering safepoint region: GenCollectForAllocation
[907.167s][info ][gc,start     ] GC(975) Pause Young (Allocation Failure)
[907.167s][info ][gc,task      ] GC(975) Using 4 workers of 4 for evacuation
[907.178s][debug][gc,ref       ] GC(975) Skipped phase1 of Reference Processing due to unavailable references
[907.178s][debug][gc,ref       ] GC(975) Skipped phase2 of Reference Processing due to unavailable references
[907.178s][debug][gc,ref       ] GC(975) Skipped phase3 of Reference Processing due to unavailable references
[907.178s][debug][gc,ref       ] GC(975) Skipped phase4 of Reference Processing due to unavailable references
[907.178s][debug][gc,age       ] GC(975) Desired survivor size 15400960 bytes, new threshold 6 (max threshold 6)
[907.178s][info ][gc,heap      ] GC(975) ParNew: 244178K->3373K(270976K)
[907.178s][info ][gc,heap      ] GC(975) CMS: 355348K->355439K(602112K)
[907.178s][info ][gc,metaspace ] GC(975) Metaspace: 57660K->57660K(1101824K)
[907.178s][info ][gc           ] GC(975) Pause Young (Allocation Failure) 585M->350M(852M) 10.596ms
[907.178s][info ][gc,cpu       ] GC(975) User=0.02s Sys=0.00s Real=0.01s
[907.178s][info ][safepoint    ] Leaving safepoint region
[907.178s][info ][safepoint    ] Total time for which application threads were stopped: 0.0107651 seconds, Stopping threads took: 0.0000144 seconds
[908.013s][info ][safepoint    ] Application time: 0.8350360 seconds
[908.013s][info ][safepoint    ] Entering safepoint region: GenCollectForAllocation
[908.013s][info ][gc,start     ] GC(976) Pause Young (Allocation Failure)
[908.013s][info ][gc,task      ] GC(976) Using 4 workers of 4 for evacuation
[908.018s][debug][gc,ref       ] GC(976) Skipped phase1 of Reference Processing due to unavailable references
[908.018s][debug][gc,ref       ] GC(976) Skipped phase2 of Reference Processing due to unavailable references
[908.018s][debug][gc,ref       ] GC(976) Skipped phase3 of Reference Processing due to unavailable references
[908.018s][debug][gc,ref       ] GC(976) Skipped phase4 of Reference Processing due to unavailable references
[908.018s][debug][gc,age       ] GC(976) Desired survivor size 15400960 bytes, new threshold 6 (max threshold 6)
[908.018s][info ][gc,heap      ] GC(976) ParNew: 244269K->4266K(270976K)
[908.018s][info ][gc,heap      ] GC(976) CMS: 355439K->355451K(602112K)
[908.018s][info ][gc,metaspace ] GC(976) Metaspace: 57660K->57660K(1101824K)
[908.018s][info ][gc           ] GC(976) Pause Young (Allocation Failure) 585M->351M(852M) 4.535ms
[908.018s][info ][gc,cpu       ] GC(976) User=0.02s Sys=0.00s Real=0.01s
[908.018s][info ][safepoint    ] Leaving safepoint region
[908.018s][info ][safepoint    ] Total time for which application threads were stopped: 0.0046765 seconds, Stopping threads took: 0.0000130 seconds
[909.116s][info ][safepoint    ] Application time: 1.0983881 seconds
[909.116s][info ][safepoint    ] Entering safepoint region: GenCollectForAllocation
[909.116s][info ][gc,start     ] GC(977) Pause Young (Allocation Failure)
[909.116s][info ][gc,task      ] GC(977) Using 4 workers of 4 for evacuation
[909.121s][debug][gc,ref       ] GC(977) Skipped phase1 of Reference Processing due to unavailable references
[909.121s][debug][gc,ref       ] GC(977) Skipped phase2 of Reference Processing due to unavailable references
[909.121s][debug][gc,ref       ] GC(977) Skipped phase3 of Reference Processing due to unavailable references
[909.121s][debug][gc,ref       ] GC(977) Skipped phase4 of Reference Processing due to unavailable references
[909.121s][debug][gc,age       ] GC(977) Desired survivor size 15400960 bytes, new threshold 6 (max threshold 6)
[909.121s][info ][gc,heap      ] GC(977) ParNew: 245162K->3901K(270976K)
[909.121s][info ][gc,heap      ] GC(977) CMS: 355451K->355559K(602112K)
[909.121s][info ][gc,metaspace ] GC(977) Metaspace: 57660K->57660K(1101824K)
[909.121s][info ][gc           ] GC(977) Pause Young (Allocation Failure) 586M->351M(852M) 4.424ms
[909.121s][info ][gc,cpu       ] GC(977) User=0.02s Sys=0.00s Real=0.00s
[909.121s][info ][safepoint    ] Leaving safepoint region
[909.121s][info ][safepoint    ] Total time for which application threads were stopped: 0.0045930 seconds, Stopping threads took: 0.0000380 seconds
[910.121s][info ][safepoint    ] Application time: 1.0000966 seconds
[910.121s][info ][safepoint    ] Entering safepoint region: Cleanup
[910.121s][info ][safepoint    ] Leaving safepoint region
[910.121s][info ][safepoint    ] Total time for which application threads were stopped: 0.0001587 seconds, Stopping threads took: 0.0000798 seconds
[910.142s][info ][safepoint    ] Application time: 0.0205297 seconds
[910.142s][info ][safepoint    ] Entering safepoint region: GenCollectForAllocation
[910.142s][info ][gc,start     ] GC(978) Pause Young (Allocation Failure)
[910.142s][info ][gc,task      ] GC(978) Using 4 workers of 4 for evacuation
[910.147s][debug][gc,ref       ] GC(978) Skipped phase1 of Reference Processing due to unavailable references
[910.147s][debug][gc,ref       ] GC(978) Skipped phase2 of Reference Processing due to unavailable references
[910.147s][debug][gc,ref       ] GC(978) Skipped phase3 of Reference Processing due to unavailable references
[910.147s][debug][gc,ref       ] GC(978) Skipped phase4 of Reference Processing due to unavailable references
[910.147s][debug][gc,age       ] GC(978) Desired survivor size 15400960 bytes, new threshold 6 (max threshold 6)
[910.147s][info ][gc,heap      ] GC(978) ParNew: 244797K->3889K(270976K)
[910.147s][info ][gc,heap      ] GC(978) CMS: 355559K->355659K(602112K)
[910.147s][info ][gc,metaspace ] GC(978) Metaspace: 57660K->57660K(1101824K)
[910.147s][info ][gc           ] GC(978) Pause Young (Allocation Failure) 586M->351M(852M) 5.083ms
[910.147s][info ][gc,cpu       ] GC(978) User=0.02s Sys=0.00s Real=0.01s
[910.147s][info ][safepoint    ] Leaving safepoint region
[910.147s][info ][safepoint    ] Total time for which application threads were stopped: 0.0052586 seconds, Stopping threads took: 0.0000147 seconds
[911.053s][info ][safepoint    ] Application time: 0.9059478 seconds
[911.053s][info ][safepoint    ] Entering safepoint region: GenCollectForAllocation
[911.053s][info ][gc,start     ] GC(979) Pause Young (Allocation Failure)
[911.053s][info ][gc,task      ] GC(979) Using 4 workers of 4 for evacuation
[911.058s][debug][gc,ref       ] GC(979) Skipped phase1 of Reference Processing due to unavailable references
[911.058s][debug][gc,ref       ] GC(979) Skipped phase2 of Reference Processing due to unavailable references
[911.058s][debug][gc,ref       ] GC(979) Skipped phase3 of Reference Processing due to unavailable references
[911.058s][debug][gc,ref       ] GC(979) Skipped phase4 of Reference Processing due to unavailable references
[911.059s][debug][gc,age       ] GC(979) Desired survivor size 15400960 bytes, new threshold 6 (max threshold 6)
[911.059s][info ][gc,heap      ] GC(979) ParNew: 244785K->4638K(270976K)
[911.059s][info ][gc,heap      ] GC(979) CMS: 355659K->355756K(602112K)
[911.059s][info ][gc,metaspace ] GC(979) Metaspace: 57660K->57660K(1101824K)
[911.059s][info ][gc           ] GC(979) Pause Young (Allocation Failure) 586M->351M(852M) 5.543ms
[911.059s][info ][gc,cpu       ] GC(979) User=0.02s Sys=0.00s Real=0.01s
[911.059s][info ][safepoint    ] Leaving safepoint region
[911.059s][info ][safepoint    ] Total time for which application threads were stopped: 0.0056996 seconds, Stopping threads took: 0.0000144 seconds
[911.960s][info ][safepoint    ] Application time: 0.9011608 seconds
[911.960s][info ][safepoint    ] Entering safepoint region: GenCollectForAllocation
[911.960s][info ][gc,start     ] GC(980) Pause Young (Allocation Failure)
[911.960s][info ][gc,task      ] GC(980) Using 4 workers of 4 for evacuation
[911.965s][debug][gc,ref       ] GC(980) Skipped phase1 of Reference Processing due to unavailable references
[911.965s][debug][gc,ref       ] GC(980) Skipped phase2 of Reference Processing due to unavailable references
[911.965s][debug][gc,ref       ] GC(980) Skipped phase3 of Reference Processing due to unavailable references
[911.965s][debug][gc,ref       ] GC(980) Skipped phase4 of Reference Processing due to unavailable references
[911.965s][debug][gc,age       ] GC(980) Desired survivor size 15400960 bytes, new threshold 6 (max threshold 6)
[911.965s][info ][gc,heap      ] GC(980) ParNew: 245534K->4890K(270976K)
[911.965s][info ][gc,heap      ] GC(980) CMS: 355756K->355929K(602112K)
[911.965s][info ][gc,metaspace ] GC(980) Metaspace: 57660K->57660K(1101824K)
[911.965s][info ][gc           ] GC(980) Pause Young (Allocation Failure) 587M->352M(852M) 5.008ms
[911.965s][info ][gc,cpu       ] GC(980) User=0.02s Sys=0.00s Real=0.01s
[911.965s][info ][safepoint    ] Leaving safepoint region
[911.965s][info ][safepoint    ] Total time for which application threads were stopped: 0.0051666 seconds, Stopping threads took: 0.0000137 seconds
[912.919s][info ][safepoint    ] Application time: 0.9541125 seconds
[912.919s][info ][safepoint    ] Entering safepoint region: GenCollectForAllocation
[912.919s][info ][gc,start     ] GC(981) Pause Young (Allocation Failure)
[912.919s][info ][gc,task      ] GC(981) Using 4 workers of 4 for evacuation
[912.924s][debug][gc,ref       ] GC(981) Skipped phase1 of Reference Processing due to unavailable references
[912.924s][debug][gc,ref       ] GC(981) Skipped phase2 of Reference Processing due to unavailable references
[912.924s][debug][gc,ref       ] GC(981) Skipped phase3 of Reference Processing due to unavailable references
[912.924s][debug][gc,ref       ] GC(981) Skipped phase4 of Reference Processing due to unavailable references
[912.924s][debug][gc,age       ] GC(981) Desired survivor size 15400960 bytes, new threshold 6 (max threshold 6)
[912.924s][info ][gc,heap      ] GC(981) ParNew: 245786K->3724K(270976K)
[912.924s][info ][gc,heap      ] GC(981) CMS: 355929K->356073K(602112K)
[912.924s][info ][gc,metaspace ] GC(981) Metaspace: 57660K->57660K(1101824K)
[912.924s][info ][gc           ] GC(981) Pause Young (Allocation Failure) 587M->351M(852M) 4.882ms
[912.924s][info ][gc,cpu       ] GC(981) User=0.02s Sys=0.00s Real=0.01s
[912.924s][info ][safepoint    ] Leaving safepoint region
[912.924s][info ][safepoint    ] Total time for which application threads were stopped: 0.0050397 seconds, Stopping threads took: 0.0000142 seconds
[913.683s][info ][safepoint    ] Application time: 0.7586113 seconds
[913.683s][info ][safepoint    ] Entering safepoint region: GenCollectForAllocation
[913.683s][info ][gc,start     ] GC(982) Pause Young (Allocation Failure)
[913.683s][info ][gc,task      ] GC(982) Using 4 workers of 4 for evacuation
[913.688s][debug][gc,ref       ] GC(982) Skipped phase1 of Reference Processing due to unavailable references
[913.688s][debug][gc,ref       ] GC(982) Skipped phase2 of Reference Processing due to unavailable references
[913.688s][debug][gc,ref       ] GC(982) Skipped phase3 of Reference Processing due to unavailable references
[913.688s][debug][gc,ref       ] GC(982) Skipped phase4 of Reference Processing due to unavailable references
[913.688s][debug][gc,age       ] GC(982) Desired survivor size 15400960 bytes, new threshold 6 (max threshold 6)
[913.688s][info ][gc,heap      ] GC(982) ParNew: 244620K->3847K(270976K)
[913.688s][info ][gc,heap      ] GC(982) CMS: 356073K->356157K(602112K)
[913.688s][info ][gc,metaspace ] GC(982) Metaspace: 57662K->57662K(1101824K)
[913.688s][info ][gc           ] GC(982) Pause Young (Allocation Failure) 586M->351M(852M) 5.069ms
[913.688s][info ][gc,cpu       ] GC(982) User=0.02s Sys=0.00s Real=0.01s
[913.688s][info ][safepoint    ] Leaving safepoint region
[913.688s][info ][safepoint    ] Total time for which application threads were stopped: 0.0052561 seconds, Stopping threads took: 0.0000144 seconds
[914.515s][info ][safepoint    ] Application time: 0.8265351 seconds
[914.515s][info ][safepoint    ] Entering safepoint region: GenCollectForAllocation
[914.515s][info ][gc,start     ] GC(983) Pause Young (Allocation Failure)
[914.515s][info ][gc,task      ] GC(983) Using 4 workers of 4 for evacuation
[914.525s][debug][gc,ref       ] GC(983) Skipped phase1 of Reference Processing due to unavailable references
[914.526s][debug][gc,ref       ] GC(983) Skipped phase2 of Reference Processing due to unavailable references
[914.526s][debug][gc,ref       ] GC(983) Skipped phase3 of Reference Processing due to unavailable references
[914.526s][debug][gc,ref       ] GC(983) Skipped phase4 of Reference Processing due to unavailable references
[914.526s][debug][gc,age       ] GC(983) Desired survivor size 15400960 bytes, new threshold 6 (max threshold 6)
[914.526s][info ][gc,heap      ] GC(983) ParNew: 244743K->4597K(270976K)
[914.526s][info ][gc,heap      ] GC(983) CMS: 356157K->356294K(602112K)
[914.526s][info ][gc,metaspace ] GC(983) Metaspace: 57665K->57665K(1101824K)
[914.526s][info ][gc           ] GC(983) Pause Young (Allocation Failure) 586M->352M(852M) 10.966ms
[914.526s][info ][gc,cpu       ] GC(983) User=0.02s Sys=0.01s Real=0.02s
[914.526s][info ][safepoint    ] Leaving safepoint region
[914.526s][info ][safepoint    ] Total time for which application threads were stopped: 0.0111343 seconds, Stopping threads took: 0.0000141 seconds
[915.526s][info ][safepoint    ] Application time: 1.0000732 seconds
[915.526s][info ][safepoint    ] Entering safepoint region: Cleanup
[915.526s][info ][safepoint    ] Leaving safepoint region
[915.526s][info ][safepoint    ] Total time for which application threads were stopped: 0.0001823 seconds, Stopping threads took: 0.0000914 seconds
[915.552s][info ][safepoint    ] Application time: 0.0258477 seconds
[915.552s][info ][safepoint    ] Entering safepoint region: GenCollectForAllocation
[915.552s][info ][gc,start     ] GC(984) Pause Young (Allocation Failure)
[915.552s][info ][gc,task      ] GC(984) Using 4 workers of 4 for evacuation
[915.557s][debug][gc,ref       ] GC(984) Skipped phase1 of Reference Processing due to unavailable references
[915.557s][debug][gc,ref       ] GC(984) Skipped phase2 of Reference Processing due to unavailable references
[915.557s][debug][gc,ref       ] GC(984) Skipped phase3 of Reference Processing due to unavailable references
[915.557s][debug][gc,ref       ] GC(984) Skipped phase4 of Reference Processing due to unavailable references
[915.558s][debug][gc,age       ] GC(984) Desired survivor size 15400960 bytes, new threshold 6 (max threshold 6)
[915.558s][info ][gc,heap      ] GC(984) ParNew: 245493K->3912K(270976K)
[915.558s][info ][gc,heap      ] GC(984) CMS: 356294K->356462K(602112K)
[915.558s][info ][gc,metaspace ] GC(984) Metaspace: 57665K->57665K(1101824K)
[915.558s][info ][gc           ] GC(984) Pause Young (Allocation Failure) 587M->351M(852M) 5.598ms
[915.558s][info ][gc,cpu       ] GC(984) User=0.02s Sys=0.00s Real=0.01s
[915.558s][info ][safepoint    ] Leaving safepoint region
[915.558s][info ][safepoint    ] Total time for which application threads were stopped: 0.0057978 seconds, Stopping threads took: 0.0000141 seconds
[916.545s][info ][safepoint    ] Application time: 0.9875814 seconds
[916.545s][info ][safepoint    ] Entering safepoint region: GenCollectForAllocation
[916.545s][info ][gc,start     ] GC(985) Pause Young (Allocation Failure)
[916.546s][info ][gc,task      ] GC(985) Using 4 workers of 4 for evacuation
[916.550s][debug][gc,ref       ] GC(985) Skipped phase1 of Reference Processing due to unavailable references
[916.550s][debug][gc,ref       ] GC(985) Skipped phase2 of Reference Processing due to unavailable references
[916.550s][debug][gc,ref       ] GC(985) Skipped phase3 of Reference Processing due to unavailable references
[916.550s][debug][gc,ref       ] GC(985) Skipped phase4 of Reference Processing due to unavailable references
[916.551s][debug][gc,age       ] GC(985) Desired survivor size 15400960 bytes, new threshold 6 (max threshold 6)
[916.551s][info ][gc,heap      ] GC(985) ParNew: 244808K->4270K(270976K)
[916.551s][info ][gc,heap      ] GC(985) CMS: 356462K->356743K(602112K)
[916.551s][info ][gc,metaspace ] GC(985) Metaspace: 57667K->57667K(1101824K)
[916.551s][info ][gc           ] GC(985) Pause Young (Allocation Failure) 587M->352M(852M) 5.148ms
[916.551s][info ][gc,cpu       ] GC(985) User=0.02s Sys=0.00s Real=0.00s
[916.551s][info ][safepoint    ] Leaving safepoint region
[916.551s][info ][safepoint    ] Total time for which application threads were stopped: 0.0053048 seconds, Stopping threads took: 0.0000139 seconds
[917.542s][info ][safepoint    ] Application time: 0.9915572 seconds
[917.542s][info ][safepoint    ] Entering safepoint region: GenCollectForAllocation
[917.542s][info ][gc,start     ] GC(986) Pause Young (Allocation Failure)
[917.542s][info ][gc,task      ] GC(986) Using 4 workers of 4 for evacuation
[917.547s][debug][gc,ref       ] GC(986) Skipped phase1 of Reference Processing due to unavailable references
[917.547s][debug][gc,ref       ] GC(986) Skipped phase2 of Reference Processing due to unavailable references
[917.547s][debug][gc,ref       ] GC(986) Skipped phase3 of Reference Processing due to unavailable references
[917.547s][debug][gc,ref       ] GC(986) Skipped phase4 of Reference Processing due to unavailable references
[917.547s][debug][gc,age       ] GC(986) Desired survivor size 15400960 bytes, new threshold 6 (max threshold 6)
[917.547s][info ][gc,heap      ] GC(986) ParNew: 245166K->4281K(270976K)
[917.547s][info ][gc,heap      ] GC(986) CMS: 356743K->356793K(602112K)
[917.547s][info ][gc,metaspace ] GC(986) Metaspace: 57668K->57668K(1101824K)
[917.547s][info ][gc           ] GC(986) Pause Young (Allocation Failure) 587M->352M(852M) 4.627ms
[917.547s][info ][gc,cpu       ] GC(986) User=0.02s Sys=0.00s Real=0.01s
[917.547s][info ][safepoint    ] Leaving safepoint region
[917.547s][info ][safepoint    ] Total time for which application threads were stopped: 0.0047727 seconds, Stopping threads took: 0.0000149 seconds
[918.518s][info ][safepoint    ] Application time: 0.9708423 seconds
[918.518s][info ][safepoint    ] Entering safepoint region: GenCollectForAllocation
[918.518s][info ][gc,start     ] GC(987) Pause Young (Allocation Failure)
[918.518s][info ][gc,task      ] GC(987) Using 4 workers of 4 for evacuation
[918.523s][debug][gc,ref       ] GC(987) Skipped phase1 of Reference Processing due to unavailable references
[918.523s][debug][gc,ref       ] GC(987) Skipped phase2 of Reference Processing due to unavailable references
[918.523s][debug][gc,ref       ] GC(987) Skipped phase3 of Reference Processing due to unavailable references
[918.523s][debug][gc,ref       ] GC(987) Skipped phase4 of Reference Processing due to unavailable references
[918.523s][debug][gc,age       ] GC(987) Desired survivor size 15400960 bytes, new threshold 6 (max threshold 6)
[918.523s][info ][gc,heap      ] GC(987) ParNew: 245177K->3564K(270976K)
[918.523s][info ][gc,heap      ] GC(987) CMS: 356793K->356836K(602112K)
[918.523s][info ][gc,metaspace ] GC(987) Metaspace: 57668K->57668K(1101824K)
[918.523s][info ][gc           ] GC(987) Pause Young (Allocation Failure) 587M->351M(852M) 5.458ms
[918.524s][info ][gc,cpu       ] GC(987) User=0.02s Sys=0.00s Real=0.01s
[918.524s][info ][safepoint    ] Leaving safepoint region
[918.524s][info ][safepoint    ] Total time for which application threads were stopped: 0.0056213 seconds, Stopping threads took: 0.0000145 seconds
[919.509s][info ][safepoint    ] Application time: 0.9850318 seconds
[919.509s][info ][safepoint    ] Entering safepoint region: GenCollectForAllocation
[919.509s][info ][gc,start     ] GC(988) Pause Young (Allocation Failure)
[919.509s][info ][gc,task      ] GC(988) Using 4 workers of 4 for evacuation
[919.514s][debug][gc,ref       ] GC(988) Skipped phase1 of Reference Processing due to unavailable references
[919.514s][debug][gc,ref       ] GC(988) Skipped phase2 of Reference Processing due to unavailable references
[919.514s][debug][gc,ref       ] GC(988) Skipped phase3 of Reference Processing due to unavailable references
[919.514s][debug][gc,ref       ] GC(988) Skipped phase4 of Reference Processing due to unavailable references
[919.514s][debug][gc,age       ] GC(988) Desired survivor size 15400960 bytes, new threshold 6 (max threshold 6)
[919.514s][info ][gc,heap      ] GC(988) ParNew: 244460K->3580K(270976K)
[919.514s][info ][gc,heap      ] GC(988) CMS: 356836K->357020K(602112K)
[919.514s][info ][gc,metaspace ] GC(988) Metaspace: 57668K->57668K(1101824K)
[919.514s][info ][gc           ] GC(988) Pause Young (Allocation Failure) 587M->352M(852M) 5.398ms
[919.514s][info ][gc,cpu       ] GC(988) User=0.02s Sys=0.00s Real=0.00s
[919.514s][info ][safepoint    ] Leaving safepoint region
[919.514s][info ][safepoint    ] Total time for which application threads were stopped: 0.0055521 seconds, Stopping threads took: 0.0000137 seconds
[920.507s][info ][safepoint    ] Application time: 0.9924966 seconds
[920.507s][info ][safepoint    ] Entering safepoint region: GenCollectForAllocation
[920.507s][info ][gc,start     ] GC(989) Pause Young (Allocation Failure)
[920.507s][info ][gc,task      ] GC(989) Using 4 workers of 4 for evacuation
[920.512s][debug][gc,ref       ] GC(989) Skipped phase1 of Reference Processing due to unavailable references
[920.512s][debug][gc,ref       ] GC(989) Skipped phase2 of Reference Processing due to unavailable references
[920.512s][debug][gc,ref       ] GC(989) Skipped phase3 of Reference Processing due to unavailable references
[920.512s][debug][gc,ref       ] GC(989) Skipped phase4 of Reference Processing due to unavailable references
[920.512s][debug][gc,age       ] GC(989) Desired survivor size 15400960 bytes, new threshold 6 (max threshold 6)
[920.512s][info ][gc,heap      ] GC(989) ParNew: 244476K->4347K(270976K)
[920.512s][info ][gc,heap      ] GC(989) CMS: 357020K->357197K(602112K)
[920.512s][info ][gc,metaspace ] GC(989) Metaspace: 57668K->57668K(1101824K)
[920.512s][info ][gc           ] GC(989) Pause Young (Allocation Failure) 587M->353M(852M) 5.195ms
[920.512s][info ][gc,cpu       ] GC(989) User=0.02s Sys=0.00s Real=0.00s
[920.512s][info ][safepoint    ] Leaving safepoint region
[920.512s][info ][safepoint    ] Total time for which application threads were stopped: 0.0053564 seconds, Stopping threads took: 0.0000135 seconds
[921.512s][info ][safepoint    ] Application time: 1.0001051 seconds
[921.512s][info ][safepoint    ] Entering safepoint region: Cleanup
[921.512s][info ][safepoint    ] Leaving safepoint region
[921.512s][info ][safepoint    ] Total time for which application threads were stopped: 0.0001522 seconds, Stopping threads took: 0.0000833 seconds
[921.535s][info ][safepoint    ] Application time: 0.0225602 seconds
[921.535s][info ][safepoint    ] Entering safepoint region: GenCollectForAllocation
[921.535s][info ][gc,start     ] GC(990) Pause Young (Allocation Failure)
[921.535s][info ][gc,task      ] GC(990) Using 4 workers of 4 for evacuation
[921.539s][debug][gc,ref       ] GC(990) Skipped phase1 of Reference Processing due to unavailable references
[921.539s][debug][gc,ref       ] GC(990) Skipped phase2 of Reference Processing due to unavailable references
[921.539s][debug][gc,ref       ] GC(990) Skipped phase3 of Reference Processing due to unavailable references
[921.539s][debug][gc,ref       ] GC(990) Skipped phase4 of Reference Processing due to unavailable references
[921.539s][debug][gc,age       ] GC(990) Desired survivor size 15400960 bytes, new threshold 6 (max threshold 6)
[921.540s][info ][gc,heap      ] GC(990) ParNew: 245243K->4328K(270976K)
[921.540s][info ][gc,heap      ] GC(990) CMS: 357197K->357512K(602112K)
[921.540s][info ][gc,metaspace ] GC(990) Metaspace: 57669K->57669K(1101824K)
[921.540s][info ][gc           ] GC(990) Pause Young (Allocation Failure) 588M->353M(852M) 4.532ms
[921.540s][info ][gc,cpu       ] GC(990) User=0.02s Sys=0.00s Real=0.01s
[921.540s][info ][safepoint    ] Leaving safepoint region
[921.540s][info ][safepoint    ] Total time for which application threads were stopped: 0.0046776 seconds, Stopping threads took: 0.0000159 seconds
[922.492s][info ][safepoint    ] Application time: 0.9523326 seconds
[922.492s][info ][safepoint    ] Entering safepoint region: GenCollectForAllocation
[922.492s][info ][gc,start     ] GC(991) Pause Young (Allocation Failure)
[922.492s][info ][gc,task      ] GC(991) Using 4 workers of 4 for evacuation
[922.497s][debug][gc,ref       ] GC(991) Skipped phase1 of Reference Processing due to unavailable references
[922.497s][debug][gc,ref       ] GC(991) Skipped phase2 of Reference Processing due to unavailable references
[922.497s][debug][gc,ref       ] GC(991) Skipped phase3 of Reference Processing due to unavailable references
[922.497s][debug][gc,ref       ] GC(991) Skipped phase4 of Reference Processing due to unavailable references
[922.497s][debug][gc,age       ] GC(991) Desired survivor size 15400960 bytes, new threshold 6 (max threshold 6)
[922.497s][info ][gc,heap      ] GC(991) ParNew: 245224K->3521K(270976K)
[922.497s][info ][gc,heap      ] GC(991) CMS: 357512K->357639K(602112K)
[922.497s][info ][gc,metaspace ] GC(991) Metaspace: 57669K->57669K(1101824K)
[922.497s][info ][gc           ] GC(991) Pause Young (Allocation Failure) 588M->352M(852M) 5.259ms
[922.497s][info ][gc,cpu       ] GC(991) User=0.02s Sys=0.00s Real=0.01s
[922.497s][info ][safepoint    ] Leaving safepoint region
[922.497s][info ][safepoint    ] Total time for which application threads were stopped: 0.0054364 seconds, Stopping threads took: 0.0000147 seconds
[923.339s][info ][safepoint    ] Application time: 0.8414928 seconds
[923.339s][info ][safepoint    ] Entering safepoint region: GenCollectForAllocation
[923.339s][info ][gc,start     ] GC(992) Pause Young (Allocation Failure)
[923.339s][info ][gc,task      ] GC(992) Using 4 workers of 4 for evacuation
[923.344s][debug][gc,ref       ] GC(992) Skipped phase1 of Reference Processing due to unavailable references
[923.344s][debug][gc,ref       ] GC(992) Skipped phase2 of Reference Processing due to unavailable references
[923.344s][debug][gc,ref       ] GC(992) Skipped phase3 of Reference Processing due to unavailable references
[923.344s][debug][gc,ref       ] GC(992) Skipped phase4 of Reference Processing due to unavailable references
[923.344s][debug][gc,age       ] GC(992) Desired survivor size 15400960 bytes, new threshold 6 (max threshold 6)
[923.344s][info ][gc,heap      ] GC(992) ParNew: 244417K->3376K(270976K)
[923.344s][info ][gc,heap      ] GC(992) CMS: 357639K->357728K(602112K)
[923.344s][info ][gc,metaspace ] GC(992) Metaspace: 57669K->57669K(1101824K)
[923.344s][info ][gc           ] GC(992) Pause Young (Allocation Failure) 587M->352M(852M) 5.202ms
[923.344s][info ][gc,cpu       ] GC(992) User=0.02s Sys=0.00s Real=0.01s
[923.344s][info ][safepoint    ] Leaving safepoint region
[923.344s][info ][safepoint    ] Total time for which application threads were stopped: 0.0053526 seconds, Stopping threads took: 0.0000155 seconds
[924.169s][info ][safepoint    ] Application time: 0.8248346 seconds
[924.169s][info ][safepoint    ] Entering safepoint region: GenCollectForAllocation
[924.169s][info ][gc,start     ] GC(993) Pause Young (Allocation Failure)
[924.169s][info ][gc,task      ] GC(993) Using 4 workers of 4 for evacuation
[924.174s][debug][gc,ref       ] GC(993) Skipped phase1 of Reference Processing due to unavailable references
[924.174s][debug][gc,ref       ] GC(993) Skipped phase2 of Reference Processing due to unavailable references
[924.174s][debug][gc,ref       ] GC(993) Skipped phase3 of Reference Processing due to unavailable references
[924.174s][debug][gc,ref       ] GC(993) Skipped phase4 of Reference Processing due to unavailable references
[924.174s][debug][gc,age       ] GC(993) Desired survivor size 15400960 bytes, new threshold 6 (max threshold 6)
[924.174s][info ][gc,heap      ] GC(993) ParNew: 244272K->4195K(270976K)
[924.174s][info ][gc,heap      ] GC(993) CMS: 357728K->357789K(602112K)
[924.174s][info ][gc,metaspace ] GC(993) Metaspace: 57669K->57669K(1101824K)
[924.174s][info ][gc           ] GC(993) Pause Young (Allocation Failure) 587M->353M(852M) 4.875ms
[924.174s][info ][gc,cpu       ] GC(993) User=0.01s Sys=0.00s Real=0.00s
[924.174s][info ][safepoint    ] Leaving safepoint region
[924.174s][info ][safepoint    ] Total time for which application threads were stopped: 0.0050364 seconds, Stopping threads took: 0.0000143 seconds
[925.162s][info ][safepoint    ] Application time: 0.9882565 seconds
[925.162s][info ][safepoint    ] Entering safepoint region: GenCollectForAllocation
[925.163s][info ][gc,start     ] GC(994) Pause Young (Allocation Failure)
[925.163s][info ][gc,task      ] GC(994) Using 4 workers of 4 for evacuation
[925.175s][debug][gc,ref       ] GC(994) Skipped phase1 of Reference Processing due to unavailable references
[925.176s][debug][gc,ref       ] GC(994) Skipped phase2 of Reference Processing due to unavailable references
[925.176s][debug][gc,ref       ] GC(994) Skipped phase3 of Reference Processing due to unavailable references
[925.176s][debug][gc,ref       ] GC(994) Skipped phase4 of Reference Processing due to unavailable references
[925.176s][debug][gc,age       ] GC(994) Desired survivor size 15400960 bytes, new threshold 6 (max threshold 6)
[925.176s][info ][gc,heap      ] GC(994) ParNew: 245091K->3506K(270976K)
[925.176s][info ][gc,heap      ] GC(994) CMS: 357789K->357948K(602112K)
[925.176s][info ][gc,metaspace ] GC(994) Metaspace: 57669K->57669K(1101824K)
[925.176s][info ][gc           ] GC(994) Pause Young (Allocation Failure) 588M->352M(852M) 13.162ms
[925.176s][info ][gc,cpu       ] GC(994) User=0.02s Sys=0.00s Real=0.02s
[925.176s][info ][safepoint    ] Leaving safepoint region
[925.176s][info ][safepoint    ] Total time for which application threads were stopped: 0.0133045 seconds, Stopping threads took: 0.0000132 seconds
[926.228s][info ][safepoint    ] Application time: 1.0518845 seconds
[926.228s][info ][safepoint    ] Entering safepoint region: GenCollectForAllocation
[926.228s][info ][gc,start     ] GC(995) Pause Young (Allocation Failure)
[926.228s][info ][gc,task      ] GC(995) Using 4 workers of 4 for evacuation
[926.233s][debug][gc,ref       ] GC(995) Skipped phase1 of Reference Processing due to unavailable references
[926.233s][debug][gc,ref       ] GC(995) Skipped phase2 of Reference Processing due to unavailable references
[926.233s][debug][gc,ref       ] GC(995) Skipped phase3 of Reference Processing due to unavailable references
[926.233s][debug][gc,ref       ] GC(995) Skipped phase4 of Reference Processing due to unavailable references
[926.233s][debug][gc,age       ] GC(995) Desired survivor size 15400960 bytes, new threshold 6 (max threshold 6)
[926.233s][info ][gc,heap      ] GC(995) ParNew: 244402K->4110K(270976K)
[926.233s][info ][gc,heap      ] GC(995) CMS: 357948K->358102K(602112K)
[926.233s][info ][gc,metaspace ] GC(995) Metaspace: 57671K->57671K(1101824K)
[926.233s][info ][gc           ] GC(995) Pause Young (Allocation Failure) 588M->353M(852M) 5.676ms
[926.233s][info ][gc,cpu       ] GC(995) User=0.01s Sys=0.00s Real=0.00s
[926.234s][info ][safepoint    ] Leaving safepoint region
[926.234s][info ][safepoint    ] Total time for which application threads were stopped: 0.0058267 seconds, Stopping threads took: 0.0000146 seconds
[927.148s][info ][safepoint    ] Application time: 0.9141821 seconds
[927.148s][info ][safepoint    ] Entering safepoint region: GenCollectForAllocation
[927.148s][info ][gc,start     ] GC(996) Pause Young (Allocation Failure)
[927.148s][info ][gc,task      ] GC(996) Using 4 workers of 4 for evacuation
[927.153s][debug][gc,ref       ] GC(996) Skipped phase1 of Reference Processing due to unavailable references
[927.153s][debug][gc,ref       ] GC(996) Skipped phase2 of Reference Processing due to unavailable references
[927.153s][debug][gc,ref       ] GC(996) Skipped phase3 of Reference Processing due to unavailable references
[927.153s][debug][gc,ref       ] GC(996) Skipped phase4 of Reference Processing due to unavailable references
[927.153s][debug][gc,age       ] GC(996) Desired survivor size 15400960 bytes, new threshold 6 (max threshold 6)
[927.153s][info ][gc,heap      ] GC(996) ParNew: 245006K->4016K(270976K)
[927.153s][info ][gc,heap      ] GC(996) CMS: 358102K->358147K(602112K)
[927.153s][info ][gc,metaspace ] GC(996) Metaspace: 57671K->57671K(1101824K)
[927.153s][info ][gc           ] GC(996) Pause Young (Allocation Failure) 588M->353M(852M) 4.905ms
[927.153s][info ][gc,cpu       ] GC(996) User=0.02s Sys=0.00s Real=0.00s
[927.153s][info ][safepoint    ] Leaving safepoint region
[927.153s][info ][safepoint    ] Total time for which application threads were stopped: 0.0050663 seconds, Stopping threads took: 0.0000140 seconds
[928.113s][info ][safepoint    ] Application time: 0.9599391 seconds
[928.113s][info ][safepoint    ] Entering safepoint region: GenCollectForAllocation
[928.113s][info ][gc,start     ] GC(997) Pause Young (Allocation Failure)
[928.113s][info ][gc,task      ] GC(997) Using 4 workers of 4 for evacuation
[928.117s][debug][gc,ref       ] GC(997) Skipped phase1 of Reference Processing due to unavailable references
[928.117s][debug][gc,ref       ] GC(997) Skipped phase2 of Reference Processing due to unavailable references
[928.117s][debug][gc,ref       ] GC(997) Skipped phase3 of Reference Processing due to unavailable references
[928.117s][debug][gc,ref       ] GC(997) Skipped phase4 of Reference Processing due to unavailable references
[928.118s][debug][gc,age       ] GC(997) Desired survivor size 15400960 bytes, new threshold 6 (max threshold 6)
[928.118s][info ][gc,heap      ] GC(997) ParNew: 244912K->3468K(270976K)
[928.118s][info ][gc,heap      ] GC(997) CMS: 358147K->358217K(602112K)
[928.118s][info ][gc,metaspace ] GC(997) Metaspace: 57671K->57671K(1101824K)
[928.118s][info ][gc           ] GC(997) Pause Young (Allocation Failure) 588M->353M(852M) 4.680ms
[928.118s][info ][gc,cpu       ] GC(997) User=0.01s Sys=0.00s Real=0.01s
[928.118s][info ][safepoint    ] Leaving safepoint region
[928.118s][info ][safepoint    ] Total time for which application threads were stopped: 0.0048228 seconds, Stopping threads took: 0.0000150 seconds
[929.091s][info ][safepoint    ] Application time: 0.9737230 seconds
[929.091s][info ][safepoint    ] Entering safepoint region: GenCollectForAllocation
[929.091s][info ][gc,start     ] GC(998) Pause Young (Allocation Failure)
[929.092s][info ][gc,task      ] GC(998) Using 4 workers of 4 for evacuation
[929.096s][debug][gc,ref       ] GC(998) Skipped phase1 of Reference Processing due to unavailable references
[929.096s][debug][gc,ref       ] GC(998) Skipped phase2 of Reference Processing due to unavailable references
[929.096s][debug][gc,ref       ] GC(998) Skipped phase3 of Reference Processing due to unavailable references
[929.096s][debug][gc,ref       ] GC(998) Skipped phase4 of Reference Processing due to unavailable references
[929.096s][debug][gc,age       ] GC(998) Desired survivor size 15400960 bytes, new threshold 6 (max threshold 6)
[929.096s][info ][gc,heap      ] GC(998) ParNew: 244364K->3383K(270976K)
[929.096s][info ][gc,heap      ] GC(998) CMS: 358217K->358364K(602112K)
[929.096s][info ][gc,metaspace ] GC(998) Metaspace: 57671K->57671K(1101824K)
[929.096s][info ][gc           ] GC(998) Pause Young (Allocation Failure) 588M->353M(852M) 4.365ms
[929.096s][info ][gc,cpu       ] GC(998) User=0.01s Sys=0.00s Real=0.01s
[929.096s][info ][safepoint    ] Leaving safepoint region
[929.096s][info ][safepoint    ] Total time for which application threads were stopped: 0.0045256 seconds, Stopping threads took: 0.0000136 seconds
[930.116s][info ][safepoint    ] Application time: 1.0201844 seconds
[930.116s][info ][safepoint    ] Entering safepoint region: GenCollectForAllocation
[930.116s][info ][gc,start     ] GC(999) Pause Young (Allocation Failure)
[930.116s][info ][gc,task      ] GC(999) Using 4 workers of 4 for evacuation
[930.121s][debug][gc,ref       ] GC(999) Skipped phase1 of Reference Processing due to unavailable references
[930.121s][debug][gc,ref       ] GC(999) Skipped phase2 of Reference Processing due to unavailable references
[930.121s][debug][gc,ref       ] GC(999) Skipped phase3 of Reference Processing due to unavailable references
[930.121s][debug][gc,ref       ] GC(999) Skipped phase4 of Reference Processing due to unavailable references
[930.121s][debug][gc,age       ] GC(999) Desired survivor size 15400960 bytes, new threshold 6 (max threshold 6)
[930.121s][info ][gc,heap      ] GC(999) ParNew: 244279K->3912K(270976K)
[930.121s][info ][gc,heap      ] GC(999) CMS: 358364K->358477K(602112K)
[930.121s][info ][gc,metaspace ] GC(999) Metaspace: 57671K->57671K(1101824K)
[930.121s][info ][gc           ] GC(999) Pause Young (Allocation Failure) 588M->353M(852M) 4.792ms
[930.121s][info ][gc,cpu       ] GC(999) User=0.02s Sys=0.00s Real=0.00s
[930.121s][info ][safepoint    ] Leaving safepoint region
[930.121s][info ][safepoint    ] Total time for which application threads were stopped: 0.0049422 seconds, Stopping threads took: 0.0000139 seconds
[931.080s][info ][safepoint    ] Application time: 0.9587950 seconds
[931.080s][info ][safepoint    ] Entering safepoint region: GenCollectForAllocation
[931.080s][info ][gc,start     ] GC(1000) Pause Young (Allocation Failure)
[931.080s][info ][gc,task      ] GC(1000) Using 4 workers of 4 for evacuation
[931.085s][debug][gc,ref       ] GC(1000) Skipped phase1 of Reference Processing due to unavailable references
[931.085s][debug][gc,ref       ] GC(1000) Skipped phase2 of Reference Processing due to unavailable references
[931.085s][debug][gc,ref       ] GC(1000) Skipped phase3 of Reference Processing due to unavailable references
[931.085s][debug][gc,ref       ] GC(1000) Skipped phase4 of Reference Processing due to unavailable references
[931.085s][debug][gc,age       ] GC(1000) Desired survivor size 15400960 bytes, new threshold 6 (max threshold 6)
[931.086s][info ][gc,heap      ] GC(1000) ParNew: 244808K->3940K(270976K)
[931.086s][info ][gc,heap      ] GC(1000) CMS: 358477K->358593K(602112K)
[931.086s][info ][gc,metaspace ] GC(1000) Metaspace: 57673K->57673K(1101824K)
[931.086s][info ][gc           ] GC(1000) Pause Young (Allocation Failure) 589M->354M(852M) 5.516ms
[931.086s][info ][gc,cpu       ] GC(1000) User=0.02s Sys=0.00s Real=0.01s
[931.086s][info ][safepoint    ] Leaving safepoint region
[931.086s][info ][safepoint    ] Total time for which application threads were stopped: 0.0056809 seconds, Stopping threads took: 0.0000152 seconds
[932.003s][info ][safepoint    ] Application time: 0.9176496 seconds
[932.003s][info ][safepoint    ] Entering safepoint region: GenCollectForAllocation
[932.003s][info ][gc,start     ] GC(1001) Pause Young (Allocation Failure)
[932.003s][info ][gc,task      ] GC(1001) Using 4 workers of 4 for evacuation
[932.008s][debug][gc,ref       ] GC(1001) Skipped phase1 of Reference Processing due to unavailable references
[932.008s][debug][gc,ref       ] GC(1001) Skipped phase2 of Reference Processing due to unavailable references
[932.008s][debug][gc,ref       ] GC(1001) Skipped phase3 of Reference Processing due to unavailable references
[932.008s][debug][gc,ref       ] GC(1001) Skipped phase4 of Reference Processing due to unavailable references
[932.008s][debug][gc,age       ] GC(1001) Desired survivor size 15400960 bytes, new threshold 6 (max threshold 6)
[932.008s][info ][gc,heap      ] GC(1001) ParNew: 244836K->3404K(270976K)
[932.008s][info ][gc,heap      ] GC(1001) CMS: 358593K->358707K(602112K)
[932.008s][info ][gc,metaspace ] GC(1001) Metaspace: 57673K->57673K(1101824K)
[932.008s][info ][gc           ] GC(1001) Pause Young (Allocation Failure) 589M->353M(852M) 4.536ms
[932.008s][info ][gc,cpu       ] GC(1001) User=0.02s Sys=0.00s Real=0.01s
[932.008s][info ][safepoint    ] Leaving safepoint region
[932.008s][info ][safepoint    ] Total time for which application threads were stopped: 0.0046928 seconds, Stopping threads took: 0.0000138 seconds
[932.969s][info ][safepoint    ] Application time: 0.9606623 seconds
[932.969s][info ][safepoint    ] Entering safepoint region: GenCollectForAllocation
[932.969s][info ][gc,start     ] GC(1002) Pause Young (Allocation Failure)
[932.969s][info ][gc,task      ] GC(1002) Using 4 workers of 4 for evacuation
[932.973s][debug][gc,ref       ] GC(1002) Skipped phase1 of Reference Processing due to unavailable references
[932.973s][debug][gc,ref       ] GC(1002) Skipped phase2 of Reference Processing due to unavailable references
[932.973s][debug][gc,ref       ] GC(1002) Skipped phase3 of Reference Processing due to unavailable references
[932.973s][debug][gc,ref       ] GC(1002) Skipped phase4 of Reference Processing due to unavailable references
[932.973s][debug][gc,age       ] GC(1002) Desired survivor size 15400960 bytes, new threshold 6 (max threshold 6)
[932.973s][info ][gc,heap      ] GC(1002) ParNew: 244300K->3939K(270976K)
[932.973s][info ][gc,heap      ] GC(1002) CMS: 358707K->358827K(602112K)
[932.973s][info ][gc,metaspace ] GC(1002) Metaspace: 57673K->57673K(1101824K)
[932.973s][info ][gc           ] GC(1002) Pause Young (Allocation Failure) 588M->354M(852M) 4.349ms
[932.973s][info ][gc,cpu       ] GC(1002) User=0.02s Sys=0.00s Real=0.00s
[932.973s][info ][safepoint    ] Leaving safepoint region
[932.973s][info ][safepoint    ] Total time for which application threads were stopped: 0.0045300 seconds, Stopping threads took: 0.0000294 seconds
[934.030s][info ][safepoint    ] Application time: 1.0569008 seconds
[934.030s][info ][safepoint    ] Entering safepoint region: GenCollectForAllocation
[934.030s][info ][gc,start     ] GC(1003) Pause Young (Allocation Failure)
[934.030s][info ][gc,task      ] GC(1003) Using 4 workers of 4 for evacuation
[934.035s][debug][gc,ref       ] GC(1003) Skipped phase1 of Reference Processing due to unavailable references
[934.035s][debug][gc,ref       ] GC(1003) Skipped phase2 of Reference Processing due to unavailable references
[934.035s][debug][gc,ref       ] GC(1003) Skipped phase3 of Reference Processing due to unavailable references
[934.035s][debug][gc,ref       ] GC(1003) Skipped phase4 of Reference Processing due to unavailable references
[934.035s][debug][gc,age       ] GC(1003) Desired survivor size 15400960 bytes, new threshold 6 (max threshold 6)
[934.035s][info ][gc,heap      ] GC(1003) ParNew: 244835K->3852K(270976K)
[934.035s][info ][gc,heap      ] GC(1003) CMS: 358827K->358890K(602112K)
[934.035s][info ][gc,metaspace ] GC(1003) Metaspace: 57673K->57673K(1101824K)
[934.035s][info ][gc           ] GC(1003) Pause Young (Allocation Failure) 589M->354M(852M) 4.489ms
[934.035s][info ][gc,cpu       ] GC(1003) User=0.02s Sys=0.00s Real=0.00s
[934.035s][info ][safepoint    ] Leaving safepoint region
[934.035s][info ][safepoint    ] Total time for which application threads were stopped: 0.0046360 seconds, Stopping threads took: 0.0000148 seconds
[935.021s][info ][safepoint    ] Application time: 0.9865979 seconds
[935.021s][info ][safepoint    ] Entering safepoint region: GenCollectForAllocation
[935.022s][info ][gc,start     ] GC(1004) Pause Young (Allocation Failure)
[935.022s][info ][gc,task      ] GC(1004) Using 4 workers of 4 for evacuation
[935.027s][debug][gc,ref       ] GC(1004) Skipped phase1 of Reference Processing due to unavailable references
[935.027s][debug][gc,ref       ] GC(1004) Skipped phase2 of Reference Processing due to unavailable references
[935.027s][debug][gc,ref       ] GC(1004) Skipped phase3 of Reference Processing due to unavailable references
[935.027s][debug][gc,ref       ] GC(1004) Skipped phase4 of Reference Processing due to unavailable references
[935.027s][debug][gc,age       ] GC(1004) Desired survivor size 15400960 bytes, new threshold 6 (max threshold 6)
[935.027s][info ][gc,heap      ] GC(1004) ParNew: 244748K->3851K(270976K)
[935.027s][info ][gc,heap      ] GC(1004) CMS: 358890K->358915K(602112K)
[935.027s][info ][gc,metaspace ] GC(1004) Metaspace: 57673K->57673K(1101824K)
[935.027s][info ][gc           ] GC(1004) Pause Young (Allocation Failure) 589M->354M(852M) 5.946ms
[935.027s][info ][gc,cpu       ] GC(1004) User=0.01s Sys=0.00s Real=0.01s
[935.028s][info ][safepoint    ] Leaving safepoint region
[935.028s][info ][safepoint    ] Total time for which application threads were stopped: 0.0061320 seconds, Stopping threads took: 0.0000153 seconds
[935.972s][info ][safepoint    ] Application time: 0.9447767 seconds
[935.972s][info ][safepoint    ] Entering safepoint region: GenCollectForAllocation
[935.972s][info ][gc,start     ] GC(1005) Pause Young (Allocation Failure)
[935.972s][info ][gc,task      ] GC(1005) Using 4 workers of 4 for evacuation
[935.978s][debug][gc,ref       ] GC(1005) Skipped phase1 of Reference Processing due to unavailable references
[935.978s][debug][gc,ref       ] GC(1005) Skipped phase2 of Reference Processing due to unavailable references
[935.978s][debug][gc,ref       ] GC(1005) Skipped phase3 of Reference Processing due to unavailable references
[935.978s][debug][gc,ref       ] GC(1005) Skipped phase4 of Reference Processing due to unavailable references
[935.978s][debug][gc,age       ] GC(1005) Desired survivor size 15400960 bytes, new threshold 6 (max threshold 6)
[935.978s][info ][gc,heap      ] GC(1005) ParNew: 244747K->3940K(270976K)
[935.978s][info ][gc,heap      ] GC(1005) CMS: 358915K->358938K(602112K)
[935.978s][info ][gc,metaspace ] GC(1005) Metaspace: 57673K->57673K(1101824K)
[935.978s][info ][gc           ] GC(1005) Pause Young (Allocation Failure) 589M->354M(852M) 5.667ms
[935.978s][info ][gc,cpu       ] GC(1005) User=0.02s Sys=0.00s Real=0.01s
[935.978s][info ][safepoint    ] Leaving safepoint region
[935.978s][info ][safepoint    ] Total time for which application threads were stopped: 0.0058258 seconds, Stopping threads took: 0.0000169 seconds
[936.900s][info ][safepoint    ] Application time: 0.9221769 seconds
[936.900s][info ][safepoint    ] Entering safepoint region: GenCollectForAllocation
[936.900s][info ][gc,start     ] GC(1006) Pause Young (Allocation Failure)
[936.901s][info ][gc,task      ] GC(1006) Using 4 workers of 4 for evacuation
[936.905s][debug][gc,ref       ] GC(1006) Skipped phase1 of Reference Processing due to unavailable references
[936.905s][debug][gc,ref       ] GC(1006) Skipped phase2 of Reference Processing due to unavailable references
[936.905s][debug][gc,ref       ] GC(1006) Skipped phase3 of Reference Processing due to unavailable references
[936.905s][debug][gc,ref       ] GC(1006) Skipped phase4 of Reference Processing due to unavailable references
[936.905s][debug][gc,age       ] GC(1006) Desired survivor size 15400960 bytes, new threshold 6 (max threshold 6)
[936.905s][info ][gc,heap      ] GC(1006) ParNew: 244836K->4046K(270976K)
[936.905s][info ][gc,heap      ] GC(1006) CMS: 358938K->358990K(602112K)
[936.905s][info ][gc,metaspace ] GC(1006) Metaspace: 57673K->57673K(1101824K)
[936.905s][info ][gc           ] GC(1006) Pause Young (Allocation Failure) 589M->354M(852M) 4.973ms
[936.905s][info ][gc,cpu       ] GC(1006) User=0.02s Sys=0.00s Real=0.01s
[936.905s][info ][safepoint    ] Leaving safepoint region
[936.906s][info ][safepoint    ] Total time for which application threads were stopped: 0.0051255 seconds, Stopping threads took: 0.0000144 seconds
[937.903s][info ][safepoint    ] Application time: 0.9973284 seconds
[937.903s][info ][safepoint    ] Entering safepoint region: GenCollectForAllocation
[937.903s][info ][gc,start     ] GC(1007) Pause Young (Allocation Failure)
[937.903s][info ][gc,task      ] GC(1007) Using 4 workers of 4 for evacuation
[937.907s][debug][gc,ref       ] GC(1007) Skipped phase1 of Reference Processing due to unavailable references
[937.907s][debug][gc,ref       ] GC(1007) Skipped phase2 of Reference Processing due to unavailable references
[937.907s][debug][gc,ref       ] GC(1007) Skipped phase3 of Reference Processing due to unavailable references
[937.907s][debug][gc,ref       ] GC(1007) Skipped phase4 of Reference Processing due to unavailable references
[937.907s][debug][gc,age       ] GC(1007) Desired survivor size 15400960 bytes, new threshold 6 (max threshold 6)
[937.907s][info ][gc,heap      ] GC(1007) ParNew: 244942K->3355K(270976K)
[937.907s][info ][gc,heap      ] GC(1007) CMS: 358990K->359047K(602112K)
[937.907s][info ][gc,metaspace ] GC(1007) Metaspace: 57673K->57673K(1101824K)
[937.907s][info ][gc           ] GC(1007) Pause Young (Allocation Failure) 589M->353M(852M) 4.286ms
[937.907s][info ][gc,cpu       ] GC(1007) User=0.01s Sys=0.00s Real=0.01s
[937.907s][info ][safepoint    ] Leaving safepoint region
[937.907s][info ][safepoint    ] Total time for which application threads were stopped: 0.0044158 seconds, Stopping threads took: 0.0000146 seconds
[938.885s][info ][safepoint    ] Application time: 0.9776493 seconds
[938.885s][info ][safepoint    ] Entering safepoint region: GenCollectForAllocation
[938.885s][info ][gc,start     ] GC(1008) Pause Young (Allocation Failure)
[938.885s][info ][gc,task      ] GC(1008) Using 4 workers of 4 for evacuation
[938.890s][debug][gc,ref       ] GC(1008) Skipped phase1 of Reference Processing due to unavailable references
[938.890s][debug][gc,ref       ] GC(1008) Skipped phase2 of Reference Processing due to unavailable references
[938.890s][debug][gc,ref       ] GC(1008) Skipped phase3 of Reference Processing due to unavailable references
[938.890s][debug][gc,ref       ] GC(1008) Skipped phase4 of Reference Processing due to unavailable references
[938.890s][debug][gc,age       ] GC(1008) Desired survivor size 15400960 bytes, new threshold 6 (max threshold 6)
[938.890s][info ][gc,heap      ] GC(1008) ParNew: 244251K->4063K(270976K)
[938.890s][info ][gc,heap      ] GC(1008) CMS: 359047K->359081K(602112K)
[938.890s][info ][gc,metaspace ] GC(1008) Metaspace: 57673K->57673K(1101824K)
[938.890s][info ][gc           ] GC(1008) Pause Young (Allocation Failure) 589M->354M(852M) 4.756ms
[938.890s][info ][gc,cpu       ] GC(1008) User=0.02s Sys=0.00s Real=0.00s
[938.890s][info ][safepoint    ] Leaving safepoint region
[938.890s][info ][safepoint    ] Total time for which application threads were stopped: 0.0049055 seconds, Stopping threads took: 0.0000151 seconds
[939.738s][info ][safepoint    ] Application time: 0.8485792 seconds
[939.738s][info ][safepoint    ] Entering safepoint region: GenCollectForAllocation
[939.739s][info ][gc,start     ] GC(1009) Pause Young (Allocation Failure)
[939.739s][info ][gc,task      ] GC(1009) Using 4 workers of 4 for evacuation
[939.745s][debug][gc,ref       ] GC(1009) Skipped phase1 of Reference Processing due to unavailable references
[939.745s][debug][gc,ref       ] GC(1009) Skipped phase2 of Reference Processing due to unavailable references
[939.745s][debug][gc,ref       ] GC(1009) Skipped phase3 of Reference Processing due to unavailable references
[939.745s][debug][gc,ref       ] GC(1009) Skipped phase4 of Reference Processing due to unavailable references
[939.745s][debug][gc,age       ] GC(1009) Desired survivor size 15400960 bytes, new threshold 6 (max threshold 6)
[939.745s][info ][gc,heap      ] GC(1009) ParNew: 244959K->4073K(270976K)
[939.745s][info ][gc,heap      ] GC(1009) CMS: 359081K->359163K(602112K)
[939.745s][info ][gc,metaspace ] GC(1009) Metaspace: 57673K->57673K(1101824K)
[939.745s][info ][gc           ] GC(1009) Pause Young (Allocation Failure) 589M->354M(852M) 6.791ms
[939.745s][info ][gc,cpu       ] GC(1009) User=0.02s Sys=0.00s Real=0.01s
[939.745s][info ][safepoint    ] Leaving safepoint region
[939.745s][info ][safepoint    ] Total time for which application threads were stopped: 0.0069435 seconds, Stopping threads took: 0.0000137 seconds
[940.668s][info ][safepoint    ] Application time: 0.9230335 seconds
[940.669s][info ][safepoint    ] Entering safepoint region: GenCollectForAllocation
[940.669s][info ][gc,start     ] GC(1010) Pause Young (Allocation Failure)
[940.669s][info ][gc,task      ] GC(1010) Using 4 workers of 4 for evacuation
[940.673s][debug][gc,ref       ] GC(1010) Skipped phase1 of Reference Processing due to unavailable references
[940.674s][debug][gc,ref       ] GC(1010) Skipped phase2 of Reference Processing due to unavailable references
[940.674s][debug][gc,ref       ] GC(1010) Skipped phase3 of Reference Processing due to unavailable references
[940.674s][debug][gc,ref       ] GC(1010) Skipped phase4 of Reference Processing due to unavailable references
[940.674s][debug][gc,age       ] GC(1010) Desired survivor size 15400960 bytes, new threshold 6 (max threshold 6)
[940.674s][info ][gc,heap      ] GC(1010) ParNew: 244969K->3659K(270976K)
[940.674s][info ][gc,heap      ] GC(1010) CMS: 359163K->359278K(602112K)
[940.674s][info ][gc,metaspace ] GC(1010) Metaspace: 57673K->57673K(1101824K)
[940.674s][info ][gc           ] GC(1010) Pause Young (Allocation Failure) 589M->354M(852M) 5.092ms
[940.674s][info ][gc,cpu       ] GC(1010) User=0.02s Sys=0.00s Real=0.00s
[940.674s][info ][safepoint    ] Leaving safepoint region
[940.674s][info ][safepoint    ] Total time for which application threads were stopped: 0.0052757 seconds, Stopping threads took: 0.0000289 seconds
[941.677s][info ][safepoint    ] Application time: 1.0029419 seconds
[941.677s][info ][safepoint    ] Entering safepoint region: GenCollectForAllocation
[941.677s][info ][gc,start     ] GC(1011) Pause Young (Allocation Failure)
[941.677s][info ][gc,task      ] GC(1011) Using 4 workers of 4 for evacuation
[941.682s][debug][gc,ref       ] GC(1011) Skipped phase1 of Reference Processing due to unavailable references
[941.682s][debug][gc,ref       ] GC(1011) Skipped phase2 of Reference Processing due to unavailable references
[941.682s][debug][gc,ref       ] GC(1011) Skipped phase3 of Reference Processing due to unavailable references
[941.682s][debug][gc,ref       ] GC(1011) Skipped phase4 of Reference Processing due to unavailable references
[941.682s][debug][gc,age       ] GC(1011) Desired survivor size 15400960 bytes, new threshold 6 (max threshold 6)
[941.682s][info ][gc,heap      ] GC(1011) ParNew: 244555K->5143K(270976K)
[941.682s][info ][gc,heap      ] GC(1011) CMS: 359278K->359395K(602112K)
[941.682s][info ][gc,metaspace ] GC(1011) Metaspace: 57674K->57674K(1101824K)
[941.682s][info ][gc           ] GC(1011) Pause Young (Allocation Failure) 589M->355M(852M) 5.184ms
[941.682s][info ][gc,cpu       ] GC(1011) User=0.02s Sys=0.00s Real=0.00s
[941.682s][info ][safepoint    ] Leaving safepoint region
[941.682s][info ][safepoint    ] Total time for which application threads were stopped: 0.0053310 seconds, Stopping threads took: 0.0000141 seconds
[942.653s][info ][safepoint    ] Application time: 0.9709482 seconds
[942.653s][info ][safepoint    ] Entering safepoint region: GenCollectForAllocation
[942.653s][info ][gc,start     ] GC(1012) Pause Young (Allocation Failure)
[942.653s][info ][gc,task      ] GC(1012) Using 4 workers of 4 for evacuation
[942.658s][debug][gc,ref       ] GC(1012) Skipped phase1 of Reference Processing due to unavailable references
[942.658s][debug][gc,ref       ] GC(1012) Skipped phase2 of Reference Processing due to unavailable references
[942.658s][debug][gc,ref       ] GC(1012) Skipped phase3 of Reference Processing due to unavailable references
[942.658s][debug][gc,ref       ] GC(1012) Skipped phase4 of Reference Processing due to unavailable references
[942.658s][debug][gc,age       ] GC(1012) Desired survivor size 15400960 bytes, new threshold 6 (max threshold 6)
[942.658s][info ][gc,heap      ] GC(1012) ParNew: 246039K->4660K(270976K)
[942.658s][info ][gc,heap      ] GC(1012) CMS: 359395K->359508K(602112K)
[942.658s][info ][gc,metaspace ] GC(1012) Metaspace: 57683K->57683K(1101824K)
[942.658s][info ][gc           ] GC(1012) Pause Young (Allocation Failure) 591M->355M(852M) 5.235ms
[942.658s][info ][gc,cpu       ] GC(1012) User=0.02s Sys=0.00s Real=0.01s
[942.658s][info ][safepoint    ] Leaving safepoint region
[942.658s][info ][safepoint    ] Total time for which application threads were stopped: 0.0054147 seconds, Stopping threads took: 0.0000569 seconds
[943.526s][info ][safepoint    ] Application time: 0.8676444 seconds
[943.526s][info ][safepoint    ] Entering safepoint region: GenCollectForAllocation
[943.526s][info ][gc,start     ] GC(1013) Pause Young (Allocation Failure)
[943.526s][info ][gc,task      ] GC(1013) Using 4 workers of 4 for evacuation
[943.531s][debug][gc,ref       ] GC(1013) Skipped phase1 of Reference Processing due to unavailable references
[943.531s][debug][gc,ref       ] GC(1013) Skipped phase2 of Reference Processing due to unavailable references
[943.531s][debug][gc,ref       ] GC(1013) Skipped phase3 of Reference Processing due to unavailable references
[943.531s][debug][gc,ref       ] GC(1013) Skipped phase4 of Reference Processing due to unavailable references
[943.531s][debug][gc,age       ] GC(1013) Desired survivor size 15400960 bytes, new threshold 6 (max threshold 6)
[943.531s][info ][gc,heap      ] GC(1013) ParNew: 245556K->4637K(270976K)
[943.531s][info ][gc,heap      ] GC(1013) CMS: 359508K->359644K(602112K)
[943.531s][info ][gc,metaspace ] GC(1013) Metaspace: 57683K->57683K(1101824K)
[943.531s][info ][gc           ] GC(1013) Pause Young (Allocation Failure) 590M->355M(852M) 5.183ms
[943.531s][info ][gc,cpu       ] GC(1013) User=0.02s Sys=0.00s Real=0.00s
[943.531s][info ][safepoint    ] Leaving safepoint region
[943.531s][info ][safepoint    ] Total time for which application threads were stopped: 0.0053335 seconds, Stopping threads took: 0.0000136 seconds
[944.364s][info ][safepoint    ] Application time: 0.8327085 seconds
[944.364s][info ][safepoint    ] Entering safepoint region: GenCollectForAllocation
[944.364s][info ][gc,start     ] GC(1014) Pause Young (Allocation Failure)
[944.364s][info ][gc,task      ] GC(1014) Using 4 workers of 4 for evacuation
[944.369s][debug][gc,ref       ] GC(1014) Skipped phase1 of Reference Processing due to unavailable references
[944.369s][debug][gc,ref       ] GC(1014) Skipped phase2 of Reference Processing due to unavailable references
[944.369s][debug][gc,ref       ] GC(1014) Skipped phase3 of Reference Processing due to unavailable references
[944.369s][debug][gc,ref       ] GC(1014) Skipped phase4 of Reference Processing due to unavailable references
[944.370s][debug][gc,age       ] GC(1014) Desired survivor size 15400960 bytes, new threshold 6 (max threshold 6)
[944.370s][info ][gc,heap      ] GC(1014) ParNew: 245533K->3740K(270976K)
[944.370s][info ][gc,heap      ] GC(1014) CMS: 359644K->359774K(602112K)
[944.370s][info ][gc,metaspace ] GC(1014) Metaspace: 57683K->57683K(1101824K)
[944.370s][info ][gc           ] GC(1014) Pause Young (Allocation Failure) 590M->354M(852M) 5.237ms
[944.370s][info ][gc,cpu       ] GC(1014) User=0.02s Sys=0.00s Real=0.00s
[944.370s][info ][safepoint    ] Leaving safepoint region
[944.370s][info ][safepoint    ] Total time for which application threads were stopped: 0.0054056 seconds, Stopping threads took: 0.0000445 seconds
[945.364s][info ][safepoint    ] Application time: 0.9941275 seconds
[945.364s][info ][safepoint    ] Entering safepoint region: GenCollectForAllocation
[945.364s][info ][gc,start     ] GC(1015) Pause Young (Allocation Failure)
[945.364s][info ][gc,task      ] GC(1015) Using 4 workers of 4 for evacuation
[945.368s][debug][gc,ref       ] GC(1015) Skipped phase1 of Reference Processing due to unavailable references
[945.368s][debug][gc,ref       ] GC(1015) Skipped phase2 of Reference Processing due to unavailable references
[945.368s][debug][gc,ref       ] GC(1015) Skipped phase3 of Reference Processing due to unavailable references
[945.368s][debug][gc,ref       ] GC(1015) Skipped phase4 of Reference Processing due to unavailable references
[945.369s][debug][gc,age       ] GC(1015) Desired survivor size 15400960 bytes, new threshold 6 (max threshold 6)
[945.369s][info ][gc,heap      ] GC(1015) ParNew: 244636K->3749K(270976K)
[945.369s][info ][gc,heap      ] GC(1015) CMS: 359774K->359871K(602112K)
[945.369s][info ][gc,metaspace ] GC(1015) Metaspace: 57683K->57683K(1101824K)
[945.369s][info ][gc           ] GC(1015) Pause Young (Allocation Failure) 590M->355M(852M) 4.637ms
[945.369s][info ][gc,cpu       ] GC(1015) User=0.02s Sys=0.00s Real=0.00s
[945.369s][info ][safepoint    ] Leaving safepoint region
[945.369s][info ][safepoint    ] Total time for which application threads were stopped: 0.0047964 seconds, Stopping threads took: 0.0000137 seconds
[946.368s][info ][safepoint    ] Application time: 0.9993240 seconds
[946.368s][info ][safepoint    ] Entering safepoint region: GenCollectForAllocation
[946.368s][info ][gc,start     ] GC(1016) Pause Young (Allocation Failure)
[946.368s][info ][gc,task      ] GC(1016) Using 4 workers of 4 for evacuation
[946.372s][debug][gc,ref       ] GC(1016) Skipped phase1 of Reference Processing due to unavailable references
[946.373s][debug][gc,ref       ] GC(1016) Skipped phase2 of Reference Processing due to unavailable references
[946.373s][debug][gc,ref       ] GC(1016) Skipped phase3 of Reference Processing due to unavailable references
[946.373s][debug][gc,ref       ] GC(1016) Skipped phase4 of Reference Processing due to unavailable references
[946.373s][debug][gc,age       ] GC(1016) Desired survivor size 15400960 bytes, new threshold 6 (max threshold 6)
[946.373s][info ][gc,heap      ] GC(1016) ParNew: 244645K->4232K(270976K)
[946.373s][info ][gc,heap      ] GC(1016) CMS: 359871K->359924K(602112K)
[946.373s][info ][gc,metaspace ] GC(1016) Metaspace: 57683K->57683K(1101824K)
[946.373s][info ][gc           ] GC(1016) Pause Young (Allocation Failure) 590M->355M(852M) 4.655ms
[946.373s][info ][gc,cpu       ] GC(1016) User=0.01s Sys=0.00s Real=0.00s
[946.373s][info ][safepoint    ] Leaving safepoint region
[946.373s][info ][safepoint    ] Total time for which application threads were stopped: 0.0047947 seconds, Stopping threads took: 0.0000144 seconds
[947.353s][info ][safepoint    ] Application time: 0.9802055 seconds
[947.353s][info ][safepoint    ] Entering safepoint region: GenCollectForAllocation
[947.353s][info ][gc,start     ] GC(1017) Pause Young (Allocation Failure)
[947.353s][info ][gc,task      ] GC(1017) Using 4 workers of 4 for evacuation
[947.358s][debug][gc,ref       ] GC(1017) Skipped phase1 of Reference Processing due to unavailable references
[947.358s][debug][gc,ref       ] GC(1017) Skipped phase2 of Reference Processing due to unavailable references
[947.358s][debug][gc,ref       ] GC(1017) Skipped phase3 of Reference Processing due to unavailable references
[947.358s][debug][gc,ref       ] GC(1017) Skipped phase4 of Reference Processing due to unavailable references
[947.358s][debug][gc,age       ] GC(1017) Desired survivor size 15400960 bytes, new threshold 6 (max threshold 6)
[947.358s][info ][gc,heap      ] GC(1017) ParNew: 245128K->4307K(270976K)
[947.358s][info ][gc,heap      ] GC(1017) CMS: 359924K->360139K(602112K)
[947.358s][info ][gc,metaspace ] GC(1017) Metaspace: 57683K->57683K(1101824K)
[947.358s][info ][gc           ] GC(1017) Pause Young (Allocation Failure) 590M->355M(852M) 4.777ms
[947.358s][info ][gc,cpu       ] GC(1017) User=0.02s Sys=0.00s Real=0.01s
[947.358s][info ][safepoint    ] Leaving safepoint region
[947.358s][info ][safepoint    ] Total time for which application threads were stopped: 0.0049543 seconds, Stopping threads took: 0.0000400 seconds
[948.317s][info ][safepoint    ] Application time: 0.9594444 seconds
[948.317s][info ][safepoint    ] Entering safepoint region: GenCollectForAllocation
[948.318s][info ][gc,start     ] GC(1018) Pause Young (Allocation Failure)
[948.318s][info ][gc,task      ] GC(1018) Using 4 workers of 4 for evacuation
[948.322s][debug][gc,ref       ] GC(1018) Skipped phase1 of Reference Processing due to unavailable references
[948.322s][debug][gc,ref       ] GC(1018) Skipped phase2 of Reference Processing due to unavailable references
[948.322s][debug][gc,ref       ] GC(1018) Skipped phase3 of Reference Processing due to unavailable references
[948.322s][debug][gc,ref       ] GC(1018) Skipped phase4 of Reference Processing due to unavailable references
[948.323s][debug][gc,age       ] GC(1018) Desired survivor size 15400960 bytes, new threshold 6 (max threshold 6)
[948.323s][info ][gc,heap      ] GC(1018) ParNew: 245203K->4100K(270976K)
[948.323s][info ][gc,heap      ] GC(1018) CMS: 360139K->360302K(602112K)
[948.323s][info ][gc,metaspace ] GC(1018) Metaspace: 57683K->57683K(1101824K)
[948.323s][info ][gc           ] GC(1018) Pause Young (Allocation Failure) 591M->355M(852M) 5.058ms
[948.323s][info ][gc,cpu       ] GC(1018) User=0.02s Sys=0.00s Real=0.00s
[948.323s][info ][safepoint    ] Leaving safepoint region
[948.323s][info ][safepoint    ] Total time for which application threads were stopped: 0.0052026 seconds, Stopping threads took: 0.0000147 seconds
[949.405s][info ][safepoint    ] Application time: 1.0826151 seconds
[949.405s][info ][safepoint    ] Entering safepoint region: GenCollectForAllocation
[949.405s][info ][gc,start     ] GC(1019) Pause Young (Allocation Failure)
[949.405s][info ][gc,task      ] GC(1019) Using 4 workers of 4 for evacuation
[949.410s][debug][gc,ref       ] GC(1019) Skipped phase1 of Reference Processing due to unavailable references
[949.410s][debug][gc,ref       ] GC(1019) Skipped phase2 of Reference Processing due to unavailable references
[949.410s][debug][gc,ref       ] GC(1019) Skipped phase3 of Reference Processing due to unavailable references
[949.410s][debug][gc,ref       ] GC(1019) Skipped phase4 of Reference Processing due to unavailable references
[949.410s][debug][gc,age       ] GC(1019) Desired survivor size 15400960 bytes, new threshold 6 (max threshold 6)
[949.410s][info ][gc,heap      ] GC(1019) ParNew: 244996K->2857K(270976K)
[949.410s][info ][gc,heap      ] GC(1019) CMS: 360302K->360485K(602112K)
[949.410s][info ][gc,metaspace ] GC(1019) Metaspace: 57683K->57683K(1101824K)
[949.410s][info ][gc           ] GC(1019) Pause Young (Allocation Failure) 591M->354M(852M) 4.790ms
[949.410s][info ][gc,cpu       ] GC(1019) User=0.02s Sys=0.00s Real=0.00s
[949.410s][info ][safepoint    ] Leaving safepoint region
[949.410s][info ][safepoint    ] Total time for which application threads were stopped: 0.0049322 seconds, Stopping threads took: 0.0000144 seconds
[950.394s][info ][safepoint    ] Application time: 0.9837840 seconds
[950.394s][info ][safepoint    ] Entering safepoint region: GenCollectForAllocation
[950.394s][info ][gc,start     ] GC(1020) Pause Young (Allocation Failure)
[950.394s][info ][gc,task      ] GC(1020) Using 4 workers of 4 for evacuation
[950.399s][debug][gc,ref       ] GC(1020) Skipped phase1 of Reference Processing due to unavailable references
[950.399s][debug][gc,ref       ] GC(1020) Skipped phase2 of Reference Processing due to unavailable references
[950.399s][debug][gc,ref       ] GC(1020) Skipped phase3 of Reference Processing due to unavailable references
[950.399s][debug][gc,ref       ] GC(1020) Skipped phase4 of Reference Processing due to unavailable references
[950.399s][debug][gc,age       ] GC(1020) Desired survivor size 15400960 bytes, new threshold 6 (max threshold 6)
[950.399s][info ][gc,heap      ] GC(1020) ParNew: 243753K->4061K(270976K)
[950.399s][info ][gc,heap      ] GC(1020) CMS: 360485K->360556K(602112K)
[950.399s][info ][gc,metaspace ] GC(1020) Metaspace: 57683K->57683K(1101824K)
[950.399s][info ][gc           ] GC(1020) Pause Young (Allocation Failure) 590M->356M(852M) 5.290ms
[950.399s][info ][gc,cpu       ] GC(1020) User=0.02s Sys=0.00s Real=0.01s
[950.399s][info ][safepoint    ] Leaving safepoint region
[950.399s][info ][safepoint    ] Total time for which application threads were stopped: 0.0054446 seconds, Stopping threads took: 0.0000120 seconds
[951.407s][info ][safepoint    ] Application time: 1.0070200 seconds
[951.407s][info ][safepoint    ] Entering safepoint region: GenCollectForAllocation
[951.407s][info ][gc,start     ] GC(1021) Pause Young (Allocation Failure)
[951.407s][info ][gc,task      ] GC(1021) Using 4 workers of 4 for evacuation
[951.411s][debug][gc,ref       ] GC(1021) Skipped phase1 of Reference Processing due to unavailable references
[951.411s][debug][gc,ref       ] GC(1021) Skipped phase2 of Reference Processing due to unavailable references
[951.411s][debug][gc,ref       ] GC(1021) Skipped phase3 of Reference Processing due to unavailable references
[951.411s][debug][gc,ref       ] GC(1021) Skipped phase4 of Reference Processing due to unavailable references
[951.411s][debug][gc,age       ] GC(1021) Desired survivor size 15400960 bytes, new threshold 6 (max threshold 6)
[951.411s][info ][gc,heap      ] GC(1021) ParNew: 244957K->4086K(270976K)
[951.411s][info ][gc,heap      ] GC(1021) CMS: 360556K->360606K(602112K)
[951.411s][info ][gc,metaspace ] GC(1021) Metaspace: 57683K->57683K(1101824K)
[951.411s][info ][gc           ] GC(1021) Pause Young (Allocation Failure) 591M->356M(852M) 4.692ms
[951.411s][info ][gc,cpu       ] GC(1021) User=0.02s Sys=0.00s Real=0.00s
[951.411s][info ][safepoint    ] Leaving safepoint region
[951.411s][info ][safepoint    ] Total time for which application threads were stopped: 0.0048314 seconds, Stopping threads took: 0.0000130 seconds
[952.328s][info ][safepoint    ] Application time: 0.9166811 seconds
[952.328s][info ][safepoint    ] Entering safepoint region: GenCollectForAllocation
[952.328s][info ][gc,start     ] GC(1022) Pause Young (Allocation Failure)
[952.328s][info ][gc,task      ] GC(1022) Using 4 workers of 4 for evacuation
[952.333s][debug][gc,ref       ] GC(1022) Skipped phase1 of Reference Processing due to unavailable references
[952.333s][debug][gc,ref       ] GC(1022) Skipped phase2 of Reference Processing due to unavailable references
[952.333s][debug][gc,ref       ] GC(1022) Skipped phase3 of Reference Processing due to unavailable references
[952.333s][debug][gc,ref       ] GC(1022) Skipped phase4 of Reference Processing due to unavailable references
[952.333s][debug][gc,age       ] GC(1022) Desired survivor size 15400960 bytes, new threshold 6 (max threshold 6)
[952.333s][info ][gc,heap      ] GC(1022) ParNew: 244982K->3588K(270976K)
[952.333s][info ][gc,heap      ] GC(1022) CMS: 360606K->360759K(602112K)
[952.333s][info ][gc,metaspace ] GC(1022) Metaspace: 57683K->57683K(1101824K)
[952.333s][info ][gc           ] GC(1022) Pause Young (Allocation Failure) 591M->355M(852M) 4.624ms
[952.333s][info ][gc,cpu       ] GC(1022) User=0.02s Sys=0.00s Real=0.00s
[952.333s][info ][safepoint    ] Leaving safepoint region
[952.333s][info ][safepoint    ] Total time for which application threads were stopped: 0.0047688 seconds, Stopping threads took: 0.0000157 seconds
[953.370s][info ][safepoint    ] Application time: 1.0374523 seconds
[953.370s][info ][safepoint    ] Entering safepoint region: GenCollectForAllocation
[953.370s][info ][gc,start     ] GC(1023) Pause Young (Allocation Failure)
[953.370s][info ][gc,task      ] GC(1023) Using 4 workers of 4 for evacuation
[953.375s][debug][gc,ref       ] GC(1023) Skipped phase1 of Reference Processing due to unavailable references
[953.375s][debug][gc,ref       ] GC(1023) Skipped phase2 of Reference Processing due to unavailable references
[953.375s][debug][gc,ref       ] GC(1023) Skipped phase3 of Reference Processing due to unavailable references
[953.375s][debug][gc,ref       ] GC(1023) Skipped phase4 of Reference Processing due to unavailable references
[953.375s][debug][gc,age       ] GC(1023) Desired survivor size 15400960 bytes, new threshold 6 (max threshold 6)
[953.375s][info ][gc,heap      ] GC(1023) ParNew: 244484K->4142K(270976K)
[953.375s][info ][gc,heap      ] GC(1023) CMS: 360759K->360781K(602112K)
[953.375s][info ][gc,metaspace ] GC(1023) Metaspace: 57683K->57683K(1101824K)
[953.375s][info ][gc           ] GC(1023) Pause Young (Allocation Failure) 591M->356M(852M) 4.707ms
[953.375s][info ][gc,cpu       ] GC(1023) User=0.02s Sys=0.00s Real=0.00s
[953.375s][info ][safepoint    ] Leaving safepoint region
[953.375s][info ][safepoint    ] Total time for which application threads were stopped: 0.0048568 seconds, Stopping threads took: 0.0000146 seconds
[954.365s][info ][safepoint    ] Application time: 0.9897247 seconds
[954.365s][info ][safepoint    ] Entering safepoint region: GenCollectForAllocation
[954.365s][info ][gc,start     ] GC(1024) Pause Young (Allocation Failure)
[954.365s][info ][gc,task      ] GC(1024) Using 4 workers of 4 for evacuation
[954.370s][debug][gc,ref       ] GC(1024) Skipped phase1 of Reference Processing due to unavailable references
[954.370s][debug][gc,ref       ] GC(1024) Skipped phase2 of Reference Processing due to unavailable references
[954.370s][debug][gc,ref       ] GC(1024) Skipped phase3 of Reference Processing due to unavailable references
[954.370s][debug][gc,ref       ] GC(1024) Skipped phase4 of Reference Processing due to unavailable references
[954.370s][debug][gc,age       ] GC(1024) Desired survivor size 15400960 bytes, new threshold 6 (max threshold 6)
[954.370s][info ][gc,heap      ] GC(1024) ParNew: 245038K->3472K(270976K)
[954.370s][info ][gc,heap      ] GC(1024) CMS: 360781K->360880K(602112K)
[954.370s][info ][gc,metaspace ] GC(1024) Metaspace: 57683K->57683K(1101824K)
[954.370s][info ][gc           ] GC(1024) Pause Young (Allocation Failure) 591M->355M(852M) 4.846ms
[954.370s][info ][gc,cpu       ] GC(1024) User=0.01s Sys=0.00s Real=0.00s
[954.370s][info ][safepoint    ] Leaving safepoint region
[954.370s][info ][safepoint    ] Total time for which application threads were stopped: 0.0050322 seconds, Stopping threads took: 0.0000598 seconds
[955.299s][info ][safepoint    ] Application time: 0.9293066 seconds
[955.299s][info ][safepoint    ] Entering safepoint region: GenCollectForAllocation
[955.299s][info ][gc,start     ] GC(1025) Pause Young (Allocation Failure)
[955.300s][info ][gc,task      ] GC(1025) Using 4 workers of 4 for evacuation
[955.304s][debug][gc,ref       ] GC(1025) Skipped phase1 of Reference Processing due to unavailable references
[955.304s][debug][gc,ref       ] GC(1025) Skipped phase2 of Reference Processing due to unavailable references
[955.304s][debug][gc,ref       ] GC(1025) Skipped phase3 of Reference Processing due to unavailable references
[955.304s][debug][gc,ref       ] GC(1025) Skipped phase4 of Reference Processing due to unavailable references
[955.305s][debug][gc,age       ] GC(1025) Desired survivor size 15400960 bytes, new threshold 6 (max threshold 6)
[955.305s][info ][gc,heap      ] GC(1025) ParNew: 244368K->4316K(270976K)
[955.305s][info ][gc,heap      ] GC(1025) CMS: 360880K->360953K(602112K)
[955.305s][info ][gc,metaspace ] GC(1025) Metaspace: 57683K->57683K(1101824K)
[955.305s][info ][gc           ] GC(1025) Pause Young (Allocation Failure) 591M->356M(852M) 5.049ms
[955.305s][info ][gc,cpu       ] GC(1025) User=0.02s Sys=0.00s Real=0.01s
[955.305s][info ][safepoint    ] Leaving safepoint region
[955.305s][info ][safepoint    ] Total time for which application threads were stopped: 0.0052240 seconds, Stopping threads took: 0.0000277 seconds
[956.189s][info ][safepoint    ] Application time: 0.8842620 seconds
[956.189s][info ][safepoint    ] Entering safepoint region: GenCollectForAllocation
[956.189s][info ][gc,start     ] GC(1026) Pause Young (Allocation Failure)
[956.189s][info ][gc,task      ] GC(1026) Using 4 workers of 4 for evacuation
[956.195s][debug][gc,ref       ] GC(1026) Skipped phase1 of Reference Processing due to unavailable references
[956.195s][debug][gc,ref       ] GC(1026) Skipped phase2 of Reference Processing due to unavailable references
[956.195s][debug][gc,ref       ] GC(1026) Skipped phase3 of Reference Processing due to unavailable references
[956.195s][debug][gc,ref       ] GC(1026) Skipped phase4 of Reference Processing due to unavailable references
[956.196s][debug][gc,age       ] GC(1026) Desired survivor size 15400960 bytes, new threshold 6 (max threshold 6)
[956.196s][info ][gc,heap      ] GC(1026) ParNew: 245212K->4364K(270976K)
[956.196s][info ][gc,heap      ] GC(1026) CMS: 360953K->360999K(602112K)
[956.196s][info ][gc,metaspace ] GC(1026) Metaspace: 57683K->57683K(1101824K)
[956.196s][info ][gc           ] GC(1026) Pause Young (Allocation Failure) 591M->356M(852M) 6.572ms
[956.196s][info ][gc,cpu       ] GC(1026) User=0.02s Sys=0.00s Real=0.01s
[956.196s][info ][safepoint    ] Leaving safepoint region
[956.196s][info ][safepoint    ] Total time for which application threads were stopped: 0.0067256 seconds, Stopping threads took: 0.0000139 seconds
[957.235s][info ][safepoint    ] Application time: 1.0391713 seconds
[957.235s][info ][safepoint    ] Entering safepoint region: GenCollectForAllocation
[957.235s][info ][gc,start     ] GC(1027) Pause Young (Allocation Failure)
[957.235s][info ][gc,task      ] GC(1027) Using 4 workers of 4 for evacuation
[957.241s][debug][gc,ref       ] GC(1027) Skipped phase1 of Reference Processing due to unavailable references
[957.241s][debug][gc,ref       ] GC(1027) Skipped phase2 of Reference Processing due to unavailable references
[957.241s][debug][gc,ref       ] GC(1027) Skipped phase3 of Reference Processing due to unavailable references
[957.241s][debug][gc,ref       ] GC(1027) Skipped phase4 of Reference Processing due to unavailable references
[957.241s][debug][gc,age       ] GC(1027) Desired survivor size 15400960 bytes, new threshold 6 (max threshold 6)
[957.241s][info ][gc,heap      ] GC(1027) ParNew: 245260K->5223K(270976K)
[957.241s][info ][gc,heap      ] GC(1027) CMS: 360999K->361131K(602112K)
[957.241s][info ][gc,metaspace ] GC(1027) Metaspace: 57683K->57683K(1101824K)
[957.241s][info ][gc           ] GC(1027) Pause Young (Allocation Failure) 592M->357M(852M) 6.010ms
[957.241s][info ][gc,cpu       ] GC(1027) User=0.02s Sys=0.00s Real=0.01s
[957.241s][info ][safepoint    ] Leaving safepoint region
[957.241s][info ][safepoint    ] Total time for which application threads were stopped: 0.0061896 seconds, Stopping threads took: 0.0000152 seconds
[958.328s][info ][safepoint    ] Application time: 1.0867456 seconds
[958.328s][info ][safepoint    ] Entering safepoint region: GenCollectForAllocation
[958.328s][info ][gc,start     ] GC(1028) Pause Young (Allocation Failure)
[958.328s][info ][gc,task      ] GC(1028) Using 4 workers of 4 for evacuation
[958.332s][debug][gc,ref       ] GC(1028) Skipped phase1 of Reference Processing due to unavailable references
[958.332s][debug][gc,ref       ] GC(1028) Skipped phase2 of Reference Processing due to unavailable references
[958.332s][debug][gc,ref       ] GC(1028) Skipped phase3 of Reference Processing due to unavailable references
[958.332s][debug][gc,ref       ] GC(1028) Skipped phase4 of Reference Processing due to unavailable references
[958.332s][debug][gc,age       ] GC(1028) Desired survivor size 15400960 bytes, new threshold 6 (max threshold 6)
[958.332s][info ][gc,heap      ] GC(1028) ParNew: 246119K->3445K(270976K)
[958.332s][info ][gc,heap      ] GC(1028) CMS: 361131K->361281K(602112K)
[958.332s][info ][gc,metaspace ] GC(1028) Metaspace: 57683K->57683K(1101824K)
[958.332s][info ][gc           ] GC(1028) Pause Young (Allocation Failure) 593M->356M(852M) 4.276ms
[958.332s][info ][gc,cpu       ] GC(1028) User=0.02s Sys=0.00s Real=0.00s
[958.332s][info ][safepoint    ] Leaving safepoint region
[958.332s][info ][safepoint    ] Total time for which application threads were stopped: 0.0044176 seconds, Stopping threads took: 0.0000141 seconds
[959.291s][info ][safepoint    ] Application time: 0.9592219 seconds
[959.291s][info ][safepoint    ] Entering safepoint region: GenCollectForAllocation
[959.292s][info ][gc,start     ] GC(1029) Pause Young (Allocation Failure)
[959.292s][info ][gc,task      ] GC(1029) Using 4 workers of 4 for evacuation
[959.296s][debug][gc,ref       ] GC(1029) Skipped phase1 of Reference Processing due to unavailable references
[959.296s][debug][gc,ref       ] GC(1029) Skipped phase2 of Reference Processing due to unavailable references
[959.296s][debug][gc,ref       ] GC(1029) Skipped phase3 of Reference Processing due to unavailable references
[959.296s][debug][gc,ref       ] GC(1029) Skipped phase4 of Reference Processing due to unavailable references
[959.296s][debug][gc,age       ] GC(1029) Desired survivor size 15400960 bytes, new threshold 6 (max threshold 6)
[959.296s][info ][gc,heap      ] GC(1029) ParNew: 244316K->4750K(270976K)
[959.296s][info ][gc,heap      ] GC(1029) CMS: 361281K->361417K(602112K)
[959.296s][info ][gc,metaspace ] GC(1029) Metaspace: 57683K->57683K(1101824K)
[959.296s][info ][gc           ] GC(1029) Pause Young (Allocation Failure) 591M->357M(852M) 4.848ms
[959.296s][info ][gc,cpu       ] GC(1029) User=0.01s Sys=0.00s Real=0.01s
[959.296s][info ][safepoint    ] Leaving safepoint region
[959.296s][info ][safepoint    ] Total time for which application threads were stopped: 0.0049944 seconds, Stopping threads took: 0.0000127 seconds
[960.160s][info ][safepoint    ] Application time: 0.8637782 seconds
[960.160s][info ][safepoint    ] Entering safepoint region: GenCollectForAllocation
[960.160s][info ][gc,start     ] GC(1030) Pause Young (Allocation Failure)
[960.160s][info ][gc,task      ] GC(1030) Using 4 workers of 4 for evacuation
[960.165s][debug][gc,ref       ] GC(1030) Skipped phase1 of Reference Processing due to unavailable references
[960.165s][debug][gc,ref       ] GC(1030) Skipped phase2 of Reference Processing due to unavailable references
[960.165s][debug][gc,ref       ] GC(1030) Skipped phase3 of Reference Processing due to unavailable references
[960.165s][debug][gc,ref       ] GC(1030) Skipped phase4 of Reference Processing due to unavailable references
[960.165s][debug][gc,age       ] GC(1030) Desired survivor size 15400960 bytes, new threshold 6 (max threshold 6)
[960.165s][info ][gc,heap      ] GC(1030) ParNew: 245646K->4035K(270976K)
[960.165s][info ][gc,heap      ] GC(1030) CMS: 361417K->361546K(602112K)
[960.165s][info ][gc,metaspace ] GC(1030) Metaspace: 57683K->57683K(1101824K)
[960.165s][info ][gc           ] GC(1030) Pause Young (Allocation Failure) 592M->357M(852M) 4.813ms
[960.165s][info ][gc,cpu       ] GC(1030) User=0.02s Sys=0.00s Real=0.01s
[960.165s][info ][safepoint    ] Leaving safepoint region
[960.165s][info ][safepoint    ] Total time for which application threads were stopped: 0.0050020 seconds, Stopping threads took: 0.0000513 seconds
[960.999s][info ][safepoint    ] Application time: 0.8341056 seconds
[960.999s][info ][safepoint    ] Entering safepoint region: GenCollectForAllocation
[961.000s][info ][gc,start     ] GC(1031) Pause Young (Allocation Failure)
[961.000s][info ][gc,task      ] GC(1031) Using 4 workers of 4 for evacuation
[961.004s][debug][gc,ref       ] GC(1031) Skipped phase1 of Reference Processing due to unavailable references
[961.004s][debug][gc,ref       ] GC(1031) Skipped phase2 of Reference Processing due to unavailable references
[961.004s][debug][gc,ref       ] GC(1031) Skipped phase3 of Reference Processing due to unavailable references
[961.004s][debug][gc,ref       ] GC(1031) Skipped phase4 of Reference Processing due to unavailable references
[961.004s][debug][gc,age       ] GC(1031) Desired survivor size 15400960 bytes, new threshold 6 (max threshold 6)
[961.004s][info ][gc,heap      ] GC(1031) ParNew: 244931K->4054K(270976K)
[961.004s][info ][gc,heap      ] GC(1031) CMS: 361546K->361583K(602112K)
[961.004s][info ][gc,metaspace ] GC(1031) Metaspace: 57686K->57686K(1101824K)
[961.004s][info ][gc           ] GC(1031) Pause Young (Allocation Failure) 592M->357M(852M) 4.292ms
[961.004s][info ][gc,cpu       ] GC(1031) User=0.01s Sys=0.00s Real=0.01s
[961.004s][info ][safepoint    ] Leaving safepoint region
[961.004s][info ][safepoint    ] Total time for which application threads were stopped: 0.0044456 seconds, Stopping threads took: 0.0000156 seconds
[961.926s][info ][safepoint    ] Application time: 0.9217506 seconds
[961.926s][info ][safepoint    ] Entering safepoint region: GenCollectForAllocation
[961.926s][info ][gc,start     ] GC(1032) Pause Young (Allocation Failure)
[961.926s][info ][gc,task      ] GC(1032) Using 4 workers of 4 for evacuation
[961.930s][debug][gc,ref       ] GC(1032) Skipped phase1 of Reference Processing due to unavailable references
[961.930s][debug][gc,ref       ] GC(1032) Skipped phase2 of Reference Processing due to unavailable references
[961.930s][debug][gc,ref       ] GC(1032) Skipped phase3 of Reference Processing due to unavailable references
[961.930s][debug][gc,ref       ] GC(1032) Skipped phase4 of Reference Processing due to unavailable references
[961.930s][debug][gc,age       ] GC(1032) Desired survivor size 15400960 bytes, new threshold 6 (max threshold 6)
[961.930s][info ][gc,heap      ] GC(1032) ParNew: 244950K->3478K(270976K)
[961.930s][info ][gc,heap      ] GC(1032) CMS: 361583K->361629K(602112K)
[961.930s][info ][gc,metaspace ] GC(1032) Metaspace: 57688K->57688K(1101824K)
[961.930s][info ][gc           ] GC(1032) Pause Young (Allocation Failure) 592M->356M(852M) 4.413ms
[961.930s][info ][gc,cpu       ] GC(1032) User=0.02s Sys=0.00s Real=0.00s
[961.930s][info ][safepoint    ] Leaving safepoint region
[961.930s][info ][safepoint    ] Total time for which application threads were stopped: 0.0045597 seconds, Stopping threads took: 0.0000139 seconds
[962.905s][info ][safepoint    ] Application time: 0.9746204 seconds
[962.905s][info ][safepoint    ] Entering safepoint region: GenCollectForAllocation
[962.905s][info ][gc,start     ] GC(1033) Pause Young (Allocation Failure)
[962.905s][info ][gc,task      ] GC(1033) Using 4 workers of 4 for evacuation
[962.909s][debug][gc,ref       ] GC(1033) Skipped phase1 of Reference Processing due to unavailable references
[962.909s][debug][gc,ref       ] GC(1033) Skipped phase2 of Reference Processing due to unavailable references
[962.909s][debug][gc,ref       ] GC(1033) Skipped phase3 of Reference Processing due to unavailable references
[962.909s][debug][gc,ref       ] GC(1033) Skipped phase4 of Reference Processing due to unavailable references
[962.909s][debug][gc,age       ] GC(1033) Desired survivor size 15400960 bytes, new threshold 6 (max threshold 6)
[962.909s][info ][gc,heap      ] GC(1033) ParNew: 244374K->4066K(270976K)
[962.909s][info ][gc,heap      ] GC(1033) CMS: 361629K->361658K(602112K)
[962.909s][info ][gc,metaspace ] GC(1033) Metaspace: 57688K->57688K(1101824K)
[962.909s][info ][gc           ] GC(1033) Pause Young (Allocation Failure) 591M->357M(852M) 4.332ms
[962.909s][info ][gc,cpu       ] GC(1033) User=0.01s Sys=0.00s Real=0.00s
[962.909s][info ][safepoint    ] Leaving safepoint region
[962.909s][info ][safepoint    ] Total time for which application threads were stopped: 0.0044872 seconds, Stopping threads took: 0.0000144 seconds
[963.878s][info ][safepoint    ] Application time: 0.9688613 seconds
[963.878s][info ][safepoint    ] Entering safepoint region: GenCollectForAllocation
[963.878s][info ][gc,start     ] GC(1034) Pause Young (Allocation Failure)
[963.878s][info ][gc,task      ] GC(1034) Using 4 workers of 4 for evacuation
[963.883s][debug][gc,ref       ] GC(1034) Skipped phase1 of Reference Processing due to unavailable references
[963.883s][debug][gc,ref       ] GC(1034) Skipped phase2 of Reference Processing due to unavailable references
[963.883s][debug][gc,ref       ] GC(1034) Skipped phase3 of Reference Processing due to unavailable references
[963.883s][debug][gc,ref       ] GC(1034) Skipped phase4 of Reference Processing due to unavailable references
[963.884s][debug][gc,age       ] GC(1034) Desired survivor size 15400960 bytes, new threshold 6 (max threshold 6)
[963.884s][info ][gc,heap      ] GC(1034) ParNew: 244962K->4725K(270976K)
[963.884s][info ][gc,heap      ] GC(1034) CMS: 361658K->361694K(602112K)
[963.884s][info ][gc,metaspace ] GC(1034) Metaspace: 57688K->57688K(1101824K)
[963.884s][info ][gc           ] GC(1034) Pause Young (Allocation Failure) 592M->357M(852M) 5.336ms
[963.884s][info ][gc,cpu       ] GC(1034) User=0.02s Sys=0.00s Real=0.01s
[963.884s][info ][safepoint    ] Leaving safepoint region
[963.884s][info ][safepoint    ] Total time for which application threads were stopped: 0.0055097 seconds, Stopping threads took: 0.0000132 seconds
[964.832s][info ][safepoint    ] Application time: 0.9481329 seconds
[964.832s][info ][safepoint    ] Entering safepoint region: GenCollectForAllocation
[964.832s][info ][gc,start     ] GC(1035) Pause Young (Allocation Failure)
[964.832s][info ][gc,task      ] GC(1035) Using 4 workers of 4 for evacuation
[964.837s][debug][gc,ref       ] GC(1035) Skipped phase1 of Reference Processing due to unavailable references
[964.837s][debug][gc,ref       ] GC(1035) Skipped phase2 of Reference Processing due to unavailable references
[964.837s][debug][gc,ref       ] GC(1035) Skipped phase3 of Reference Processing due to unavailable references
[964.837s][debug][gc,ref       ] GC(1035) Skipped phase4 of Reference Processing due to unavailable references
[964.837s][debug][gc,age       ] GC(1035) Desired survivor size 15400960 bytes, new threshold 6 (max threshold 6)
[964.837s][info ][gc,heap      ] GC(1035) ParNew: 245621K->5108K(270976K)
[964.837s][info ][gc,heap      ] GC(1035) CMS: 361694K->361787K(602112K)
[964.837s][info ][gc,metaspace ] GC(1035) Metaspace: 57688K->57688K(1101824K)
[964.837s][info ][gc           ] GC(1035) Pause Young (Allocation Failure) 593M->358M(852M) 4.876ms
[964.837s][info ][gc,cpu       ] GC(1035) User=0.02s Sys=0.00s Real=0.01s
[964.837s][info ][safepoint    ] Leaving safepoint region
[964.837s][info ][safepoint    ] Total time for which application threads were stopped: 0.0050598 seconds, Stopping threads took: 0.0000146 seconds
[965.819s][info ][safepoint    ] Application time: 0.9817261 seconds
[965.819s][info ][safepoint    ] Entering safepoint region: GenCollectForAllocation
[965.819s][info ][gc,start     ] GC(1036) Pause Young (Allocation Failure)
[965.819s][info ][gc,task      ] GC(1036) Using 4 workers of 4 for evacuation
[965.824s][debug][gc,ref       ] GC(1036) Skipped phase1 of Reference Processing due to unavailable references
[965.824s][debug][gc,ref       ] GC(1036) Skipped phase2 of Reference Processing due to unavailable references
[965.824s][debug][gc,ref       ] GC(1036) Skipped phase3 of Reference Processing due to unavailable references
[965.824s][debug][gc,ref       ] GC(1036) Skipped phase4 of Reference Processing due to unavailable references
[965.824s][debug][gc,age       ] GC(1036) Desired survivor size 15400960 bytes, new threshold 6 (max threshold 6)
[965.824s][info ][gc,heap      ] GC(1036) ParNew: 246004K->3696K(270976K)
[965.824s][info ][gc,heap      ] GC(1036) CMS: 361787K->361862K(602112K)
[965.824s][info ][gc,metaspace ] GC(1036) Metaspace: 57688K->57688K(1101824K)
[965.824s][info ][gc           ] GC(1036) Pause Young (Allocation Failure) 593M->356M(852M) 4.887ms
[965.824s][info ][gc,cpu       ] GC(1036) User=0.02s Sys=0.00s Real=0.01s
[965.824s][info ][safepoint    ] Leaving safepoint region
[965.824s][info ][safepoint    ] Total time for which application threads were stopped: 0.0050376 seconds, Stopping threads took: 0.0000142 seconds
[966.749s][info ][safepoint    ] Application time: 0.9251041 seconds
[966.749s][info ][safepoint    ] Entering safepoint region: GenCollectForAllocation
[966.749s][info ][gc,start     ] GC(1037) Pause Young (Allocation Failure)
[966.749s][info ][gc,task      ] GC(1037) Using 4 workers of 4 for evacuation
[966.753s][debug][gc,ref       ] GC(1037) Skipped phase1 of Reference Processing due to unavailable references
[966.753s][debug][gc,ref       ] GC(1037) Skipped phase2 of Reference Processing due to unavailable references
[966.753s][debug][gc,ref       ] GC(1037) Skipped phase3 of Reference Processing due to unavailable references
[966.753s][debug][gc,ref       ] GC(1037) Skipped phase4 of Reference Processing due to unavailable references
[966.754s][debug][gc,age       ] GC(1037) Desired survivor size 15400960 bytes, new threshold 6 (max threshold 6)
[966.754s][info ][gc,heap      ] GC(1037) ParNew: 244592K->4051K(270976K)
[966.754s][info ][gc,heap      ] GC(1037) CMS: 361862K->361936K(602112K)
[966.754s][info ][gc,metaspace ] GC(1037) Metaspace: 57688K->57688K(1101824K)
[966.754s][info ][gc           ] GC(1037) Pause Young (Allocation Failure) 592M->357M(852M) 4.614ms
[966.754s][info ][gc,cpu       ] GC(1037) User=0.02s Sys=0.00s Real=0.00s
[966.754s][info ][safepoint    ] Leaving safepoint region
[966.754s][info ][safepoint    ] Total time for which application threads were stopped: 0.0047596 seconds, Stopping threads took: 0.0000159 seconds
[967.821s][info ][safepoint    ] Application time: 1.0676220 seconds
[967.821s][info ][safepoint    ] Entering safepoint region: GenCollectForAllocation
[967.822s][info ][gc,start     ] GC(1038) Pause Young (Allocation Failure)
[967.822s][info ][gc,task      ] GC(1038) Using 4 workers of 4 for evacuation
[967.827s][debug][gc,ref       ] GC(1038) Skipped phase1 of Reference Processing due to unavailable references
[967.827s][debug][gc,ref       ] GC(1038) Skipped phase2 of Reference Processing due to unavailable references
[967.827s][debug][gc,ref       ] GC(1038) Skipped phase3 of Reference Processing due to unavailable references
[967.827s][debug][gc,ref       ] GC(1038) Skipped phase4 of Reference Processing due to unavailable references
[967.827s][debug][gc,age       ] GC(1038) Desired survivor size 15400960 bytes, new threshold 6 (max threshold 6)
[967.827s][info ][gc,heap      ] GC(1038) ParNew: 244947K->3679K(270976K)
[967.827s][info ][gc,heap      ] GC(1038) CMS: 361936K->362186K(602112K)
[967.827s][info ][gc,metaspace ] GC(1038) Metaspace: 57688K->57688K(1101824K)
[967.827s][info ][gc           ] GC(1038) Pause Young (Allocation Failure) 592M->357M(852M) 5.952ms
[967.827s][info ][gc,cpu       ] GC(1038) User=0.03s Sys=0.00s Real=0.01s
[967.828s][info ][safepoint    ] Leaving safepoint region
[967.828s][info ][safepoint    ] Total time for which application threads were stopped: 0.0061309 seconds, Stopping threads took: 0.0000206 seconds
[968.813s][info ][safepoint    ] Application time: 0.9853651 seconds
[968.813s][info ][safepoint    ] Entering safepoint region: GenCollectForAllocation
[968.813s][info ][gc,start     ] GC(1039) Pause Young (Allocation Failure)
[968.813s][info ][gc,task      ] GC(1039) Using 4 workers of 4 for evacuation
[968.819s][debug][gc,ref       ] GC(1039) Skipped phase1 of Reference Processing due to unavailable references
[968.819s][debug][gc,ref       ] GC(1039) Skipped phase2 of Reference Processing due to unavailable references
[968.819s][debug][gc,ref       ] GC(1039) Skipped phase3 of Reference Processing due to unavailable references
[968.819s][debug][gc,ref       ] GC(1039) Skipped phase4 of Reference Processing due to unavailable references
[968.819s][debug][gc,age       ] GC(1039) Desired survivor size 15400960 bytes, new threshold 6 (max threshold 6)
[968.819s][info ][gc,heap      ] GC(1039) ParNew: 244575K->4204K(270976K)
[968.819s][info ][gc,heap      ] GC(1039) CMS: 362186K->362253K(602112K)
[968.819s][info ][gc,metaspace ] GC(1039) Metaspace: 57688K->57688K(1101824K)
[968.819s][info ][gc           ] GC(1039) Pause Young (Allocation Failure) 592M->357M(852M) 5.882ms
[968.819s][info ][gc,cpu       ] GC(1039) User=0.02s Sys=0.00s Real=0.01s
[968.819s][info ][safepoint    ] Leaving safepoint region
[968.819s][info ][safepoint    ] Total time for which application threads were stopped: 0.0060692 seconds, Stopping threads took: 0.0000304 seconds
[969.825s][info ][safepoint    ] Application time: 1.0063776 seconds
[969.825s][info ][safepoint    ] Entering safepoint region: GenCollectForAllocation
[969.826s][info ][gc,start     ] GC(1040) Pause Young (Allocation Failure)
[969.826s][info ][gc,task      ] GC(1040) Using 4 workers of 4 for evacuation
[969.830s][debug][gc,ref       ] GC(1040) Skipped phase1 of Reference Processing due to unavailable references
[969.830s][debug][gc,ref       ] GC(1040) Skipped phase2 of Reference Processing due to unavailable references
[969.830s][debug][gc,ref       ] GC(1040) Skipped phase3 of Reference Processing due to unavailable references
[969.830s][debug][gc,ref       ] GC(1040) Skipped phase4 of Reference Processing due to unavailable references
[969.830s][debug][gc,age       ] GC(1040) Desired survivor size 15400960 bytes, new threshold 6 (max threshold 6)
[969.830s][info ][gc,heap      ] GC(1040) ParNew: 245100K->4054K(270976K)
[969.830s][info ][gc,heap      ] GC(1040) CMS: 362253K->362408K(602112K)
[969.830s][info ][gc,metaspace ] GC(1040) Metaspace: 57688K->57688K(1101824K)
[969.830s][info ][gc           ] GC(1040) Pause Young (Allocation Failure) 593M->357M(852M) 4.656ms
[969.830s][info ][gc,cpu       ] GC(1040) User=0.02s Sys=0.00s Real=0.00s
[969.830s][info ][safepoint    ] Leaving safepoint region
[969.830s][info ][safepoint    ] Total time for which application threads were stopped: 0.0048145 seconds, Stopping threads took: 0.0000141 seconds
[970.672s][info ][safepoint    ] Application time: 0.8418252 seconds
[970.672s][info ][safepoint    ] Entering safepoint region: GenCollectForAllocation
[970.672s][info ][gc,start     ] GC(1041) Pause Young (Allocation Failure)
[970.672s][info ][gc,task      ] GC(1041) Using 4 workers of 4 for evacuation
[970.677s][debug][gc,ref       ] GC(1041) Skipped phase1 of Reference Processing due to unavailable references
[970.677s][debug][gc,ref       ] GC(1041) Skipped phase2 of Reference Processing due to unavailable references
[970.677s][debug][gc,ref       ] GC(1041) Skipped phase3 of Reference Processing due to unavailable references
[970.677s][debug][gc,ref       ] GC(1041) Skipped phase4 of Reference Processing due to unavailable references
[970.677s][debug][gc,age       ] GC(1041) Desired survivor size 15400960 bytes, new threshold 6 (max threshold 6)
[970.677s][info ][gc,heap      ] GC(1041) ParNew: 244950K->3285K(270976K)
[970.677s][info ][gc,heap      ] GC(1041) CMS: 362408K->362412K(602112K)
[970.677s][info ][gc,metaspace ] GC(1041) Metaspace: 57688K->57688K(1101824K)
[970.677s][info ][gc           ] GC(1041) Pause Young (Allocation Failure) 593M->357M(852M) 4.956ms
[970.677s][info ][gc,cpu       ] GC(1041) User=0.02s Sys=0.00s Real=0.01s
[970.677s][info ][safepoint    ] Leaving safepoint region
[970.677s][info ][safepoint    ] Total time for which application threads were stopped: 0.0051145 seconds, Stopping threads took: 0.0000135 seconds
[971.636s][info ][safepoint    ] Application time: 0.9592082 seconds
[971.636s][info ][safepoint    ] Entering safepoint region: GenCollectForAllocation
[971.637s][info ][gc,start     ] GC(1042) Pause Young (Allocation Failure)
[971.637s][info ][gc,task      ] GC(1042) Using 4 workers of 4 for evacuation
[971.641s][debug][gc,ref       ] GC(1042) Skipped phase1 of Reference Processing due to unavailable references
[971.641s][debug][gc,ref       ] GC(1042) Skipped phase2 of Reference Processing due to unavailable references
[971.641s][debug][gc,ref       ] GC(1042) Skipped phase3 of Reference Processing due to unavailable references
[971.641s][debug][gc,ref       ] GC(1042) Skipped phase4 of Reference Processing due to unavailable references
[971.642s][debug][gc,age       ] GC(1042) Desired survivor size 15400960 bytes, new threshold 6 (max threshold 6)
[971.642s][info ][gc,heap      ] GC(1042) ParNew: 244181K->3954K(270976K)
[971.642s][info ][gc,heap      ] GC(1042) CMS: 362412K->362555K(602112K)
[971.642s][info ][gc,metaspace ] GC(1042) Metaspace: 57688K->57688K(1101824K)
[971.642s][info ][gc           ] GC(1042) Pause Young (Allocation Failure) 592M->357M(852M) 5.000ms
[971.642s][info ][gc,cpu       ] GC(1042) User=0.01s Sys=0.00s Real=0.00s
[971.642s][info ][safepoint    ] Leaving safepoint region
[971.642s][info ][safepoint    ] Total time for which application threads were stopped: 0.0051666 seconds, Stopping threads took: 0.0000277 seconds
[972.642s][info ][safepoint    ] Application time: 1.0001170 seconds
[972.642s][info ][safepoint    ] Entering safepoint region: Cleanup
[972.642s][info ][safepoint    ] Leaving safepoint region
[972.642s][info ][safepoint    ] Total time for which application threads were stopped: 0.0000682 seconds, Stopping threads took: 0.0000138 seconds
[972.683s][info ][safepoint    ] Application time: 0.0414490 seconds
[972.683s][info ][safepoint    ] Entering safepoint region: GenCollectForAllocation
[972.683s][info ][gc,start     ] GC(1043) Pause Young (Allocation Failure)
[972.683s][info ][gc,task      ] GC(1043) Using 4 workers of 4 for evacuation
[972.690s][debug][gc,ref       ] GC(1043) Skipped phase1 of Reference Processing due to unavailable references
[972.690s][debug][gc,ref       ] GC(1043) Skipped phase2 of Reference Processing due to unavailable references
[972.690s][debug][gc,ref       ] GC(1043) Skipped phase3 of Reference Processing due to unavailable references
[972.690s][debug][gc,ref       ] GC(1043) Skipped phase4 of Reference Processing due to unavailable references
[972.690s][debug][gc,age       ] GC(1043) Desired survivor size 15400960 bytes, new threshold 6 (max threshold 6)
[972.690s][info ][gc,heap      ] GC(1043) ParNew: 244850K->4040K(270976K)
[972.690s][info ][gc,heap      ] GC(1043) CMS: 362555K->362667K(602112K)
[972.690s][info ][gc,metaspace ] GC(1043) Metaspace: 57688K->57688K(1101824K)
[972.690s][info ][gc           ] GC(1043) Pause Young (Allocation Failure) 593M->358M(852M) 6.768ms
[972.690s][info ][gc,cpu       ] GC(1043) User=0.02s Sys=0.00s Real=0.00s
[972.690s][info ][safepoint    ] Leaving safepoint region
[972.690s][info ][safepoint    ] Total time for which application threads were stopped: 0.0069409 seconds, Stopping threads took: 0.0000147 seconds
[973.622s][info ][safepoint    ] Application time: 0.9314862 seconds
[973.622s][info ][safepoint    ] Entering safepoint region: GenCollectForAllocation
[973.622s][info ][gc,start     ] GC(1044) Pause Young (Allocation Failure)
[973.622s][info ][gc,task      ] GC(1044) Using 4 workers of 4 for evacuation
[973.627s][debug][gc,ref       ] GC(1044) Skipped phase1 of Reference Processing due to unavailable references
[973.627s][debug][gc,ref       ] GC(1044) Skipped phase2 of Reference Processing due to unavailable references
[973.627s][debug][gc,ref       ] GC(1044) Skipped phase3 of Reference Processing due to unavailable references
[973.627s][debug][gc,ref       ] GC(1044) Skipped phase4 of Reference Processing due to unavailable references
[973.627s][debug][gc,age       ] GC(1044) Desired survivor size 15400960 bytes, new threshold 6 (max threshold 6)
[973.627s][info ][gc,heap      ] GC(1044) ParNew: 244936K->4035K(270976K)
[973.627s][info ][gc,heap      ] GC(1044) CMS: 362667K->362749K(602112K)
[973.627s][info ][gc,metaspace ] GC(1044) Metaspace: 57688K->57688K(1101824K)
[973.627s][info ][gc           ] GC(1044) Pause Young (Allocation Failure) 593M->358M(852M) 4.849ms
[973.627s][info ][gc,cpu       ] GC(1044) User=0.02s Sys=0.00s Real=0.01s
[973.627s][info ][safepoint    ] Leaving safepoint region
[973.627s][info ][safepoint    ] Total time for which application threads were stopped: 0.0050543 seconds, Stopping threads took: 0.0000820 seconds
[974.672s][info ][safepoint    ] Application time: 1.0453604 seconds
[974.672s][info ][safepoint    ] Entering safepoint region: GenCollectForAllocation
[974.672s][info ][gc,start     ] GC(1045) Pause Young (Allocation Failure)
[974.672s][info ][gc,task      ] GC(1045) Using 4 workers of 4 for evacuation
[974.678s][debug][gc,ref       ] GC(1045) Skipped phase1 of Reference Processing due to unavailable references
[974.678s][debug][gc,ref       ] GC(1045) Skipped phase2 of Reference Processing due to unavailable references
[974.678s][debug][gc,ref       ] GC(1045) Skipped phase3 of Reference Processing due to unavailable references
[974.678s][debug][gc,ref       ] GC(1045) Skipped phase4 of Reference Processing due to unavailable references
[974.678s][debug][gc,age       ] GC(1045) Desired survivor size 15400960 bytes, new threshold 6 (max threshold 6)
[974.678s][info ][gc,heap      ] GC(1045) ParNew: 244931K->3363K(270976K)
[974.678s][info ][gc,heap      ] GC(1045) CMS: 362749K->362874K(602112K)
[974.678s][info ][gc,metaspace ] GC(1045) Metaspace: 57688K->57688K(1101824K)
[974.678s][info ][gc           ] GC(1045) Pause Young (Allocation Failure) 593M->357M(852M) 5.746ms
[974.678s][info ][gc,cpu       ] GC(1045) User=0.02s Sys=0.00s Real=0.01s
[974.678s][info ][safepoint    ] Leaving safepoint region
[974.678s][info ][safepoint    ] Total time for which application threads were stopped: 0.0058935 seconds, Stopping threads took: 0.0000137 seconds
[975.637s][info ][safepoint    ] Application time: 0.9585982 seconds
[975.637s][info ][safepoint    ] Entering safepoint region: GenCollectForAllocation
[975.637s][info ][gc,start     ] GC(1046) Pause Young (Allocation Failure)
[975.637s][info ][gc,task      ] GC(1046) Using 4 workers of 4 for evacuation
[975.641s][debug][gc,ref       ] GC(1046) Skipped phase1 of Reference Processing due to unavailable references
[975.641s][debug][gc,ref       ] GC(1046) Skipped phase2 of Reference Processing due to unavailable references
[975.641s][debug][gc,ref       ] GC(1046) Skipped phase3 of Reference Processing due to unavailable references
[975.641s][debug][gc,ref       ] GC(1046) Skipped phase4 of Reference Processing due to unavailable references
[975.641s][debug][gc,age       ] GC(1046) Desired survivor size 15400960 bytes, new threshold 6 (max threshold 6)
[975.641s][info ][gc,heap      ] GC(1046) ParNew: 244259K->3234K(270976K)
[975.641s][info ][gc,heap      ] GC(1046) CMS: 362874K->362957K(602112K)
[975.641s][info ][gc,metaspace ] GC(1046) Metaspace: 57688K->57688K(1101824K)
[975.641s][info ][gc           ] GC(1046) Pause Young (Allocation Failure) 592M->357M(852M) 4.279ms
[975.641s][info ][gc,cpu       ] GC(1046) User=0.02s Sys=0.00s Real=0.00s
[975.641s][info ][safepoint    ] Leaving safepoint region
[975.641s][info ][safepoint    ] Total time for which application threads were stopped: 0.0044251 seconds, Stopping threads took: 0.0000144 seconds
[976.520s][info ][safepoint    ] Application time: 0.8788894 seconds
[976.520s][info ][safepoint    ] Entering safepoint region: GenCollectForAllocation
[976.520s][info ][gc,start     ] GC(1047) Pause Young (Allocation Failure)
[976.520s][info ][gc,task      ] GC(1047) Using 4 workers of 4 for evacuation
[976.525s][debug][gc,ref       ] GC(1047) Skipped phase1 of Reference Processing due to unavailable references
[976.525s][debug][gc,ref       ] GC(1047) Skipped phase2 of Reference Processing due to unavailable references
[976.525s][debug][gc,ref       ] GC(1047) Skipped phase3 of Reference Processing due to unavailable references
[976.525s][debug][gc,ref       ] GC(1047) Skipped phase4 of Reference Processing due to unavailable references
[976.525s][debug][gc,age       ] GC(1047) Desired survivor size 15400960 bytes, new threshold 6 (max threshold 6)
[976.525s][info ][gc,heap      ] GC(1047) ParNew: 244130K->3843K(270976K)
[976.525s][info ][gc,heap      ] GC(1047) CMS: 362957K->363073K(602112K)
[976.525s][info ][gc,metaspace ] GC(1047) Metaspace: 57688K->57688K(1101824K)
[976.525s][info ][gc           ] GC(1047) Pause Young (Allocation Failure) 592M->358M(852M) 4.866ms
[976.525s][info ][gc,cpu       ] GC(1047) User=0.02s Sys=0.00s Real=0.01s
[976.525s][info ][safepoint    ] Leaving safepoint region
[976.525s][info ][safepoint    ] Total time for which application threads were stopped: 0.0050035 seconds, Stopping threads took: 0.0000133 seconds
[977.514s][info ][safepoint    ] Application time: 0.9891973 seconds
[977.514s][info ][safepoint    ] Entering safepoint region: GenCollectForAllocation
[977.514s][info ][gc,start     ] GC(1048) Pause Young (Allocation Failure)
[977.514s][info ][gc,task      ] GC(1048) Using 4 workers of 4 for evacuation
[977.519s][debug][gc,ref       ] GC(1048) Skipped phase1 of Reference Processing due to unavailable references
[977.519s][debug][gc,ref       ] GC(1048) Skipped phase2 of Reference Processing due to unavailable references
[977.520s][debug][gc,ref       ] GC(1048) Skipped phase3 of Reference Processing due to unavailable references
[977.520s][debug][gc,ref       ] GC(1048) Skipped phase4 of Reference Processing due to unavailable references
[977.520s][debug][gc,age       ] GC(1048) Desired survivor size 15400960 bytes, new threshold 6 (max threshold 6)
[977.520s][info ][gc,heap      ] GC(1048) ParNew: 244739K->4046K(270976K)
[977.520s][info ][gc,heap      ] GC(1048) CMS: 363073K->363159K(602112K)
[977.520s][info ][gc,metaspace ] GC(1048) Metaspace: 57689K->57689K(1101824K)
[977.520s][info ][gc           ] GC(1048) Pause Young (Allocation Failure) 593M->358M(852M) 5.245ms
[977.520s][info ][gc,cpu       ] GC(1048) User=0.01s Sys=0.00s Real=0.01s
[977.520s][info ][safepoint    ] Leaving safepoint region
[977.520s][info ][safepoint    ] Total time for which application threads were stopped: 0.0053866 seconds, Stopping threads took: 0.0000135 seconds
[978.416s][info ][safepoint    ] Application time: 0.8960713 seconds
[978.416s][info ][safepoint    ] Entering safepoint region: GenCollectForAllocation
[978.416s][info ][gc,start     ] GC(1049) Pause Young (Allocation Failure)
[978.416s][info ][gc,task      ] GC(1049) Using 4 workers of 4 for evacuation
[978.420s][debug][gc,ref       ] GC(1049) Skipped phase1 of Reference Processing due to unavailable references
[978.420s][debug][gc,ref       ] GC(1049) Skipped phase2 of Reference Processing due to unavailable references
[978.420s][debug][gc,ref       ] GC(1049) Skipped phase3 of Reference Processing due to unavailable references
[978.420s][debug][gc,ref       ] GC(1049) Skipped phase4 of Reference Processing due to unavailable references
[978.420s][debug][gc,age       ] GC(1049) Desired survivor size 15400960 bytes, new threshold 6 (max threshold 6)
[978.420s][info ][gc,heap      ] GC(1049) ParNew: 244942K->4814K(270976K)
[978.420s][info ][gc,heap      ] GC(1049) CMS: 363159K->363254K(602112K)
[978.420s][info ][gc,metaspace ] GC(1049) Metaspace: 57689K->57689K(1101824K)
[978.421s][info ][gc           ] GC(1049) Pause Young (Allocation Failure) 593M->359M(852M) 4.557ms
[978.421s][info ][gc,cpu       ] GC(1049) User=0.02s Sys=0.00s Real=0.00s
[978.421s][info ][safepoint    ] Leaving safepoint region
[978.421s][info ][safepoint    ] Total time for which application threads were stopped: 0.0047148 seconds, Stopping threads took: 0.0000160 seconds
[979.404s][info ][safepoint    ] Application time: 0.9837532 seconds
[979.404s][info ][safepoint    ] Entering safepoint region: GenCollectForAllocation
[979.404s][info ][gc,start     ] GC(1050) Pause Young (Allocation Failure)
[979.404s][info ][gc,task      ] GC(1050) Using 4 workers of 4 for evacuation
[979.410s][debug][gc,ref       ] GC(1050) Skipped phase1 of Reference Processing due to unavailable references
[979.410s][debug][gc,ref       ] GC(1050) Skipped phase2 of Reference Processing due to unavailable references
[979.410s][debug][gc,ref       ] GC(1050) Skipped phase3 of Reference Processing due to unavailable references
[979.410s][debug][gc,ref       ] GC(1050) Skipped phase4 of Reference Processing due to unavailable references
[979.410s][debug][gc,age       ] GC(1050) Desired survivor size 15400960 bytes, new threshold 6 (max threshold 6)
[979.410s][info ][gc,heap      ] GC(1050) ParNew: 245710K->3510K(270976K)
[979.410s][info ][gc,heap      ] GC(1050) CMS: 363254K->363380K(602112K)
[979.410s][info ][gc,metaspace ] GC(1050) Metaspace: 57689K->57689K(1101824K)
[979.410s][info ][gc           ] GC(1050) Pause Young (Allocation Failure) 594M->358M(852M) 5.794ms
[979.410s][info ][gc,cpu       ] GC(1050) User=0.02s Sys=0.00s Real=0.00s
[979.410s][info ][safepoint    ] Leaving safepoint region
[979.410s][info ][safepoint    ] Total time for which application threads were stopped: 0.0059621 seconds, Stopping threads took: 0.0000433 seconds
[980.370s][info ][safepoint    ] Application time: 0.9597657 seconds
[980.370s][info ][safepoint    ] Entering safepoint region: GenCollectForAllocation
[980.370s][info ][gc,start     ] GC(1051) Pause Young (Allocation Failure)
[980.370s][info ][gc,task      ] GC(1051) Using 4 workers of 4 for evacuation
[980.375s][debug][gc,ref       ] GC(1051) Skipped phase1 of Reference Processing due to unavailable references
[980.375s][debug][gc,ref       ] GC(1051) Skipped phase2 of Reference Processing due to unavailable references
[980.375s][debug][gc,ref       ] GC(1051) Skipped phase3 of Reference Processing due to unavailable references
[980.375s][debug][gc,ref       ] GC(1051) Skipped phase4 of Reference Processing due to unavailable references
[980.375s][debug][gc,age       ] GC(1051) Desired survivor size 15400960 bytes, new threshold 6 (max threshold 6)
[980.375s][info ][gc,heap      ] GC(1051) ParNew: 244406K->4395K(270976K)
[980.375s][info ][gc,heap      ] GC(1051) CMS: 363380K->363401K(602112K)
[980.375s][info ][gc,metaspace ] GC(1051) Metaspace: 57689K->57689K(1101824K)
[980.375s][info ][gc           ] GC(1051) Pause Young (Allocation Failure) 593M->359M(852M) 4.528ms
[980.375s][info ][gc,cpu       ] GC(1051) User=0.02s Sys=0.00s Real=0.00s
[980.375s][info ][safepoint    ] Leaving safepoint region
[980.375s][info ][safepoint    ] Total time for which application threads were stopped: 0.0046967 seconds, Stopping threads took: 0.0000290 seconds
[981.286s][info ][safepoint    ] Application time: 0.9107635 seconds
[981.286s][info ][safepoint    ] Entering safepoint region: GenCollectForAllocation
[981.286s][info ][gc,start     ] GC(1052) Pause Young (Allocation Failure)
[981.286s][info ][gc,task      ] GC(1052) Using 4 workers of 4 for evacuation
[981.290s][debug][gc,ref       ] GC(1052) Skipped phase1 of Reference Processing due to unavailable references
[981.290s][debug][gc,ref       ] GC(1052) Skipped phase2 of Reference Processing due to unavailable references
[981.290s][debug][gc,ref       ] GC(1052) Skipped phase3 of Reference Processing due to unavailable references
[981.290s][debug][gc,ref       ] GC(1052) Skipped phase4 of Reference Processing due to unavailable references
[981.291s][debug][gc,age       ] GC(1052) Desired survivor size 15400960 bytes, new threshold 6 (max threshold 6)
[981.291s][info ][gc,heap      ] GC(1052) ParNew: 245291K->4726K(270976K)
[981.291s][info ][gc,heap      ] GC(1052) CMS: 363401K->363538K(602112K)
[981.291s][info ][gc,metaspace ] GC(1052) Metaspace: 57699K->57699K(1101824K)
[981.291s][info ][gc           ] GC(1052) Pause Young (Allocation Failure) 594M->359M(852M) 4.864ms
[981.291s][info ][gc,cpu       ] GC(1052) User=0.02s Sys=0.00s Real=0.00s
[981.291s][info ][safepoint    ] Leaving safepoint region
[981.291s][info ][safepoint    ] Total time for which application threads were stopped: 0.0050206 seconds, Stopping threads took: 0.0000148 seconds
[982.239s][info ][safepoint    ] Application time: 0.9488530 seconds
[982.240s][info ][safepoint    ] Entering safepoint region: GenCollectForAllocation
[982.240s][info ][gc,start     ] GC(1053) Pause Young (Allocation Failure)
[982.240s][info ][gc,task      ] GC(1053) Using 4 workers of 4 for evacuation
[982.245s][debug][gc,ref       ] GC(1053) Skipped phase1 of Reference Processing due to unavailable references
[982.245s][debug][gc,ref       ] GC(1053) Skipped phase2 of Reference Processing due to unavailable references
[982.245s][debug][gc,ref       ] GC(1053) Skipped phase3 of Reference Processing due to unavailable references
[982.245s][debug][gc,ref       ] GC(1053) Skipped phase4 of Reference Processing due to unavailable references
[982.245s][debug][gc,age       ] GC(1053) Desired survivor size 15400960 bytes, new threshold 6 (max threshold 6)
[982.245s][info ][gc,heap      ] GC(1053) ParNew: 245622K->3694K(270976K)
[982.245s][info ][gc,heap      ] GC(1053) CMS: 363538K->363702K(602112K)
[982.245s][info ][gc,metaspace ] GC(1053) Metaspace: 57699K->57699K(1101824K)
[982.245s][info ][gc           ] GC(1053) Pause Young (Allocation Failure) 594M->358M(852M) 5.224ms
[982.245s][info ][gc,cpu       ] GC(1053) User=0.02s Sys=0.00s Real=0.01s
[982.245s][info ][safepoint    ] Leaving safepoint region
[982.245s][info ][safepoint    ] Total time for which application threads were stopped: 0.0053683 seconds, Stopping threads took: 0.0000149 seconds
[983.180s][info ][safepoint    ] Application time: 0.9355632 seconds
[983.181s][info ][safepoint    ] Entering safepoint region: GenCollectForAllocation
[983.181s][info ][gc,start     ] GC(1054) Pause Young (Allocation Failure)
[983.181s][info ][gc,task      ] GC(1054) Using 4 workers of 4 for evacuation
[983.185s][debug][gc,ref       ] GC(1054) Skipped phase1 of Reference Processing due to unavailable references
[983.185s][debug][gc,ref       ] GC(1054) Skipped phase2 of Reference Processing due to unavailable references
[983.185s][debug][gc,ref       ] GC(1054) Skipped phase3 of Reference Processing due to unavailable references
[983.185s][debug][gc,ref       ] GC(1054) Skipped phase4 of Reference Processing due to unavailable references
[983.185s][debug][gc,age       ] GC(1054) Desired survivor size 15400960 bytes, new threshold 6 (max threshold 6)
[983.185s][info ][gc,heap      ] GC(1054) ParNew: 244590K->3646K(270976K)
[983.185s][info ][gc,heap      ] GC(1054) CMS: 363702K->363748K(602112K)
[983.185s][info ][gc,metaspace ] GC(1054) Metaspace: 57699K->57699K(1101824K)
[983.185s][info ][gc           ] GC(1054) Pause Young (Allocation Failure) 594M->358M(852M) 4.580ms
[983.185s][info ][gc,cpu       ] GC(1054) User=0.02s Sys=0.00s Real=0.01s
[983.185s][info ][safepoint    ] Leaving safepoint region
[983.185s][info ][safepoint    ] Total time for which application threads were stopped: 0.0047299 seconds, Stopping threads took: 0.0000152 seconds
[984.133s][info ][safepoint    ] Application time: 0.9474836 seconds
[984.133s][info ][safepoint    ] Entering safepoint region: GenCollectForAllocation
[984.133s][info ][gc,start     ] GC(1055) Pause Young (Allocation Failure)
[984.133s][info ][gc,task      ] GC(1055) Using 4 workers of 4 for evacuation
[984.138s][debug][gc,ref       ] GC(1055) Skipped phase1 of Reference Processing due to unavailable references
[984.138s][debug][gc,ref       ] GC(1055) Skipped phase2 of Reference Processing due to unavailable references
[984.138s][debug][gc,ref       ] GC(1055) Skipped phase3 of Reference Processing due to unavailable references
[984.138s][debug][gc,ref       ] GC(1055) Skipped phase4 of Reference Processing due to unavailable references
[984.138s][debug][gc,age       ] GC(1055) Desired survivor size 15400960 bytes, new threshold 6 (max threshold 6)
[984.138s][info ][gc,heap      ] GC(1055) ParNew: 244542K->4339K(270976K)
[984.138s][info ][gc,heap      ] GC(1055) CMS: 363748K->363820K(602112K)
[984.138s][info ][gc,metaspace ] GC(1055) Metaspace: 57699K->57699K(1101824K)
[984.138s][info ][gc           ] GC(1055) Pause Young (Allocation Failure) 594M->359M(852M) 5.002ms
[984.138s][info ][gc,cpu       ] GC(1055) User=0.02s Sys=0.00s Real=0.01s
[984.138s][info ][safepoint    ] Leaving safepoint region
[984.138s][info ][safepoint    ] Total time for which application threads were stopped: 0.0051700 seconds, Stopping threads took: 0.0000153 seconds
[985.122s][info ][safepoint    ] Application time: 0.9844100 seconds
[985.122s][info ][safepoint    ] Entering safepoint region: GenCollectForAllocation
[985.123s][info ][gc,start     ] GC(1056) Pause Young (Allocation Failure)
[985.123s][info ][gc,task      ] GC(1056) Using 4 workers of 4 for evacuation
[985.127s][debug][gc,ref       ] GC(1056) Skipped phase1 of Reference Processing due to unavailable references
[985.127s][debug][gc,ref       ] GC(1056) Skipped phase2 of Reference Processing due to unavailable references
[985.127s][debug][gc,ref       ] GC(1056) Skipped phase3 of Reference Processing due to unavailable references
[985.127s][debug][gc,ref       ] GC(1056) Skipped phase4 of Reference Processing due to unavailable references
[985.127s][debug][gc,age       ] GC(1056) Desired survivor size 15400960 bytes, new threshold 6 (max threshold 6)
[985.127s][info ][gc,heap      ] GC(1056) ParNew: 245235K->5217K(270976K)
[985.127s][info ][gc,heap      ] GC(1056) CMS: 363820K->363946K(602112K)
[985.127s][info ][gc,metaspace ] GC(1056) Metaspace: 57699K->57699K(1101824K)
[985.127s][info ][gc           ] GC(1056) Pause Young (Allocation Failure) 594M->360M(852M) 4.931ms
[985.127s][info ][gc,cpu       ] GC(1056) User=0.02s Sys=0.00s Real=0.01s
[985.127s][info ][safepoint    ] Leaving safepoint region
[985.127s][info ][safepoint    ] Total time for which application threads were stopped: 0.0050892 seconds, Stopping threads took: 0.0000143 seconds
[986.118s][info ][safepoint    ] Application time: 0.9900492 seconds
[986.118s][info ][safepoint    ] Entering safepoint region: GenCollectForAllocation
[986.118s][info ][gc,start     ] GC(1057) Pause Young (Allocation Failure)
[986.118s][info ][gc,task      ] GC(1057) Using 4 workers of 4 for evacuation
[986.123s][debug][gc,ref       ] GC(1057) Skipped phase1 of Reference Processing due to unavailable references
[986.123s][debug][gc,ref       ] GC(1057) Skipped phase2 of Reference Processing due to unavailable references
[986.123s][debug][gc,ref       ] GC(1057) Skipped phase3 of Reference Processing due to unavailable references
[986.123s][debug][gc,ref       ] GC(1057) Skipped phase4 of Reference Processing due to unavailable references
[986.123s][debug][gc,age       ] GC(1057) Desired survivor size 15400960 bytes, new threshold 6 (max threshold 6)
[986.123s][info ][gc,heap      ] GC(1057) ParNew: 246113K->4788K(270976K)
[986.123s][info ][gc,heap      ] GC(1057) CMS: 363946K->364126K(602112K)
[986.123s][info ][gc,metaspace ] GC(1057) Metaspace: 57699K->57699K(1101824K)
[986.123s][info ][gc           ] GC(1057) Pause Young (Allocation Failure) 595M->360M(852M) 5.361ms
[986.123s][info ][gc,cpu       ] GC(1057) User=0.02s Sys=0.00s Real=0.00s
[986.123s][info ][safepoint    ] Leaving safepoint region
[986.123s][info ][safepoint    ] Total time for which application threads were stopped: 0.0055063 seconds, Stopping threads took: 0.0000145 seconds
[987.034s][info ][safepoint    ] Application time: 0.9107760 seconds
[987.034s][info ][safepoint    ] Entering safepoint region: GenCollectForAllocation
[987.034s][info ][gc,start     ] GC(1058) Pause Young (Allocation Failure)
[987.034s][info ][gc,task      ] GC(1058) Using 4 workers of 4 for evacuation
[987.039s][debug][gc,ref       ] GC(1058) Skipped phase1 of Reference Processing due to unavailable references
[987.039s][debug][gc,ref       ] GC(1058) Skipped phase2 of Reference Processing due to unavailable references
[987.039s][debug][gc,ref       ] GC(1058) Skipped phase3 of Reference Processing due to unavailable references
[987.039s][debug][gc,ref       ] GC(1058) Skipped phase4 of Reference Processing due to unavailable references
[987.039s][debug][gc,age       ] GC(1058) Desired survivor size 15400960 bytes, new threshold 6 (max threshold 6)
[987.039s][info ][gc,heap      ] GC(1058) ParNew: 245684K->3958K(270976K)
[987.039s][info ][gc,heap      ] GC(1058) CMS: 364126K->364244K(602112K)
[987.039s][info ][gc,metaspace ] GC(1058) Metaspace: 57699K->57699K(1101824K)
[987.039s][info ][gc           ] GC(1058) Pause Young (Allocation Failure) 595M->359M(852M) 5.378ms
[987.039s][info ][gc,cpu       ] GC(1058) User=0.02s Sys=0.00s Real=0.01s
[987.039s][info ][safepoint    ] Leaving safepoint region
[987.039s][info ][safepoint    ] Total time for which application threads were stopped: 0.0055547 seconds, Stopping threads took: 0.0000147 seconds
[988.008s][info ][safepoint    ] Application time: 0.9689638 seconds
[988.008s][info ][safepoint    ] Entering safepoint region: GenCollectForAllocation
[988.009s][info ][gc,start     ] GC(1059) Pause Young (Allocation Failure)
[988.009s][info ][gc,task      ] GC(1059) Using 4 workers of 4 for evacuation
[988.014s][debug][gc,ref       ] GC(1059) Skipped phase1 of Reference Processing due to unavailable references
[988.014s][debug][gc,ref       ] GC(1059) Skipped phase2 of Reference Processing due to unavailable references
[988.014s][debug][gc,ref       ] GC(1059) Skipped phase3 of Reference Processing due to unavailable references
[988.014s][debug][gc,ref       ] GC(1059) Skipped phase4 of Reference Processing due to unavailable references
[988.014s][debug][gc,age       ] GC(1059) Desired survivor size 15400960 bytes, new threshold 6 (max threshold 6)
[988.014s][info ][gc,heap      ] GC(1059) ParNew: 244854K->3887K(270976K)
[988.014s][info ][gc,heap      ] GC(1059) CMS: 364244K->364343K(602112K)
[988.014s][info ][gc,metaspace ] GC(1059) Metaspace: 57699K->57699K(1101824K)
[988.014s][info ][gc           ] GC(1059) Pause Young (Allocation Failure) 594M->359M(852M) 5.517ms
[988.014s][info ][gc,cpu       ] GC(1059) User=0.02s Sys=0.00s Real=0.00s
[988.014s][info ][safepoint    ] Leaving safepoint region
[988.014s][info ][safepoint    ] Total time for which application threads were stopped: 0.0056763 seconds, Stopping threads took: 0.0000265 seconds
[989.010s][info ][safepoint    ] Application time: 0.9963244 seconds
[989.011s][info ][safepoint    ] Entering safepoint region: GenCollectForAllocation
[989.011s][info ][gc,start     ] GC(1060) Pause Young (Allocation Failure)
[989.011s][info ][gc,task      ] GC(1060) Using 4 workers of 4 for evacuation
[989.015s][debug][gc,ref       ] GC(1060) Skipped phase1 of Reference Processing due to unavailable references
[989.015s][debug][gc,ref       ] GC(1060) Skipped phase2 of Reference Processing due to unavailable references
[989.015s][debug][gc,ref       ] GC(1060) Skipped phase3 of Reference Processing due to unavailable references
[989.015s][debug][gc,ref       ] GC(1060) Skipped phase4 of Reference Processing due to unavailable references
[989.015s][debug][gc,age       ] GC(1060) Desired survivor size 15400960 bytes, new threshold 6 (max threshold 6)
[989.015s][info ][gc,heap      ] GC(1060) ParNew: 244783K->3770K(270976K)
[989.015s][info ][gc,heap      ] GC(1060) CMS: 364343K->364446K(602112K)
[989.015s][info ][gc,metaspace ] GC(1060) Metaspace: 57699K->57699K(1101824K)
[989.015s][info ][gc           ] GC(1060) Pause Young (Allocation Failure) 594M->359M(852M) 4.780ms
[989.015s][info ][gc,cpu       ] GC(1060) User=0.02s Sys=0.00s Real=0.01s
[989.015s][info ][safepoint    ] Leaving safepoint region
[989.015s][info ][safepoint    ] Total time for which application threads were stopped: 0.0049566 seconds, Stopping threads took: 0.0000148 seconds
[989.980s][info ][safepoint    ] Application time: 0.9643374 seconds
[989.980s][info ][safepoint    ] Entering safepoint region: GenCollectForAllocation
[989.980s][info ][gc,start     ] GC(1061) Pause Young (Allocation Failure)
[989.980s][info ][gc,task      ] GC(1061) Using 4 workers of 4 for evacuation
[989.984s][debug][gc,ref       ] GC(1061) Skipped phase1 of Reference Processing due to unavailable references
[989.984s][debug][gc,ref       ] GC(1061) Skipped phase2 of Reference Processing due to unavailable references
[989.984s][debug][gc,ref       ] GC(1061) Skipped phase3 of Reference Processing due to unavailable references
[989.984s][debug][gc,ref       ] GC(1061) Skipped phase4 of Reference Processing due to unavailable references
[989.984s][debug][gc,age       ] GC(1061) Desired survivor size 15400960 bytes, new threshold 6 (max threshold 6)
[989.984s][info ][gc,heap      ] GC(1061) ParNew: 244666K->3607K(270976K)
[989.984s][info ][gc,heap      ] GC(1061) CMS: 364446K->364582K(602112K)
[989.984s][info ][gc,metaspace ] GC(1061) Metaspace: 57699K->57699K(1101824K)
[989.984s][info ][gc           ] GC(1061) Pause Young (Allocation Failure) 594M->359M(852M) 4.466ms
[989.984s][info ][gc,cpu       ] GC(1061) User=0.02s Sys=0.00s Real=0.01s
[989.984s][info ][safepoint    ] Leaving safepoint region
[989.984s][info ][safepoint    ] Total time for which application threads were stopped: 0.0046207 seconds, Stopping threads took: 0.0000146 seconds
[991.033s][info ][safepoint    ] Application time: 1.0486312 seconds
[991.033s][info ][safepoint    ] Entering safepoint region: GenCollectForAllocation
[991.033s][info ][gc,start     ] GC(1062) Pause Young (Allocation Failure)
[991.033s][info ][gc,task      ] GC(1062) Using 4 workers of 4 for evacuation
[991.038s][debug][gc,ref       ] GC(1062) Skipped phase1 of Reference Processing due to unavailable references
[991.038s][debug][gc,ref       ] GC(1062) Skipped phase2 of Reference Processing due to unavailable references
[991.038s][debug][gc,ref       ] GC(1062) Skipped phase3 of Reference Processing due to unavailable references
[991.038s][debug][gc,ref       ] GC(1062) Skipped phase4 of Reference Processing due to unavailable references
[991.038s][debug][gc,age       ] GC(1062) Desired survivor size 15400960 bytes, new threshold 6 (max threshold 6)
[991.038s][info ][gc,heap      ] GC(1062) ParNew: 244503K->3618K(270976K)
[991.038s][info ][gc,heap      ] GC(1062) CMS: 364582K->364819K(602112K)
[991.038s][info ][gc,metaspace ] GC(1062) Metaspace: 57699K->57699K(1101824K)
[991.038s][info ][gc           ] GC(1062) Pause Young (Allocation Failure) 594M->359M(852M) 5.081ms
[991.038s][info ][gc,cpu       ] GC(1062) User=0.02s Sys=0.00s Real=0.01s
[991.038s][info ][safepoint    ] Leaving safepoint region
[991.038s][info ][safepoint    ] Total time for which application threads were stopped: 0.0052199 seconds, Stopping threads took: 0.0000138 seconds
[992.021s][info ][safepoint    ] Application time: 0.9822637 seconds
[992.021s][info ][safepoint    ] Entering safepoint region: GenCollectForAllocation
[992.021s][info ][gc,start     ] GC(1063) Pause Young (Allocation Failure)
[992.021s][info ][gc,task      ] GC(1063) Using 4 workers of 4 for evacuation
[992.025s][debug][gc,ref       ] GC(1063) Skipped phase1 of Reference Processing due to unavailable references
[992.025s][debug][gc,ref       ] GC(1063) Skipped phase2 of Reference Processing due to unavailable references
[992.025s][debug][gc,ref       ] GC(1063) Skipped phase3 of Reference Processing due to unavailable references
[992.025s][debug][gc,ref       ] GC(1063) Skipped phase4 of Reference Processing due to unavailable references
[992.026s][debug][gc,age       ] GC(1063) Desired survivor size 15400960 bytes, new threshold 6 (max threshold 6)
[992.026s][info ][gc,heap      ] GC(1063) ParNew: 244514K->3508K(270976K)
[992.026s][info ][gc,heap      ] GC(1063) CMS: 364819K->364903K(602112K)
[992.026s][info ][gc,metaspace ] GC(1063) Metaspace: 57699K->57699K(1101824K)
[992.026s][info ][gc           ] GC(1063) Pause Young (Allocation Failure) 595M->359M(852M) 4.791ms
[992.026s][info ][gc,cpu       ] GC(1063) User=0.01s Sys=0.00s Real=0.01s
[992.026s][info ][safepoint    ] Leaving safepoint region
[992.026s][info ][safepoint    ] Total time for which application threads were stopped: 0.0049600 seconds, Stopping threads took: 0.0000146 seconds
[993.023s][info ][safepoint    ] Application time: 0.9977942 seconds
[993.023s][info ][safepoint    ] Entering safepoint region: GenCollectForAllocation
[993.024s][info ][gc,start     ] GC(1064) Pause Young (Allocation Failure)
[993.024s][info ][gc,task      ] GC(1064) Using 4 workers of 4 for evacuation
[993.028s][debug][gc,ref       ] GC(1064) Skipped phase1 of Reference Processing due to unavailable references
[993.028s][debug][gc,ref       ] GC(1064) Skipped phase2 of Reference Processing due to unavailable references
[993.028s][debug][gc,ref       ] GC(1064) Skipped phase3 of Reference Processing due to unavailable references
[993.028s][debug][gc,ref       ] GC(1064) Skipped phase4 of Reference Processing due to unavailable references
[993.028s][debug][gc,age       ] GC(1064) Desired survivor size 15400960 bytes, new threshold 6 (max threshold 6)
[993.028s][info ][gc,heap      ] GC(1064) ParNew: 244404K->3453K(270976K)
[993.028s][info ][gc,heap      ] GC(1064) CMS: 364903K->364959K(602112K)
[993.028s][info ][gc,metaspace ] GC(1064) Metaspace: 57700K->57700K(1101824K)
[993.028s][info ][gc           ] GC(1064) Pause Young (Allocation Failure) 595M->359M(852M) 4.882ms
[993.028s][info ][gc,cpu       ] GC(1064) User=0.02s Sys=0.00s Real=0.00s
[993.028s][info ][safepoint    ] Leaving safepoint region
[993.028s][info ][safepoint    ] Total time for which application threads were stopped: 0.0050415 seconds, Stopping threads took: 0.0000154 seconds
[994.012s][info ][safepoint    ] Application time: 0.9836593 seconds
[994.012s][info ][safepoint    ] Entering safepoint region: GenCollectForAllocation
[994.012s][info ][gc,start     ] GC(1065) Pause Young (Allocation Failure)
[994.012s][info ][gc,task      ] GC(1065) Using 4 workers of 4 for evacuation
[994.017s][debug][gc,ref       ] GC(1065) Skipped phase1 of Reference Processing due to unavailable references
[994.017s][debug][gc,ref       ] GC(1065) Skipped phase2 of Reference Processing due to unavailable references
[994.017s][debug][gc,ref       ] GC(1065) Skipped phase3 of Reference Processing due to unavailable references
[994.017s][debug][gc,ref       ] GC(1065) Skipped phase4 of Reference Processing due to unavailable references
[994.017s][debug][gc,age       ] GC(1065) Desired survivor size 15400960 bytes, new threshold 6 (max threshold 6)
[994.017s][info ][gc,heap      ] GC(1065) ParNew: 244349K->3457K(270976K)
[994.017s][info ][gc,heap      ] GC(1065) CMS: 364959K->365173K(602112K)
[994.017s][info ][gc,metaspace ] GC(1065) Metaspace: 57700K->57700K(1101824K)
[994.017s][info ][gc           ] GC(1065) Pause Young (Allocation Failure) 595M->359M(852M) 4.880ms
[994.017s][info ][gc,cpu       ] GC(1065) User=0.02s Sys=0.00s Real=0.01s
[994.017s][info ][safepoint    ] Leaving safepoint region
[994.017s][info ][safepoint    ] Total time for which application threads were stopped: 0.0050358 seconds, Stopping threads took: 0.0000139 seconds
[994.965s][info ][safepoint    ] Application time: 0.9474256 seconds
[994.965s][info ][safepoint    ] Entering safepoint region: GenCollectForAllocation
[994.965s][info ][gc,start     ] GC(1066) Pause Young (Allocation Failure)
[994.965s][info ][gc,task      ] GC(1066) Using 4 workers of 4 for evacuation
[994.970s][debug][gc,ref       ] GC(1066) Skipped phase1 of Reference Processing due to unavailable references
[994.970s][debug][gc,ref       ] GC(1066) Skipped phase2 of Reference Processing due to unavailable references
[994.970s][debug][gc,ref       ] GC(1066) Skipped phase3 of Reference Processing due to unavailable references
[994.970s][debug][gc,ref       ] GC(1066) Skipped phase4 of Reference Processing due to unavailable references
[994.970s][debug][gc,age       ] GC(1066) Desired survivor size 15400960 bytes, new threshold 6 (max threshold 6)
[994.970s][info ][gc,heap      ] GC(1066) ParNew: 244353K->3298K(270976K)
[994.970s][info ][gc,heap      ] GC(1066) CMS: 365173K->365252K(602112K)
[994.970s][info ][gc,metaspace ] GC(1066) Metaspace: 57705K->57705K(1101824K)
[994.970s][info ][gc           ] GC(1066) Pause Young (Allocation Failure) 595M->359M(852M) 5.038ms
[994.970s][info ][gc,cpu       ] GC(1066) User=0.02s Sys=0.00s Real=0.00s
[994.970s][info ][safepoint    ] Leaving safepoint region
[994.970s][info ][safepoint    ] Total time for which application threads were stopped: 0.0052233 seconds, Stopping threads took: 0.0000147 seconds
[995.970s][info ][safepoint    ] Application time: 1.0001712 seconds
[995.970s][info ][safepoint    ] Entering safepoint region: Cleanup
[995.970s][info ][safepoint    ] Leaving safepoint region
[995.970s][info ][safepoint    ] Total time for which application threads were stopped: 0.0001074 seconds, Stopping threads took: 0.0000466 seconds
[995.981s][info ][safepoint    ] Application time: 0.0106915 seconds
[995.981s][info ][safepoint    ] Entering safepoint region: GenCollectForAllocation
[995.981s][info ][gc,start     ] GC(1067) Pause Young (Allocation Failure)
[995.981s][info ][gc,task      ] GC(1067) Using 4 workers of 4 for evacuation
[995.985s][debug][gc,ref       ] GC(1067) Skipped phase1 of Reference Processing due to unavailable references
[995.985s][debug][gc,ref       ] GC(1067) Skipped phase2 of Reference Processing due to unavailable references
[995.985s][debug][gc,ref       ] GC(1067) Skipped phase3 of Reference Processing due to unavailable references
[995.985s][debug][gc,ref       ] GC(1067) Skipped phase4 of Reference Processing due to unavailable references
[995.985s][debug][gc,age       ] GC(1067) Desired survivor size 15400960 bytes, new threshold 6 (max threshold 6)
[995.985s][info ][gc,heap      ] GC(1067) ParNew: 244194K->4010K(270976K)
[995.985s][info ][gc,heap      ] GC(1067) CMS: 365252K->365315K(602112K)
[995.985s][info ][gc,metaspace ] GC(1067) Metaspace: 57705K->57705K(1101824K)
[995.985s][info ][gc           ] GC(1067) Pause Young (Allocation Failure) 595M->360M(852M) 4.364ms
[995.985s][info ][gc,cpu       ] GC(1067) User=0.01s Sys=0.00s Real=0.01s
[995.985s][info ][safepoint    ] Leaving safepoint region
[995.985s][info ][safepoint    ] Total time for which application threads were stopped: 0.0045130 seconds, Stopping threads took: 0.0000135 seconds
[996.928s][info ][safepoint    ] Application time: 0.9429910 seconds
[996.929s][info ][safepoint    ] Entering safepoint region: GenCollectForAllocation
[996.929s][info ][gc,start     ] GC(1068) Pause Young (Allocation Failure)
[996.929s][info ][gc,task      ] GC(1068) Using 4 workers of 4 for evacuation
[996.933s][debug][gc,ref       ] GC(1068) Skipped phase1 of Reference Processing due to unavailable references
[996.933s][debug][gc,ref       ] GC(1068) Skipped phase2 of Reference Processing due to unavailable references
[996.933s][debug][gc,ref       ] GC(1068) Skipped phase3 of Reference Processing due to unavailable references
[996.933s][debug][gc,ref       ] GC(1068) Skipped phase4 of Reference Processing due to unavailable references
[996.933s][debug][gc,age       ] GC(1068) Desired survivor size 15400960 bytes, new threshold 6 (max threshold 6)
[996.933s][info ][gc,heap      ] GC(1068) ParNew: 244906K->3581K(270976K)
[996.933s][info ][gc,heap      ] GC(1068) CMS: 365315K->365453K(602112K)
[996.933s][info ][gc,metaspace ] GC(1068) Metaspace: 57705K->57705K(1101824K)
[996.933s][info ][gc           ] GC(1068) Pause Young (Allocation Failure) 595M->360M(852M) 4.649ms
[996.933s][info ][gc,cpu       ] GC(1068) User=0.01s Sys=0.00s Real=0.00s
[996.933s][info ][safepoint    ] Leaving safepoint region
[996.933s][info ][safepoint    ] Total time for which application threads were stopped: 0.0048076 seconds, Stopping threads took: 0.0000152 seconds
[997.857s][info ][safepoint    ] Application time: 0.9235705 seconds
[997.857s][info ][safepoint    ] Entering safepoint region: GenCollectForAllocation
[997.857s][info ][gc,start     ] GC(1069) Pause Young (Allocation Failure)
[997.857s][info ][gc,task      ] GC(1069) Using 4 workers of 4 for evacuation
[997.862s][debug][gc,ref       ] GC(1069) Skipped phase1 of Reference Processing due to unavailable references
[997.862s][debug][gc,ref       ] GC(1069) Skipped phase2 of Reference Processing due to unavailable references
[997.862s][debug][gc,ref       ] GC(1069) Skipped phase3 of Reference Processing due to unavailable references
[997.862s][debug][gc,ref       ] GC(1069) Skipped phase4 of Reference Processing due to unavailable references
[997.862s][debug][gc,age       ] GC(1069) Desired survivor size 15400960 bytes, new threshold 6 (max threshold 6)
[997.862s][info ][gc,heap      ] GC(1069) ParNew: 244477K->4107K(270976K)
[997.862s][info ][gc,heap      ] GC(1069) CMS: 365453K->365579K(602112K)
[997.862s][info ][gc,metaspace ] GC(1069) Metaspace: 57705K->57705K(1101824K)
[997.862s][info ][gc           ] GC(1069) Pause Young (Allocation Failure) 595M->361M(852M) 4.750ms
[997.862s][info ][gc,cpu       ] GC(1069) User=0.01s Sys=0.00s Real=0.00s
[997.862s][info ][safepoint    ] Leaving safepoint region
[997.862s][info ][safepoint    ] Total time for which application threads were stopped: 0.0048959 seconds, Stopping threads took: 0.0000146 seconds
[998.948s][info ][safepoint    ] Application time: 1.0858599 seconds
[998.948s][info ][safepoint    ] Entering safepoint region: GenCollectForAllocation
[998.948s][info ][gc,start     ] GC(1070) Pause Young (Allocation Failure)
[998.948s][info ][gc,task      ] GC(1070) Using 4 workers of 4 for evacuation
[998.952s][debug][gc,ref       ] GC(1070) Skipped phase1 of Reference Processing due to unavailable references
[998.952s][debug][gc,ref       ] GC(1070) Skipped phase2 of Reference Processing due to unavailable references
[998.952s][debug][gc,ref       ] GC(1070) Skipped phase3 of Reference Processing due to unavailable references
[998.952s][debug][gc,ref       ] GC(1070) Skipped phase4 of Reference Processing due to unavailable references
[998.952s][debug][gc,age       ] GC(1070) Desired survivor size 15400960 bytes, new threshold 6 (max threshold 6)
[998.952s][info ][gc,heap      ] GC(1070) ParNew: 245003K->4194K(270976K)
[998.952s][info ][gc,heap      ] GC(1070) CMS: 365579K->365609K(602112K)
[998.952s][info ][gc,metaspace ] GC(1070) Metaspace: 57705K->57705K(1101824K)
[998.952s][info ][gc           ] GC(1070) Pause Young (Allocation Failure) 596M->361M(852M) 4.143ms
[998.952s][info ][gc,cpu       ] GC(1070) User=0.02s Sys=0.00s Real=0.00s
[998.952s][info ][safepoint    ] Leaving safepoint region
[998.952s][info ][safepoint    ] Total time for which application threads were stopped: 0.0042953 seconds, Stopping threads took: 0.0000153 seconds
[999.933s][info ][safepoint    ] Application time: 0.9805752 seconds
[999.933s][info ][safepoint    ] Entering safepoint region: GenCollectForAllocation
[999.933s][info ][gc,start     ] GC(1071) Pause Young (Allocation Failure)
[999.933s][info ][gc,task      ] GC(1071) Using 4 workers of 4 for evacuation
[999.937s][debug][gc,ref       ] GC(1071) Skipped phase1 of Reference Processing due to unavailable references
[999.937s][debug][gc,ref       ] GC(1071) Skipped phase2 of Reference Processing due to unavailable references
[999.937s][debug][gc,ref       ] GC(1071) Skipped phase3 of Reference Processing due to unavailable references
[999.937s][debug][gc,ref       ] GC(1071) Skipped phase4 of Reference Processing due to unavailable references
[999.937s][debug][gc,age       ] GC(1071) Desired survivor size 15400960 bytes, new threshold 6 (max threshold 6)
[999.937s][info ][gc,heap      ] GC(1071) ParNew: 245090K->3478K(270976K)
[999.937s][info ][gc,heap      ] GC(1071) CMS: 365609K->365843K(602112K)
[999.937s][info ][gc,metaspace ] GC(1071) Metaspace: 57705K->57705K(1101824K)
[999.937s][info ][gc           ] GC(1071) Pause Young (Allocation Failure) 596M->360M(852M) 4.548ms
[999.937s][info ][gc,cpu       ] GC(1071) User=0.02s Sys=0.00s Real=0.01s
[999.937s][info ][safepoint    ] Leaving safepoint region
[999.937s][info ][safepoint    ] Total time for which application threads were stopped: 0.0047157 seconds, Stopping threads took: 0.0000149 seconds
[1000.866s][info ][safepoint    ] Application time: 0.9287728 seconds
[1000.866s][info ][safepoint    ] Entering safepoint region: GenCollectForAllocation
[1000.866s][info ][gc,start     ] GC(1072) Pause Young (Allocation Failure)
[1000.866s][info ][gc,task      ] GC(1072) Using 4 workers of 4 for evacuation
[1000.871s][debug][gc,ref       ] GC(1072) Skipped phase1 of Reference Processing due to unavailable references
[1000.871s][debug][gc,ref       ] GC(1072) Skipped phase2 of Reference Processing due to unavailable references
[1000.871s][debug][gc,ref       ] GC(1072) Skipped phase3 of Reference Processing due to unavailable references
[1000.871s][debug][gc,ref       ] GC(1072) Skipped phase4 of Reference Processing due to unavailable references
[1000.871s][debug][gc,age       ] GC(1072) Desired survivor size 15400960 bytes, new threshold 6 (max threshold 6)
[1000.871s][info ][gc,heap      ] GC(1072) ParNew: 244374K->3262K(270976K)
[1000.871s][info ][gc,heap      ] GC(1072) CMS: 365843K->365976K(602112K)
[1000.871s][info ][gc,metaspace ] GC(1072) Metaspace: 57705K->57705K(1101824K)
[1000.871s][info ][gc           ] GC(1072) Pause Young (Allocation Failure) 595M->360M(852M) 5.010ms
[1000.871s][info ][gc,cpu       ] GC(1072) User=0.02s Sys=0.00s Real=0.00s
[1000.871s][info ][safepoint    ] Leaving safepoint region
[1000.871s][info ][safepoint    ] Total time for which application threads were stopped: 0.0051560 seconds, Stopping threads took: 0.0000143 seconds
[1001.884s][info ][safepoint    ] Application time: 1.0122040 seconds
[1001.884s][info ][safepoint    ] Entering safepoint region: GenCollectForAllocation
[1001.884s][info ][gc,start     ] GC(1073) Pause Young (Allocation Failure)
[1001.884s][info ][gc,task      ] GC(1073) Using 4 workers of 4 for evacuation
[1001.888s][debug][gc,ref       ] GC(1073) Skipped phase1 of Reference Processing due to unavailable references
[1001.888s][debug][gc,ref       ] GC(1073) Skipped phase2 of Reference Processing due to unavailable references
[1001.888s][debug][gc,ref       ] GC(1073) Skipped phase3 of Reference Processing due to unavailable references
[1001.888s][debug][gc,ref       ] GC(1073) Skipped phase4 of Reference Processing due to unavailable references
[1001.888s][debug][gc,age       ] GC(1073) Desired survivor size 15400960 bytes, new threshold 6 (max threshold 6)
[1001.888s][info ][gc,heap      ] GC(1073) ParNew: 244158K->3858K(270976K)
[1001.888s][info ][gc,heap      ] GC(1073) CMS: 365976K->366007K(602112K)
[1001.888s][info ][gc,metaspace ] GC(1073) Metaspace: 57705K->57705K(1101824K)
[1001.888s][info ][gc           ] GC(1073) Pause Young (Allocation Failure) 595M->361M(852M) 4.683ms
[1001.888s][info ][gc,cpu       ] GC(1073) User=0.01s Sys=0.00s Real=0.00s
[1001.888s][info ][safepoint    ] Leaving safepoint region
[1001.888s][info ][safepoint    ] Total time for which application threads were stopped: 0.0048561 seconds, Stopping threads took: 0.0000282 seconds
[1002.913s][info ][safepoint    ] Application time: 1.0242507 seconds
[1002.913s][info ][safepoint    ] Entering safepoint region: GenCollectForAllocation
[1002.913s][info ][gc,start     ] GC(1074) Pause Young (Allocation Failure)
[1002.913s][info ][gc,task      ] GC(1074) Using 4 workers of 4 for evacuation
[1002.917s][debug][gc,ref       ] GC(1074) Skipped phase1 of Reference Processing due to unavailable references
[1002.917s][debug][gc,ref       ] GC(1074) Skipped phase2 of Reference Processing due to unavailable references
[1002.917s][debug][gc,ref       ] GC(1074) Skipped phase3 of Reference Processing due to unavailable references
[1002.917s][debug][gc,ref       ] GC(1074) Skipped phase4 of Reference Processing due to unavailable references
[1002.917s][debug][gc,age       ] GC(1074) Desired survivor size 15400960 bytes, new threshold 6 (max threshold 6)
[1002.917s][info ][gc,heap      ] GC(1074) ParNew: 244754K->3226K(270976K)
[1002.917s][info ][gc,heap      ] GC(1074) CMS: 366007K->366097K(602112K)
[1002.917s][info ][gc,metaspace ] GC(1074) Metaspace: 57705K->57705K(1101824K)
[1002.917s][info ][gc           ] GC(1074) Pause Young (Allocation Failure) 596M->360M(852M) 4.542ms
[1002.917s][info ][gc,cpu       ] GC(1074) User=0.02s Sys=0.00s Real=0.01s
[1002.917s][info ][safepoint    ] Leaving safepoint region
[1002.917s][info ][safepoint    ] Total time for which application threads were stopped: 0.0047108 seconds, Stopping threads took: 0.0000150 seconds
[1003.907s][info ][safepoint    ] Application time: 0.9896318 seconds
[1003.907s][info ][safepoint    ] Entering safepoint region: GenCollectForAllocation
[1003.907s][info ][gc,start     ] GC(1075) Pause Young (Allocation Failure)
[1003.907s][info ][gc,task      ] GC(1075) Using 4 workers of 4 for evacuation
[1003.911s][debug][gc,ref       ] GC(1075) Skipped phase1 of Reference Processing due to unavailable references
[1003.912s][debug][gc,ref       ] GC(1075) Skipped phase2 of Reference Processing due to unavailable references
[1003.912s][debug][gc,ref       ] GC(1075) Skipped phase3 of Reference Processing due to unavailable references
[1003.912s][debug][gc,ref       ] GC(1075) Skipped phase4 of Reference Processing due to unavailable references
[1003.912s][debug][gc,age       ] GC(1075) Desired survivor size 15400960 bytes, new threshold 6 (max threshold 6)
[1003.912s][info ][gc,heap      ] GC(1075) ParNew: 244122K->3224K(270976K)
[1003.912s][info ][gc,heap      ] GC(1075) CMS: 366097K->366120K(602112K)
[1003.912s][info ][gc,metaspace ] GC(1075) Metaspace: 57705K->57705K(1101824K)
[1003.912s][info ][gc           ] GC(1075) Pause Young (Allocation Failure) 595M->360M(852M) 4.443ms
[1003.912s][info ][gc,cpu       ] GC(1075) User=0.02s Sys=0.00s Real=0.00s
[1003.912s][info ][safepoint    ] Leaving safepoint region
[1003.912s][info ][safepoint    ] Total time for which application threads were stopped: 0.0046002 seconds, Stopping threads took: 0.0000271 seconds
[1004.903s][info ][safepoint    ] Application time: 0.9907564 seconds
[1004.903s][info ][safepoint    ] Entering safepoint region: GenCollectForAllocation
[1004.903s][info ][gc,start     ] GC(1076) Pause Young (Allocation Failure)
[1004.903s][info ][gc,task      ] GC(1076) Using 4 workers of 4 for evacuation
[1004.907s][debug][gc,ref       ] GC(1076) Skipped phase1 of Reference Processing due to unavailable references
[1004.907s][debug][gc,ref       ] GC(1076) Skipped phase2 of Reference Processing due to unavailable references
[1004.907s][debug][gc,ref       ] GC(1076) Skipped phase3 of Reference Processing due to unavailable references
[1004.907s][debug][gc,ref       ] GC(1076) Skipped phase4 of Reference Processing due to unavailable references
[1004.907s][debug][gc,age       ] GC(1076) Desired survivor size 15400960 bytes, new threshold 6 (max threshold 6)
[1004.907s][info ][gc,heap      ] GC(1076) ParNew: 244120K->3975K(270976K)
[1004.908s][info ][gc,heap      ] GC(1076) CMS: 366120K->366143K(602112K)
[1004.908s][info ][gc,metaspace ] GC(1076) Metaspace: 57705K->57705K(1101824K)
[1004.908s][info ][gc           ] GC(1076) Pause Young (Allocation Failure) 595M->361M(852M) 4.842ms
[1004.908s][info ][gc,cpu       ] GC(1076) User=0.02s Sys=0.00s Real=0.01s
[1004.908s][info ][safepoint    ] Leaving safepoint region
[1004.908s][info ][safepoint    ] Total time for which application threads were stopped: 0.0050237 seconds, Stopping threads took: 0.0000136 seconds
[1005.831s][info ][safepoint    ] Application time: 0.9239103 seconds
[1005.832s][info ][safepoint    ] Entering safepoint region: GenCollectForAllocation
[1005.832s][info ][gc,start     ] GC(1077) Pause Young (Allocation Failure)
[1005.832s][info ][gc,task      ] GC(1077) Using 4 workers of 4 for evacuation
[1005.836s][debug][gc,ref       ] GC(1077) Skipped phase1 of Reference Processing due to unavailable references
[1005.836s][debug][gc,ref       ] GC(1077) Skipped phase2 of Reference Processing due to unavailable references
[1005.836s][debug][gc,ref       ] GC(1077) Skipped phase3 of Reference Processing due to unavailable references
[1005.836s][debug][gc,ref       ] GC(1077) Skipped phase4 of Reference Processing due to unavailable references
[1005.837s][debug][gc,age       ] GC(1077) Desired survivor size 15400960 bytes, new threshold 6 (max threshold 6)
[1005.837s][info ][gc,heap      ] GC(1077) ParNew: 244871K->3678K(270976K)
[1005.837s][info ][gc,heap      ] GC(1077) CMS: 366143K->366153K(602112K)
[1005.837s][info ][gc,metaspace ] GC(1077) Metaspace: 57709K->57709K(1101824K)
[1005.837s][info ][gc           ] GC(1077) Pause Young (Allocation Failure) 596M->361M(852M) 4.937ms
[1005.837s][info ][gc,cpu       ] GC(1077) User=0.02s Sys=0.00s Real=0.01s
[1005.837s][info ][safepoint    ] Leaving safepoint region
[1005.837s][info ][safepoint    ] Total time for which application threads were stopped: 0.0051014 seconds, Stopping threads took: 0.0000138 seconds
[1006.939s][info ][safepoint    ] Application time: 1.1027556 seconds
[1006.939s][info ][safepoint    ] Entering safepoint region: GenCollectForAllocation
[1006.940s][info ][gc,start     ] GC(1078) Pause Young (Allocation Failure)
[1006.940s][info ][gc,task      ] GC(1078) Using 4 workers of 4 for evacuation
[1006.945s][debug][gc,ref       ] GC(1078) Skipped phase1 of Reference Processing due to unavailable references
[1006.945s][debug][gc,ref       ] GC(1078) Skipped phase2 of Reference Processing due to unavailable references
[1006.945s][debug][gc,ref       ] GC(1078) Skipped phase3 of Reference Processing due to unavailable references
[1006.945s][debug][gc,ref       ] GC(1078) Skipped phase4 of Reference Processing due to unavailable references
[1006.945s][debug][gc,age       ] GC(1078) Desired survivor size 15400960 bytes, new threshold 6 (max threshold 6)
[1006.945s][info ][gc,heap      ] GC(1078) ParNew: 244515K->3736K(270976K)
[1006.945s][info ][gc,heap      ] GC(1078) CMS: 366153K->366438K(602112K)
[1006.945s][info ][gc,metaspace ] GC(1078) Metaspace: 57710K->57710K(1101824K)
[1006.945s][info ][gc           ] GC(1078) Pause Young (Allocation Failure) 596M->361M(852M) 5.390ms
[1006.945s][info ][gc,cpu       ] GC(1078) User=0.02s Sys=0.00s Real=0.01s
[1006.945s][info ][safepoint    ] Leaving safepoint region
[1006.945s][info ][safepoint    ] Total time for which application threads were stopped: 0.0055446 seconds, Stopping threads took: 0.0000335 seconds
[1007.955s][info ][safepoint    ] Application time: 1.0099861 seconds
[1007.955s][info ][safepoint    ] Entering safepoint region: GenCollectForAllocation
[1007.955s][info ][gc,start     ] GC(1079) Pause Young (Allocation Failure)
[1007.955s][info ][gc,task      ] GC(1079) Using 4 workers of 4 for evacuation
[1007.959s][debug][gc,ref       ] GC(1079) Skipped phase1 of Reference Processing due to unavailable references
[1007.959s][debug][gc,ref       ] GC(1079) Skipped phase2 of Reference Processing due to unavailable references
[1007.959s][debug][gc,ref       ] GC(1079) Skipped phase3 of Reference Processing due to unavailable references
[1007.959s][debug][gc,ref       ] GC(1079) Skipped phase4 of Reference Processing due to unavailable references
[1007.959s][debug][gc,age       ] GC(1079) Desired survivor size 15400960 bytes, new threshold 6 (max threshold 6)
[1007.959s][info ][gc,heap      ] GC(1079) ParNew: 244632K->3598K(270976K)
[1007.959s][info ][gc,heap      ] GC(1079) CMS: 366438K->366519K(602112K)
[1007.959s][info ][gc,metaspace ] GC(1079) Metaspace: 57711K->57711K(1101824K)
[1007.959s][info ][gc           ] GC(1079) Pause Young (Allocation Failure) 596M->361M(852M) 4.359ms
[1007.959s][info ][gc,cpu       ] GC(1079) User=0.01s Sys=0.00s Real=0.01s
[1007.959s][info ][safepoint    ] Leaving safepoint region
[1007.959s][info ][safepoint    ] Total time for which application threads were stopped: 0.0045051 seconds, Stopping threads took: 0.0000158 seconds
[1008.927s][info ][safepoint    ] Application time: 0.9678842 seconds
[1008.927s][info ][safepoint    ] Entering safepoint region: GenCollectForAllocation
[1008.928s][info ][gc,start     ] GC(1080) Pause Young (Allocation Failure)
[1008.928s][info ][gc,task      ] GC(1080) Using 4 workers of 4 for evacuation
[1008.932s][debug][gc,ref       ] GC(1080) Skipped phase1 of Reference Processing due to unavailable references
[1008.932s][debug][gc,ref       ] GC(1080) Skipped phase2 of Reference Processing due to unavailable references
[1008.932s][debug][gc,ref       ] GC(1080) Skipped phase3 of Reference Processing due to unavailable references
[1008.932s][debug][gc,ref       ] GC(1080) Skipped phase4 of Reference Processing due to unavailable references
[1008.932s][debug][gc,age       ] GC(1080) Desired survivor size 15400960 bytes, new threshold 6 (max threshold 6)
[1008.932s][info ][gc,heap      ] GC(1080) ParNew: 244494K->4113K(270976K)
[1008.932s][info ][gc,heap      ] GC(1080) CMS: 366519K->366591K(602112K)
[1008.932s][info ][gc,metaspace ] GC(1080) Metaspace: 57717K->57717K(1101824K)
[1008.932s][info ][gc           ] GC(1080) Pause Young (Allocation Failure) 596M->362M(852M) 4.798ms
[1008.932s][info ][gc,cpu       ] GC(1080) User=0.02s Sys=0.00s Real=0.00s
[1008.932s][info ][safepoint    ] Leaving safepoint region
[1008.932s][info ][safepoint    ] Total time for which application threads were stopped: 0.0050097 seconds, Stopping threads took: 0.0000329 seconds
[1009.957s][info ][safepoint    ] Application time: 1.0242649 seconds
[1009.957s][info ][safepoint    ] Entering safepoint region: GenCollectForAllocation
[1009.957s][info ][gc,start     ] GC(1081) Pause Young (Allocation Failure)
[1009.957s][info ][gc,task      ] GC(1081) Using 4 workers of 4 for evacuation
[1009.961s][debug][gc,ref       ] GC(1081) Skipped phase1 of Reference Processing due to unavailable references
[1009.961s][debug][gc,ref       ] GC(1081) Skipped phase2 of Reference Processing due to unavailable references
[1009.961s][debug][gc,ref       ] GC(1081) Skipped phase3 of Reference Processing due to unavailable references
[1009.961s][debug][gc,ref       ] GC(1081) Skipped phase4 of Reference Processing due to unavailable references
[1009.961s][debug][gc,age       ] GC(1081) Desired survivor size 15400960 bytes, new threshold 6 (max threshold 6)
[1009.961s][info ][gc,heap      ] GC(1081) ParNew: 245009K->3339K(270976K)
[1009.961s][info ][gc,heap      ] GC(1081) CMS: 366591K->366619K(602112K)
[1009.961s][info ][gc,metaspace ] GC(1081) Metaspace: 57718K->57718K(1101824K)
[1009.961s][info ][gc           ] GC(1081) Pause Young (Allocation Failure) 597M->361M(852M) 4.436ms
[1009.961s][info ][gc,cpu       ] GC(1081) User=0.01s Sys=0.01s Real=0.00s
[1009.961s][info ][safepoint    ] Leaving safepoint region
[1009.961s][info ][safepoint    ] Total time for which application threads were stopped: 0.0045988 seconds, Stopping threads took: 0.0000136 seconds
[1010.995s][info ][safepoint    ] Application time: 1.0340720 seconds
[1010.995s][info ][safepoint    ] Entering safepoint region: GenCollectForAllocation
[1010.996s][info ][gc,start     ] GC(1082) Pause Young (Allocation Failure)
[1010.996s][info ][gc,task      ] GC(1082) Using 4 workers of 4 for evacuation
[1011.000s][debug][gc,ref       ] GC(1082) Skipped phase1 of Reference Processing due to unavailable references
[1011.000s][debug][gc,ref       ] GC(1082) Skipped phase2 of Reference Processing due to unavailable references
[1011.000s][debug][gc,ref       ] GC(1082) Skipped phase3 of Reference Processing due to unavailable references
[1011.000s][debug][gc,ref       ] GC(1082) Skipped phase4 of Reference Processing due to unavailable references
[1011.000s][debug][gc,age       ] GC(1082) Desired survivor size 15400960 bytes, new threshold 6 (max threshold 6)
[1011.000s][info ][gc,heap      ] GC(1082) ParNew: 244235K->4665K(270976K)
[1011.000s][info ][gc,heap      ] GC(1082) CMS: 366619K->366792K(602112K)
[1011.000s][info ][gc,metaspace ] GC(1082) Metaspace: 57719K->57719K(1101824K)
[1011.000s][info ][gc           ] GC(1082) Pause Young (Allocation Failure) 596M->362M(852M) 4.833ms
[1011.000s][info ][gc,cpu       ] GC(1082) User=0.02s Sys=0.00s Real=0.00s
[1011.000s][info ][safepoint    ] Leaving safepoint region
[1011.000s][info ][safepoint    ] Total time for which application threads were stopped: 0.0049979 seconds, Stopping threads took: 0.0000331 seconds
[1011.953s][info ][safepoint    ] Application time: 0.9526665 seconds
[1011.953s][info ][safepoint    ] Entering safepoint region: GenCollectForAllocation
[1011.953s][info ][gc,start     ] GC(1083) Pause Young (Allocation Failure)
[1011.953s][info ][gc,task      ] GC(1083) Using 4 workers of 4 for evacuation
[1011.958s][debug][gc,ref       ] GC(1083) Skipped phase1 of Reference Processing due to unavailable references
[1011.958s][debug][gc,ref       ] GC(1083) Skipped phase2 of Reference Processing due to unavailable references
[1011.958s][debug][gc,ref       ] GC(1083) Skipped phase3 of Reference Processing due to unavailable references
[1011.958s][debug][gc,ref       ] GC(1083) Skipped phase4 of Reference Processing due to unavailable references
[1011.959s][debug][gc,age       ] GC(1083) Desired survivor size 15400960 bytes, new threshold 6 (max threshold 6)
[1011.959s][info ][gc,heap      ] GC(1083) ParNew: 245561K->3811K(270976K)
[1011.959s][info ][gc,heap      ] GC(1083) CMS: 366792K->366838K(602112K)
[1011.959s][info ][gc,metaspace ] GC(1083) Metaspace: 57720K->57720K(1101824K)
[1011.959s][info ][gc           ] GC(1083) Pause Young (Allocation Failure) 598M->361M(852M) 5.323ms
[1011.959s][info ][gc,cpu       ] GC(1083) User=0.02s Sys=0.00s Real=0.01s
[1011.959s][info ][safepoint    ] Leaving safepoint region
[1011.959s][info ][safepoint    ] Total time for which application threads were stopped: 0.0055122 seconds, Stopping threads took: 0.0000624 seconds
[1012.918s][info ][safepoint    ] Application time: 0.9596138 seconds
[1012.918s][info ][safepoint    ] Entering safepoint region: GenCollectForAllocation
[1012.918s][info ][gc,start     ] GC(1084) Pause Young (Allocation Failure)
[1012.918s][info ][gc,task      ] GC(1084) Using 4 workers of 4 for evacuation
[1012.924s][debug][gc,ref       ] GC(1084) Skipped phase1 of Reference Processing due to unavailable references
[1012.924s][debug][gc,ref       ] GC(1084) Skipped phase2 of Reference Processing due to unavailable references
[1012.924s][debug][gc,ref       ] GC(1084) Skipped phase3 of Reference Processing due to unavailable references
[1012.924s][debug][gc,ref       ] GC(1084) Skipped phase4 of Reference Processing due to unavailable references
[1012.924s][debug][gc,age       ] GC(1084) Desired survivor size 15400960 bytes, new threshold 6 (max threshold 6)
[1012.924s][info ][gc,heap      ] GC(1084) ParNew: 244707K->4440K(270976K)
[1012.924s][info ][gc,heap      ] GC(1084) CMS: 366838K->366882K(602112K)
[1012.924s][info ][gc,metaspace ] GC(1084) Metaspace: 57720K->57720K(1101824K)
[1012.924s][info ][gc           ] GC(1084) Pause Young (Allocation Failure) 597M->362M(852M) 6.077ms
[1012.924s][info ][gc,cpu       ] GC(1084) User=0.02s Sys=0.00s Real=0.01s
[1012.924s][info ][safepoint    ] Leaving safepoint region
[1012.925s][info ][safepoint    ] Total time for which application threads were stopped: 0.0062382 seconds, Stopping threads took: 0.0000146 seconds
[1013.823s][info ][safepoint    ] Application time: 0.8980543 seconds
[1013.823s][info ][safepoint    ] Entering safepoint region: GenCollectForAllocation
[1013.823s][info ][gc,start     ] GC(1085) Pause Young (Allocation Failure)
[1013.823s][info ][gc,task      ] GC(1085) Using 4 workers of 4 for evacuation
[1013.828s][debug][gc,ref       ] GC(1085) Skipped phase1 of Reference Processing due to unavailable references
[1013.828s][debug][gc,ref       ] GC(1085) Skipped phase2 of Reference Processing due to unavailable references
[1013.828s][debug][gc,ref       ] GC(1085) Skipped phase3 of Reference Processing due to unavailable references
[1013.828s][debug][gc,ref       ] GC(1085) Skipped phase4 of Reference Processing due to unavailable references
[1013.828s][debug][gc,age       ] GC(1085) Desired survivor size 15400960 bytes, new threshold 6 (max threshold 6)
[1013.828s][info ][gc,heap      ] GC(1085) ParNew: 245336K->3612K(270976K)
[1013.828s][info ][gc,heap      ] GC(1085) CMS: 366882K->366960K(602112K)
[1013.828s][info ][gc,metaspace ] GC(1085) Metaspace: 57728K->57728K(1101824K)
[1013.828s][info ][gc           ] GC(1085) Pause Young (Allocation Failure) 597M->361M(852M) 5.192ms
[1013.828s][info ][gc,cpu       ] GC(1085) User=0.02s Sys=0.00s Real=0.01s
[1013.828s][info ][safepoint    ] Leaving safepoint region
[1013.828s][info ][safepoint    ] Total time for which application threads were stopped: 0.0053720 seconds, Stopping threads took: 0.0000143 seconds
[1014.859s][info ][safepoint    ] Application time: 1.0305795 seconds
[1014.859s][info ][safepoint    ] Entering safepoint region: GenCollectForAllocation
[1014.859s][info ][gc,start     ] GC(1086) Pause Young (Allocation Failure)
[1014.859s][info ][gc,task      ] GC(1086) Using 4 workers of 4 for evacuation
[1014.864s][debug][gc,ref       ] GC(1086) Skipped phase1 of Reference Processing due to unavailable references
[1014.864s][debug][gc,ref       ] GC(1086) Skipped phase2 of Reference Processing due to unavailable references
[1014.864s][debug][gc,ref       ] GC(1086) Skipped phase3 of Reference Processing due to unavailable references
[1014.864s][debug][gc,ref       ] GC(1086) Skipped phase4 of Reference Processing due to unavailable references
[1014.864s][debug][gc,age       ] GC(1086) Desired survivor size 15400960 bytes, new threshold 6 (max threshold 6)
[1014.864s][info ][gc,heap      ] GC(1086) ParNew: 244508K->4269K(270976K)
[1014.864s][info ][gc,heap      ] GC(1086) CMS: 366960K->367112K(602112K)
[1014.864s][info ][gc,metaspace ] GC(1086) Metaspace: 57728K->57728K(1101824K)
[1014.864s][info ][gc           ] GC(1086) Pause Young (Allocation Failure) 597M->362M(852M) 5.238ms
[1014.864s][info ][gc,cpu       ] GC(1086) User=0.01s Sys=0.00s Real=0.01s
[1014.864s][info ][safepoint    ] Leaving safepoint region
[1014.864s][info ][safepoint    ] Total time for which application threads were stopped: 0.0053717 seconds, Stopping threads took: 0.0000128 seconds
[1015.876s][info ][safepoint    ] Application time: 1.0121266 seconds
[1015.876s][info ][safepoint    ] Entering safepoint region: GenCollectForAllocation
[1015.876s][info ][gc,start     ] GC(1087) Pause Young (Allocation Failure)
[1015.876s][info ][gc,task      ] GC(1087) Using 4 workers of 4 for evacuation
[1015.883s][debug][gc,ref       ] GC(1087) Skipped phase1 of Reference Processing due to unavailable references
[1015.883s][debug][gc,ref       ] GC(1087) Skipped phase2 of Reference Processing due to unavailable references
[1015.883s][debug][gc,ref       ] GC(1087) Skipped phase3 of Reference Processing due to unavailable references
[1015.883s][debug][gc,ref       ] GC(1087) Skipped phase4 of Reference Processing due to unavailable references
[1015.883s][debug][gc,age       ] GC(1087) Desired survivor size 15400960 bytes, new threshold 6 (max threshold 6)
[1015.883s][info ][gc,heap      ] GC(1087) ParNew: 245165K->4201K(270976K)
[1015.883s][info ][gc,heap      ] GC(1087) CMS: 367112K->367171K(602112K)
[1015.883s][info ][gc,metaspace ] GC(1087) Metaspace: 57728K->57728K(1101824K)
[1015.883s][info ][gc           ] GC(1087) Pause Young (Allocation Failure) 597M->362M(852M) 7.274ms
[1015.883s][info ][gc,cpu       ] GC(1087) User=0.02s Sys=0.00s Real=0.01s
[1015.884s][info ][safepoint    ] Leaving safepoint region
[1015.884s][info ][safepoint    ] Total time for which application threads were stopped: 0.0074166 seconds, Stopping threads took: 0.0000140 seconds
[1016.803s][info ][safepoint    ] Application time: 0.9196035 seconds
[1016.803s][info ][safepoint    ] Entering safepoint region: GenCollectForAllocation
[1016.803s][info ][gc,start     ] GC(1088) Pause Young (Allocation Failure)
[1016.803s][info ][gc,task      ] GC(1088) Using 4 workers of 4 for evacuation
[1016.808s][debug][gc,ref       ] GC(1088) Skipped phase1 of Reference Processing due to unavailable references
[1016.808s][debug][gc,ref       ] GC(1088) Skipped phase2 of Reference Processing due to unavailable references
[1016.808s][debug][gc,ref       ] GC(1088) Skipped phase3 of Reference Processing due to unavailable references
[1016.808s][debug][gc,ref       ] GC(1088) Skipped phase4 of Reference Processing due to unavailable references
[1016.808s][debug][gc,age       ] GC(1088) Desired survivor size 15400960 bytes, new threshold 6 (max threshold 6)
[1016.808s][info ][gc,heap      ] GC(1088) ParNew: 245097K->4146K(270976K)
[1016.808s][info ][gc,heap      ] GC(1088) CMS: 367171K->367298K(602112K)
[1016.808s][info ][gc,metaspace ] GC(1088) Metaspace: 57728K->57728K(1101824K)
[1016.808s][info ][gc           ] GC(1088) Pause Young (Allocation Failure) 597M->362M(852M) 4.875ms
[1016.808s][info ][gc,cpu       ] GC(1088) User=0.01s Sys=0.00s Real=0.01s
[1016.808s][info ][safepoint    ] Leaving safepoint region
[1016.808s][info ][safepoint    ] Total time for which application threads were stopped: 0.0050366 seconds, Stopping threads took: 0.0000147 seconds
[1017.695s][info ][safepoint    ] Application time: 0.8865470 seconds
[1017.695s][info ][safepoint    ] Entering safepoint region: GenCollectForAllocation
[1017.695s][info ][gc,start     ] GC(1089) Pause Young (Allocation Failure)
[1017.695s][info ][gc,task      ] GC(1089) Using 4 workers of 4 for evacuation
[1017.700s][debug][gc,ref       ] GC(1089) Skipped phase1 of Reference Processing due to unavailable references
[1017.700s][debug][gc,ref       ] GC(1089) Skipped phase2 of Reference Processing due to unavailable references
[1017.700s][debug][gc,ref       ] GC(1089) Skipped phase3 of Reference Processing due to unavailable references
[1017.700s][debug][gc,ref       ] GC(1089) Skipped phase4 of Reference Processing due to unavailable references
[1017.700s][debug][gc,age       ] GC(1089) Desired survivor size 15400960 bytes, new threshold 6 (max threshold 6)
[1017.700s][info ][gc,heap      ] GC(1089) ParNew: 245042K->4244K(270976K)
[1017.700s][info ][gc,heap      ] GC(1089) CMS: 367298K->367349K(602112K)
[1017.700s][info ][gc,metaspace ] GC(1089) Metaspace: 57732K->57732K(1101824K)
[1017.700s][info ][gc           ] GC(1089) Pause Young (Allocation Failure) 597M->362M(852M) 5.279ms
[1017.700s][info ][gc,cpu       ] GC(1089) User=0.02s Sys=0.00s Real=0.01s
[1017.700s][info ][safepoint    ] Leaving safepoint region
[1017.700s][info ][safepoint    ] Total time for which application threads were stopped: 0.0054423 seconds, Stopping threads took: 0.0000365 seconds
[1018.667s][info ][safepoint    ] Application time: 0.9664793 seconds
[1018.667s][info ][safepoint    ] Entering safepoint region: GenCollectForAllocation
[1018.667s][info ][gc,start     ] GC(1090) Pause Young (Allocation Failure)
[1018.667s][info ][gc,task      ] GC(1090) Using 4 workers of 4 for evacuation
[1018.672s][debug][gc,ref       ] GC(1090) Skipped phase1 of Reference Processing due to unavailable references
[1018.672s][debug][gc,ref       ] GC(1090) Skipped phase2 of Reference Processing due to unavailable references
[1018.672s][debug][gc,ref       ] GC(1090) Skipped phase3 of Reference Processing due to unavailable references
[1018.672s][debug][gc,ref       ] GC(1090) Skipped phase4 of Reference Processing due to unavailable references
[1018.672s][debug][gc,age       ] GC(1090) Desired survivor size 15400960 bytes, new threshold 6 (max threshold 6)
[1018.673s][info ][gc,heap      ] GC(1090) ParNew: 245140K->3749K(270976K)
[1018.673s][info ][gc,heap      ] GC(1090) CMS: 367349K->367487K(602112K)
[1018.673s][info ][gc,metaspace ] GC(1090) Metaspace: 57732K->57732K(1101824K)
[1018.673s][info ][gc           ] GC(1090) Pause Young (Allocation Failure) 598M->362M(852M) 5.675ms
[1018.673s][info ][gc,cpu       ] GC(1090) User=0.02s Sys=0.00s Real=0.00s
[1018.673s][info ][safepoint    ] Leaving safepoint region
[1018.673s][info ][safepoint    ] Total time for which application threads were stopped: 0.0058315 seconds, Stopping threads took: 0.0000148 seconds
[1019.556s][info ][safepoint    ] Application time: 0.8835514 seconds
[1019.556s][info ][safepoint    ] Entering safepoint region: GenCollectForAllocation
[1019.556s][info ][gc,start     ] GC(1091) Pause Young (Allocation Failure)
[1019.556s][info ][gc,task      ] GC(1091) Using 4 workers of 4 for evacuation
[1019.561s][debug][gc,ref       ] GC(1091) Skipped phase1 of Reference Processing due to unavailable references
[1019.561s][debug][gc,ref       ] GC(1091) Skipped phase2 of Reference Processing due to unavailable references
[1019.561s][debug][gc,ref       ] GC(1091) Skipped phase3 of Reference Processing due to unavailable references
[1019.561s][debug][gc,ref       ] GC(1091) Skipped phase4 of Reference Processing due to unavailable references
[1019.562s][debug][gc,age       ] GC(1091) Desired survivor size 15400960 bytes, new threshold 6 (max threshold 6)
[1019.562s][info ][gc,heap      ] GC(1091) ParNew: 244645K->3800K(270976K)
[1019.562s][info ][gc,heap      ] GC(1091) CMS: 367487K->367569K(602112K)
[1019.562s][info ][gc,metaspace ] GC(1091) Metaspace: 57732K->57732K(1101824K)
[1019.562s][info ][gc           ] GC(1091) Pause Young (Allocation Failure) 597M->362M(852M) 5.375ms
[1019.562s][info ][gc,cpu       ] GC(1091) User=0.02s Sys=0.00s Real=0.00s
[1019.562s][info ][safepoint    ] Leaving safepoint region
[1019.562s][info ][safepoint    ] Total time for which application threads were stopped: 0.0055213 seconds, Stopping threads took: 0.0000144 seconds
[1020.484s][info ][safepoint    ] Application time: 0.9223433 seconds
[1020.484s][info ][safepoint    ] Entering safepoint region: GenCollectForAllocation
[1020.484s][info ][gc,start     ] GC(1092) Pause Young (Allocation Failure)
[1020.484s][info ][gc,task      ] GC(1092) Using 4 workers of 4 for evacuation
[1020.489s][debug][gc,ref       ] GC(1092) Skipped phase1 of Reference Processing due to unavailable references
[1020.489s][debug][gc,ref       ] GC(1092) Skipped phase2 of Reference Processing due to unavailable references
[1020.489s][debug][gc,ref       ] GC(1092) Skipped phase3 of Reference Processing due to unavailable references
[1020.489s][debug][gc,ref       ] GC(1092) Skipped phase4 of Reference Processing due to unavailable references
[1020.489s][debug][gc,age       ] GC(1092) Desired survivor size 15400960 bytes, new threshold 6 (max threshold 6)
[1020.489s][info ][gc,heap      ] GC(1092) ParNew: 244696K->3769K(270976K)
[1020.489s][info ][gc,heap      ] GC(1092) CMS: 367569K->367656K(602112K)
[1020.489s][info ][gc,metaspace ] GC(1092) Metaspace: 57732K->57732K(1101824K)
[1020.489s][info ][gc           ] GC(1092) Pause Young (Allocation Failure) 597M->362M(852M) 5.132ms
[1020.489s][info ][gc,cpu       ] GC(1092) User=0.02s Sys=0.00s Real=0.00s
[1020.489s][info ][safepoint    ] Leaving safepoint region
[1020.489s][info ][safepoint    ] Total time for which application threads were stopped: 0.0052890 seconds, Stopping threads took: 0.0000153 seconds
[1021.457s][info ][safepoint    ] Application time: 0.9672250 seconds
[1021.457s][info ][safepoint    ] Entering safepoint region: GenCollectForAllocation
[1021.457s][info ][gc,start     ] GC(1093) Pause Young (Allocation Failure)
[1021.457s][info ][gc,task      ] GC(1093) Using 4 workers of 4 for evacuation
[1021.462s][debug][gc,ref       ] GC(1093) Skipped phase1 of Reference Processing due to unavailable references
[1021.462s][debug][gc,ref       ] GC(1093) Skipped phase2 of Reference Processing due to unavailable references
[1021.462s][debug][gc,ref       ] GC(1093) Skipped phase3 of Reference Processing due to unavailable references
[1021.462s][debug][gc,ref       ] GC(1093) Skipped phase4 of Reference Processing due to unavailable references
[1021.462s][debug][gc,age       ] GC(1093) Desired survivor size 15400960 bytes, new threshold 6 (max threshold 6)
[1021.462s][info ][gc,heap      ] GC(1093) ParNew: 244665K->4457K(270976K)
[1021.462s][info ][gc,heap      ] GC(1093) CMS: 367656K->367754K(602112K)
[1021.462s][info ][gc,metaspace ] GC(1093) Metaspace: 57733K->57733K(1101824K)
[1021.462s][info ][gc           ] GC(1093) Pause Young (Allocation Failure) 597M->363M(852M) 5.310ms
[1021.462s][info ][gc,cpu       ] GC(1093) User=0.02s Sys=0.00s Real=0.00s
[1021.462s][info ][safepoint    ] Leaving safepoint region
[1021.462s][info ][safepoint    ] Total time for which application threads were stopped: 0.0054462 seconds, Stopping threads took: 0.0000131 seconds
[1022.352s][info ][safepoint    ] Application time: 0.8902130 seconds
[1022.352s][info ][safepoint    ] Entering safepoint region: GenCollectForAllocation
[1022.352s][info ][gc,start     ] GC(1094) Pause Young (Allocation Failure)
[1022.352s][info ][gc,task      ] GC(1094) Using 4 workers of 4 for evacuation
[1022.358s][debug][gc,ref       ] GC(1094) Skipped phase1 of Reference Processing due to unavailable references
[1022.358s][debug][gc,ref       ] GC(1094) Skipped phase2 of Reference Processing due to unavailable references
[1022.358s][debug][gc,ref       ] GC(1094) Skipped phase3 of Reference Processing due to unavailable references
[1022.358s][debug][gc,ref       ] GC(1094) Skipped phase4 of Reference Processing due to unavailable references
[1022.358s][debug][gc,age       ] GC(1094) Desired survivor size 15400960 bytes, new threshold 6 (max threshold 6)
[1022.358s][info ][gc,heap      ] GC(1094) ParNew: 245353K->3789K(270976K)
[1022.358s][info ][gc,heap      ] GC(1094) CMS: 367754K->367930K(602112K)
[1022.358s][info ][gc,metaspace ] GC(1094) Metaspace: 57733K->57733K(1101824K)
[1022.358s][info ][gc           ] GC(1094) Pause Young (Allocation Failure) 598M->363M(852M) 5.303ms
[1022.358s][info ][gc,cpu       ] GC(1094) User=0.02s Sys=0.00s Real=0.01s
[1022.358s][info ][safepoint    ] Leaving safepoint region
[1022.358s][info ][safepoint    ] Total time for which application threads were stopped: 0.0054941 seconds, Stopping threads took: 0.0000592 seconds
[1023.374s][info ][safepoint    ] Application time: 1.0164259 seconds
[1023.374s][info ][safepoint    ] Entering safepoint region: GenCollectForAllocation
[1023.374s][info ][gc,start     ] GC(1095) Pause Young (Allocation Failure)
[1023.374s][info ][gc,task      ] GC(1095) Using 4 workers of 4 for evacuation
[1023.380s][debug][gc,ref       ] GC(1095) Skipped phase1 of Reference Processing due to unavailable references
[1023.380s][debug][gc,ref       ] GC(1095) Skipped phase2 of Reference Processing due to unavailable references
[1023.380s][debug][gc,ref       ] GC(1095) Skipped phase3 of Reference Processing due to unavailable references
[1023.380s][debug][gc,ref       ] GC(1095) Skipped phase4 of Reference Processing due to unavailable references
[1023.381s][debug][gc,age       ] GC(1095) Desired survivor size 15400960 bytes, new threshold 6 (max threshold 6)
[1023.381s][info ][gc,heap      ] GC(1095) ParNew: 244685K->5370K(270976K)
[1023.381s][info ][gc,heap      ] GC(1095) CMS: 367930K->368130K(602112K)
[1023.381s][info ][gc,metaspace ] GC(1095) Metaspace: 57733K->57733K(1101824K)
[1023.381s][info ][gc           ] GC(1095) Pause Young (Allocation Failure) 598M->364M(852M) 6.171ms
[1023.381s][info ][gc,cpu       ] GC(1095) User=0.02s Sys=0.00s Real=0.01s
[1023.381s][info ][safepoint    ] Leaving safepoint region
[1023.381s][info ][safepoint    ] Total time for which application threads were stopped: 0.0063159 seconds, Stopping threads took: 0.0000154 seconds
[1024.323s][info ][safepoint    ] Application time: 0.9423495 seconds
[1024.323s][info ][safepoint    ] Entering safepoint region: GenCollectForAllocation
[1024.323s][info ][gc,start     ] GC(1096) Pause Young (Allocation Failure)
[1024.323s][info ][gc,task      ] GC(1096) Using 4 workers of 4 for evacuation
[1024.328s][debug][gc,ref       ] GC(1096) Skipped phase1 of Reference Processing due to unavailable references
[1024.328s][debug][gc,ref       ] GC(1096) Skipped phase2 of Reference Processing due to unavailable references
[1024.328s][debug][gc,ref       ] GC(1096) Skipped phase3 of Reference Processing due to unavailable references
[1024.328s][debug][gc,ref       ] GC(1096) Skipped phase4 of Reference Processing due to unavailable references
[1024.328s][debug][gc,age       ] GC(1096) Desired survivor size 15400960 bytes, new threshold 6 (max threshold 6)
[1024.328s][info ][gc,heap      ] GC(1096) ParNew: 246266K->3659K(270976K)
[1024.328s][info ][gc,heap      ] GC(1096) CMS: 368130K->368309K(602112K)
[1024.328s][info ][gc,metaspace ] GC(1096) Metaspace: 57733K->57733K(1101824K)
[1024.328s][info ][gc           ] GC(1096) Pause Young (Allocation Failure) 599M->363M(852M) 5.253ms
[1024.328s][info ][gc,cpu       ] GC(1096) User=0.02s Sys=0.00s Real=0.01s
[1024.328s][info ][safepoint    ] Leaving safepoint region
[1024.328s][info ][safepoint    ] Total time for which application threads were stopped: 0.0054028 seconds, Stopping threads took: 0.0000137 seconds
[1025.328s][info ][safepoint    ] Application time: 1.0000994 seconds
[1025.329s][info ][safepoint    ] Entering safepoint region: Cleanup
[1025.329s][info ][safepoint    ] Leaving safepoint region
[1025.329s][info ][safepoint    ] Total time for which application threads were stopped: 0.0001437 seconds, Stopping threads took: 0.0000704 seconds
[1025.332s][info ][safepoint    ] Application time: 0.0030201 seconds
[1025.332s][info ][safepoint    ] Entering safepoint region: GenCollectForAllocation
[1025.332s][info ][gc,start     ] GC(1097) Pause Young (Allocation Failure)
[1025.332s][info ][gc,task      ] GC(1097) Using 4 workers of 4 for evacuation
[1025.337s][debug][gc,ref       ] GC(1097) Skipped phase1 of Reference Processing due to unavailable references
[1025.337s][debug][gc,ref       ] GC(1097) Skipped phase2 of Reference Processing due to unavailable references
[1025.337s][debug][gc,ref       ] GC(1097) Skipped phase3 of Reference Processing due to unavailable references
[1025.337s][debug][gc,ref       ] GC(1097) Skipped phase4 of Reference Processing due to unavailable references
[1025.337s][debug][gc,age       ] GC(1097) Desired survivor size 15400960 bytes, new threshold 6 (max threshold 6)
[1025.337s][info ][gc,heap      ] GC(1097) ParNew: 244555K->4339K(270976K)
[1025.337s][info ][gc,heap      ] GC(1097) CMS: 368309K->368363K(602112K)
[1025.337s][info ][gc,metaspace ] GC(1097) Metaspace: 57733K->57733K(1101824K)
[1025.337s][info ][gc           ] GC(1097) Pause Young (Allocation Failure) 598M->363M(852M) 5.013ms
[1025.337s][info ][gc,cpu       ] GC(1097) User=0.01s Sys=0.00s Real=0.01s
[1025.337s][info ][safepoint    ] Leaving safepoint region
[1025.337s][info ][safepoint    ] Total time for which application threads were stopped: 0.0051333 seconds, Stopping threads took: 0.0000085 seconds
[1026.323s][info ][safepoint    ] Application time: 0.9856666 seconds
[1026.323s][info ][safepoint    ] Entering safepoint region: GenCollectForAllocation
[1026.323s][info ][gc,start     ] GC(1098) Pause Young (Allocation Failure)
[1026.323s][info ][gc,task      ] GC(1098) Using 4 workers of 4 for evacuation
[1026.327s][debug][gc,ref       ] GC(1098) Skipped phase1 of Reference Processing due to unavailable references
[1026.327s][debug][gc,ref       ] GC(1098) Skipped phase2 of Reference Processing due to unavailable references
[1026.327s][debug][gc,ref       ] GC(1098) Skipped phase3 of Reference Processing due to unavailable references
[1026.327s][debug][gc,ref       ] GC(1098) Skipped phase4 of Reference Processing due to unavailable references
[1026.327s][debug][gc,age       ] GC(1098) Desired survivor size 15400960 bytes, new threshold 6 (max threshold 6)
[1026.327s][info ][gc,heap      ] GC(1098) ParNew: 245235K->4682K(270976K)
[1026.327s][info ][gc,heap      ] GC(1098) CMS: 368363K->368491K(602112K)
[1026.327s][info ][gc,metaspace ] GC(1098) Metaspace: 57734K->57734K(1101824K)
[1026.327s][info ][gc           ] GC(1098) Pause Young (Allocation Failure) 599M->364M(852M) 4.831ms
[1026.327s][info ][gc,cpu       ] GC(1098) User=0.02s Sys=0.00s Real=0.01s
[1026.328s][info ][safepoint    ] Leaving safepoint region
[1026.328s][info ][safepoint    ] Total time for which application threads were stopped: 0.0049846 seconds, Stopping threads took: 0.0000142 seconds
[1027.367s][info ][safepoint    ] Application time: 1.0393233 seconds
[1027.367s][info ][safepoint    ] Entering safepoint region: GenCollectForAllocation
[1027.367s][info ][gc,start     ] GC(1099) Pause Young (Allocation Failure)
[1027.367s][info ][gc,task      ] GC(1099) Using 4 workers of 4 for evacuation
[1027.372s][debug][gc,ref       ] GC(1099) Skipped phase1 of Reference Processing due to unavailable references
[1027.372s][debug][gc,ref       ] GC(1099) Skipped phase2 of Reference Processing due to unavailable references
[1027.372s][debug][gc,ref       ] GC(1099) Skipped phase3 of Reference Processing due to unavailable references
[1027.372s][debug][gc,ref       ] GC(1099) Skipped phase4 of Reference Processing due to unavailable references
[1027.372s][debug][gc,age       ] GC(1099) Desired survivor size 15400960 bytes, new threshold 6 (max threshold 6)
[1027.372s][info ][gc,heap      ] GC(1099) ParNew: 245578K->3418K(270976K)
[1027.372s][info ][gc,heap      ] GC(1099) CMS: 368491K->368714K(602112K)
[1027.372s][info ][gc,metaspace ] GC(1099) Metaspace: 57734K->57734K(1101824K)
[1027.372s][info ][gc           ] GC(1099) Pause Young (Allocation Failure) 599M->363M(852M) 4.908ms
[1027.372s][info ][gc,cpu       ] GC(1099) User=0.02s Sys=0.00s Real=0.00s
[1027.372s][info ][safepoint    ] Leaving safepoint region
[1027.372s][info ][safepoint    ] Total time for which application threads were stopped: 0.0050514 seconds, Stopping threads took: 0.0000134 seconds
[1028.229s][info ][safepoint    ] Application time: 0.8571464 seconds
[1028.229s][info ][safepoint    ] Entering safepoint region: GenCollectForAllocation
[1028.229s][info ][gc,start     ] GC(1100) Pause Young (Allocation Failure)
[1028.229s][info ][gc,task      ] GC(1100) Using 4 workers of 4 for evacuation
[1028.235s][debug][gc,ref       ] GC(1100) Skipped phase1 of Reference Processing due to unavailable references
[1028.235s][debug][gc,ref       ] GC(1100) Skipped phase2 of Reference Processing due to unavailable references
[1028.235s][debug][gc,ref       ] GC(1100) Skipped phase3 of Reference Processing due to unavailable references
[1028.235s][debug][gc,ref       ] GC(1100) Skipped phase4 of Reference Processing due to unavailable references
[1028.235s][debug][gc,age       ] GC(1100) Desired survivor size 15400960 bytes, new threshold 6 (max threshold 6)
[1028.235s][info ][gc,heap      ] GC(1100) ParNew: 244314K->3946K(270976K)
[1028.235s][info ][gc,heap      ] GC(1100) CMS: 368714K->368826K(602112K)
[1028.235s][info ][gc,metaspace ] GC(1100) Metaspace: 57734K->57734K(1101824K)
[1028.235s][info ][gc           ] GC(1100) Pause Young (Allocation Failure) 598M->364M(852M) 5.851ms
[1028.235s][info ][gc,cpu       ] GC(1100) User=0.02s Sys=0.00s Real=0.00s
[1028.235s][info ][safepoint    ] Leaving safepoint region
[1028.235s][info ][safepoint    ] Total time for which application threads were stopped: 0.0060115 seconds, Stopping threads took: 0.0000137 seconds
[1029.170s][info ][safepoint    ] Application time: 0.9348981 seconds
[1029.170s][info ][safepoint    ] Entering safepoint region: GenCollectForAllocation
[1029.170s][info ][gc,start     ] GC(1101) Pause Young (Allocation Failure)
[1029.170s][info ][gc,task      ] GC(1101) Using 4 workers of 4 for evacuation
[1029.176s][debug][gc,ref       ] GC(1101) Skipped phase1 of Reference Processing due to unavailable references
[1029.176s][debug][gc,ref       ] GC(1101) Skipped phase2 of Reference Processing due to unavailable references
[1029.176s][debug][gc,ref       ] GC(1101) Skipped phase3 of Reference Processing due to unavailable references
[1029.176s][debug][gc,ref       ] GC(1101) Skipped phase4 of Reference Processing due to unavailable references
[1029.176s][debug][gc,age       ] GC(1101) Desired survivor size 15400960 bytes, new threshold 6 (max threshold 6)
[1029.176s][info ][gc,heap      ] GC(1101) ParNew: 244842K->4098K(270976K)
[1029.176s][info ][gc,heap      ] GC(1101) CMS: 368826K->368984K(602112K)
[1029.176s][info ][gc,metaspace ] GC(1101) Metaspace: 57734K->57734K(1101824K)
[1029.176s][info ][gc           ] GC(1101) Pause Young (Allocation Failure) 599M->364M(852M) 6.002ms
[1029.176s][info ][gc,cpu       ] GC(1101) User=0.02s Sys=0.00s Real=0.01s
[1029.176s][info ][safepoint    ] Leaving safepoint region
[1029.176s][info ][safepoint    ] Total time for which application threads were stopped: 0.0061535 seconds, Stopping threads took: 0.0000142 seconds
[1030.230s][info ][safepoint    ] Application time: 1.0540912 seconds
[1030.230s][info ][safepoint    ] Entering safepoint region: GenCollectForAllocation
[1030.230s][info ][gc,start     ] GC(1102) Pause Young (Allocation Failure)
[1030.230s][info ][gc,task      ] GC(1102) Using 4 workers of 4 for evacuation
[1030.235s][debug][gc,ref       ] GC(1102) Skipped phase1 of Reference Processing due to unavailable references
[1030.235s][debug][gc,ref       ] GC(1102) Skipped phase2 of Reference Processing due to unavailable references
[1030.235s][debug][gc,ref       ] GC(1102) Skipped phase3 of Reference Processing due to unavailable references
[1030.235s][debug][gc,ref       ] GC(1102) Skipped phase4 of Reference Processing due to unavailable references
[1030.235s][debug][gc,age       ] GC(1102) Desired survivor size 15400960 bytes, new threshold 6 (max threshold 6)
[1030.235s][info ][gc,heap      ] GC(1102) ParNew: 244994K->4164K(270976K)
[1030.235s][info ][gc,heap      ] GC(1102) CMS: 368984K->369083K(602112K)
[1030.235s][info ][gc,metaspace ] GC(1102) Metaspace: 57734K->57734K(1101824K)
[1030.235s][info ][gc           ] GC(1102) Pause Young (Allocation Failure) 599M->364M(852M) 4.664ms
[1030.235s][info ][gc,cpu       ] GC(1102) User=0.02s Sys=0.00s Real=0.00s
[1030.235s][info ][safepoint    ] Leaving safepoint region
[1030.235s][info ][safepoint    ] Total time for which application threads were stopped: 0.0048018 seconds, Stopping threads took: 0.0000162 seconds
[1031.221s][info ][safepoint    ] Application time: 0.9862911 seconds
[1031.221s][info ][safepoint    ] Entering safepoint region: GenCollectForAllocation
[1031.222s][info ][gc,start     ] GC(1103) Pause Young (Allocation Failure)
[1031.222s][info ][gc,task      ] GC(1103) Using 4 workers of 4 for evacuation
[1031.227s][debug][gc,ref       ] GC(1103) Skipped phase1 of Reference Processing due to unavailable references
[1031.227s][debug][gc,ref       ] GC(1103) Skipped phase2 of Reference Processing due to unavailable references
[1031.227s][debug][gc,ref       ] GC(1103) Skipped phase3 of Reference Processing due to unavailable references
[1031.227s][debug][gc,ref       ] GC(1103) Skipped phase4 of Reference Processing due to unavailable references
[1031.227s][debug][gc,age       ] GC(1103) Desired survivor size 15400960 bytes, new threshold 6 (max threshold 6)
[1031.227s][info ][gc,heap      ] GC(1103) ParNew: 245060K->4221K(270976K)
[1031.227s][info ][gc,heap      ] GC(1103) CMS: 369083K->369149K(602112K)
[1031.227s][info ][gc,metaspace ] GC(1103) Metaspace: 57734K->57734K(1101824K)
[1031.227s][info ][gc           ] GC(1103) Pause Young (Allocation Failure) 599M->364M(852M) 5.452ms
[1031.227s][info ][gc,cpu       ] GC(1103) User=0.02s Sys=0.00s Real=0.01s
[1031.227s][info ][safepoint    ] Leaving safepoint region
[1031.227s][info ][safepoint    ] Total time for which application threads were stopped: 0.0056015 seconds, Stopping threads took: 0.0000152 seconds
[1032.207s][info ][safepoint    ] Application time: 0.9796867 seconds
[1032.207s][info ][safepoint    ] Entering safepoint region: GenCollectForAllocation
[1032.207s][info ][gc,start     ] GC(1104) Pause Young (Allocation Failure)
[1032.207s][info ][gc,task      ] GC(1104) Using 4 workers of 4 for evacuation
[1032.212s][debug][gc,ref       ] GC(1104) Skipped phase1 of Reference Processing due to unavailable references
[1032.212s][debug][gc,ref       ] GC(1104) Skipped phase2 of Reference Processing due to unavailable references
[1032.212s][debug][gc,ref       ] GC(1104) Skipped phase3 of Reference Processing due to unavailable references
[1032.212s][debug][gc,ref       ] GC(1104) Skipped phase4 of Reference Processing due to unavailable references
[1032.212s][debug][gc,age       ] GC(1104) Desired survivor size 15400960 bytes, new threshold 6 (max threshold 6)
[1032.212s][info ][gc,heap      ] GC(1104) ParNew: 245117K->4279K(270976K)
[1032.212s][info ][gc,heap      ] GC(1104) CMS: 369149K->369318K(602112K)
[1032.212s][info ][gc,metaspace ] GC(1104) Metaspace: 57735K->57735K(1101824K)
[1032.212s][info ][gc           ] GC(1104) Pause Young (Allocation Failure) 599M->364M(852M) 5.161ms
[1032.212s][info ][gc,cpu       ] GC(1104) User=0.02s Sys=0.00s Real=0.00s
[1032.212s][info ][safepoint    ] Leaving safepoint region
[1032.212s][info ][safepoint    ] Total time for which application threads were stopped: 0.0053752 seconds, Stopping threads took: 0.0000211 seconds
[1033.092s][info ][safepoint    ] Application time: 0.8797149 seconds
[1033.092s][info ][safepoint    ] Entering safepoint region: GenCollectForAllocation
[1033.092s][info ][gc,start     ] GC(1105) Pause Young (Allocation Failure)
[1033.092s][info ][gc,task      ] GC(1105) Using 4 workers of 4 for evacuation
[1033.097s][debug][gc,ref       ] GC(1105) Skipped phase1 of Reference Processing due to unavailable references
[1033.097s][debug][gc,ref       ] GC(1105) Skipped phase3 of Reference Processing due to unavailable references
[1033.097s][debug][gc,age       ] GC(1105) Desired survivor size 15400960 bytes, new threshold 6 (max threshold 6)
[1033.097s][info ][gc,heap      ] GC(1105) ParNew: 245175K->3653K(270976K)
[1033.097s][info ][gc,heap      ] GC(1105) CMS: 369318K->369330K(602112K)
[1033.097s][info ][gc,metaspace ] GC(1105) Metaspace: 57737K->57737K(1101824K)
[1033.097s][info ][gc           ] GC(1105) Pause Young (Allocation Failure) 600M->364M(852M) 5.233ms
[1033.097s][info ][gc,cpu       ] GC(1105) User=0.02s Sys=0.00s Real=0.01s
[1033.097s][info ][safepoint    ] Leaving safepoint region
[1033.097s][info ][safepoint    ] Total time for which application threads were stopped: 0.0054001 seconds, Stopping threads took: 0.0000152 seconds
[1034.129s][info ][safepoint    ] Application time: 1.0314232 seconds
[1034.129s][info ][safepoint    ] Entering safepoint region: GenCollectForAllocation
[1034.129s][info ][gc,start     ] GC(1106) Pause Young (Allocation Failure)
[1034.129s][info ][gc,task      ] GC(1106) Using 4 workers of 4 for evacuation
[1034.134s][debug][gc,ref       ] GC(1106) Skipped phase1 of Reference Processing due to unavailable references
[1034.134s][debug][gc,ref       ] GC(1106) Skipped phase2 of Reference Processing due to unavailable references
[1034.134s][debug][gc,ref       ] GC(1106) Skipped phase3 of Reference Processing due to unavailable references
[1034.134s][debug][gc,ref       ] GC(1106) Skipped phase4 of Reference Processing due to unavailable references
[1034.134s][debug][gc,age       ] GC(1106) Desired survivor size 15400960 bytes, new threshold 6 (max threshold 6)
[1034.134s][info ][gc,heap      ] GC(1106) ParNew: 244549K->3632K(270976K)
[1034.134s][info ][gc,heap      ] GC(1106) CMS: 369330K->369434K(602112K)
[1034.134s][info ][gc,metaspace ] GC(1106) Metaspace: 57737K->57737K(1101824K)
[1034.134s][info ][gc           ] GC(1106) Pause Young (Allocation Failure) 599M->364M(852M) 4.908ms
[1034.134s][info ][gc,cpu       ] GC(1106) User=0.02s Sys=0.00s Real=0.00s
[1034.134s][info ][safepoint    ] Leaving safepoint region
[1034.134s][info ][safepoint    ] Total time for which application threads were stopped: 0.0050539 seconds, Stopping threads took: 0.0000155 seconds
[1035.128s][info ][safepoint    ] Application time: 0.9938301 seconds
[1035.128s][info ][safepoint    ] Entering safepoint region: GenCollectForAllocation
[1035.128s][info ][gc,start     ] GC(1107) Pause Young (Allocation Failure)
[1035.128s][info ][gc,task      ] GC(1107) Using 4 workers of 4 for evacuation
[1035.132s][debug][gc,ref       ] GC(1107) Skipped phase1 of Reference Processing due to unavailable references
[1035.132s][debug][gc,ref       ] GC(1107) Skipped phase2 of Reference Processing due to unavailable references
[1035.132s][debug][gc,ref       ] GC(1107) Skipped phase3 of Reference Processing due to unavailable references
[1035.132s][debug][gc,ref       ] GC(1107) Skipped phase4 of Reference Processing due to unavailable references
[1035.132s][debug][gc,age       ] GC(1107) Desired survivor size 15400960 bytes, new threshold 6 (max threshold 6)
[1035.132s][info ][gc,heap      ] GC(1107) ParNew: 244528K->3530K(270976K)
[1035.132s][info ][gc,heap      ] GC(1107) CMS: 369434K->369600K(602112K)
[1035.132s][info ][gc,metaspace ] GC(1107) Metaspace: 57737K->57737K(1101824K)
[1035.132s][info ][gc           ] GC(1107) Pause Young (Allocation Failure) 599M->364M(852M) 4.612ms
[1035.132s][info ][gc,cpu       ] GC(1107) User=0.02s Sys=0.00s Real=0.00s
[1035.132s][info ][safepoint    ] Leaving safepoint region
[1035.132s][info ][safepoint    ] Total time for which application threads were stopped: 0.0047712 seconds, Stopping threads took: 0.0000150 seconds
[1036.090s][info ][safepoint    ] Application time: 0.9578019 seconds
[1036.090s][info ][safepoint    ] Entering safepoint region: GenCollectForAllocation
[1036.090s][info ][gc,start     ] GC(1108) Pause Young (Allocation Failure)
[1036.090s][info ][gc,task      ] GC(1108) Using 4 workers of 4 for evacuation
[1036.095s][debug][gc,ref       ] GC(1108) Skipped phase1 of Reference Processing due to unavailable references
[1036.095s][debug][gc,ref       ] GC(1108) Skipped phase2 of Reference Processing due to unavailable references
[1036.095s][debug][gc,ref       ] GC(1108) Skipped phase3 of Reference Processing due to unavailable references
[1036.095s][debug][gc,ref       ] GC(1108) Skipped phase4 of Reference Processing due to unavailable references
[1036.095s][debug][gc,age       ] GC(1108) Desired survivor size 15400960 bytes, new threshold 6 (max threshold 6)
[1036.095s][info ][gc,heap      ] GC(1108) ParNew: 244426K->3333K(270976K)
[1036.095s][info ][gc,heap      ] GC(1108) CMS: 369600K->369842K(602112K)
[1036.095s][info ][gc,metaspace ] GC(1108) Metaspace: 57737K->57737K(1101824K)
[1036.095s][info ][gc           ] GC(1108) Pause Young (Allocation Failure) 599M->364M(852M) 4.523ms
[1036.095s][info ][gc,cpu       ] GC(1108) User=0.01s Sys=0.00s Real=0.00s
[1036.095s][info ][safepoint    ] Leaving safepoint region
[1036.095s][info ][safepoint    ] Total time for which application threads were stopped: 0.0046750 seconds, Stopping threads took: 0.0000142 seconds
[1037.095s][info ][safepoint    ] Application time: 1.0001066 seconds
[1037.095s][info ][safepoint    ] Entering safepoint region: Cleanup
[1037.095s][info ][safepoint    ] Leaving safepoint region
[1037.095s][info ][safepoint    ] Total time for which application threads were stopped: 0.0001259 seconds, Stopping threads took: 0.0000511 seconds
[1037.140s][info ][safepoint    ] Application time: 0.0443987 seconds
[1037.140s][info ][safepoint    ] Entering safepoint region: GenCollectForAllocation
[1037.140s][info ][gc,start     ] GC(1109) Pause Young (Allocation Failure)
[1037.140s][info ][gc,task      ] GC(1109) Using 4 workers of 4 for evacuation
[1037.144s][debug][gc,ref       ] GC(1109) Skipped phase1 of Reference Processing due to unavailable references
[1037.144s][debug][gc,ref       ] GC(1109) Skipped phase2 of Reference Processing due to unavailable references
[1037.144s][debug][gc,ref       ] GC(1109) Skipped phase3 of Reference Processing due to unavailable references
[1037.144s][debug][gc,ref       ] GC(1109) Skipped phase4 of Reference Processing due to unavailable references
[1037.144s][debug][gc,age       ] GC(1109) Desired survivor size 15400960 bytes, new threshold 6 (max threshold 6)
[1037.144s][info ][gc,heap      ] GC(1109) ParNew: 244229K->3307K(270976K)
[1037.144s][info ][gc,heap      ] GC(1109) CMS: 369842K->370013K(602112K)
[1037.144s][info ][gc,metaspace ] GC(1109) Metaspace: 57737K->57737K(1101824K)
[1037.144s][info ][gc           ] GC(1109) Pause Young (Allocation Failure) 599M->364M(852M) 4.559ms
[1037.144s][info ][gc,cpu       ] GC(1109) User=0.02s Sys=0.00s Real=0.01s
[1037.144s][info ][safepoint    ] Leaving safepoint region
[1037.144s][info ][safepoint    ] Total time for which application threads were stopped: 0.0047225 seconds, Stopping threads took: 0.0000155 seconds
[1038.203s][info ][safepoint    ] Application time: 1.0585791 seconds
[1038.203s][info ][safepoint    ] Entering safepoint region: GenCollectForAllocation
[1038.203s][info ][gc,start     ] GC(1110) Pause Young (Allocation Failure)
[1038.203s][info ][gc,task      ] GC(1110) Using 4 workers of 4 for evacuation
[1038.207s][debug][gc,ref       ] GC(1110) Skipped phase1 of Reference Processing due to unavailable references
[1038.207s][debug][gc,ref       ] GC(1110) Skipped phase2 of Reference Processing due to unavailable references
[1038.207s][debug][gc,ref       ] GC(1110) Skipped phase3 of Reference Processing due to unavailable references
[1038.207s][debug][gc,ref       ] GC(1110) Skipped phase4 of Reference Processing due to unavailable references
[1038.207s][debug][gc,age       ] GC(1110) Desired survivor size 15400960 bytes, new threshold 6 (max threshold 6)
[1038.207s][info ][gc,heap      ] GC(1110) ParNew: 244203K->3024K(270976K)
[1038.207s][info ][gc,heap      ] GC(1110) CMS: 370013K->370058K(602112K)
[1038.207s][info ][gc,metaspace ] GC(1110) Metaspace: 57737K->57737K(1101824K)
[1038.207s][info ][gc           ] GC(1110) Pause Young (Allocation Failure) 599M->364M(852M) 4.188ms
[1038.207s][info ][gc,cpu       ] GC(1110) User=0.01s Sys=0.01s Real=0.01s
[1038.207s][info ][safepoint    ] Leaving safepoint region
[1038.207s][info ][safepoint    ] Total time for which application threads were stopped: 0.0044039 seconds, Stopping threads took: 0.0000611 seconds
[1039.273s][info ][safepoint    ] Application time: 1.0655711 seconds
[1039.273s][info ][safepoint    ] Entering safepoint region: GenCollectForAllocation
[1039.273s][info ][gc,start     ] GC(1111) Pause Young (Allocation Failure)
[1039.273s][info ][gc,task      ] GC(1111) Using 4 workers of 4 for evacuation
[1039.277s][debug][gc,ref       ] GC(1111) Skipped phase1 of Reference Processing due to unavailable references
[1039.277s][debug][gc,ref       ] GC(1111) Skipped phase2 of Reference Processing due to unavailable references
[1039.277s][debug][gc,ref       ] GC(1111) Skipped phase3 of Reference Processing due to unavailable references
[1039.277s][debug][gc,ref       ] GC(1111) Skipped phase4 of Reference Processing due to unavailable references
[1039.277s][debug][gc,age       ] GC(1111) Desired survivor size 15400960 bytes, new threshold 6 (max threshold 6)
[1039.277s][info ][gc,heap      ] GC(1111) ParNew: 243920K->3009K(270976K)
[1039.277s][info ][gc,heap      ] GC(1111) CMS: 370058K->370235K(602112K)
[1039.277s][info ][gc,metaspace ] GC(1111) Metaspace: 57737K->57737K(1101824K)
[1039.277s][info ][gc           ] GC(1111) Pause Young (Allocation Failure) 599M->364M(852M) 4.256ms
[1039.277s][info ][gc,cpu       ] GC(1111) User=0.01s Sys=0.00s Real=0.01s
[1039.277s][info ][safepoint    ] Leaving safepoint region
[1039.277s][info ][safepoint    ] Total time for which application threads were stopped: 0.0044194 seconds, Stopping threads took: 0.0000143 seconds
[1040.278s][info ][safepoint    ] Application time: 1.0000952 seconds
[1040.278s][info ][safepoint    ] Entering safepoint region: Cleanup
[1040.278s][info ][safepoint    ] Leaving safepoint region
[1040.278s][info ][safepoint    ] Total time for which application threads were stopped: 0.0001038 seconds, Stopping threads took: 0.0000346 seconds
[1040.304s][info ][safepoint    ] Application time: 0.0257682 seconds
[1040.304s][info ][safepoint    ] Entering safepoint region: GenCollectForAllocation
[1040.304s][info ][gc,start     ] GC(1112) Pause Young (Allocation Failure)
[1040.304s][info ][gc,task      ] GC(1112) Using 4 workers of 4 for evacuation
[1040.308s][debug][gc,ref       ] GC(1112) Skipped phase1 of Reference Processing due to unavailable references
[1040.308s][debug][gc,ref       ] GC(1112) Skipped phase2 of Reference Processing due to unavailable references
[1040.308s][debug][gc,ref       ] GC(1112) Skipped phase3 of Reference Processing due to unavailable references
[1040.308s][debug][gc,ref       ] GC(1112) Skipped phase4 of Reference Processing due to unavailable references
[1040.308s][debug][gc,age       ] GC(1112) Desired survivor size 15400960 bytes, new threshold 6 (max threshold 6)
[1040.308s][info ][gc,heap      ] GC(1112) ParNew: 243905K->3371K(270976K)
[1040.308s][info ][gc,heap      ] GC(1112) CMS: 370235K->370272K(602112K)
[1040.308s][info ][gc,metaspace ] GC(1112) Metaspace: 57737K->57737K(1101824K)
[1040.308s][info ][gc           ] GC(1112) Pause Young (Allocation Failure) 599M->364M(852M) 4.160ms
[1040.308s][info ][gc,cpu       ] GC(1112) User=0.02s Sys=0.00s Real=0.00s
[1040.308s][info ][safepoint    ] Leaving safepoint region
[1040.308s][info ][safepoint    ] Total time for which application threads were stopped: 0.0043661 seconds, Stopping threads took: 0.0000622 seconds
[1041.308s][info ][safepoint    ] Application time: 1.0001181 seconds
[1041.308s][info ][safepoint    ] Entering safepoint region: Cleanup
[1041.308s][info ][safepoint    ] Leaving safepoint region
[1041.308s][info ][safepoint    ] Total time for which application threads were stopped: 0.0001411 seconds, Stopping threads took: 0.0000723 seconds
[1041.433s][info ][safepoint    ] Application time: 0.1247483 seconds
[1041.433s][info ][safepoint    ] Entering safepoint region: GenCollectForAllocation
[1041.433s][info ][gc,start     ] GC(1113) Pause Young (Allocation Failure)
[1041.433s][info ][gc,task      ] GC(1113) Using 4 workers of 4 for evacuation
[1041.437s][debug][gc,ref       ] GC(1113) Skipped phase1 of Reference Processing due to unavailable references
[1041.437s][debug][gc,ref       ] GC(1113) Skipped phase2 of Reference Processing due to unavailable references
[1041.437s][debug][gc,ref       ] GC(1113) Skipped phase3 of Reference Processing due to unavailable references
[1041.437s][debug][gc,ref       ] GC(1113) Skipped phase4 of Reference Processing due to unavailable references
[1041.437s][debug][gc,age       ] GC(1113) Desired survivor size 15400960 bytes, new threshold 6 (max threshold 6)
[1041.437s][info ][gc,heap      ] GC(1113) ParNew: 244267K->3298K(270976K)
[1041.437s][info ][gc,heap      ] GC(1113) CMS: 370272K->370320K(602112K)
[1041.437s][info ][gc,metaspace ] GC(1113) Metaspace: 57737K->57737K(1101824K)
[1041.437s][info ][gc           ] GC(1113) Pause Young (Allocation Failure) 600M->364M(852M) 4.054ms
[1041.437s][info ][gc,cpu       ] GC(1113) User=0.02s Sys=0.00s Real=0.01s
[1041.437s][info ][safepoint    ] Leaving safepoint region
[1041.437s][info ][safepoint    ] Total time for which application threads were stopped: 0.0042075 seconds, Stopping threads took: 0.0000150 seconds
[1042.520s][info ][safepoint    ] Application time: 1.0832303 seconds
[1042.520s][info ][safepoint    ] Entering safepoint region: GenCollectForAllocation
[1042.521s][info ][gc,start     ] GC(1114) Pause Young (Allocation Failure)
[1042.521s][info ][gc,task      ] GC(1114) Using 4 workers of 4 for evacuation
[1042.525s][debug][gc,ref       ] GC(1114) Skipped phase1 of Reference Processing due to unavailable references
[1042.525s][debug][gc,ref       ] GC(1114) Skipped phase2 of Reference Processing due to unavailable references
[1042.525s][debug][gc,ref       ] GC(1114) Skipped phase3 of Reference Processing due to unavailable references
[1042.525s][debug][gc,ref       ] GC(1114) Skipped phase4 of Reference Processing due to unavailable references
[1042.525s][debug][gc,age       ] GC(1114) Desired survivor size 15400960 bytes, new threshold 6 (max threshold 6)
[1042.525s][info ][gc,heap      ] GC(1114) ParNew: 244194K->2611K(270976K)
[1042.525s][info ][gc,heap      ] GC(1114) CMS: 370320K->370366K(602112K)
[1042.525s][info ][gc,metaspace ] GC(1114) Metaspace: 57737K->57737K(1101824K)
[1042.525s][info ][gc           ] GC(1114) Pause Young (Allocation Failure) 600M->364M(852M) 4.420ms
[1042.525s][info ][gc,cpu       ] GC(1114) User=0.01s Sys=0.00s Real=0.01s
[1042.525s][info ][safepoint    ] Leaving safepoint region
[1042.525s][info ][safepoint    ] Total time for which application threads were stopped: 0.0045851 seconds, Stopping threads took: 0.0000159 seconds
[1043.681s][info ][safepoint    ] Application time: 1.1563222 seconds
[1043.681s][info ][safepoint    ] Entering safepoint region: GenCollectForAllocation
[1043.682s][info ][gc,start     ] GC(1115) Pause Young (Allocation Failure)
[1043.682s][info ][gc,task      ] GC(1115) Using 4 workers of 4 for evacuation
[1043.686s][debug][gc,ref       ] GC(1115) Skipped phase1 of Reference Processing due to unavailable references
[1043.686s][debug][gc,ref       ] GC(1115) Skipped phase2 of Reference Processing due to unavailable references
[1043.686s][debug][gc,ref       ] GC(1115) Skipped phase3 of Reference Processing due to unavailable references
[1043.686s][debug][gc,ref       ] GC(1115) Skipped phase4 of Reference Processing due to unavailable references
[1043.686s][debug][gc,age       ] GC(1115) Desired survivor size 15400960 bytes, new threshold 6 (max threshold 6)
[1043.686s][info ][gc,heap      ] GC(1115) ParNew: 243507K->3158K(270976K)
[1043.686s][info ][gc,heap      ] GC(1115) CMS: 370366K->370499K(602112K)
[1043.686s][info ][gc,metaspace ] GC(1115) Metaspace: 57737K->57737K(1101824K)
[1043.686s][info ][gc           ] GC(1115) Pause Young (Allocation Failure) 599M->364M(852M) 4.325ms
[1043.686s][info ][gc,cpu       ] GC(1115) User=0.01s Sys=0.00s Real=0.01s
[1043.686s][info ][safepoint    ] Leaving safepoint region
[1043.686s][info ][safepoint    ] Total time for which application threads were stopped: 0.0044718 seconds, Stopping threads took: 0.0000149 seconds
[1044.686s][info ][safepoint    ] Application time: 1.0001778 seconds
[1044.686s][info ][safepoint    ] Entering safepoint region: Cleanup
[1044.686s][info ][safepoint    ] Leaving safepoint region
[1044.686s][info ][safepoint    ] Total time for which application threads were stopped: 0.0001318 seconds, Stopping threads took: 0.0000538 seconds
[1044.860s][info ][safepoint    ] Application time: 0.1741315 seconds
[1044.860s][info ][safepoint    ] Entering safepoint region: GenCollectForAllocation
[1044.861s][info ][gc,start     ] GC(1116) Pause Young (Allocation Failure)
[1044.861s][info ][gc,task      ] GC(1116) Using 4 workers of 4 for evacuation
[1044.865s][debug][gc,ref       ] GC(1116) Skipped phase1 of Reference Processing due to unavailable references
[1044.865s][debug][gc,ref       ] GC(1116) Skipped phase2 of Reference Processing due to unavailable references
[1044.865s][debug][gc,ref       ] GC(1116) Skipped phase3 of Reference Processing due to unavailable references
[1044.865s][debug][gc,ref       ] GC(1116) Skipped phase4 of Reference Processing due to unavailable references
[1044.865s][debug][gc,age       ] GC(1116) Desired survivor size 15400960 bytes, new threshold 6 (max threshold 6)
[1044.865s][info ][gc,heap      ] GC(1116) ParNew: 244054K->2627K(270976K)
[1044.865s][info ][gc,heap      ] GC(1116) CMS: 370499K->370632K(602112K)
[1044.865s][info ][gc,metaspace ] GC(1116) Metaspace: 57737K->57737K(1101824K)
[1044.865s][info ][gc           ] GC(1116) Pause Young (Allocation Failure) 600M->364M(852M) 4.256ms
[1044.865s][info ][gc,cpu       ] GC(1116) User=0.02s Sys=0.00s Real=0.01s
[1044.865s][info ][safepoint    ] Leaving safepoint region
[1044.865s][info ][safepoint    ] Total time for which application threads were stopped: 0.0043999 seconds, Stopping threads took: 0.0000150 seconds
[1045.979s][info ][safepoint    ] Application time: 1.1139353 seconds
[1045.979s][info ][safepoint    ] Entering safepoint region: GenCollectForAllocation
[1045.979s][info ][gc,start     ] GC(1117) Pause Young (Allocation Failure)
[1045.979s][info ][gc,task      ] GC(1117) Using 4 workers of 4 for evacuation
[1045.983s][debug][gc,ref       ] GC(1117) Skipped phase1 of Reference Processing due to unavailable references
[1045.983s][debug][gc,ref       ] GC(1117) Skipped phase2 of Reference Processing due to unavailable references
[1045.983s][debug][gc,ref       ] GC(1117) Skipped phase3 of Reference Processing due to unavailable references
[1045.983s][debug][gc,ref       ] GC(1117) Skipped phase4 of Reference Processing due to unavailable references
[1045.983s][debug][gc,age       ] GC(1117) Desired survivor size 15400960 bytes, new threshold 6 (max threshold 6)
[1045.983s][info ][gc,heap      ] GC(1117) ParNew: 243523K->2683K(270976K)
[1045.983s][info ][gc,heap      ] GC(1117) CMS: 370632K->370748K(602112K)
[1045.983s][info ][gc,metaspace ] GC(1117) Metaspace: 57737K->57737K(1101824K)
[1045.983s][info ][gc           ] GC(1117) Pause Young (Allocation Failure) 599M->364M(852M) 4.300ms
[1045.983s][info ][gc,cpu       ] GC(1117) User=0.02s Sys=0.00s Real=0.00s
[1045.983s][info ][safepoint    ] Leaving safepoint region
[1045.983s][info ][safepoint    ] Total time for which application threads were stopped: 0.0044590 seconds, Stopping threads took: 0.0000157 seconds
[1047.052s][info ][safepoint    ] Application time: 1.0683317 seconds
[1047.052s][info ][safepoint    ] Entering safepoint region: GenCollectForAllocation
[1047.052s][info ][gc,start     ] GC(1118) Pause Young (Allocation Failure)
[1047.052s][info ][gc,task      ] GC(1118) Using 4 workers of 4 for evacuation
[1047.056s][debug][gc,ref       ] GC(1118) Skipped phase1 of Reference Processing due to unavailable references
[1047.056s][debug][gc,ref       ] GC(1118) Skipped phase2 of Reference Processing due to unavailable references
[1047.056s][debug][gc,ref       ] GC(1118) Skipped phase3 of Reference Processing due to unavailable references
[1047.056s][debug][gc,ref       ] GC(1118) Skipped phase4 of Reference Processing due to unavailable references
[1047.056s][debug][gc,age       ] GC(1118) Desired survivor size 15400960 bytes, new threshold 6 (max threshold 6)
[1047.056s][info ][gc,heap      ] GC(1118) ParNew: 243579K->3521K(270976K)
[1047.056s][info ][gc,heap      ] GC(1118) CMS: 370748K->370801K(602112K)
[1047.056s][info ][gc,metaspace ] GC(1118) Metaspace: 57738K->57738K(1101824K)
[1047.056s][info ][gc           ] GC(1118) Pause Young (Allocation Failure) 599M->365M(852M) 4.404ms
[1047.056s][info ][gc,cpu       ] GC(1118) User=0.02s Sys=0.00s Real=0.01s
[1047.056s][info ][safepoint    ] Leaving safepoint region
[1047.056s][info ][safepoint    ] Total time for which application threads were stopped: 0.0045589 seconds, Stopping threads took: 0.0000342 seconds
[1048.175s][info ][safepoint    ] Application time: 1.1184338 seconds
[1048.175s][info ][safepoint    ] Entering safepoint region: GenCollectForAllocation
[1048.175s][info ][gc,start     ] GC(1119) Pause Young (Allocation Failure)
[1048.175s][info ][gc,task      ] GC(1119) Using 4 workers of 4 for evacuation
[1048.179s][debug][gc,ref       ] GC(1119) Skipped phase1 of Reference Processing due to unavailable references
[1048.179s][debug][gc,ref       ] GC(1119) Skipped phase2 of Reference Processing due to unavailable references
[1048.179s][debug][gc,ref       ] GC(1119) Skipped phase3 of Reference Processing due to unavailable references
[1048.179s][debug][gc,ref       ] GC(1119) Skipped phase4 of Reference Processing due to unavailable references
[1048.179s][debug][gc,age       ] GC(1119) Desired survivor size 15400960 bytes, new threshold 6 (max threshold 6)
[1048.179s][info ][gc,heap      ] GC(1119) ParNew: 244417K->3191K(270976K)
[1048.179s][info ][gc,heap      ] GC(1119) CMS: 370801K->370904K(602112K)
[1048.179s][info ][gc,metaspace ] GC(1119) Metaspace: 57738K->57738K(1101824K)
[1048.179s][info ][gc           ] GC(1119) Pause Young (Allocation Failure) 600M->365M(852M) 4.290ms
[1048.179s][info ][gc,cpu       ] GC(1119) User=0.01s Sys=0.00s Real=0.01s
[1048.179s][info ][safepoint    ] Leaving safepoint region
[1048.179s][info ][safepoint    ] Total time for which application threads were stopped: 0.0044532 seconds, Stopping threads took: 0.0000151 seconds
[1049.361s][info ][safepoint    ] Application time: 1.1823781 seconds
[1049.362s][info ][safepoint    ] Entering safepoint region: GenCollectForAllocation
[1049.362s][info ][gc,start     ] GC(1120) Pause Young (Allocation Failure)
[1049.362s][info ][gc,task      ] GC(1120) Using 4 workers of 4 for evacuation
[1049.367s][debug][gc,ref       ] GC(1120) Skipped phase1 of Reference Processing due to unavailable references
[1049.367s][debug][gc,ref       ] GC(1120) Skipped phase2 of Reference Processing due to unavailable references
[1049.367s][debug][gc,ref       ] GC(1120) Skipped phase3 of Reference Processing due to unavailable references
[1049.367s][debug][gc,ref       ] GC(1120) Skipped phase4 of Reference Processing due to unavailable references
[1049.367s][debug][gc,age       ] GC(1120) Desired survivor size 15400960 bytes, new threshold 6 (max threshold 6)
[1049.367s][info ][gc,heap      ] GC(1120) ParNew: 244087K->3207K(270976K)
[1049.367s][info ][gc,heap      ] GC(1120) CMS: 370904K->371096K(602112K)
[1049.367s][info ][gc,metaspace ] GC(1120) Metaspace: 57738K->57738K(1101824K)
[1049.367s][info ][gc           ] GC(1120) Pause Young (Allocation Failure) 600M->365M(852M) 5.132ms
[1049.367s][info ][gc,cpu       ] GC(1120) User=0.02s Sys=0.00s Real=0.01s
[1049.367s][info ][safepoint    ] Leaving safepoint region
[1049.367s][info ][safepoint    ] Total time for which application threads were stopped: 0.0052982 seconds, Stopping threads took: 0.0000183 seconds
[1050.446s][info ][safepoint    ] Application time: 1.0788947 seconds
[1050.446s][info ][safepoint    ] Entering safepoint region: GenCollectForAllocation
[1050.446s][info ][gc,start     ] GC(1121) Pause Young (Allocation Failure)
[1050.446s][info ][gc,task      ] GC(1121) Using 4 workers of 4 for evacuation
[1050.450s][debug][gc,ref       ] GC(1121) Skipped phase1 of Reference Processing due to unavailable references
[1050.450s][debug][gc,ref       ] GC(1121) Skipped phase2 of Reference Processing due to unavailable references
[1050.450s][debug][gc,ref       ] GC(1121) Skipped phase3 of Reference Processing due to unavailable references
[1050.450s][debug][gc,ref       ] GC(1121) Skipped phase4 of Reference Processing due to unavailable references
[1050.450s][debug][gc,age       ] GC(1121) Desired survivor size 15400960 bytes, new threshold 6 (max threshold 6)
[1050.450s][info ][gc,heap      ] GC(1121) ParNew: 244103K->3747K(270976K)
[1050.450s][info ][gc,heap      ] GC(1121) CMS: 371096K->371164K(602112K)
[1050.450s][info ][gc,metaspace ] GC(1121) Metaspace: 57738K->57738K(1101824K)
[1050.450s][info ][gc           ] GC(1121) Pause Young (Allocation Failure) 600M->366M(852M) 4.294ms
[1050.450s][info ][gc,cpu       ] GC(1121) User=0.02s Sys=0.00s Real=0.00s
[1050.450s][info ][safepoint    ] Leaving safepoint region
[1050.450s][info ][safepoint    ] Total time for which application threads were stopped: 0.0044437 seconds, Stopping threads took: 0.0000146 seconds
[1051.450s][info ][safepoint    ] Application time: 1.0000909 seconds
[1051.450s][info ][safepoint    ] Entering safepoint region: Cleanup
[1051.450s][info ][safepoint    ] Leaving safepoint region
[1051.450s][info ][safepoint    ] Total time for which application threads were stopped: 0.0001648 seconds, Stopping threads took: 0.0000789 seconds
[1051.506s][info ][safepoint    ] Application time: 0.0559244 seconds
[1051.506s][info ][safepoint    ] Entering safepoint region: GenCollectForAllocation
[1051.507s][info ][gc,start     ] GC(1122) Pause Young (Allocation Failure)
[1051.507s][info ][gc,task      ] GC(1122) Using 4 workers of 4 for evacuation
[1051.511s][debug][gc,ref       ] GC(1122) Skipped phase1 of Reference Processing due to unavailable references
[1051.511s][debug][gc,ref       ] GC(1122) Skipped phase2 of Reference Processing due to unavailable references
[1051.511s][debug][gc,ref       ] GC(1122) Skipped phase3 of Reference Processing due to unavailable references
[1051.511s][debug][gc,ref       ] GC(1122) Skipped phase4 of Reference Processing due to unavailable references
[1051.511s][debug][gc,age       ] GC(1122) Desired survivor size 15400960 bytes, new threshold 6 (max threshold 6)
[1051.511s][info ][gc,heap      ] GC(1122) ParNew: 244643K->3957K(270976K)
[1051.511s][info ][gc,heap      ] GC(1122) CMS: 371164K->371210K(602112K)
[1051.511s][info ][gc,metaspace ] GC(1122) Metaspace: 57738K->57738K(1101824K)
[1051.511s][info ][gc           ] GC(1122) Pause Young (Allocation Failure) 601M->366M(852M) 4.691ms
[1051.511s][info ][gc,cpu       ] GC(1122) User=0.02s Sys=0.00s Real=0.00s
[1051.511s][info ][safepoint    ] Leaving safepoint region
[1051.511s][info ][safepoint    ] Total time for which application threads were stopped: 0.0048869 seconds, Stopping threads took: 0.0000684 seconds
[1052.511s][info ][safepoint    ] Application time: 1.0001026 seconds
[1052.512s][info ][safepoint    ] Entering safepoint region: Cleanup
[1052.512s][info ][safepoint    ] Leaving safepoint region
[1052.512s][info ][safepoint    ] Total time for which application threads were stopped: 0.0007400 seconds, Stopping threads took: 0.0006578 seconds
[1052.565s][info ][safepoint    ] Application time: 0.0527535 seconds
[1052.565s][info ][safepoint    ] Entering safepoint region: GenCollectForAllocation
[1052.565s][info ][gc,start     ] GC(1123) Pause Young (Allocation Failure)
[1052.565s][info ][gc,task      ] GC(1123) Using 4 workers of 4 for evacuation
[1052.569s][debug][gc,ref       ] GC(1123) Skipped phase1 of Reference Processing due to unavailable references
[1052.569s][debug][gc,ref       ] GC(1123) Skipped phase2 of Reference Processing due to unavailable references
[1052.569s][debug][gc,ref       ] GC(1123) Skipped phase3 of Reference Processing due to unavailable references
[1052.569s][debug][gc,ref       ] GC(1123) Skipped phase4 of Reference Processing due to unavailable references
[1052.570s][debug][gc,age       ] GC(1123) Desired survivor size 15400960 bytes, new threshold 6 (max threshold 6)
[1052.570s][info ][gc,heap      ] GC(1123) ParNew: 244853K->3338K(270976K)
[1052.570s][info ][gc,heap      ] GC(1123) CMS: 371210K->371238K(602112K)
[1052.570s][info ][gc,metaspace ] GC(1123) Metaspace: 57738K->57738K(1101824K)
[1052.570s][info ][gc           ] GC(1123) Pause Young (Allocation Failure) 601M->365M(852M) 4.470ms
[1052.570s][info ][gc,cpu       ] GC(1123) User=0.02s Sys=0.00s Real=0.00s
[1052.570s][info ][safepoint    ] Leaving safepoint region
[1052.570s][info ][safepoint    ] Total time for which application threads were stopped: 0.0046236 seconds, Stopping threads took: 0.0000137 seconds
[1053.703s][info ][safepoint    ] Application time: 1.1336982 seconds
[1053.703s][info ][safepoint    ] Entering safepoint region: GenCollectForAllocation
[1053.704s][info ][gc,start     ] GC(1124) Pause Young (Allocation Failure)
[1053.704s][info ][gc,task      ] GC(1124) Using 4 workers of 4 for evacuation
[1053.708s][debug][gc,ref       ] GC(1124) Skipped phase1 of Reference Processing due to unavailable references
[1053.708s][debug][gc,ref       ] GC(1124) Skipped phase2 of Reference Processing due to unavailable references
[1053.708s][debug][gc,ref       ] GC(1124) Skipped phase3 of Reference Processing due to unavailable references
[1053.708s][debug][gc,ref       ] GC(1124) Skipped phase4 of Reference Processing due to unavailable references
[1053.708s][debug][gc,age       ] GC(1124) Desired survivor size 15400960 bytes, new threshold 6 (max threshold 6)
[1053.708s][info ][gc,heap      ] GC(1124) ParNew: 244234K->3687K(270976K)
[1053.708s][info ][gc,heap      ] GC(1124) CMS: 371238K->371412K(602112K)
[1053.708s][info ][gc,metaspace ] GC(1124) Metaspace: 57738K->57738K(1101824K)
[1053.708s][info ][gc           ] GC(1124) Pause Young (Allocation Failure) 601M->366M(852M) 4.176ms
[1053.708s][info ][gc,cpu       ] GC(1124) User=0.01s Sys=0.00s Real=0.00s
[1053.708s][info ][safepoint    ] Leaving safepoint region
[1053.708s][info ][safepoint    ] Total time for which application threads were stopped: 0.0044013 seconds, Stopping threads took: 0.0000898 seconds
[1054.706s][info ][safepoint    ] Application time: 0.9983151 seconds
[1054.706s][info ][safepoint    ] Entering safepoint region: GenCollectForAllocation
[1054.706s][info ][gc,start     ] GC(1125) Pause Young (Allocation Failure)
[1054.706s][info ][gc,task      ] GC(1125) Using 4 workers of 4 for evacuation
[1054.711s][debug][gc,ref       ] GC(1125) Skipped phase1 of Reference Processing due to unavailable references
[1054.711s][debug][gc,ref       ] GC(1125) Skipped phase2 of Reference Processing due to unavailable references
[1054.711s][debug][gc,ref       ] GC(1125) Skipped phase3 of Reference Processing due to unavailable references
[1054.711s][debug][gc,ref       ] GC(1125) Skipped phase4 of Reference Processing due to unavailable references
[1054.712s][debug][gc,age       ] GC(1125) Desired survivor size 15400960 bytes, new threshold 6 (max threshold 6)
[1054.712s][info ][gc,heap      ] GC(1125) ParNew: 244583K->3413K(270976K)
[1054.712s][info ][gc,heap      ] GC(1125) CMS: 371412K->371546K(602112K)
[1054.712s][info ][gc,metaspace ] GC(1125) Metaspace: 57738K->57738K(1101824K)
[1054.712s][info ][gc           ] GC(1125) Pause Young (Allocation Failure) 601M->366M(852M) 5.338ms
[1054.712s][info ][gc,cpu       ] GC(1125) User=0.02s Sys=0.00s Real=0.00s
[1054.712s][info ][safepoint    ] Leaving safepoint region
[1054.712s][info ][safepoint    ] Total time for which application threads were stopped: 0.0054826 seconds, Stopping threads took: 0.0000141 seconds
[1055.763s][info ][safepoint    ] Application time: 1.0516704 seconds
[1055.763s][info ][safepoint    ] Entering safepoint region: GenCollectForAllocation
[1055.763s][info ][gc,start     ] GC(1126) Pause Young (Allocation Failure)
[1055.763s][info ][gc,task      ] GC(1126) Using 4 workers of 4 for evacuation
[1055.768s][debug][gc,ref       ] GC(1126) Skipped phase1 of Reference Processing due to unavailable references
[1055.768s][debug][gc,ref       ] GC(1126) Skipped phase2 of Reference Processing due to unavailable references
[1055.768s][debug][gc,ref       ] GC(1126) Skipped phase3 of Reference Processing due to unavailable references
[1055.768s][debug][gc,ref       ] GC(1126) Skipped phase4 of Reference Processing due to unavailable references
[1055.768s][debug][gc,age       ] GC(1126) Desired survivor size 15400960 bytes, new threshold 6 (max threshold 6)
[1055.768s][info ][gc,heap      ] GC(1126) ParNew: 244309K->4042K(270976K)
[1055.768s][info ][gc,heap      ] GC(1126) CMS: 371546K->371653K(602112K)
[1055.768s][info ][gc,metaspace ] GC(1126) Metaspace: 57738K->57738K(1101824K)
[1055.768s][info ][gc           ] GC(1126) Pause Young (Allocation Failure) 601M->366M(852M) 4.430ms
[1055.768s][info ][gc,cpu       ] GC(1126) User=0.01s Sys=0.00s Real=0.00s
[1055.768s][info ][safepoint    ] Leaving safepoint region
[1055.768s][info ][safepoint    ] Total time for which application threads were stopped: 0.0045983 seconds, Stopping threads took: 0.0000146 seconds
[1056.776s][info ][safepoint    ] Application time: 1.0079047 seconds
[1056.776s][info ][safepoint    ] Entering safepoint region: GenCollectForAllocation
[1056.776s][info ][gc,start     ] GC(1127) Pause Young (Allocation Failure)
[1056.776s][info ][gc,task      ] GC(1127) Using 4 workers of 4 for evacuation
[1056.780s][debug][gc,ref       ] GC(1127) Skipped phase1 of Reference Processing due to unavailable references
[1056.780s][debug][gc,ref       ] GC(1127) Skipped phase2 of Reference Processing due to unavailable references
[1056.780s][debug][gc,ref       ] GC(1127) Skipped phase3 of Reference Processing due to unavailable references
[1056.780s][debug][gc,ref       ] GC(1127) Skipped phase4 of Reference Processing due to unavailable references
[1056.780s][debug][gc,age       ] GC(1127) Desired survivor size 15400960 bytes, new threshold 6 (max threshold 6)
[1056.780s][info ][gc,heap      ] GC(1127) ParNew: 244938K->4168K(270976K)
[1056.780s][info ][gc,heap      ] GC(1127) CMS: 371653K->371786K(602112K)
[1056.780s][info ][gc,metaspace ] GC(1127) Metaspace: 57738K->57738K(1101824K)
[1056.780s][info ][gc           ] GC(1127) Pause Young (Allocation Failure) 602M->367M(852M) 4.267ms
[1056.780s][info ][gc,cpu       ] GC(1127) User=0.02s Sys=0.00s Real=0.00s
[1056.780s][info ][safepoint    ] Leaving safepoint region
[1056.780s][info ][safepoint    ] Total time for which application threads were stopped: 0.0044238 seconds, Stopping threads took: 0.0000156 seconds
[1057.958s][info ][safepoint    ] Application time: 1.1775168 seconds
[1057.958s][info ][safepoint    ] Entering safepoint region: GenCollectForAllocation
[1057.958s][info ][gc,start     ] GC(1128) Pause Young (Allocation Failure)
[1057.958s][info ][gc,task      ] GC(1128) Using 4 workers of 4 for evacuation
[1057.963s][debug][gc,ref       ] GC(1128) Skipped phase1 of Reference Processing due to unavailable references
[1057.963s][debug][gc,ref       ] GC(1128) Skipped phase2 of Reference Processing due to unavailable references
[1057.963s][debug][gc,ref       ] GC(1128) Skipped phase3 of Reference Processing due to unavailable references
[1057.963s][debug][gc,ref       ] GC(1128) Skipped phase4 of Reference Processing due to unavailable references
[1057.963s][debug][gc,age       ] GC(1128) Desired survivor size 15400960 bytes, new threshold 6 (max threshold 6)
[1057.963s][info ][gc,heap      ] GC(1128) ParNew: 245064K->2990K(270976K)
[1057.963s][info ][gc,heap      ] GC(1128) CMS: 371786K->371845K(602112K)
[1057.963s][info ][gc,metaspace ] GC(1128) Metaspace: 57739K->57739K(1101824K)
[1057.963s][info ][gc           ] GC(1128) Pause Young (Allocation Failure) 602M->366M(852M) 4.797ms
[1057.963s][info ][gc,cpu       ] GC(1128) User=0.02s Sys=0.00s Real=0.00s
[1057.963s][info ][safepoint    ] Leaving safepoint region
[1057.963s][info ][safepoint    ] Total time for which application threads were stopped: 0.0049649 seconds, Stopping threads took: 0.0000146 seconds
[1059.068s][info ][safepoint    ] Application time: 1.1049537 seconds
[1059.068s][info ][safepoint    ] Entering safepoint region: GenCollectForAllocation
[1059.068s][info ][gc,start     ] GC(1129) Pause Young (Allocation Failure)
[1059.068s][info ][gc,task      ] GC(1129) Using 4 workers of 4 for evacuation
[1059.072s][debug][gc,ref       ] GC(1129) Skipped phase1 of Reference Processing due to unavailable references
[1059.072s][debug][gc,ref       ] GC(1129) Skipped phase2 of Reference Processing due to unavailable references
[1059.072s][debug][gc,ref       ] GC(1129) Skipped phase3 of Reference Processing due to unavailable references
[1059.072s][debug][gc,ref       ] GC(1129) Skipped phase4 of Reference Processing due to unavailable references
[1059.072s][debug][gc,age       ] GC(1129) Desired survivor size 15400960 bytes, new threshold 6 (max threshold 6)
[1059.072s][info ][gc,heap      ] GC(1129) ParNew: 243886K->3333K(270976K)
[1059.072s][info ][gc,heap      ] GC(1129) CMS: 371845K->371920K(602112K)
[1059.072s][info ][gc,metaspace ] GC(1129) Metaspace: 57739K->57739K(1101824K)
[1059.072s][info ][gc           ] GC(1129) Pause Young (Allocation Failure) 601M->366M(852M) 4.272ms
[1059.072s][info ][gc,cpu       ] GC(1129) User=0.02s Sys=0.00s Real=0.00s
[1059.072s][info ][safepoint    ] Leaving safepoint region
[1059.072s][info ][safepoint    ] Total time for which application threads were stopped: 0.0044275 seconds, Stopping threads took: 0.0000141 seconds
[1060.263s][info ][safepoint    ] Application time: 1.1907462 seconds
[1060.263s][info ][safepoint    ] Entering safepoint region: GenCollectForAllocation
[1060.263s][info ][gc,start     ] GC(1130) Pause Young (Allocation Failure)
[1060.263s][info ][gc,task      ] GC(1130) Using 4 workers of 4 for evacuation
[1060.273s][debug][gc,ref       ] GC(1130) Skipped phase1 of Reference Processing due to unavailable references
[1060.273s][debug][gc,ref       ] GC(1130) Skipped phase2 of Reference Processing due to unavailable references
[1060.273s][debug][gc,ref       ] GC(1130) Skipped phase3 of Reference Processing due to unavailable references
[1060.273s][debug][gc,ref       ] GC(1130) Skipped phase4 of Reference Processing due to unavailable references
[1060.274s][debug][gc,age       ] GC(1130) Desired survivor size 15400960 bytes, new threshold 6 (max threshold 6)
[1060.274s][info ][gc,heap      ] GC(1130) ParNew: 244229K->3422K(270976K)
[1060.274s][info ][gc,heap      ] GC(1130) CMS: 371920K->372008K(602112K)
[1060.274s][info ][gc,metaspace ] GC(1130) Metaspace: 57739K->57739K(1101824K)
[1060.274s][info ][gc           ] GC(1130) Pause Young (Allocation Failure) 601M->366M(852M) 10.502ms
[1060.274s][info ][gc,cpu       ] GC(1130) User=0.01s Sys=0.00s Real=0.01s
[1060.274s][info ][safepoint    ] Leaving safepoint region
[1060.274s][info ][safepoint    ] Total time for which application threads were stopped: 0.0106524 seconds, Stopping threads took: 0.0000155 seconds
[1061.265s][info ][safepoint    ] Application time: 0.9916604 seconds
[1061.265s][info ][safepoint    ] Entering safepoint region: GenCollectForAllocation
[1061.265s][info ][gc,start     ] GC(1131) Pause Young (Allocation Failure)
[1061.265s][info ][gc,task      ] GC(1131) Using 4 workers of 4 for evacuation
[1061.269s][debug][gc,ref       ] GC(1131) Skipped phase1 of Reference Processing due to unavailable references
[1061.269s][debug][gc,ref       ] GC(1131) Skipped phase2 of Reference Processing due to unavailable references
[1061.269s][debug][gc,ref       ] GC(1131) Skipped phase3 of Reference Processing due to unavailable references
[1061.269s][debug][gc,ref       ] GC(1131) Skipped phase4 of Reference Processing due to unavailable references
[1061.270s][debug][gc,age       ] GC(1131) Desired survivor size 15400960 bytes, new threshold 6 (max threshold 6)
[1061.270s][info ][gc,heap      ] GC(1131) ParNew: 244318K->2740K(270976K)
[1061.270s][info ][gc,heap      ] GC(1131) CMS: 372008K->372044K(602112K)
[1061.270s][info ][gc,metaspace ] GC(1131) Metaspace: 57740K->57740K(1101824K)
[1061.270s][info ][gc           ] GC(1131) Pause Young (Allocation Failure) 601M->366M(852M) 4.192ms
[1061.270s][info ][gc,cpu       ] GC(1131) User=0.01s Sys=0.00s Real=0.00s
[1061.270s][info ][safepoint    ] Leaving safepoint region
[1061.270s][info ][safepoint    ] Total time for which application threads were stopped: 0.0043358 seconds, Stopping threads took: 0.0000140 seconds
[1062.393s][info ][safepoint    ] Application time: 1.1231257 seconds
[1062.393s][info ][safepoint    ] Entering safepoint region: GenCollectForAllocation
[1062.393s][info ][gc,start     ] GC(1132) Pause Young (Allocation Failure)
[1062.393s][info ][gc,task      ] GC(1132) Using 4 workers of 4 for evacuation
[1062.397s][debug][gc,ref       ] GC(1132) Skipped phase1 of Reference Processing due to unavailable references
[1062.397s][debug][gc,ref       ] GC(1132) Skipped phase2 of Reference Processing due to unavailable references
[1062.397s][debug][gc,ref       ] GC(1132) Skipped phase3 of Reference Processing due to unavailable references
[1062.397s][debug][gc,ref       ] GC(1132) Skipped phase4 of Reference Processing due to unavailable references
[1062.397s][debug][gc,age       ] GC(1132) Desired survivor size 15400960 bytes, new threshold 6 (max threshold 6)
[1062.397s][info ][gc,heap      ] GC(1132) ParNew: 243636K->3582K(270976K)
[1062.397s][info ][gc,heap      ] GC(1132) CMS: 372044K->372099K(602112K)
[1062.397s][info ][gc,metaspace ] GC(1132) Metaspace: 57740K->57740K(1101824K)
[1062.397s][info ][gc           ] GC(1132) Pause Young (Allocation Failure) 601M->366M(852M) 4.380ms
[1062.397s][info ][gc,cpu       ] GC(1132) User=0.01s Sys=0.01s Real=0.01s
[1062.397s][info ][safepoint    ] Leaving safepoint region
[1062.397s][info ][safepoint    ] Total time for which application threads were stopped: 0.0045368 seconds, Stopping threads took: 0.0000304 seconds
[1063.519s][info ][safepoint    ] Application time: 1.1218746 seconds
[1063.519s][info ][safepoint    ] Entering safepoint region: GenCollectForAllocation
[1063.519s][info ][gc,start     ] GC(1133) Pause Young (Allocation Failure)
[1063.519s][info ][gc,task      ] GC(1133) Using 4 workers of 4 for evacuation
[1063.523s][debug][gc,ref       ] GC(1133) Skipped phase1 of Reference Processing due to unavailable references
[1063.523s][debug][gc,ref       ] GC(1133) Skipped phase2 of Reference Processing due to unavailable references
[1063.523s][debug][gc,ref       ] GC(1133) Skipped phase3 of Reference Processing due to unavailable references
[1063.523s][debug][gc,ref       ] GC(1133) Skipped phase4 of Reference Processing due to unavailable references
[1063.524s][debug][gc,age       ] GC(1133) Desired survivor size 15400960 bytes, new threshold 6 (max threshold 6)
[1063.524s][info ][gc,heap      ] GC(1133) ParNew: 244478K->2899K(270976K)
[1063.524s][info ][gc,heap      ] GC(1133) CMS: 372099K->372142K(602112K)
[1063.524s][info ][gc,metaspace ] GC(1133) Metaspace: 57740K->57740K(1101824K)
[1063.524s][info ][gc           ] GC(1133) Pause Young (Allocation Failure) 602M->366M(852M) 4.139ms
[1063.524s][info ][gc,cpu       ] GC(1133) User=0.02s Sys=0.00s Real=0.01s
[1063.524s][info ][safepoint    ] Leaving safepoint region
[1063.524s][info ][safepoint    ] Total time for which application threads were stopped: 0.0043038 seconds, Stopping threads took: 0.0000282 seconds
[1064.576s][info ][safepoint    ] Application time: 1.0522863 seconds
[1064.576s][info ][safepoint    ] Entering safepoint region: GenCollectForAllocation
[1064.576s][info ][gc,start     ] GC(1134) Pause Young (Allocation Failure)
[1064.576s][info ][gc,task      ] GC(1134) Using 4 workers of 4 for evacuation
[1064.580s][debug][gc,ref       ] GC(1134) Skipped phase1 of Reference Processing due to unavailable references
[1064.580s][debug][gc,ref       ] GC(1134) Skipped phase2 of Reference Processing due to unavailable references
[1064.580s][debug][gc,ref       ] GC(1134) Skipped phase3 of Reference Processing due to unavailable references
[1064.580s][debug][gc,ref       ] GC(1134) Skipped phase4 of Reference Processing due to unavailable references
[1064.581s][debug][gc,age       ] GC(1134) Desired survivor size 15400960 bytes, new threshold 6 (max threshold 6)
[1064.581s][info ][gc,heap      ] GC(1134) ParNew: 243795K->3182K(270976K)
[1064.581s][info ][gc,heap      ] GC(1134) CMS: 372142K->372208K(602112K)
[1064.581s][info ][gc,metaspace ] GC(1134) Metaspace: 57740K->57740K(1101824K)
[1064.581s][info ][gc           ] GC(1134) Pause Young (Allocation Failure) 601M->366M(852M) 4.572ms
[1064.581s][info ][gc,cpu       ] GC(1134) User=0.02s Sys=0.00s Real=0.00s
[1064.581s][info ][safepoint    ] Leaving safepoint region
[1064.581s][info ][safepoint    ] Total time for which application threads were stopped: 0.0047184 seconds, Stopping threads took: 0.0000152 seconds
[1065.581s][info ][safepoint    ] Application time: 1.0000978 seconds
[1065.581s][info ][safepoint    ] Entering safepoint region: Cleanup
[1065.581s][info ][safepoint    ] Leaving safepoint region
[1065.581s][info ][safepoint    ] Total time for which application threads were stopped: 0.0001405 seconds, Stopping threads took: 0.0000633 seconds
[1065.665s][info ][safepoint    ] Application time: 0.0840463 seconds
[1065.665s][info ][safepoint    ] Entering safepoint region: GenCollectForAllocation
[1065.665s][info ][gc,start     ] GC(1135) Pause Young (Allocation Failure)
[1065.665s][info ][gc,task      ] GC(1135) Using 4 workers of 4 for evacuation
[1065.669s][debug][gc,ref       ] GC(1135) Skipped phase1 of Reference Processing due to unavailable references
[1065.669s][debug][gc,ref       ] GC(1135) Skipped phase2 of Reference Processing due to unavailable references
[1065.669s][debug][gc,ref       ] GC(1135) Skipped phase3 of Reference Processing due to unavailable references
[1065.669s][debug][gc,ref       ] GC(1135) Skipped phase4 of Reference Processing due to unavailable references
[1065.670s][debug][gc,age       ] GC(1135) Desired survivor size 15400960 bytes, new threshold 6 (max threshold 6)
[1065.670s][info ][gc,heap      ] GC(1135) ParNew: 244078K->3873K(270976K)
[1065.670s][info ][gc,heap      ] GC(1135) CMS: 372208K->372321K(602112K)
[1065.670s][info ][gc,metaspace ] GC(1135) Metaspace: 57740K->57740K(1101824K)
[1065.670s][info ][gc           ] GC(1135) Pause Young (Allocation Failure) 601M->367M(852M) 4.471ms
[1065.670s][info ][gc,cpu       ] GC(1135) User=0.01s Sys=0.00s Real=0.00s
[1065.670s][info ][safepoint    ] Leaving safepoint region
[1065.670s][info ][safepoint    ] Total time for which application threads were stopped: 0.0046287 seconds, Stopping threads took: 0.0000143 seconds
[1066.670s][info ][safepoint    ] Application time: 1.0001005 seconds
[1066.670s][info ][safepoint    ] Entering safepoint region: Cleanup
[1066.670s][info ][safepoint    ] Leaving safepoint region
[1066.670s][info ][safepoint    ] Total time for which application threads were stopped: 0.0001306 seconds, Stopping threads took: 0.0000666 seconds
[1066.758s][info ][safepoint    ] Application time: 0.0878003 seconds
[1066.758s][info ][safepoint    ] Entering safepoint region: GenCollectForAllocation
[1066.758s][info ][gc,start     ] GC(1136) Pause Young (Allocation Failure)
[1066.758s][info ][gc,task      ] GC(1136) Using 4 workers of 4 for evacuation
[1066.762s][debug][gc,ref       ] GC(1136) Skipped phase1 of Reference Processing due to unavailable references
[1066.762s][debug][gc,ref       ] GC(1136) Skipped phase2 of Reference Processing due to unavailable references
[1066.762s][debug][gc,ref       ] GC(1136) Skipped phase3 of Reference Processing due to unavailable references
[1066.762s][debug][gc,ref       ] GC(1136) Skipped phase4 of Reference Processing due to unavailable references
[1066.762s][debug][gc,age       ] GC(1136) Desired survivor size 15400960 bytes, new threshold 6 (max threshold 6)
[1066.762s][info ][gc,heap      ] GC(1136) ParNew: 244769K->2790K(270976K)
[1066.762s][info ][gc,heap      ] GC(1136) CMS: 372321K->372508K(602112K)
[1066.762s][info ][gc,metaspace ] GC(1136) Metaspace: 57740K->57740K(1101824K)
[1066.762s][info ][gc           ] GC(1136) Pause Young (Allocation Failure) 602M->366M(852M) 4.277ms
[1066.762s][info ][gc,cpu       ] GC(1136) User=0.01s Sys=0.00s Real=0.00s
[1066.762s][info ][safepoint    ] Leaving safepoint region
[1066.762s][info ][safepoint    ] Total time for which application threads were stopped: 0.0044221 seconds, Stopping threads took: 0.0000161 seconds
[1067.762s][info ][safepoint    ] Application time: 1.0000901 seconds
[1067.762s][info ][safepoint    ] Entering safepoint region: Cleanup
[1067.762s][info ][safepoint    ] Leaving safepoint region
[1067.762s][info ][safepoint    ] Total time for which application threads were stopped: 0.0001454 seconds, Stopping threads took: 0.0000813 seconds
[1067.871s][info ][safepoint    ] Application time: 0.1083841 seconds
[1067.871s][info ][safepoint    ] Entering safepoint region: GenCollectForAllocation
[1067.871s][info ][gc,start     ] GC(1137) Pause Young (Allocation Failure)
[1067.871s][info ][gc,task      ] GC(1137) Using 4 workers of 4 for evacuation
[1067.875s][debug][gc,ref       ] GC(1137) Skipped phase1 of Reference Processing due to unavailable references
[1067.875s][debug][gc,ref       ] GC(1137) Skipped phase2 of Reference Processing due to unavailable references
[1067.875s][debug][gc,ref       ] GC(1137) Skipped phase3 of Reference Processing due to unavailable references
[1067.875s][debug][gc,ref       ] GC(1137) Skipped phase4 of Reference Processing due to unavailable references
[1067.875s][debug][gc,age       ] GC(1137) Desired survivor size 15400960 bytes, new threshold 6 (max threshold 6)
[1067.875s][info ][gc,heap      ] GC(1137) ParNew: 243686K->2850K(270976K)
[1067.875s][info ][gc,heap      ] GC(1137) CMS: 372508K->372551K(602112K)
[1067.875s][info ][gc,metaspace ] GC(1137) Metaspace: 57740K->57740K(1101824K)
[1067.875s][info ][gc           ] GC(1137) Pause Young (Allocation Failure) 601M->366M(852M) 3.945ms
[1067.875s][info ][gc,cpu       ] GC(1137) User=0.01s Sys=0.00s Real=0.00s
[1067.875s][info ][safepoint    ] Leaving safepoint region
[1067.875s][info ][safepoint    ] Total time for which application threads were stopped: 0.0040959 seconds, Stopping threads took: 0.0000143 seconds
[1068.875s][info ][safepoint    ] Application time: 1.0000936 seconds
[1068.875s][info ][safepoint    ] Entering safepoint region: Cleanup
[1068.875s][info ][safepoint    ] Leaving safepoint region
[1068.875s][info ][safepoint    ] Total time for which application threads were stopped: 0.0001460 seconds, Stopping threads took: 0.0000794 seconds
[1068.932s][info ][safepoint    ] Application time: 0.0568852 seconds
[1068.932s][info ][safepoint    ] Entering safepoint region: GenCollectForAllocation
[1068.932s][info ][gc,start     ] GC(1138) Pause Young (Allocation Failure)
[1068.932s][info ][gc,task      ] GC(1138) Using 4 workers of 4 for evacuation
[1068.937s][debug][gc,ref       ] GC(1138) Skipped phase1 of Reference Processing due to unavailable references
[1068.937s][debug][gc,ref       ] GC(1138) Skipped phase2 of Reference Processing due to unavailable references
[1068.937s][debug][gc,ref       ] GC(1138) Skipped phase3 of Reference Processing due to unavailable references
[1068.937s][debug][gc,ref       ] GC(1138) Skipped phase4 of Reference Processing due to unavailable references
[1068.938s][debug][gc,age       ] GC(1138) Desired survivor size 15400960 bytes, new threshold 6 (max threshold 6)
[1068.938s][info ][gc,heap      ] GC(1138) ParNew: 243746K->2894K(270976K)
[1068.938s][info ][gc,heap      ] GC(1138) CMS: 372551K->372870K(602112K)
[1068.938s][info ][gc,metaspace ] GC(1138) Metaspace: 57740K->57740K(1101824K)
[1068.938s][info ][gc           ] GC(1138) Pause Young (Allocation Failure) 601M->366M(852M) 5.359ms
[1068.938s][info ][gc,cpu       ] GC(1138) User=0.02s Sys=0.00s Real=0.01s
[1068.938s][info ][safepoint    ] Leaving safepoint region
[1068.938s][info ][safepoint    ] Total time for which application threads were stopped: 0.0055069 seconds, Stopping threads took: 0.0000151 seconds
[1069.938s][info ][safepoint    ] Application time: 1.0001013 seconds
[1069.938s][info ][safepoint    ] Entering safepoint region: Cleanup
[1069.938s][info ][safepoint    ] Leaving safepoint region
[1069.938s][info ][safepoint    ] Total time for which application threads were stopped: 0.0000670 seconds, Stopping threads took: 0.0000141 seconds
[1070.072s][info ][safepoint    ] Application time: 0.1338641 seconds
[1070.072s][info ][safepoint    ] Entering safepoint region: GenCollectForAllocation
[1070.072s][info ][gc,start     ] GC(1139) Pause Young (Allocation Failure)
[1070.072s][info ][gc,task      ] GC(1139) Using 4 workers of 4 for evacuation
[1070.076s][debug][gc,ref       ] GC(1139) Skipped phase1 of Reference Processing due to unavailable references
[1070.076s][debug][gc,ref       ] GC(1139) Skipped phase2 of Reference Processing due to unavailable references
[1070.076s][debug][gc,ref       ] GC(1139) Skipped phase3 of Reference Processing due to unavailable references
[1070.076s][debug][gc,ref       ] GC(1139) Skipped phase4 of Reference Processing due to unavailable references
[1070.076s][debug][gc,age       ] GC(1139) Desired survivor size 15400960 bytes, new threshold 6 (max threshold 6)
[1070.076s][info ][gc,heap      ] GC(1139) ParNew: 243790K->2836K(270976K)
[1070.076s][info ][gc,heap      ] GC(1139) CMS: 372870K->372949K(602112K)
[1070.076s][info ][gc,metaspace ] GC(1139) Metaspace: 57740K->57740K(1101824K)
[1070.076s][info ][gc           ] GC(1139) Pause Young (Allocation Failure) 602M->366M(852M) 3.946ms
[1070.076s][info ][gc,cpu       ] GC(1139) User=0.02s Sys=0.00s Real=0.01s
[1070.076s][info ][safepoint    ] Leaving safepoint region
[1070.076s][info ][safepoint    ] Total time for which application threads were stopped: 0.0041030 seconds, Stopping threads took: 0.0000151 seconds
[1071.076s][info ][safepoint    ] Application time: 1.0000975 seconds
[1071.076s][info ][safepoint    ] Entering safepoint region: Cleanup
[1071.076s][info ][safepoint    ] Leaving safepoint region
[1071.076s][info ][safepoint    ] Total time for which application threads were stopped: 0.0001739 seconds, Stopping threads took: 0.0000335 seconds
[1071.226s][info ][safepoint    ] Application time: 0.1496342 seconds
[1071.226s][info ][safepoint    ] Entering safepoint region: GenCollectForAllocation
[1071.226s][info ][gc,start     ] GC(1140) Pause Young (Allocation Failure)
[1071.226s][info ][gc,task      ] GC(1140) Using 4 workers of 4 for evacuation
[1071.230s][debug][gc,ref       ] GC(1140) Skipped phase1 of Reference Processing due to unavailable references
[1071.230s][debug][gc,ref       ] GC(1140) Skipped phase2 of Reference Processing due to unavailable references
[1071.230s][debug][gc,ref       ] GC(1140) Skipped phase3 of Reference Processing due to unavailable references
[1071.230s][debug][gc,ref       ] GC(1140) Skipped phase4 of Reference Processing due to unavailable references
[1071.230s][debug][gc,age       ] GC(1140) Desired survivor size 15400960 bytes, new threshold 6 (max threshold 6)
[1071.230s][info ][gc,heap      ] GC(1140) ParNew: 243732K->2710K(270976K)
[1071.230s][info ][gc,heap      ] GC(1140) CMS: 372949K->373001K(602112K)
[1071.230s][info ][gc,metaspace ] GC(1140) Metaspace: 57740K->57740K(1101824K)
[1071.230s][info ][gc           ] GC(1140) Pause Young (Allocation Failure) 602M->366M(852M) 3.971ms
[1071.230s][info ][gc,cpu       ] GC(1140) User=0.02s Sys=0.00s Real=0.00s
[1071.230s][info ][safepoint    ] Leaving safepoint region
[1071.230s][info ][safepoint    ] Total time for which application threads were stopped: 0.0041457 seconds, Stopping threads took: 0.0000297 seconds
[1072.230s][info ][safepoint    ] Application time: 1.0000839 seconds
[1072.230s][info ][safepoint    ] Entering safepoint region: Cleanup
[1072.230s][info ][safepoint    ] Leaving safepoint region
[1072.230s][info ][safepoint    ] Total time for which application threads were stopped: 0.0000632 seconds, Stopping threads took: 0.0000140 seconds
[1072.396s][info ][safepoint    ] Application time: 0.1657472 seconds
[1072.396s][info ][safepoint    ] Entering safepoint region: GenCollectForAllocation
[1072.396s][info ][gc,start     ] GC(1141) Pause Young (Allocation Failure)
[1072.396s][info ][gc,task      ] GC(1141) Using 4 workers of 4 for evacuation
[1072.400s][debug][gc,ref       ] GC(1141) Skipped phase1 of Reference Processing due to unavailable references
[1072.400s][debug][gc,ref       ] GC(1141) Skipped phase2 of Reference Processing due to unavailable references
[1072.400s][debug][gc,ref       ] GC(1141) Skipped phase3 of Reference Processing due to unavailable references
[1072.400s][debug][gc,ref       ] GC(1141) Skipped phase4 of Reference Processing due to unavailable references
[1072.400s][debug][gc,age       ] GC(1141) Desired survivor size 15400960 bytes, new threshold 6 (max threshold 6)
[1072.400s][info ][gc,heap      ] GC(1141) ParNew: 243606K->2599K(270976K)
[1072.400s][info ][gc,heap      ] GC(1141) CMS: 373001K->373056K(602112K)
[1072.400s][info ][gc,metaspace ] GC(1141) Metaspace: 57740K->57740K(1101824K)
[1072.400s][info ][gc           ] GC(1141) Pause Young (Allocation Failure) 602M->366M(852M) 3.958ms
[1072.400s][info ][gc,cpu       ] GC(1141) User=0.02s Sys=0.00s Real=0.00s
[1072.400s][info ][safepoint    ] Leaving safepoint region
[1072.400s][info ][safepoint    ] Total time for which application threads were stopped: 0.0041016 seconds, Stopping threads took: 0.0000151 seconds
[1073.400s][info ][safepoint    ] Application time: 1.0001865 seconds
[1073.400s][info ][safepoint    ] Entering safepoint region: Cleanup
[1073.400s][info ][safepoint    ] Leaving safepoint region
[1073.400s][info ][safepoint    ] Total time for which application threads were stopped: 0.0000779 seconds, Stopping threads took: 0.0000161 seconds
[1073.460s][info ][safepoint    ] Application time: 0.0593029 seconds
[1073.460s][info ][safepoint    ] Entering safepoint region: GenCollectForAllocation
[1073.460s][info ][gc,start     ] GC(1142) Pause Young (Allocation Failure)
[1073.460s][info ][gc,task      ] GC(1142) Using 4 workers of 4 for evacuation
[1073.464s][debug][gc,ref       ] GC(1142) Skipped phase1 of Reference Processing due to unavailable references
[1073.464s][debug][gc,ref       ] GC(1142) Skipped phase2 of Reference Processing due to unavailable references
[1073.464s][debug][gc,ref       ] GC(1142) Skipped phase3 of Reference Processing due to unavailable references
[1073.464s][debug][gc,ref       ] GC(1142) Skipped phase4 of Reference Processing due to unavailable references
[1073.464s][debug][gc,age       ] GC(1142) Desired survivor size 15400960 bytes, new threshold 6 (max threshold 6)
[1073.464s][info ][gc,heap      ] GC(1142) ParNew: 243495K->2913K(270976K)
[1073.464s][info ][gc,heap      ] GC(1142) CMS: 373056K->373142K(602112K)
[1073.464s][info ][gc,metaspace ] GC(1142) Metaspace: 57740K->57740K(1101824K)
[1073.464s][info ][gc           ] GC(1142) Pause Young (Allocation Failure) 602M->367M(852M) 4.263ms
[1073.464s][info ][gc,cpu       ] GC(1142) User=0.02s Sys=0.00s Real=0.01s
[1073.464s][info ][safepoint    ] Leaving safepoint region
[1073.464s][info ][safepoint    ] Total time for which application threads were stopped: 0.0044178 seconds, Stopping threads took: 0.0000131 seconds
[1074.464s][info ][safepoint    ] Application time: 1.0000895 seconds
[1074.464s][info ][safepoint    ] Entering safepoint region: Cleanup
[1074.464s][info ][safepoint    ] Leaving safepoint region
[1074.464s][info ][safepoint    ] Total time for which application threads were stopped: 0.0001363 seconds, Stopping threads took: 0.0000771 seconds
[1074.516s][info ][safepoint    ] Application time: 0.0521155 seconds
[1074.517s][info ][safepoint    ] Entering safepoint region: GenCollectForAllocation
[1074.517s][info ][gc,start     ] GC(1143) Pause Young (Allocation Failure)
[1074.517s][info ][gc,task      ] GC(1143) Using 4 workers of 4 for evacuation
[1074.521s][debug][gc,ref       ] GC(1143) Skipped phase1 of Reference Processing due to unavailable references
[1074.521s][debug][gc,ref       ] GC(1143) Skipped phase2 of Reference Processing due to unavailable references
[1074.521s][debug][gc,ref       ] GC(1143) Skipped phase3 of Reference Processing due to unavailable references
[1074.521s][debug][gc,ref       ] GC(1143) Skipped phase4 of Reference Processing due to unavailable references
[1074.521s][debug][gc,age       ] GC(1143) Desired survivor size 15400960 bytes, new threshold 6 (max threshold 6)
[1074.521s][info ][gc,heap      ] GC(1143) ParNew: 243809K->2051K(270976K)
[1074.521s][info ][gc,heap      ] GC(1143) CMS: 373142K->373198K(602112K)
[1074.521s][info ][gc,metaspace ] GC(1143) Metaspace: 57740K->57740K(1101824K)
[1074.521s][info ][gc           ] GC(1143) Pause Young (Allocation Failure) 602M->366M(852M) 4.140ms
[1074.521s][info ][gc,cpu       ] GC(1143) User=0.02s Sys=0.00s Real=0.00s
[1074.521s][info ][safepoint    ] Leaving safepoint region
[1074.521s][info ][safepoint    ] Total time for which application threads were stopped: 0.0042882 seconds, Stopping threads took: 0.0000142 seconds
[1075.521s][info ][safepoint    ] Application time: 1.0000911 seconds
[1075.521s][info ][safepoint    ] Entering safepoint region: Cleanup
[1075.521s][info ][safepoint    ] Leaving safepoint region
[1075.521s][info ][safepoint    ] Total time for which application threads were stopped: 0.0001894 seconds, Stopping threads took: 0.0000873 seconds
[1075.525s][info ][safepoint    ] Application time: 0.0033838 seconds
[1075.525s][info ][safepoint    ] Entering safepoint region: GenCollectForAllocation
[1075.525s][info ][gc,start     ] GC(1144) Pause Young (Allocation Failure)
[1075.525s][info ][gc,task      ] GC(1144) Using 4 workers of 4 for evacuation
[1075.532s][debug][gc,ref       ] GC(1144) Skipped phase1 of Reference Processing due to unavailable references
[1075.532s][debug][gc,ref       ] GC(1144) Skipped phase2 of Reference Processing due to unavailable references
[1075.532s][debug][gc,ref       ] GC(1144) Skipped phase3 of Reference Processing due to unavailable references
[1075.532s][debug][gc,ref       ] GC(1144) Skipped phase4 of Reference Processing due to unavailable references
[1075.532s][debug][gc,age       ] GC(1144) Desired survivor size 15400960 bytes, new threshold 6 (max threshold 6)
[1075.532s][info ][gc,heap      ] GC(1144) ParNew: 242947K->2706K(270976K)
[1075.532s][info ][gc,heap      ] GC(1144) CMS: 373198K->373243K(602112K)
[1075.532s][info ][gc,metaspace ] GC(1144) Metaspace: 57740K->57740K(1101824K)
[1075.532s][info ][gc           ] GC(1144) Pause Young (Allocation Failure) 601M->367M(852M) 7.150ms
[1075.532s][info ][gc,cpu       ] GC(1144) User=0.02s Sys=0.00s Real=0.00s
[1075.532s][info ][safepoint    ] Leaving safepoint region
[1075.532s][info ][safepoint    ] Total time for which application threads were stopped: 0.0072708 seconds, Stopping threads took: 0.0000115 seconds
[1076.532s][info ][safepoint    ] Application time: 1.0000509 seconds
[1076.532s][info ][safepoint    ] Entering safepoint region: Cleanup
[1076.532s][info ][safepoint    ] Leaving safepoint region
[1076.532s][info ][safepoint    ] Total time for which application threads were stopped: 0.0001411 seconds, Stopping threads took: 0.0000629 seconds
[1076.667s][info ][safepoint    ] Application time: 0.1348392 seconds
[1076.667s][info ][safepoint    ] Entering safepoint region: GenCollectForAllocation
[1076.667s][info ][gc,start     ] GC(1145) Pause Young (Allocation Failure)
[1076.667s][info ][gc,task      ] GC(1145) Using 4 workers of 4 for evacuation
[1076.672s][debug][gc,ref       ] GC(1145) Skipped phase1 of Reference Processing due to unavailable references
[1076.672s][debug][gc,ref       ] GC(1145) Skipped phase2 of Reference Processing due to unavailable references
[1076.672s][debug][gc,ref       ] GC(1145) Skipped phase3 of Reference Processing due to unavailable references
[1076.672s][debug][gc,ref       ] GC(1145) Skipped phase4 of Reference Processing due to unavailable references
[1076.672s][debug][gc,age       ] GC(1145) Desired survivor size 15400960 bytes, new threshold 6 (max threshold 6)
[1076.672s][info ][gc,heap      ] GC(1145) ParNew: 243602K->2937K(270976K)
[1076.672s][info ][gc,heap      ] GC(1145) CMS: 373243K->373327K(602112K)
[1076.672s][info ][gc,metaspace ] GC(1145) Metaspace: 57740K->57740K(1101824K)
[1076.672s][info ][gc           ] GC(1145) Pause Young (Allocation Failure) 602M->367M(852M) 4.867ms
[1076.672s][info ][gc,cpu       ] GC(1145) User=0.01s Sys=0.00s Real=0.00s
[1076.672s][info ][safepoint    ] Leaving safepoint region
[1076.672s][info ][safepoint    ] Total time for which application threads were stopped: 0.0050151 seconds, Stopping threads took: 0.0000152 seconds
[1077.672s][info ][safepoint    ] Application time: 1.0001041 seconds
[1077.672s][info ][safepoint    ] Entering safepoint region: Cleanup
[1077.672s][info ][safepoint    ] Leaving safepoint region
[1077.672s][info ][safepoint    ] Total time for which application threads were stopped: 0.0001221 seconds, Stopping threads took: 0.0000480 seconds
[1077.732s][info ][safepoint    ] Application time: 0.0596001 seconds
[1077.732s][info ][safepoint    ] Entering safepoint region: GenCollectForAllocation
[1077.732s][info ][gc,start     ] GC(1146) Pause Young (Allocation Failure)
[1077.732s][info ][gc,task      ] GC(1146) Using 4 workers of 4 for evacuation
[1077.736s][debug][gc,ref       ] GC(1146) Skipped phase1 of Reference Processing due to unavailable references
[1077.736s][debug][gc,ref       ] GC(1146) Skipped phase2 of Reference Processing due to unavailable references
[1077.736s][debug][gc,ref       ] GC(1146) Skipped phase3 of Reference Processing due to unavailable references
[1077.736s][debug][gc,ref       ] GC(1146) Skipped phase4 of Reference Processing due to unavailable references
[1077.736s][debug][gc,age       ] GC(1146) Desired survivor size 15400960 bytes, new threshold 6 (max threshold 6)
[1077.736s][info ][gc,heap      ] GC(1146) ParNew: 243833K->3672K(270976K)
[1077.736s][info ][gc,heap      ] GC(1146) CMS: 373327K->373399K(602112K)
[1077.736s][info ][gc,metaspace ] GC(1146) Metaspace: 57740K->57740K(1101824K)
[1077.736s][info ][gc           ] GC(1146) Pause Young (Allocation Failure) 602M->368M(852M) 4.327ms
[1077.736s][info ][gc,cpu       ] GC(1146) User=0.02s Sys=0.00s Real=0.01s
[1077.736s][info ][safepoint    ] Leaving safepoint region
[1077.736s][info ][safepoint    ] Total time for which application threads were stopped: 0.0044782 seconds, Stopping threads took: 0.0000138 seconds
[1078.736s][info ][safepoint    ] Application time: 1.0000948 seconds
[1078.737s][info ][safepoint    ] Entering safepoint region: Cleanup
[1078.737s][info ][safepoint    ] Leaving safepoint region
[1078.737s][info ][safepoint    ] Total time for which application threads were stopped: 0.0001579 seconds, Stopping threads took: 0.0000805 seconds
[1078.822s][info ][safepoint    ] Application time: 0.0853976 seconds
[1078.822s][info ][safepoint    ] Entering safepoint region: GenCollectForAllocation
[1078.822s][info ][gc,start     ] GC(1147) Pause Young (Allocation Failure)
[1078.822s][info ][gc,task      ] GC(1147) Using 4 workers of 4 for evacuation
[1078.827s][debug][gc,ref       ] GC(1147) Skipped phase1 of Reference Processing due to unavailable references
[1078.827s][debug][gc,ref       ] GC(1147) Skipped phase2 of Reference Processing due to unavailable references
[1078.827s][debug][gc,ref       ] GC(1147) Skipped phase3 of Reference Processing due to unavailable references
[1078.827s][debug][gc,ref       ] GC(1147) Skipped phase4 of Reference Processing due to unavailable references
[1078.827s][debug][gc,age       ] GC(1147) Desired survivor size 15400960 bytes, new threshold 6 (max threshold 6)
[1078.827s][info ][gc,heap      ] GC(1147) ParNew: 244568K->2358K(270976K)
[1078.827s][info ][gc,heap      ] GC(1147) CMS: 373399K->373430K(602112K)
[1078.827s][info ][gc,metaspace ] GC(1147) Metaspace: 57740K->57740K(1101824K)
[1078.827s][info ][gc           ] GC(1147) Pause Young (Allocation Failure) 603M->366M(852M) 4.727ms
[1078.827s][info ][gc,cpu       ] GC(1147) User=0.02s Sys=0.00s Real=0.01s
[1078.827s][info ][safepoint    ] Leaving safepoint region
[1078.827s][info ][safepoint    ] Total time for which application threads were stopped: 0.0048721 seconds, Stopping threads took: 0.0000148 seconds
[1079.827s][info ][safepoint    ] Application time: 1.0000819 seconds
[1079.827s][info ][safepoint    ] Entering safepoint region: Cleanup
[1079.827s][info ][safepoint    ] Leaving safepoint region
[1079.827s][info ][safepoint    ] Total time for which application threads were stopped: 0.0001349 seconds, Stopping threads took: 0.0000711 seconds
[1079.945s][info ][safepoint    ] Application time: 0.1180381 seconds
[1079.945s][info ][safepoint    ] Entering safepoint region: GenCollectForAllocation
[1079.945s][info ][gc,start     ] GC(1148) Pause Young (Allocation Failure)
[1079.945s][info ][gc,task      ] GC(1148) Using 4 workers of 4 for evacuation
[1079.950s][debug][gc,ref       ] GC(1148) Skipped phase1 of Reference Processing due to unavailable references
[1079.950s][debug][gc,ref       ] GC(1148) Skipped phase2 of Reference Processing due to unavailable references
[1079.950s][debug][gc,ref       ] GC(1148) Skipped phase3 of Reference Processing due to unavailable references
[1079.950s][debug][gc,ref       ] GC(1148) Skipped phase4 of Reference Processing due to unavailable references
[1079.950s][debug][gc,age       ] GC(1148) Desired survivor size 15400960 bytes, new threshold 6 (max threshold 6)
[1079.950s][info ][gc,heap      ] GC(1148) ParNew: 243254K->3493K(270976K)
[1079.950s][info ][gc,heap      ] GC(1148) CMS: 373430K->373520K(602112K)
[1079.950s][info ][gc,metaspace ] GC(1148) Metaspace: 57740K->57740K(1101824K)
[1079.950s][info ][gc           ] GC(1148) Pause Young (Allocation Failure) 602M->368M(852M) 4.507ms
[1079.950s][info ][gc,cpu       ] GC(1148) User=0.02s Sys=0.00s Real=0.00s
[1079.950s][info ][safepoint    ] Leaving safepoint region
[1079.950s][info ][safepoint    ] Total time for which application threads were stopped: 0.0046574 seconds, Stopping threads took: 0.0000159 seconds
[1080.950s][info ][safepoint    ] Application time: 1.0000743 seconds
[1080.950s][info ][safepoint    ] Entering safepoint region: Cleanup
[1080.950s][info ][safepoint    ] Leaving safepoint region
[1080.950s][info ][safepoint    ] Total time for which application threads were stopped: 0.0000732 seconds, Stopping threads took: 0.0000168 seconds
[1081.118s][info ][safepoint    ] Application time: 0.1677150 seconds
[1081.118s][info ][safepoint    ] Entering safepoint region: GenCollectForAllocation
[1081.118s][info ][gc,start     ] GC(1149) Pause Young (Allocation Failure)
[1081.118s][info ][gc,task      ] GC(1149) Using 4 workers of 4 for evacuation
[1081.122s][debug][gc,ref       ] GC(1149) Skipped phase1 of Reference Processing due to unavailable references
[1081.122s][debug][gc,ref       ] GC(1149) Skipped phase2 of Reference Processing due to unavailable references
[1081.122s][debug][gc,ref       ] GC(1149) Skipped phase3 of Reference Processing due to unavailable references
[1081.122s][debug][gc,ref       ] GC(1149) Skipped phase4 of Reference Processing due to unavailable references
[1081.122s][debug][gc,age       ] GC(1149) Desired survivor size 15400960 bytes, new threshold 6 (max threshold 6)
[1081.122s][info ][gc,heap      ] GC(1149) ParNew: 244389K->3259K(270976K)
[1081.122s][info ][gc,heap      ] GC(1149) CMS: 373520K->373673K(602112K)
[1081.122s][info ][gc,metaspace ] GC(1149) Metaspace: 57741K->57741K(1101824K)
[1081.122s][info ][gc           ] GC(1149) Pause Young (Allocation Failure) 603M->368M(852M) 4.338ms
[1081.122s][info ][gc,cpu       ] GC(1149) User=0.02s Sys=0.00s Real=0.00s
[1081.122s][info ][safepoint    ] Leaving safepoint region
[1081.122s][info ][safepoint    ] Total time for which application threads were stopped: 0.0044844 seconds, Stopping threads took: 0.0000140 seconds
[1082.122s][info ][safepoint    ] Application time: 1.0000984 seconds
[1082.123s][info ][safepoint    ] Entering safepoint region: Cleanup
[1082.123s][info ][safepoint    ] Leaving safepoint region
[1082.123s][info ][safepoint    ] Total time for which application threads were stopped: 0.0001627 seconds, Stopping threads took: 0.0000711 seconds
[1082.192s][info ][safepoint    ] Application time: 0.0696779 seconds
[1082.192s][info ][safepoint    ] Entering safepoint region: GenCollectForAllocation
[1082.192s][info ][gc,start     ] GC(1150) Pause Young (Allocation Failure)
[1082.192s][info ][gc,task      ] GC(1150) Using 4 workers of 4 for evacuation
[1082.197s][debug][gc,ref       ] GC(1150) Skipped phase1 of Reference Processing due to unavailable references
[1082.197s][debug][gc,ref       ] GC(1150) Skipped phase2 of Reference Processing due to unavailable references
[1082.197s][debug][gc,ref       ] GC(1150) Skipped phase3 of Reference Processing due to unavailable references
[1082.197s][debug][gc,ref       ] GC(1150) Skipped phase4 of Reference Processing due to unavailable references
[1082.197s][debug][gc,age       ] GC(1150) Desired survivor size 15400960 bytes, new threshold 6 (max threshold 6)
[1082.197s][info ][gc,heap      ] GC(1150) ParNew: 244155K->3211K(270976K)
[1082.197s][info ][gc,heap      ] GC(1150) CMS: 373673K->373919K(602112K)
[1082.197s][info ][gc,metaspace ] GC(1150) Metaspace: 57741K->57741K(1101824K)
[1082.197s][info ][gc           ] GC(1150) Pause Young (Allocation Failure) 603M->368M(852M) 5.006ms
[1082.197s][info ][gc,cpu       ] GC(1150) User=0.02s Sys=0.00s Real=0.01s
[1082.198s][info ][safepoint    ] Leaving safepoint region
[1082.198s][info ][safepoint    ] Total time for which application threads were stopped: 0.0051697 seconds, Stopping threads took: 0.0000259 seconds
[1083.198s][info ][safepoint    ] Application time: 1.0001194 seconds
[1083.198s][info ][safepoint    ] Entering safepoint region: Cleanup
[1083.198s][info ][safepoint    ] Leaving safepoint region
[1083.198s][info ][safepoint    ] Total time for which application threads were stopped: 0.0000648 seconds, Stopping threads took: 0.0000153 seconds
[1083.358s][info ][safepoint    ] Application time: 0.1599497 seconds
[1083.358s][info ][safepoint    ] Entering safepoint region: GenCollectForAllocation
[1083.358s][info ][gc,start     ] GC(1151) Pause Young (Allocation Failure)
[1083.358s][info ][gc,task      ] GC(1151) Using 4 workers of 4 for evacuation
[1083.362s][debug][gc,ref       ] GC(1151) Skipped phase1 of Reference Processing due to unavailable references
[1083.362s][debug][gc,ref       ] GC(1151) Skipped phase2 of Reference Processing due to unavailable references
[1083.362s][debug][gc,ref       ] GC(1151) Skipped phase3 of Reference Processing due to unavailable references
[1083.362s][debug][gc,ref       ] GC(1151) Skipped phase4 of Reference Processing due to unavailable references
[1083.362s][debug][gc,age       ] GC(1151) Desired survivor size 15400960 bytes, new threshold 6 (max threshold 6)
[1083.362s][info ][gc,heap      ] GC(1151) ParNew: 244107K->2498K(270976K)
[1083.362s][info ][gc,heap      ] GC(1151) CMS: 373919K->373941K(602112K)
[1083.362s][info ][gc,metaspace ] GC(1151) Metaspace: 57741K->57741K(1101824K)
[1083.362s][info ][gc           ] GC(1151) Pause Young (Allocation Failure) 603M->367M(852M) 4.086ms
[1083.362s][info ][gc,cpu       ] GC(1151) User=0.02s Sys=0.00s Real=0.00s
[1083.362s][info ][safepoint    ] Leaving safepoint region
[1083.362s][info ][safepoint    ] Total time for which application threads were stopped: 0.0042219 seconds, Stopping threads took: 0.0000136 seconds
[1084.362s][info ][safepoint    ] Application time: 1.0001719 seconds
[1084.362s][info ][safepoint    ] Entering safepoint region: Cleanup
[1084.362s][info ][safepoint    ] Leaving safepoint region
[1084.362s][info ][safepoint    ] Total time for which application threads were stopped: 0.0001290 seconds, Stopping threads took: 0.0000609 seconds
[1084.554s][info ][safepoint    ] Application time: 0.1914570 seconds
[1084.554s][info ][safepoint    ] Entering safepoint region: GenCollectForAllocation
[1084.554s][info ][gc,start     ] GC(1152) Pause Young (Allocation Failure)
[1084.554s][info ][gc,task      ] GC(1152) Using 4 workers of 4 for evacuation
[1084.558s][debug][gc,ref       ] GC(1152) Skipped phase1 of Reference Processing due to unavailable references
[1084.558s][debug][gc,ref       ] GC(1152) Skipped phase2 of Reference Processing due to unavailable references
[1084.558s][debug][gc,ref       ] GC(1152) Skipped phase3 of Reference Processing due to unavailable references
[1084.558s][debug][gc,ref       ] GC(1152) Skipped phase4 of Reference Processing due to unavailable references
[1084.558s][debug][gc,age       ] GC(1152) Desired survivor size 15400960 bytes, new threshold 6 (max threshold 6)
[1084.558s][info ][gc,heap      ] GC(1152) ParNew: 243394K->2847K(270976K)
[1084.558s][info ][gc,heap      ] GC(1152) CMS: 373941K->373970K(602112K)
[1084.558s][info ][gc,metaspace ] GC(1152) Metaspace: 57741K->57741K(1101824K)
[1084.558s][info ][gc           ] GC(1152) Pause Young (Allocation Failure) 602M->367M(852M) 4.222ms
[1084.558s][info ][gc,cpu       ] GC(1152) User=0.01s Sys=0.01s Real=0.01s
[1084.558s][info ][safepoint    ] Leaving safepoint region
[1084.558s][info ][safepoint    ] Total time for which application threads were stopped: 0.0043619 seconds, Stopping threads took: 0.0000147 seconds
[1085.558s][info ][safepoint    ] Application time: 1.0000567 seconds
[1085.558s][info ][safepoint    ] Entering safepoint region: Cleanup
[1085.558s][info ][safepoint    ] Leaving safepoint region
[1085.558s][info ][safepoint    ] Total time for which application threads were stopped: 0.0001639 seconds, Stopping threads took: 0.0000961 seconds
[1085.712s][info ][safepoint    ] Application time: 0.1538733 seconds
[1085.712s][info ][safepoint    ] Entering safepoint region: GenCollectForAllocation
[1085.712s][info ][gc,start     ] GC(1153) Pause Young (Allocation Failure)
[1085.712s][info ][gc,task      ] GC(1153) Using 4 workers of 4 for evacuation
[1085.716s][debug][gc,ref       ] GC(1153) Skipped phase1 of Reference Processing due to unavailable references
[1085.716s][debug][gc,ref       ] GC(1153) Skipped phase2 of Reference Processing due to unavailable references
[1085.716s][debug][gc,ref       ] GC(1153) Skipped phase3 of Reference Processing due to unavailable references
[1085.716s][debug][gc,ref       ] GC(1153) Skipped phase4 of Reference Processing due to unavailable references
[1085.716s][debug][gc,age       ] GC(1153) Desired survivor size 15400960 bytes, new threshold 6 (max threshold 6)
[1085.716s][info ][gc,heap      ] GC(1153) ParNew: 243743K->2355K(270976K)
[1085.716s][info ][gc,heap      ] GC(1153) CMS: 373970K->374044K(602112K)
[1085.716s][info ][gc,metaspace ] GC(1153) Metaspace: 57741K->57741K(1101824K)
[1085.716s][info ][gc           ] GC(1153) Pause Young (Allocation Failure) 603M->367M(852M) 4.028ms
[1085.716s][info ][gc,cpu       ] GC(1153) User=0.02s Sys=0.00s Real=0.01s
[1085.716s][info ][safepoint    ] Leaving safepoint region
[1085.716s][info ][safepoint    ] Total time for which application threads were stopped: 0.0041767 seconds, Stopping threads took: 0.0000142 seconds
[1086.717s][info ][safepoint    ] Application time: 1.0000996 seconds
[1086.717s][info ][safepoint    ] Entering safepoint region: Cleanup
[1086.717s][info ][safepoint    ] Leaving safepoint region
[1086.717s][info ][safepoint    ] Total time for which application threads were stopped: 0.0001336 seconds, Stopping threads took: 0.0000636 seconds
[1086.789s][info ][safepoint    ] Application time: 0.0726570 seconds
[1086.789s][info ][safepoint    ] Entering safepoint region: GenCollectForAllocation
[1086.790s][info ][gc,start     ] GC(1154) Pause Young (Allocation Failure)
[1086.790s][info ][gc,task      ] GC(1154) Using 4 workers of 4 for evacuation
[1086.794s][debug][gc,ref       ] GC(1154) Skipped phase1 of Reference Processing due to unavailable references
[1086.794s][debug][gc,ref       ] GC(1154) Skipped phase2 of Reference Processing due to unavailable references
[1086.794s][debug][gc,ref       ] GC(1154) Skipped phase3 of Reference Processing due to unavailable references
[1086.794s][debug][gc,ref       ] GC(1154) Skipped phase4 of Reference Processing due to unavailable references
[1086.794s][debug][gc,age       ] GC(1154) Desired survivor size 15400960 bytes, new threshold 6 (max threshold 6)
[1086.794s][info ][gc,heap      ] GC(1154) ParNew: 243251K->2703K(270976K)
[1086.794s][info ][gc,heap      ] GC(1154) CMS: 374044K->374196K(602112K)
[1086.794s][info ][gc,metaspace ] GC(1154) Metaspace: 57741K->57741K(1101824K)
[1086.794s][info ][gc           ] GC(1154) Pause Young (Allocation Failure) 602M->368M(852M) 4.160ms
[1086.794s][info ][gc,cpu       ] GC(1154) User=0.02s Sys=0.00s Real=0.00s
[1086.794s][info ][safepoint    ] Leaving safepoint region
[1086.794s][info ][safepoint    ] Total time for which application threads were stopped: 0.0043207 seconds, Stopping threads took: 0.0000146 seconds
[1087.794s][info ][safepoint    ] Application time: 1.0001021 seconds
[1087.794s][info ][safepoint    ] Entering safepoint region: Cleanup
[1087.794s][info ][safepoint    ] Leaving safepoint region
[1087.794s][info ][safepoint    ] Total time for which application threads were stopped: 0.0000674 seconds, Stopping threads took: 0.0000153 seconds
[1087.955s][info ][safepoint    ] Application time: 0.1609135 seconds
[1087.955s][info ][safepoint    ] Entering safepoint region: GenCollectForAllocation
[1087.955s][info ][gc,start     ] GC(1155) Pause Young (Allocation Failure)
[1087.955s][info ][gc,task      ] GC(1155) Using 4 workers of 4 for evacuation
[1087.959s][debug][gc,ref       ] GC(1155) Skipped phase1 of Reference Processing due to unavailable references
[1087.959s][debug][gc,ref       ] GC(1155) Skipped phase2 of Reference Processing due to unavailable references
[1087.959s][debug][gc,ref       ] GC(1155) Skipped phase3 of Reference Processing due to unavailable references
[1087.959s][debug][gc,ref       ] GC(1155) Skipped phase4 of Reference Processing due to unavailable references
[1087.959s][debug][gc,age       ] GC(1155) Desired survivor size 15400960 bytes, new threshold 6 (max threshold 6)
[1087.959s][info ][gc,heap      ] GC(1155) ParNew: 243599K->2926K(270976K)
[1087.959s][info ][gc,heap      ] GC(1155) CMS: 374196K->374237K(602112K)
[1087.959s][info ][gc,metaspace ] GC(1155) Metaspace: 57749K->57749K(1101824K)
[1087.959s][info ][gc           ] GC(1155) Pause Young (Allocation Failure) 603M->368M(852M) 3.899ms
[1087.959s][info ][gc,cpu       ] GC(1155) User=0.01s Sys=0.00s Real=0.01s
[1087.959s][info ][safepoint    ] Leaving safepoint region
[1087.959s][info ][safepoint    ] Total time for which application threads were stopped: 0.0040442 seconds, Stopping threads took: 0.0000137 seconds
[1088.959s][info ][safepoint    ] Application time: 1.0001092 seconds
[1088.959s][info ][safepoint    ] Entering safepoint region: Cleanup
[1088.959s][info ][safepoint    ] Leaving safepoint region
[1088.959s][info ][safepoint    ] Total time for which application threads were stopped: 0.0002564 seconds, Stopping threads took: 0.0000546 seconds
[1089.103s][info ][safepoint    ] Application time: 0.1431827 seconds
[1089.103s][info ][safepoint    ] Entering safepoint region: GenCollectForAllocation
[1089.103s][info ][gc,start     ] GC(1156) Pause Young (Allocation Failure)
[1089.103s][info ][gc,task      ] GC(1156) Using 4 workers of 4 for evacuation
[1089.107s][debug][gc,ref       ] GC(1156) Skipped phase1 of Reference Processing due to unavailable references
[1089.107s][debug][gc,ref       ] GC(1156) Skipped phase2 of Reference Processing due to unavailable references
[1089.107s][debug][gc,ref       ] GC(1156) Skipped phase3 of Reference Processing due to unavailable references
[1089.107s][debug][gc,ref       ] GC(1156) Skipped phase4 of Reference Processing due to unavailable references
[1089.107s][debug][gc,age       ] GC(1156) Desired survivor size 15400960 bytes, new threshold 6 (max threshold 6)
[1089.107s][info ][gc,heap      ] GC(1156) ParNew: 243822K->2208K(270976K)
[1089.107s][info ][gc,heap      ] GC(1156) CMS: 374237K->374326K(602112K)
[1089.107s][info ][gc,metaspace ] GC(1156) Metaspace: 57749K->57749K(1101824K)
[1089.107s][info ][gc           ] GC(1156) Pause Young (Allocation Failure) 603M->367M(852M) 4.139ms
[1089.107s][info ][gc,cpu       ] GC(1156) User=0.02s Sys=0.00s Real=0.01s
[1089.107s][info ][safepoint    ] Leaving safepoint region
[1089.107s][info ][safepoint    ] Total time for which application threads were stopped: 0.0043061 seconds, Stopping threads took: 0.0000451 seconds
[1090.107s][info ][safepoint    ] Application time: 1.0001058 seconds
[1090.107s][info ][safepoint    ] Entering safepoint region: Cleanup
[1090.107s][info ][safepoint    ] Leaving safepoint region
[1090.107s][info ][safepoint    ] Total time for which application threads were stopped: 0.0001387 seconds, Stopping threads took: 0.0000639 seconds
[1090.118s][info ][safepoint    ] Application time: 0.0109379 seconds
[1090.118s][info ][safepoint    ] Entering safepoint region: GenCollectForAllocation
[1090.118s][info ][gc,start     ] GC(1157) Pause Young (Allocation Failure)
[1090.118s][info ][gc,task      ] GC(1157) Using 4 workers of 4 for evacuation
[1090.123s][debug][gc,ref       ] GC(1157) Skipped phase1 of Reference Processing due to unavailable references
[1090.123s][debug][gc,ref       ] GC(1157) Skipped phase2 of Reference Processing due to unavailable references
[1090.123s][debug][gc,ref       ] GC(1157) Skipped phase3 of Reference Processing due to unavailable references
[1090.123s][debug][gc,ref       ] GC(1157) Skipped phase4 of Reference Processing due to unavailable references
[1090.123s][debug][gc,age       ] GC(1157) Desired survivor size 15400960 bytes, new threshold 6 (max threshold 6)
[1090.123s][info ][gc,heap      ] GC(1157) ParNew: 243104K->3560K(270976K)
[1090.123s][info ][gc,heap      ] GC(1157) CMS: 374326K->374370K(602112K)
[1090.123s][info ][gc,metaspace ] GC(1157) Metaspace: 57751K->57751K(1101824K)
[1090.123s][info ][gc           ] GC(1157) Pause Young (Allocation Failure) 602M->369M(852M) 4.660ms
[1090.123s][info ][gc,cpu       ] GC(1157) User=0.01s Sys=0.00s Real=0.00s
[1090.123s][info ][safepoint    ] Leaving safepoint region
[1090.123s][info ][safepoint    ] Total time for which application threads were stopped: 0.0048053 seconds, Stopping threads took: 0.0000141 seconds
[1091.123s][info ][safepoint    ] Application time: 1.0000927 seconds
[1091.123s][info ][safepoint    ] Entering safepoint region: Cleanup
[1091.123s][info ][safepoint    ] Leaving safepoint region
[1091.123s][info ][safepoint    ] Total time for which application threads were stopped: 0.0001142 seconds, Stopping threads took: 0.0000481 seconds
[1091.163s][info ][safepoint    ] Application time: 0.0392805 seconds
[1091.163s][info ][safepoint    ] Entering safepoint region: GenCollectForAllocation
[1091.163s][info ][gc,start     ] GC(1158) Pause Young (Allocation Failure)
[1091.163s][info ][gc,task      ] GC(1158) Using 4 workers of 4 for evacuation
[1091.167s][debug][gc,ref       ] GC(1158) Skipped phase1 of Reference Processing due to unavailable references
[1091.167s][debug][gc,ref       ] GC(1158) Skipped phase2 of Reference Processing due to unavailable references
[1091.167s][debug][gc,ref       ] GC(1158) Skipped phase3 of Reference Processing due to unavailable references
[1091.167s][debug][gc,ref       ] GC(1158) Skipped phase4 of Reference Processing due to unavailable references
[1091.167s][debug][gc,age       ] GC(1158) Desired survivor size 15400960 bytes, new threshold 6 (max threshold 6)
[1091.167s][info ][gc,heap      ] GC(1158) ParNew: 244456K->2952K(270976K)
[1091.167s][info ][gc,heap      ] GC(1158) CMS: 374370K->374416K(602112K)
[1091.167s][info ][gc,metaspace ] GC(1158) Metaspace: 57751K->57751K(1101824K)
[1091.167s][info ][gc           ] GC(1158) Pause Young (Allocation Failure) 604M->368M(852M) 4.459ms
[1091.167s][info ][gc,cpu       ] GC(1158) User=0.01s Sys=0.00s Real=0.01s
[1091.167s][info ][safepoint    ] Leaving safepoint region
[1091.167s][info ][safepoint    ] Total time for which application threads were stopped: 0.0046162 seconds, Stopping threads took: 0.0000145 seconds
[1092.138s][info ][safepoint    ] Application time: 0.9709301 seconds
[1092.138s][info ][safepoint    ] Entering safepoint region: GenCollectForAllocation
[1092.138s][info ][gc,start     ] GC(1159) Pause Young (Allocation Failure)
[1092.138s][info ][gc,task      ] GC(1159) Using 4 workers of 4 for evacuation
[1092.142s][debug][gc,ref       ] GC(1159) Skipped phase1 of Reference Processing due to unavailable references
[1092.142s][debug][gc,ref       ] GC(1159) Skipped phase2 of Reference Processing due to unavailable references
[1092.142s][debug][gc,ref       ] GC(1159) Skipped phase3 of Reference Processing due to unavailable references
[1092.142s][debug][gc,ref       ] GC(1159) Skipped phase4 of Reference Processing due to unavailable references
[1092.143s][debug][gc,age       ] GC(1159) Desired survivor size 15400960 bytes, new threshold 6 (max threshold 6)
[1092.143s][info ][gc,heap      ] GC(1159) ParNew: 243848K->3424K(270976K)
[1092.143s][info ][gc,heap      ] GC(1159) CMS: 374416K->374456K(602112K)
[1092.143s][info ][gc,metaspace ] GC(1159) Metaspace: 57751K->57751K(1101824K)
[1092.143s][info ][gc           ] GC(1159) Pause Young (Allocation Failure) 603M->369M(852M) 4.249ms
[1092.143s][info ][gc,cpu       ] GC(1159) User=0.02s Sys=0.00s Real=0.00s
[1092.143s][info ][safepoint    ] Leaving safepoint region
[1092.143s][info ][safepoint    ] Total time for which application threads were stopped: 0.0043888 seconds, Stopping threads took: 0.0000147 seconds
[1093.143s][info ][safepoint    ] Application time: 1.0001712 seconds
[1093.143s][info ][safepoint    ] Entering safepoint region: Cleanup
[1093.143s][info ][safepoint    ] Leaving safepoint region
[1093.143s][info ][safepoint    ] Total time for which application threads were stopped: 0.0000678 seconds, Stopping threads took: 0.0000156 seconds
[1093.194s][info ][safepoint    ] Application time: 0.0512177 seconds
[1093.194s][info ][safepoint    ] Entering safepoint region: GenCollectForAllocation
[1093.194s][info ][gc,start     ] GC(1160) Pause Young (Allocation Failure)
[1093.194s][info ][gc,task      ] GC(1160) Using 4 workers of 4 for evacuation
[1093.200s][debug][gc,ref       ] GC(1160) Skipped phase1 of Reference Processing due to unavailable references
[1093.200s][debug][gc,ref       ] GC(1160) Skipped phase2 of Reference Processing due to unavailable references
[1093.200s][debug][gc,ref       ] GC(1160) Skipped phase3 of Reference Processing due to unavailable references
[1093.200s][debug][gc,ref       ] GC(1160) Skipped phase4 of Reference Processing due to unavailable references
[1093.200s][debug][gc,age       ] GC(1160) Desired survivor size 15400960 bytes, new threshold 6 (max threshold 6)
[1093.200s][info ][gc,heap      ] GC(1160) ParNew: 244320K->3227K(270976K)
[1093.200s][info ][gc,heap      ] GC(1160) CMS: 374456K->374512K(602112K)
[1093.200s][info ][gc,metaspace ] GC(1160) Metaspace: 57751K->57751K(1101824K)
[1093.200s][info ][gc           ] GC(1160) Pause Young (Allocation Failure) 604M->368M(852M) 5.795ms
[1093.200s][info ][gc,cpu       ] GC(1160) User=0.02s Sys=0.00s Real=0.01s
[1093.200s][info ][safepoint    ] Leaving safepoint region
[1093.200s][info ][safepoint    ] Total time for which application threads were stopped: 0.0059482 seconds, Stopping threads took: 0.0000158 seconds
[1094.200s][info ][safepoint    ] Application time: 1.0001091 seconds
[1094.200s][info ][safepoint    ] Entering safepoint region: Cleanup
[1094.200s][info ][safepoint    ] Leaving safepoint region
[1094.200s][info ][safepoint    ] Total time for which application threads were stopped: 0.0000868 seconds, Stopping threads took: 0.0000306 seconds
[1094.253s][info ][safepoint    ] Application time: 0.0527207 seconds
[1094.253s][info ][safepoint    ] Entering safepoint region: GenCollectForAllocation
[1094.253s][info ][gc,start     ] GC(1161) Pause Young (Allocation Failure)
[1094.253s][info ][gc,task      ] GC(1161) Using 4 workers of 4 for evacuation
[1094.257s][debug][gc,ref       ] GC(1161) Skipped phase1 of Reference Processing due to unavailable references
[1094.257s][debug][gc,ref       ] GC(1161) Skipped phase2 of Reference Processing due to unavailable references
[1094.257s][debug][gc,ref       ] GC(1161) Skipped phase3 of Reference Processing due to unavailable references
[1094.257s][debug][gc,ref       ] GC(1161) Skipped phase4 of Reference Processing due to unavailable references
[1094.258s][debug][gc,age       ] GC(1161) Desired survivor size 15400960 bytes, new threshold 6 (max threshold 6)
[1094.258s][info ][gc,heap      ] GC(1161) ParNew: 244123K->3889K(270976K)
[1094.258s][info ][gc,heap      ] GC(1161) CMS: 374512K->374626K(602112K)
[1094.258s][info ][gc,metaspace ] GC(1161) Metaspace: 57751K->57751K(1101824K)
[1094.258s][info ][gc           ] GC(1161) Pause Young (Allocation Failure) 604M->369M(852M) 4.403ms
[1094.258s][info ][gc,cpu       ] GC(1161) User=0.02s Sys=0.00s Real=0.01s
[1094.258s][info ][safepoint    ] Leaving safepoint region
[1094.258s][info ][safepoint    ] Total time for which application threads were stopped: 0.0046012 seconds, Stopping threads took: 0.0000739 seconds
[1095.178s][info ][safepoint    ] Application time: 0.9201973 seconds
[1095.178s][info ][safepoint    ] Entering safepoint region: GenCollectForAllocation
[1095.178s][info ][gc,start     ] GC(1162) Pause Young (Allocation Failure)
[1095.178s][info ][gc,task      ] GC(1162) Using 4 workers of 4 for evacuation
[1095.182s][debug][gc,ref       ] GC(1162) Skipped phase1 of Reference Processing due to unavailable references
[1095.182s][debug][gc,ref       ] GC(1162) Skipped phase2 of Reference Processing due to unavailable references
[1095.182s][debug][gc,ref       ] GC(1162) Skipped phase3 of Reference Processing due to unavailable references
[1095.182s][debug][gc,ref       ] GC(1162) Skipped phase4 of Reference Processing due to unavailable references
[1095.182s][debug][gc,age       ] GC(1162) Desired survivor size 15400960 bytes, new threshold 6 (max threshold 6)
[1095.182s][info ][gc,heap      ] GC(1162) ParNew: 244785K->2969K(270976K)
[1095.182s][info ][gc,heap      ] GC(1162) CMS: 374626K->374654K(602112K)
[1095.182s][info ][gc,metaspace ] GC(1162) Metaspace: 57751K->57751K(1101824K)
[1095.182s][info ][gc           ] GC(1162) Pause Young (Allocation Failure) 604M->368M(852M) 4.365ms
[1095.182s][info ][gc,cpu       ] GC(1162) User=0.02s Sys=0.00s Real=0.00s
[1095.182s][info ][safepoint    ] Leaving safepoint region
[1095.182s][info ][safepoint    ] Total time for which application threads were stopped: 0.0045035 seconds, Stopping threads took: 0.0000149 seconds
[1096.183s][info ][safepoint    ] Application time: 1.0001024 seconds
[1096.183s][info ][safepoint    ] Entering safepoint region: Cleanup
[1096.183s][info ][safepoint    ] Leaving safepoint region
[1096.183s][info ][safepoint    ] Total time for which application threads were stopped: 0.0001415 seconds, Stopping threads took: 0.0000750 seconds
[1096.335s][info ][safepoint    ] Application time: 0.1518818 seconds
[1096.335s][info ][safepoint    ] Entering safepoint region: GenCollectForAllocation
[1096.335s][info ][gc,start     ] GC(1163) Pause Young (Allocation Failure)
[1096.335s][info ][gc,task      ] GC(1163) Using 4 workers of 4 for evacuation
[1096.339s][debug][gc,ref       ] GC(1163) Skipped phase1 of Reference Processing due to unavailable references
[1096.339s][debug][gc,ref       ] GC(1163) Skipped phase2 of Reference Processing due to unavailable references
[1096.339s][debug][gc,ref       ] GC(1163) Skipped phase3 of Reference Processing due to unavailable references
[1096.339s][debug][gc,ref       ] GC(1163) Skipped phase4 of Reference Processing due to unavailable references
[1096.339s][debug][gc,age       ] GC(1163) Desired survivor size 15400960 bytes, new threshold 6 (max threshold 6)
[1096.339s][info ][gc,heap      ] GC(1163) ParNew: 243865K->3305K(270976K)
[1096.339s][info ][gc,heap      ] GC(1163) CMS: 374654K->374675K(602112K)
[1096.339s][info ][gc,metaspace ] GC(1163) Metaspace: 57751K->57751K(1101824K)
[1096.339s][info ][gc           ] GC(1163) Pause Young (Allocation Failure) 604M->369M(852M) 4.024ms
[1096.339s][info ][gc,cpu       ] GC(1163) User=0.02s Sys=0.00s Real=0.01s
[1096.339s][info ][safepoint    ] Leaving safepoint region
[1096.339s][info ][safepoint    ] Total time for which application threads were stopped: 0.0041823 seconds, Stopping threads took: 0.0000142 seconds
[1097.339s][info ][safepoint    ] Application time: 1.0001049 seconds
[1097.339s][info ][safepoint    ] Entering safepoint region: Cleanup
[1097.339s][info ][safepoint    ] Leaving safepoint region
[1097.339s][info ][safepoint    ] Total time for which application threads were stopped: 0.0000659 seconds, Stopping threads took: 0.0000143 seconds
[1097.372s][info ][safepoint    ] Application time: 0.0328576 seconds
[1097.372s][info ][safepoint    ] Entering safepoint region: GenCollectForAllocation
[1097.372s][info ][gc,start     ] GC(1164) Pause Young (Allocation Failure)
[1097.372s][info ][gc,task      ] GC(1164) Using 4 workers of 4 for evacuation
[1097.376s][debug][gc,ref       ] GC(1164) Skipped phase1 of Reference Processing due to unavailable references
[1097.376s][debug][gc,ref       ] GC(1164) Skipped phase2 of Reference Processing due to unavailable references
[1097.376s][debug][gc,ref       ] GC(1164) Skipped phase3 of Reference Processing due to unavailable references
[1097.376s][debug][gc,ref       ] GC(1164) Skipped phase4 of Reference Processing due to unavailable references
[1097.376s][debug][gc,age       ] GC(1164) Desired survivor size 15400960 bytes, new threshold 6 (max threshold 6)
[1097.376s][info ][gc,heap      ] GC(1164) ParNew: 244201K->3379K(270976K)
[1097.376s][info ][gc,heap      ] GC(1164) CMS: 374675K->374766K(602112K)
[1097.376s][info ][gc,metaspace ] GC(1164) Metaspace: 57751K->57751K(1101824K)
[1097.376s][info ][gc           ] GC(1164) Pause Young (Allocation Failure) 604M->369M(852M) 4.440ms
[1097.376s][info ][gc,cpu       ] GC(1164) User=0.02s Sys=0.00s Real=0.01s
[1097.376s][info ][safepoint    ] Leaving safepoint region
[1097.376s][info ][safepoint    ] Total time for which application threads were stopped: 0.0045746 seconds, Stopping threads took: 0.0000142 seconds
[1098.377s][info ][safepoint    ] Application time: 1.0001020 seconds
[1098.377s][info ][safepoint    ] Entering safepoint region: Cleanup
[1098.377s][info ][safepoint    ] Leaving safepoint region
[1098.377s][info ][safepoint    ] Total time for which application threads were stopped: 0.0001434 seconds, Stopping threads took: 0.0000602 seconds
[1098.474s][info ][safepoint    ] Application time: 0.0969379 seconds
[1098.474s][info ][safepoint    ] Entering safepoint region: GenCollectForAllocation
[1098.474s][info ][gc,start     ] GC(1165) Pause Young (Allocation Failure)
[1098.474s][info ][gc,task      ] GC(1165) Using 4 workers of 4 for evacuation
[1098.478s][debug][gc,ref       ] GC(1165) Skipped phase1 of Reference Processing due to unavailable references
[1098.478s][debug][gc,ref       ] GC(1165) Skipped phase2 of Reference Processing due to unavailable references
[1098.478s][debug][gc,ref       ] GC(1165) Skipped phase3 of Reference Processing due to unavailable references
[1098.478s][debug][gc,ref       ] GC(1165) Skipped phase4 of Reference Processing due to unavailable references
[1098.478s][debug][gc,age       ] GC(1165) Desired survivor size 15400960 bytes, new threshold 6 (max threshold 6)
[1098.478s][info ][gc,heap      ] GC(1165) ParNew: 244275K->3788K(270976K)
[1098.478s][info ][gc,heap      ] GC(1165) CMS: 374766K->374872K(602112K)
[1098.478s][info ][gc,metaspace ] GC(1165) Metaspace: 57755K->57755K(1101824K)
[1098.478s][info ][gc           ] GC(1165) Pause Young (Allocation Failure) 604M->369M(852M) 4.093ms
[1098.478s][info ][gc,cpu       ] GC(1165) User=0.01s Sys=0.00s Real=0.01s
[1098.478s][info ][safepoint    ] Leaving safepoint region
[1098.478s][info ][safepoint    ] Total time for which application threads were stopped: 0.0042553 seconds, Stopping threads took: 0.0000137 seconds
[1099.478s][info ][safepoint    ] Application time: 1.0001318 seconds
[1099.478s][info ][safepoint    ] Entering safepoint region: Cleanup
[1099.478s][info ][safepoint    ] Leaving safepoint region
[1099.478s][info ][safepoint    ] Total time for which application threads were stopped: 0.0001379 seconds, Stopping threads took: 0.0000723 seconds
[1099.527s][info ][safepoint    ] Application time: 0.0488758 seconds
[1099.527s][info ][safepoint    ] Entering safepoint region: GenCollectForAllocation
[1099.527s][info ][gc,start     ] GC(1166) Pause Young (Allocation Failure)
[1099.527s][info ][gc,task      ] GC(1166) Using 4 workers of 4 for evacuation
[1099.532s][debug][gc,ref       ] GC(1166) Skipped phase1 of Reference Processing due to unavailable references
[1099.532s][debug][gc,ref       ] GC(1166) Skipped phase2 of Reference Processing due to unavailable references
[1099.532s][debug][gc,ref       ] GC(1166) Skipped phase3 of Reference Processing due to unavailable references
[1099.532s][debug][gc,ref       ] GC(1166) Skipped phase4 of Reference Processing due to unavailable references
[1099.533s][debug][gc,age       ] GC(1166) Desired survivor size 15400960 bytes, new threshold 6 (max threshold 6)
[1099.533s][info ][gc,heap      ] GC(1166) ParNew: 244684K->3344K(270976K)
[1099.533s][info ][gc,heap      ] GC(1166) CMS: 374872K->374952K(602112K)
[1099.533s][info ][gc,metaspace ] GC(1166) Metaspace: 57756K->57756K(1101824K)
[1099.533s][info ][gc           ] GC(1166) Pause Young (Allocation Failure) 605M->369M(852M) 5.302ms
[1099.533s][info ][gc,cpu       ] GC(1166) User=0.01s Sys=0.00s Real=0.00s
[1099.533s][info ][safepoint    ] Leaving safepoint region
[1099.533s][info ][safepoint    ] Total time for which application threads were stopped: 0.0054698 seconds, Stopping threads took: 0.0000149 seconds
[1100.533s][info ][safepoint    ] Application time: 1.0001061 seconds
[1100.533s][info ][safepoint    ] Entering safepoint region: Cleanup
[1100.533s][info ][safepoint    ] Leaving safepoint region
[1100.533s][info ][safepoint    ] Total time for which application threads were stopped: 0.0001197 seconds, Stopping threads took: 0.0000524 seconds
[1100.630s][info ][safepoint    ] Application time: 0.0973070 seconds
[1100.630s][info ][safepoint    ] Entering safepoint region: GenCollectForAllocation
[1100.630s][info ][gc,start     ] GC(1167) Pause Young (Allocation Failure)
[1100.630s][info ][gc,task      ] GC(1167) Using 4 workers of 4 for evacuation
[1100.634s][debug][gc,ref       ] GC(1167) Skipped phase1 of Reference Processing due to unavailable references
[1100.634s][debug][gc,ref       ] GC(1167) Skipped phase2 of Reference Processing due to unavailable references
[1100.634s][debug][gc,ref       ] GC(1167) Skipped phase3 of Reference Processing due to unavailable references
[1100.634s][debug][gc,ref       ] GC(1167) Skipped phase4 of Reference Processing due to unavailable references
[1100.634s][debug][gc,age       ] GC(1167) Desired survivor size 15400960 bytes, new threshold 6 (max threshold 6)
[1100.634s][info ][gc,heap      ] GC(1167) ParNew: 244240K->2865K(270976K)
[1100.634s][info ][gc,heap      ] GC(1167) CMS: 374952K->375034K(602112K)
[1100.634s][info ][gc,metaspace ] GC(1167) Metaspace: 57756K->57756K(1101824K)
[1100.634s][info ][gc           ] GC(1167) Pause Young (Allocation Failure) 604M->369M(852M) 3.995ms
[1100.634s][info ][gc,cpu       ] GC(1167) User=0.02s Sys=0.00s Real=0.00s
[1100.634s][info ][safepoint    ] Leaving safepoint region
[1100.634s][info ][safepoint    ] Total time for which application threads were stopped: 0.0041553 seconds, Stopping threads took: 0.0000153 seconds
[1101.635s][info ][safepoint    ] Application time: 1.0001179 seconds
[1101.635s][info ][safepoint    ] Entering safepoint region: Cleanup
[1101.635s][info ][safepoint    ] Leaving safepoint region
[1101.635s][info ][safepoint    ] Total time for which application threads were stopped: 0.0000908 seconds, Stopping threads took: 0.0000144 seconds
[1101.751s][info ][safepoint    ] Application time: 0.1162329 seconds
[1101.751s][info ][safepoint    ] Entering safepoint region: GenCollectForAllocation
[1101.751s][info ][gc,start     ] GC(1168) Pause Young (Allocation Failure)
[1101.751s][info ][gc,task      ] GC(1168) Using 4 workers of 4 for evacuation
[1101.755s][debug][gc,ref       ] GC(1168) Skipped phase1 of Reference Processing due to unavailable references
[1101.755s][debug][gc,ref       ] GC(1168) Skipped phase2 of Reference Processing due to unavailable references
[1101.755s][debug][gc,ref       ] GC(1168) Skipped phase3 of Reference Processing due to unavailable references
[1101.755s][debug][gc,ref       ] GC(1168) Skipped phase4 of Reference Processing due to unavailable references
[1101.755s][debug][gc,age       ] GC(1168) Desired survivor size 15400960 bytes, new threshold 6 (max threshold 6)
[1101.755s][info ][gc,heap      ] GC(1168) ParNew: 243761K->2796K(270976K)
[1101.755s][info ][gc,heap      ] GC(1168) CMS: 375034K->375044K(602112K)
[1101.755s][info ][gc,metaspace ] GC(1168) Metaspace: 57761K->57761K(1101824K)
[1101.755s][info ][gc           ] GC(1168) Pause Young (Allocation Failure) 604M->368M(852M) 3.882ms
[1101.755s][info ][gc,cpu       ] GC(1168) User=0.01s Sys=0.00s Real=0.00s
[1101.755s][info ][safepoint    ] Leaving safepoint region
[1101.755s][info ][safepoint    ] Total time for which application threads were stopped: 0.0040172 seconds, Stopping threads took: 0.0000153 seconds
[1102.755s][info ][safepoint    ] Application time: 1.0001778 seconds
[1102.755s][info ][safepoint    ] Entering safepoint region: Cleanup
[1102.755s][info ][safepoint    ] Leaving safepoint region
[1102.755s][info ][safepoint    ] Total time for which application threads were stopped: 0.0001264 seconds, Stopping threads took: 0.0000552 seconds
[1102.851s][info ][safepoint    ] Application time: 0.0957453 seconds
[1102.851s][info ][safepoint    ] Entering safepoint region: GenCollectForAllocation
[1102.851s][info ][gc,start     ] GC(1169) Pause Young (Allocation Failure)
[1102.851s][info ][gc,task      ] GC(1169) Using 4 workers of 4 for evacuation
[1102.855s][debug][gc,ref       ] GC(1169) Skipped phase1 of Reference Processing due to unavailable references
[1102.855s][debug][gc,ref       ] GC(1169) Skipped phase2 of Reference Processing due to unavailable references
[1102.855s][debug][gc,ref       ] GC(1169) Skipped phase3 of Reference Processing due to unavailable references
[1102.855s][debug][gc,ref       ] GC(1169) Skipped phase4 of Reference Processing due to unavailable references
[1102.855s][debug][gc,age       ] GC(1169) Desired survivor size 15400960 bytes, new threshold 6 (max threshold 6)
[1102.855s][info ][gc,heap      ] GC(1169) ParNew: 243692K->3206K(270976K)
[1102.855s][info ][gc,heap      ] GC(1169) CMS: 375044K->375086K(602112K)
[1102.855s][info ][gc,metaspace ] GC(1169) Metaspace: 57763K->57763K(1101824K)
[1102.855s][info ][gc           ] GC(1169) Pause Young (Allocation Failure) 604M->369M(852M) 3.909ms
[1102.855s][info ][gc,cpu       ] GC(1169) User=0.01s Sys=0.00s Real=0.00s
[1102.855s][info ][safepoint    ] Leaving safepoint region
[1102.855s][info ][safepoint    ] Total time for which application threads were stopped: 0.0040579 seconds, Stopping threads took: 0.0000151 seconds
[1103.855s][info ][safepoint    ] Application time: 1.0000933 seconds
[1103.855s][info ][safepoint    ] Entering safepoint region: Cleanup
[1103.855s][info ][safepoint    ] Leaving safepoint region
[1103.855s][info ][safepoint    ] Total time for which application threads were stopped: 0.0001539 seconds, Stopping threads took: 0.0000619 seconds
[1103.924s][info ][safepoint    ] Application time: 0.0684177 seconds
[1103.924s][info ][safepoint    ] Entering safepoint region: GenCollectForAllocation
[1103.924s][info ][gc,start     ] GC(1170) Pause Young (Allocation Failure)
[1103.924s][info ][gc,task      ] GC(1170) Using 4 workers of 4 for evacuation
[1103.930s][debug][gc,ref       ] GC(1170) Skipped phase1 of Reference Processing due to unavailable references
[1103.930s][debug][gc,ref       ] GC(1170) Skipped phase2 of Reference Processing due to unavailable references
[1103.930s][debug][gc,ref       ] GC(1170) Skipped phase3 of Reference Processing due to unavailable references
[1103.930s][debug][gc,ref       ] GC(1170) Skipped phase4 of Reference Processing due to unavailable references
[1103.930s][debug][gc,age       ] GC(1170) Desired survivor size 15400960 bytes, new threshold 6 (max threshold 6)
[1103.930s][info ][gc,heap      ] GC(1170) ParNew: 244102K->3551K(270976K)
[1103.930s][info ][gc,heap      ] GC(1170) CMS: 375086K->375213K(602112K)
[1103.930s][info ][gc,metaspace ] GC(1170) Metaspace: 57765K->57765K(1101824K)
[1103.930s][info ][gc           ] GC(1170) Pause Young (Allocation Failure) 604M->369M(852M) 6.094ms
[1103.930s][info ][gc,cpu       ] GC(1170) User=0.02s Sys=0.00s Real=0.00s
[1103.930s][info ][safepoint    ] Leaving safepoint region
[1103.930s][info ][safepoint    ] Total time for which application threads were stopped: 0.0062487 seconds, Stopping threads took: 0.0000150 seconds
[1104.930s][info ][safepoint    ] Application time: 1.0001128 seconds
[1104.930s][info ][safepoint    ] Entering safepoint region: Cleanup
[1104.930s][info ][safepoint    ] Leaving safepoint region
[1104.930s][info ][safepoint    ] Total time for which application threads were stopped: 0.0001177 seconds, Stopping threads took: 0.0000453 seconds
[1105.031s][info ][safepoint    ] Application time: 0.1005117 seconds
[1105.031s][info ][safepoint    ] Entering safepoint region: GenCollectForAllocation
[1105.031s][info ][gc,start     ] GC(1171) Pause Young (Allocation Failure)
[1105.031s][info ][gc,task      ] GC(1171) Using 4 workers of 4 for evacuation
[1105.035s][debug][gc,ref       ] GC(1171) Skipped phase1 of Reference Processing due to unavailable references
[1105.035s][debug][gc,ref       ] GC(1171) Skipped phase2 of Reference Processing due to unavailable references
[1105.035s][debug][gc,ref       ] GC(1171) Skipped phase3 of Reference Processing due to unavailable references
[1105.035s][debug][gc,ref       ] GC(1171) Skipped phase4 of Reference Processing due to unavailable references
[1105.036s][debug][gc,age       ] GC(1171) Desired survivor size 15400960 bytes, new threshold 6 (max threshold 6)
[1105.036s][info ][gc,heap      ] GC(1171) ParNew: 244447K->2897K(270976K)
[1105.036s][info ][gc,heap      ] GC(1171) CMS: 375213K->375307K(602112K)
[1105.036s][info ][gc,metaspace ] GC(1171) Metaspace: 57766K->57766K(1101824K)
[1105.036s][info ][gc           ] GC(1171) Pause Young (Allocation Failure) 605M->369M(852M) 4.461ms
[1105.036s][info ][gc,cpu       ] GC(1171) User=0.02s Sys=0.00s Real=0.01s
[1105.036s][info ][safepoint    ] Leaving safepoint region
[1105.036s][info ][safepoint    ] Total time for which application threads were stopped: 0.0046152 seconds, Stopping threads took: 0.0000142 seconds
[1106.036s][info ][safepoint    ] Application time: 1.0001064 seconds
[1106.036s][info ][safepoint    ] Entering safepoint region: Cleanup
[1106.036s][info ][safepoint    ] Leaving safepoint region
[1106.036s][info ][safepoint    ] Total time for which application threads were stopped: 0.0001307 seconds, Stopping threads took: 0.0000635 seconds
[1106.167s][info ][safepoint    ] Application time: 0.1310456 seconds
[1106.167s][info ][safepoint    ] Entering safepoint region: GenCollectForAllocation
[1106.167s][info ][gc,start     ] GC(1172) Pause Young (Allocation Failure)
[1106.167s][info ][gc,task      ] GC(1172) Using 4 workers of 4 for evacuation
[1106.171s][debug][gc,ref       ] GC(1172) Skipped phase1 of Reference Processing due to unavailable references
[1106.171s][debug][gc,ref       ] GC(1172) Skipped phase2 of Reference Processing due to unavailable references
[1106.171s][debug][gc,ref       ] GC(1172) Skipped phase3 of Reference Processing due to unavailable references
[1106.171s][debug][gc,ref       ] GC(1172) Skipped phase4 of Reference Processing due to unavailable references
[1106.171s][debug][gc,age       ] GC(1172) Desired survivor size 15400960 bytes, new threshold 6 (max threshold 6)
[1106.171s][info ][gc,heap      ] GC(1172) ParNew: 243793K->2457K(270976K)
[1106.171s][info ][gc,heap      ] GC(1172) CMS: 375307K->375346K(602112K)
[1106.171s][info ][gc,metaspace ] GC(1172) Metaspace: 57766K->57766K(1101824K)
[1106.171s][info ][gc           ] GC(1172) Pause Young (Allocation Failure) 604M->368M(852M) 4.113ms
[1106.171s][info ][gc,cpu       ] GC(1172) User=0.01s Sys=0.01s Real=0.00s
[1106.171s][info ][safepoint    ] Leaving safepoint region
[1106.171s][info ][safepoint    ] Total time for which application threads were stopped: 0.0042723 seconds, Stopping threads took: 0.0000232 seconds
[1107.171s][info ][safepoint    ] Application time: 1.0001600 seconds
[1107.172s][info ][safepoint    ] Entering safepoint region: Cleanup
[1107.172s][info ][safepoint    ] Leaving safepoint region
[1107.172s][info ][safepoint    ] Total time for which application threads were stopped: 0.0001411 seconds, Stopping threads took: 0.0000745 seconds
[1107.262s][info ][safepoint    ] Application time: 0.0908582 seconds
[1107.262s][info ][safepoint    ] Entering safepoint region: GenCollectForAllocation
[1107.263s][info ][gc,start     ] GC(1173) Pause Young (Allocation Failure)
[1107.263s][info ][gc,task      ] GC(1173) Using 4 workers of 4 for evacuation
[1107.266s][debug][gc,ref       ] GC(1173) Skipped phase1 of Reference Processing due to unavailable references
[1107.266s][debug][gc,ref       ] GC(1173) Skipped phase2 of Reference Processing due to unavailable references
[1107.266s][debug][gc,ref       ] GC(1173) Skipped phase3 of Reference Processing due to unavailable references
[1107.266s][debug][gc,ref       ] GC(1173) Skipped phase4 of Reference Processing due to unavailable references
[1107.267s][debug][gc,age       ] GC(1173) Desired survivor size 15400960 bytes, new threshold 6 (max threshold 6)
[1107.267s][info ][gc,heap      ] GC(1173) ParNew: 243353K->2886K(270976K)
[1107.267s][info ][gc,heap      ] GC(1173) CMS: 375346K->375406K(602112K)
[1107.267s][info ][gc,metaspace ] GC(1173) Metaspace: 57766K->57766K(1101824K)
[1107.267s][info ][gc           ] GC(1173) Pause Young (Allocation Failure) 604M->369M(852M) 3.977ms
[1107.267s][info ][gc,cpu       ] GC(1173) User=0.01s Sys=0.00s Real=0.01s
[1107.267s][info ][safepoint    ] Leaving safepoint region
[1107.267s][info ][safepoint    ] Total time for which application threads were stopped: 0.0041170 seconds, Stopping threads took: 0.0000136 seconds
[1108.253s][info ][safepoint    ] Application time: 0.9863484 seconds
[1108.253s][info ][safepoint    ] Entering safepoint region: GenCollectForAllocation
[1108.253s][info ][gc,start     ] GC(1174) Pause Young (Allocation Failure)
[1108.253s][info ][gc,task      ] GC(1174) Using 4 workers of 4 for evacuation
[1108.257s][debug][gc,ref       ] GC(1174) Skipped phase1 of Reference Processing due to unavailable references
[1108.257s][debug][gc,ref       ] GC(1174) Skipped phase2 of Reference Processing due to unavailable references
[1108.257s][debug][gc,ref       ] GC(1174) Skipped phase3 of Reference Processing due to unavailable references
[1108.257s][debug][gc,ref       ] GC(1174) Skipped phase4 of Reference Processing due to unavailable references
[1108.257s][debug][gc,age       ] GC(1174) Desired survivor size 15400960 bytes, new threshold 6 (max threshold 6)
[1108.257s][info ][gc,heap      ] GC(1174) ParNew: 243782K->3612K(270976K)
[1108.257s][info ][gc,heap      ] GC(1174) CMS: 375406K->375527K(602112K)
[1108.257s][info ][gc,metaspace ] GC(1174) Metaspace: 57766K->57766K(1101824K)
[1108.257s][info ][gc           ] GC(1174) Pause Young (Allocation Failure) 604M->370M(852M) 4.353ms
[1108.257s][info ][gc,cpu       ] GC(1174) User=0.02s Sys=0.00s Real=0.01s
[1108.257s][info ][safepoint    ] Leaving safepoint region
[1108.257s][info ][safepoint    ] Total time for which application threads were stopped: 0.0045204 seconds, Stopping threads took: 0.0000447 seconds
[1109.258s][info ][safepoint    ] Application time: 1.0000972 seconds
[1109.258s][info ][safepoint    ] Entering safepoint region: Cleanup
[1109.258s][info ][safepoint    ] Leaving safepoint region
[1109.258s][info ][safepoint    ] Total time for which application threads were stopped: 0.0001242 seconds, Stopping threads took: 0.0000677 seconds
[1109.323s][info ][safepoint    ] Application time: 0.0653238 seconds
[1109.323s][info ][safepoint    ] Entering safepoint region: GenCollectForAllocation
[1109.323s][info ][gc,start     ] GC(1175) Pause Young (Allocation Failure)
[1109.323s][info ][gc,task      ] GC(1175) Using 4 workers of 4 for evacuation
[1109.328s][debug][gc,ref       ] GC(1175) Skipped phase1 of Reference Processing due to unavailable references
[1109.328s][debug][gc,ref       ] GC(1175) Skipped phase2 of Reference Processing due to unavailable references
[1109.328s][debug][gc,ref       ] GC(1175) Skipped phase3 of Reference Processing due to unavailable references
[1109.328s][debug][gc,ref       ] GC(1175) Skipped phase4 of Reference Processing due to unavailable references
[1109.328s][debug][gc,age       ] GC(1175) Desired survivor size 15400960 bytes, new threshold 6 (max threshold 6)
[1109.328s][info ][gc,heap      ] GC(1175) ParNew: 244508K->2444K(270976K)
[1109.328s][info ][gc,heap      ] GC(1175) CMS: 375527K->375769K(602112K)
[1109.328s][info ][gc,metaspace ] GC(1175) Metaspace: 57766K->57766K(1101824K)
[1109.328s][info ][gc           ] GC(1175) Pause Young (Allocation Failure) 605M->369M(852M) 4.467ms
[1109.328s][info ][gc,cpu       ] GC(1175) User=0.02s Sys=0.00s Real=0.01s
[1109.328s][info ][safepoint    ] Leaving safepoint region
[1109.328s][info ][safepoint    ] Total time for which application threads were stopped: 0.0046444 seconds, Stopping threads took: 0.0000205 seconds
[1110.328s][info ][safepoint    ] Application time: 1.0000934 seconds
[1110.328s][info ][safepoint    ] Entering safepoint region: Cleanup
[1110.328s][info ][safepoint    ] Leaving safepoint region
[1110.328s][info ][safepoint    ] Total time for which application threads were stopped: 0.0001456 seconds, Stopping threads took: 0.0000679 seconds
[1110.480s][info ][safepoint    ] Application time: 0.1518206 seconds
[1110.480s][info ][safepoint    ] Entering safepoint region: GenCollectForAllocation
[1110.480s][info ][gc,start     ] GC(1176) Pause Young (Allocation Failure)
[1110.480s][info ][gc,task      ] GC(1176) Using 4 workers of 4 for evacuation
[1110.484s][debug][gc,ref       ] GC(1176) Skipped phase1 of Reference Processing due to unavailable references
[1110.484s][debug][gc,ref       ] GC(1176) Skipped phase2 of Reference Processing due to unavailable references
[1110.484s][debug][gc,ref       ] GC(1176) Skipped phase3 of Reference Processing due to unavailable references
[1110.484s][debug][gc,ref       ] GC(1176) Skipped phase4 of Reference Processing due to unavailable references
[1110.484s][debug][gc,age       ] GC(1176) Desired survivor size 15400960 bytes, new threshold 6 (max threshold 6)
[1110.484s][info ][gc,heap      ] GC(1176) ParNew: 243340K->3662K(270976K)
[1110.484s][info ][gc,heap      ] GC(1176) CMS: 375769K->375857K(602112K)
[1110.484s][info ][gc,metaspace ] GC(1176) Metaspace: 57766K->57766K(1101824K)
[1110.484s][info ][gc           ] GC(1176) Pause Young (Allocation Failure) 604M->370M(852M) 4.042ms
[1110.484s][info ][gc,cpu       ] GC(1176) User=0.02s Sys=0.00s Real=0.01s
[1110.484s][info ][safepoint    ] Leaving safepoint region
[1110.484s][info ][safepoint    ] Total time for which application threads were stopped: 0.0041895 seconds, Stopping threads took: 0.0000144 seconds
[1111.484s][info ][safepoint    ] Application time: 1.0000943 seconds
[1111.484s][info ][safepoint    ] Entering safepoint region: Cleanup
[1111.484s][info ][safepoint    ] Leaving safepoint region
[1111.484s][info ][safepoint    ] Total time for which application threads were stopped: 0.0000670 seconds, Stopping threads took: 0.0000143 seconds
[1111.521s][info ][safepoint    ] Application time: 0.0363270 seconds
[1111.521s][info ][safepoint    ] Entering safepoint region: GenCollectForAllocation
[1111.521s][info ][gc,start     ] GC(1177) Pause Young (Allocation Failure)
[1111.521s][info ][gc,task      ] GC(1177) Using 4 workers of 4 for evacuation
[1111.525s][debug][gc,ref       ] GC(1177) Skipped phase1 of Reference Processing due to unavailable references
[1111.525s][debug][gc,ref       ] GC(1177) Skipped phase2 of Reference Processing due to unavailable references
[1111.525s][debug][gc,ref       ] GC(1177) Skipped phase3 of Reference Processing due to unavailable references
[1111.525s][debug][gc,ref       ] GC(1177) Skipped phase4 of Reference Processing due to unavailable references
[1111.525s][debug][gc,age       ] GC(1177) Desired survivor size 15400960 bytes, new threshold 6 (max threshold 6)
[1111.525s][info ][gc,heap      ] GC(1177) ParNew: 244558K->2939K(270976K)
[1111.525s][info ][gc,heap      ] GC(1177) CMS: 375857K->375873K(602112K)
[1111.525s][info ][gc,metaspace ] GC(1177) Metaspace: 57766K->57766K(1101824K)
[1111.525s][info ][gc           ] GC(1177) Pause Young (Allocation Failure) 605M->369M(852M) 4.412ms
[1111.525s][info ][gc,cpu       ] GC(1177) User=0.02s Sys=0.00s Real=0.01s
[1111.525s][info ][safepoint    ] Leaving safepoint region
[1111.525s][info ][safepoint    ] Total time for which application threads were stopped: 0.0045846 seconds, Stopping threads took: 0.0000171 seconds
[1112.525s][info ][safepoint    ] Application time: 1.0000904 seconds
[1112.525s][info ][safepoint    ] Entering safepoint region: Cleanup
[1112.526s][info ][safepoint    ] Leaving safepoint region
[1112.526s][info ][safepoint    ] Total time for which application threads were stopped: 0.0001664 seconds, Stopping threads took: 0.0000853 seconds
[1112.593s][info ][safepoint    ] Application time: 0.0674690 seconds
[1112.593s][info ][safepoint    ] Entering safepoint region: GenCollectForAllocation
[1112.593s][info ][gc,start     ] GC(1178) Pause Young (Allocation Failure)
[1112.593s][info ][gc,task      ] GC(1178) Using 4 workers of 4 for evacuation
[1112.601s][debug][gc,ref       ] GC(1178) Skipped phase1 of Reference Processing due to unavailable references
[1112.601s][debug][gc,ref       ] GC(1178) Skipped phase2 of Reference Processing due to unavailable references
[1112.601s][debug][gc,ref       ] GC(1178) Skipped phase3 of Reference Processing due to unavailable references
[1112.601s][debug][gc,ref       ] GC(1178) Skipped phase4 of Reference Processing due to unavailable references
[1112.602s][debug][gc,age       ] GC(1178) Desired survivor size 15400960 bytes, new threshold 6 (max threshold 6)
[1112.602s][info ][gc,heap      ] GC(1178) ParNew: 243835K->3276K(270976K)
[1112.602s][info ][gc,heap      ] GC(1178) CMS: 375873K->375970K(602112K)
[1112.602s][info ][gc,metaspace ] GC(1178) Metaspace: 57766K->57766K(1101824K)
[1112.602s][info ][gc           ] GC(1178) Pause Young (Allocation Failure) 605M->370M(852M) 8.435ms
[1112.602s][info ][gc,cpu       ] GC(1178) User=0.01s Sys=0.00s Real=0.01s
[1112.602s][info ][safepoint    ] Leaving safepoint region
[1112.602s][info ][safepoint    ] Total time for which application threads were stopped: 0.0085915 seconds, Stopping threads took: 0.0000134 seconds
[1113.602s][info ][safepoint    ] Application time: 1.0001005 seconds
[1113.602s][info ][safepoint    ] Entering safepoint region: Cleanup
[1113.602s][info ][safepoint    ] Leaving safepoint region
[1113.602s][info ][safepoint    ] Total time for which application threads were stopped: 0.0001524 seconds, Stopping threads took: 0.0000635 seconds
[1113.677s][info ][safepoint    ] Application time: 0.0747980 seconds
[1113.677s][info ][safepoint    ] Entering safepoint region: GenCollectForAllocation
[1113.677s][info ][gc,start     ] GC(1179) Pause Young (Allocation Failure)
[1113.677s][info ][gc,task      ] GC(1179) Using 4 workers of 4 for evacuation
[1113.681s][debug][gc,ref       ] GC(1179) Skipped phase1 of Reference Processing due to unavailable references
[1113.681s][debug][gc,ref       ] GC(1179) Skipped phase2 of Reference Processing due to unavailable references
[1113.681s][debug][gc,ref       ] GC(1179) Skipped phase3 of Reference Processing due to unavailable references
[1113.681s][debug][gc,ref       ] GC(1179) Skipped phase4 of Reference Processing due to unavailable references
[1113.682s][debug][gc,age       ] GC(1179) Desired survivor size 15400960 bytes, new threshold 6 (max threshold 6)
[1113.682s][info ][gc,heap      ] GC(1179) ParNew: 244172K->3165K(270976K)
[1113.682s][info ][gc,heap      ] GC(1179) CMS: 375970K->376067K(602112K)
[1113.682s][info ][gc,metaspace ] GC(1179) Metaspace: 57766K->57766K(1101824K)
[1113.682s][info ][gc           ] GC(1179) Pause Young (Allocation Failure) 605M->370M(852M) 4.750ms
[1113.682s][info ][gc,cpu       ] GC(1179) User=0.02s Sys=0.00s Real=0.00s
[1113.682s][info ][safepoint    ] Leaving safepoint region
[1113.682s][info ][safepoint    ] Total time for which application threads were stopped: 0.0048901 seconds, Stopping threads took: 0.0000142 seconds
[1114.682s][info ][safepoint    ] Application time: 1.0001015 seconds
[1114.682s][info ][safepoint    ] Entering safepoint region: Cleanup
[1114.682s][info ][safepoint    ] Leaving safepoint region
[1114.682s][info ][safepoint    ] Total time for which application threads were stopped: 0.0001289 seconds, Stopping threads took: 0.0000662 seconds
[1114.731s][info ][safepoint    ] Application time: 0.0487978 seconds
[1114.731s][info ][safepoint    ] Entering safepoint region: GenCollectForAllocation
[1114.731s][info ][gc,start     ] GC(1180) Pause Young (Allocation Failure)
[1114.731s][info ][gc,task      ] GC(1180) Using 4 workers of 4 for evacuation
[1114.735s][debug][gc,ref       ] GC(1180) Skipped phase1 of Reference Processing due to unavailable references
[1114.735s][debug][gc,ref       ] GC(1180) Skipped phase2 of Reference Processing due to unavailable references
[1114.735s][debug][gc,ref       ] GC(1180) Skipped phase3 of Reference Processing due to unavailable references
[1114.735s][debug][gc,ref       ] GC(1180) Skipped phase4 of Reference Processing due to unavailable references
[1114.735s][debug][gc,age       ] GC(1180) Desired survivor size 15400960 bytes, new threshold 6 (max threshold 6)
[1114.735s][info ][gc,heap      ] GC(1180) ParNew: 244061K->3195K(270976K)
[1114.735s][info ][gc,heap      ] GC(1180) CMS: 376067K->376125K(602112K)
[1114.735s][info ][gc,metaspace ] GC(1180) Metaspace: 57766K->57766K(1101824K)
[1114.735s][info ][gc           ] GC(1180) Pause Young (Allocation Failure) 605M->370M(852M) 3.910ms
[1114.735s][info ][gc,cpu       ] GC(1180) User=0.01s Sys=0.00s Real=0.00s
[1114.735s][info ][safepoint    ] Leaving safepoint region
[1114.735s][info ][safepoint    ] Total time for which application threads were stopped: 0.0040572 seconds, Stopping threads took: 0.0000144 seconds
[1115.735s][info ][safepoint    ] Application time: 1.0000962 seconds
[1115.735s][info ][safepoint    ] Entering safepoint region: Cleanup
[1115.735s][info ][safepoint    ] Leaving safepoint region
[1115.735s][info ][safepoint    ] Total time for which application threads were stopped: 0.0000599 seconds, Stopping threads took: 0.0000131 seconds
[1115.835s][info ][safepoint    ] Application time: 0.1000788 seconds
[1115.835s][info ][safepoint    ] Entering safepoint region: GenCollectForAllocation
[1115.835s][info ][gc,start     ] GC(1181) Pause Young (Allocation Failure)
[1115.835s][info ][gc,task      ] GC(1181) Using 4 workers of 4 for evacuation
[1115.839s][debug][gc,ref       ] GC(1181) Skipped phase1 of Reference Processing due to unavailable references
[1115.839s][debug][gc,ref       ] GC(1181) Skipped phase2 of Reference Processing due to unavailable references
[1115.839s][debug][gc,ref       ] GC(1181) Skipped phase3 of Reference Processing due to unavailable references
[1115.839s][debug][gc,ref       ] GC(1181) Skipped phase4 of Reference Processing due to unavailable references
[1115.839s][debug][gc,age       ] GC(1181) Desired survivor size 15400960 bytes, new threshold 6 (max threshold 6)
[1115.839s][info ][gc,heap      ] GC(1181) ParNew: 244091K->3177K(270976K)
[1115.839s][info ][gc,heap      ] GC(1181) CMS: 376125K->376134K(602112K)
[1115.839s][info ][gc,metaspace ] GC(1181) Metaspace: 57766K->57766K(1101824K)
[1115.839s][info ][gc           ] GC(1181) Pause Young (Allocation Failure) 605M->370M(852M) 3.927ms
[1115.839s][info ][gc,cpu       ] GC(1181) User=0.02s Sys=0.00s Real=0.01s
[1115.839s][info ][safepoint    ] Leaving safepoint region
[1115.839s][info ][safepoint    ] Total time for which application threads were stopped: 0.0040708 seconds, Stopping threads took: 0.0000137 seconds
[1116.839s][info ][safepoint    ] Application time: 1.0000974 seconds
[1116.839s][info ][safepoint    ] Entering safepoint region: Cleanup
[1116.839s][info ][safepoint    ] Leaving safepoint region
[1116.839s][info ][safepoint    ] Total time for which application threads were stopped: 0.0000623 seconds, Stopping threads took: 0.0000140 seconds
[1116.856s][info ][safepoint    ] Application time: 0.0164453 seconds
[1116.856s][info ][safepoint    ] Entering safepoint region: GenCollectForAllocation
[1116.856s][info ][gc,start     ] GC(1182) Pause Young (Allocation Failure)
[1116.856s][info ][gc,task      ] GC(1182) Using 4 workers of 4 for evacuation
[1116.860s][debug][gc,ref       ] GC(1182) Skipped phase1 of Reference Processing due to unavailable references
[1116.860s][debug][gc,ref       ] GC(1182) Skipped phase2 of Reference Processing due to unavailable references
[1116.860s][debug][gc,ref       ] GC(1182) Skipped phase3 of Reference Processing due to unavailable references
[1116.860s][debug][gc,ref       ] GC(1182) Skipped phase4 of Reference Processing due to unavailable references
[1116.860s][debug][gc,age       ] GC(1182) Desired survivor size 15400960 bytes, new threshold 6 (max threshold 6)
[1116.860s][info ][gc,heap      ] GC(1182) ParNew: 244073K->2681K(270976K)
[1116.860s][info ][gc,heap      ] GC(1182) CMS: 376134K->376242K(602112K)
[1116.860s][info ][gc,metaspace ] GC(1182) Metaspace: 57770K->57770K(1101824K)
[1116.860s][info ][gc           ] GC(1182) Pause Young (Allocation Failure) 605M->370M(852M) 3.853ms
[1116.860s][info ][gc,cpu       ] GC(1182) User=0.02s Sys=0.00s Real=0.00s
[1116.860s][info ][safepoint    ] Leaving safepoint region
[1116.860s][info ][safepoint    ] Total time for which application threads were stopped: 0.0040042 seconds, Stopping threads took: 0.0000322 seconds
[1117.860s][info ][safepoint    ] Application time: 1.0001897 seconds
[1117.860s][info ][safepoint    ] Entering safepoint region: Cleanup
[1117.860s][info ][safepoint    ] Leaving safepoint region
[1117.860s][info ][safepoint    ] Total time for which application threads were stopped: 0.0002231 seconds, Stopping threads took: 0.0001536 seconds
[1118.013s][info ][safepoint    ] Application time: 0.1531145 seconds
[1118.013s][info ][safepoint    ] Entering safepoint region: GenCollectForAllocation
[1118.014s][info ][gc,start     ] GC(1183) Pause Young (Allocation Failure)
[1118.014s][info ][gc,task      ] GC(1183) Using 4 workers of 4 for evacuation
[1118.017s][debug][gc,ref       ] GC(1183) Skipped phase1 of Reference Processing due to unavailable references
[1118.017s][debug][gc,ref       ] GC(1183) Skipped phase2 of Reference Processing due to unavailable references
[1118.017s][debug][gc,ref       ] GC(1183) Skipped phase3 of Reference Processing due to unavailable references
[1118.017s][debug][gc,ref       ] GC(1183) Skipped phase4 of Reference Processing due to unavailable references
[1118.017s][debug][gc,age       ] GC(1183) Desired survivor size 15400960 bytes, new threshold 6 (max threshold 6)
[1118.017s][info ][gc,heap      ] GC(1183) ParNew: 243577K->2551K(270976K)
[1118.017s][info ][gc,heap      ] GC(1183) CMS: 376242K->376314K(602112K)
[1118.017s][info ][gc,metaspace ] GC(1183) Metaspace: 57770K->57770K(1101824K)
[1118.017s][info ][gc           ] GC(1183) Pause Young (Allocation Failure) 605M->369M(852M) 3.617ms
[1118.017s][info ][gc,cpu       ] GC(1183) User=0.01s Sys=0.00s Real=0.01s
[1118.017s][info ][safepoint    ] Leaving safepoint region
[1118.017s][info ][safepoint    ] Total time for which application threads were stopped: 0.0037572 seconds, Stopping threads took: 0.0000143 seconds
[1119.017s][info ][safepoint    ] Application time: 1.0001013 seconds
[1119.017s][info ][safepoint    ] Entering safepoint region: Cleanup
[1119.018s][info ][safepoint    ] Leaving safepoint region
[1119.018s][info ][safepoint    ] Total time for which application threads were stopped: 0.0001440 seconds, Stopping threads took: 0.0000713 seconds
[1119.131s][info ][safepoint    ] Application time: 0.1130638 seconds
[1119.131s][info ][safepoint    ] Entering safepoint region: GenCollectForAllocation
[1119.131s][info ][gc,start     ] GC(1184) Pause Young (Allocation Failure)
[1119.131s][info ][gc,task      ] GC(1184) Using 4 workers of 4 for evacuation
[1119.134s][debug][gc,ref       ] GC(1184) Skipped phase1 of Reference Processing due to unavailable references
[1119.134s][debug][gc,ref       ] GC(1184) Skipped phase2 of Reference Processing due to unavailable references
[1119.134s][debug][gc,ref       ] GC(1184) Skipped phase3 of Reference Processing due to unavailable references
[1119.134s][debug][gc,ref       ] GC(1184) Skipped phase4 of Reference Processing due to unavailable references
[1119.135s][debug][gc,age       ] GC(1184) Desired survivor size 15400960 bytes, new threshold 6 (max threshold 6)
[1119.135s][info ][gc,heap      ] GC(1184) ParNew: 243447K->2931K(270976K)
[1119.135s][info ][gc,heap      ] GC(1184) CMS: 376314K->376589K(602112K)
[1119.135s][info ][gc,metaspace ] GC(1184) Metaspace: 57770K->57770K(1101824K)
[1119.135s][info ][gc           ] GC(1184) Pause Young (Allocation Failure) 605M->370M(852M) 3.937ms
[1119.135s][info ][gc,cpu       ] GC(1184) User=0.01s Sys=0.00s Real=0.00s
[1119.135s][info ][safepoint    ] Leaving safepoint region
[1119.135s][info ][safepoint    ] Total time for which application threads were stopped: 0.0040820 seconds, Stopping threads took: 0.0000151 seconds
[1120.117s][info ][safepoint    ] Application time: 0.9827399 seconds
[1120.117s][info ][safepoint    ] Entering safepoint region: GenCollectForAllocation
[1120.118s][info ][gc,start     ] GC(1185) Pause Young (Allocation Failure)
[1120.118s][info ][gc,task      ] GC(1185) Using 4 workers of 4 for evacuation
[1120.121s][debug][gc,ref       ] GC(1185) Skipped phase1 of Reference Processing due to unavailable references
[1120.121s][debug][gc,ref       ] GC(1185) Skipped phase2 of Reference Processing due to unavailable references
[1120.121s][debug][gc,ref       ] GC(1185) Skipped phase3 of Reference Processing due to unavailable references
[1120.121s][debug][gc,ref       ] GC(1185) Skipped phase4 of Reference Processing due to unavailable references
[1120.122s][debug][gc,age       ] GC(1185) Desired survivor size 15400960 bytes, new threshold 6 (max threshold 6)
[1120.122s][info ][gc,heap      ] GC(1185) ParNew: 243827K->2725K(270976K)
[1120.122s][info ][gc,heap      ] GC(1185) CMS: 376589K->376613K(602112K)
[1120.122s][info ][gc,metaspace ] GC(1185) Metaspace: 57770K->57770K(1101824K)
[1120.122s][info ][gc           ] GC(1185) Pause Young (Allocation Failure) 605M->370M(852M) 3.956ms
[1120.122s][info ][gc,cpu       ] GC(1185) User=0.02s Sys=0.00s Real=0.00s
[1120.122s][info ][safepoint    ] Leaving safepoint region
[1120.122s][info ][safepoint    ] Total time for which application threads were stopped: 0.0041044 seconds, Stopping threads took: 0.0000142 seconds
[1121.122s][info ][safepoint    ] Application time: 1.0000975 seconds
[1121.122s][info ][safepoint    ] Entering safepoint region: Cleanup
[1121.122s][info ][safepoint    ] Leaving safepoint region
[1121.122s][info ][safepoint    ] Total time for which application threads were stopped: 0.0001351 seconds, Stopping threads took: 0.0000660 seconds
[1121.208s][info ][safepoint    ] Application time: 0.0856366 seconds
[1121.208s][info ][safepoint    ] Entering safepoint region: GenCollectForAllocation
[1121.208s][info ][gc,start     ] GC(1186) Pause Young (Allocation Failure)
[1121.208s][info ][gc,task      ] GC(1186) Using 4 workers of 4 for evacuation
[1121.212s][debug][gc,ref       ] GC(1186) Skipped phase1 of Reference Processing due to unavailable references
[1121.212s][debug][gc,ref       ] GC(1186) Skipped phase2 of Reference Processing due to unavailable references
[1121.212s][debug][gc,ref       ] GC(1186) Skipped phase3 of Reference Processing due to unavailable references
[1121.212s][debug][gc,ref       ] GC(1186) Skipped phase4 of Reference Processing due to unavailable references
[1121.212s][debug][gc,age       ] GC(1186) Desired survivor size 15400960 bytes, new threshold 6 (max threshold 6)
[1121.212s][info ][gc,heap      ] GC(1186) ParNew: 243621K->3254K(270976K)
[1121.212s][info ][gc,heap      ] GC(1186) CMS: 376613K->376706K(602112K)
[1121.212s][info ][gc,metaspace ] GC(1186) Metaspace: 57770K->57770K(1101824K)
[1121.212s][info ][gc           ] GC(1186) Pause Young (Allocation Failure) 605M->371M(852M) 4.147ms
[1121.212s][info ][gc,cpu       ] GC(1186) User=0.01s Sys=0.00s Real=0.00s
[1121.212s][info ][safepoint    ] Leaving safepoint region
[1121.212s][info ][safepoint    ] Total time for which application threads were stopped: 0.0042924 seconds, Stopping threads took: 0.0000138 seconds
[1122.212s][info ][safepoint    ] Application time: 1.0001058 seconds
[1122.212s][info ][safepoint    ] Entering safepoint region: Cleanup
[1122.212s][info ][safepoint    ] Leaving safepoint region
[1122.212s][info ][safepoint    ] Total time for which application threads were stopped: 0.0001181 seconds, Stopping threads took: 0.0000522 seconds
[1122.354s][info ][safepoint    ] Application time: 0.1416525 seconds
[1122.354s][info ][safepoint    ] Entering safepoint region: GenCollectForAllocation
[1122.354s][info ][gc,start     ] GC(1187) Pause Young (Allocation Failure)
[1122.354s][info ][gc,task      ] GC(1187) Using 4 workers of 4 for evacuation
[1122.358s][debug][gc,ref       ] GC(1187) Skipped phase1 of Reference Processing due to unavailable references
[1122.358s][debug][gc,ref       ] GC(1187) Skipped phase2 of Reference Processing due to unavailable references
[1122.358s][debug][gc,ref       ] GC(1187) Skipped phase3 of Reference Processing due to unavailable references
[1122.358s][debug][gc,ref       ] GC(1187) Skipped phase4 of Reference Processing due to unavailable references
[1122.358s][debug][gc,age       ] GC(1187) Desired survivor size 15400960 bytes, new threshold 6 (max threshold 6)
[1122.358s][info ][gc,heap      ] GC(1187) ParNew: 244150K->2944K(270976K)
[1122.358s][info ][gc,heap      ] GC(1187) CMS: 376706K->376794K(602112K)
[1122.358s][info ][gc,metaspace ] GC(1187) Metaspace: 57770K->57770K(1101824K)
[1122.358s][info ][gc           ] GC(1187) Pause Young (Allocation Failure) 606M->370M(852M) 4.154ms
[1122.358s][info ][gc,cpu       ] GC(1187) User=0.02s Sys=0.00s Real=0.01s
[1122.358s][info ][safepoint    ] Leaving safepoint region
[1122.358s][info ][safepoint    ] Total time for which application threads were stopped: 0.0043028 seconds, Stopping threads took: 0.0000155 seconds
[1123.358s][info ][safepoint    ] Application time: 1.0000953 seconds
[1123.358s][info ][safepoint    ] Entering safepoint region: Cleanup
[1123.358s][info ][safepoint    ] Leaving safepoint region
[1123.358s][info ][safepoint    ] Total time for which application threads were stopped: 0.0001380 seconds, Stopping threads took: 0.0000640 seconds
[1123.406s][info ][safepoint    ] Application time: 0.0474212 seconds
[1123.406s][info ][safepoint    ] Entering safepoint region: GenCollectForAllocation
[1123.406s][info ][gc,start     ] GC(1188) Pause Young (Allocation Failure)
[1123.406s][info ][gc,task      ] GC(1188) Using 4 workers of 4 for evacuation
[1123.410s][debug][gc,ref       ] GC(1188) Skipped phase1 of Reference Processing due to unavailable references
[1123.410s][debug][gc,ref       ] GC(1188) Skipped phase2 of Reference Processing due to unavailable references
[1123.410s][debug][gc,ref       ] GC(1188) Skipped phase3 of Reference Processing due to unavailable references
[1123.410s][debug][gc,ref       ] GC(1188) Skipped phase4 of Reference Processing due to unavailable references
[1123.410s][debug][gc,age       ] GC(1188) Desired survivor size 15400960 bytes, new threshold 6 (max threshold 6)
[1123.410s][info ][gc,heap      ] GC(1188) ParNew: 243840K->2406K(270976K)
[1123.410s][info ][gc,heap      ] GC(1188) CMS: 376794K->376934K(602112K)
[1123.410s][info ][gc,metaspace ] GC(1188) Metaspace: 57770K->57770K(1101824K)
[1123.410s][info ][gc           ] GC(1188) Pause Young (Allocation Failure) 606M->370M(852M) 4.462ms
[1123.410s][info ][gc,cpu       ] GC(1188) User=0.02s Sys=0.00s Real=0.00s
[1123.410s][info ][safepoint    ] Leaving safepoint region
[1123.410s][info ][safepoint    ] Total time for which application threads were stopped: 0.0046081 seconds, Stopping threads took: 0.0000147 seconds
[1124.411s][info ][safepoint    ] Application time: 1.0001983 seconds
[1124.411s][info ][safepoint    ] Entering safepoint region: Cleanup
[1124.411s][info ][safepoint    ] Leaving safepoint region
[1124.411s][info ][safepoint    ] Total time for which application threads were stopped: 0.0001184 seconds, Stopping threads took: 0.0000546 seconds
[1124.556s][info ][safepoint    ] Application time: 0.1449351 seconds
[1124.556s][info ][safepoint    ] Entering safepoint region: GenCollectForAllocation
[1124.556s][info ][gc,start     ] GC(1189) Pause Young (Allocation Failure)
[1124.556s][info ][gc,task      ] GC(1189) Using 4 workers of 4 for evacuation
[1124.560s][debug][gc,ref       ] GC(1189) Skipped phase1 of Reference Processing due to unavailable references
[1124.560s][debug][gc,ref       ] GC(1189) Skipped phase2 of Reference Processing due to unavailable references
[1124.560s][debug][gc,ref       ] GC(1189) Skipped phase3 of Reference Processing due to unavailable references
[1124.560s][debug][gc,ref       ] GC(1189) Skipped phase4 of Reference Processing due to unavailable references
[1124.560s][debug][gc,age       ] GC(1189) Desired survivor size 15400960 bytes, new threshold 6 (max threshold 6)
[1124.560s][info ][gc,heap      ] GC(1189) ParNew: 243302K->2788K(270976K)
[1124.560s][info ][gc,heap      ] GC(1189) CMS: 376934K->377010K(602112K)
[1124.560s][info ][gc,metaspace ] GC(1189) Metaspace: 57771K->57771K(1101824K)
[1124.560s][info ][gc           ] GC(1189) Pause Young (Allocation Failure) 605M->370M(852M) 4.376ms
[1124.560s][info ][gc,cpu       ] GC(1189) User=0.02s Sys=0.00s Real=0.00s
[1124.560s][info ][safepoint    ] Leaving safepoint region
[1124.560s][info ][safepoint    ] Total time for which application threads were stopped: 0.0045297 seconds, Stopping threads took: 0.0000248 seconds
[1125.560s][info ][safepoint    ] Application time: 1.0001029 seconds
[1125.560s][info ][safepoint    ] Entering safepoint region: Cleanup
[1125.561s][info ][safepoint    ] Leaving safepoint region
[1125.561s][info ][safepoint    ] Total time for which application threads were stopped: 0.0001453 seconds, Stopping threads took: 0.0000726 seconds
[1125.609s][info ][safepoint    ] Application time: 0.0486482 seconds
[1125.609s][info ][safepoint    ] Entering safepoint region: GenCollectForAllocation
[1125.609s][info ][gc,start     ] GC(1190) Pause Young (Allocation Failure)
[1125.609s][info ][gc,task      ] GC(1190) Using 4 workers of 4 for evacuation
[1125.614s][debug][gc,ref       ] GC(1190) Skipped phase1 of Reference Processing due to unavailable references
[1125.614s][debug][gc,ref       ] GC(1190) Skipped phase2 of Reference Processing due to unavailable references
[1125.614s][debug][gc,ref       ] GC(1190) Skipped phase3 of Reference Processing due to unavailable references
[1125.614s][debug][gc,ref       ] GC(1190) Skipped phase4 of Reference Processing due to unavailable references
[1125.614s][debug][gc,age       ] GC(1190) Desired survivor size 15400960 bytes, new threshold 6 (max threshold 6)
[1125.614s][info ][gc,heap      ] GC(1190) ParNew: 243684K->3343K(270976K)
[1125.614s][info ][gc,heap      ] GC(1190) CMS: 377010K->377073K(602112K)
[1125.614s][info ][gc,metaspace ] GC(1190) Metaspace: 57771K->57771K(1101824K)
[1125.614s][info ][gc           ] GC(1190) Pause Young (Allocation Failure) 606M->371M(852M) 4.490ms
[1125.614s][info ][gc,cpu       ] GC(1190) User=0.01s Sys=0.00s Real=0.00s
[1125.614s][info ][safepoint    ] Leaving safepoint region
[1125.614s][info ][safepoint    ] Total time for which application threads were stopped: 0.0046502 seconds, Stopping threads took: 0.0000137 seconds
[1126.614s][info ][safepoint    ] Application time: 1.0001132 seconds
[1126.614s][info ][safepoint    ] Entering safepoint region: Cleanup
[1126.614s][info ][safepoint    ] Leaving safepoint region
[1126.614s][info ][safepoint    ] Total time for which application threads were stopped: 0.0001235 seconds, Stopping threads took: 0.0000559 seconds
[1126.775s][info ][safepoint    ] Application time: 0.1611272 seconds
[1126.775s][info ][safepoint    ] Entering safepoint region: GenCollectForAllocation
[1126.775s][info ][gc,start     ] GC(1191) Pause Young (Allocation Failure)
[1126.775s][info ][gc,task      ] GC(1191) Using 4 workers of 4 for evacuation
[1126.780s][debug][gc,ref       ] GC(1191) Skipped phase1 of Reference Processing due to unavailable references
[1126.780s][debug][gc,ref       ] GC(1191) Skipped phase2 of Reference Processing due to unavailable references
[1126.780s][debug][gc,ref       ] GC(1191) Skipped phase3 of Reference Processing due to unavailable references
[1126.780s][debug][gc,ref       ] GC(1191) Skipped phase4 of Reference Processing due to unavailable references
[1126.780s][debug][gc,age       ] GC(1191) Desired survivor size 15400960 bytes, new threshold 6 (max threshold 6)
[1126.780s][info ][gc,heap      ] GC(1191) ParNew: 244239K->3257K(270976K)
[1126.780s][info ][gc,heap      ] GC(1191) CMS: 377073K->377268K(602112K)
[1126.780s][info ][gc,metaspace ] GC(1191) Metaspace: 57771K->57771K(1101824K)
[1126.780s][info ][gc           ] GC(1191) Pause Young (Allocation Failure) 606M->371M(852M) 4.662ms
[1126.780s][info ][gc,cpu       ] GC(1191) User=0.02s Sys=0.00s Real=0.00s
[1126.780s][info ][safepoint    ] Leaving safepoint region
[1126.780s][info ][safepoint    ] Total time for which application threads were stopped: 0.0048307 seconds, Stopping threads took: 0.0000169 seconds
[1127.780s][info ][safepoint    ] Application time: 1.0001059 seconds
[1127.780s][info ][safepoint    ] Entering safepoint region: Cleanup
[1127.780s][info ][safepoint    ] Leaving safepoint region
[1127.780s][info ][safepoint    ] Total time for which application threads were stopped: 0.0000691 seconds, Stopping threads took: 0.0000162 seconds
[1127.916s][info ][safepoint    ] Application time: 0.1352327 seconds
[1127.916s][info ][safepoint    ] Entering safepoint region: GenCollectForAllocation
[1127.916s][info ][gc,start     ] GC(1192) Pause Young (Allocation Failure)
[1127.916s][info ][gc,task      ] GC(1192) Using 4 workers of 4 for evacuation
[1127.920s][debug][gc,ref       ] GC(1192) Skipped phase1 of Reference Processing due to unavailable references
[1127.920s][debug][gc,ref       ] GC(1192) Skipped phase2 of Reference Processing due to unavailable references
[1127.920s][debug][gc,ref       ] GC(1192) Skipped phase3 of Reference Processing due to unavailable references
[1127.920s][debug][gc,ref       ] GC(1192) Skipped phase4 of Reference Processing due to unavailable references
[1127.920s][debug][gc,age       ] GC(1192) Desired survivor size 15400960 bytes, new threshold 6 (max threshold 6)
[1127.920s][info ][gc,heap      ] GC(1192) ParNew: 244153K->2930K(270976K)
[1127.920s][info ][gc,heap      ] GC(1192) CMS: 377268K->377367K(602112K)
[1127.920s][info ][gc,metaspace ] GC(1192) Metaspace: 57771K->57771K(1101824K)
[1127.920s][info ][gc           ] GC(1192) Pause Young (Allocation Failure) 606M->371M(852M) 4.157ms
[1127.920s][info ][gc,cpu       ] GC(1192) User=0.02s Sys=0.00s Real=0.00s
[1127.920s][info ][safepoint    ] Leaving safepoint region
[1127.920s][info ][safepoint    ] Total time for which application threads were stopped: 0.0043281 seconds, Stopping threads took: 0.0000512 seconds
[1128.920s][info ][safepoint    ] Application time: 1.0001105 seconds
[1128.920s][info ][safepoint    ] Entering safepoint region: Cleanup
[1128.920s][info ][safepoint    ] Leaving safepoint region
[1128.920s][info ][safepoint    ] Total time for which application threads were stopped: 0.0001539 seconds, Stopping threads took: 0.0000819 seconds
[1128.929s][info ][safepoint    ] Application time: 0.0086040 seconds
[1128.929s][info ][safepoint    ] Entering safepoint region: GenCollectForAllocation
[1128.929s][info ][gc,start     ] GC(1193) Pause Young (Allocation Failure)
[1128.929s][info ][gc,task      ] GC(1193) Using 4 workers of 4 for evacuation
[1128.933s][debug][gc,ref       ] GC(1193) Skipped phase1 of Reference Processing due to unavailable references
[1128.933s][debug][gc,ref       ] GC(1193) Skipped phase2 of Reference Processing due to unavailable references
[1128.933s][debug][gc,ref       ] GC(1193) Skipped phase3 of Reference Processing due to unavailable references
[1128.933s][debug][gc,ref       ] GC(1193) Skipped phase4 of Reference Processing due to unavailable references
[1128.934s][debug][gc,age       ] GC(1193) Desired survivor size 15400960 bytes, new threshold 6 (max threshold 6)
[1128.934s][info ][gc,heap      ] GC(1193) ParNew: 243826K->3543K(270976K)
[1128.934s][info ][gc,heap      ] GC(1193) CMS: 377367K->377492K(602112K)
[1128.934s][info ][gc,metaspace ] GC(1193) Metaspace: 57771K->57771K(1101824K)
[1128.934s][info ][gc           ] GC(1193) Pause Young (Allocation Failure) 606M->372M(852M) 4.575ms
[1128.934s][info ][gc,cpu       ] GC(1193) User=0.02s Sys=0.00s Real=0.00s
[1128.934s][info ][safepoint    ] Leaving safepoint region
[1128.934s][info ][safepoint    ] Total time for which application threads were stopped: 0.0047180 seconds, Stopping threads took: 0.0000142 seconds
[1129.934s][info ][safepoint    ] Application time: 1.0000936 seconds
[1129.934s][info ][safepoint    ] Entering safepoint region: Cleanup
[1129.934s][info ][safepoint    ] Leaving safepoint region
[1129.934s][info ][safepoint    ] Total time for which application threads were stopped: 0.0000838 seconds, Stopping threads took: 0.0000153 seconds
[1130.013s][info ][safepoint    ] Application time: 0.0793522 seconds
[1130.013s][info ][safepoint    ] Entering safepoint region: GenCollectForAllocation
[1130.013s][info ][gc,start     ] GC(1194) Pause Young (Allocation Failure)
[1130.013s][info ][gc,task      ] GC(1194) Using 4 workers of 4 for evacuation
[1130.018s][debug][gc,ref       ] GC(1194) Skipped phase1 of Reference Processing due to unavailable references
[1130.018s][debug][gc,ref       ] GC(1194) Skipped phase2 of Reference Processing due to unavailable references
[1130.018s][debug][gc,ref       ] GC(1194) Skipped phase3 of Reference Processing due to unavailable references
[1130.018s][debug][gc,ref       ] GC(1194) Skipped phase4 of Reference Processing due to unavailable references
[1130.018s][debug][gc,age       ] GC(1194) Desired survivor size 15400960 bytes, new threshold 6 (max threshold 6)
[1130.018s][info ][gc,heap      ] GC(1194) ParNew: 244439K->2824K(270976K)
[1130.018s][info ][gc,heap      ] GC(1194) CMS: 377492K->377571K(602112K)
[1130.018s][info ][gc,metaspace ] GC(1194) Metaspace: 57775K->57775K(1101824K)
[1130.018s][info ][gc           ] GC(1194) Pause Young (Allocation Failure) 607M->371M(852M) 4.424ms
[1130.018s][info ][gc,cpu       ] GC(1194) User=0.01s Sys=0.00s Real=0.01s
[1130.018s][info ][safepoint    ] Leaving safepoint region
[1130.018s][info ][safepoint    ] Total time for which application threads were stopped: 0.0045689 seconds, Stopping threads took: 0.0000147 seconds
[1131.018s][info ][safepoint    ] Application time: 1.0001160 seconds
[1131.018s][info ][safepoint    ] Entering safepoint region: Cleanup
[1131.018s][info ][safepoint    ] Leaving safepoint region
[1131.018s][info ][safepoint    ] Total time for which application threads were stopped: 0.0001567 seconds, Stopping threads took: 0.0000757 seconds
[1131.106s][info ][safepoint    ] Application time: 0.0880853 seconds
[1131.106s][info ][safepoint    ] Entering safepoint region: GenCollectForAllocation
[1131.106s][info ][gc,start     ] GC(1195) Pause Young (Allocation Failure)
[1131.106s][info ][gc,task      ] GC(1195) Using 4 workers of 4 for evacuation
[1131.111s][debug][gc,ref       ] GC(1195) Skipped phase1 of Reference Processing due to unavailable references
[1131.111s][debug][gc,ref       ] GC(1195) Skipped phase2 of Reference Processing due to unavailable references
[1131.111s][debug][gc,ref       ] GC(1195) Skipped phase3 of Reference Processing due to unavailable references
[1131.111s][debug][gc,ref       ] GC(1195) Skipped phase4 of Reference Processing due to unavailable references
[1131.111s][debug][gc,age       ] GC(1195) Desired survivor size 15400960 bytes, new threshold 6 (max threshold 6)
[1131.111s][info ][gc,heap      ] GC(1195) ParNew: 243720K->4392K(270976K)
[1131.111s][info ][gc,heap      ] GC(1195) CMS: 377571K->377627K(602112K)
[1131.111s][info ][gc,metaspace ] GC(1195) Metaspace: 57775K->57775K(1101824K)
[1131.111s][info ][gc           ] GC(1195) Pause Young (Allocation Failure) 606M->373M(852M) 4.702ms
[1131.111s][info ][gc,cpu       ] GC(1195) User=0.01s Sys=0.00s Real=0.00s
[1131.111s][info ][safepoint    ] Leaving safepoint region
[1131.111s][info ][safepoint    ] Total time for which application threads were stopped: 0.0048857 seconds, Stopping threads took: 0.0000546 seconds
[1132.111s][info ][safepoint    ] Application time: 1.0000984 seconds
[1132.111s][info ][safepoint    ] Entering safepoint region: Cleanup
[1132.111s][info ][safepoint    ] Leaving safepoint region
[1132.111s][info ][safepoint    ] Total time for which application threads were stopped: 0.0000921 seconds, Stopping threads took: 0.0000252 seconds
[1132.174s][info ][safepoint    ] Application time: 0.0624834 seconds
[1132.174s][info ][safepoint    ] Entering safepoint region: GenCollectForAllocation
[1132.174s][info ][gc,start     ] GC(1196) Pause Young (Allocation Failure)
[1132.174s][info ][gc,task      ] GC(1196) Using 4 workers of 4 for evacuation
[1132.178s][debug][gc,ref       ] GC(1196) Skipped phase1 of Reference Processing due to unavailable references
[1132.178s][debug][gc,ref       ] GC(1196) Skipped phase2 of Reference Processing due to unavailable references
[1132.178s][debug][gc,ref       ] GC(1196) Skipped phase3 of Reference Processing due to unavailable references
[1132.178s][debug][gc,ref       ] GC(1196) Skipped phase4 of Reference Processing due to unavailable references
[1132.179s][debug][gc,age       ] GC(1196) Desired survivor size 15400960 bytes, new threshold 6 (max threshold 6)
[1132.179s][info ][gc,heap      ] GC(1196) ParNew: 245288K->3874K(270976K)
[1132.179s][info ][gc,heap      ] GC(1196) CMS: 377627K->377756K(602112K)
[1132.179s][info ][gc,metaspace ] GC(1196) Metaspace: 57775K->57775K(1101824K)
[1132.179s][info ][gc           ] GC(1196) Pause Young (Allocation Failure) 608M->372M(852M) 4.618ms
[1132.179s][info ][gc,cpu       ] GC(1196) User=0.01s Sys=0.00s Real=0.01s
[1132.179s][info ][safepoint    ] Leaving safepoint region
[1132.179s][info ][safepoint    ] Total time for which application threads were stopped: 0.0047703 seconds, Stopping threads took: 0.0000149 seconds
[1133.179s][info ][safepoint    ] Application time: 1.0001026 seconds
[1133.179s][info ][safepoint    ] Entering safepoint region: Cleanup
[1133.179s][info ][safepoint    ] Leaving safepoint region
[1133.179s][info ][safepoint    ] Total time for which application threads were stopped: 0.0001478 seconds, Stopping threads took: 0.0000734 seconds
[1133.270s][info ][safepoint    ] Application time: 0.0914906 seconds
[1133.270s][info ][safepoint    ] Entering safepoint region: GenCollectForAllocation
[1133.271s][info ][gc,start     ] GC(1197) Pause Young (Allocation Failure)
[1133.271s][info ][gc,task      ] GC(1197) Using 4 workers of 4 for evacuation
[1133.275s][debug][gc,ref       ] GC(1197) Skipped phase1 of Reference Processing due to unavailable references
[1133.275s][debug][gc,ref       ] GC(1197) Skipped phase2 of Reference Processing due to unavailable references
[1133.275s][debug][gc,ref       ] GC(1197) Skipped phase3 of Reference Processing due to unavailable references
[1133.276s][debug][gc,ref       ] GC(1197) Skipped phase4 of Reference Processing due to unavailable references
[1133.277s][debug][gc,age       ] GC(1197) Desired survivor size 15400960 bytes, new threshold 6 (max threshold 6)
[1133.277s][info ][gc,heap      ] GC(1197) ParNew: 244770K->3215K(270976K)
[1133.277s][info ][gc,heap      ] GC(1197) CMS: 377756K->377833K(602112K)
[1133.277s][info ][gc,metaspace ] GC(1197) Metaspace: 57775K->57775K(1101824K)
[1133.277s][info ][gc           ] GC(1197) Pause Young (Allocation Failure) 607M->372M(852M) 6.081ms
[1133.277s][info ][gc,cpu       ] GC(1197) User=0.02s Sys=0.00s Real=0.01s
[1133.277s][info ][safepoint    ] Leaving safepoint region
[1133.277s][info ][safepoint    ] Total time for which application threads were stopped: 0.0062530 seconds, Stopping threads took: 0.0000142 seconds
[1134.277s][info ][safepoint    ] Application time: 1.0000970 seconds
[1134.277s][info ][safepoint    ] Entering safepoint region: Cleanup
[1134.277s][info ][safepoint    ] Leaving safepoint region
[1134.277s][info ][safepoint    ] Total time for which application threads were stopped: 0.0001434 seconds, Stopping threads took: 0.0000681 seconds
[1134.336s][info ][safepoint    ] Application time: 0.0586822 seconds
[1134.336s][info ][safepoint    ] Entering safepoint region: GenCollectForAllocation
[1134.336s][info ][gc,start     ] GC(1198) Pause Young (Allocation Failure)
[1134.336s][info ][gc,task      ] GC(1198) Using 4 workers of 4 for evacuation
[1134.340s][debug][gc,ref       ] GC(1198) Skipped phase1 of Reference Processing due to unavailable references
[1134.340s][debug][gc,ref       ] GC(1198) Skipped phase2 of Reference Processing due to unavailable references
[1134.340s][debug][gc,ref       ] GC(1198) Skipped phase3 of Reference Processing due to unavailable references
[1134.340s][debug][gc,ref       ] GC(1198) Skipped phase4 of Reference Processing due to unavailable references
[1134.340s][debug][gc,age       ] GC(1198) Desired survivor size 15400960 bytes, new threshold 6 (max threshold 6)
[1134.340s][info ][gc,heap      ] GC(1198) ParNew: 244111K->3736K(270976K)
[1134.340s][info ][gc,heap      ] GC(1198) CMS: 377833K->378096K(602112K)
[1134.340s][info ][gc,metaspace ] GC(1198) Metaspace: 57775K->57775K(1101824K)
[1134.340s][info ][gc           ] GC(1198) Pause Young (Allocation Failure) 607M->372M(852M) 4.487ms
[1134.340s][info ][gc,cpu       ] GC(1198) User=0.01s Sys=0.00s Real=0.00s
[1134.340s][info ][safepoint    ] Leaving safepoint region
[1134.340s][info ][safepoint    ] Total time for which application threads were stopped: 0.0046272 seconds, Stopping threads took: 0.0000148 seconds
[1135.340s][info ][safepoint    ] Application time: 1.0000964 seconds
[1135.341s][info ][safepoint    ] Entering safepoint region: Cleanup
[1135.341s][info ][safepoint    ] Leaving safepoint region
[1135.341s][info ][safepoint    ] Total time for which application threads were stopped: 0.0000811 seconds, Stopping threads took: 0.0000317 seconds
[1135.509s][info ][safepoint    ] Application time: 0.1683368 seconds
[1135.509s][info ][safepoint    ] Entering safepoint region: GenCollectForAllocation
[1135.509s][info ][gc,start     ] GC(1199) Pause Young (Allocation Failure)
[1135.509s][info ][gc,task      ] GC(1199) Using 4 workers of 4 for evacuation
[1135.513s][debug][gc,ref       ] GC(1199) Skipped phase1 of Reference Processing due to unavailable references
[1135.513s][debug][gc,ref       ] GC(1199) Skipped phase2 of Reference Processing due to unavailable references
[1135.513s][debug][gc,ref       ] GC(1199) Skipped phase3 of Reference Processing due to unavailable references
[1135.513s][debug][gc,ref       ] GC(1199) Skipped phase4 of Reference Processing due to unavailable references
[1135.513s][debug][gc,age       ] GC(1199) Desired survivor size 15400960 bytes, new threshold 6 (max threshold 6)
[1135.513s][info ][gc,heap      ] GC(1199) ParNew: 244632K->3193K(270976K)
[1135.513s][info ][gc,heap      ] GC(1199) CMS: 378096K->378152K(602112K)
[1135.513s][info ][gc,metaspace ] GC(1199) Metaspace: 57775K->57775K(1101824K)
[1135.513s][info ][gc           ] GC(1199) Pause Young (Allocation Failure) 608M->372M(852M) 3.996ms
[1135.513s][info ][gc,cpu       ] GC(1199) User=0.01s Sys=0.00s Real=0.00s
[1135.513s][info ][safepoint    ] Leaving safepoint region
[1135.513s][info ][safepoint    ] Total time for which application threads were stopped: 0.0041377 seconds, Stopping threads took: 0.0000141 seconds
[1136.513s][info ][safepoint    ] Application time: 1.0000902 seconds
[1136.513s][info ][safepoint    ] Entering safepoint region: Cleanup
[1136.513s][info ][safepoint    ] Leaving safepoint region
[1136.513s][info ][safepoint    ] Total time for which application threads were stopped: 0.0001247 seconds, Stopping threads took: 0.0000580 seconds
[1136.674s][info ][safepoint    ] Application time: 0.1610565 seconds
[1136.674s][info ][safepoint    ] Entering safepoint region: GenCollectForAllocation
[1136.675s][info ][gc,start     ] GC(1200) Pause Young (Allocation Failure)
[1136.675s][info ][gc,task      ] GC(1200) Using 4 workers of 4 for evacuation
[1136.679s][debug][gc,ref       ] GC(1200) Skipped phase1 of Reference Processing due to unavailable references
[1136.679s][debug][gc,ref       ] GC(1200) Skipped phase2 of Reference Processing due to unavailable references
[1136.679s][debug][gc,ref       ] GC(1200) Skipped phase3 of Reference Processing due to unavailable references
[1136.679s][debug][gc,ref       ] GC(1200) Skipped phase4 of Reference Processing due to unavailable references
[1136.679s][debug][gc,age       ] GC(1200) Desired survivor size 15400960 bytes, new threshold 6 (max threshold 6)
[1136.679s][info ][gc,heap      ] GC(1200) ParNew: 244089K->2877K(270976K)
[1136.679s][info ][gc,heap      ] GC(1200) CMS: 378152K->378416K(602112K)
[1136.679s][info ][gc,metaspace ] GC(1200) Metaspace: 57775K->57775K(1101824K)
[1136.679s][info ][gc           ] GC(1200) Pause Young (Allocation Failure) 607M->372M(852M) 4.780ms
[1136.679s][info ][gc,cpu       ] GC(1200) User=0.02s Sys=0.00s Real=0.01s
[1136.679s][info ][safepoint    ] Leaving safepoint region
[1136.679s][info ][safepoint    ] Total time for which application threads were stopped: 0.0049401 seconds, Stopping threads took: 0.0000151 seconds
[1137.680s][info ][safepoint    ] Application time: 1.0000962 seconds
[1137.680s][info ][safepoint    ] Entering safepoint region: Cleanup
[1137.680s][info ][safepoint    ] Leaving safepoint region
[1137.680s][info ][safepoint    ] Total time for which application threads were stopped: 0.0001360 seconds, Stopping threads took: 0.0000625 seconds
[1137.796s][info ][safepoint    ] Application time: 0.1164550 seconds
[1137.796s][info ][safepoint    ] Entering safepoint region: GenCollectForAllocation
[1137.796s][info ][gc,start     ] GC(1201) Pause Young (Allocation Failure)
[1137.796s][info ][gc,task      ] GC(1201) Using 4 workers of 4 for evacuation
[1137.802s][debug][gc,ref       ] GC(1201) Skipped phase1 of Reference Processing due to unavailable references
[1137.802s][debug][gc,ref       ] GC(1201) Skipped phase2 of Reference Processing due to unavailable references
[1137.802s][debug][gc,ref       ] GC(1201) Skipped phase3 of Reference Processing due to unavailable references
[1137.802s][debug][gc,ref       ] GC(1201) Skipped phase4 of Reference Processing due to unavailable references
[1137.802s][debug][gc,age       ] GC(1201) Desired survivor size 15400960 bytes, new threshold 6 (max threshold 6)
[1137.802s][info ][gc,heap      ] GC(1201) ParNew: 243773K->3189K(270976K)
[1137.802s][info ][gc,heap      ] GC(1201) CMS: 378416K->378517K(602112K)
[1137.802s][info ][gc,metaspace ] GC(1201) Metaspace: 57775K->57775K(1101824K)
[1137.802s][info ][gc           ] GC(1201) Pause Young (Allocation Failure) 607M->372M(852M) 6.067ms
[1137.802s][info ][gc,cpu       ] GC(1201) User=0.02s Sys=0.00s Real=0.00s
[1137.802s][info ][safepoint    ] Leaving safepoint region
[1137.802s][info ][safepoint    ] Total time for which application threads were stopped: 0.0062185 seconds, Stopping threads took: 0.0000152 seconds
[1138.803s][info ][safepoint    ] Application time: 1.0000949 seconds
[1138.803s][info ][safepoint    ] Entering safepoint region: Cleanup
[1138.803s][info ][safepoint    ] Leaving safepoint region
[1138.803s][info ][safepoint    ] Total time for which application threads were stopped: 0.0001278 seconds, Stopping threads took: 0.0000511 seconds
[1138.852s][info ][safepoint    ] Application time: 0.0496420 seconds
[1138.852s][info ][safepoint    ] Entering safepoint region: GenCollectForAllocation
[1138.852s][info ][gc,start     ] GC(1202) Pause Young (Allocation Failure)
[1138.852s][info ][gc,task      ] GC(1202) Using 4 workers of 4 for evacuation
[1138.857s][debug][gc,ref       ] GC(1202) Skipped phase1 of Reference Processing due to unavailable references
[1138.857s][debug][gc,ref       ] GC(1202) Skipped phase2 of Reference Processing due to unavailable references
[1138.857s][debug][gc,ref       ] GC(1202) Skipped phase3 of Reference Processing due to unavailable references
[1138.857s][debug][gc,ref       ] GC(1202) Skipped phase4 of Reference Processing due to unavailable references
[1138.857s][debug][gc,age       ] GC(1202) Desired survivor size 15400960 bytes, new threshold 6 (max threshold 6)
[1138.857s][info ][gc,heap      ] GC(1202) ParNew: 244085K->3391K(270976K)
[1138.857s][info ][gc,heap      ] GC(1202) CMS: 378517K->378923K(602112K)
[1138.857s][info ][gc,metaspace ] GC(1202) Metaspace: 57775K->57775K(1101824K)
[1138.857s][info ][gc           ] GC(1202) Pause Young (Allocation Failure) 608M->373M(852M) 4.395ms
[1138.857s][info ][gc,cpu       ] GC(1202) User=0.02s Sys=0.00s Real=0.01s
[1138.857s][info ][safepoint    ] Leaving safepoint region
[1138.857s][info ][safepoint    ] Total time for which application threads were stopped: 0.0045482 seconds, Stopping threads took: 0.0000141 seconds
[1139.857s][info ][safepoint    ] Application time: 1.0001005 seconds
[1139.857s][info ][safepoint    ] Entering safepoint region: Cleanup
[1139.857s][info ][safepoint    ] Leaving safepoint region
[1139.857s][info ][safepoint    ] Total time for which application threads were stopped: 0.0001473 seconds, Stopping threads took: 0.0000808 seconds
[1140.022s][info ][safepoint    ] Application time: 0.1646482 seconds
[1140.022s][info ][safepoint    ] Entering safepoint region: GenCollectForAllocation
[1140.022s][info ][gc,start     ] GC(1203) Pause Young (Allocation Failure)
[1140.022s][info ][gc,task      ] GC(1203) Using 4 workers of 4 for evacuation
[1140.026s][debug][gc,ref       ] GC(1203) Skipped phase1 of Reference Processing due to unavailable references
[1140.026s][debug][gc,ref       ] GC(1203) Skipped phase2 of Reference Processing due to unavailable references
[1140.026s][debug][gc,ref       ] GC(1203) Skipped phase3 of Reference Processing due to unavailable references
[1140.026s][debug][gc,ref       ] GC(1203) Skipped phase4 of Reference Processing due to unavailable references
[1140.026s][debug][gc,age       ] GC(1203) Desired survivor size 15400960 bytes, new threshold 6 (max threshold 6)
[1140.026s][info ][gc,heap      ] GC(1203) ParNew: 244287K->2320K(270976K)
[1140.026s][info ][gc,heap      ] GC(1203) CMS: 378923K->378933K(602112K)
[1140.026s][info ][gc,metaspace ] GC(1203) Metaspace: 57775K->57775K(1101824K)
[1140.026s][info ][gc           ] GC(1203) Pause Young (Allocation Failure) 608M->372M(852M) 4.042ms
[1140.026s][info ][gc,cpu       ] GC(1203) User=0.02s Sys=0.00s Real=0.01s
[1140.026s][info ][safepoint    ] Leaving safepoint region
[1140.026s][info ][safepoint    ] Total time for which application threads were stopped: 0.0041962 seconds, Stopping threads took: 0.0000141 seconds
[1141.026s][info ][safepoint    ] Application time: 1.0001103 seconds
[1141.026s][info ][safepoint    ] Entering safepoint region: Cleanup
[1141.026s][info ][safepoint    ] Leaving safepoint region
[1141.026s][info ][safepoint    ] Total time for which application threads were stopped: 0.0001374 seconds, Stopping threads took: 0.0000636 seconds
[1141.142s][info ][safepoint    ] Application time: 0.1158959 seconds
[1141.142s][info ][safepoint    ] Entering safepoint region: GenCollectForAllocation
[1141.142s][info ][gc,start     ] GC(1204) Pause Young (Allocation Failure)
[1141.142s][info ][gc,task      ] GC(1204) Using 4 workers of 4 for evacuation
[1141.146s][debug][gc,ref       ] GC(1204) Skipped phase1 of Reference Processing due to unavailable references
[1141.146s][debug][gc,ref       ] GC(1204) Skipped phase2 of Reference Processing due to unavailable references
[1141.146s][debug][gc,ref       ] GC(1204) Skipped phase3 of Reference Processing due to unavailable references
[1141.146s][debug][gc,ref       ] GC(1204) Skipped phase4 of Reference Processing due to unavailable references
[1141.147s][debug][gc,age       ] GC(1204) Desired survivor size 15400960 bytes, new threshold 6 (max threshold 6)
[1141.147s][info ][gc,heap      ] GC(1204) ParNew: 243216K->3186K(270976K)
[1141.147s][info ][gc,heap      ] GC(1204) CMS: 378933K->378995K(602112K)
[1141.147s][info ][gc,metaspace ] GC(1204) Metaspace: 57775K->57775K(1101824K)
[1141.147s][info ][gc           ] GC(1204) Pause Young (Allocation Failure) 607M->373M(852M) 4.149ms
[1141.147s][info ][gc,cpu       ] GC(1204) User=0.01s Sys=0.00s Real=0.01s
[1141.147s][info ][safepoint    ] Leaving safepoint region
[1141.147s][info ][safepoint    ] Total time for which application threads were stopped: 0.0043211 seconds, Stopping threads took: 0.0000258 seconds
[1142.147s][info ][safepoint    ] Application time: 1.0000866 seconds
[1142.147s][info ][safepoint    ] Entering safepoint region: Cleanup
[1142.147s][info ][safepoint    ] Leaving safepoint region
[1142.147s][info ][safepoint    ] Total time for which application threads were stopped: 0.0000673 seconds, Stopping threads took: 0.0000154 seconds
[1142.234s][info ][safepoint    ] Application time: 0.0870690 seconds
[1142.234s][info ][safepoint    ] Entering safepoint region: GenCollectForAllocation
[1142.234s][info ][gc,start     ] GC(1205) Pause Young (Allocation Failure)
[1142.234s][info ][gc,task      ] GC(1205) Using 4 workers of 4 for evacuation
[1142.238s][debug][gc,ref       ] GC(1205) Skipped phase1 of Reference Processing due to unavailable references
[1142.238s][debug][gc,ref       ] GC(1205) Skipped phase2 of Reference Processing due to unavailable references
[1142.238s][debug][gc,ref       ] GC(1205) Skipped phase3 of Reference Processing due to unavailable references
[1142.238s][debug][gc,ref       ] GC(1205) Skipped phase4 of Reference Processing due to unavailable references
[1142.239s][debug][gc,age       ] GC(1205) Desired survivor size 15400960 bytes, new threshold 6 (max threshold 6)
[1142.239s][info ][gc,heap      ] GC(1205) ParNew: 244082K->3545K(270976K)
[1142.239s][info ][gc,heap      ] GC(1205) CMS: 378995K->379082K(602112K)
[1142.239s][info ][gc,metaspace ] GC(1205) Metaspace: 57775K->57775K(1101824K)
[1142.239s][info ][gc           ] GC(1205) Pause Young (Allocation Failure) 608M->373M(852M) 4.501ms
[1142.239s][info ][gc,cpu       ] GC(1205) User=0.02s Sys=0.00s Real=0.01s
[1142.239s][info ][safepoint    ] Leaving safepoint region
[1142.239s][info ][safepoint    ] Total time for which application threads were stopped: 0.0047024 seconds, Stopping threads took: 0.0000149 seconds
[1143.239s][info ][safepoint    ] Application time: 1.0000955 seconds
[1143.239s][info ][safepoint    ] Entering safepoint region: Cleanup
[1143.239s][info ][safepoint    ] Leaving safepoint region
[1143.239s][info ][safepoint    ] Total time for which application threads were stopped: 0.0001851 seconds, Stopping threads took: 0.0001110 seconds
[1143.304s][info ][safepoint    ] Application time: 0.0654330 seconds
[1143.304s][info ][safepoint    ] Entering safepoint region: GenCollectForAllocation
[1143.305s][info ][gc,start     ] GC(1206) Pause Young (Allocation Failure)
[1143.305s][info ][gc,task      ] GC(1206) Using 4 workers of 4 for evacuation
[1143.309s][debug][gc,ref       ] GC(1206) Skipped phase1 of Reference Processing due to unavailable references
[1143.309s][debug][gc,ref       ] GC(1206) Skipped phase2 of Reference Processing due to unavailable references
[1143.309s][debug][gc,ref       ] GC(1206) Skipped phase3 of Reference Processing due to unavailable references
[1143.309s][debug][gc,ref       ] GC(1206) Skipped phase4 of Reference Processing due to unavailable references
[1143.309s][debug][gc,age       ] GC(1206) Desired survivor size 15400960 bytes, new threshold 6 (max threshold 6)
[1143.309s][info ][gc,heap      ] GC(1206) ParNew: 244441K->2529K(270976K)
[1143.309s][info ][gc,heap      ] GC(1206) CMS: 379082K->379195K(602112K)
[1143.309s][info ][gc,metaspace ] GC(1206) Metaspace: 57775K->57775K(1101824K)
[1143.309s][info ][gc           ] GC(1206) Pause Young (Allocation Failure) 608M->372M(852M) 4.263ms
[1143.309s][info ][gc,cpu       ] GC(1206) User=0.01s Sys=0.00s Real=0.00s
[1143.309s][info ][safepoint    ] Leaving safepoint region
[1143.309s][info ][safepoint    ] Total time for which application threads were stopped: 0.0044165 seconds, Stopping threads took: 0.0000152 seconds
[1144.309s][info ][safepoint    ] Application time: 1.0000879 seconds
[1144.309s][info ][safepoint    ] Entering safepoint region: Cleanup
[1144.309s][info ][safepoint    ] Leaving safepoint region
[1144.309s][info ][safepoint    ] Total time for which application threads were stopped: 0.0001792 seconds, Stopping threads took: 0.0001105 seconds
[1144.456s][info ][safepoint    ] Application time: 0.1472366 seconds
[1144.456s][info ][safepoint    ] Entering safepoint region: GenCollectForAllocation
[1144.457s][info ][gc,start     ] GC(1207) Pause Young (Allocation Failure)
[1144.457s][info ][gc,task      ] GC(1207) Using 4 workers of 4 for evacuation
[1144.461s][debug][gc,ref       ] GC(1207) Skipped phase1 of Reference Processing due to unavailable references
[1144.461s][debug][gc,ref       ] GC(1207) Skipped phase2 of Reference Processing due to unavailable references
[1144.461s][debug][gc,ref       ] GC(1207) Skipped phase3 of Reference Processing due to unavailable references
[1144.461s][debug][gc,ref       ] GC(1207) Skipped phase4 of Reference Processing due to unavailable references
[1144.461s][debug][gc,age       ] GC(1207) Desired survivor size 15400960 bytes, new threshold 6 (max threshold 6)
[1144.461s][info ][gc,heap      ] GC(1207) ParNew: 243425K->3210K(270976K)
[1144.461s][info ][gc,heap      ] GC(1207) CMS: 379195K->379276K(602112K)
[1144.461s][info ][gc,metaspace ] GC(1207) Metaspace: 57776K->57776K(1101824K)
[1144.461s][info ][gc           ] GC(1207) Pause Young (Allocation Failure) 608M->373M(852M) 4.206ms
[1144.461s][info ][gc,cpu       ] GC(1207) User=0.01s Sys=0.00s Real=0.00s
[1144.461s][info ][safepoint    ] Leaving safepoint region
[1144.461s][info ][safepoint    ] Total time for which application threads were stopped: 0.0043575 seconds, Stopping threads took: 0.0000132 seconds
[1145.461s][info ][safepoint    ] Application time: 1.0000885 seconds
[1145.461s][info ][safepoint    ] Entering safepoint region: Cleanup
[1145.461s][info ][safepoint    ] Leaving safepoint region
[1145.461s][info ][safepoint    ] Total time for which application threads were stopped: 0.0001359 seconds, Stopping threads took: 0.0000626 seconds
[1145.506s][info ][safepoint    ] Application time: 0.0447575 seconds
[1145.506s][info ][safepoint    ] Entering safepoint region: GenCollectForAllocation
[1145.506s][info ][gc,start     ] GC(1208) Pause Young (Allocation Failure)
[1145.506s][info ][gc,task      ] GC(1208) Using 4 workers of 4 for evacuation
[1145.510s][debug][gc,ref       ] GC(1208) Skipped phase1 of Reference Processing due to unavailable references
[1145.510s][debug][gc,ref       ] GC(1208) Skipped phase2 of Reference Processing due to unavailable references
[1145.510s][debug][gc,ref       ] GC(1208) Skipped phase3 of Reference Processing due to unavailable references
[1145.510s][debug][gc,ref       ] GC(1208) Skipped phase4 of Reference Processing due to unavailable references
[1145.510s][debug][gc,age       ] GC(1208) Desired survivor size 15400960 bytes, new threshold 6 (max threshold 6)
[1145.510s][info ][gc,heap      ] GC(1208) ParNew: 244106K->3430K(270976K)
[1145.510s][info ][gc,heap      ] GC(1208) CMS: 379276K->379342K(602112K)
[1145.510s][info ][gc,metaspace ] GC(1208) Metaspace: 57776K->57776K(1101824K)
[1145.510s][info ][gc           ] GC(1208) Pause Young (Allocation Failure) 608M->373M(852M) 4.478ms
[1145.510s][info ][gc,cpu       ] GC(1208) User=0.02s Sys=0.00s Real=0.00s
[1145.510s][info ][safepoint    ] Leaving safepoint region
[1145.510s][info ][safepoint    ] Total time for which application threads were stopped: 0.0046166 seconds, Stopping threads took: 0.0000139 seconds
[1146.511s][info ][safepoint    ] Application time: 1.0000688 seconds
[1146.511s][info ][safepoint    ] Entering safepoint region: Cleanup
[1146.511s][info ][safepoint    ] Leaving safepoint region
[1146.511s][info ][safepoint    ] Total time for which application threads were stopped: 0.0001296 seconds, Stopping threads took: 0.0000618 seconds
[1146.621s][info ][safepoint    ] Application time: 0.1104944 seconds
[1146.621s][info ][safepoint    ] Entering safepoint region: GenCollectForAllocation
[1146.621s][info ][gc,start     ] GC(1209) Pause Young (Allocation Failure)
[1146.621s][info ][gc,task      ] GC(1209) Using 4 workers of 4 for evacuation
[1146.625s][debug][gc,ref       ] GC(1209) Skipped phase1 of Reference Processing due to unavailable references
[1146.625s][debug][gc,ref       ] GC(1209) Skipped phase2 of Reference Processing due to unavailable references
[1146.625s][debug][gc,ref       ] GC(1209) Skipped phase3 of Reference Processing due to unavailable references
[1146.625s][debug][gc,ref       ] GC(1209) Skipped phase4 of Reference Processing due to unavailable references
[1146.625s][debug][gc,age       ] GC(1209) Desired survivor size 15400960 bytes, new threshold 6 (max threshold 6)
[1146.625s][info ][gc,heap      ] GC(1209) ParNew: 244326K->3169K(270976K)
[1146.625s][info ][gc,heap      ] GC(1209) CMS: 379342K->379410K(602112K)
[1146.625s][info ][gc,metaspace ] GC(1209) Metaspace: 57776K->57776K(1101824K)
[1146.625s][info ][gc           ] GC(1209) Pause Young (Allocation Failure) 609M->373M(852M) 4.162ms
[1146.625s][info ][gc,cpu       ] GC(1209) User=0.02s Sys=0.00s Real=0.01s
[1146.626s][info ][safepoint    ] Leaving safepoint region
[1146.626s][info ][safepoint    ] Total time for which application threads were stopped: 0.0043097 seconds, Stopping threads took: 0.0000161 seconds
[1147.626s][info ][safepoint    ] Application time: 1.0001068 seconds
[1147.626s][info ][safepoint    ] Entering safepoint region: Cleanup
[1147.626s][info ][safepoint    ] Leaving safepoint region
[1147.626s][info ][safepoint    ] Total time for which application threads were stopped: 0.0001261 seconds, Stopping threads took: 0.0000629 seconds
[1147.660s][info ][safepoint    ] Application time: 0.0339266 seconds
[1147.660s][info ][safepoint    ] Entering safepoint region: GenCollectForAllocation
[1147.660s][info ][gc,start     ] GC(1210) Pause Young (Allocation Failure)
[1147.660s][info ][gc,task      ] GC(1210) Using 4 workers of 4 for evacuation
[1147.664s][debug][gc,ref       ] GC(1210) Skipped phase1 of Reference Processing due to unavailable references
[1147.665s][debug][gc,ref       ] GC(1210) Skipped phase2 of Reference Processing due to unavailable references
[1147.665s][debug][gc,ref       ] GC(1210) Skipped phase3 of Reference Processing due to unavailable references
[1147.665s][debug][gc,ref       ] GC(1210) Skipped phase4 of Reference Processing due to unavailable references
[1147.665s][debug][gc,age       ] GC(1210) Desired survivor size 15400960 bytes, new threshold 6 (max threshold 6)
[1147.665s][info ][gc,heap      ] GC(1210) ParNew: 244065K->2938K(270976K)
[1147.665s][info ][gc,heap      ] GC(1210) CMS: 379410K->379604K(602112K)
[1147.665s][info ][gc,metaspace ] GC(1210) Metaspace: 57776K->57776K(1101824K)
[1147.665s][info ][gc           ] GC(1210) Pause Young (Allocation Failure) 608M->373M(852M) 4.826ms
[1147.665s][info ][gc,cpu       ] GC(1210) User=0.02s Sys=0.00s Real=0.01s
[1147.665s][info ][safepoint    ] Leaving safepoint region
[1147.665s][info ][safepoint    ] Total time for which application threads were stopped: 0.0049802 seconds, Stopping threads took: 0.0000312 seconds
[1148.665s][info ][safepoint    ] Application time: 1.0001738 seconds
[1148.665s][info ][safepoint    ] Entering safepoint region: Cleanup
[1148.665s][info ][safepoint    ] Leaving safepoint region
[1148.665s][info ][safepoint    ] Total time for which application threads were stopped: 0.0001274 seconds, Stopping threads took: 0.0000421 seconds
[1148.820s][info ][safepoint    ] Application time: 0.1546542 seconds
[1148.820s][info ][safepoint    ] Entering safepoint region: GenCollectForAllocation
[1148.820s][info ][gc,start     ] GC(1211) Pause Young (Allocation Failure)
[1148.820s][info ][gc,task      ] GC(1211) Using 4 workers of 4 for evacuation
[1148.824s][debug][gc,ref       ] GC(1211) Skipped phase1 of Reference Processing due to unavailable references
[1148.824s][debug][gc,ref       ] GC(1211) Skipped phase2 of Reference Processing due to unavailable references
[1148.824s][debug][gc,ref       ] GC(1211) Skipped phase3 of Reference Processing due to unavailable references
[1148.824s][debug][gc,ref       ] GC(1211) Skipped phase4 of Reference Processing due to unavailable references
[1148.824s][debug][gc,age       ] GC(1211) Desired survivor size 15400960 bytes, new threshold 6 (max threshold 6)
[1148.824s][info ][gc,heap      ] GC(1211) ParNew: 243834K->3447K(270976K)
[1148.824s][info ][gc,heap      ] GC(1211) CMS: 379604K->379661K(602112K)
[1148.824s][info ][gc,metaspace ] GC(1211) Metaspace: 57776K->57776K(1101824K)
[1148.824s][info ][gc           ] GC(1211) Pause Young (Allocation Failure) 608M->374M(852M) 4.156ms
[1148.824s][info ][gc,cpu       ] GC(1211) User=0.01s Sys=0.00s Real=0.01s
[1148.824s][info ][safepoint    ] Leaving safepoint region
[1148.824s][info ][safepoint    ] Total time for which application threads were stopped: 0.0042983 seconds, Stopping threads took: 0.0000138 seconds
[1149.824s][info ][safepoint    ] Application time: 1.0001013 seconds
[1149.824s][info ][safepoint    ] Entering safepoint region: Cleanup
[1149.824s][info ][safepoint    ] Leaving safepoint region
[1149.824s][info ][safepoint    ] Total time for which application threads were stopped: 0.0001424 seconds, Stopping threads took: 0.0000718 seconds
[1149.975s][info ][safepoint    ] Application time: 0.1508121 seconds
[1149.975s][info ][safepoint    ] Entering safepoint region: GenCollectForAllocation
[1149.975s][info ][gc,start     ] GC(1212) Pause Young (Allocation Failure)
[1149.975s][info ][gc,task      ] GC(1212) Using 4 workers of 4 for evacuation
[1149.979s][debug][gc,ref       ] GC(1212) Skipped phase1 of Reference Processing due to unavailable references
[1149.980s][debug][gc,ref       ] GC(1212) Skipped phase2 of Reference Processing due to unavailable references
[1149.980s][debug][gc,ref       ] GC(1212) Skipped phase3 of Reference Processing due to unavailable references
[1149.980s][debug][gc,ref       ] GC(1212) Skipped phase4 of Reference Processing due to unavailable references
[1149.980s][debug][gc,age       ] GC(1212) Desired survivor size 15400960 bytes, new threshold 6 (max threshold 6)
[1149.980s][info ][gc,heap      ] GC(1212) ParNew: 244343K->3036K(270976K)
[1149.980s][info ][gc,heap      ] GC(1212) CMS: 379661K->379728K(602112K)
[1149.980s][info ][gc,metaspace ] GC(1212) Metaspace: 57776K->57776K(1101824K)
[1149.980s][info ][gc           ] GC(1212) Pause Young (Allocation Failure) 609M->373M(852M) 4.301ms
[1149.980s][info ][gc,cpu       ] GC(1212) User=0.01s Sys=0.00s Real=0.01s
[1149.980s][info ][safepoint    ] Leaving safepoint region
[1149.980s][info ][safepoint    ] Total time for which application threads were stopped: 0.0045067 seconds, Stopping threads took: 0.0000165 seconds
[1150.972s][info ][safepoint    ] Application time: 0.9926363 seconds
[1150.972s][info ][safepoint    ] Entering safepoint region: GenCollectForAllocation
[1150.973s][info ][gc,start     ] GC(1213) Pause Young (Allocation Failure)
[1150.973s][info ][gc,task      ] GC(1213) Using 4 workers of 4 for evacuation
[1150.978s][debug][gc,ref       ] GC(1213) Skipped phase1 of Reference Processing due to unavailable references
[1150.978s][debug][gc,ref       ] GC(1213) Skipped phase2 of Reference Processing due to unavailable references
[1150.978s][debug][gc,ref       ] GC(1213) Skipped phase3 of Reference Processing due to unavailable references
[1150.978s][debug][gc,ref       ] GC(1213) Skipped phase4 of Reference Processing due to unavailable references
[1150.978s][debug][gc,age       ] GC(1213) Desired survivor size 15400960 bytes, new threshold 6 (max threshold 6)
[1150.978s][info ][gc,heap      ] GC(1213) ParNew: 243932K->4075K(270976K)
[1150.978s][info ][gc,heap      ] GC(1213) CMS: 379728K->379815K(602112K)
[1150.978s][info ][gc,metaspace ] GC(1213) Metaspace: 57776K->57776K(1101824K)
[1150.978s][info ][gc           ] GC(1213) Pause Young (Allocation Failure) 609M->374M(852M) 5.451ms
[1150.978s][info ][gc,cpu       ] GC(1213) User=0.01s Sys=0.00s Real=0.01s
[1150.978s][info ][safepoint    ] Leaving safepoint region
[1150.978s][info ][safepoint    ] Total time for which application threads were stopped: 0.0056117 seconds, Stopping threads took: 0.0000149 seconds
[1151.978s][info ][safepoint    ] Application time: 1.0001110 seconds
[1151.978s][info ][safepoint    ] Entering safepoint region: Cleanup
[1151.978s][info ][safepoint    ] Leaving safepoint region
[1151.978s][info ][safepoint    ] Total time for which application threads were stopped: 0.0001094 seconds, Stopping threads took: 0.0000381 seconds
[1152.185s][info ][safepoint    ] Application time: 0.2064601 seconds
[1152.185s][info ][safepoint    ] Entering safepoint region: GenCollectForAllocation
[1152.185s][info ][gc,start     ] GC(1214) Pause Young (Allocation Failure)
[1152.185s][info ][gc,task      ] GC(1214) Using 4 workers of 4 for evacuation
[1152.189s][debug][gc,ref       ] GC(1214) Skipped phase1 of Reference Processing due to unavailable references
[1152.189s][debug][gc,ref       ] GC(1214) Skipped phase2 of Reference Processing due to unavailable references
[1152.189s][debug][gc,ref       ] GC(1214) Skipped phase3 of Reference Processing due to unavailable references
[1152.189s][debug][gc,ref       ] GC(1214) Skipped phase4 of Reference Processing due to unavailable references
[1152.189s][debug][gc,age       ] GC(1214) Desired survivor size 15400960 bytes, new threshold 6 (max threshold 6)
[1152.189s][info ][gc,heap      ] GC(1214) ParNew: 244971K->2872K(270976K)
[1152.189s][info ][gc,heap      ] GC(1214) CMS: 379815K->379891K(602112K)
[1152.189s][info ][gc,metaspace ] GC(1214) Metaspace: 57776K->57776K(1101824K)
[1152.189s][info ][gc           ] GC(1214) Pause Young (Allocation Failure) 610M->373M(852M) 4.073ms
[1152.189s][info ][gc,cpu       ] GC(1214) User=0.02s Sys=0.00s Real=0.00s
[1152.189s][info ][safepoint    ] Leaving safepoint region
[1152.189s][info ][safepoint    ] Total time for which application threads were stopped: 0.0042161 seconds, Stopping threads took: 0.0000135 seconds
[1153.189s][info ][safepoint    ] Application time: 1.0001081 seconds
[1153.189s][info ][safepoint    ] Entering safepoint region: Cleanup
[1153.189s][info ][safepoint    ] Leaving safepoint region
[1153.189s][info ][safepoint    ] Total time for which application threads were stopped: 0.0001399 seconds, Stopping threads took: 0.0000453 seconds
[1153.305s][info ][safepoint    ] Application time: 0.1159027 seconds
[1153.305s][info ][safepoint    ] Entering safepoint region: GenCollectForAllocation
[1153.305s][info ][gc,start     ] GC(1215) Pause Young (Allocation Failure)
[1153.305s][info ][gc,task      ] GC(1215) Using 4 workers of 4 for evacuation
[1153.309s][debug][gc,ref       ] GC(1215) Skipped phase1 of Reference Processing due to unavailable references
[1153.309s][debug][gc,ref       ] GC(1215) Skipped phase2 of Reference Processing due to unavailable references
[1153.309s][debug][gc,ref       ] GC(1215) Skipped phase3 of Reference Processing due to unavailable references
[1153.309s][debug][gc,ref       ] GC(1215) Skipped phase4 of Reference Processing due to unavailable references
[1153.309s][debug][gc,age       ] GC(1215) Desired survivor size 15400960 bytes, new threshold 6 (max threshold 6)
[1153.309s][info ][gc,heap      ] GC(1215) ParNew: 243768K->3223K(270976K)
[1153.309s][info ][gc,heap      ] GC(1215) CMS: 379891K->380072K(602112K)
[1153.309s][info ][gc,metaspace ] GC(1215) Metaspace: 57776K->57776K(1101824K)
[1153.309s][info ][gc           ] GC(1215) Pause Young (Allocation Failure) 609M->374M(852M) 3.860ms
[1153.309s][info ][gc,cpu       ] GC(1215) User=0.01s Sys=0.00s Real=0.00s
[1153.309s][info ][safepoint    ] Leaving safepoint region
[1153.309s][info ][safepoint    ] Total time for which application threads were stopped: 0.0040093 seconds, Stopping threads took: 0.0000132 seconds
[1154.309s][info ][safepoint    ] Application time: 1.0000985 seconds
[1154.309s][info ][safepoint    ] Entering safepoint region: Cleanup
[1154.310s][info ][safepoint    ] Leaving safepoint region
[1154.310s][info ][safepoint    ] Total time for which application threads were stopped: 0.0001481 seconds, Stopping threads took: 0.0000783 seconds
[1154.368s][info ][safepoint    ] Application time: 0.0587855 seconds
[1154.368s][info ][safepoint    ] Entering safepoint region: GenCollectForAllocation
[1154.368s][info ][gc,start     ] GC(1216) Pause Young (Allocation Failure)
[1154.368s][info ][gc,task      ] GC(1216) Using 4 workers of 4 for evacuation
[1154.376s][debug][gc,ref       ] GC(1216) Skipped phase1 of Reference Processing due to unavailable references
[1154.376s][debug][gc,ref       ] GC(1216) Skipped phase2 of Reference Processing due to unavailable references
[1154.376s][debug][gc,ref       ] GC(1216) Skipped phase3 of Reference Processing due to unavailable references
[1154.376s][debug][gc,ref       ] GC(1216) Skipped phase4 of Reference Processing due to unavailable references
[1154.376s][debug][gc,age       ] GC(1216) Desired survivor size 15400960 bytes, new threshold 6 (max threshold 6)
[1154.376s][info ][gc,heap      ] GC(1216) ParNew: 244119K->3397K(270976K)
[1154.376s][info ][gc,heap      ] GC(1216) CMS: 380072K->380215K(602112K)
[1154.376s][info ][gc,metaspace ] GC(1216) Metaspace: 57776K->57776K(1101824K)
[1154.376s][info ][gc           ] GC(1216) Pause Young (Allocation Failure) 609M->374M(852M) 7.603ms
[1154.376s][info ][gc,cpu       ] GC(1216) User=0.02s Sys=0.00s Real=0.01s
[1154.376s][info ][safepoint    ] Leaving safepoint region
[1154.376s][info ][safepoint    ] Total time for which application threads were stopped: 0.0077424 seconds, Stopping threads took: 0.0000146 seconds
[1155.376s][info ][safepoint    ] Application time: 1.0001044 seconds
[1155.376s][info ][safepoint    ] Entering safepoint region: Cleanup
[1155.376s][info ][safepoint    ] Leaving safepoint region
[1155.376s][info ][safepoint    ] Total time for which application threads were stopped: 0.0001501 seconds, Stopping threads took: 0.0000851 seconds
[1155.454s][info ][safepoint    ] Application time: 0.0772327 seconds
[1155.454s][info ][safepoint    ] Entering safepoint region: GenCollectForAllocation
[1155.454s][info ][gc,start     ] GC(1217) Pause Young (Allocation Failure)
[1155.454s][info ][gc,task      ] GC(1217) Using 4 workers of 4 for evacuation
[1155.458s][debug][gc,ref       ] GC(1217) Skipped phase1 of Reference Processing due to unavailable references
[1155.458s][debug][gc,ref       ] GC(1217) Skipped phase2 of Reference Processing due to unavailable references
[1155.458s][debug][gc,ref       ] GC(1217) Skipped phase3 of Reference Processing due to unavailable references
[1155.458s][debug][gc,ref       ] GC(1217) Skipped phase4 of Reference Processing due to unavailable references
[1155.458s][debug][gc,age       ] GC(1217) Desired survivor size 15400960 bytes, new threshold 6 (max threshold 6)
[1155.458s][info ][gc,heap      ] GC(1217) ParNew: 244293K->3623K(270976K)
[1155.458s][info ][gc,heap      ] GC(1217) CMS: 380215K->380446K(602112K)
[1155.458s][info ][gc,metaspace ] GC(1217) Metaspace: 57776K->57776K(1101824K)
[1155.458s][info ][gc           ] GC(1217) Pause Young (Allocation Failure) 609M->375M(852M) 4.306ms
[1155.458s][info ][gc,cpu       ] GC(1217) User=0.01s Sys=0.00s Real=0.01s
[1155.458s][info ][safepoint    ] Leaving safepoint region
[1155.458s][info ][safepoint    ] Total time for which application threads were stopped: 0.0044558 seconds, Stopping threads took: 0.0000142 seconds
[1156.458s][info ][safepoint    ] Application time: 1.0000960 seconds
[1156.458s][info ][safepoint    ] Entering safepoint region: Cleanup
[1156.458s][info ][safepoint    ] Leaving safepoint region
[1156.458s][info ][safepoint    ] Total time for which application threads were stopped: 0.0001124 seconds, Stopping threads took: 0.0000369 seconds
[1156.578s][info ][safepoint    ] Application time: 0.1201215 seconds
[1156.579s][info ][safepoint    ] Entering safepoint region: GenCollectForAllocation
[1156.579s][info ][gc,start     ] GC(1218) Pause Young (Allocation Failure)
[1156.579s][info ][gc,task      ] GC(1218) Using 4 workers of 4 for evacuation
[1156.582s][debug][gc,ref       ] GC(1218) Skipped phase1 of Reference Processing due to unavailable references
